OpenJDK 64-Bit Server VM (25.111-b14) for linux-amd64 JRE (1.8.0_111-8u111-b14-2ubuntu0.16.10.2-b14), built on Oct 27 2016 14:16:18 by "buildd" with gcc 6.2.0 20161005
Memory: 4k page, physical 1015660k(396144k free), swap 1046524k(1016588k free)
CommandLine flags: -XX:+DisableExplicitGC -XX:InitialHeapSize=1073741824 -XX:InitiatingHeapOccupancyPercent=35 -XX:+ManagementServer -XX:MaxGCPauseMillis=20 -XX:MaxHeapSize=1073741824 -XX:+PrintGC -XX:+PrintGCDateStamps -XX:+PrintGCDetails -XX:+PrintGCTimeStamps -XX:+UseCompressedClassPointers -XX:+UseCompressedOops -XX:+UseG1GC 
2016-12-19T19:27:48.197+0100: 2.151: [GC pause (G1 Evacuation Pause) (young), 0.0140497 secs]
   [Parallel Time: 10.5 ms, GC Workers: 1]
      [GC Worker Start (ms):  2151.1]
      [Ext Root Scanning (ms):  2.4]
      [Update RS (ms):  0.0]
         [Processed Buffers:  0]
      [Scan RS (ms):  0.0]
      [Code Root Scanning (ms):  0.3]
      [Object Copy (ms):  7.7]
      [Termination (ms):  0.0]
         [Termination Attempts:  1]
      [GC Worker Other (ms):  0.0]
      [GC Worker Total (ms):  10.4]
      [GC Worker End (ms):  2161.5]
   [Code Root Fixup: 0.2 ms]
   [Code Root Purge: 0.0 ms]
   [Clear CT: 0.1 ms]
   [Other: 3.3 ms]
      [Choose CSet: 0.0 ms]
      [Ref Proc: 2.9 ms]
      [Ref Enq: 0.0 ms]
      [Redirty Cards: 0.0 ms]
      [Humongous Register: 0.1 ms]
      [Humongous Reclaim: 0.0 ms]
      [Free CSet: 0.1 ms]
   [Eden: 51.0M(51.0M)->0.0B(44.0M) Survivors: 0.0B->7168.0K Heap: 51.0M(1024.0M)->7888.0K(1024.0M)]
 [Times: user=0.01 sys=0.00, real=0.02 secs] 
2016-12-19T19:27:49.417+0100: 3.371: [GC pause (G1 Evacuation Pause) (young), 0.0115231 secs]
   [Parallel Time: 9.5 ms, GC Workers: 1]
      [GC Worker Start (ms):  3371.4]
      [Ext Root Scanning (ms):  1.8]
      [Update RS (ms):  0.1]
         [Processed Buffers:  1]
      [Scan RS (ms):  0.0]
      [Code Root Scanning (ms):  1.1]
      [Object Copy (ms):  6.4]
      [Termination (ms):  0.0]
         [Termination Attempts:  1]
      [GC Worker Other (ms):  0.0]
      [GC Worker Total (ms):  9.4]
      [GC Worker End (ms):  3380.9]
   [Code Root Fixup: 0.4 ms]
   [Code Root Purge: 0.0 ms]
   [Clear CT: 0.1 ms]
   [Other: 1.6 ms]
      [Choose CSet: 0.0 ms]
      [Ref Proc: 1.1 ms]
      [Ref Enq: 0.0 ms]
      [Redirty Cards: 0.0 ms]
      [Humongous Register: 0.1 ms]
      [Humongous Reclaim: 0.0 ms]
      [Free CSet: 0.1 ms]
   [Eden: 44.0M(44.0M)->0.0B(44.0M) Survivors: 7168.0K->7168.0K Heap: 179.7M(1024.0M)->135.2M(1024.0M)]
 [Times: user=0.01 sys=0.00, real=0.01 secs] 
2016-12-19T19:27:50.020+0100: 3.974: [GC pause (Metadata GC Threshold) (young) (initial-mark), 0.0132504 secs]
   [Parallel Time: 11.5 ms, GC Workers: 1]
      [GC Worker Start (ms):  3973.9]
      [Ext Root Scanning (ms):  2.8]
      [Update RS (ms):  0.1]
         [Processed Buffers:  1]
      [Scan RS (ms):  0.0]
      [Code Root Scanning (ms):  1.2]
      [Object Copy (ms):  7.3]
      [Termination (ms):  0.0]
         [Termination Attempts:  1]
      [GC Worker Other (ms):  0.0]
      [GC Worker Total (ms):  11.5]
      [GC Worker End (ms):  3985.3]
   [Code Root Fixup: 0.4 ms]
   [Code Root Purge: 0.1 ms]
   [Clear CT: 0.0 ms]
   [Other: 1.2 ms]
      [Choose CSet: 0.0 ms]
      [Ref Proc: 0.5 ms]
      [Ref Enq: 0.0 ms]
      [Redirty Cards: 0.0 ms]
      [Humongous Register: 0.0 ms]
      [Humongous Reclaim: 0.1 ms]
      [Free CSet: 0.1 ms]
   [Eden: 20.0M(44.0M)->0.0B(47.0M) Survivors: 7168.0K->4096.0K Heap: 154.5M(1024.0M)->135.2M(1024.0M)]
 [Times: user=0.02 sys=0.00, real=0.01 secs] 
2016-12-19T19:27:50.033+0100: 3.987: [GC concurrent-root-region-scan-start]
2016-12-19T19:27:50.047+0100: 4.001: [GC concurrent-root-region-scan-end, 0.0143691 secs]
2016-12-19T19:27:50.047+0100: 4.001: [GC concurrent-mark-start]
2016-12-19T19:27:50.066+0100: 4.020: [GC concurrent-mark-end, 0.0187933 secs]
2016-12-19T19:27:50.067+0100: 4.021: [GC remark 2016-12-19T19:27:50.067+0100: 4.021: [Finalize Marking, 0.0000933 secs] 2016-12-19T19:27:50.067+0100: 4.021: [GC ref-proc, 0.0000553 secs] 2016-12-19T19:27:50.067+0100: 4.021: [Unloading, 0.0088798 secs], 0.0105029 secs]
 [Times: user=0.01 sys=0.00, real=0.01 secs] 
2016-12-19T19:27:50.083+0100: 4.037: [GC cleanup 137M->137M(1024M), 0.0013012 secs]
 [Times: user=0.00 sys=0.00, real=0.00 secs] 
2016-12-19T19:27:50.596+0100: 4.551: [GC pause (G1 Evacuation Pause) (young), 0.0054381 secs]
   [Parallel Time: 5.0 ms, GC Workers: 1]
      [GC Worker Start (ms):  4550.6]
      [Ext Root Scanning (ms):  1.1]
      [Update RS (ms):  0.1]
         [Processed Buffers:  6]
      [Scan RS (ms):  0.5]
      [Code Root Scanning (ms):  0.3]
      [Object Copy (ms):  2.9]
      [Termination (ms):  0.0]
         [Termination Attempts:  1]
      [GC Worker Other (ms):  0.0]
      [GC Worker Total (ms):  4.9]
      [GC Worker End (ms):  4555.6]
   [Code Root Fixup: 0.1 ms]
   [Code Root Purge: 0.0 ms]
   [Clear CT: 0.0 ms]
   [Other: 0.4 ms]
      [Choose CSet: 0.0 ms]
      [Ref Proc: 0.1 ms]
      [Ref Enq: 0.0 ms]
      [Redirty Cards: 0.0 ms]
      [Humongous Register: 0.1 ms]
      [Humongous Reclaim: 0.0 ms]
      [Free CSet: 0.0 ms]
   [Eden: 47.0M(47.0M)->0.0B(47.0M) Survivors: 4096.0K->4096.0K Heap: 182.2M(1024.0M)->134.7M(1024.0M)]
 [Times: user=0.01 sys=0.00, real=0.01 secs] 
2016-12-19T19:27:51.687+0100: 5.641: [GC pause (G1 Evacuation Pause) (young), 0.0064214 secs]
   [Parallel Time: 5.5 ms, GC Workers: 1]
      [GC Worker Start (ms):  5640.8]
      [Ext Root Scanning (ms):  1.3]
      [Update RS (ms):  0.6]
         [Processed Buffers:  13]
      [Scan RS (ms):  0.0]
      [Code Root Scanning (ms):  0.4]
      [Object Copy (ms):  3.2]
      [Termination (ms):  0.0]
         [Termination Attempts:  1]
      [GC Worker Other (ms):  0.0]
      [GC Worker Total (ms):  5.5]
      [GC Worker End (ms):  5646.3]
   [Code Root Fixup: 0.1 ms]
   [Code Root Purge: 0.0 ms]
   [Clear CT: 0.0 ms]
   [Other: 0.7 ms]
      [Choose CSet: 0.0 ms]
      [Ref Proc: 0.4 ms]
      [Ref Enq: 0.0 ms]
      [Redirty Cards: 0.0 ms]
      [Humongous Register: 0.1 ms]
      [Humongous Reclaim: 0.0 ms]
      [Free CSet: 0.0 ms]
   [Eden: 47.0M(47.0M)->0.0B(47.0M) Survivors: 4096.0K->4096.0K Heap: 186.4M(1024.0M)->137.2M(1024.0M)]
 [Times: user=0.00 sys=0.00, real=0.01 secs] 
2016-12-19T19:27:52.198+0100: 6.152: [GC pause (G1 Evacuation Pause) (young), 0.0093941 secs]
   [Parallel Time: 8.6 ms, GC Workers: 1]
      [GC Worker Start (ms):  6151.9]
      [Ext Root Scanning (ms):  2.8]
      [Update RS (ms):  0.5]
         [Processed Buffers:  8]
      [Scan RS (ms):  0.0]
      [Code Root Scanning (ms):  0.5]
      [Object Copy (ms):  4.6]
      [Termination (ms):  0.0]
         [Termination Attempts:  1]
      [GC Worker Other (ms):  0.0]
      [GC Worker Total (ms):  8.5]
      [GC Worker End (ms):  6160.3]
   [Code Root Fixup: 0.1 ms]
   [Code Root Purge: 0.0 ms]
   [Clear CT: 0.0 ms]
   [Other: 0.7 ms]
      [Choose CSet: 0.0 ms]
      [Ref Proc: 0.1 ms]
      [Ref Enq: 0.0 ms]
      [Redirty Cards: 0.0 ms]
      [Humongous Register: 0.1 ms]
      [Humongous Reclaim: 0.0 ms]
      [Free CSet: 0.0 ms]
   [Eden: 47.0M(47.0M)->0.0B(47.0M) Survivors: 4096.0K->4096.0K Heap: 189.9M(1024.0M)->136.6M(1024.0M)]
 [Times: user=0.00 sys=0.00, real=0.01 secs] 
2016-12-19T19:27:52.486+0100: 6.441: [GC pause (G1 Evacuation Pause) (young), 0.0119722 secs]
   [Parallel Time: 11.3 ms, GC Workers: 1]
      [GC Worker Start (ms):  6440.6]
      [Ext Root Scanning (ms):  5.7]
      [Update RS (ms):  0.5]
         [Processed Buffers:  4]
      [Scan RS (ms):  0.0]
      [Code Root Scanning (ms):  0.5]
      [Object Copy (ms):  4.5]
      [Termination (ms):  0.0]
         [Termination Attempts:  1]
      [GC Worker Other (ms):  0.0]
      [GC Worker Total (ms):  11.3]
      [GC Worker End (ms):  6452.0]
   [Code Root Fixup: 0.1 ms]
   [Code Root Purge: 0.0 ms]
   [Clear CT: 0.0 ms]
   [Other: 0.5 ms]
      [Choose CSet: 0.0 ms]
      [Ref Proc: 0.0 ms]
      [Ref Enq: 0.0 ms]
      [Redirty Cards: 0.0 ms]
      [Humongous Register: 0.1 ms]
      [Humongous Reclaim: 0.0 ms]
      [Free CSet: 0.0 ms]
   [Eden: 47.0M(47.0M)->0.0B(48.0M) Survivors: 4096.0K->3072.0K Heap: 188.4M(1024.0M)->134.9M(1024.0M)]
 [Times: user=0.01 sys=0.00, real=0.02 secs] 
2016-12-19T19:28:10.079+0100: 24.034: [GC pause (G1 Evacuation Pause) (young), 0.0069015 secs]
   [Parallel Time: 6.3 ms, GC Workers: 1]
      [GC Worker Start (ms):  24033.7]
      [Ext Root Scanning (ms):  1.1]
      [Update RS (ms):  0.7]
         [Processed Buffers:  9]
      [Scan RS (ms):  0.0]
      [Code Root Scanning (ms):  0.6]
      [Object Copy (ms):  3.8]
      [Termination (ms):  0.0]
         [Termination Attempts:  1]
      [GC Worker Other (ms):  0.0]
      [GC Worker Total (ms):  6.2]
      [GC Worker End (ms):  24039.9]
   [Code Root Fixup: 0.2 ms]
   [Code Root Purge: 0.0 ms]
   [Clear CT: 0.0 ms]
   [Other: 0.4 ms]
      [Choose CSet: 0.0 ms]
      [Ref Proc: 0.1 ms]
      [Ref Enq: 0.0 ms]
      [Redirty Cards: 0.0 ms]
      [Humongous Register: 0.1 ms]
      [Humongous Reclaim: 0.0 ms]
      [Free CSet: 0.0 ms]
   [Eden: 48.0M(48.0M)->0.0B(47.0M) Survivors: 3072.0K->4096.0K Heap: 186.9M(1024.0M)->134.7M(1024.0M)]
 [Times: user=0.01 sys=0.00, real=0.00 secs] 
2016-12-19T19:29:16.124+0100: 90.079: [GC pause (G1 Evacuation Pause) (young), 0.0281381 secs]
   [Parallel Time: 26.3 ms, GC Workers: 1]
      [GC Worker Start (ms):  90079.0]
      [Ext Root Scanning (ms):  3.8]
      [Update RS (ms):  1.4]
         [Processed Buffers:  11]
      [Scan RS (ms):  0.1]
      [Code Root Scanning (ms):  14.2]
      [Object Copy (ms):  6.8]
      [Termination (ms):  0.0]
         [Termination Attempts:  1]
      [GC Worker Other (ms):  0.0]
      [GC Worker Total (ms):  26.3]
      [GC Worker End (ms):  90105.3]
   [Code Root Fixup: 0.2 ms]
   [Code Root Purge: 0.0 ms]
   [Clear CT: 0.0 ms]
   [Other: 1.6 ms]
      [Choose CSet: 0.0 ms]
      [Ref Proc: 0.1 ms]
      [Ref Enq: 0.0 ms]
      [Redirty Cards: 0.0 ms]
      [Humongous Register: 0.3 ms]
      [Humongous Reclaim: 0.1 ms]
      [Free CSet: 0.6 ms]
   [Eden: 47.0M(47.0M)->0.0B(47.0M) Survivors: 4096.0K->4096.0K Heap: 181.7M(1024.0M)->134.7M(1024.0M)]
 [Times: user=0.01 sys=0.00, real=0.03 secs] 
2016-12-19T19:30:25.980+0100: 159.934: [GC pause (G1 Evacuation Pause) (young), 0.0059368 secs]
   [Parallel Time: 5.3 ms, GC Workers: 1]
      [GC Worker Start (ms):  159934.1]
      [Ext Root Scanning (ms):  1.1]
      [Update RS (ms):  0.4]
         [Processed Buffers:  7]
      [Scan RS (ms):  0.0]
      [Code Root Scanning (ms):  0.6]
      [Object Copy (ms):  3.2]
      [Termination (ms):  0.0]
         [Termination Attempts:  1]
      [GC Worker Other (ms):  0.0]
      [GC Worker Total (ms):  5.3]
      [GC Worker End (ms):  159939.4]
   [Code Root Fixup: 0.2 ms]
   [Code Root Purge: 0.0 ms]
   [Clear CT: 0.0 ms]
   [Other: 0.4 ms]
      [Choose CSet: 0.0 ms]
      [Ref Proc: 0.1 ms]
      [Ref Enq: 0.0 ms]
      [Redirty Cards: 0.0 ms]
      [Humongous Register: 0.1 ms]
      [Humongous Reclaim: 0.0 ms]
      [Free CSet: 0.0 ms]
   [Eden: 47.0M(47.0M)->0.0B(47.0M) Survivors: 4096.0K->4096.0K Heap: 181.7M(1024.0M)->134.7M(1024.0M)]
 [Times: user=0.00 sys=0.00, real=0.00 secs] 
2016-12-19T19:31:36.305+0100: 230.259: [GC pause (G1 Evacuation Pause) (young), 0.0069726 secs]
   [Parallel Time: 6.1 ms, GC Workers: 1]
      [GC Worker Start (ms):  230259.6]
      [Ext Root Scanning (ms):  1.5]
      [Update RS (ms):  0.5]
         [Processed Buffers:  5]
      [Scan RS (ms):  0.0]
      [Code Root Scanning (ms):  0.6]
      [Object Copy (ms):  3.5]
      [Termination (ms):  0.0]
         [Termination Attempts:  1]
      [GC Worker Other (ms):  0.0]
      [GC Worker Total (ms):  6.1]
      [GC Worker End (ms):  230265.7]
   [Code Root Fixup: 0.2 ms]
   [Code Root Purge: 0.0 ms]
   [Clear CT: 0.0 ms]
   [Other: 0.6 ms]
      [Choose CSet: 0.0 ms]
      [Ref Proc: 0.1 ms]
      [Ref Enq: 0.0 ms]
      [Redirty Cards: 0.0 ms]
      [Humongous Register: 0.1 ms]
      [Humongous Reclaim: 0.1 ms]
      [Free CSet: 0.1 ms]
   [Eden: 47.0M(47.0M)->0.0B(47.0M) Survivors: 4096.0K->4096.0K Heap: 181.7M(1024.0M)->134.7M(1024.0M)]
 [Times: user=0.01 sys=0.00, real=0.01 secs] 
2016-12-19T19:32:01.679+0100: 255.633: [GC pause (G1 Evacuation Pause) (young), 0.0303357 secs]
   [Parallel Time: 26.5 ms, GC Workers: 1]
      [GC Worker Start (ms):  255633.1]
      [Ext Root Scanning (ms):  3.1]
      [Update RS (ms):  0.9]
         [Processed Buffers:  17]
      [Scan RS (ms):  0.1]
      [Code Root Scanning (ms):  1.7]
      [Object Copy (ms):  20.5]
      [Termination (ms):  0.0]
         [Termination Attempts:  1]
      [GC Worker Other (ms):  0.1]
      [GC Worker Total (ms):  26.4]
      [GC Worker End (ms):  255659.5]
   [Code Root Fixup: 0.5 ms]
   [Code Root Purge: 0.0 ms]
   [Clear CT: 0.2 ms]
   [Other: 3.2 ms]
      [Choose CSet: 0.0 ms]
      [Ref Proc: 1.1 ms]
      [Ref Enq: 0.0 ms]
      [Redirty Cards: 0.0 ms]
      [Humongous Register: 0.1 ms]
      [Humongous Reclaim: 1.2 ms]
      [Free CSet: 0.1 ms]
   [Eden: 47.0M(47.0M)->0.0B(46.0M) Survivors: 4096.0K->5120.0K Heap: 266.7M(1024.0M)->136.2M(1024.0M)]
 [Times: user=0.03 sys=0.00, real=0.02 secs] 
2016-12-19T19:32:26.367+0100: 280.321: [GC pause (G1 Evacuation Pause) (young), 0.0149407 secs]
   [Parallel Time: 13.8 ms, GC Workers: 1]
      [GC Worker Start (ms):  280321.5]
      [Ext Root Scanning (ms):  3.7]
      [Update RS (ms):  0.8]
         [Processed Buffers:  9]
      [Scan RS (ms):  0.0]
      [Code Root Scanning (ms):  1.0]
      [Object Copy (ms):  8.1]
      [Termination (ms):  0.0]
         [Termination Attempts:  1]
      [GC Worker Other (ms):  0.2]
      [GC Worker Total (ms):  13.8]
      [GC Worker End (ms):  280335.2]
   [Code Root Fixup: 0.4 ms]
   [Code Root Purge: 0.0 ms]
   [Clear CT: 0.0 ms]
   [Other: 0.7 ms]
      [Choose CSet: 0.0 ms]
      [Ref Proc: 0.0 ms]
      [Ref Enq: 0.0 ms]
      [Redirty Cards: 0.0 ms]
      [Humongous Register: 0.2 ms]
      [Humongous Reclaim: 0.1 ms]
      [Free CSet: 0.1 ms]
   [Eden: 46.0M(46.0M)->0.0B(46.0M) Survivors: 5120.0K->5120.0K Heap: 182.2M(1024.0M)->136.2M(1024.0M)]
 [Times: user=0.01 sys=0.00, real=0.02 secs] 
2016-12-19T19:32:51.497+0100: 305.452: [GC pause (G1 Evacuation Pause) (young), 0.0138073 secs]
   [Parallel Time: 13.0 ms, GC Workers: 1]
      [GC Worker Start (ms):  305451.7]
      [Ext Root Scanning (ms):  1.9]
      [Update RS (ms):  0.6]
         [Processed Buffers:  8]
      [Scan RS (ms):  0.0]
      [Code Root Scanning (ms):  1.3]
      [Object Copy (ms):  9.1]
      [Termination (ms):  0.0]
         [Termination Attempts:  1]
      [GC Worker Other (ms):  0.0]
      [GC Worker Total (ms):  12.9]
      [GC Worker End (ms):  305464.6]
   [Code Root Fixup: 0.3 ms]
   [Code Root Purge: 0.0 ms]
   [Clear CT: 0.0 ms]
   [Other: 0.5 ms]
      [Choose CSet: 0.0 ms]
      [Ref Proc: 0.1 ms]
      [Ref Enq: 0.0 ms]
      [Redirty Cards: 0.0 ms]
      [Humongous Register: 0.1 ms]
      [Humongous Reclaim: 0.0 ms]
      [Free CSet: 0.1 ms]
   [Eden: 46.0M(46.0M)->0.0B(47.0M) Survivors: 5120.0K->4096.0K Heap: 182.2M(1024.0M)->136.1M(1024.0M)]
 [Times: user=0.02 sys=0.00, real=0.02 secs] 
2016-12-19T19:33:16.680+0100: 330.634: [GC pause (G1 Evacuation Pause) (young), 0.0171168 secs]
   [Parallel Time: 16.3 ms, GC Workers: 1]
      [GC Worker Start (ms):  330634.0]
      [Ext Root Scanning (ms):  1.2]
      [Update RS (ms):  1.7]
         [Processed Buffers:  17]
      [Scan RS (ms):  0.0]
      [Code Root Scanning (ms):  1.1]
      [Object Copy (ms):  12.2]
      [Termination (ms):  0.0]
         [Termination Attempts:  1]
      [GC Worker Other (ms):  0.0]
      [GC Worker Total (ms):  16.3]
      [GC Worker End (ms):  330650.3]
   [Code Root Fixup: 0.2 ms]
   [Code Root Purge: 0.0 ms]
   [Clear CT: 0.0 ms]
   [Other: 0.5 ms]
      [Choose CSet: 0.0 ms]
      [Ref Proc: 0.0 ms]
      [Ref Enq: 0.0 ms]
      [Redirty Cards: 0.0 ms]
      [Humongous Register: 0.1 ms]
      [Humongous Reclaim: 0.0 ms]
      [Free CSet: 0.0 ms]
   [Eden: 47.0M(47.0M)->0.0B(46.0M) Survivors: 4096.0K->5120.0K Heap: 183.1M(1024.0M)->137.1M(1024.0M)]
 [Times: user=0.02 sys=0.00, real=0.01 secs] 
2016-12-19T19:33:42.135+0100: 356.089: [GC pause (G1 Evacuation Pause) (young), 0.0107076 secs]
   [Parallel Time: 10.0 ms, GC Workers: 1]
      [GC Worker Start (ms):  356088.7]
      [Ext Root Scanning (ms):  1.3]
      [Update RS (ms):  1.0]
         [Processed Buffers:  20]
      [Scan RS (ms):  0.0]
      [Code Root Scanning (ms):  0.8]
      [Object Copy (ms):  6.8]
      [Termination (ms):  0.0]
         [Termination Attempts:  1]
      [GC Worker Other (ms):  0.0]
      [GC Worker Total (ms):  10.0]
      [GC Worker End (ms):  356098.7]
   [Code Root Fixup: 0.3 ms]
   [Code Root Purge: 0.0 ms]
   [Clear CT: 0.0 ms]
   [Other: 0.4 ms]
      [Choose CSet: 0.0 ms]
      [Ref Proc: 0.0 ms]
      [Ref Enq: 0.0 ms]
      [Redirty Cards: 0.0 ms]
      [Humongous Register: 0.1 ms]
      [Humongous Reclaim: 0.0 ms]
      [Free CSet: 0.0 ms]
   [Eden: 46.0M(46.0M)->0.0B(48.0M) Survivors: 5120.0K->3072.0K Heap: 183.1M(1024.0M)->136.4M(1024.0M)]
 [Times: user=0.01 sys=0.00, real=0.01 secs] 
2016-12-19T19:34:08.648+0100: 382.602: [GC pause (G1 Evacuation Pause) (young), 0.0259612 secs]
   [Parallel Time: 23.0 ms, GC Workers: 1]
      [GC Worker Start (ms):  382604.2]
      [Ext Root Scanning (ms):  1.7]
      [Update RS (ms):  4.5]
         [Processed Buffers:  22]
      [Scan RS (ms):  0.0]
      [Code Root Scanning (ms):  2.8]
      [Object Copy (ms):  13.9]
      [Termination (ms):  0.0]
         [Termination Attempts:  1]
      [GC Worker Other (ms):  0.0]
      [GC Worker Total (ms):  22.9]
      [GC Worker End (ms):  382627.1]
   [Code Root Fixup: 0.2 ms]
   [Code Root Purge: 0.0 ms]
   [Clear CT: 0.0 ms]
   [Other: 2.8 ms]
      [Choose CSet: 0.0 ms]
      [Ref Proc: 0.0 ms]
      [Ref Enq: 0.0 ms]
      [Redirty Cards: 0.0 ms]
      [Humongous Register: 2.2 ms]
      [Humongous Reclaim: 0.1 ms]
      [Free CSet: 0.0 ms]
   [Eden: 48.0M(48.0M)->0.0B(47.0M) Survivors: 3072.0K->4096.0K Heap: 184.4M(1024.0M)->137.4M(1024.0M)]
 [Times: user=0.03 sys=0.00, real=0.03 secs] 
2016-12-19T20:51:27.369+0100: 391.715: [GC pause (G1 Evacuation Pause) (young), 0.0331870 secs]
   [Parallel Time: 32.1 ms, GC Workers: 1]
      [GC Worker Start (ms):  391714.9]
      [Ext Root Scanning (ms):  6.8]
      [Update RS (ms):  6.0]
         [Processed Buffers:  26]
      [Scan RS (ms):  0.1]
      [Code Root Scanning (ms):  1.3]
      [Object Copy (ms):  10.7]
      [Termination (ms):  0.0]
         [Termination Attempts:  1]
      [GC Worker Other (ms):  0.0]
      [GC Worker Total (ms):  24.9]
      [GC Worker End (ms):  391739.8]
   [Code Root Fixup: 0.2 ms]
   [Code Root Purge: 0.0 ms]
   [Clear CT: 0.0 ms]
   [Other: 0.8 ms]
      [Choose CSet: 0.0 ms]
      [Ref Proc: 0.2 ms]
      [Ref Enq: 0.0 ms]
      [Redirty Cards: 0.0 ms]
      [Humongous Register: 0.2 ms]
      [Humongous Reclaim: 0.0 ms]
      [Free CSet: 0.0 ms]
   [Eden: 47.0M(47.0M)->0.0B(47.0M) Survivors: 4096.0K->4096.0K Heap: 184.4M(1024.0M)->136.9M(1024.0M)]
 [Times: user=0.02 sys=0.00, real=0.03 secs] 
2016-12-19T20:51:35.056+0100: 399.401: [GC pause (G1 Evacuation Pause) (young), 0.0352080 secs]
   [Parallel Time: 34.5 ms, GC Workers: 1]
      [GC Worker Start (ms):  399403.9]
      [Ext Root Scanning (ms):  2.8]
      [Update RS (ms):  7.4]
         [Processed Buffers:  23]
      [Scan RS (ms):  0.0]
      [Code Root Scanning (ms):  0.7]
      [Object Copy (ms):  18.6]
      [Termination (ms):  0.0]
         [Termination Attempts:  1]
      [GC Worker Other (ms):  0.0]
      [GC Worker Total (ms):  29.6]
      [GC Worker End (ms):  399433.5]
   [Code Root Fixup: 0.2 ms]
   [Code Root Purge: 0.0 ms]
   [Clear CT: 0.0 ms]
   [Other: 0.5 ms]
      [Choose CSet: 0.0 ms]
      [Ref Proc: 0.0 ms]
      [Ref Enq: 0.0 ms]
      [Redirty Cards: 0.0 ms]
      [Humongous Register: 0.1 ms]
      [Humongous Reclaim: 0.0 ms]
      [Free CSet: 0.0 ms]
   [Eden: 47.0M(47.0M)->0.0B(47.0M) Survivors: 4096.0K->4096.0K Heap: 183.9M(1024.0M)->137.0M(1024.0M)]
 [Times: user=0.01 sys=0.00, real=0.04 secs] 
2016-12-19T20:51:41.125+0100: 405.470: [GC pause (G1 Evacuation Pause) (young), 0.0307231 secs]
   [Parallel Time: 29.8 ms, GC Workers: 1]
      [GC Worker Start (ms):  405470.7]
      [Ext Root Scanning (ms):  4.5]
      [Update RS (ms):  4.8]
         [Processed Buffers:  22]
      [Scan RS (ms):  0.0]
      [Code Root Scanning (ms):  2.4]
      [Object Copy (ms):  18.0]
      [Termination (ms):  0.0]
         [Termination Attempts:  1]
      [GC Worker Other (ms):  0.0]
      [GC Worker Total (ms):  29.8]
      [GC Worker End (ms):  405500.5]
   [Code Root Fixup: 0.2 ms]
   [Code Root Purge: 0.0 ms]
   [Clear CT: 0.0 ms]
   [Other: 0.6 ms]
      [Choose CSet: 0.0 ms]
      [Ref Proc: 0.1 ms]
      [Ref Enq: 0.0 ms]
      [Redirty Cards: 0.0 ms]
      [Humongous Register: 0.1 ms]
      [Humongous Reclaim: 0.0 ms]
      [Free CSet: 0.0 ms]
   [Eden: 47.0M(47.0M)->0.0B(47.0M) Survivors: 4096.0K->4096.0K Heap: 184.0M(1024.0M)->137.7M(1024.0M)]
 [Times: user=0.02 sys=0.00, real=0.03 secs] 
2016-12-19T20:51:49.183+0100: 413.529: [GC pause (G1 Evacuation Pause) (young), 0.0204118 secs]
   [Parallel Time: 17.5 ms, GC Workers: 1]
      [GC Worker Start (ms):  413528.7]
      [Ext Root Scanning (ms):  1.6]
      [Update RS (ms):  1.5]
         [Processed Buffers:  22]
      [Scan RS (ms):  0.0]
      [Code Root Scanning (ms):  4.7]
      [Object Copy (ms):  9.7]
      [Termination (ms):  0.0]
         [Termination Attempts:  1]
      [GC Worker Other (ms):  0.0]
      [GC Worker Total (ms):  17.5]
      [GC Worker End (ms):  413546.2]
   [Code Root Fixup: 0.2 ms]
   [Code Root Purge: 0.0 ms]
   [Clear CT: 0.0 ms]
   [Other: 2.7 ms]
      [Choose CSet: 0.0 ms]
      [Ref Proc: 2.2 ms]
      [Ref Enq: 0.0 ms]
      [Redirty Cards: 0.0 ms]
      [Humongous Register: 0.1 ms]
      [Humongous Reclaim: 0.0 ms]
      [Free CSet: 0.0 ms]
   [Eden: 47.0M(47.0M)->0.0B(48.0M) Survivors: 4096.0K->3072.0K Heap: 184.7M(1024.0M)->136.9M(1024.0M)]
 [Times: user=0.01 sys=0.00, real=0.02 secs] 
2016-12-19T20:51:57.343+0100: 421.688: [GC pause (G1 Evacuation Pause) (young), 0.0596903 secs]
   [Parallel Time: 58.7 ms, GC Workers: 1]
      [GC Worker Start (ms):  421688.3]
      [Ext Root Scanning (ms):  1.4]
      [Update RS (ms):  1.5]
         [Processed Buffers:  23]
      [Scan RS (ms):  0.0]
      [Code Root Scanning (ms):  0.5]
      [Object Copy (ms):  44.6]
      [Termination (ms):  0.0]
         [Termination Attempts:  1]
      [GC Worker Other (ms):  0.0]
      [GC Worker Total (ms):  48.0]
      [GC Worker End (ms):  421736.3]
   [Code Root Fixup: 0.2 ms]
   [Code Root Purge: 0.0 ms]
   [Clear CT: 0.0 ms]
   [Other: 0.7 ms]
      [Choose CSet: 0.0 ms]
      [Ref Proc: 0.1 ms]
      [Ref Enq: 0.0 ms]
      [Redirty Cards: 0.0 ms]
      [Humongous Register: 0.2 ms]
      [Humongous Reclaim: 0.1 ms]
      [Free CSet: 0.1 ms]
   [Eden: 48.0M(48.0M)->0.0B(47.0M) Survivors: 3072.0K->4096.0K Heap: 184.9M(1024.0M)->137.5M(1024.0M)]
 [Times: user=0.02 sys=0.00, real=0.06 secs] 
2016-12-19T20:52:20.246+0100: 444.592: [GC pause (G1 Evacuation Pause) (young), 0.0111461 secs]
   [Parallel Time: 10.6 ms, GC Workers: 1]
      [GC Worker Start (ms):  444591.7]
      [Ext Root Scanning (ms):  1.1]
      [Update RS (ms):  1.1]
         [Processed Buffers:  27]
      [Scan RS (ms):  0.0]
      [Code Root Scanning (ms):  1.1]
      [Object Copy (ms):  7.2]
      [Termination (ms):  0.0]
         [Termination Attempts:  1]
      [GC Worker Other (ms):  0.0]
      [GC Worker Total (ms):  10.6]
      [GC Worker End (ms):  444602.3]
   [Code Root Fixup: 0.1 ms]
   [Code Root Purge: 0.0 ms]
   [Clear CT: 0.0 ms]
   [Other: 0.4 ms]
      [Choose CSet: 0.0 ms]
      [Ref Proc: 0.0 ms]
      [Ref Enq: 0.0 ms]
      [Redirty Cards: 0.0 ms]
      [Humongous Register: 0.1 ms]
      [Humongous Reclaim: 0.0 ms]
      [Free CSet: 0.0 ms]
   [Eden: 47.0M(47.0M)->0.0B(47.0M) Survivors: 4096.0K->4096.0K Heap: 184.5M(1024.0M)->138.0M(1024.0M)]
 [Times: user=0.01 sys=0.00, real=0.01 secs] 
2016-12-19T20:52:44.288+0100: 468.633: [GC pause (G1 Evacuation Pause) (young), 0.0107487 secs]
   [Parallel Time: 10.1 ms, GC Workers: 1]
      [GC Worker Start (ms):  468633.2]
      [Ext Root Scanning (ms):  1.5]
      [Update RS (ms):  1.9]
         [Processed Buffers:  28]
      [Scan RS (ms):  0.0]
      [Code Root Scanning (ms):  0.4]
      [Object Copy (ms):  6.2]
      [Termination (ms):  0.0]
         [Termination Attempts:  1]
      [GC Worker Other (ms):  0.0]
      [GC Worker Total (ms):  10.1]
      [GC Worker End (ms):  468643.3]
   [Code Root Fixup: 0.1 ms]
   [Code Root Purge: 0.0 ms]
   [Clear CT: 0.1 ms]
   [Other: 0.4 ms]
      [Choose CSet: 0.0 ms]
      [Ref Proc: 0.0 ms]
      [Ref Enq: 0.0 ms]
      [Redirty Cards: 0.0 ms]
      [Humongous Register: 0.1 ms]
      [Humongous Reclaim: 0.0 ms]
      [Free CSet: 0.0 ms]
   [Eden: 47.0M(47.0M)->0.0B(47.0M) Survivors: 4096.0K->4096.0K Heap: 185.0M(1024.0M)->137.5M(1024.0M)]
 [Times: user=0.01 sys=0.00, real=0.00 secs] 
2016-12-19T20:53:09.131+0100: 493.476: [GC pause (G1 Evacuation Pause) (young), 0.0133777 secs]
   [Parallel Time: 12.6 ms, GC Workers: 1]
      [GC Worker Start (ms):  493476.3]
      [Ext Root Scanning (ms):  2.0]
      [Update RS (ms):  1.7]
         [Processed Buffers:  28]
      [Scan RS (ms):  0.0]
      [Code Root Scanning (ms):  0.6]
      [Object Copy (ms):  8.2]
      [Termination (ms):  0.0]
         [Termination Attempts:  1]
      [GC Worker Other (ms):  0.0]
      [GC Worker Total (ms):  12.6]
      [GC Worker End (ms):  493488.9]
   [Code Root Fixup: 0.2 ms]
   [Code Root Purge: 0.0 ms]
   [Clear CT: 0.0 ms]
   [Other: 0.5 ms]
      [Choose CSet: 0.0 ms]
      [Ref Proc: 0.1 ms]
      [Ref Enq: 0.0 ms]
      [Redirty Cards: 0.0 ms]
      [Humongous Register: 0.1 ms]
      [Humongous Reclaim: 0.1 ms]
      [Free CSet: 0.1 ms]
   [Eden: 47.0M(47.0M)->0.0B(47.0M) Survivors: 4096.0K->4096.0K Heap: 184.5M(1024.0M)->138.1M(1024.0M)]
 [Times: user=0.01 sys=0.00, real=0.01 secs] 
2016-12-19T20:53:34.783+0100: 519.129: [GC pause (G1 Evacuation Pause) (young), 0.0120145 secs]
   [Parallel Time: 11.3 ms, GC Workers: 1]
      [GC Worker Start (ms):  519129.0]
      [Ext Root Scanning (ms):  1.6]
      [Update RS (ms):  1.0]
         [Processed Buffers:  27]
      [Scan RS (ms):  0.0]
      [Code Root Scanning (ms):  0.4]
      [Object Copy (ms):  8.2]
      [Termination (ms):  0.0]
         [Termination Attempts:  1]
      [GC Worker Other (ms):  0.0]
      [GC Worker Total (ms):  11.2]
      [GC Worker End (ms):  519140.3]
   [Code Root Fixup: 0.2 ms]
   [Code Root Purge: 0.0 ms]
   [Clear CT: 0.0 ms]
   [Other: 0.5 ms]
      [Choose CSet: 0.0 ms]
      [Ref Proc: 0.1 ms]
      [Ref Enq: 0.0 ms]
      [Redirty Cards: 0.0 ms]
      [Humongous Register: 0.1 ms]
      [Humongous Reclaim: 0.0 ms]
      [Free CSet: 0.0 ms]
   [Eden: 47.0M(47.0M)->0.0B(47.0M) Survivors: 4096.0K->4096.0K Heap: 185.1M(1024.0M)->138.1M(1024.0M)]
 [Times: user=0.01 sys=0.00, real=0.01 secs] 
2016-12-19T20:53:59.309+0100: 543.654: [GC pause (G1 Evacuation Pause) (young), 0.0250534 secs]
   [Parallel Time: 24.1 ms, GC Workers: 1]
      [GC Worker Start (ms):  543654.4]
      [Ext Root Scanning (ms):  9.2]
      [Update RS (ms):  3.7]
         [Processed Buffers:  29]
      [Scan RS (ms):  0.0]
      [Code Root Scanning (ms):  1.2]
      [Object Copy (ms):  9.9]
      [Termination (ms):  0.0]
         [Termination Attempts:  1]
      [GC Worker Other (ms):  0.0]
      [GC Worker Total (ms):  24.0]
      [GC Worker End (ms):  543678.4]
   [Code Root Fixup: 0.2 ms]
   [Code Root Purge: 0.0 ms]
   [Clear CT: 0.0 ms]
   [Other: 0.7 ms]
      [Choose CSet: 0.0 ms]
      [Ref Proc: 0.1 ms]
      [Ref Enq: 0.0 ms]
      [Redirty Cards: 0.0 ms]
      [Humongous Register: 0.1 ms]
      [Humongous Reclaim: 0.0 ms]
      [Free CSet: 0.1 ms]
   [Eden: 47.0M(47.0M)->0.0B(48.0M) Survivors: 4096.0K->3072.0K Heap: 185.1M(1024.0M)->137.4M(1024.0M)]
 [Times: user=0.02 sys=0.00, real=0.02 secs] 
2016-12-19T20:54:16.005+0100: 560.350: [GC pause (G1 Evacuation Pause) (young), 0.0245730 secs]
   [Parallel Time: 22.4 ms, GC Workers: 1]
      [GC Worker Start (ms):  560352.6]
      [Ext Root Scanning (ms):  6.3]
      [Update RS (ms):  2.5]
         [Processed Buffers:  28]
      [Scan RS (ms):  0.0]
      [Code Root Scanning (ms):  0.2]
      [Object Copy (ms):  11.3]
      [Termination (ms):  0.0]
         [Termination Attempts:  1]
      [GC Worker Other (ms):  0.0]
      [GC Worker Total (ms):  20.5]
      [GC Worker End (ms):  560373.0]
   [Code Root Fixup: 0.1 ms]
   [Code Root Purge: 0.0 ms]
   [Clear CT: 0.0 ms]
   [Other: 2.0 ms]
      [Choose CSet: 0.0 ms]
      [Ref Proc: 0.1 ms]
      [Ref Enq: 0.0 ms]
      [Redirty Cards: 0.0 ms]
      [Humongous Register: 0.2 ms]
      [Humongous Reclaim: 0.2 ms]
      [Free CSet: 0.9 ms]
   [Eden: 48.0M(48.0M)->0.0B(47.0M) Survivors: 3072.0K->4096.0K Heap: 185.4M(1024.0M)->138.1M(1024.0M)]
 [Times: user=0.02 sys=0.00, real=0.03 secs] 
2016-12-19T20:54:21.533+0100: 565.878: [GC pause (G1 Evacuation Pause) (young), 0.0204691 secs]
   [Parallel Time: 19.7 ms, GC Workers: 1]
      [GC Worker Start (ms):  565878.5]
      [Ext Root Scanning (ms):  1.6]
      [Update RS (ms):  6.1]
         [Processed Buffers:  27]
      [Scan RS (ms):  0.1]
      [Code Root Scanning (ms):  0.1]
      [Object Copy (ms):  9.0]
      [Termination (ms):  0.0]
         [Termination Attempts:  1]
      [GC Worker Other (ms):  0.0]
      [GC Worker Total (ms):  16.9]
      [GC Worker End (ms):  565895.4]
   [Code Root Fixup: 0.1 ms]
   [Code Root Purge: 0.0 ms]
   [Clear CT: 0.0 ms]
   [Other: 0.6 ms]
      [Choose CSet: 0.0 ms]
      [Ref Proc: 0.0 ms]
      [Ref Enq: 0.0 ms]
      [Redirty Cards: 0.0 ms]
      [Humongous Register: 0.1 ms]
      [Humongous Reclaim: 0.0 ms]
      [Free CSet: 0.0 ms]
   [Eden: 47.0M(47.0M)->0.0B(47.0M) Survivors: 4096.0K->4096.0K Heap: 185.1M(1024.0M)->138.6M(1024.0M)]
 [Times: user=0.01 sys=0.00, real=0.02 secs] 
2016-12-19T20:54:27.350+0100: 571.695: [GC pause (G1 Evacuation Pause) (young), 0.0214447 secs]
   [Parallel Time: 17.4 ms, GC Workers: 1]
      [GC Worker Start (ms):  571695.6]
      [Ext Root Scanning (ms):  2.0]
      [Update RS (ms):  1.6]
         [Processed Buffers:  29]
      [Scan RS (ms):  0.0]
      [Code Root Scanning (ms):  0.1]
      [Object Copy (ms):  13.6]
      [Termination (ms):  0.0]
         [Termination Attempts:  1]
      [GC Worker Other (ms):  0.0]
      [GC Worker Total (ms):  17.3]
      [GC Worker End (ms):  571712.9]
   [Code Root Fixup: 0.1 ms]
   [Code Root Purge: 0.0 ms]
   [Clear CT: 0.0 ms]
   [Other: 3.9 ms]
      [Choose CSet: 0.0 ms]
      [Ref Proc: 0.8 ms]
      [Ref Enq: 0.0 ms]
      [Redirty Cards: 0.0 ms]
      [Humongous Register: 0.1 ms]
      [Humongous Reclaim: 0.0 ms]
      [Free CSet: 2.6 ms]
   [Eden: 47.0M(47.0M)->0.0B(48.0M) Survivors: 4096.0K->3072.0K Heap: 185.6M(1024.0M)->137.7M(1024.0M)]
 [Times: user=0.01 sys=0.00, real=0.02 secs] 
2016-12-19T20:54:32.830+0100: 577.176: [GC pause (G1 Evacuation Pause) (young), 0.0289440 secs]
   [Parallel Time: 26.9 ms, GC Workers: 1]
      [GC Worker Start (ms):  577177.0]
      [Ext Root Scanning (ms):  1.4]
      [Update RS (ms):  4.6]
         [Processed Buffers:  84]
      [Scan RS (ms):  6.8]
      [Code Root Scanning (ms):  0.1]
      [Object Copy (ms):  13.8]
      [Termination (ms):  0.0]
         [Termination Attempts:  1]
      [GC Worker Other (ms):  0.0]
      [GC Worker Total (ms):  26.8]
      [GC Worker End (ms):  577203.8]
   [Code Root Fixup: 0.1 ms]
   [Code Root Purge: 0.0 ms]
   [Clear CT: 0.1 ms]
   [Other: 1.9 ms]
      [Choose CSet: 0.0 ms]
      [Ref Proc: 0.2 ms]
      [Ref Enq: 0.0 ms]
      [Redirty Cards: 0.0 ms]
      [Humongous Register: 0.3 ms]
      [Humongous Reclaim: 0.1 ms]
      [Free CSet: 0.1 ms]
   [Eden: 48.0M(48.0M)->0.0B(47.0M) Survivors: 3072.0K->4096.0K Heap: 225.7M(1024.0M)->138.3M(1024.0M)]
 [Times: user=0.03 sys=0.00, real=0.03 secs] 
2016-12-19T20:54:37.981+0100: 582.326: [GC pause (G1 Evacuation Pause) (young), 0.0312696 secs]
   [Parallel Time: 30.5 ms, GC Workers: 1]
      [GC Worker Start (ms):  582326.3]
      [Ext Root Scanning (ms):  2.9]
      [Update RS (ms):  4.3]
         [Processed Buffers:  30]
      [Scan RS (ms):  0.0]
      [Code Root Scanning (ms):  0.1]
      [Object Copy (ms):  21.4]
      [Termination (ms):  0.0]
         [Termination Attempts:  1]
      [GC Worker Other (ms):  0.0]
      [GC Worker Total (ms):  28.8]
      [GC Worker End (ms):  582355.1]
   [Code Root Fixup: 0.1 ms]
   [Code Root Purge: 0.0 ms]
   [Clear CT: 0.0 ms]
   [Other: 0.6 ms]
      [Choose CSet: 0.0 ms]
      [Ref Proc: 0.1 ms]
      [Ref Enq: 0.0 ms]
      [Redirty Cards: 0.0 ms]
      [Humongous Register: 0.1 ms]
      [Humongous Reclaim: 0.0 ms]
      [Free CSet: 0.0 ms]
   [Eden: 47.0M(47.0M)->0.0B(47.0M) Survivors: 4096.0K->4096.0K Heap: 185.3M(1024.0M)->138.8M(1024.0M)]
 [Times: user=0.03 sys=0.00, real=0.03 secs] 
2016-12-19T20:54:45.603+0100: 589.949: [GC pause (G1 Evacuation Pause) (young), 0.0268424 secs]
   [Parallel Time: 26.1 ms, GC Workers: 1]
      [GC Worker Start (ms):  589948.9]
      [Ext Root Scanning (ms):  11.6]
      [Update RS (ms):  1.7]
         [Processed Buffers:  31]
      [Scan RS (ms):  0.0]
      [Code Root Scanning (ms):  0.1]
      [Object Copy (ms):  12.7]
      [Termination (ms):  0.0]
         [Termination Attempts:  1]
      [GC Worker Other (ms):  0.0]
      [GC Worker Total (ms):  26.0]
      [GC Worker End (ms):  589974.9]
   [Code Root Fixup: 0.1 ms]
   [Code Root Purge: 0.0 ms]
   [Clear CT: 0.0 ms]
   [Other: 0.6 ms]
      [Choose CSet: 0.0 ms]
      [Ref Proc: 0.1 ms]
      [Ref Enq: 0.0 ms]
      [Redirty Cards: 0.0 ms]
      [Humongous Register: 0.1 ms]
      [Humongous Reclaim: 0.0 ms]
      [Free CSet: 0.0 ms]
   [Eden: 47.0M(47.0M)->0.0B(48.0M) Survivors: 4096.0K->3072.0K Heap: 185.8M(1024.0M)->137.9M(1024.0M)]
 [Times: user=0.01 sys=0.00, real=0.03 secs] 
2016-12-19T20:55:05.586+0100: 609.932: [GC pause (G1 Evacuation Pause) (young), 0.0100953 secs]
   [Parallel Time: 9.6 ms, GC Workers: 1]
      [GC Worker Start (ms):  609932.1]
      [Ext Root Scanning (ms):  1.1]
      [Update RS (ms):  1.3]
         [Processed Buffers:  35]
      [Scan RS (ms):  0.0]
      [Code Root Scanning (ms):  0.1]
      [Object Copy (ms):  7.0]
      [Termination (ms):  0.0]
         [Termination Attempts:  1]
      [GC Worker Other (ms):  0.0]
      [GC Worker Total (ms):  9.6]
      [GC Worker End (ms):  609941.6]
   [Code Root Fixup: 0.0 ms]
   [Code Root Purge: 0.0 ms]
   [Clear CT: 0.0 ms]
   [Other: 0.4 ms]
      [Choose CSet: 0.0 ms]
      [Ref Proc: 0.0 ms]
      [Ref Enq: 0.0 ms]
      [Redirty Cards: 0.0 ms]
      [Humongous Register: 0.1 ms]
      [Humongous Reclaim: 0.0 ms]
      [Free CSet: 0.0 ms]
   [Eden: 48.0M(48.0M)->0.0B(47.0M) Survivors: 3072.0K->4096.0K Heap: 185.9M(1024.0M)->139.1M(1024.0M)]
 [Times: user=0.02 sys=0.00, real=0.01 secs] 
2016-12-19T20:55:23.043+0100: 627.388: [GC pause (G1 Evacuation Pause) (young), 0.0114366 secs]
   [Parallel Time: 10.9 ms, GC Workers: 1]
      [GC Worker Start (ms):  627388.3]
      [Ext Root Scanning (ms):  2.4]
      [Update RS (ms):  1.5]
         [Processed Buffers:  35]
      [Scan RS (ms):  0.1]
      [Code Root Scanning (ms):  0.1]
      [Object Copy (ms):  6.8]
      [Termination (ms):  0.0]
         [Termination Attempts:  1]
      [GC Worker Other (ms):  0.0]
      [GC Worker Total (ms):  10.8]
      [GC Worker End (ms):  627399.1]
   [Code Root Fixup: 0.1 ms]
   [Code Root Purge: 0.0 ms]
   [Clear CT: 0.1 ms]
   [Other: 0.4 ms]
      [Choose CSet: 0.0 ms]
      [Ref Proc: 0.0 ms]
      [Ref Enq: 0.0 ms]
      [Redirty Cards: 0.0 ms]
      [Humongous Register: 0.1 ms]
      [Humongous Reclaim: 0.0 ms]
      [Free CSet: 0.0 ms]
   [Eden: 47.0M(47.0M)->0.0B(47.0M) Survivors: 4096.0K->4096.0K Heap: 186.1M(1024.0M)->138.7M(1024.0M)]
 [Times: user=0.02 sys=0.00, real=0.01 secs] 
2016-12-19T20:55:40.592+0100: 644.937: [GC pause (G1 Evacuation Pause) (young), 0.0244235 secs]
   [Parallel Time: 23.7 ms, GC Workers: 1]
      [GC Worker Start (ms):  644937.5]
      [Ext Root Scanning (ms):  1.0]
      [Update RS (ms):  1.6]
         [Processed Buffers:  35]
      [Scan RS (ms):  0.0]
      [Code Root Scanning (ms):  0.1]
      [Object Copy (ms):  21.0]
      [Termination (ms):  0.0]
         [Termination Attempts:  1]
      [GC Worker Other (ms):  0.0]
      [GC Worker Total (ms):  23.7]
      [GC Worker End (ms):  644961.2]
   [Code Root Fixup: 0.1 ms]
   [Code Root Purge: 0.0 ms]
   [Clear CT: 0.0 ms]
   [Other: 0.6 ms]
      [Choose CSet: 0.0 ms]
      [Ref Proc: 0.1 ms]
      [Ref Enq: 0.0 ms]
      [Redirty Cards: 0.0 ms]
      [Humongous Register: 0.1 ms]
      [Humongous Reclaim: 0.1 ms]
      [Free CSet: 0.0 ms]
   [Eden: 47.0M(47.0M)->0.0B(46.0M) Survivors: 4096.0K->5120.0K Heap: 185.7M(1024.0M)->139.8M(1024.0M)]
 [Times: user=0.01 sys=0.00, real=0.02 secs] 
2016-12-19T20:55:59.452+0100: 663.797: [GC pause (G1 Evacuation Pause) (young), 0.0194274 secs]
   [Parallel Time: 18.8 ms, GC Workers: 1]
      [GC Worker Start (ms):  663797.5]
      [Ext Root Scanning (ms):  1.9]
      [Update RS (ms):  4.4]
         [Processed Buffers:  34]
      [Scan RS (ms):  0.0]
      [Code Root Scanning (ms):  0.1]
      [Object Copy (ms):  12.3]
      [Termination (ms):  0.0]
         [Termination Attempts:  1]
      [GC Worker Other (ms):  0.0]
      [GC Worker Total (ms):  18.8]
      [GC Worker End (ms):  663816.3]
   [Code Root Fixup: 0.1 ms]
   [Code Root Purge: 0.0 ms]
   [Clear CT: 0.0 ms]
   [Other: 0.5 ms]
      [Choose CSet: 0.0 ms]
      [Ref Proc: 0.0 ms]
      [Ref Enq: 0.0 ms]
      [Redirty Cards: 0.0 ms]
      [Humongous Register: 0.1 ms]
      [Humongous Reclaim: 0.0 ms]
      [Free CSet: 0.0 ms]
   [Eden: 46.0M(46.0M)->0.0B(47.0M) Survivors: 5120.0K->4096.0K Heap: 185.8M(1024.0M)->139.8M(1024.0M)]
 [Times: user=0.02 sys=0.00, real=0.02 secs] 
2016-12-19T20:56:18.896+0100: 683.241: [GC pause (G1 Evacuation Pause) (young), 0.0958428 secs]
   [Parallel Time: 94.2 ms, GC Workers: 1]
      [GC Worker Start (ms):  683242.0]
      [Ext Root Scanning (ms):  6.0]
      [Update RS (ms):  14.9]
         [Processed Buffers:  39]
      [Scan RS (ms):  0.1]
      [Code Root Scanning (ms):  0.1]
      [Object Copy (ms):  73.0]
      [Termination (ms):  0.0]
         [Termination Attempts:  1]
      [GC Worker Other (ms):  0.1]
      [GC Worker Total (ms):  94.1]
      [GC Worker End (ms):  683336.1]
   [Code Root Fixup: 0.1 ms]
   [Code Root Purge: 0.0 ms]
   [Clear CT: 0.1 ms]
   [Other: 1.5 ms]
      [Choose CSet: 0.0 ms]
      [Ref Proc: 0.1 ms]
      [Ref Enq: 0.0 ms]
      [Redirty Cards: 0.0 ms]
      [Humongous Register: 0.3 ms]
      [Humongous Reclaim: 0.1 ms]
      [Free CSet: 0.1 ms]
   [Eden: 47.0M(47.0M)->0.0B(46.0M) Survivors: 4096.0K->5120.0K Heap: 186.8M(1024.0M)->140.8M(1024.0M)]
 [Times: user=0.07 sys=0.01, real=0.10 secs] 
2016-12-19T20:56:38.011+0100: 702.356: [GC pause (G1 Evacuation Pause) (young), 0.0151986 secs]
   [Parallel Time: 14.6 ms, GC Workers: 1]
      [GC Worker Start (ms):  702356.7]
      [Ext Root Scanning (ms):  1.2]
      [Update RS (ms):  2.1]
         [Processed Buffers:  38]
      [Scan RS (ms):  0.3]
      [Code Root Scanning (ms):  0.0]
      [Object Copy (ms):  10.9]
      [Termination (ms):  0.0]
         [Termination Attempts:  1]
      [GC Worker Other (ms):  0.0]
      [GC Worker Total (ms):  14.5]
      [GC Worker End (ms):  702371.2]
   [Code Root Fixup: 0.1 ms]
   [Code Root Purge: 0.0 ms]
   [Clear CT: 0.0 ms]
   [Other: 0.5 ms]
      [Choose CSet: 0.0 ms]
      [Ref Proc: 0.0 ms]
      [Ref Enq: 0.0 ms]
      [Redirty Cards: 0.0 ms]
      [Humongous Register: 0.1 ms]
      [Humongous Reclaim: 0.0 ms]
      [Free CSet: 0.0 ms]
   [Eden: 46.0M(46.0M)->0.0B(47.0M) Survivors: 5120.0K->4096.0K Heap: 186.8M(1024.0M)->141.1M(1024.0M)]
 [Times: user=0.01 sys=0.00, real=0.01 secs] 
2016-12-19T20:56:58.010+0100: 722.356: [GC pause (G1 Evacuation Pause) (young), 0.1214404 secs]
   [Parallel Time: 119.9 ms, GC Workers: 1]
      [GC Worker Start (ms):  722356.0]
      [Ext Root Scanning (ms):  3.4]
      [Update RS (ms):  22.4]
         [Processed Buffers:  39]
      [Scan RS (ms):  2.3]
      [Code Root Scanning (ms):  0.0]
      [Object Copy (ms):  91.7]
      [Termination (ms):  0.0]
         [Termination Attempts:  1]
      [GC Worker Other (ms):  0.0]
      [GC Worker Total (ms):  119.8]
      [GC Worker End (ms):  722475.8]
   [Code Root Fixup: 0.1 ms]
   [Code Root Purge: 0.0 ms]
   [Clear CT: 0.1 ms]
   [Other: 1.4 ms]
      [Choose CSet: 0.0 ms]
      [Ref Proc: 0.1 ms]
      [Ref Enq: 0.0 ms]
      [Redirty Cards: 0.0 ms]
      [Humongous Register: 0.3 ms]
      [Humongous Reclaim: 0.1 ms]
      [Free CSet: 0.0 ms]
   [Eden: 47.0M(47.0M)->0.0B(46.0M) Survivors: 4096.0K->5120.0K Heap: 188.1M(1024.0M)->142.1M(1024.0M)]
 [Times: user=0.09 sys=0.02, real=0.12 secs] 
2016-12-19T20:57:15.011+0100: 739.357: [GC pause (G1 Evacuation Pause) (young), 0.0292022 secs]
   [Parallel Time: 28.7 ms, GC Workers: 1]
      [GC Worker Start (ms):  739356.9]
      [Ext Root Scanning (ms):  1.3]
      [Update RS (ms):  3.3]
         [Processed Buffers:  41]
      [Scan RS (ms):  2.1]
      [Code Root Scanning (ms):  0.0]
      [Object Copy (ms):  21.8]
      [Termination (ms):  0.0]
         [Termination Attempts:  1]
      [GC Worker Other (ms):  0.0]
      [GC Worker Total (ms):  28.6]
      [GC Worker End (ms):  739385.6]
   [Code Root Fixup: 0.0 ms]
   [Code Root Purge: 0.0 ms]
   [Clear CT: 0.0 ms]
   [Other: 0.5 ms]
      [Choose CSet: 0.0 ms]
      [Ref Proc: 0.0 ms]
      [Ref Enq: 0.0 ms]
      [Redirty Cards: 0.0 ms]
      [Humongous Register: 0.1 ms]
      [Humongous Reclaim: 0.0 ms]
      [Free CSet: 0.0 ms]
   [Eden: 46.0M(46.0M)->0.0B(47.0M) Survivors: 5120.0K->4096.0K Heap: 188.1M(1024.0M)->142.1M(1024.0M)]
 [Times: user=0.03 sys=0.00, real=0.03 secs] 
2016-12-19T20:57:32.766+0100: 757.112: [GC pause (G1 Evacuation Pause) (young), 0.0409220 secs]
   [Parallel Time: 40.1 ms, GC Workers: 1]
      [GC Worker Start (ms):  757111.7]
      [Ext Root Scanning (ms):  3.1]
      [Update RS (ms):  13.2]
         [Processed Buffers:  41]
      [Scan RS (ms):  6.1]
      [Code Root Scanning (ms):  0.0]
      [Object Copy (ms):  17.6]
      [Termination (ms):  0.0]
         [Termination Attempts:  1]
      [GC Worker Other (ms):  0.0]
      [GC Worker Total (ms):  40.1]
      [GC Worker End (ms):  757151.8]
   [Code Root Fixup: 0.1 ms]
   [Code Root Purge: 0.0 ms]
   [Clear CT: 0.0 ms]
   [Other: 0.7 ms]
      [Choose CSet: 0.0 ms]
      [Ref Proc: 0.0 ms]
      [Ref Enq: 0.0 ms]
      [Redirty Cards: 0.0 ms]
      [Humongous Register: 0.1 ms]
      [Humongous Reclaim: 0.0 ms]
      [Free CSet: 0.0 ms]
   [Eden: 47.0M(47.0M)->0.0B(46.0M) Survivors: 4096.0K->5120.0K Heap: 189.1M(1024.0M)->143.6M(1024.0M)]
 [Times: user=0.04 sys=0.00, real=0.05 secs] 
2016-12-19T20:57:50.724+0100: 775.069: [GC pause (G1 Evacuation Pause) (young), 0.0250362 secs]
   [Parallel Time: 23.9 ms, GC Workers: 1]
      [GC Worker Start (ms):  775070.1]
      [Ext Root Scanning (ms):  1.3]
      [Update RS (ms):  4.8]
         [Processed Buffers:  38]
      [Scan RS (ms):  4.3]
      [Code Root Scanning (ms):  0.0]
      [Object Copy (ms):  13.4]
      [Termination (ms):  0.0]
         [Termination Attempts:  1]
      [GC Worker Other (ms):  0.0]
      [GC Worker Total (ms):  23.8]
      [GC Worker End (ms):  775093.9]
   [Code Root Fixup: 0.0 ms]
   [Code Root Purge: 0.0 ms]
   [Clear CT: 0.0 ms]
   [Other: 1.1 ms]
      [Choose CSet: 0.0 ms]
      [Ref Proc: 0.0 ms]
      [Ref Enq: 0.0 ms]
      [Redirty Cards: 0.0 ms]
      [Humongous Register: 0.2 ms]
      [Humongous Reclaim: 0.0 ms]
      [Free CSet: 0.0 ms]
   [Eden: 46.0M(46.0M)->0.0B(47.0M) Survivors: 5120.0K->4096.0K Heap: 189.6M(1024.0M)->143.8M(1024.0M)]
 [Times: user=0.02 sys=0.00, real=0.03 secs] 
2016-12-19T20:58:08.362+0100: 792.707: [GC pause (G1 Evacuation Pause) (young), 0.0182290 secs]
   [Parallel Time: 17.7 ms, GC Workers: 1]
      [GC Worker Start (ms):  792707.6]
      [Ext Root Scanning (ms):  1.4]
      [Update RS (ms):  2.9]
         [Processed Buffers:  37]
      [Scan RS (ms):  2.7]
      [Code Root Scanning (ms):  0.0]
      [Object Copy (ms):  10.6]
      [Termination (ms):  0.0]
         [Termination Attempts:  1]
      [GC Worker Other (ms):  0.0]
      [GC Worker Total (ms):  17.7]
      [GC Worker End (ms):  792725.3]
   [Code Root Fixup: 0.0 ms]
   [Code Root Purge: 0.0 ms]
   [Clear CT: 0.0 ms]
   [Other: 0.5 ms]
      [Choose CSet: 0.0 ms]
      [Ref Proc: 0.0 ms]
      [Ref Enq: 0.0 ms]
      [Redirty Cards: 0.0 ms]
      [Humongous Register: 0.1 ms]
      [Humongous Reclaim: 0.0 ms]
      [Free CSet: 0.0 ms]
   [Eden: 47.0M(47.0M)->0.0B(47.0M) Survivors: 4096.0K->4096.0K Heap: 190.8M(1024.0M)->143.3M(1024.0M)]
 [Times: user=0.01 sys=0.00, real=0.02 secs] 
2016-12-19T20:58:26.588+0100: 810.934: [GC pause (G1 Evacuation Pause) (young), 0.0217349 secs]
   [Parallel Time: 21.0 ms, GC Workers: 1]
      [GC Worker Start (ms):  810935.1]
      [Ext Root Scanning (ms):  1.2]
      [Update RS (ms):  4.0]
         [Processed Buffers:  39]
      [Scan RS (ms):  2.4]
      [Code Root Scanning (ms):  0.0]
      [Object Copy (ms):  11.9]
      [Termination (ms):  0.0]
         [Termination Attempts:  1]
      [GC Worker Other (ms):  0.0]
      [GC Worker Total (ms):  19.6]
      [GC Worker End (ms):  810954.7]
   [Code Root Fixup: 0.1 ms]
   [Code Root Purge: 0.0 ms]
   [Clear CT: 0.1 ms]
   [Other: 0.6 ms]
      [Choose CSet: 0.0 ms]
      [Ref Proc: 0.0 ms]
      [Ref Enq: 0.0 ms]
      [Redirty Cards: 0.0 ms]
      [Humongous Register: 0.1 ms]
      [Humongous Reclaim: 0.0 ms]
      [Free CSet: 0.0 ms]
   [Eden: 47.0M(47.0M)->0.0B(46.0M) Survivors: 4096.0K->5120.0K Heap: 190.3M(1024.0M)->144.8M(1024.0M)]
 [Times: user=0.02 sys=0.00, real=0.02 secs] 
2016-12-19T20:58:46.563+0100: 830.908: [GC pause (G1 Evacuation Pause) (young), 0.0481666 secs]
   [Parallel Time: 47.5 ms, GC Workers: 1]
      [GC Worker Start (ms):  830908.5]
      [Ext Root Scanning (ms):  2.1]
      [Update RS (ms):  7.8]
         [Processed Buffers:  35]
      [Scan RS (ms):  3.4]
      [Code Root Scanning (ms):  0.0]
      [Object Copy (ms):  34.1]
      [Termination (ms):  0.0]
         [Termination Attempts:  1]
      [GC Worker Other (ms):  0.0]
      [GC Worker Total (ms):  47.4]
      [GC Worker End (ms):  830956.0]
   [Code Root Fixup: 0.1 ms]
   [Code Root Purge: 0.0 ms]
   [Clear CT: 0.0 ms]
   [Other: 0.6 ms]
      [Choose CSet: 0.0 ms]
      [Ref Proc: 0.0 ms]
      [Ref Enq: 0.0 ms]
      [Redirty Cards: 0.0 ms]
      [Humongous Register: 0.1 ms]
      [Humongous Reclaim: 0.0 ms]
      [Free CSet: 0.0 ms]
   [Eden: 46.0M(46.0M)->0.0B(47.0M) Survivors: 5120.0K->4096.0K Heap: 190.8M(1024.0M)->144.8M(1024.0M)]
 [Times: user=0.04 sys=0.00, real=0.05 secs] 
2016-12-19T20:59:03.750+0100: 848.095: [GC pause (G1 Evacuation Pause) (young), 0.0521836 secs]
   [Parallel Time: 51.3 ms, GC Workers: 1]
      [GC Worker Start (ms):  848095.4]
      [Ext Root Scanning (ms):  3.2]
      [Update RS (ms):  4.5]
         [Processed Buffers:  36]
      [Scan RS (ms):  6.5]
      [Code Root Scanning (ms):  0.0]
      [Object Copy (ms):  37.0]
      [Termination (ms):  0.0]
         [Termination Attempts:  1]
      [GC Worker Other (ms):  0.0]
      [GC Worker Total (ms):  51.2]
      [GC Worker End (ms):  848146.6]
   [Code Root Fixup: 0.1 ms]
   [Code Root Purge: 0.0 ms]
   [Clear CT: 0.0 ms]
   [Other: 0.8 ms]
      [Choose CSet: 0.0 ms]
      [Ref Proc: 0.1 ms]
      [Ref Enq: 0.0 ms]
      [Redirty Cards: 0.0 ms]
      [Humongous Register: 0.1 ms]
      [Humongous Reclaim: 0.0 ms]
      [Free CSet: 0.1 ms]
   [Eden: 47.0M(47.0M)->0.0B(46.0M) Survivors: 4096.0K->5120.0K Heap: 191.8M(1024.0M)->145.8M(1024.0M)]
 [Times: user=0.05 sys=0.00, real=0.05 secs] 
2016-12-19T20:59:26.017+0100: 870.362: [GC pause (G1 Evacuation Pause) (young), 0.0422662 secs]
   [Parallel Time: 41.5 ms, GC Workers: 1]
      [GC Worker Start (ms):  870362.3]
      [Ext Root Scanning (ms):  2.3]
      [Update RS (ms):  5.5]
         [Processed Buffers:  40]
      [Scan RS (ms):  4.9]
      [Code Root Scanning (ms):  0.1]
      [Object Copy (ms):  28.6]
      [Termination (ms):  0.0]
         [Termination Attempts:  1]
      [GC Worker Other (ms):  0.0]
      [GC Worker Total (ms):  41.4]
      [GC Worker End (ms):  870403.7]
   [Code Root Fixup: 0.1 ms]
   [Code Root Purge: 0.0 ms]
   [Clear CT: 0.0 ms]
   [Other: 0.7 ms]
      [Choose CSet: 0.0 ms]
      [Ref Proc: 0.0 ms]
      [Ref Enq: 0.0 ms]
      [Redirty Cards: 0.1 ms]
      [Humongous Register: 0.1 ms]
      [Humongous Reclaim: 0.0 ms]
      [Free CSet: 0.1 ms]
   [Eden: 46.0M(46.0M)->0.0B(47.0M) Survivors: 5120.0K->4096.0K Heap: 191.8M(1024.0M)->145.9M(1024.0M)]
 [Times: user=0.04 sys=0.01, real=0.05 secs] 
2016-12-19T20:59:51.077+0100: 895.422: [GC pause (G1 Evacuation Pause) (young), 0.0390140 secs]
   [Parallel Time: 37.9 ms, GC Workers: 1]
      [GC Worker Start (ms):  895422.4]
      [Ext Root Scanning (ms):  2.1]
      [Update RS (ms):  10.3]
         [Processed Buffers:  48]
      [Scan RS (ms):  2.5]
      [Code Root Scanning (ms):  0.1]
      [Object Copy (ms):  22.1]
      [Termination (ms):  0.0]
         [Termination Attempts:  1]
      [GC Worker Other (ms):  0.8]
      [GC Worker Total (ms):  37.8]
      [GC Worker End (ms):  895460.2]
   [Code Root Fixup: 0.1 ms]
   [Code Root Purge: 0.0 ms]
   [Clear CT: 0.1 ms]
   [Other: 1.0 ms]
      [Choose CSet: 0.0 ms]
      [Ref Proc: 0.2 ms]
      [Ref Enq: 0.0 ms]
      [Redirty Cards: 0.0 ms]
      [Humongous Register: 0.1 ms]
      [Humongous Reclaim: 0.1 ms]
      [Free CSet: 0.1 ms]
   [Eden: 47.0M(47.0M)->0.0B(46.0M) Survivors: 4096.0K->5120.0K Heap: 192.9M(1024.0M)->146.9M(1024.0M)]
 [Times: user=0.04 sys=0.00, real=0.04 secs] 
2016-12-19T21:00:15.948+0100: 920.294: [GC pause (G1 Evacuation Pause) (young), 0.0507708 secs]
   [Parallel Time: 49.8 ms, GC Workers: 1]
      [GC Worker Start (ms):  920294.2]
      [Ext Root Scanning (ms):  3.7]
      [Update RS (ms):  12.5]
         [Processed Buffers:  38]
      [Scan RS (ms):  13.0]
      [Code Root Scanning (ms):  0.1]
      [Object Copy (ms):  20.5]
      [Termination (ms):  0.0]
         [Termination Attempts:  1]
      [GC Worker Other (ms):  0.0]
      [GC Worker Total (ms):  49.8]
      [GC Worker End (ms):  920344.0]
   [Code Root Fixup: 0.1 ms]
   [Code Root Purge: 0.0 ms]
   [Clear CT: 0.0 ms]
   [Other: 0.8 ms]
      [Choose CSet: 0.0 ms]
      [Ref Proc: 0.0 ms]
      [Ref Enq: 0.0 ms]
      [Redirty Cards: 0.0 ms]
      [Humongous Register: 0.2 ms]
      [Humongous Reclaim: 0.0 ms]
      [Free CSet: 0.0 ms]
   [Eden: 46.0M(46.0M)->0.0B(47.0M) Survivors: 5120.0K->4096.0K Heap: 192.9M(1024.0M)->146.9M(1024.0M)]
 [Times: user=0.05 sys=0.00, real=0.05 secs] 
2016-12-19T21:00:39.911+0100: 944.256: [GC pause (G1 Evacuation Pause) (young), 0.0377668 secs]
   [Parallel Time: 34.7 ms, GC Workers: 1]
      [GC Worker Start (ms):  944256.2]
      [Ext Root Scanning (ms):  1.0]
      [Update RS (ms):  2.5]
         [Processed Buffers:  36]
      [Scan RS (ms):  7.0]
      [Code Root Scanning (ms):  0.1]
      [Object Copy (ms):  24.1]
      [Termination (ms):  0.0]
         [Termination Attempts:  1]
      [GC Worker Other (ms):  0.0]
      [GC Worker Total (ms):  34.7]
      [GC Worker End (ms):  944290.9]
   [Code Root Fixup: 0.1 ms]
   [Code Root Purge: 0.0 ms]
   [Clear CT: 0.1 ms]
   [Other: 2.9 ms]
      [Choose CSet: 0.0 ms]
      [Ref Proc: 1.6 ms]
      [Ref Enq: 0.0 ms]
      [Redirty Cards: 0.2 ms]
      [Humongous Register: 0.1 ms]
      [Humongous Reclaim: 0.1 ms]
      [Free CSet: 0.4 ms]
   [Eden: 47.0M(47.0M)->0.0B(45.0M) Survivors: 4096.0K->6144.0K Heap: 193.9M(1024.0M)->148.4M(1024.0M)]
 [Times: user=0.04 sys=0.00, real=0.04 secs] 
2016-12-19T21:01:05.165+0100: 969.510: [GC pause (G1 Evacuation Pause) (young), 0.0240031 secs]
   [Parallel Time: 20.6 ms, GC Workers: 1]
      [GC Worker Start (ms):  969512.0]
      [Ext Root Scanning (ms):  2.3]
      [Update RS (ms):  2.6]
         [Processed Buffers:  33]
      [Scan RS (ms):  3.6]
      [Code Root Scanning (ms):  0.1]
      [Object Copy (ms):  12.0]
      [Termination (ms):  0.0]
         [Termination Attempts:  1]
      [GC Worker Other (ms):  0.0]
      [GC Worker Total (ms):  20.6]
      [GC Worker End (ms):  969532.6]
   [Code Root Fixup: 0.1 ms]
   [Code Root Purge: 0.0 ms]
   [Clear CT: 0.0 ms]
   [Other: 3.3 ms]
      [Choose CSet: 0.0 ms]
      [Ref Proc: 0.0 ms]
      [Ref Enq: 0.0 ms]
      [Redirty Cards: 0.0 ms]
      [Humongous Register: 1.6 ms]
      [Humongous Reclaim: 0.0 ms]
      [Free CSet: 1.3 ms]
   [Eden: 45.0M(45.0M)->0.0B(47.0M) Survivors: 6144.0K->4096.0K Heap: 193.4M(1024.0M)->148.6M(1024.0M)]
 [Times: user=0.01 sys=0.00, real=0.03 secs] 
2016-12-19T21:01:30.280+0100: 994.626: [GC pause (G1 Evacuation Pause) (young), 0.0535928 secs]
   [Parallel Time: 52.7 ms, GC Workers: 1]
      [GC Worker Start (ms):  994626.0]
      [Ext Root Scanning (ms):  1.6]
      [Update RS (ms):  3.8]
         [Processed Buffers:  36]
      [Scan RS (ms):  11.1]
      [Code Root Scanning (ms):  0.1]
      [Object Copy (ms):  36.1]
      [Termination (ms):  0.0]
         [Termination Attempts:  1]
      [GC Worker Other (ms):  0.0]
      [GC Worker Total (ms):  52.7]
      [GC Worker End (ms):  994678.6]
   [Code Root Fixup: 0.1 ms]
   [Code Root Purge: 0.0 ms]
   [Clear CT: 0.0 ms]
   [Other: 0.8 ms]
      [Choose CSet: 0.0 ms]
      [Ref Proc: 0.1 ms]
      [Ref Enq: 0.0 ms]
      [Redirty Cards: 0.0 ms]
      [Humongous Register: 0.1 ms]
      [Humongous Reclaim: 0.0 ms]
      [Free CSet: 0.2 ms]
   [Eden: 47.0M(47.0M)->0.0B(46.0M) Survivors: 4096.0K->5120.0K Heap: 195.6M(1024.0M)->149.6M(1024.0M)]
 [Times: user=0.05 sys=0.01, real=0.05 secs] 
2016-12-19T21:01:54.793+0100: 1019.138: [GC pause (G1 Evacuation Pause) (young), 0.0518082 secs]
   [Parallel Time: 51.1 ms, GC Workers: 1]
      [GC Worker Start (ms):  1019138.8]
      [Ext Root Scanning (ms):  2.0]
      [Update RS (ms):  9.4]
         [Processed Buffers:  36]
      [Scan RS (ms):  6.8]
      [Code Root Scanning (ms):  0.0]
      [Object Copy (ms):  32.9]
      [Termination (ms):  0.0]
         [Termination Attempts:  1]
      [GC Worker Other (ms):  0.0]
      [GC Worker Total (ms):  51.1]
      [GC Worker End (ms):  1019189.9]
   [Code Root Fixup: 0.1 ms]
   [Code Root Purge: 0.0 ms]
   [Clear CT: 0.0 ms]
   [Other: 0.6 ms]
      [Choose CSet: 0.0 ms]
      [Ref Proc: 0.0 ms]
      [Ref Enq: 0.0 ms]
      [Redirty Cards: 0.0 ms]
      [Humongous Register: 0.2 ms]
      [Humongous Reclaim: 0.0 ms]
      [Free CSet: 0.0 ms]
   [Eden: 46.0M(46.0M)->0.0B(47.0M) Survivors: 5120.0K->4096.0K Heap: 195.6M(1024.0M)->149.9M(1024.0M)]
 [Times: user=0.03 sys=0.00, real=0.05 secs] 
2016-12-19T21:02:20.589+0100: 1044.934: [GC pause (G1 Evacuation Pause) (young), 0.0173441 secs]
   [Parallel Time: 16.9 ms, GC Workers: 1]
      [GC Worker Start (ms):  1044934.4]
      [Ext Root Scanning (ms):  0.9]
      [Update RS (ms):  2.2]
         [Processed Buffers:  34]
      [Scan RS (ms):  4.2]
      [Code Root Scanning (ms):  0.0]
      [Object Copy (ms):  9.6]
      [Termination (ms):  0.0]
         [Termination Attempts:  1]
      [GC Worker Other (ms):  0.0]
      [GC Worker Total (ms):  16.8]
      [GC Worker End (ms):  1044951.3]
   [Code Root Fixup: 0.0 ms]
   [Code Root Purge: 0.0 ms]
   [Clear CT: 0.0 ms]
   [Other: 0.4 ms]
      [Choose CSet: 0.0 ms]
      [Ref Proc: 0.0 ms]
      [Ref Enq: 0.0 ms]
      [Redirty Cards: 0.0 ms]
      [Humongous Register: 0.1 ms]
      [Humongous Reclaim: 0.0 ms]
      [Free CSet: 0.1 ms]
   [Eden: 47.0M(47.0M)->0.0B(47.0M) Survivors: 4096.0K->4096.0K Heap: 196.9M(1024.0M)->149.9M(1024.0M)]
 [Times: user=0.01 sys=0.00, real=0.01 secs] 
2016-12-19T21:02:47.753+0100: 1072.099: [GC pause (G1 Evacuation Pause) (young), 0.0274200 secs]
   [Parallel Time: 26.7 ms, GC Workers: 1]
      [GC Worker Start (ms):  1072098.9]
      [Ext Root Scanning (ms):  3.1]
      [Update RS (ms):  5.5]
         [Processed Buffers:  32]
      [Scan RS (ms):  4.1]
      [Code Root Scanning (ms):  0.0]
      [Object Copy (ms):  13.9]
      [Termination (ms):  0.0]
         [Termination Attempts:  1]
      [GC Worker Other (ms):  0.0]
      [GC Worker Total (ms):  26.7]
      [GC Worker End (ms):  1072125.7]
   [Code Root Fixup: 0.1 ms]
   [Code Root Purge: 0.0 ms]
   [Clear CT: 0.0 ms]
   [Other: 0.6 ms]
      [Choose CSet: 0.0 ms]
      [Ref Proc: 0.0 ms]
      [Ref Enq: 0.0 ms]
      [Redirty Cards: 0.0 ms]
      [Humongous Register: 0.1 ms]
      [Humongous Reclaim: 0.0 ms]
      [Free CSet: 0.0 ms]
   [Eden: 47.0M(47.0M)->0.0B(45.0M) Survivors: 4096.0K->6144.0K Heap: 196.9M(1024.0M)->151.4M(1024.0M)]
 [Times: user=0.02 sys=0.00, real=0.03 secs] 
2016-12-19T21:03:10.844+0100: 1095.189: [GC pause (G1 Evacuation Pause) (young), 0.0206571 secs]
   [Parallel Time: 20.1 ms, GC Workers: 1]
      [GC Worker Start (ms):  1095189.5]
      [Ext Root Scanning (ms):  1.0]
      [Update RS (ms):  1.9]
         [Processed Buffers:  33]
      [Scan RS (ms):  3.5]
      [Code Root Scanning (ms):  0.0]
      [Object Copy (ms):  13.7]
      [Termination (ms):  0.0]
         [Termination Attempts:  1]
      [GC Worker Other (ms):  0.0]
      [GC Worker Total (ms):  20.1]
      [GC Worker End (ms):  1095209.6]
   [Code Root Fixup: 0.1 ms]
   [Code Root Purge: 0.0 ms]
   [Clear CT: 0.0 ms]
   [Other: 0.4 ms]
      [Choose CSet: 0.0 ms]
      [Ref Proc: 0.0 ms]
      [Ref Enq: 0.0 ms]
      [Redirty Cards: 0.0 ms]
      [Humongous Register: 0.1 ms]
      [Humongous Reclaim: 0.0 ms]
      [Free CSet: 0.0 ms]
   [Eden: 45.0M(45.0M)->0.0B(47.0M) Survivors: 6144.0K->4096.0K Heap: 196.4M(1024.0M)->151.6M(1024.0M)]
 [Times: user=0.02 sys=0.00, real=0.02 secs] 
2016-12-19T21:03:34.005+0100: 1118.351: [GC pause (G1 Evacuation Pause) (young), 0.0233681 secs]
   [Parallel Time: 22.8 ms, GC Workers: 1]
      [GC Worker Start (ms):  1118350.7]
      [Ext Root Scanning (ms):  0.9]
      [Update RS (ms):  2.7]
         [Processed Buffers:  36]
      [Scan RS (ms):  3.9]
      [Code Root Scanning (ms):  0.0]
      [Object Copy (ms):  15.3]
      [Termination (ms):  0.0]
         [Termination Attempts:  1]
      [GC Worker Other (ms):  0.0]
      [GC Worker Total (ms):  22.8]
      [GC Worker End (ms):  1118373.4]
   [Code Root Fixup: 0.0 ms]
   [Code Root Purge: 0.0 ms]
   [Clear CT: 0.0 ms]
   [Other: 0.5 ms]
      [Choose CSet: 0.0 ms]
      [Ref Proc: 0.0 ms]
      [Ref Enq: 0.0 ms]
      [Redirty Cards: 0.0 ms]
      [Humongous Register: 0.1 ms]
      [Humongous Reclaim: 0.0 ms]
      [Free CSet: 0.0 ms]
   [Eden: 47.0M(47.0M)->0.0B(46.0M) Survivors: 4096.0K->5120.0K Heap: 198.6M(1024.0M)->152.6M(1024.0M)]
 [Times: user=0.02 sys=0.00, real=0.03 secs] 
2016-12-19T21:03:57.500+0100: 1141.845: [GC pause (G1 Evacuation Pause) (young), 0.0978226 secs]
   [Parallel Time: 97.2 ms, GC Workers: 1]
      [GC Worker Start (ms):  1141845.7]
      [Ext Root Scanning (ms):  1.6]
      [Update RS (ms):  42.2]
         [Processed Buffers:  34]
      [Scan RS (ms):  18.3]
      [Code Root Scanning (ms):  0.1]
      [Object Copy (ms):  34.7]
      [Termination (ms):  0.0]
         [Termination Attempts:  1]
      [GC Worker Other (ms):  0.0]
      [GC Worker Total (ms):  96.9]
      [GC Worker End (ms):  1141942.7]
   [Code Root Fixup: 0.0 ms]
   [Code Root Purge: 0.0 ms]
   [Clear CT: 0.0 ms]
   [Other: 0.6 ms]
      [Choose CSet: 0.0 ms]
      [Ref Proc: 0.0 ms]
      [Ref Enq: 0.0 ms]
      [Redirty Cards: 0.0 ms]
      [Humongous Register: 0.1 ms]
      [Humongous Reclaim: 0.0 ms]
      [Free CSet: 0.1 ms]
   [Eden: 46.0M(46.0M)->0.0B(47.0M) Survivors: 5120.0K->4096.0K Heap: 198.6M(1024.0M)->152.9M(1024.0M)]
 [Times: user=0.07 sys=0.00, real=0.09 secs] 
2016-12-19T21:04:21.112+0100: 1165.458: [GC pause (G1 Evacuation Pause) (young), 0.0200024 secs]
   [Parallel Time: 19.5 ms, GC Workers: 1]
      [GC Worker Start (ms):  1165458.0]
      [Ext Root Scanning (ms):  1.0]
      [Update RS (ms):  2.2]
         [Processed Buffers:  37]
      [Scan RS (ms):  4.7]
      [Code Root Scanning (ms):  0.0]
      [Object Copy (ms):  11.6]
      [Termination (ms):  0.0]
         [Termination Attempts:  1]
      [GC Worker Other (ms):  0.0]
      [GC Worker Total (ms):  19.5]
      [GC Worker End (ms):  1165477.5]
   [Code Root Fixup: 0.1 ms]
   [Code Root Purge: 0.0 ms]
   [Clear CT: 0.0 ms]
   [Other: 0.4 ms]
      [Choose CSet: 0.0 ms]
      [Ref Proc: 0.0 ms]
      [Ref Enq: 0.0 ms]
      [Redirty Cards: 0.0 ms]
      [Humongous Register: 0.1 ms]
      [Humongous Reclaim: 0.0 ms]
      [Free CSet: 0.0 ms]
   [Eden: 47.0M(47.0M)->0.0B(46.0M) Survivors: 4096.0K->5120.0K Heap: 199.9M(1024.0M)->153.9M(1024.0M)]
 [Times: user=0.02 sys=0.00, real=0.02 secs] 
2016-12-19T21:04:46.738+0100: 1191.083: [GC pause (G1 Evacuation Pause) (young), 0.0568781 secs]
   [Parallel Time: 54.4 ms, GC Workers: 1]
      [GC Worker Start (ms):  1191083.5]
      [Ext Root Scanning (ms):  1.5]
      [Update RS (ms):  12.4]
         [Processed Buffers:  34]
      [Scan RS (ms):  6.5]
      [Code Root Scanning (ms):  0.0]
      [Object Copy (ms):  33.8]
      [Termination (ms):  0.0]
         [Termination Attempts:  1]
      [GC Worker Other (ms):  0.0]
      [GC Worker Total (ms):  54.3]
      [GC Worker End (ms):  1191137.8]
   [Code Root Fixup: 0.0 ms]
   [Code Root Purge: 0.0 ms]
   [Clear CT: 0.1 ms]
   [Other: 2.4 ms]
      [Choose CSet: 0.0 ms]
      [Ref Proc: 0.0 ms]
      [Ref Enq: 0.0 ms]
      [Redirty Cards: 1.6 ms]
      [Humongous Register: 0.1 ms]
      [Humongous Reclaim: 0.1 ms]
      [Free CSet: 0.1 ms]
   [Eden: 46.0M(46.0M)->0.0B(47.0M) Survivors: 5120.0K->4096.0K Heap: 199.9M(1024.0M)->154.2M(1024.0M)]
 [Times: user=0.05 sys=0.00, real=0.06 secs] 
2016-12-19T21:05:10.327+0100: 1214.672: [GC pause (G1 Evacuation Pause) (young), 0.0460097 secs]
   [Parallel Time: 45.4 ms, GC Workers: 1]
      [GC Worker Start (ms):  1214672.3]
      [Ext Root Scanning (ms):  2.9]
      [Update RS (ms):  9.0]
         [Processed Buffers:  36]
      [Scan RS (ms):  11.4]
      [Code Root Scanning (ms):  0.1]
      [Object Copy (ms):  21.9]
      [Termination (ms):  0.0]
         [Termination Attempts:  1]
      [GC Worker Other (ms):  0.0]
      [GC Worker Total (ms):  45.4]
      [GC Worker End (ms):  1214717.6]
   [Code Root Fixup: 0.0 ms]
   [Code Root Purge: 0.0 ms]
   [Clear CT: 0.0 ms]
   [Other: 0.6 ms]
      [Choose CSet: 0.0 ms]
      [Ref Proc: 0.0 ms]
      [Ref Enq: 0.0 ms]
      [Redirty Cards: 0.0 ms]
      [Humongous Register: 0.1 ms]
      [Humongous Reclaim: 0.0 ms]
      [Free CSet: 0.1 ms]
   [Eden: 47.0M(47.0M)->0.0B(45.0M) Survivors: 4096.0K->6144.0K Heap: 201.2M(1024.0M)->155.7M(1024.0M)]
 [Times: user=0.04 sys=0.00, real=0.05 secs] 
2016-12-19T21:05:35.147+0100: 1239.492: [GC pause (G1 Evacuation Pause) (young), 0.0840278 secs]
   [Parallel Time: 82.6 ms, GC Workers: 1]
      [GC Worker Start (ms):  1239492.3]
      [Ext Root Scanning (ms):  2.0]
      [Update RS (ms):  7.9]
         [Processed Buffers:  35]
      [Scan RS (ms):  9.9]
      [Code Root Scanning (ms):  0.1]
      [Object Copy (ms):  62.6]
      [Termination (ms):  0.0]
         [Termination Attempts:  1]
      [GC Worker Other (ms):  0.0]
      [GC Worker Total (ms):  82.5]
      [GC Worker End (ms):  1239574.8]
   [Code Root Fixup: 0.1 ms]
   [Code Root Purge: 0.0 ms]
   [Clear CT: 0.1 ms]
   [Other: 1.3 ms]
      [Choose CSet: 0.0 ms]
      [Ref Proc: 0.1 ms]
      [Ref Enq: 0.0 ms]
      [Redirty Cards: 0.1 ms]
      [Humongous Register: 0.1 ms]
      [Humongous Reclaim: 0.1 ms]
      [Free CSet: 0.7 ms]
   [Eden: 45.0M(45.0M)->0.0B(47.0M) Survivors: 6144.0K->4096.0K Heap: 200.7M(1024.0M)->155.5M(1024.0M)]
 [Times: user=0.06 sys=0.01, real=0.09 secs] 
2016-12-19T21:05:59.617+0100: 1263.963: [GC pause (G1 Evacuation Pause) (young), 0.0400838 secs]
   [Parallel Time: 39.0 ms, GC Workers: 1]
      [GC Worker Start (ms):  1263962.9]
      [Ext Root Scanning (ms):  2.0]
      [Update RS (ms):  6.5]
         [Processed Buffers:  34]
      [Scan RS (ms):  8.0]
      [Code Root Scanning (ms):  0.0]
      [Object Copy (ms):  22.4]
      [Termination (ms):  0.0]
         [Termination Attempts:  1]
      [GC Worker Other (ms):  0.0]
      [GC Worker Total (ms):  38.9]
      [GC Worker End (ms):  1264001.8]
   [Code Root Fixup: 0.1 ms]
   [Code Root Purge: 0.0 ms]
   [Clear CT: 0.0 ms]
   [Other: 1.0 ms]
      [Choose CSet: 0.0 ms]
      [Ref Proc: 0.1 ms]
      [Ref Enq: 0.0 ms]
      [Redirty Cards: 0.0 ms]
      [Humongous Register: 0.2 ms]
      [Humongous Reclaim: 0.1 ms]
      [Free CSet: 0.1 ms]
   [Eden: 47.0M(47.0M)->0.0B(45.0M) Survivors: 4096.0K->6144.0K Heap: 202.5M(1024.0M)->157.0M(1024.0M)]
 [Times: user=0.03 sys=0.00, real=0.04 secs] 
2016-12-19T21:06:22.481+0100: 1286.826: [GC pause (G1 Evacuation Pause) (young), 0.0396856 secs]
   [Parallel Time: 38.8 ms, GC Workers: 1]
      [GC Worker Start (ms):  1286826.4]
      [Ext Root Scanning (ms):  4.3]
      [Update RS (ms):  3.8]
         [Processed Buffers:  31]
      [Scan RS (ms):  6.5]
      [Code Root Scanning (ms):  0.0]
      [Object Copy (ms):  23.9]
      [Termination (ms):  0.0]
         [Termination Attempts:  1]
      [GC Worker Other (ms):  0.2]
      [GC Worker Total (ms):  38.7]
      [GC Worker End (ms):  1286865.1]
   [Code Root Fixup: 0.1 ms]
   [Code Root Purge: 0.0 ms]
   [Clear CT: 0.1 ms]
   [Other: 0.8 ms]
      [Choose CSet: 0.0 ms]
      [Ref Proc: 0.1 ms]
      [Ref Enq: 0.0 ms]
      [Redirty Cards: 0.1 ms]
      [Humongous Register: 0.1 ms]
      [Humongous Reclaim: 0.1 ms]
      [Free CSet: 0.1 ms]
   [Eden: 45.0M(45.0M)->0.0B(47.0M) Survivors: 6144.0K->4096.0K Heap: 202.0M(1024.0M)->157.5M(1024.0M)]
 [Times: user=0.04 sys=0.00, real=0.04 secs] 
2016-12-19T21:06:46.467+0100: 1310.812: [GC pause (G1 Evacuation Pause) (young), 0.0262770 secs]
   [Parallel Time: 25.4 ms, GC Workers: 1]
      [GC Worker Start (ms):  1310812.6]
      [Ext Root Scanning (ms):  3.1]
      [Update RS (ms):  4.2]
         [Processed Buffers:  33]
      [Scan RS (ms):  4.8]
      [Code Root Scanning (ms):  0.0]
      [Object Copy (ms):  13.4]
      [Termination (ms):  0.0]
         [Termination Attempts:  1]
      [GC Worker Other (ms):  0.0]
      [GC Worker Total (ms):  25.4]
      [GC Worker End (ms):  1310838.0]
   [Code Root Fixup: 0.0 ms]
   [Code Root Purge: 0.0 ms]
   [Clear CT: 0.0 ms]
   [Other: 0.8 ms]
      [Choose CSet: 0.0 ms]
      [Ref Proc: 0.0 ms]
      [Ref Enq: 0.0 ms]
      [Redirty Cards: 0.0 ms]
      [Humongous Register: 0.2 ms]
      [Humongous Reclaim: 0.0 ms]
      [Free CSet: 0.1 ms]
   [Eden: 47.0M(47.0M)->0.0B(47.0M) Survivors: 4096.0K->4096.0K Heap: 204.5M(1024.0M)->157.5M(1024.0M)]
 [Times: user=0.03 sys=0.00, real=0.03 secs] 
2016-12-19T21:07:12.364+0100: 1336.709: [GC pause (G1 Evacuation Pause) (young), 0.0428594 secs]
   [Parallel Time: 42.1 ms, GC Workers: 1]
      [GC Worker Start (ms):  1336709.3]
      [Ext Root Scanning (ms):  1.4]
      [Update RS (ms):  4.1]
         [Processed Buffers:  38]
      [Scan RS (ms):  9.9]
      [Code Root Scanning (ms):  0.0]
      [Object Copy (ms):  26.6]
      [Termination (ms):  0.0]
         [Termination Attempts:  1]
      [GC Worker Other (ms):  0.0]
      [GC Worker Total (ms):  42.1]
      [GC Worker End (ms):  1336751.4]
   [Code Root Fixup: 0.1 ms]
   [Code Root Purge: 0.0 ms]
   [Clear CT: 0.0 ms]
   [Other: 0.6 ms]
      [Choose CSet: 0.0 ms]
      [Ref Proc: 0.0 ms]
      [Ref Enq: 0.0 ms]
      [Redirty Cards: 0.0 ms]
      [Humongous Register: 0.2 ms]
      [Humongous Reclaim: 0.0 ms]
      [Free CSet: 0.1 ms]
   [Eden: 47.0M(47.0M)->0.0B(46.0M) Survivors: 4096.0K->5120.0K Heap: 204.5M(1024.0M)->158.5M(1024.0M)]
 [Times: user=0.04 sys=0.00, real=0.04 secs] 
2016-12-19T21:07:39.106+0100: 1363.451: [GC pause (G1 Evacuation Pause) (young), 0.0494423 secs]
   [Parallel Time: 48.3 ms, GC Workers: 1]
      [GC Worker Start (ms):  1363451.3]
      [Ext Root Scanning (ms):  1.0]
      [Update RS (ms):  4.8]
         [Processed Buffers:  35]
      [Scan RS (ms):  5.9]
      [Code Root Scanning (ms):  0.0]
      [Object Copy (ms):  36.4]
      [Termination (ms):  0.0]
         [Termination Attempts:  1]
      [GC Worker Other (ms):  0.0]
      [GC Worker Total (ms):  48.2]
      [GC Worker End (ms):  1363499.5]
   [Code Root Fixup: 0.1 ms]
   [Code Root Purge: 0.0 ms]
   [Clear CT: 0.1 ms]
   [Other: 1.0 ms]
      [Choose CSet: 0.0 ms]
      [Ref Proc: 0.0 ms]
      [Ref Enq: 0.0 ms]
      [Redirty Cards: 0.2 ms]
      [Humongous Register: 0.1 ms]
      [Humongous Reclaim: 0.1 ms]
      [Free CSet: 0.1 ms]
   [Eden: 46.0M(46.0M)->0.0B(47.0M) Survivors: 5120.0K->4096.0K Heap: 204.5M(1024.0M)->158.7M(1024.0M)]
 [Times: user=0.04 sys=0.00, real=0.05 secs] 
2016-12-19T21:08:03.594+0100: 1387.940: [GC pause (G1 Evacuation Pause) (young), 0.0261795 secs]
   [Parallel Time: 25.6 ms, GC Workers: 1]
      [GC Worker Start (ms):  1387940.1]
      [Ext Root Scanning (ms):  1.4]
      [Update RS (ms):  5.9]
         [Processed Buffers:  38]
      [Scan RS (ms):  5.0]
      [Code Root Scanning (ms):  0.0]
      [Object Copy (ms):  13.1]
      [Termination (ms):  0.0]
         [Termination Attempts:  1]
      [GC Worker Other (ms):  0.0]
      [GC Worker Total (ms):  25.5]
      [GC Worker End (ms):  1387965.7]
   [Code Root Fixup: 0.0 ms]
   [Code Root Purge: 0.0 ms]
   [Clear CT: 0.0 ms]
   [Other: 0.5 ms]
      [Choose CSet: 0.0 ms]
      [Ref Proc: 0.0 ms]
      [Ref Enq: 0.0 ms]
      [Redirty Cards: 0.0 ms]
      [Humongous Register: 0.2 ms]
      [Humongous Reclaim: 0.0 ms]
      [Free CSet: 0.0 ms]
   [Eden: 47.0M(47.0M)->0.0B(46.0M) Survivors: 4096.0K->5120.0K Heap: 205.7M(1024.0M)->159.7M(1024.0M)]
 [Times: user=0.02 sys=0.00, real=0.03 secs] 
2016-12-19T21:08:26.924+0100: 1411.270: [GC pause (G1 Evacuation Pause) (young), 0.0216302 secs]
   [Parallel Time: 20.9 ms, GC Workers: 1]
      [GC Worker Start (ms):  1411269.8]
      [Ext Root Scanning (ms):  1.6]
      [Update RS (ms):  2.7]
         [Processed Buffers:  32]
      [Scan RS (ms):  3.9]
      [Code Root Scanning (ms):  0.0]
      [Object Copy (ms):  12.6]
      [Termination (ms):  0.0]
         [Termination Attempts:  1]
      [GC Worker Other (ms):  0.0]
      [GC Worker Total (ms):  20.8]
      [GC Worker End (ms):  1411290.6]
   [Code Root Fixup: 0.1 ms]
   [Code Root Purge: 0.0 ms]
   [Clear CT: 0.0 ms]
   [Other: 0.6 ms]
      [Choose CSet: 0.0 ms]
      [Ref Proc: 0.0 ms]
      [Ref Enq: 0.0 ms]
      [Redirty Cards: 0.1 ms]
      [Humongous Register: 0.1 ms]
      [Humongous Reclaim: 0.0 ms]
      [Free CSet: 0.1 ms]
   [Eden: 46.0M(46.0M)->0.0B(47.0M) Survivors: 5120.0K->4096.0K Heap: 205.7M(1024.0M)->160.2M(1024.0M)]
 [Times: user=0.02 sys=0.00, real=0.02 secs] 
2016-12-19T21:08:50.689+0100: 1435.034: [GC pause (G1 Evacuation Pause) (young), 0.0339888 secs]
   [Parallel Time: 31.7 ms, GC Workers: 1]
      [GC Worker Start (ms):  1435034.6]
      [Ext Root Scanning (ms):  4.1]
      [Update RS (ms):  3.6]
         [Processed Buffers:  34]
      [Scan RS (ms):  5.1]
      [Code Root Scanning (ms):  0.0]
      [Object Copy (ms):  18.8]
      [Termination (ms):  0.0]
         [Termination Attempts:  1]
      [GC Worker Other (ms):  0.0]
      [GC Worker Total (ms):  31.6]
      [GC Worker End (ms):  1435066.2]
   [Code Root Fixup: 0.1 ms]
   [Code Root Purge: 0.0 ms]
   [Clear CT: 0.1 ms]
   [Other: 2.1 ms]
      [Choose CSet: 0.0 ms]
      [Ref Proc: 0.1 ms]
      [Ref Enq: 0.0 ms]
      [Redirty Cards: 0.5 ms]
      [Humongous Register: 0.4 ms]
      [Humongous Reclaim: 0.1 ms]
      [Free CSet: 0.2 ms]
   [Eden: 47.0M(47.0M)->0.0B(45.0M) Survivors: 4096.0K->6144.0K Heap: 207.2M(1024.0M)->161.7M(1024.0M)]
 [Times: user=0.04 sys=0.00, real=0.03 secs] 
2016-12-19T21:09:14.989+0100: 1459.334: [GC pause (G1 Evacuation Pause) (young), 0.0228368 secs]
   [Parallel Time: 22.3 ms, GC Workers: 1]
      [GC Worker Start (ms):  1459334.5]
      [Ext Root Scanning (ms):  1.1]
      [Update RS (ms):  6.0]
         [Processed Buffers:  36]
      [Scan RS (ms):  3.4]
      [Code Root Scanning (ms):  0.0]
      [Object Copy (ms):  11.8]
      [Termination (ms):  0.0]
         [Termination Attempts:  1]
      [GC Worker Other (ms):  0.0]
      [GC Worker Total (ms):  22.3]
      [GC Worker End (ms):  1459356.8]
   [Code Root Fixup: 0.1 ms]
   [Code Root Purge: 0.0 ms]
   [Clear CT: 0.0 ms]
   [Other: 0.4 ms]
      [Choose CSet: 0.0 ms]
      [Ref Proc: 0.0 ms]
      [Ref Enq: 0.0 ms]
      [Redirty Cards: 0.0 ms]
      [Humongous Register: 0.1 ms]
      [Humongous Reclaim: 0.0 ms]
      [Free CSet: 0.0 ms]
   [Eden: 45.0M(45.0M)->0.0B(47.0M) Survivors: 6144.0K->4096.0K Heap: 206.7M(1024.0M)->161.7M(1024.0M)]
 [Times: user=0.02 sys=0.00, real=0.02 secs] 
2016-12-19T21:09:39.598+0100: 1483.944: [GC pause (G1 Evacuation Pause) (young), 0.0227196 secs]
   [Parallel Time: 22.2 ms, GC Workers: 1]
      [GC Worker Start (ms):  1483943.7]
      [Ext Root Scanning (ms):  1.0]
      [Update RS (ms):  2.2]
         [Processed Buffers:  39]
      [Scan RS (ms):  4.3]
      [Code Root Scanning (ms):  0.0]
      [Object Copy (ms):  14.7]
      [Termination (ms):  0.0]
         [Termination Attempts:  1]
      [GC Worker Other (ms):  0.0]
      [GC Worker Total (ms):  22.2]
      [GC Worker End (ms):  1483965.9]
   [Code Root Fixup: 0.0 ms]
   [Code Root Purge: 0.0 ms]
   [Clear CT: 0.0 ms]
   [Other: 0.4 ms]
      [Choose CSet: 0.0 ms]
      [Ref Proc: 0.0 ms]
      [Ref Enq: 0.0 ms]
      [Redirty Cards: 0.0 ms]
      [Humongous Register: 0.1 ms]
      [Humongous Reclaim: 0.0 ms]
      [Free CSet: 0.1 ms]
   [Eden: 47.0M(47.0M)->0.0B(45.0M) Survivors: 4096.0K->6144.0K Heap: 208.7M(1024.0M)->163.2M(1024.0M)]
 [Times: user=0.02 sys=0.00, real=0.03 secs] 
2016-12-19T21:10:02.478+0100: 1506.824: [GC pause (G1 Evacuation Pause) (young), 0.0208561 secs]
   [Parallel Time: 20.3 ms, GC Workers: 1]
      [GC Worker Start (ms):  1506823.9]
      [Ext Root Scanning (ms):  0.8]
      [Update RS (ms):  2.5]
         [Processed Buffers:  35]
      [Scan RS (ms):  4.7]
      [Code Root Scanning (ms):  0.0]
      [Object Copy (ms):  12.3]
      [Termination (ms):  0.0]
         [Termination Attempts:  1]
      [GC Worker Other (ms):  0.0]
      [GC Worker Total (ms):  20.3]
      [GC Worker End (ms):  1506844.2]
   [Code Root Fixup: 0.0 ms]
   [Code Root Purge: 0.0 ms]
   [Clear CT: 0.1 ms]
   [Other: 0.4 ms]
      [Choose CSet: 0.0 ms]
      [Ref Proc: 0.0 ms]
      [Ref Enq: 0.0 ms]
      [Redirty Cards: 0.0 ms]
      [Humongous Register: 0.1 ms]
      [Humongous Reclaim: 0.0 ms]
      [Free CSet: 0.0 ms]
   [Eden: 45.0M(45.0M)->0.0B(47.0M) Survivors: 6144.0K->4096.0K Heap: 208.2M(1024.0M)->163.2M(1024.0M)]
 [Times: user=0.02 sys=0.00, real=0.03 secs] 
2016-12-19T21:10:27.038+0100: 1531.383: [GC pause (G1 Evacuation Pause) (young), 0.0241840 secs]
   [Parallel Time: 23.4 ms, GC Workers: 1]
      [GC Worker Start (ms):  1531383.5]
      [Ext Root Scanning (ms):  2.1]
      [Update RS (ms):  5.1]
         [Processed Buffers:  34]
      [Scan RS (ms):  4.5]
      [Code Root Scanning (ms):  0.0]
      [Object Copy (ms):  11.6]
      [Termination (ms):  0.0]
         [Termination Attempts:  1]
      [GC Worker Other (ms):  0.0]
      [GC Worker Total (ms):  23.3]
      [GC Worker End (ms):  1531406.8]
   [Code Root Fixup: 0.1 ms]
   [Code Root Purge: 0.0 ms]
   [Clear CT: 0.0 ms]
   [Other: 0.7 ms]
      [Choose CSet: 0.0 ms]
      [Ref Proc: 0.0 ms]
      [Ref Enq: 0.0 ms]
      [Redirty Cards: 0.0 ms]
      [Humongous Register: 0.1 ms]
      [Humongous Reclaim: 0.0 ms]
      [Free CSet: 0.1 ms]
   [Eden: 47.0M(47.0M)->0.0B(46.0M) Survivors: 4096.0K->5120.0K Heap: 210.2M(1024.0M)->164.7M(1024.0M)]
 [Times: user=0.02 sys=0.00, real=0.03 secs] 
2016-12-19T21:10:51.177+0100: 1555.522: [GC pause (G1 Evacuation Pause) (young), 0.0218764 secs]
   [Parallel Time: 21.3 ms, GC Workers: 1]
      [GC Worker Start (ms):  1555522.4]
      [Ext Root Scanning (ms):  1.1]
      [Update RS (ms):  2.5]
         [Processed Buffers:  38]
      [Scan RS (ms):  4.8]
      [Code Root Scanning (ms):  0.0]
      [Object Copy (ms):  12.9]
      [Termination (ms):  0.0]
         [Termination Attempts:  1]
      [GC Worker Other (ms):  0.0]
      [GC Worker Total (ms):  21.3]
      [GC Worker End (ms):  1555543.7]
   [Code Root Fixup: 0.0 ms]
   [Code Root Purge: 0.0 ms]
   [Clear CT: 0.1 ms]
   [Other: 0.4 ms]
      [Choose CSet: 0.0 ms]
      [Ref Proc: 0.0 ms]
      [Ref Enq: 0.0 ms]
      [Redirty Cards: 0.0 ms]
      [Humongous Register: 0.1 ms]
      [Humongous Reclaim: 0.0 ms]
      [Free CSet: 0.1 ms]
   [Eden: 46.0M(46.0M)->0.0B(47.0M) Survivors: 5120.0K->4096.0K Heap: 210.7M(1024.0M)->165.7M(1024.0M)]
 [Times: user=0.02 sys=0.00, real=0.02 secs] 
2016-12-19T21:11:17.172+0100: 1581.517: [GC pause (G1 Evacuation Pause) (young), 0.0184091 secs]
   [Parallel Time: 17.8 ms, GC Workers: 1]
      [GC Worker Start (ms):  1581517.6]
      [Ext Root Scanning (ms):  0.9]
      [Update RS (ms):  6.1]
         [Processed Buffers:  48]
      [Scan RS (ms):  2.2]
      [Code Root Scanning (ms):  0.0]
      [Object Copy (ms):  8.6]
      [Termination (ms):  0.0]
         [Termination Attempts:  1]
      [GC Worker Other (ms):  0.0]
      [GC Worker Total (ms):  17.7]
      [GC Worker End (ms):  1581535.3]
   [Code Root Fixup: 0.0 ms]
   [Code Root Purge: 0.0 ms]
   [Clear CT: 0.0 ms]
   [Other: 0.6 ms]
      [Choose CSet: 0.0 ms]
      [Ref Proc: 0.0 ms]
      [Ref Enq: 0.0 ms]
      [Redirty Cards: 0.0 ms]
      [Humongous Register: 0.1 ms]
      [Humongous Reclaim: 0.1 ms]
      [Free CSet: 0.0 ms]
   [Eden: 47.0M(47.0M)->0.0B(47.0M) Survivors: 4096.0K->4096.0K Heap: 212.7M(1024.0M)->165.7M(1024.0M)]
 [Times: user=0.02 sys=0.01, real=0.02 secs] 
2016-12-19T21:11:41.187+0100: 1605.533: [GC pause (G1 Evacuation Pause) (young), 0.0359754 secs]
   [Parallel Time: 35.2 ms, GC Workers: 1]
      [GC Worker Start (ms):  1605532.8]
      [Ext Root Scanning (ms):  1.5]
      [Update RS (ms):  4.2]
         [Processed Buffers:  37]
      [Scan RS (ms):  8.0]
      [Code Root Scanning (ms):  0.0]
      [Object Copy (ms):  21.4]
      [Termination (ms):  0.0]
         [Termination Attempts:  1]
      [GC Worker Other (ms):  0.0]
      [GC Worker Total (ms):  35.1]
      [GC Worker End (ms):  1605567.9]
   [Code Root Fixup: 0.1 ms]
   [Code Root Purge: 0.0 ms]
   [Clear CT: 0.0 ms]
   [Other: 0.7 ms]
      [Choose CSet: 0.0 ms]
      [Ref Proc: 0.0 ms]
      [Ref Enq: 0.0 ms]
      [Redirty Cards: 0.1 ms]
      [Humongous Register: 0.1 ms]
      [Humongous Reclaim: 0.0 ms]
      [Free CSet: 0.1 ms]
   [Eden: 47.0M(47.0M)->0.0B(46.0M) Survivors: 4096.0K->5120.0K Heap: 212.7M(1024.0M)->166.7M(1024.0M)]
 [Times: user=0.03 sys=0.00, real=0.03 secs] 
2016-12-19T21:12:06.757+0100: 1631.103: [GC pause (G1 Evacuation Pause) (young), 0.0251132 secs]
   [Parallel Time: 23.7 ms, GC Workers: 1]
      [GC Worker Start (ms):  1631103.7]
      [Ext Root Scanning (ms):  1.2]
      [Update RS (ms):  4.9]
         [Processed Buffers:  38]
      [Scan RS (ms):  4.2]
      [Code Root Scanning (ms):  0.0]
      [Object Copy (ms):  13.2]
      [Termination (ms):  0.0]
         [Termination Attempts:  1]
      [GC Worker Other (ms):  0.0]
      [GC Worker Total (ms):  23.5]
      [GC Worker End (ms):  1631127.2]
   [Code Root Fixup: 0.1 ms]
   [Code Root Purge: 0.0 ms]
   [Clear CT: 0.0 ms]
   [Other: 1.4 ms]
      [Choose CSet: 0.0 ms]
      [Ref Proc: 0.0 ms]
      [Ref Enq: 0.0 ms]
      [Redirty Cards: 0.0 ms]
      [Humongous Register: 0.3 ms]
      [Humongous Reclaim: 0.1 ms]
      [Free CSet: 0.1 ms]
   [Eden: 46.0M(46.0M)->0.0B(47.0M) Survivors: 5120.0K->4096.0K Heap: 212.7M(1024.0M)->166.9M(1024.0M)]
 [Times: user=0.02 sys=0.00, real=0.03 secs] 
2016-12-19T21:12:30.401+0100: 1654.746: [GC pause (G1 Evacuation Pause) (young), 0.0187796 secs]
   [Parallel Time: 18.2 ms, GC Workers: 1]
      [GC Worker Start (ms):  1654746.2]
      [Ext Root Scanning (ms):  1.0]
      [Update RS (ms):  1.9]
         [Processed Buffers:  37]
      [Scan RS (ms):  4.2]
      [Code Root Scanning (ms):  0.0]
      [Object Copy (ms):  11.1]
      [Termination (ms):  0.0]
         [Termination Attempts:  1]
      [GC Worker Other (ms):  0.0]
      [GC Worker Total (ms):  18.2]
      [GC Worker End (ms):  1654764.4]
   [Code Root Fixup: 0.1 ms]
   [Code Root Purge: 0.0 ms]
   [Clear CT: 0.0 ms]
   [Other: 0.5 ms]
      [Choose CSet: 0.0 ms]
      [Ref Proc: 0.0 ms]
      [Ref Enq: 0.0 ms]
      [Redirty Cards: 0.0 ms]
      [Humongous Register: 0.1 ms]
      [Humongous Reclaim: 0.0 ms]
      [Free CSet: 0.1 ms]
   [Eden: 47.0M(47.0M)->0.0B(45.0M) Survivors: 4096.0K->6144.0K Heap: 213.9M(1024.0M)->168.4M(1024.0M)]
 [Times: user=0.02 sys=0.00, real=0.02 secs] 
2016-12-19T21:12:53.699+0100: 1678.044: [GC pause (G1 Evacuation Pause) (young), 0.0245021 secs]
   [Parallel Time: 23.8 ms, GC Workers: 1]
      [GC Worker Start (ms):  1678044.3]
      [Ext Root Scanning (ms):  1.7]
      [Update RS (ms):  6.0]
         [Processed Buffers:  37]
      [Scan RS (ms):  3.5]
      [Code Root Scanning (ms):  0.0]
      [Object Copy (ms):  12.5]
      [Termination (ms):  0.0]
         [Termination Attempts:  1]
      [GC Worker Other (ms):  0.0]
      [GC Worker Total (ms):  23.7]
      [GC Worker End (ms):  1678068.0]
   [Code Root Fixup: 0.0 ms]
   [Code Root Purge: 0.0 ms]
   [Clear CT: 0.0 ms]
   [Other: 0.7 ms]
      [Choose CSet: 0.0 ms]
      [Ref Proc: 0.0 ms]
      [Ref Enq: 0.0 ms]
      [Redirty Cards: 0.0 ms]
      [Humongous Register: 0.1 ms]
      [Humongous Reclaim: 0.0 ms]
      [Free CSet: 0.0 ms]
   [Eden: 45.0M(45.0M)->0.0B(47.0M) Survivors: 6144.0K->4096.0K Heap: 213.4M(1024.0M)->168.4M(1024.0M)]
 [Times: user=0.02 sys=0.00, real=0.03 secs] 
2016-12-19T21:13:19.436+0100: 1703.781: [GC pause (G1 Evacuation Pause) (young), 0.0199901 secs]
   [Parallel Time: 19.5 ms, GC Workers: 1]
      [GC Worker Start (ms):  1703781.6]
      [Ext Root Scanning (ms):  1.0]
      [Update RS (ms):  2.3]
         [Processed Buffers:  38]
      [Scan RS (ms):  4.3]
      [Code Root Scanning (ms):  0.0]
      [Object Copy (ms):  11.9]
      [Termination (ms):  0.0]
         [Termination Attempts:  1]
      [GC Worker Other (ms):  0.0]
      [GC Worker Total (ms):  19.5]
      [GC Worker End (ms):  1703801.1]
   [Code Root Fixup: 0.0 ms]
   [Code Root Purge: 0.0 ms]
   [Clear CT: 0.0 ms]
   [Other: 0.4 ms]
      [Choose CSet: 0.0 ms]
      [Ref Proc: 0.0 ms]
      [Ref Enq: 0.0 ms]
      [Redirty Cards: 0.0 ms]
      [Humongous Register: 0.1 ms]
      [Humongous Reclaim: 0.0 ms]
      [Free CSet: 0.0 ms]
   [Eden: 47.0M(47.0M)->0.0B(45.0M) Survivors: 4096.0K->6144.0K Heap: 215.4M(1024.0M)->169.9M(1024.0M)]
 [Times: user=0.02 sys=0.00, real=0.02 secs] 
2016-12-19T21:13:43.059+0100: 1727.404: [GC pause (G1 Evacuation Pause) (young), 0.0277447 secs]
   [Parallel Time: 24.9 ms, GC Workers: 1]
      [GC Worker Start (ms):  1727406.7]
      [Ext Root Scanning (ms):  1.1]
      [Update RS (ms):  3.2]
         [Processed Buffers:  39]
      [Scan RS (ms):  5.8]
      [Code Root Scanning (ms):  0.0]
      [Object Copy (ms):  14.7]
      [Termination (ms):  0.0]
         [Termination Attempts:  1]
      [GC Worker Other (ms):  0.0]
      [GC Worker Total (ms):  24.9]
      [GC Worker End (ms):  1727431.6]
   [Code Root Fixup: 0.1 ms]
   [Code Root Purge: 0.0 ms]
   [Clear CT: 0.0 ms]
   [Other: 2.7 ms]
      [Choose CSet: 0.0 ms]
      [Ref Proc: 0.0 ms]
      [Ref Enq: 0.0 ms]
      [Redirty Cards: 0.0 ms]
      [Humongous Register: 0.1 ms]
      [Humongous Reclaim: 0.0 ms]
      [Free CSet: 0.0 ms]
   [Eden: 45.0M(45.0M)->0.0B(47.0M) Survivors: 6144.0K->4096.0K Heap: 214.9M(1024.0M)->169.9M(1024.0M)]
 [Times: user=0.03 sys=0.00, real=0.03 secs] 
2016-12-19T21:14:08.270+0100: 1752.615: [GC pause (G1 Evacuation Pause) (young), 0.0341428 secs]
   [Parallel Time: 33.3 ms, GC Workers: 1]
      [GC Worker Start (ms):  1752615.6]
      [Ext Root Scanning (ms):  1.9]
      [Update RS (ms):  6.1]
         [Processed Buffers:  38]
      [Scan RS (ms):  5.9]
      [Code Root Scanning (ms):  0.0]
      [Object Copy (ms):  19.3]
      [Termination (ms):  0.0]
         [Termination Attempts:  1]
      [GC Worker Other (ms):  0.0]
      [GC Worker Total (ms):  33.2]
      [GC Worker End (ms):  1752648.7]
   [Code Root Fixup: 0.1 ms]
   [Code Root Purge: 0.0 ms]
   [Clear CT: 0.1 ms]
   [Other: 0.8 ms]
      [Choose CSet: 0.0 ms]
      [Ref Proc: 0.1 ms]
      [Ref Enq: 0.0 ms]
      [Redirty Cards: 0.1 ms]
      [Humongous Register: 0.1 ms]
      [Humongous Reclaim: 0.1 ms]
      [Free CSet: 0.1 ms]
   [Eden: 47.0M(47.0M)->0.0B(45.0M) Survivors: 4096.0K->6144.0K Heap: 216.9M(1024.0M)->171.4M(1024.0M)]
 [Times: user=0.03 sys=0.00, real=0.03 secs] 
2016-12-19T21:14:31.015+0100: 1775.360: [GC pause (G1 Evacuation Pause) (young), 0.0205987 secs]
   [Parallel Time: 20.1 ms, GC Workers: 1]
      [GC Worker Start (ms):  1775360.6]
      [Ext Root Scanning (ms):  1.0]
      [Update RS (ms):  2.5]
         [Processed Buffers:  37]
      [Scan RS (ms):  4.1]
      [Code Root Scanning (ms):  0.0]
      [Object Copy (ms):  12.5]
      [Termination (ms):  0.0]
         [Termination Attempts:  1]
      [GC Worker Other (ms):  0.0]
      [GC Worker Total (ms):  20.0]
      [GC Worker End (ms):  1775380.7]
   [Code Root Fixup: 0.0 ms]
   [Code Root Purge: 0.0 ms]
   [Clear CT: 0.0 ms]
   [Other: 0.4 ms]
      [Choose CSet: 0.0 ms]
      [Ref Proc: 0.0 ms]
      [Ref Enq: 0.0 ms]
      [Redirty Cards: 0.0 ms]
      [Humongous Register: 0.1 ms]
      [Humongous Reclaim: 0.0 ms]
      [Free CSet: 0.1 ms]
   [Eden: 45.0M(45.0M)->0.0B(47.0M) Survivors: 6144.0K->4096.0K Heap: 216.4M(1024.0M)->171.4M(1024.0M)]
 [Times: user=0.02 sys=0.01, real=0.02 secs] 
2016-12-19T21:14:55.006+0100: 1799.351: [GC pause (G1 Evacuation Pause) (young), 0.0206340 secs]
   [Parallel Time: 19.9 ms, GC Workers: 1]
      [GC Worker Start (ms):  1799351.6]
      [Ext Root Scanning (ms):  1.0]
      [Update RS (ms):  2.1]
         [Processed Buffers:  37]
      [Scan RS (ms):  4.4]
      [Code Root Scanning (ms):  0.0]
      [Object Copy (ms):  12.4]
      [Termination (ms):  0.0]
         [Termination Attempts:  1]
      [GC Worker Other (ms):  0.0]
      [GC Worker Total (ms):  19.9]
      [GC Worker End (ms):  1799371.5]
   [Code Root Fixup: 0.0 ms]
   [Code Root Purge: 0.0 ms]
   [Clear CT: 0.1 ms]
   [Other: 0.6 ms]
      [Choose CSet: 0.0 ms]
      [Ref Proc: 0.0 ms]
      [Ref Enq: 0.0 ms]
      [Redirty Cards: 0.0 ms]
      [Humongous Register: 0.1 ms]
      [Humongous Reclaim: 0.0 ms]
      [Free CSet: 0.1 ms]
   [Eden: 47.0M(47.0M)->0.0B(46.0M) Survivors: 4096.0K->5120.0K Heap: 218.4M(1024.0M)->172.9M(1024.0M)]
 [Times: user=0.02 sys=0.00, real=0.02 secs] 
2016-12-19T21:15:20.065+0100: 1824.410: [GC pause (G1 Evacuation Pause) (young), 0.0627504 secs]
   [Parallel Time: 61.8 ms, GC Workers: 1]
      [GC Worker Start (ms):  1824410.3]
      [Ext Root Scanning (ms):  1.4]
      [Update RS (ms):  11.3]
         [Processed Buffers:  39]
      [Scan RS (ms):  7.9]
      [Code Root Scanning (ms):  0.0]
      [Object Copy (ms):  41.1]
      [Termination (ms):  0.0]
         [Termination Attempts:  1]
      [GC Worker Other (ms):  0.0]
      [GC Worker Total (ms):  61.8]
      [GC Worker End (ms):  1824472.1]
   [Code Root Fixup: 0.1 ms]
   [Code Root Purge: 0.0 ms]
   [Clear CT: 0.1 ms]
   [Other: 0.8 ms]
      [Choose CSet: 0.0 ms]
      [Ref Proc: 0.1 ms]
      [Ref Enq: 0.0 ms]
      [Redirty Cards: 0.1 ms]
      [Humongous Register: 0.1 ms]
      [Humongous Reclaim: 0.0 ms]
      [Free CSet: 0.1 ms]
   [Eden: 46.0M(46.0M)->0.0B(47.0M) Survivors: 5120.0K->4096.0K Heap: 218.9M(1024.0M)->173.7M(1024.0M)]
 [Times: user=0.06 sys=0.00, real=0.07 secs] 
2016-12-19T21:15:43.196+0100: 1847.541: [GC pause (G1 Evacuation Pause) (young), 0.0229515 secs]
   [Parallel Time: 22.1 ms, GC Workers: 1]
      [GC Worker Start (ms):  1847541.3]
      [Ext Root Scanning (ms):  1.5]
      [Update RS (ms):  4.2]
         [Processed Buffers:  38]
      [Scan RS (ms):  5.9]
      [Code Root Scanning (ms):  0.0]
      [Object Copy (ms):  10.5]
      [Termination (ms):  0.0]
         [Termination Attempts:  1]
      [GC Worker Other (ms):  0.0]
      [GC Worker Total (ms):  22.0]
      [GC Worker End (ms):  1847563.4]
   [Code Root Fixup: 0.1 ms]
   [Code Root Purge: 0.0 ms]
   [Clear CT: 0.0 ms]
   [Other: 0.8 ms]
      [Choose CSet: 0.0 ms]
      [Ref Proc: 0.0 ms]
      [Ref Enq: 0.0 ms]
      [Redirty Cards: 0.1 ms]
      [Humongous Register: 0.1 ms]
      [Humongous Reclaim: 0.0 ms]
      [Free CSet: 0.1 ms]
   [Eden: 47.0M(47.0M)->0.0B(47.0M) Survivors: 4096.0K->4096.0K Heap: 220.7M(1024.0M)->173.7M(1024.0M)]
 [Times: user=0.02 sys=0.00, real=0.02 secs] 
2016-12-19T21:16:06.515+0100: 1870.861: [GC pause (G1 Evacuation Pause) (young), 0.0206541 secs]
   [Parallel Time: 20.0 ms, GC Workers: 1]
      [GC Worker Start (ms):  1870861.0]
      [Ext Root Scanning (ms):  1.1]
      [Update RS (ms):  2.5]
         [Processed Buffers:  38]
      [Scan RS (ms):  4.3]
      [Code Root Scanning (ms):  0.0]
      [Object Copy (ms):  12.0]
      [Termination (ms):  0.0]
         [Termination Attempts:  1]
      [GC Worker Other (ms):  0.0]
      [GC Worker Total (ms):  19.9]
      [GC Worker End (ms):  1870880.9]
   [Code Root Fixup: 0.0 ms]
   [Code Root Purge: 0.0 ms]
   [Clear CT: 0.0 ms]
   [Other: 0.6 ms]
      [Choose CSet: 0.0 ms]
      [Ref Proc: 0.0 ms]
      [Ref Enq: 0.0 ms]
      [Redirty Cards: 0.0 ms]
      [Humongous Register: 0.1 ms]
      [Humongous Reclaim: 0.0 ms]
      [Free CSet: 0.1 ms]
   [Eden: 47.0M(47.0M)->0.0B(46.0M) Survivors: 4096.0K->5120.0K Heap: 220.7M(1024.0M)->174.7M(1024.0M)]
 [Times: user=0.02 sys=0.00, real=0.02 secs] 
2016-12-19T21:16:30.306+0100: 1894.651: [GC pause (G1 Evacuation Pause) (young), 0.0230589 secs]
   [Parallel Time: 22.5 ms, GC Workers: 1]
      [GC Worker Start (ms):  1894651.1]
      [Ext Root Scanning (ms):  1.0]
      [Update RS (ms):  2.4]
         [Processed Buffers:  35]
      [Scan RS (ms):  5.4]
      [Code Root Scanning (ms):  0.0]
      [Object Copy (ms):  13.7]
      [Termination (ms):  0.0]
         [Termination Attempts:  1]
      [GC Worker Other (ms):  0.0]
      [GC Worker Total (ms):  22.4]
      [GC Worker End (ms):  1894673.5]
   [Code Root Fixup: 0.1 ms]
   [Code Root Purge: 0.0 ms]
   [Clear CT: 0.0 ms]
   [Other: 0.5 ms]
      [Choose CSet: 0.0 ms]
      [Ref Proc: 0.0 ms]
      [Ref Enq: 0.0 ms]
      [Redirty Cards: 0.0 ms]
      [Humongous Register: 0.1 ms]
      [Humongous Reclaim: 0.0 ms]
      [Free CSet: 0.1 ms]
   [Eden: 46.0M(46.0M)->0.0B(47.0M) Survivors: 5120.0K->4096.0K Heap: 220.7M(1024.0M)->174.9M(1024.0M)]
 [Times: user=0.02 sys=0.00, real=0.03 secs] 
2016-12-19T21:16:54.373+0100: 1918.718: [GC pause (G1 Evacuation Pause) (young), 0.0210858 secs]
   [Parallel Time: 20.5 ms, GC Workers: 1]
      [GC Worker Start (ms):  1918718.3]
      [Ext Root Scanning (ms):  0.9]
      [Update RS (ms):  2.2]
         [Processed Buffers:  34]
      [Scan RS (ms):  3.9]
      [Code Root Scanning (ms):  0.0]
      [Object Copy (ms):  13.4]
      [Termination (ms):  0.0]
         [Termination Attempts:  1]
      [GC Worker Other (ms):  0.0]
      [GC Worker Total (ms):  20.5]
      [GC Worker End (ms):  1918738.8]
   [Code Root Fixup: 0.0 ms]
   [Code Root Purge: 0.0 ms]
   [Clear CT: 0.0 ms]
   [Other: 0.5 ms]
      [Choose CSet: 0.0 ms]
      [Ref Proc: 0.0 ms]
      [Ref Enq: 0.0 ms]
      [Redirty Cards: 0.0 ms]
      [Humongous Register: 0.1 ms]
      [Humongous Reclaim: 0.0 ms]
      [Free CSet: 0.1 ms]
   [Eden: 47.0M(47.0M)->0.0B(46.0M) Survivors: 4096.0K->5120.0K Heap: 221.9M(1024.0M)->175.9M(1024.0M)]
 [Times: user=0.02 sys=0.00, real=0.02 secs] 
2016-12-19T21:17:19.107+0100: 1943.452: [GC pause (G1 Evacuation Pause) (young), 0.0213297 secs]
   [Parallel Time: 19.5 ms, GC Workers: 1]
      [GC Worker Start (ms):  1943453.8]
      [Ext Root Scanning (ms):  1.0]
      [Update RS (ms):  2.9]
         [Processed Buffers:  37]
      [Scan RS (ms):  3.8]
      [Code Root Scanning (ms):  0.0]
      [Object Copy (ms):  11.8]
      [Termination (ms):  0.0]
         [Termination Attempts:  1]
      [GC Worker Other (ms):  0.0]
      [GC Worker Total (ms):  19.5]
      [GC Worker End (ms):  1943473.3]
   [Code Root Fixup: 0.0 ms]
   [Code Root Purge: 0.0 ms]
   [Clear CT: 0.0 ms]
   [Other: 1.8 ms]
      [Choose CSet: 0.0 ms]
      [Ref Proc: 0.0 ms]
      [Ref Enq: 0.0 ms]
      [Redirty Cards: 0.0 ms]
      [Humongous Register: 0.2 ms]
      [Humongous Reclaim: 0.0 ms]
      [Free CSet: 0.0 ms]
   [Eden: 46.0M(46.0M)->0.0B(47.0M) Survivors: 5120.0K->4096.0K Heap: 221.9M(1024.0M)->176.4M(1024.0M)]
 [Times: user=0.02 sys=0.00, real=0.03 secs] 
2016-12-19T21:17:44.175+0100: 1968.520: [GC pause (G1 Evacuation Pause) (young), 0.0253338 secs]
   [Parallel Time: 24.5 ms, GC Workers: 1]
      [GC Worker Start (ms):  1968520.4]
      [Ext Root Scanning (ms):  1.4]
      [Update RS (ms):  2.5]
         [Processed Buffers:  39]
      [Scan RS (ms):  5.7]
      [Code Root Scanning (ms):  0.0]
      [Object Copy (ms):  14.9]
      [Termination (ms):  0.0]
         [Termination Attempts:  1]
      [GC Worker Other (ms):  0.0]
      [GC Worker Total (ms):  24.5]
      [GC Worker End (ms):  1968544.8]
   [Code Root Fixup: 0.1 ms]
   [Code Root Purge: 0.0 ms]
   [Clear CT: 0.1 ms]
   [Other: 0.7 ms]
      [Choose CSet: 0.0 ms]
      [Ref Proc: 0.1 ms]
      [Ref Enq: 0.0 ms]
      [Redirty Cards: 0.0 ms]
      [Humongous Register: 0.1 ms]
      [Humongous Reclaim: 0.1 ms]
      [Free CSet: 0.1 ms]
   [Eden: 47.0M(47.0M)->0.0B(45.0M) Survivors: 4096.0K->6144.0K Heap: 223.4M(1024.0M)->177.9M(1024.0M)]
 [Times: user=0.02 sys=0.00, real=0.03 secs] 
2016-12-19T21:18:09.601+0100: 1993.946: [GC pause (G1 Evacuation Pause) (young), 0.0253708 secs]
   [Parallel Time: 24.7 ms, GC Workers: 1]
      [GC Worker Start (ms):  1993946.7]
      [Ext Root Scanning (ms):  2.9]
      [Update RS (ms):  2.6]
         [Processed Buffers:  36]
      [Scan RS (ms):  3.7]
      [Code Root Scanning (ms):  0.0]
      [Object Copy (ms):  15.5]
      [Termination (ms):  0.0]
         [Termination Attempts:  1]
      [GC Worker Other (ms):  0.0]
      [GC Worker Total (ms):  24.7]
      [GC Worker End (ms):  1993971.4]
   [Code Root Fixup: 0.1 ms]
   [Code Root Purge: 0.0 ms]
   [Clear CT: 0.0 ms]
   [Other: 0.6 ms]
      [Choose CSet: 0.0 ms]
      [Ref Proc: 0.0 ms]
      [Ref Enq: 0.0 ms]
      [Redirty Cards: 0.0 ms]
      [Humongous Register: 0.1 ms]
      [Humongous Reclaim: 0.0 ms]
      [Free CSet: 0.0 ms]
   [Eden: 45.0M(45.0M)->0.0B(47.0M) Survivors: 6144.0K->4096.0K Heap: 222.9M(1024.0M)->177.9M(1024.0M)]
 [Times: user=0.02 sys=0.00, real=0.02 secs] 
2016-12-19T21:18:34.238+0100: 2018.584: [GC pause (G1 Evacuation Pause) (young), 0.0243727 secs]
   [Parallel Time: 23.6 ms, GC Workers: 1]
      [GC Worker Start (ms):  2018584.2]
      [Ext Root Scanning (ms):  1.2]
      [Update RS (ms):  5.1]
         [Processed Buffers:  40]
      [Scan RS (ms):  4.9]
      [Code Root Scanning (ms):  0.0]
      [Object Copy (ms):  12.3]
      [Termination (ms):  0.0]
         [Termination Attempts:  1]
      [GC Worker Other (ms):  0.0]
      [GC Worker Total (ms):  23.6]
      [GC Worker End (ms):  2018607.8]
   [Code Root Fixup: 0.1 ms]
   [Code Root Purge: 0.0 ms]
   [Clear CT: 0.0 ms]
   [Other: 0.6 ms]
      [Choose CSet: 0.0 ms]
      [Ref Proc: 0.0 ms]
      [Ref Enq: 0.0 ms]
      [Redirty Cards: 0.0 ms]
      [Humongous Register: 0.2 ms]
      [Humongous Reclaim: 0.0 ms]
      [Free CSet: 0.1 ms]
   [Eden: 47.0M(47.0M)->0.0B(45.0M) Survivors: 4096.0K->6144.0K Heap: 224.9M(1024.0M)->179.4M(1024.0M)]
 [Times: user=0.02 sys=0.00, real=0.03 secs] 
2016-12-19T21:18:58.712+0100: 2043.058: [GC pause (G1 Evacuation Pause) (young), 0.0237070 secs]
   [Parallel Time: 23.0 ms, GC Workers: 1]
      [GC Worker Start (ms):  2043057.8]
      [Ext Root Scanning (ms):  1.1]
      [Update RS (ms):  3.1]
         [Processed Buffers:  38]
      [Scan RS (ms):  4.2]
      [Code Root Scanning (ms):  0.0]
      [Object Copy (ms):  14.6]
      [Termination (ms):  0.0]
         [Termination Attempts:  1]
      [GC Worker Other (ms):  0.0]
      [GC Worker Total (ms):  23.0]
      [GC Worker End (ms):  2043080.8]
   [Code Root Fixup: 0.1 ms]
   [Code Root Purge: 0.0 ms]
   [Clear CT: 0.0 ms]
   [Other: 0.5 ms]
      [Choose CSet: 0.0 ms]
      [Ref Proc: 0.0 ms]
      [Ref Enq: 0.0 ms]
      [Redirty Cards: 0.0 ms]
      [Humongous Register: 0.1 ms]
      [Humongous Reclaim: 0.0 ms]
      [Free CSet: 0.0 ms]
   [Eden: 45.0M(45.0M)->0.0B(47.0M) Survivors: 6144.0K->4096.0K Heap: 224.4M(1024.0M)->179.9M(1024.0M)]
 [Times: user=0.02 sys=0.00, real=0.02 secs] 
2016-12-19T21:19:24.562+0100: 2068.907: [GC pause (G1 Evacuation Pause) (young), 0.0314499 secs]
   [Parallel Time: 30.4 ms, GC Workers: 1]
      [GC Worker Start (ms):  2068907.4]
      [Ext Root Scanning (ms):  1.3]
      [Update RS (ms):  3.5]
         [Processed Buffers:  38]
      [Scan RS (ms):  7.4]
      [Code Root Scanning (ms):  0.0]
      [Object Copy (ms):  18.2]
      [Termination (ms):  0.0]
         [Termination Attempts:  1]
      [GC Worker Other (ms):  0.0]
      [GC Worker Total (ms):  30.4]
      [GC Worker End (ms):  2068937.8]
   [Code Root Fixup: 0.1 ms]
   [Code Root Purge: 0.0 ms]
   [Clear CT: 0.1 ms]
   [Other: 0.9 ms]
      [Choose CSet: 0.0 ms]
      [Ref Proc: 0.1 ms]
      [Ref Enq: 0.0 ms]
      [Redirty Cards: 0.1 ms]
      [Humongous Register: 0.1 ms]
      [Humongous Reclaim: 0.1 ms]
      [Free CSet: 0.1 ms]
   [Eden: 47.0M(47.0M)->0.0B(46.0M) Survivors: 4096.0K->5120.0K Heap: 226.9M(1024.0M)->180.9M(1024.0M)]
 [Times: user=0.04 sys=0.00, real=0.03 secs] 
2016-12-19T21:19:49.035+0100: 2093.380: [GC pause (G1 Evacuation Pause) (young), 0.0188164 secs]
   [Parallel Time: 18.3 ms, GC Workers: 1]
      [GC Worker Start (ms):  2093380.3]
      [Ext Root Scanning (ms):  1.0]
      [Update RS (ms):  2.1]
         [Processed Buffers:  38]
      [Scan RS (ms):  4.0]
      [Code Root Scanning (ms):  0.0]
      [Object Copy (ms):  11.2]
      [Termination (ms):  0.0]
         [Termination Attempts:  1]
      [GC Worker Other (ms):  0.0]
      [GC Worker Total (ms):  18.3]
      [GC Worker End (ms):  2093398.6]
   [Code Root Fixup: 0.1 ms]
   [Code Root Purge: 0.0 ms]
   [Clear CT: 0.0 ms]
   [Other: 0.4 ms]
      [Choose CSet: 0.0 ms]
      [Ref Proc: 0.0 ms]
      [Ref Enq: 0.0 ms]
      [Redirty Cards: 0.0 ms]
      [Humongous Register: 0.1 ms]
      [Humongous Reclaim: 0.0 ms]
      [Free CSet: 0.1 ms]
   [Eden: 46.0M(46.0M)->0.0B(47.0M) Survivors: 5120.0K->4096.0K Heap: 226.9M(1024.0M)->181.7M(1024.0M)]
 [Times: user=0.02 sys=0.00, real=0.02 secs] 
2016-12-19T21:20:12.911+0100: 2117.257: [GC pause (G1 Evacuation Pause) (young), 0.0169844 secs]
   [Parallel Time: 16.5 ms, GC Workers: 1]
      [GC Worker Start (ms):  2117256.8]
      [Ext Root Scanning (ms):  0.8]
      [Update RS (ms):  2.2]
         [Processed Buffers:  38]
      [Scan RS (ms):  4.5]
      [Code Root Scanning (ms):  0.0]
      [Object Copy (ms):  8.9]
      [Termination (ms):  0.0]
         [Termination Attempts:  1]
      [GC Worker Other (ms):  0.0]
      [GC Worker Total (ms):  16.4]
      [GC Worker End (ms):  2117273.3]
   [Code Root Fixup: 0.0 ms]
   [Code Root Purge: 0.0 ms]
   [Clear CT: 0.0 ms]
   [Other: 0.4 ms]
      [Choose CSet: 0.0 ms]
      [Ref Proc: 0.0 ms]
      [Ref Enq: 0.0 ms]
      [Redirty Cards: 0.0 ms]
      [Humongous Register: 0.1 ms]
      [Humongous Reclaim: 0.0 ms]
      [Free CSet: 0.1 ms]
   [Eden: 47.0M(47.0M)->0.0B(47.0M) Survivors: 4096.0K->4096.0K Heap: 228.7M(1024.0M)->181.7M(1024.0M)]
 [Times: user=0.02 sys=0.00, real=0.02 secs] 
2016-12-19T21:20:36.978+0100: 2141.323: [GC pause (G1 Evacuation Pause) (young), 0.0199128 secs]
   [Parallel Time: 19.3 ms, GC Workers: 1]
      [GC Worker Start (ms):  2141323.1]
      [Ext Root Scanning (ms):  1.1]
      [Update RS (ms):  2.4]
         [Processed Buffers:  39]
      [Scan RS (ms):  4.3]
      [Code Root Scanning (ms):  0.0]
      [Object Copy (ms):  11.4]
      [Termination (ms):  0.0]
         [Termination Attempts:  1]
      [GC Worker Other (ms):  0.0]
      [GC Worker Total (ms):  19.3]
      [GC Worker End (ms):  2141342.4]
   [Code Root Fixup: 0.1 ms]
   [Code Root Purge: 0.0 ms]
   [Clear CT: 0.0 ms]
   [Other: 0.5 ms]
      [Choose CSet: 0.0 ms]
      [Ref Proc: 0.0 ms]
      [Ref Enq: 0.0 ms]
      [Redirty Cards: 0.0 ms]
      [Humongous Register: 0.1 ms]
      [Humongous Reclaim: 0.0 ms]
      [Free CSet: 0.1 ms]
   [Eden: 47.0M(47.0M)->0.0B(46.0M) Survivors: 4096.0K->5120.0K Heap: 228.7M(1024.0M)->182.7M(1024.0M)]
 [Times: user=0.02 sys=0.00, real=0.02 secs] 
2016-12-19T21:21:01.167+0100: 2165.513: [GC pause (G1 Evacuation Pause) (young), 0.0205949 secs]
   [Parallel Time: 20.1 ms, GC Workers: 1]
      [GC Worker Start (ms):  2165512.8]
      [Ext Root Scanning (ms):  1.0]
      [Update RS (ms):  2.5]
         [Processed Buffers:  38]
      [Scan RS (ms):  4.4]
      [Code Root Scanning (ms):  0.0]
      [Object Copy (ms):  12.0]
      [Termination (ms):  0.0]
         [Termination Attempts:  1]
      [GC Worker Other (ms):  0.0]
      [GC Worker Total (ms):  20.1]
      [GC Worker End (ms):  2165532.9]
   [Code Root Fixup: 0.1 ms]
   [Code Root Purge: 0.0 ms]
   [Clear CT: 0.0 ms]
   [Other: 0.4 ms]
      [Choose CSet: 0.0 ms]
      [Ref Proc: 0.0 ms]
      [Ref Enq: 0.0 ms]
      [Redirty Cards: 0.0 ms]
      [Humongous Register: 0.1 ms]
      [Humongous Reclaim: 0.0 ms]
      [Free CSet: 0.0 ms]
   [Eden: 46.0M(46.0M)->0.0B(47.0M) Survivors: 5120.0K->4096.0K Heap: 228.7M(1024.0M)->182.9M(1024.0M)]
 [Times: user=0.03 sys=0.00, real=0.02 secs] 
2016-12-19T21:21:25.433+0100: 2189.778: [GC pause (G1 Evacuation Pause) (young), 0.0224275 secs]
   [Parallel Time: 21.8 ms, GC Workers: 1]
      [GC Worker Start (ms):  2189778.5]
      [Ext Root Scanning (ms):  0.9]
      [Update RS (ms):  2.5]
         [Processed Buffers:  37]
      [Scan RS (ms):  4.5]
      [Code Root Scanning (ms):  0.0]
      [Object Copy (ms):  13.8]
      [Termination (ms):  0.0]
         [Termination Attempts:  1]
      [GC Worker Other (ms):  0.0]
      [GC Worker Total (ms):  21.8]
      [GC Worker End (ms):  2189800.3]
   [Code Root Fixup: 0.1 ms]
   [Code Root Purge: 0.0 ms]
   [Clear CT: 0.0 ms]
   [Other: 0.5 ms]
      [Choose CSet: 0.0 ms]
      [Ref Proc: 0.0 ms]
      [Ref Enq: 0.0 ms]
      [Redirty Cards: 0.0 ms]
      [Humongous Register: 0.1 ms]
      [Humongous Reclaim: 0.0 ms]
      [Free CSet: 0.1 ms]
   [Eden: 47.0M(47.0M)->0.0B(45.0M) Survivors: 4096.0K->6144.0K Heap: 229.9M(1024.0M)->184.4M(1024.0M)]
 [Times: user=0.02 sys=0.00, real=0.02 secs] 
2016-12-19T21:21:49.050+0100: 2213.396: [GC pause (G1 Evacuation Pause) (young), 0.0214996 secs]
   [Parallel Time: 20.9 ms, GC Workers: 1]
      [GC Worker Start (ms):  2213396.0]
      [Ext Root Scanning (ms):  2.7]
      [Update RS (ms):  2.2]
         [Processed Buffers:  34]
      [Scan RS (ms):  3.9]
      [Code Root Scanning (ms):  0.0]
      [Object Copy (ms):  12.0]
      [Termination (ms):  0.0]
         [Termination Attempts:  1]
      [GC Worker Other (ms):  0.0]
      [GC Worker Total (ms):  20.9]
      [GC Worker End (ms):  2213416.9]
   [Code Root Fixup: 0.1 ms]
   [Code Root Purge: 0.0 ms]
   [Clear CT: 0.0 ms]
   [Other: 0.5 ms]
      [Choose CSet: 0.0 ms]
      [Ref Proc: 0.0 ms]
      [Ref Enq: 0.0 ms]
      [Redirty Cards: 0.0 ms]
      [Humongous Register: 0.1 ms]
      [Humongous Reclaim: 0.0 ms]
      [Free CSet: 0.0 ms]
   [Eden: 45.0M(45.0M)->0.0B(47.0M) Survivors: 6144.0K->4096.0K Heap: 229.4M(1024.0M)->184.4M(1024.0M)]
 [Times: user=0.02 sys=0.00, real=0.02 secs] 
2016-12-19T21:22:13.797+0100: 2238.143: [GC pause (G1 Evacuation Pause) (young), 0.0226912 secs]
   [Parallel Time: 22.0 ms, GC Workers: 1]
      [GC Worker Start (ms):  2238142.8]
      [Ext Root Scanning (ms):  0.9]
      [Update RS (ms):  2.6]
         [Processed Buffers:  34]
      [Scan RS (ms):  4.3]
      [Code Root Scanning (ms):  0.0]
      [Object Copy (ms):  14.2]
      [Termination (ms):  0.0]
         [Termination Attempts:  1]
      [GC Worker Other (ms):  0.0]
      [GC Worker Total (ms):  22.0]
      [GC Worker End (ms):  2238164.8]
   [Code Root Fixup: 0.1 ms]
   [Code Root Purge: 0.0 ms]
   [Clear CT: 0.0 ms]
   [Other: 0.6 ms]
      [Choose CSet: 0.0 ms]
      [Ref Proc: 0.0 ms]
      [Ref Enq: 0.0 ms]
      [Redirty Cards: 0.0 ms]
      [Humongous Register: 0.1 ms]
      [Humongous Reclaim: 0.0 ms]
      [Free CSet: 0.2 ms]
   [Eden: 47.0M(47.0M)->0.0B(45.0M) Survivors: 4096.0K->6144.0K Heap: 231.4M(1024.0M)->185.9M(1024.0M)]
 [Times: user=0.03 sys=0.00, real=0.03 secs] 
2016-12-19T21:22:37.978+0100: 2262.324: [GC pause (G1 Evacuation Pause) (young), 0.0227165 secs]
   [Parallel Time: 22.1 ms, GC Workers: 1]
      [GC Worker Start (ms):  2262324.1]
      [Ext Root Scanning (ms):  3.0]
      [Update RS (ms):  2.8]
         [Processed Buffers:  34]
      [Scan RS (ms):  3.8]
      [Code Root Scanning (ms):  0.0]
      [Object Copy (ms):  12.5]
      [Termination (ms):  0.0]
         [Termination Attempts:  1]
      [GC Worker Other (ms):  0.0]
      [GC Worker Total (ms):  22.0]
      [GC Worker End (ms):  2262346.2]
   [Code Root Fixup: 0.1 ms]
   [Code Root Purge: 0.0 ms]
   [Clear CT: 0.0 ms]
   [Other: 0.6 ms]
      [Choose CSet: 0.0 ms]
      [Ref Proc: 0.0 ms]
      [Ref Enq: 0.0 ms]
      [Redirty Cards: 0.0 ms]
      [Humongous Register: 0.2 ms]
      [Humongous Reclaim: 0.0 ms]
      [Free CSet: 0.0 ms]
   [Eden: 45.0M(45.0M)->0.0B(47.0M) Survivors: 6144.0K->4096.0K Heap: 230.9M(1024.0M)->185.7M(1024.0M)]
 [Times: user=0.02 sys=0.00, real=0.03 secs] 
2016-12-19T21:23:02.186+0100: 2286.531: [GC pause (G1 Evacuation Pause) (young), 0.0278662 secs]
   [Parallel Time: 27.3 ms, GC Workers: 1]
      [GC Worker Start (ms):  2286531.2]
      [Ext Root Scanning (ms):  1.0]
      [Update RS (ms):  2.8]
         [Processed Buffers:  35]
      [Scan RS (ms):  6.0]
      [Code Root Scanning (ms):  0.0]
      [Object Copy (ms):  17.5]
      [Termination (ms):  0.0]
         [Termination Attempts:  1]
      [GC Worker Other (ms):  0.0]
      [GC Worker Total (ms):  27.3]
      [GC Worker End (ms):  2286558.4]
   [Code Root Fixup: 0.0 ms]
   [Code Root Purge: 0.0 ms]
   [Clear CT: 0.0 ms]
   [Other: 0.5 ms]
      [Choose CSet: 0.0 ms]
      [Ref Proc: 0.0 ms]
      [Ref Enq: 0.0 ms]
      [Redirty Cards: 0.0 ms]
      [Humongous Register: 0.1 ms]
      [Humongous Reclaim: 0.0 ms]
      [Free CSet: 0.1 ms]
   [Eden: 47.0M(47.0M)->0.0B(45.0M) Survivors: 4096.0K->6144.0K Heap: 232.7M(1024.0M)->187.2M(1024.0M)]
 [Times: user=0.03 sys=0.00, real=0.03 secs] 
2016-12-19T21:23:25.681+0100: 2310.026: [GC pause (G1 Evacuation Pause) (young), 0.0270279 secs]
   [Parallel Time: 26.4 ms, GC Workers: 1]
      [GC Worker Start (ms):  2310026.7]
      [Ext Root Scanning (ms):  1.4]
      [Update RS (ms):  5.6]
         [Processed Buffers:  32]
      [Scan RS (ms):  4.3]
      [Code Root Scanning (ms):  0.0]
      [Object Copy (ms):  15.1]
      [Termination (ms):  0.0]
         [Termination Attempts:  1]
      [GC Worker Other (ms):  0.0]
      [GC Worker Total (ms):  26.4]
      [GC Worker End (ms):  2310053.1]
   [Code Root Fixup: 0.0 ms]
   [Code Root Purge: 0.0 ms]
   [Clear CT: 0.0 ms]
   [Other: 0.5 ms]
      [Choose CSet: 0.0 ms]
      [Ref Proc: 0.0 ms]
      [Ref Enq: 0.0 ms]
      [Redirty Cards: 0.0 ms]
      [Humongous Register: 0.1 ms]
      [Humongous Reclaim: 0.0 ms]
      [Free CSet: 0.0 ms]
   [Eden: 45.0M(45.0M)->0.0B(47.0M) Survivors: 6144.0K->4096.0K Heap: 232.2M(1024.0M)->187.2M(1024.0M)]
 [Times: user=0.03 sys=0.00, real=0.02 secs] 
2016-12-19T21:23:53.680+0100: 2338.025: [GC pause (G1 Evacuation Pause) (young), 0.0201756 secs]
   [Parallel Time: 19.7 ms, GC Workers: 1]
      [GC Worker Start (ms):  2338025.3]
      [Ext Root Scanning (ms):  0.9]
      [Update RS (ms):  2.5]
         [Processed Buffers:  38]
      [Scan RS (ms):  4.7]
      [Code Root Scanning (ms):  0.0]
      [Object Copy (ms):  11.6]
      [Termination (ms):  0.0]
         [Termination Attempts:  1]
      [GC Worker Other (ms):  0.0]
      [GC Worker Total (ms):  19.6]
      [GC Worker End (ms):  2338044.9]
   [Code Root Fixup: 0.0 ms]
   [Code Root Purge: 0.0 ms]
   [Clear CT: 0.0 ms]
   [Other: 0.4 ms]
      [Choose CSet: 0.0 ms]
      [Ref Proc: 0.0 ms]
      [Ref Enq: 0.0 ms]
      [Redirty Cards: 0.0 ms]
      [Humongous Register: 0.1 ms]
      [Humongous Reclaim: 0.0 ms]
      [Free CSet: 0.1 ms]
   [Eden: 47.0M(47.0M)->0.0B(46.0M) Survivors: 4096.0K->5120.0K Heap: 234.2M(1024.0M)->188.7M(1024.0M)]
 [Times: user=0.02 sys=0.00, real=0.01 secs] 
2016-12-19T21:24:20.893+0100: 2365.238: [GC pause (G1 Evacuation Pause) (young), 0.0255490 secs]
   [Parallel Time: 25.0 ms, GC Workers: 1]
      [GC Worker Start (ms):  2365238.4]
      [Ext Root Scanning (ms):  2.7]
      [Update RS (ms):  5.2]
         [Processed Buffers:  37]
      [Scan RS (ms):  4.3]
      [Code Root Scanning (ms):  0.0]
      [Object Copy (ms):  12.7]
      [Termination (ms):  0.0]
         [Termination Attempts:  1]
      [GC Worker Other (ms):  0.0]
      [GC Worker Total (ms):  24.8]
      [GC Worker End (ms):  2365263.2]
   [Code Root Fixup: 0.1 ms]
   [Code Root Purge: 0.0 ms]
   [Clear CT: 0.0 ms]
   [Other: 0.5 ms]
      [Choose CSet: 0.0 ms]
      [Ref Proc: 0.0 ms]
      [Ref Enq: 0.0 ms]
      [Redirty Cards: 0.0 ms]
      [Humongous Register: 0.1 ms]
      [Humongous Reclaim: 0.1 ms]
      [Free CSet: 0.1 ms]
   [Eden: 46.0M(46.0M)->0.0B(47.0M) Survivors: 5120.0K->4096.0K Heap: 234.7M(1024.0M)->189.7M(1024.0M)]
 [Times: user=0.02 sys=0.00, real=0.02 secs] 
2016-12-19T21:24:47.084+0100: 2391.429: [GC pause (G1 Evacuation Pause) (young), 0.0322409 secs]
   [Parallel Time: 31.6 ms, GC Workers: 1]
      [GC Worker Start (ms):  2391429.5]
      [Ext Root Scanning (ms):  2.7]
      [Update RS (ms):  5.9]
         [Processed Buffers:  39]
      [Scan RS (ms):  11.7]
      [Code Root Scanning (ms):  0.0]
      [Object Copy (ms):  11.2]
      [Termination (ms):  0.0]
         [Termination Attempts:  1]
      [GC Worker Other (ms):  0.0]
      [GC Worker Total (ms):  31.6]
      [GC Worker End (ms):  2391461.1]
   [Code Root Fixup: 0.0 ms]
   [Code Root Purge: 0.0 ms]
   [Clear CT: 0.0 ms]
   [Other: 0.5 ms]
      [Choose CSet: 0.0 ms]
      [Ref Proc: 0.0 ms]
      [Ref Enq: 0.0 ms]
      [Redirty Cards: 0.0 ms]
      [Humongous Register: 0.1 ms]
      [Humongous Reclaim: 0.0 ms]
      [Free CSet: 0.1 ms]
   [Eden: 47.0M(47.0M)->0.0B(47.0M) Survivors: 4096.0K->4096.0K Heap: 236.7M(1024.0M)->189.7M(1024.0M)]
 [Times: user=0.02 sys=0.01, real=0.03 secs] 
2016-12-19T21:25:11.274+0100: 2415.619: [GC pause (G1 Evacuation Pause) (young), 0.0198830 secs]
   [Parallel Time: 19.4 ms, GC Workers: 1]
      [GC Worker Start (ms):  2415619.5]
      [Ext Root Scanning (ms):  0.9]
      [Update RS (ms):  2.4]
         [Processed Buffers:  39]
      [Scan RS (ms):  4.3]
      [Code Root Scanning (ms):  0.0]
      [Object Copy (ms):  11.7]
      [Termination (ms):  0.0]
         [Termination Attempts:  1]
      [GC Worker Other (ms):  0.0]
      [GC Worker Total (ms):  19.3]
      [GC Worker End (ms):  2415638.8]
   [Code Root Fixup: 0.0 ms]
   [Code Root Purge: 0.0 ms]
   [Clear CT: 0.0 ms]
   [Other: 0.4 ms]
      [Choose CSet: 0.0 ms]
      [Ref Proc: 0.0 ms]
      [Ref Enq: 0.0 ms]
      [Redirty Cards: 0.0 ms]
      [Humongous Register: 0.1 ms]
      [Humongous Reclaim: 0.0 ms]
      [Free CSet: 0.1 ms]
   [Eden: 47.0M(47.0M)->0.0B(46.0M) Survivors: 4096.0K->5120.0K Heap: 236.7M(1024.0M)->190.7M(1024.0M)]
 [Times: user=0.02 sys=0.00, real=0.02 secs] 
2016-12-19T21:25:35.241+0100: 2439.586: [GC pause (G1 Evacuation Pause) (young), 0.0201292 secs]
   [Parallel Time: 19.6 ms, GC Workers: 1]
      [GC Worker Start (ms):  2439586.6]
      [Ext Root Scanning (ms):  0.8]
      [Update RS (ms):  2.9]
         [Processed Buffers:  39]
      [Scan RS (ms):  4.2]
      [Code Root Scanning (ms):  0.0]
      [Object Copy (ms):  11.6]
      [Termination (ms):  0.0]
         [Termination Attempts:  1]
      [GC Worker Other (ms):  0.0]
      [GC Worker Total (ms):  19.5]
      [GC Worker End (ms):  2439606.1]
   [Code Root Fixup: 0.0 ms]
   [Code Root Purge: 0.0 ms]
   [Clear CT: 0.1 ms]
   [Other: 0.4 ms]
      [Choose CSet: 0.0 ms]
      [Ref Proc: 0.0 ms]
      [Ref Enq: 0.0 ms]
      [Redirty Cards: 0.0 ms]
      [Humongous Register: 0.1 ms]
      [Humongous Reclaim: 0.0 ms]
      [Free CSet: 0.0 ms]
   [Eden: 46.0M(46.0M)->0.0B(47.0M) Survivors: 5120.0K->4096.0K Heap: 236.7M(1024.0M)->190.9M(1024.0M)]
 [Times: user=0.02 sys=0.00, real=0.02 secs] 
2016-12-19T21:25:59.643+0100: 2463.988: [GC pause (G1 Evacuation Pause) (young), 0.0193321 secs]
   [Parallel Time: 18.7 ms, GC Workers: 1]
      [GC Worker Start (ms):  2463988.2]
      [Ext Root Scanning (ms):  1.0]
      [Update RS (ms):  2.0]
         [Processed Buffers:  37]
      [Scan RS (ms):  4.3]
      [Code Root Scanning (ms):  0.0]
      [Object Copy (ms):  11.4]
      [Termination (ms):  0.0]
         [Termination Attempts:  1]
      [GC Worker Other (ms):  0.0]
      [GC Worker Total (ms):  18.7]
      [GC Worker End (ms):  2464006.9]
   [Code Root Fixup: 0.1 ms]
   [Code Root Purge: 0.0 ms]
   [Clear CT: 0.0 ms]
   [Other: 0.5 ms]
      [Choose CSet: 0.0 ms]
      [Ref Proc: 0.0 ms]
      [Ref Enq: 0.0 ms]
      [Redirty Cards: 0.0 ms]
      [Humongous Register: 0.1 ms]
      [Humongous Reclaim: 0.0 ms]
      [Free CSet: 0.1 ms]
   [Eden: 47.0M(47.0M)->0.0B(45.0M) Survivors: 4096.0K->6144.0K Heap: 237.9M(1024.0M)->192.4M(1024.0M)]
 [Times: user=0.02 sys=0.00, real=0.02 secs] 
2016-12-19T21:26:23.124+0100: 2487.469: [GC pause (G1 Evacuation Pause) (young), 0.0274226 secs]
   [Parallel Time: 26.9 ms, GC Workers: 1]
      [GC Worker Start (ms):  2487469.5]
      [Ext Root Scanning (ms):  1.3]
      [Update RS (ms):  5.3]
         [Processed Buffers:  37]
      [Scan RS (ms):  7.0]
      [Code Root Scanning (ms):  0.0]
      [Object Copy (ms):  13.2]
      [Termination (ms):  0.0]
         [Termination Attempts:  1]
      [GC Worker Other (ms):  0.0]
      [GC Worker Total (ms):  26.8]
      [GC Worker End (ms):  2487496.3]
   [Code Root Fixup: 0.0 ms]
   [Code Root Purge: 0.0 ms]
   [Clear CT: 0.0 ms]
   [Other: 0.5 ms]
      [Choose CSet: 0.0 ms]
      [Ref Proc: 0.0 ms]
      [Ref Enq: 0.0 ms]
      [Redirty Cards: 0.0 ms]
      [Humongous Register: 0.1 ms]
      [Humongous Reclaim: 0.0 ms]
      [Free CSet: 0.0 ms]
   [Eden: 45.0M(45.0M)->0.0B(47.0M) Survivors: 6144.0K->4096.0K Heap: 237.4M(1024.0M)->192.4M(1024.0M)]
 [Times: user=0.02 sys=0.00, real=0.03 secs] 
2016-12-19T21:26:50.499+0100: 2514.845: [GC pause (G1 Evacuation Pause) (young), 0.0201639 secs]
   [Parallel Time: 19.7 ms, GC Workers: 1]
      [GC Worker Start (ms):  2514845.0]
      [Ext Root Scanning (ms):  1.0]
      [Update RS (ms):  2.2]
         [Processed Buffers:  38]
      [Scan RS (ms):  4.7]
      [Code Root Scanning (ms):  0.0]
      [Object Copy (ms):  11.7]
      [Termination (ms):  0.0]
         [Termination Attempts:  1]
      [GC Worker Other (ms):  0.0]
      [GC Worker Total (ms):  19.6]
      [GC Worker End (ms):  2514864.7]
   [Code Root Fixup: 0.0 ms]
   [Code Root Purge: 0.0 ms]
   [Clear CT: 0.0 ms]
   [Other: 0.4 ms]
      [Choose CSet: 0.0 ms]
      [Ref Proc: 0.0 ms]
      [Ref Enq: 0.0 ms]
      [Redirty Cards: 0.0 ms]
      [Humongous Register: 0.1 ms]
      [Humongous Reclaim: 0.0 ms]
      [Free CSet: 0.1 ms]
   [Eden: 47.0M(47.0M)->0.0B(45.0M) Survivors: 4096.0K->6144.0K Heap: 239.4M(1024.0M)->193.9M(1024.0M)]
 [Times: user=0.02 sys=0.00, real=0.01 secs] 
2016-12-19T21:27:16.566+0100: 2540.911: [GC pause (G1 Evacuation Pause) (young), 0.0243342 secs]
   [Parallel Time: 23.8 ms, GC Workers: 1]
      [GC Worker Start (ms):  2540911.3]
      [Ext Root Scanning (ms):  0.8]
      [Update RS (ms):  2.3]
         [Processed Buffers:  37]
      [Scan RS (ms):  4.2]
      [Code Root Scanning (ms):  0.0]
      [Object Copy (ms):  16.4]
      [Termination (ms):  0.0]
         [Termination Attempts:  1]
      [GC Worker Other (ms):  0.0]
      [GC Worker Total (ms):  23.8]
      [GC Worker End (ms):  2540935.0]
   [Code Root Fixup: 0.0 ms]
   [Code Root Purge: 0.0 ms]
   [Clear CT: 0.0 ms]
   [Other: 0.4 ms]
      [Choose CSet: 0.0 ms]
      [Ref Proc: 0.0 ms]
      [Ref Enq: 0.0 ms]
      [Redirty Cards: 0.0 ms]
      [Humongous Register: 0.1 ms]
      [Humongous Reclaim: 0.0 ms]
      [Free CSet: 0.1 ms]
   [Eden: 45.0M(45.0M)->0.0B(47.0M) Survivors: 6144.0K->4096.0K Heap: 238.9M(1024.0M)->193.9M(1024.0M)]
 [Times: user=0.02 sys=0.00, real=0.03 secs] 
2016-12-19T21:27:41.288+0100: 2565.633: [GC pause (G1 Evacuation Pause) (young), 0.0308072 secs]
   [Parallel Time: 30.2 ms, GC Workers: 1]
      [GC Worker Start (ms):  2565633.3]
      [Ext Root Scanning (ms):  1.3]
      [Update RS (ms):  3.1]
         [Processed Buffers:  39]
      [Scan RS (ms):  8.5]
      [Code Root Scanning (ms):  0.0]
      [Object Copy (ms):  17.3]
      [Termination (ms):  0.0]
         [Termination Attempts:  1]
      [GC Worker Other (ms):  0.0]
      [GC Worker Total (ms):  30.2]
      [GC Worker End (ms):  2565663.5]
   [Code Root Fixup: 0.0 ms]
   [Code Root Purge: 0.0 ms]
   [Clear CT: 0.0 ms]
   [Other: 0.5 ms]
      [Choose CSet: 0.0 ms]
      [Ref Proc: 0.0 ms]
      [Ref Enq: 0.0 ms]
      [Redirty Cards: 0.0 ms]
      [Humongous Register: 0.1 ms]
      [Humongous Reclaim: 0.0 ms]
      [Free CSet: 0.1 ms]
   [Eden: 47.0M(47.0M)->0.0B(45.0M) Survivors: 4096.0K->6144.0K Heap: 240.9M(1024.0M)->195.4M(1024.0M)]
 [Times: user=0.03 sys=0.00, real=0.02 secs] 
2016-12-19T21:28:07.926+0100: 2592.271: [GC pause (G1 Evacuation Pause) (young), 0.0246974 secs]
   [Parallel Time: 24.0 ms, GC Workers: 1]
      [GC Worker Start (ms):  2592271.6]
      [Ext Root Scanning (ms):  2.7]
      [Update RS (ms):  2.2]
         [Processed Buffers:  38]
      [Scan RS (ms):  4.3]
      [Code Root Scanning (ms):  0.0]
      [Object Copy (ms):  14.8]
      [Termination (ms):  0.0]
         [Termination Attempts:  1]
      [GC Worker Other (ms):  0.0]
      [GC Worker Total (ms):  24.0]
      [GC Worker End (ms):  2592295.6]
   [Code Root Fixup: 0.1 ms]
   [Code Root Purge: 0.0 ms]
   [Clear CT: 0.0 ms]
   [Other: 0.6 ms]
      [Choose CSet: 0.0 ms]
      [Ref Proc: 0.0 ms]
      [Ref Enq: 0.0 ms]
      [Redirty Cards: 0.1 ms]
      [Humongous Register: 0.1 ms]
      [Humongous Reclaim: 0.0 ms]
      [Free CSet: 0.1 ms]
   [Eden: 45.0M(45.0M)->0.0B(47.0M) Survivors: 6144.0K->4096.0K Heap: 240.4M(1024.0M)->195.2M(1024.0M)]
 [Times: user=0.02 sys=0.00, real=0.03 secs] 
2016-12-19T21:28:35.042+0100: 2619.388: [GC pause (G1 Evacuation Pause) (young), 0.0227118 secs]
   [Parallel Time: 22.1 ms, GC Workers: 1]
      [GC Worker Start (ms):  2619387.9]
      [Ext Root Scanning (ms):  1.3]
      [Update RS (ms):  3.6]
         [Processed Buffers:  39]
      [Scan RS (ms):  4.9]
      [Code Root Scanning (ms):  0.0]
      [Object Copy (ms):  12.3]
      [Termination (ms):  0.0]
         [Termination Attempts:  1]
      [GC Worker Other (ms):  0.0]
      [GC Worker Total (ms):  22.0]
      [GC Worker End (ms):  2619409.9]
   [Code Root Fixup: 0.0 ms]
   [Code Root Purge: 0.0 ms]
   [Clear CT: 0.0 ms]
   [Other: 0.6 ms]
      [Choose CSet: 0.0 ms]
      [Ref Proc: 0.0 ms]
      [Ref Enq: 0.0 ms]
      [Redirty Cards: 0.0 ms]
      [Humongous Register: 0.1 ms]
      [Humongous Reclaim: 0.0 ms]
      [Free CSet: 0.1 ms]
   [Eden: 47.0M(47.0M)->0.0B(45.0M) Survivors: 4096.0K->6144.0K Heap: 242.2M(1024.0M)->196.7M(1024.0M)]
 [Times: user=0.02 sys=0.00, real=0.02 secs] 
2016-12-19T21:28:58.498+0100: 2642.843: [GC pause (G1 Evacuation Pause) (young), 0.0237065 secs]
   [Parallel Time: 23.0 ms, GC Workers: 1]
      [GC Worker Start (ms):  2642843.2]
      [Ext Root Scanning (ms):  1.2]
      [Update RS (ms):  2.4]
         [Processed Buffers:  37]
      [Scan RS (ms):  4.3]
      [Code Root Scanning (ms):  0.0]
      [Object Copy (ms):  15.1]
      [Termination (ms):  0.0]
         [Termination Attempts:  1]
      [GC Worker Other (ms):  0.0]
      [GC Worker Total (ms):  23.0]
      [GC Worker End (ms):  2642866.2]
   [Code Root Fixup: 0.1 ms]
   [Code Root Purge: 0.0 ms]
   [Clear CT: 0.1 ms]
   [Other: 0.5 ms]
      [Choose CSet: 0.0 ms]
      [Ref Proc: 0.0 ms]
      [Ref Enq: 0.0 ms]
      [Redirty Cards: 0.1 ms]
      [Humongous Register: 0.1 ms]
      [Humongous Reclaim: 0.0 ms]
      [Free CSet: 0.1 ms]
   [Eden: 45.0M(45.0M)->0.0B(47.0M) Survivors: 6144.0K->4096.0K Heap: 241.7M(1024.0M)->197.2M(1024.0M)]
 [Times: user=0.02 sys=0.00, real=0.03 secs] 
2016-12-19T21:29:22.003+0100: 2666.349: [GC pause (G1 Evacuation Pause) (young), 0.0221546 secs]
   [Parallel Time: 21.2 ms, GC Workers: 1]
      [GC Worker Start (ms):  2666349.1]
      [Ext Root Scanning (ms):  1.5]
      [Update RS (ms):  3.2]
         [Processed Buffers:  37]
      [Scan RS (ms):  5.1]
      [Code Root Scanning (ms):  0.0]
      [Object Copy (ms):  11.4]
      [Termination (ms):  0.0]
         [Termination Attempts:  1]
      [GC Worker Other (ms):  0.0]
      [GC Worker Total (ms):  21.2]
      [GC Worker End (ms):  2666370.3]
   [Code Root Fixup: 0.0 ms]
   [Code Root Purge: 0.0 ms]
   [Clear CT: 0.1 ms]
   [Other: 0.8 ms]
      [Choose CSet: 0.0 ms]
      [Ref Proc: 0.0 ms]
      [Ref Enq: 0.0 ms]
      [Redirty Cards: 0.0 ms]
      [Humongous Register: 0.1 ms]
      [Humongous Reclaim: 0.0 ms]
      [Free CSet: 0.1 ms]
   [Eden: 47.0M(47.0M)->0.0B(47.0M) Survivors: 4096.0K->4096.0K Heap: 244.2M(1024.0M)->197.2M(1024.0M)]
 [Times: user=0.02 sys=0.00, real=0.02 secs] 
2016-12-19T21:29:47.355+0100: 2691.700: [GC pause (G1 Evacuation Pause) (young), 0.0239183 secs]
   [Parallel Time: 23.3 ms, GC Workers: 1]
      [GC Worker Start (ms):  2691700.6]
      [Ext Root Scanning (ms):  1.8]
      [Update RS (ms):  4.7]
         [Processed Buffers:  40]
      [Scan RS (ms):  4.4]
      [Code Root Scanning (ms):  0.0]
      [Object Copy (ms):  12.4]
      [Termination (ms):  0.0]
         [Termination Attempts:  1]
      [GC Worker Other (ms):  0.0]
      [GC Worker Total (ms):  23.3]
      [GC Worker End (ms):  2691723.9]
   [Code Root Fixup: 0.1 ms]
   [Code Root Purge: 0.0 ms]
   [Clear CT: 0.0 ms]
   [Other: 0.5 ms]
      [Choose CSet: 0.0 ms]
      [Ref Proc: 0.0 ms]
      [Ref Enq: 0.0 ms]
      [Redirty Cards: 0.0 ms]
      [Humongous Register: 0.1 ms]
      [Humongous Reclaim: 0.0 ms]
      [Free CSet: 0.1 ms]
   [Eden: 47.0M(47.0M)->0.0B(46.0M) Survivors: 4096.0K->5120.0K Heap: 244.2M(1024.0M)->198.2M(1024.0M)]
 [Times: user=0.03 sys=0.00, real=0.02 secs] 
2016-12-19T21:30:11.296+0100: 2715.642: [GC pause (G1 Evacuation Pause) (young), 0.0197303 secs]
   [Parallel Time: 19.3 ms, GC Workers: 1]
      [GC Worker Start (ms):  2715641.9]
      [Ext Root Scanning (ms):  0.9]
      [Update RS (ms):  2.5]
         [Processed Buffers:  38]
      [Scan RS (ms):  4.3]
      [Code Root Scanning (ms):  0.0]
      [Object Copy (ms):  11.4]
      [Termination (ms):  0.0]
         [Termination Attempts:  1]
      [GC Worker Other (ms):  0.0]
      [GC Worker Total (ms):  19.2]
      [GC Worker End (ms):  2715661.1]
   [Code Root Fixup: 0.0 ms]
   [Code Root Purge: 0.0 ms]
   [Clear CT: 0.0 ms]
   [Other: 0.4 ms]
      [Choose CSet: 0.0 ms]
      [Ref Proc: 0.0 ms]
      [Ref Enq: 0.0 ms]
      [Redirty Cards: 0.0 ms]
      [Humongous Register: 0.1 ms]
      [Humongous Reclaim: 0.0 ms]
      [Free CSet: 0.0 ms]
   [Eden: 46.0M(46.0M)->0.0B(47.0M) Survivors: 5120.0K->4096.0K Heap: 244.2M(1024.0M)->198.5M(1024.0M)]
 [Times: user=0.02 sys=0.00, real=0.02 secs] 
2016-12-19T21:30:35.498+0100: 2739.843: [GC pause (G1 Evacuation Pause) (young), 0.0234804 secs]
   [Parallel Time: 22.9 ms, GC Workers: 1]
      [GC Worker Start (ms):  2739843.4]
      [Ext Root Scanning (ms):  1.3]
      [Update RS (ms):  5.1]
         [Processed Buffers:  40]
      [Scan RS (ms):  4.1]
      [Code Root Scanning (ms):  0.0]
      [Object Copy (ms):  12.4]
      [Termination (ms):  0.0]
         [Termination Attempts:  1]
      [GC Worker Other (ms):  0.0]
      [GC Worker Total (ms):  22.9]
      [GC Worker End (ms):  2739866.3]
   [Code Root Fixup: 0.0 ms]
   [Code Root Purge: 0.0 ms]
   [Clear CT: 0.0 ms]
   [Other: 0.5 ms]
      [Choose CSet: 0.0 ms]
      [Ref Proc: 0.0 ms]
      [Ref Enq: 0.0 ms]
      [Redirty Cards: 0.0 ms]
      [Humongous Register: 0.1 ms]
      [Humongous Reclaim: 0.0 ms]
      [Free CSet: 0.1 ms]
   [Eden: 47.0M(47.0M)->0.0B(45.0M) Survivors: 4096.0K->6144.0K Heap: 245.5M(1024.0M)->200.0M(1024.0M)]
 [Times: user=0.03 sys=0.00, real=0.03 secs] 
2016-12-19T21:30:58.448+0100: 2762.793: [GC pause (G1 Evacuation Pause) (young), 0.0270724 secs]
   [Parallel Time: 26.3 ms, GC Workers: 1]
      [GC Worker Start (ms):  2762793.8]
      [Ext Root Scanning (ms):  1.3]
      [Update RS (ms):  8.6]
         [Processed Buffers:  45]
      [Scan RS (ms):  3.0]
      [Code Root Scanning (ms):  0.0]
      [Object Copy (ms):  13.3]
      [Termination (ms):  0.0]
         [Termination Attempts:  1]
      [GC Worker Other (ms):  0.0]
      [GC Worker Total (ms):  26.3]
      [GC Worker End (ms):  2762820.1]
   [Code Root Fixup: 0.0 ms]
   [Code Root Purge: 0.0 ms]
   [Clear CT: 0.0 ms]
   [Other: 0.7 ms]
      [Choose CSet: 0.0 ms]
      [Ref Proc: 0.0 ms]
      [Ref Enq: 0.0 ms]
      [Redirty Cards: 0.0 ms]
      [Humongous Register: 0.1 ms]
      [Humongous Reclaim: 0.0 ms]
      [Free CSet: 0.0 ms]
   [Eden: 45.0M(45.0M)->0.0B(47.0M) Survivors: 6144.0K->4096.0K Heap: 245.0M(1024.0M)->199.9M(1024.0M)]
 [Times: user=0.02 sys=0.00, real=0.02 secs] 
2016-12-19T21:31:22.857+0100: 2787.202: [GC pause (G1 Evacuation Pause) (young), 0.0346148 secs]
   [Parallel Time: 33.8 ms, GC Workers: 1]
      [GC Worker Start (ms):  2787202.3]
      [Ext Root Scanning (ms):  1.0]
      [Update RS (ms):  3.1]
         [Processed Buffers:  38]
      [Scan RS (ms):  8.7]
      [Code Root Scanning (ms):  0.0]
      [Object Copy (ms):  20.4]
      [Termination (ms):  0.0]
         [Termination Attempts:  1]
      [GC Worker Other (ms):  0.0]
      [GC Worker Total (ms):  33.3]
      [GC Worker End (ms):  2787235.6]
   [Code Root Fixup: 0.1 ms]
   [Code Root Purge: 0.0 ms]
   [Clear CT: 0.1 ms]
   [Other: 0.6 ms]
      [Choose CSet: 0.0 ms]
      [Ref Proc: 0.1 ms]
      [Ref Enq: 0.0 ms]
      [Redirty Cards: 0.0 ms]
      [Humongous Register: 0.1 ms]
      [Humongous Reclaim: 0.0 ms]
      [Free CSet: 0.1 ms]
   [Eden: 47.0M(47.0M)->0.0B(45.0M) Survivors: 4096.0K->6144.0K Heap: 246.9M(1024.0M)->201.4M(1024.0M)]
 [Times: user=0.03 sys=0.00, real=0.04 secs] 
2016-12-19T21:31:47.219+0100: 2811.564: [GC pause (G1 Evacuation Pause) (young), 0.0252367 secs]
   [Parallel Time: 24.5 ms, GC Workers: 1]
      [GC Worker Start (ms):  2811564.7]
      [Ext Root Scanning (ms):  1.6]
      [Update RS (ms):  4.9]
         [Processed Buffers:  37]
      [Scan RS (ms):  4.2]
      [Code Root Scanning (ms):  0.0]
      [Object Copy (ms):  13.8]
      [Termination (ms):  0.0]
         [Termination Attempts:  1]
      [GC Worker Other (ms):  0.0]
      [GC Worker Total (ms):  24.5]
      [GC Worker End (ms):  2811589.2]
   [Code Root Fixup: 0.0 ms]
   [Code Root Purge: 0.0 ms]
   [Clear CT: 0.0 ms]
   [Other: 0.6 ms]
      [Choose CSet: 0.0 ms]
      [Ref Proc: 0.0 ms]
      [Ref Enq: 0.0 ms]
      [Redirty Cards: 0.0 ms]
      [Humongous Register: 0.2 ms]
      [Humongous Reclaim: 0.0 ms]
      [Free CSet: 0.0 ms]
   [Eden: 45.0M(45.0M)->0.0B(47.0M) Survivors: 6144.0K->4096.0K Heap: 246.4M(1024.0M)->201.2M(1024.0M)]
 [Times: user=0.02 sys=0.01, real=0.03 secs] 
2016-12-19T21:32:13.959+0100: 2838.304: [GC pause (G1 Evacuation Pause) (young), 0.0214396 secs]
   [Parallel Time: 20.9 ms, GC Workers: 1]
      [GC Worker Start (ms):  2838304.6]
      [Ext Root Scanning (ms):  0.8]
      [Update RS (ms):  2.3]
         [Processed Buffers:  37]
      [Scan RS (ms):  4.7]
      [Code Root Scanning (ms):  0.0]
      [Object Copy (ms):  13.1]
      [Termination (ms):  0.0]
         [Termination Attempts:  1]
      [GC Worker Other (ms):  0.0]
      [GC Worker Total (ms):  20.9]
      [GC Worker End (ms):  2838325.4]
   [Code Root Fixup: 0.0 ms]
   [Code Root Purge: 0.0 ms]
   [Clear CT: 0.0 ms]
   [Other: 0.4 ms]
      [Choose CSet: 0.0 ms]
      [Ref Proc: 0.0 ms]
      [Ref Enq: 0.0 ms]
      [Redirty Cards: 0.0 ms]
      [Humongous Register: 0.1 ms]
      [Humongous Reclaim: 0.0 ms]
      [Free CSet: 0.1 ms]
   [Eden: 47.0M(47.0M)->0.0B(45.0M) Survivors: 4096.0K->6144.0K Heap: 248.2M(1024.0M)->202.7M(1024.0M)]
 [Times: user=0.02 sys=0.00, real=0.02 secs] 
2016-12-19T21:32:37.344+0100: 2861.690: [GC pause (G1 Evacuation Pause) (young), 0.0242107 secs]
   [Parallel Time: 23.6 ms, GC Workers: 1]
      [GC Worker Start (ms):  2861689.7]
      [Ext Root Scanning (ms):  1.1]
      [Update RS (ms):  5.2]
         [Processed Buffers:  38]
      [Scan RS (ms):  4.8]
      [Code Root Scanning (ms):  0.0]
      [Object Copy (ms):  12.4]
      [Termination (ms):  0.0]
         [Termination Attempts:  1]
      [GC Worker Other (ms):  0.0]
      [GC Worker Total (ms):  23.6]
      [GC Worker End (ms):  2861713.3]
   [Code Root Fixup: 0.1 ms]
   [Code Root Purge: 0.0 ms]
   [Clear CT: 0.0 ms]
   [Other: 0.4 ms]
      [Choose CSet: 0.0 ms]
      [Ref Proc: 0.0 ms]
      [Ref Enq: 0.0 ms]
      [Redirty Cards: 0.0 ms]
      [Humongous Register: 0.1 ms]
      [Humongous Reclaim: 0.0 ms]
      [Free CSet: 0.0 ms]
   [Eden: 45.0M(45.0M)->0.0B(47.0M) Survivors: 6144.0K->4096.0K Heap: 247.7M(1024.0M)->202.5M(1024.0M)]
 [Times: user=0.02 sys=0.00, real=0.03 secs] 
2016-12-19T21:33:05.600+0100: 2889.945: [GC pause (G1 Evacuation Pause) (young), 0.0335150 secs]
   [Parallel Time: 32.7 ms, GC Workers: 1]
      [GC Worker Start (ms):  2889945.4]
      [Ext Root Scanning (ms):  1.6]
      [Update RS (ms):  5.1]
         [Processed Buffers:  37]
      [Scan RS (ms):  11.1]
      [Code Root Scanning (ms):  0.0]
      [Object Copy (ms):  14.9]
      [Termination (ms):  0.0]
         [Termination Attempts:  1]
      [GC Worker Other (ms):  0.0]
      [GC Worker Total (ms):  32.7]
      [GC Worker End (ms):  2889978.1]
   [Code Root Fixup: 0.1 ms]
   [Code Root Purge: 0.0 ms]
   [Clear CT: 0.0 ms]
   [Other: 0.7 ms]
      [Choose CSet: 0.0 ms]
      [Ref Proc: 0.0 ms]
      [Ref Enq: 0.0 ms]
      [Redirty Cards: 0.0 ms]
      [Humongous Register: 0.1 ms]
      [Humongous Reclaim: 0.0 ms]
      [Free CSet: 0.1 ms]
   [Eden: 47.0M(47.0M)->0.0B(45.0M) Survivors: 4096.0K->6144.0K Heap: 249.5M(1024.0M)->204.0M(1024.0M)]
 [Times: user=0.03 sys=0.00, real=0.03 secs] 
2016-12-19T21:33:28.601+0100: 2912.946: [GC pause (G1 Evacuation Pause) (young), 0.0226414 secs]
   [Parallel Time: 21.1 ms, GC Workers: 1]
      [GC Worker Start (ms):  2912947.5]
      [Ext Root Scanning (ms):  2.4]
      [Update RS (ms):  2.5]
         [Processed Buffers:  39]
      [Scan RS (ms):  4.0]
      [Code Root Scanning (ms):  0.0]
      [Object Copy (ms):  12.2]
      [Termination (ms):  0.0]
         [Termination Attempts:  1]
      [GC Worker Other (ms):  0.0]
      [GC Worker Total (ms):  21.1]
      [GC Worker End (ms):  2912968.6]
   [Code Root Fixup: 0.1 ms]
   [Code Root Purge: 0.0 ms]
   [Clear CT: 0.0 ms]
   [Other: 1.5 ms]
      [Choose CSet: 0.0 ms]
      [Ref Proc: 0.0 ms]
      [Ref Enq: 0.0 ms]
      [Redirty Cards: 0.0 ms]
      [Humongous Register: 0.4 ms]
      [Humongous Reclaim: 0.0 ms]
      [Free CSet: 0.0 ms]
   [Eden: 45.0M(45.0M)->0.0B(47.0M) Survivors: 6144.0K->4096.0K Heap: 249.0M(1024.0M)->204.0M(1024.0M)]
 [Times: user=0.02 sys=0.00, real=0.02 secs] 
2016-12-19T21:33:53.249+0100: 2937.594: [GC pause (G1 Evacuation Pause) (young), 0.0219602 secs]
   [Parallel Time: 21.5 ms, GC Workers: 1]
      [GC Worker Start (ms):  2937594.1]
      [Ext Root Scanning (ms):  2.6]
      [Update RS (ms):  3.8]
         [Processed Buffers:  38]
      [Scan RS (ms):  4.2]
      [Code Root Scanning (ms):  0.0]
      [Object Copy (ms):  10.9]
      [Termination (ms):  0.0]
         [Termination Attempts:  1]
      [GC Worker Other (ms):  0.0]
      [GC Worker Total (ms):  21.4]
      [GC Worker End (ms):  2937615.5]
   [Code Root Fixup: 0.0 ms]
   [Code Root Purge: 0.0 ms]
   [Clear CT: 0.0 ms]
   [Other: 0.4 ms]
      [Choose CSet: 0.0 ms]
      [Ref Proc: 0.0 ms]
      [Ref Enq: 0.0 ms]
      [Redirty Cards: 0.0 ms]
      [Humongous Register: 0.1 ms]
      [Humongous Reclaim: 0.0 ms]
      [Free CSet: 0.1 ms]
   [Eden: 47.0M(47.0M)->0.0B(46.0M) Survivors: 4096.0K->5120.0K Heap: 251.0M(1024.0M)->205.5M(1024.0M)]
 [Times: user=0.02 sys=0.00, real=0.02 secs] 
2016-12-19T21:34:17.730+0100: 2962.075: [GC pause (G1 Evacuation Pause) (young), 0.0384055 secs]
   [Parallel Time: 37.6 ms, GC Workers: 1]
      [GC Worker Start (ms):  2962075.3]
      [Ext Root Scanning (ms):  5.8]
      [Update RS (ms):  2.5]
         [Processed Buffers:  38]
      [Scan RS (ms):  8.6]
      [Code Root Scanning (ms):  0.0]
      [Object Copy (ms):  20.6]
      [Termination (ms):  0.0]
         [Termination Attempts:  1]
      [GC Worker Other (ms):  0.0]
      [GC Worker Total (ms):  37.6]
      [GC Worker End (ms):  2962112.8]
   [Code Root Fixup: 0.1 ms]
   [Code Root Purge: 0.0 ms]
   [Clear CT: 0.1 ms]
   [Other: 0.7 ms]
      [Choose CSet: 0.0 ms]
      [Ref Proc: 0.0 ms]
      [Ref Enq: 0.0 ms]
      [Redirty Cards: 0.0 ms]
      [Humongous Register: 0.1 ms]
      [Humongous Reclaim: 0.1 ms]
      [Free CSet: 0.1 ms]
   [Eden: 46.0M(46.0M)->0.0B(47.0M) Survivors: 5120.0K->4096.0K Heap: 251.5M(1024.0M)->206.3M(1024.0M)]
 [Times: user=0.03 sys=0.00, real=0.03 secs] 
2016-12-19T21:34:45.178+0100: 2989.523: [GC pause (G1 Evacuation Pause) (young), 0.0258432 secs]
   [Parallel Time: 25.1 ms, GC Workers: 1]
      [GC Worker Start (ms):  2989523.2]
      [Ext Root Scanning (ms):  1.5]
      [Update RS (ms):  3.4]
         [Processed Buffers:  39]
      [Scan RS (ms):  5.2]
      [Code Root Scanning (ms):  0.0]
      [Object Copy (ms):  14.9]
      [Termination (ms):  0.0]
         [Termination Attempts:  1]
      [GC Worker Other (ms):  0.0]
      [GC Worker Total (ms):  25.0]
      [GC Worker End (ms):  2989548.2]
   [Code Root Fixup: 0.0 ms]
   [Code Root Purge: 0.0 ms]
   [Clear CT: 0.0 ms]
   [Other: 0.7 ms]
      [Choose CSet: 0.0 ms]
      [Ref Proc: 0.0 ms]
      [Ref Enq: 0.1 ms]
      [Redirty Cards: 0.1 ms]
      [Humongous Register: 0.1 ms]
      [Humongous Reclaim: 0.0 ms]
      [Free CSet: 0.1 ms]
   [Eden: 47.0M(47.0M)->0.0B(47.0M) Survivors: 4096.0K->4096.0K Heap: 253.3M(1024.0M)->206.3M(1024.0M)]
 [Times: user=0.03 sys=0.00, real=0.03 secs] 
2016-12-19T21:35:12.147+0100: 3016.492: [GC pause (G1 Evacuation Pause) (young), 0.0219468 secs]
   [Parallel Time: 21.3 ms, GC Workers: 1]
      [GC Worker Start (ms):  3016492.5]
      [Ext Root Scanning (ms):  2.0]
      [Update RS (ms):  2.7]
         [Processed Buffers:  39]
      [Scan RS (ms):  5.4]
      [Code Root Scanning (ms):  0.0]
      [Object Copy (ms):  11.1]
      [Termination (ms):  0.0]
         [Termination Attempts:  1]
      [GC Worker Other (ms):  0.0]
      [GC Worker Total (ms):  21.3]
      [GC Worker End (ms):  3016513.8]
   [Code Root Fixup: 0.0 ms]
   [Code Root Purge: 0.0 ms]
   [Clear CT: 0.0 ms]
   [Other: 0.6 ms]
      [Choose CSet: 0.0 ms]
      [Ref Proc: 0.1 ms]
      [Ref Enq: 0.0 ms]
      [Redirty Cards: 0.0 ms]
      [Humongous Register: 0.1 ms]
      [Humongous Reclaim: 0.0 ms]
      [Free CSet: 0.1 ms]
   [Eden: 47.0M(47.0M)->0.0B(46.0M) Survivors: 4096.0K->5120.0K Heap: 253.3M(1024.0M)->207.3M(1024.0M)]
 [Times: user=0.01 sys=0.01, real=0.03 secs] 
2016-12-19T21:35:36.117+0100: 3040.463: [GC pause (G1 Evacuation Pause) (young), 0.0202555 secs]
   [Parallel Time: 19.7 ms, GC Workers: 1]
      [GC Worker Start (ms):  3040462.9]
      [Ext Root Scanning (ms):  1.0]
      [Update RS (ms):  2.8]
         [Processed Buffers:  39]
      [Scan RS (ms):  3.9]
      [Code Root Scanning (ms):  0.0]
      [Object Copy (ms):  12.1]
      [Termination (ms):  0.0]
         [Termination Attempts:  1]
      [GC Worker Other (ms):  0.0]
      [GC Worker Total (ms):  19.7]
      [GC Worker End (ms):  3040482.6]
   [Code Root Fixup: 0.0 ms]
   [Code Root Purge: 0.0 ms]
   [Clear CT: 0.0 ms]
   [Other: 0.4 ms]
      [Choose CSet: 0.0 ms]
      [Ref Proc: 0.0 ms]
      [Ref Enq: 0.0 ms]
      [Redirty Cards: 0.0 ms]
      [Humongous Register: 0.1 ms]
      [Humongous Reclaim: 0.0 ms]
      [Free CSet: 0.0 ms]
   [Eden: 46.0M(46.0M)->0.0B(47.0M) Survivors: 5120.0K->4096.0K Heap: 253.3M(1024.0M)->207.5M(1024.0M)]
 [Times: user=0.02 sys=0.00, real=0.02 secs] 
2016-12-19T21:36:05.572+0100: 3069.917: [GC pause (G1 Evacuation Pause) (young), 0.0227281 secs]
   [Parallel Time: 21.9 ms, GC Workers: 1]
      [GC Worker Start (ms):  3069917.4]
      [Ext Root Scanning (ms):  1.4]
      [Update RS (ms):  3.0]
         [Processed Buffers:  37]
      [Scan RS (ms):  5.0]
      [Code Root Scanning (ms):  0.0]
      [Object Copy (ms):  12.4]
      [Termination (ms):  0.0]
         [Termination Attempts:  1]
      [GC Worker Other (ms):  0.0]
      [GC Worker Total (ms):  21.8]
      [GC Worker End (ms):  3069939.2]
   [Code Root Fixup: 0.1 ms]
   [Code Root Purge: 0.0 ms]
   [Clear CT: 0.1 ms]
   [Other: 0.6 ms]
      [Choose CSet: 0.0 ms]
      [Ref Proc: 0.1 ms]
      [Ref Enq: 0.0 ms]
      [Redirty Cards: 0.1 ms]
      [Humongous Register: 0.1 ms]
      [Humongous Reclaim: 0.0 ms]
      [Free CSet: 0.1 ms]
   [Eden: 47.0M(47.0M)->0.0B(45.0M) Survivors: 4096.0K->6144.0K Heap: 254.5M(1024.0M)->209.0M(1024.0M)]
 [Times: user=0.02 sys=0.00, real=0.02 secs] 
2016-12-19T21:36:30.272+0100: 3094.617: [GC pause (G1 Evacuation Pause) (young), 0.0224427 secs]
   [Parallel Time: 21.8 ms, GC Workers: 1]
      [GC Worker Start (ms):  3094617.6]
      [Ext Root Scanning (ms):  1.0]
      [Update RS (ms):  3.3]
         [Processed Buffers:  37]
      [Scan RS (ms):  4.5]
      [Code Root Scanning (ms):  0.0]
      [Object Copy (ms):  12.9]
      [Termination (ms):  0.0]
         [Termination Attempts:  1]
      [GC Worker Other (ms):  0.0]
      [GC Worker Total (ms):  21.8]
      [GC Worker End (ms):  3094639.3]
   [Code Root Fixup: 0.1 ms]
   [Code Root Purge: 0.0 ms]
   [Clear CT: 0.0 ms]
   [Other: 0.5 ms]
      [Choose CSet: 0.0 ms]
      [Ref Proc: 0.0 ms]
      [Ref Enq: 0.0 ms]
      [Redirty Cards: 0.0 ms]
      [Humongous Register: 0.1 ms]
      [Humongous Reclaim: 0.1 ms]
      [Free CSet: 0.0 ms]
   [Eden: 45.0M(45.0M)->0.0B(47.0M) Survivors: 6144.0K->4096.0K Heap: 254.0M(1024.0M)->208.9M(1024.0M)]
 [Times: user=0.02 sys=0.00, real=0.02 secs] 
2016-12-19T21:36:55.495+0100: 3119.840: [GC pause (G1 Evacuation Pause) (young), 0.0214243 secs]
   [Parallel Time: 20.6 ms, GC Workers: 1]
      [GC Worker Start (ms):  3119840.8]
      [Ext Root Scanning (ms):  1.1]
      [Update RS (ms):  2.2]
         [Processed Buffers:  38]
      [Scan RS (ms):  4.6]
      [Code Root Scanning (ms):  0.0]
      [Object Copy (ms):  12.6]
      [Termination (ms):  0.0]
         [Termination Attempts:  1]
      [GC Worker Other (ms):  0.0]
      [GC Worker Total (ms):  20.5]
      [GC Worker End (ms):  3119861.3]
   [Code Root Fixup: 0.1 ms]
   [Code Root Purge: 0.0 ms]
   [Clear CT: 0.0 ms]
   [Other: 0.8 ms]
      [Choose CSet: 0.0 ms]
      [Ref Proc: 0.0 ms]
      [Ref Enq: 0.0 ms]
      [Redirty Cards: 0.0 ms]
      [Humongous Register: 0.3 ms]
      [Humongous Reclaim: 0.0 ms]
      [Free CSet: 0.1 ms]
   [Eden: 47.0M(47.0M)->0.0B(45.0M) Survivors: 4096.0K->6144.0K Heap: 255.9M(1024.0M)->210.4M(1024.0M)]
 [Times: user=0.02 sys=0.00, real=0.02 secs] 
2016-12-19T21:37:19.631+0100: 3143.977: [GC pause (G1 Evacuation Pause) (young), 0.0239932 secs]
   [Parallel Time: 23.4 ms, GC Workers: 1]
      [GC Worker Start (ms):  3143976.8]
      [Ext Root Scanning (ms):  2.3]
      [Update RS (ms):  2.4]
         [Processed Buffers:  37]
      [Scan RS (ms):  4.4]
      [Code Root Scanning (ms):  0.0]
      [Object Copy (ms):  14.3]
      [Termination (ms):  0.0]
         [Termination Attempts:  1]
      [GC Worker Other (ms):  0.0]
      [GC Worker Total (ms):  23.4]
      [GC Worker End (ms):  3144000.1]
   [Code Root Fixup: 0.0 ms]
   [Code Root Purge: 0.0 ms]
   [Clear CT: 0.0 ms]
   [Other: 0.5 ms]
      [Choose CSet: 0.0 ms]
      [Ref Proc: 0.1 ms]
      [Ref Enq: 0.0 ms]
      [Redirty Cards: 0.0 ms]
      [Humongous Register: 0.1 ms]
      [Humongous Reclaim: 0.0 ms]
      [Free CSet: 0.0 ms]
   [Eden: 45.0M(45.0M)->0.0B(47.0M) Survivors: 6144.0K->4096.0K Heap: 255.4M(1024.0M)->210.5M(1024.0M)]
 [Times: user=0.02 sys=0.00, real=0.02 secs] 
2016-12-19T21:37:46.532+0100: 3170.878: [GC pause (G1 Evacuation Pause) (young), 0.0253214 secs]
   [Parallel Time: 24.7 ms, GC Workers: 1]
      [GC Worker Start (ms):  3170877.8]
      [Ext Root Scanning (ms):  1.5]
      [Update RS (ms):  5.6]
         [Processed Buffers:  38]
      [Scan RS (ms):  4.3]
      [Code Root Scanning (ms):  0.0]
      [Object Copy (ms):  13.3]
      [Termination (ms):  0.0]
         [Termination Attempts:  1]
      [GC Worker Other (ms):  0.0]
      [GC Worker Total (ms):  24.7]
      [GC Worker End (ms):  3170902.4]
   [Code Root Fixup: 0.0 ms]
   [Code Root Purge: 0.0 ms]
   [Clear CT: 0.0 ms]
   [Other: 0.5 ms]
      [Choose CSet: 0.0 ms]
      [Ref Proc: 0.0 ms]
      [Ref Enq: 0.0 ms]
      [Redirty Cards: 0.0 ms]
      [Humongous Register: 0.1 ms]
      [Humongous Reclaim: 0.0 ms]
      [Free CSet: 0.1 ms]
   [Eden: 47.0M(47.0M)->0.0B(45.0M) Survivors: 4096.0K->6144.0K Heap: 257.5M(1024.0M)->212.0M(1024.0M)]
 [Times: user=0.02 sys=0.00, real=0.02 secs] 
2016-12-19T21:38:09.670+0100: 3194.015: [GC pause (G1 Evacuation Pause) (young), 0.0244040 secs]
   [Parallel Time: 23.6 ms, GC Workers: 1]
      [GC Worker Start (ms):  3194015.8]
      [Ext Root Scanning (ms):  1.5]
      [Update RS (ms):  5.0]
         [Processed Buffers:  37]
      [Scan RS (ms):  4.2]
      [Code Root Scanning (ms):  0.0]
      [Object Copy (ms):  12.7]
      [Termination (ms):  0.0]
         [Termination Attempts:  1]
      [GC Worker Other (ms):  0.0]
      [GC Worker Total (ms):  23.5]
      [GC Worker End (ms):  3194039.3]
   [Code Root Fixup: 0.1 ms]
   [Code Root Purge: 0.0 ms]
   [Clear CT: 0.1 ms]
   [Other: 0.7 ms]
      [Choose CSet: 0.0 ms]
      [Ref Proc: 0.0 ms]
      [Ref Enq: 0.0 ms]
      [Redirty Cards: 0.0 ms]
      [Humongous Register: 0.3 ms]
      [Humongous Reclaim: 0.0 ms]
      [Free CSet: 0.0 ms]
   [Eden: 45.0M(45.0M)->0.0B(47.0M) Survivors: 6144.0K->4096.0K Heap: 257.0M(1024.0M)->212.0M(1024.0M)]
 [Times: user=0.02 sys=0.01, real=0.02 secs] 
2016-12-19T21:38:33.833+0100: 3218.178: [GC pause (G1 Evacuation Pause) (young), 0.0238266 secs]
   [Parallel Time: 23.1 ms, GC Workers: 1]
      [GC Worker Start (ms):  3218178.4]
      [Ext Root Scanning (ms):  1.8]
      [Update RS (ms):  3.1]
         [Processed Buffers:  39]
      [Scan RS (ms):  4.5]
      [Code Root Scanning (ms):  0.0]
      [Object Copy (ms):  13.6]
      [Termination (ms):  0.0]
         [Termination Attempts:  1]
      [GC Worker Other (ms):  0.0]
      [GC Worker Total (ms):  23.0]
      [GC Worker End (ms):  3218201.4]
   [Code Root Fixup: 0.0 ms]
   [Code Root Purge: 0.0 ms]
   [Clear CT: 0.0 ms]
   [Other: 0.7 ms]
      [Choose CSet: 0.0 ms]
      [Ref Proc: 0.0 ms]
      [Ref Enq: 0.0 ms]
      [Redirty Cards: 0.0 ms]
      [Humongous Register: 0.1 ms]
      [Humongous Reclaim: 0.0 ms]
      [Free CSet: 0.1 ms]
   [Eden: 47.0M(47.0M)->0.0B(46.0M) Survivors: 4096.0K->5120.0K Heap: 259.0M(1024.0M)->213.5M(1024.0M)]
 [Times: user=0.02 sys=0.01, real=0.02 secs] 
2016-12-19T21:38:57.938+0100: 3242.283: [GC pause (G1 Evacuation Pause) (young), 0.0238960 secs]
   [Parallel Time: 23.0 ms, GC Workers: 1]
      [GC Worker Start (ms):  3242283.6]
      [Ext Root Scanning (ms):  2.2]
      [Update RS (ms):  2.3]
         [Processed Buffers:  37]
      [Scan RS (ms):  4.3]
      [Code Root Scanning (ms):  0.0]
      [Object Copy (ms):  14.2]
      [Termination (ms):  0.0]
         [Termination Attempts:  1]
      [GC Worker Other (ms):  0.0]
      [GC Worker Total (ms):  22.9]
      [GC Worker End (ms):  3242306.5]
   [Code Root Fixup: 0.1 ms]
   [Code Root Purge: 0.0 ms]
   [Clear CT: 0.1 ms]
   [Other: 0.7 ms]
      [Choose CSet: 0.0 ms]
      [Ref Proc: 0.0 ms]
      [Ref Enq: 0.0 ms]
      [Redirty Cards: 0.1 ms]
      [Humongous Register: 0.1 ms]
      [Humongous Reclaim: 0.1 ms]
      [Free CSet: 0.1 ms]
   [Eden: 46.0M(46.0M)->0.0B(47.0M) Survivors: 5120.0K->4096.0K Heap: 259.5M(1024.0M)->214.3M(1024.0M)]
 [Times: user=0.01 sys=0.01, real=0.03 secs] 
2016-12-19T21:39:22.059+0100: 3266.405: [GC pause (G1 Evacuation Pause) (young), 0.0246127 secs]
   [Parallel Time: 24.0 ms, GC Workers: 1]
      [GC Worker Start (ms):  3266405.1]
      [Ext Root Scanning (ms):  1.1]
      [Update RS (ms):  4.8]
         [Processed Buffers:  38]
      [Scan RS (ms):  5.6]
      [Code Root Scanning (ms):  0.0]
      [Object Copy (ms):  12.5]
      [Termination (ms):  0.0]
         [Termination Attempts:  1]
      [GC Worker Other (ms):  0.0]
      [GC Worker Total (ms):  24.0]
      [GC Worker End (ms):  3266429.0]
   [Code Root Fixup: 0.0 ms]
   [Code Root Purge: 0.0 ms]
   [Clear CT: 0.1 ms]
   [Other: 0.5 ms]
      [Choose CSet: 0.0 ms]
      [Ref Proc: 0.0 ms]
      [Ref Enq: 0.0 ms]
      [Redirty Cards: 0.0 ms]
      [Humongous Register: 0.1 ms]
      [Humongous Reclaim: 0.0 ms]
      [Free CSet: 0.1 ms]
   [Eden: 47.0M(47.0M)->0.0B(47.0M) Survivors: 4096.0K->4096.0K Heap: 261.3M(1024.0M)->214.3M(1024.0M)]
 [Times: user=0.03 sys=0.00, real=0.02 secs] 
2016-12-19T21:39:46.316+0100: 3290.661: [GC pause (G1 Evacuation Pause) (young), 0.0203019 secs]
   [Parallel Time: 19.7 ms, GC Workers: 1]
      [GC Worker Start (ms):  3290661.2]
      [Ext Root Scanning (ms):  2.4]
      [Update RS (ms):  2.3]
         [Processed Buffers:  39]
      [Scan RS (ms):  4.2]
      [Code Root Scanning (ms):  0.0]
      [Object Copy (ms):  10.7]
      [Termination (ms):  0.0]
         [Termination Attempts:  1]
      [GC Worker Other (ms):  0.0]
      [GC Worker Total (ms):  19.7]
      [GC Worker End (ms):  3290680.9]
   [Code Root Fixup: 0.1 ms]
   [Code Root Purge: 0.0 ms]
   [Clear CT: 0.0 ms]
   [Other: 0.5 ms]
      [Choose CSet: 0.0 ms]
      [Ref Proc: 0.0 ms]
      [Ref Enq: 0.0 ms]
      [Redirty Cards: 0.0 ms]
      [Humongous Register: 0.1 ms]
      [Humongous Reclaim: 0.0 ms]
      [Free CSet: 0.1 ms]
   [Eden: 47.0M(47.0M)->0.0B(46.0M) Survivors: 4096.0K->5120.0K Heap: 261.3M(1024.0M)->215.3M(1024.0M)]
 [Times: user=0.02 sys=0.00, real=0.02 secs] 
2016-12-19T21:40:10.923+0100: 3315.268: [GC pause (G1 Evacuation Pause) (young), 0.0207702 secs]
   [Parallel Time: 20.1 ms, GC Workers: 1]
      [GC Worker Start (ms):  3315268.5]
      [Ext Root Scanning (ms):  1.3]
      [Update RS (ms):  2.8]
         [Processed Buffers:  38]
      [Scan RS (ms):  4.0]
      [Code Root Scanning (ms):  0.0]
      [Object Copy (ms):  11.9]
      [Termination (ms):  0.0]
         [Termination Attempts:  1]
      [GC Worker Other (ms):  0.0]
      [GC Worker Total (ms):  20.1]
      [GC Worker End (ms):  3315288.6]
   [Code Root Fixup: 0.1 ms]
   [Code Root Purge: 0.0 ms]
   [Clear CT: 0.0 ms]
   [Other: 0.6 ms]
      [Choose CSet: 0.0 ms]
      [Ref Proc: 0.0 ms]
      [Ref Enq: 0.0 ms]
      [Redirty Cards: 0.0 ms]
      [Humongous Register: 0.2 ms]
      [Humongous Reclaim: 0.0 ms]
      [Free CSet: 0.1 ms]
   [Eden: 46.0M(46.0M)->0.0B(47.0M) Survivors: 5120.0K->4096.0K Heap: 261.3M(1024.0M)->215.6M(1024.0M)]
 [Times: user=0.02 sys=0.00, real=0.02 secs] 
2016-12-19T21:40:35.569+0100: 3339.914: [GC pause (G1 Evacuation Pause) (young), 0.0204378 secs]
   [Parallel Time: 19.9 ms, GC Workers: 1]
      [GC Worker Start (ms):  3339914.3]
      [Ext Root Scanning (ms):  0.9]
      [Update RS (ms):  3.1]
         [Processed Buffers:  38]
      [Scan RS (ms):  4.3]
      [Code Root Scanning (ms):  0.0]
      [Object Copy (ms):  11.6]
      [Termination (ms):  0.0]
         [Termination Attempts:  1]
      [GC Worker Other (ms):  0.0]
      [GC Worker Total (ms):  19.9]
      [GC Worker End (ms):  3339934.2]
   [Code Root Fixup: 0.1 ms]
   [Code Root Purge: 0.0 ms]
   [Clear CT: 0.0 ms]
   [Other: 0.4 ms]
      [Choose CSet: 0.0 ms]
      [Ref Proc: 0.0 ms]
      [Ref Enq: 0.0 ms]
      [Redirty Cards: 0.0 ms]
      [Humongous Register: 0.1 ms]
      [Humongous Reclaim: 0.0 ms]
      [Free CSet: 0.1 ms]
   [Eden: 47.0M(47.0M)->0.0B(46.0M) Survivors: 4096.0K->5120.0K Heap: 262.6M(1024.0M)->216.6M(1024.0M)]
 [Times: user=0.02 sys=0.00, real=0.02 secs] 
2016-12-19T21:41:00.102+0100: 3364.447: [GC pause (G1 Evacuation Pause) (young), 0.0249418 secs]
   [Parallel Time: 24.3 ms, GC Workers: 1]
      [GC Worker Start (ms):  3364447.6]
      [Ext Root Scanning (ms):  4.6]
      [Update RS (ms):  2.1]
         [Processed Buffers:  39]
      [Scan RS (ms):  4.0]
      [Code Root Scanning (ms):  0.0]
      [Object Copy (ms):  13.5]
      [Termination (ms):  0.0]
         [Termination Attempts:  1]
      [GC Worker Other (ms):  0.0]
      [GC Worker Total (ms):  24.3]
      [GC Worker End (ms):  3364471.8]
   [Code Root Fixup: 0.1 ms]
   [Code Root Purge: 0.0 ms]
   [Clear CT: 0.0 ms]
   [Other: 0.5 ms]
      [Choose CSet: 0.0 ms]
      [Ref Proc: 0.0 ms]
      [Ref Enq: 0.0 ms]
      [Redirty Cards: 0.0 ms]
      [Humongous Register: 0.1 ms]
      [Humongous Reclaim: 0.0 ms]
      [Free CSet: 0.1 ms]
   [Eden: 46.0M(46.0M)->0.0B(47.0M) Survivors: 5120.0K->4096.0K Heap: 262.6M(1024.0M)->217.2M(1024.0M)]
 [Times: user=0.03 sys=0.00, real=0.02 secs] 
2016-12-19T21:41:24.193+0100: 3388.539: [GC pause (G1 Evacuation Pause) (young), 0.0306516 secs]
   [Parallel Time: 30.0 ms, GC Workers: 1]
      [GC Worker Start (ms):  3388539.0]
      [Ext Root Scanning (ms):  2.3]
      [Update RS (ms):  6.2]
         [Processed Buffers:  38]
      [Scan RS (ms):  5.5]
      [Code Root Scanning (ms):  0.0]
      [Object Copy (ms):  15.9]
      [Termination (ms):  0.0]
         [Termination Attempts:  1]
      [GC Worker Other (ms):  0.0]
      [GC Worker Total (ms):  30.0]
      [GC Worker End (ms):  3388569.0]
   [Code Root Fixup: 0.0 ms]
   [Code Root Purge: 0.0 ms]
   [Clear CT: 0.1 ms]
   [Other: 0.5 ms]
      [Choose CSet: 0.0 ms]
      [Ref Proc: 0.0 ms]
      [Ref Enq: 0.0 ms]
      [Redirty Cards: 0.0 ms]
      [Humongous Register: 0.1 ms]
      [Humongous Reclaim: 0.0 ms]
      [Free CSet: 0.1 ms]
   [Eden: 47.0M(47.0M)->0.0B(45.0M) Survivors: 4096.0K->6144.0K Heap: 264.2M(1024.0M)->218.7M(1024.0M)]
 [Times: user=0.03 sys=0.00, real=0.03 secs] 
2016-12-19T21:41:48.582+0100: 3412.928: [GC pause (G1 Evacuation Pause) (young), 0.0202627 secs]
   [Parallel Time: 19.8 ms, GC Workers: 1]
      [GC Worker Start (ms):  3412927.7]
      [Ext Root Scanning (ms):  0.9]
      [Update RS (ms):  2.5]
         [Processed Buffers:  38]
      [Scan RS (ms):  4.0]
      [Code Root Scanning (ms):  0.0]
      [Object Copy (ms):  12.2]
      [Termination (ms):  0.0]
         [Termination Attempts:  1]
      [GC Worker Other (ms):  0.0]
      [GC Worker Total (ms):  19.7]
      [GC Worker End (ms):  3412947.4]
   [Code Root Fixup: 0.0 ms]
   [Code Root Purge: 0.0 ms]
   [Clear CT: 0.0 ms]
   [Other: 0.4 ms]
      [Choose CSet: 0.0 ms]
      [Ref Proc: 0.0 ms]
      [Ref Enq: 0.0 ms]
      [Redirty Cards: 0.0 ms]
      [Humongous Register: 0.1 ms]
      [Humongous Reclaim: 0.0 ms]
      [Free CSet: 0.0 ms]
   [Eden: 45.0M(45.0M)->0.0B(47.0M) Survivors: 6144.0K->4096.0K Heap: 263.7M(1024.0M)->218.7M(1024.0M)]
 [Times: user=0.02 sys=0.00, real=0.02 secs] 
2016-12-19T21:42:13.824+0100: 3438.170: [GC pause (G1 Evacuation Pause) (young), 0.0285619 secs]
   [Parallel Time: 27.4 ms, GC Workers: 1]
      [GC Worker Start (ms):  3438169.7]
      [Ext Root Scanning (ms):  1.1]
      [Update RS (ms):  8.6]
         [Processed Buffers:  53]
      [Scan RS (ms):  1.0]
      [Code Root Scanning (ms):  0.0]
      [Object Copy (ms):  16.6]
      [Termination (ms):  0.0]
         [Termination Attempts:  1]
      [GC Worker Other (ms):  0.0]
      [GC Worker Total (ms):  27.4]
      [GC Worker End (ms):  3438197.0]
   [Code Root Fixup: 0.0 ms]
   [Code Root Purge: 0.0 ms]
   [Clear CT: 0.1 ms]
   [Other: 1.1 ms]
      [Choose CSet: 0.0 ms]
      [Ref Proc: 0.5 ms]
      [Ref Enq: 0.0 ms]
      [Redirty Cards: 0.1 ms]
      [Humongous Register: 0.1 ms]
      [Humongous Reclaim: 0.1 ms]
      [Free CSet: 0.1 ms]
   [Eden: 47.0M(47.0M)->0.0B(45.0M) Survivors: 4096.0K->6144.0K Heap: 265.7M(1024.0M)->220.2M(1024.0M)]
 [Times: user=0.03 sys=0.00, real=0.03 secs] 
2016-12-19T21:42:40.498+0100: 3464.844: [GC pause (G1 Evacuation Pause) (young), 0.0241822 secs]
   [Parallel Time: 23.6 ms, GC Workers: 1]
      [GC Worker Start (ms):  3464844.1]
      [Ext Root Scanning (ms):  2.9]
      [Update RS (ms):  2.6]
         [Processed Buffers:  38]
      [Scan RS (ms):  5.5]
      [Code Root Scanning (ms):  0.0]
      [Object Copy (ms):  12.5]
      [Termination (ms):  0.0]
         [Termination Attempts:  1]
      [GC Worker Other (ms):  0.0]
      [GC Worker Total (ms):  23.5]
      [GC Worker End (ms):  3464867.6]
   [Code Root Fixup: 0.0 ms]
   [Code Root Purge: 0.0 ms]
   [Clear CT: 0.0 ms]
   [Other: 0.5 ms]
      [Choose CSet: 0.0 ms]
      [Ref Proc: 0.0 ms]
      [Ref Enq: 0.0 ms]
      [Redirty Cards: 0.1 ms]
      [Humongous Register: 0.1 ms]
      [Humongous Reclaim: 0.0 ms]
      [Free CSet: 0.1 ms]
   [Eden: 45.0M(45.0M)->0.0B(47.0M) Survivors: 6144.0K->4096.0K Heap: 265.2M(1024.0M)->220.2M(1024.0M)]
 [Times: user=0.02 sys=0.00, real=0.03 secs] 
2016-12-19T21:43:06.351+0100: 3490.697: [GC pause (G1 Evacuation Pause) (young), 0.0267942 secs]
   [Parallel Time: 26.1 ms, GC Workers: 1]
      [GC Worker Start (ms):  3490696.7]
      [Ext Root Scanning (ms):  2.5]
      [Update RS (ms):  2.9]
         [Processed Buffers:  37]
      [Scan RS (ms):  4.8]
      [Code Root Scanning (ms):  0.0]
      [Object Copy (ms):  15.9]
      [Termination (ms):  0.0]
         [Termination Attempts:  1]
      [GC Worker Other (ms):  0.0]
      [GC Worker Total (ms):  26.1]
      [GC Worker End (ms):  3490722.8]
   [Code Root Fixup: 0.1 ms]
   [Code Root Purge: 0.0 ms]
   [Clear CT: 0.1 ms]
   [Other: 0.6 ms]
      [Choose CSet: 0.0 ms]
      [Ref Proc: 0.0 ms]
      [Ref Enq: 0.0 ms]
      [Redirty Cards: 0.1 ms]
      [Humongous Register: 0.1 ms]
      [Humongous Reclaim: 0.0 ms]
      [Free CSet: 0.1 ms]
   [Eden: 47.0M(47.0M)->0.0B(46.0M) Survivors: 4096.0K->5120.0K Heap: 267.2M(1024.0M)->221.7M(1024.0M)]
 [Times: user=0.03 sys=0.00, real=0.02 secs] 
2016-12-19T21:43:30.555+0100: 3514.900: [GC pause (G1 Evacuation Pause) (young), 0.0200490 secs]
   [Parallel Time: 19.4 ms, GC Workers: 1]
      [GC Worker Start (ms):  3514900.5]
      [Ext Root Scanning (ms):  1.0]
      [Update RS (ms):  2.2]
         [Processed Buffers:  37]
      [Scan RS (ms):  4.5]
      [Code Root Scanning (ms):  0.0]
      [Object Copy (ms):  11.6]
      [Termination (ms):  0.0]
         [Termination Attempts:  1]
      [GC Worker Other (ms):  0.0]
      [GC Worker Total (ms):  19.4]
      [GC Worker End (ms):  3514919.9]
   [Code Root Fixup: 0.1 ms]
   [Code Root Purge: 0.0 ms]
   [Clear CT: 0.0 ms]
   [Other: 0.6 ms]
      [Choose CSet: 0.0 ms]
      [Ref Proc: 0.0 ms]
      [Ref Enq: 0.0 ms]
      [Redirty Cards: 0.0 ms]
      [Humongous Register: 0.1 ms]
      [Humongous Reclaim: 0.0 ms]
      [Free CSet: 0.1 ms]
   [Eden: 46.0M(46.0M)->0.0B(47.0M) Survivors: 5120.0K->4096.0K Heap: 267.7M(1024.0M)->222.7M(1024.0M)]
 [Times: user=0.02 sys=0.00, real=0.02 secs] 
2016-12-19T21:43:55.098+0100: 3539.444: [GC pause (G1 Evacuation Pause) (young), 0.0193247 secs]
   [Parallel Time: 18.5 ms, GC Workers: 1]
      [GC Worker Start (ms):  3539443.9]
      [Ext Root Scanning (ms):  1.1]
      [Update RS (ms):  3.0]
         [Processed Buffers:  37]
      [Scan RS (ms):  4.9]
      [Code Root Scanning (ms):  0.0]
      [Object Copy (ms):  9.5]
      [Termination (ms):  0.0]
         [Termination Attempts:  1]
      [GC Worker Other (ms):  0.0]
      [GC Worker Total (ms):  18.5]
      [GC Worker End (ms):  3539462.4]
   [Code Root Fixup: 0.1 ms]
   [Code Root Purge: 0.0 ms]
   [Clear CT: 0.1 ms]
   [Other: 0.7 ms]
      [Choose CSet: 0.0 ms]
      [Ref Proc: 0.0 ms]
      [Ref Enq: 0.0 ms]
      [Redirty Cards: 0.1 ms]
      [Humongous Register: 0.1 ms]
      [Humongous Reclaim: 0.1 ms]
      [Free CSet: 0.1 ms]
   [Eden: 47.0M(47.0M)->0.0B(47.0M) Survivors: 4096.0K->4096.0K Heap: 269.7M(1024.0M)->222.7M(1024.0M)]
 [Times: user=0.02 sys=0.00, real=0.02 secs] 
2016-12-19T21:44:19.938+0100: 3564.283: [GC pause (G1 Evacuation Pause) (young), 0.0780518 secs]
   [Parallel Time: 77.3 ms, GC Workers: 1]
      [GC Worker Start (ms):  3564283.6]
      [Ext Root Scanning (ms):  1.5]
      [Update RS (ms):  20.4]
         [Processed Buffers:  38]
      [Scan RS (ms):  12.7]
      [Code Root Scanning (ms):  0.0]
      [Object Copy (ms):  42.7]
      [Termination (ms):  0.0]
         [Termination Attempts:  1]
      [GC Worker Other (ms):  0.0]
      [GC Worker Total (ms):  77.2]
      [GC Worker End (ms):  3564360.8]
   [Code Root Fixup: 0.1 ms]
   [Code Root Purge: 0.0 ms]
   [Clear CT: 0.1 ms]
   [Other: 0.6 ms]
      [Choose CSet: 0.0 ms]
      [Ref Proc: 0.0 ms]
      [Ref Enq: 0.0 ms]
      [Redirty Cards: 0.0 ms]
      [Humongous Register: 0.1 ms]
      [Humongous Reclaim: 0.1 ms]
      [Free CSet: 0.1 ms]
   [Eden: 47.0M(47.0M)->0.0B(46.0M) Survivors: 4096.0K->5120.0K Heap: 269.7M(1024.0M)->223.7M(1024.0M)]
 [Times: user=0.07 sys=0.01, real=0.08 secs] 
2016-12-19T21:44:44.256+0100: 3588.602: [GC pause (G1 Evacuation Pause) (young), 0.0258644 secs]
   [Parallel Time: 25.4 ms, GC Workers: 1]
      [GC Worker Start (ms):  3588601.7]
      [Ext Root Scanning (ms):  1.0]
      [Update RS (ms):  5.0]
         [Processed Buffers:  31]
      [Scan RS (ms):  4.1]
      [Code Root Scanning (ms):  0.0]
      [Object Copy (ms):  15.2]
      [Termination (ms):  0.0]
         [Termination Attempts:  1]
      [GC Worker Other (ms):  0.0]
      [GC Worker Total (ms):  25.3]
      [GC Worker End (ms):  3588627.0]
   [Code Root Fixup: 0.0 ms]
   [Code Root Purge: 0.0 ms]
   [Clear CT: 0.0 ms]
   [Other: 0.4 ms]
      [Choose CSet: 0.0 ms]
      [Ref Proc: 0.0 ms]
      [Ref Enq: 0.0 ms]
      [Redirty Cards: 0.0 ms]
      [Humongous Register: 0.1 ms]
      [Humongous Reclaim: 0.0 ms]
      [Free CSet: 0.0 ms]
   [Eden: 46.0M(46.0M)->0.0B(47.0M) Survivors: 5120.0K->4096.0K Heap: 269.7M(1024.0M)->223.9M(1024.0M)]
 [Times: user=0.01 sys=0.00, real=0.03 secs] 
2016-12-19T21:45:06.657+0100: 3611.003: [GC pause (G1 Evacuation Pause) (young), 0.0410043 secs]
   [Parallel Time: 39.0 ms, GC Workers: 1]
      [GC Worker Start (ms):  3611002.8]
      [Ext Root Scanning (ms):  1.0]
      [Update RS (ms):  2.7]
         [Processed Buffers:  38]
      [Scan RS (ms):  11.6]
      [Code Root Scanning (ms):  0.0]
      [Object Copy (ms):  23.6]
      [Termination (ms):  0.0]
         [Termination Attempts:  1]
      [GC Worker Other (ms):  0.0]
      [GC Worker Total (ms):  38.9]
      [GC Worker End (ms):  3611041.8]
   [Code Root Fixup: 0.0 ms]
   [Code Root Purge: 0.0 ms]
   [Clear CT: 0.1 ms]
   [Other: 1.9 ms]
      [Choose CSet: 0.0 ms]
      [Ref Proc: 1.3 ms]
      [Ref Enq: 0.0 ms]
      [Redirty Cards: 0.1 ms]
      [Humongous Register: 0.1 ms]
      [Humongous Reclaim: 0.0 ms]
      [Free CSet: 0.1 ms]
   [Eden: 47.0M(47.0M)->0.0B(44.0M) Survivors: 4096.0K->7168.0K Heap: 270.9M(1024.0M)->228.5M(1024.0M)]
 [Times: user=0.04 sys=0.00, real=0.04 secs] 
2016-12-19T21:45:29.375+0100: 3633.721: [GC pause (G1 Evacuation Pause) (young), 0.0300400 secs]
   [Parallel Time: 29.2 ms, GC Workers: 1]
      [GC Worker Start (ms):  3633720.7]
      [Ext Root Scanning (ms):  0.9]
      [Update RS (ms):  1.9]
         [Processed Buffers:  39]
      [Scan RS (ms):  8.3]
      [Code Root Scanning (ms):  0.0]
      [Object Copy (ms):  18.1]
      [Termination (ms):  0.0]
         [Termination Attempts:  1]
      [GC Worker Other (ms):  0.0]
      [GC Worker Total (ms):  29.2]
      [GC Worker End (ms):  3633749.9]
   [Code Root Fixup: 0.1 ms]
   [Code Root Purge: 0.0 ms]
   [Clear CT: 0.1 ms]
   [Other: 0.7 ms]
      [Choose CSet: 0.0 ms]
      [Ref Proc: 0.1 ms]
      [Ref Enq: 0.0 ms]
      [Redirty Cards: 0.1 ms]
      [Humongous Register: 0.1 ms]
      [Humongous Reclaim: 0.1 ms]
      [Free CSet: 0.1 ms]
   [Eden: 44.0M(44.0M)->0.0B(49.0M) Survivors: 7168.0K->2048.0K Heap: 272.5M(1024.0M)->229.4M(1024.0M)]
 [Times: user=0.02 sys=0.01, real=0.03 secs] 
2016-12-19T21:45:54.887+0100: 3659.232: [GC pause (G1 Evacuation Pause) (young), 0.0202404 secs]
   [Parallel Time: 19.3 ms, GC Workers: 1]
      [GC Worker Start (ms):  3659232.7]
      [Ext Root Scanning (ms):  1.9]
      [Update RS (ms):  5.0]
         [Processed Buffers:  37]
      [Scan RS (ms):  4.0]
      [Code Root Scanning (ms):  0.0]
      [Object Copy (ms):  8.3]
      [Termination (ms):  0.0]
         [Termination Attempts:  1]
      [GC Worker Other (ms):  0.0]
      [GC Worker Total (ms):  19.3]
      [GC Worker End (ms):  3659252.0]
   [Code Root Fixup: 0.1 ms]
   [Code Root Purge: 0.0 ms]
   [Clear CT: 0.0 ms]
   [Other: 0.8 ms]
      [Choose CSet: 0.0 ms]
      [Ref Proc: 0.0 ms]
      [Ref Enq: 0.0 ms]
      [Redirty Cards: 0.0 ms]
      [Humongous Register: 0.3 ms]
      [Humongous Reclaim: 0.0 ms]
      [Free CSet: 0.1 ms]
   [Eden: 49.0M(49.0M)->0.0B(48.0M) Survivors: 2048.0K->3072.0K Heap: 278.4M(1024.0M)->230.9M(1024.0M)]
 [Times: user=0.02 sys=0.00, real=0.03 secs] 
2016-12-19T21:46:19.439+0100: 3683.785: [GC pause (G1 Evacuation Pause) (young), 0.0121148 secs]
   [Parallel Time: 11.1 ms, GC Workers: 1]
      [GC Worker Start (ms):  3683785.4]
      [Ext Root Scanning (ms):  1.5]
      [Update RS (ms):  2.0]
         [Processed Buffers:  37]
      [Scan RS (ms):  1.7]
      [Code Root Scanning (ms):  0.0]
      [Object Copy (ms):  5.8]
      [Termination (ms):  0.0]
         [Termination Attempts:  1]
      [GC Worker Other (ms):  0.0]
      [GC Worker Total (ms):  11.0]
      [GC Worker End (ms):  3683796.5]
   [Code Root Fixup: 0.0 ms]
   [Code Root Purge: 0.0 ms]
   [Clear CT: 0.0 ms]
   [Other: 1.0 ms]
      [Choose CSet: 0.0 ms]
      [Ref Proc: 0.0 ms]
      [Ref Enq: 0.0 ms]
      [Redirty Cards: 0.0 ms]
      [Humongous Register: 0.1 ms]
      [Humongous Reclaim: 0.0 ms]
      [Free CSet: 0.1 ms]
   [Eden: 48.0M(48.0M)->0.0B(48.0M) Survivors: 3072.0K->3072.0K Heap: 278.9M(1024.0M)->230.9M(1024.0M)]
 [Times: user=0.01 sys=0.00, real=0.01 secs] 
2016-12-19T21:46:44.077+0100: 3708.423: [GC pause (G1 Evacuation Pause) (young), 0.0141880 secs]
   [Parallel Time: 13.6 ms, GC Workers: 1]
      [GC Worker Start (ms):  3708422.7]
      [Ext Root Scanning (ms):  1.0]
      [Update RS (ms):  2.5]
         [Processed Buffers:  31]
      [Scan RS (ms):  1.4]
      [Code Root Scanning (ms):  0.0]
      [Object Copy (ms):  8.7]
      [Termination (ms):  0.0]
         [Termination Attempts:  1]
      [GC Worker Other (ms):  0.0]
      [GC Worker Total (ms):  13.6]
      [GC Worker End (ms):  3708436.3]
   [Code Root Fixup: 0.1 ms]
   [Code Root Purge: 0.0 ms]
   [Clear CT: 0.0 ms]
   [Other: 0.4 ms]
      [Choose CSet: 0.0 ms]
      [Ref Proc: 0.0 ms]
      [Ref Enq: 0.0 ms]
      [Redirty Cards: 0.0 ms]
      [Humongous Register: 0.1 ms]
      [Humongous Reclaim: 0.0 ms]
      [Free CSet: 0.0 ms]
   [Eden: 48.0M(48.0M)->0.0B(47.0M) Survivors: 3072.0K->4096.0K Heap: 278.9M(1024.0M)->231.9M(1024.0M)]
 [Times: user=0.01 sys=0.00, real=0.02 secs] 
2016-12-19T21:47:09.343+0100: 3733.688: [GC pause (G1 Evacuation Pause) (young), 0.0179197 secs]
   [Parallel Time: 17.0 ms, GC Workers: 1]
      [GC Worker Start (ms):  3733688.8]
      [Ext Root Scanning (ms):  1.3]
      [Update RS (ms):  4.9]
         [Processed Buffers:  30]
      [Scan RS (ms):  1.7]
      [Code Root Scanning (ms):  0.0]
      [Object Copy (ms):  9.0]
      [Termination (ms):  0.0]
         [Termination Attempts:  1]
      [GC Worker Other (ms):  0.0]
      [GC Worker Total (ms):  17.0]
      [GC Worker End (ms):  3733705.8]
   [Code Root Fixup: 0.0 ms]
   [Code Root Purge: 0.0 ms]
   [Clear CT: 0.0 ms]
   [Other: 0.8 ms]
      [Choose CSet: 0.0 ms]
      [Ref Proc: 0.0 ms]
      [Ref Enq: 0.0 ms]
      [Redirty Cards: 0.0 ms]
      [Humongous Register: 0.4 ms]
      [Humongous Reclaim: 0.0 ms]
      [Free CSet: 0.0 ms]
   [Eden: 47.0M(47.0M)->0.0B(47.0M) Survivors: 4096.0K->4096.0K Heap: 278.9M(1024.0M)->231.9M(1024.0M)]
 [Times: user=0.02 sys=0.00, real=0.02 secs] 
2016-12-19T21:47:33.921+0100: 3758.266: [GC pause (G1 Evacuation Pause) (young), 0.0209681 secs]
   [Parallel Time: 20.3 ms, GC Workers: 1]
      [GC Worker Start (ms):  3758266.6]
      [Ext Root Scanning (ms):  3.0]
      [Update RS (ms):  2.2]
         [Processed Buffers:  33]
      [Scan RS (ms):  1.5]
      [Code Root Scanning (ms):  0.0]
      [Object Copy (ms):  13.5]
      [Termination (ms):  0.0]
         [Termination Attempts:  1]
      [GC Worker Other (ms):  0.0]
      [GC Worker Total (ms):  20.2]
      [GC Worker End (ms):  3758286.9]
   [Code Root Fixup: 0.1 ms]
   [Code Root Purge: 0.0 ms]
   [Clear CT: 0.0 ms]
   [Other: 0.5 ms]
      [Choose CSet: 0.0 ms]
      [Ref Proc: 0.0 ms]
      [Ref Enq: 0.0 ms]
      [Redirty Cards: 0.0 ms]
      [Humongous Register: 0.1 ms]
      [Humongous Reclaim: 0.1 ms]
      [Free CSet: 0.0 ms]
   [Eden: 47.0M(47.0M)->0.0B(45.0M) Survivors: 4096.0K->6144.0K Heap: 278.9M(1024.0M)->233.4M(1024.0M)]
 [Times: user=0.01 sys=0.00, real=0.02 secs] 
2016-12-19T21:47:58.424+0100: 3782.770: [GC pause (G1 Evacuation Pause) (young), 0.0190900 secs]
   [Parallel Time: 18.2 ms, GC Workers: 1]
      [GC Worker Start (ms):  3782770.2]
      [Ext Root Scanning (ms):  1.8]
      [Update RS (ms):  1.8]
         [Processed Buffers:  32]
      [Scan RS (ms):  1.3]
      [Code Root Scanning (ms):  0.0]
      [Object Copy (ms):  13.3]
      [Termination (ms):  0.0]
         [Termination Attempts:  1]
      [GC Worker Other (ms):  0.0]
      [GC Worker Total (ms):  18.2]
      [GC Worker End (ms):  3782788.4]
   [Code Root Fixup: 0.0 ms]
   [Code Root Purge: 0.0 ms]
   [Clear CT: 0.0 ms]
   [Other: 0.8 ms]
      [Choose CSet: 0.0 ms]
      [Ref Proc: 0.0 ms]
      [Ref Enq: 0.0 ms]
      [Redirty Cards: 0.0 ms]
      [Humongous Register: 0.4 ms]
      [Humongous Reclaim: 0.0 ms]
      [Free CSet: 0.0 ms]
   [Eden: 45.0M(45.0M)->0.0B(47.0M) Survivors: 6144.0K->4096.0K Heap: 278.4M(1024.0M)->233.6M(1024.0M)]
 [Times: user=0.02 sys=0.00, real=0.02 secs] 
2016-12-19T21:48:22.263+0100: 3806.608: [GC pause (G1 Evacuation Pause) (young), 0.0174225 secs]
   [Parallel Time: 17.0 ms, GC Workers: 1]
      [GC Worker Start (ms):  3806608.6]
      [Ext Root Scanning (ms):  1.4]
      [Update RS (ms):  5.8]
         [Processed Buffers:  34]
      [Scan RS (ms):  2.1]
      [Code Root Scanning (ms):  0.0]
      [Object Copy (ms):  7.7]
      [Termination (ms):  0.0]
         [Termination Attempts:  1]
      [GC Worker Other (ms):  0.0]
      [GC Worker Total (ms):  17.0]
      [GC Worker End (ms):  3806625.5]
   [Code Root Fixup: 0.1 ms]
   [Code Root Purge: 0.0 ms]
   [Clear CT: 0.0 ms]
   [Other: 0.4 ms]
      [Choose CSet: 0.0 ms]
      [Ref Proc: 0.0 ms]
      [Ref Enq: 0.0 ms]
      [Redirty Cards: 0.0 ms]
      [Humongous Register: 0.1 ms]
      [Humongous Reclaim: 0.0 ms]
      [Free CSet: 0.0 ms]
   [Eden: 47.0M(47.0M)->0.0B(47.0M) Survivors: 4096.0K->4096.0K Heap: 280.6M(1024.0M)->233.6M(1024.0M)]
 [Times: user=0.01 sys=0.00, real=0.02 secs] 
2016-12-19T21:48:46.394+0100: 3830.740: [GC pause (G1 Evacuation Pause) (young), 0.0160667 secs]
   [Parallel Time: 15.7 ms, GC Workers: 1]
      [GC Worker Start (ms):  3830739.6]
      [Ext Root Scanning (ms):  0.9]
      [Update RS (ms):  1.9]
         [Processed Buffers:  32]
      [Scan RS (ms):  2.0]
      [Code Root Scanning (ms):  0.0]
      [Object Copy (ms):  10.8]
      [Termination (ms):  0.0]
         [Termination Attempts:  1]
      [GC Worker Other (ms):  0.0]
      [GC Worker Total (ms):  15.6]
      [GC Worker End (ms):  3830755.2]
   [Code Root Fixup: 0.1 ms]
   [Code Root Purge: 0.0 ms]
   [Clear CT: 0.0 ms]
   [Other: 0.3 ms]
      [Choose CSet: 0.0 ms]
      [Ref Proc: 0.0 ms]
      [Ref Enq: 0.0 ms]
      [Redirty Cards: 0.0 ms]
      [Humongous Register: 0.0 ms]
      [Humongous Reclaim: 0.0 ms]
      [Free CSet: 0.0 ms]
   [Eden: 47.0M(47.0M)->0.0B(46.0M) Survivors: 4096.0K->5120.0K Heap: 280.6M(1024.0M)->234.6M(1024.0M)]
 [Times: user=0.02 sys=0.00, real=0.02 secs] 
2016-12-19T21:49:12.786+0100: 3857.131: [GC pause (G1 Evacuation Pause) (young), 0.0234037 secs]
   [Parallel Time: 22.9 ms, GC Workers: 1]
      [GC Worker Start (ms):  3857131.4]
      [Ext Root Scanning (ms):  3.0]
      [Update RS (ms):  2.6]
         [Processed Buffers:  32]
      [Scan RS (ms):  3.1]
      [Code Root Scanning (ms):  0.0]
      [Object Copy (ms):  14.2]
      [Termination (ms):  0.0]
         [Termination Attempts:  1]
      [GC Worker Other (ms):  0.0]
      [GC Worker Total (ms):  22.9]
      [GC Worker End (ms):  3857154.2]
   [Code Root Fixup: 0.0 ms]
   [Code Root Purge: 0.0 ms]
   [Clear CT: 0.0 ms]
   [Other: 0.4 ms]
      [Choose CSet: 0.0 ms]
      [Ref Proc: 0.0 ms]
      [Ref Enq: 0.0 ms]
      [Redirty Cards: 0.0 ms]
      [Humongous Register: 0.1 ms]
      [Humongous Reclaim: 0.0 ms]
      [Free CSet: 0.0 ms]
   [Eden: 46.0M(46.0M)->0.0B(47.0M) Survivors: 5120.0K->4096.0K Heap: 280.6M(1024.0M)->234.9M(1024.0M)]
 [Times: user=0.02 sys=0.00, real=0.03 secs] 
2016-12-19T21:49:38.637+0100: 3882.982: [GC pause (G1 Evacuation Pause) (young), 0.0184785 secs]
   [Parallel Time: 17.9 ms, GC Workers: 1]
      [GC Worker Start (ms):  3882982.1]
      [Ext Root Scanning (ms):  0.9]
      [Update RS (ms):  2.2]
         [Processed Buffers:  33]
      [Scan RS (ms):  2.4]
      [Code Root Scanning (ms):  0.0]
      [Object Copy (ms):  12.5]
      [Termination (ms):  0.0]
         [Termination Attempts:  1]
      [GC Worker Other (ms):  0.0]
      [GC Worker Total (ms):  17.9]
      [GC Worker End (ms):  3883000.0]
   [Code Root Fixup: 0.1 ms]
   [Code Root Purge: 0.0 ms]
   [Clear CT: 0.1 ms]
   [Other: 0.5 ms]
      [Choose CSet: 0.0 ms]
      [Ref Proc: 0.0 ms]
      [Ref Enq: 0.0 ms]
      [Redirty Cards: 0.0 ms]
      [Humongous Register: 0.0 ms]
      [Humongous Reclaim: 0.0 ms]
      [Free CSet: 0.1 ms]
   [Eden: 47.0M(47.0M)->0.0B(46.0M) Survivors: 4096.0K->5120.0K Heap: 281.9M(1024.0M)->235.9M(1024.0M)]
 [Times: user=0.02 sys=0.00, real=0.02 secs] 
2016-12-19T21:50:04.627+0100: 3908.972: [GC pause (G1 Evacuation Pause) (young), 0.0228445 secs]
   [Parallel Time: 22.3 ms, GC Workers: 1]
      [GC Worker Start (ms):  3908972.2]
      [Ext Root Scanning (ms):  2.8]
      [Update RS (ms):  3.6]
         [Processed Buffers:  31]
      [Scan RS (ms):  2.5]
      [Code Root Scanning (ms):  0.0]
      [Object Copy (ms):  13.3]
      [Termination (ms):  0.0]
         [Termination Attempts:  1]
      [GC Worker Other (ms):  0.0]
      [GC Worker Total (ms):  22.2]
      [GC Worker End (ms):  3908994.4]
   [Code Root Fixup: 0.0 ms]
   [Code Root Purge: 0.0 ms]
   [Clear CT: 0.0 ms]
   [Other: 0.5 ms]
      [Choose CSet: 0.0 ms]
      [Ref Proc: 0.0 ms]
      [Ref Enq: 0.0 ms]
      [Redirty Cards: 0.0 ms]
      [Humongous Register: 0.1 ms]
      [Humongous Reclaim: 0.0 ms]
      [Free CSet: 0.1 ms]
   [Eden: 46.0M(46.0M)->0.0B(47.0M) Survivors: 5120.0K->4096.0K Heap: 281.9M(1024.0M)->236.2M(1024.0M)]
 [Times: user=0.02 sys=0.00, real=0.03 secs] 
2016-12-19T21:50:28.407+0100: 3932.753: [GC pause (G1 Evacuation Pause) (young), 0.0188101 secs]
   [Parallel Time: 18.3 ms, GC Workers: 1]
      [GC Worker Start (ms):  3932752.7]
      [Ext Root Scanning (ms):  1.1]
      [Update RS (ms):  2.3]
         [Processed Buffers:  34]
      [Scan RS (ms):  2.8]
      [Code Root Scanning (ms):  0.0]
      [Object Copy (ms):  12.1]
      [Termination (ms):  0.0]
         [Termination Attempts:  1]
      [GC Worker Other (ms):  0.0]
      [GC Worker Total (ms):  18.3]
      [GC Worker End (ms):  3932771.0]
   [Code Root Fixup: 0.0 ms]
   [Code Root Purge: 0.0 ms]
   [Clear CT: 0.0 ms]
   [Other: 0.4 ms]
      [Choose CSet: 0.0 ms]
      [Ref Proc: 0.0 ms]
      [Ref Enq: 0.0 ms]
      [Redirty Cards: 0.0 ms]
      [Humongous Register: 0.1 ms]
      [Humongous Reclaim: 0.0 ms]
      [Free CSet: 0.0 ms]
   [Eden: 47.0M(47.0M)->0.0B(45.0M) Survivors: 4096.0K->6144.0K Heap: 283.2M(1024.0M)->237.7M(1024.0M)]
 [Times: user=0.02 sys=0.00, real=0.01 secs] 
2016-12-19T21:50:51.421+0100: 3955.766: [GC pause (G1 Evacuation Pause) (young), 0.0189620 secs]
   [Parallel Time: 18.5 ms, GC Workers: 1]
      [GC Worker Start (ms):  3955766.4]
      [Ext Root Scanning (ms):  1.1]
      [Update RS (ms):  3.3]
         [Processed Buffers:  33]
      [Scan RS (ms):  2.5]
      [Code Root Scanning (ms):  0.0]
      [Object Copy (ms):  11.6]
      [Termination (ms):  0.0]
         [Termination Attempts:  1]
      [GC Worker Other (ms):  0.0]
      [GC Worker Total (ms):  18.5]
      [GC Worker End (ms):  3955784.9]
   [Code Root Fixup: 0.0 ms]
   [Code Root Purge: 0.0 ms]
   [Clear CT: 0.0 ms]
   [Other: 0.4 ms]
      [Choose CSet: 0.0 ms]
      [Ref Proc: 0.0 ms]
      [Ref Enq: 0.0 ms]
      [Redirty Cards: 0.0 ms]
      [Humongous Register: 0.1 ms]
      [Humongous Reclaim: 0.0 ms]
      [Free CSet: 0.0 ms]
   [Eden: 45.0M(45.0M)->0.0B(47.0M) Survivors: 6144.0K->4096.0K Heap: 282.7M(1024.0M)->237.7M(1024.0M)]
 [Times: user=0.01 sys=0.00, real=0.01 secs] 
2016-12-19T21:51:17.145+0100: 3981.490: [GC pause (G1 Evacuation Pause) (young), 0.0205619 secs]
   [Parallel Time: 20.0 ms, GC Workers: 1]
      [GC Worker Start (ms):  3981490.2]
      [Ext Root Scanning (ms):  2.5]
      [Update RS (ms):  2.2]
         [Processed Buffers:  36]
      [Scan RS (ms):  3.3]
      [Code Root Scanning (ms):  0.0]
      [Object Copy (ms):  12.0]
      [Termination (ms):  0.0]
         [Termination Attempts:  1]
      [GC Worker Other (ms):  0.0]
      [GC Worker Total (ms):  20.0]
      [GC Worker End (ms):  3981510.2]
   [Code Root Fixup: 0.0 ms]
   [Code Root Purge: 0.0 ms]
   [Clear CT: 0.0 ms]
   [Other: 0.5 ms]
      [Choose CSet: 0.0 ms]
      [Ref Proc: 0.0 ms]
      [Ref Enq: 0.0 ms]
      [Redirty Cards: 0.0 ms]
      [Humongous Register: 0.1 ms]
      [Humongous Reclaim: 0.0 ms]
      [Free CSet: 0.0 ms]
   [Eden: 47.0M(47.0M)->0.0B(45.0M) Survivors: 4096.0K->6144.0K Heap: 284.7M(1024.0M)->239.2M(1024.0M)]
 [Times: user=0.02 sys=0.00, real=0.02 secs] 
2016-12-19T21:51:42.414+0100: 4006.759: [GC pause (G1 Evacuation Pause) (young), 0.0396104 secs]
   [Parallel Time: 39.2 ms, GC Workers: 1]
      [GC Worker Start (ms):  4006759.4]
      [Ext Root Scanning (ms):  4.7]
      [Update RS (ms):  2.4]
         [Processed Buffers:  33]
      [Scan RS (ms):  7.1]
      [Code Root Scanning (ms):  0.0]
      [Object Copy (ms):  24.9]
      [Termination (ms):  0.0]
         [Termination Attempts:  1]
      [GC Worker Other (ms):  0.0]
      [GC Worker Total (ms):  39.1]
      [GC Worker End (ms):  4006798.5]
   [Code Root Fixup: 0.0 ms]
   [Code Root Purge: 0.0 ms]
   [Clear CT: 0.0 ms]
   [Other: 0.4 ms]
      [Choose CSet: 0.0 ms]
      [Ref Proc: 0.0 ms]
      [Ref Enq: 0.0 ms]
      [Redirty Cards: 0.0 ms]
      [Humongous Register: 0.1 ms]
      [Humongous Reclaim: 0.0 ms]
      [Free CSet: 0.0 ms]
   [Eden: 45.0M(45.0M)->0.0B(47.0M) Survivors: 6144.0K->4096.0K Heap: 284.2M(1024.0M)->239.2M(1024.0M)]
 [Times: user=0.02 sys=0.00, real=0.04 secs] 
2016-12-19T21:52:08.115+0100: 4032.461: [GC pause (G1 Evacuation Pause) (young), 0.0193872 secs]
   [Parallel Time: 18.9 ms, GC Workers: 1]
      [GC Worker Start (ms):  4032460.7]
      [Ext Root Scanning (ms):  1.1]
      [Update RS (ms):  2.0]
         [Processed Buffers:  36]
      [Scan RS (ms):  3.4]
      [Code Root Scanning (ms):  0.0]
      [Object Copy (ms):  12.3]
      [Termination (ms):  0.0]
         [Termination Attempts:  1]
      [GC Worker Other (ms):  0.0]
      [GC Worker Total (ms):  18.8]
      [GC Worker End (ms):  4032479.5]
   [Code Root Fixup: 0.1 ms]
   [Code Root Purge: 0.0 ms]
   [Clear CT: 0.0 ms]
   [Other: 0.4 ms]
      [Choose CSet: 0.0 ms]
      [Ref Proc: 0.0 ms]
      [Ref Enq: 0.0 ms]
      [Redirty Cards: 0.0 ms]
      [Humongous Register: 0.1 ms]
      [Humongous Reclaim: 0.0 ms]
      [Free CSet: 0.1 ms]
   [Eden: 47.0M(47.0M)->0.0B(45.0M) Survivors: 4096.0K->6144.0K Heap: 286.2M(1024.0M)->240.7M(1024.0M)]
 [Times: user=0.02 sys=0.00, real=0.02 secs] 
2016-12-19T21:52:33.653+0100: 4057.998: [GC pause (G1 Evacuation Pause) (young), 0.0203772 secs]
   [Parallel Time: 20.0 ms, GC Workers: 1]
      [GC Worker Start (ms):  4057998.2]
      [Ext Root Scanning (ms):  0.9]
      [Update RS (ms):  2.3]
         [Processed Buffers:  33]
      [Scan RS (ms):  2.7]
      [Code Root Scanning (ms):  0.0]
      [Object Copy (ms):  14.0]
      [Termination (ms):  0.0]
         [Termination Attempts:  1]
      [GC Worker Other (ms):  0.0]
      [GC Worker Total (ms):  19.9]
      [GC Worker End (ms):  4058018.1]
   [Code Root Fixup: 0.0 ms]
   [Code Root Purge: 0.0 ms]
   [Clear CT: 0.0 ms]
   [Other: 0.4 ms]
      [Choose CSet: 0.0 ms]
      [Ref Proc: 0.0 ms]
      [Ref Enq: 0.0 ms]
      [Redirty Cards: 0.0 ms]
      [Humongous Register: 0.0 ms]
      [Humongous Reclaim: 0.0 ms]
      [Free CSet: 0.0 ms]
   [Eden: 45.0M(45.0M)->0.0B(47.0M) Survivors: 6144.0K->4096.0K Heap: 285.7M(1024.0M)->240.7M(1024.0M)]
 [Times: user=0.02 sys=0.00, real=0.02 secs] 
2016-12-19T21:52:58.172+0100: 4082.518: [GC pause (G1 Evacuation Pause) (young), 0.0179431 secs]
   [Parallel Time: 17.5 ms, GC Workers: 1]
      [GC Worker Start (ms):  4082517.8]
      [Ext Root Scanning (ms):  0.9]
      [Update RS (ms):  2.0]
         [Processed Buffers:  38]
      [Scan RS (ms):  3.8]
      [Code Root Scanning (ms):  0.0]
      [Object Copy (ms):  10.8]
      [Termination (ms):  0.0]
         [Termination Attempts:  1]
      [GC Worker Other (ms):  0.0]
      [GC Worker Total (ms):  17.4]
      [GC Worker End (ms):  4082535.3]
   [Code Root Fixup: 0.0 ms]
   [Code Root Purge: 0.0 ms]
   [Clear CT: 0.0 ms]
   [Other: 0.4 ms]
      [Choose CSet: 0.0 ms]
      [Ref Proc: 0.0 ms]
      [Ref Enq: 0.0 ms]
      [Redirty Cards: 0.0 ms]
      [Humongous Register: 0.0 ms]
      [Humongous Reclaim: 0.0 ms]
      [Free CSet: 0.1 ms]
   [Eden: 47.0M(47.0M)->0.0B(46.0M) Survivors: 4096.0K->5120.0K Heap: 287.7M(1024.0M)->242.2M(1024.0M)]
 [Times: user=0.01 sys=0.00, real=0.02 secs] 
2016-12-19T21:53:22.255+0100: 4106.600: [GC pause (G1 Evacuation Pause) (young), 0.0304720 secs]
   [Parallel Time: 29.8 ms, GC Workers: 1]
      [GC Worker Start (ms):  4106600.5]
      [Ext Root Scanning (ms):  1.0]
      [Update RS (ms):  2.5]
         [Processed Buffers:  35]
      [Scan RS (ms):  4.0]
      [Code Root Scanning (ms):  0.0]
      [Object Copy (ms):  22.3]
      [Termination (ms):  0.0]
         [Termination Attempts:  1]
      [GC Worker Other (ms):  0.0]
      [GC Worker Total (ms):  29.8]
      [GC Worker End (ms):  4106630.3]
   [Code Root Fixup: 0.1 ms]
   [Code Root Purge: 0.0 ms]
   [Clear CT: 0.0 ms]
   [Other: 0.6 ms]
      [Choose CSet: 0.0 ms]
      [Ref Proc: 0.0 ms]
      [Ref Enq: 0.0 ms]
      [Redirty Cards: 0.0 ms]
      [Humongous Register: 0.2 ms]
      [Humongous Reclaim: 0.0 ms]
      [Free CSet: 0.1 ms]
   [Eden: 46.0M(46.0M)->0.0B(47.0M) Survivors: 5120.0K->4096.0K Heap: 288.2M(1024.0M)->242.7M(1024.0M)]
 [Times: user=0.03 sys=0.00, real=0.03 secs] 
2016-12-19T21:53:47.011+0100: 4131.356: [GC pause (G1 Evacuation Pause) (young), 0.0182599 secs]
   [Parallel Time: 17.8 ms, GC Workers: 1]
      [GC Worker Start (ms):  4131356.4]
      [Ext Root Scanning (ms):  2.3]
      [Update RS (ms):  2.8]
         [Processed Buffers:  37]
      [Scan RS (ms):  3.9]
      [Code Root Scanning (ms):  0.0]
      [Object Copy (ms):  8.8]
      [Termination (ms):  0.0]
         [Termination Attempts:  1]
      [GC Worker Other (ms):  0.0]
      [GC Worker Total (ms):  17.8]
      [GC Worker End (ms):  4131374.2]
   [Code Root Fixup: 0.0 ms]
   [Code Root Purge: 0.0 ms]
   [Clear CT: 0.0 ms]
   [Other: 0.4 ms]
      [Choose CSet: 0.0 ms]
      [Ref Proc: 0.0 ms]
      [Ref Enq: 0.0 ms]
      [Redirty Cards: 0.0 ms]
      [Humongous Register: 0.0 ms]
      [Humongous Reclaim: 0.0 ms]
      [Free CSet: 0.1 ms]
   [Eden: 47.0M(47.0M)->0.0B(47.0M) Survivors: 4096.0K->4096.0K Heap: 289.7M(1024.0M)->242.7M(1024.0M)]
 [Times: user=0.02 sys=0.00, real=0.02 secs] 
2016-12-19T21:54:13.164+0100: 4157.510: [GC pause (G1 Evacuation Pause) (young), 0.0191575 secs]
   [Parallel Time: 18.7 ms, GC Workers: 1]
      [GC Worker Start (ms):  4157510.0]
      [Ext Root Scanning (ms):  1.1]
      [Update RS (ms):  3.3]
         [Processed Buffers:  38]
      [Scan RS (ms):  3.4]
      [Code Root Scanning (ms):  0.0]
      [Object Copy (ms):  10.8]
      [Termination (ms):  0.0]
         [Termination Attempts:  1]
      [GC Worker Other (ms):  0.0]
      [GC Worker Total (ms):  18.6]
      [GC Worker End (ms):  4157528.7]
   [Code Root Fixup: 0.0 ms]
   [Code Root Purge: 0.0 ms]
   [Clear CT: 0.0 ms]
   [Other: 0.4 ms]
      [Choose CSet: 0.0 ms]
      [Ref Proc: 0.0 ms]
      [Ref Enq: 0.0 ms]
      [Redirty Cards: 0.0 ms]
      [Humongous Register: 0.1 ms]
      [Humongous Reclaim: 0.0 ms]
      [Free CSet: 0.1 ms]
   [Eden: 47.0M(47.0M)->0.0B(46.0M) Survivors: 4096.0K->5120.0K Heap: 289.7M(1024.0M)->243.7M(1024.0M)]
 [Times: user=0.02 sys=0.00, real=0.02 secs] 
2016-12-19T21:54:37.705+0100: 4182.050: [GC pause (G1 Evacuation Pause) (young), 0.0190365 secs]
   [Parallel Time: 18.6 ms, GC Workers: 1]
      [GC Worker Start (ms):  4182050.5]
      [Ext Root Scanning (ms):  0.9]
      [Update RS (ms):  2.0]
         [Processed Buffers:  38]
      [Scan RS (ms):  3.8]
      [Code Root Scanning (ms):  0.0]
      [Object Copy (ms):  11.8]
      [Termination (ms):  0.0]
         [Termination Attempts:  1]
      [GC Worker Other (ms):  0.0]
      [GC Worker Total (ms):  18.6]
      [GC Worker End (ms):  4182069.0]
   [Code Root Fixup: 0.1 ms]
   [Code Root Purge: 0.0 ms]
   [Clear CT: 0.0 ms]
   [Other: 0.3 ms]
      [Choose CSet: 0.0 ms]
      [Ref Proc: 0.0 ms]
      [Ref Enq: 0.0 ms]
      [Redirty Cards: 0.0 ms]
      [Humongous Register: 0.0 ms]
      [Humongous Reclaim: 0.0 ms]
      [Free CSet: 0.0 ms]
   [Eden: 46.0M(46.0M)->0.0B(47.0M) Survivors: 5120.0K->4096.0K Heap: 289.7M(1024.0M)->243.9M(1024.0M)]
 [Times: user=0.02 sys=0.00, real=0.02 secs] 
2016-12-19T21:55:02.068+0100: 4206.413: [GC pause (G1 Evacuation Pause) (young), 0.0304476 secs]
   [Parallel Time: 28.7 ms, GC Workers: 1]
      [GC Worker Start (ms):  4206413.7]
      [Ext Root Scanning (ms):  2.3]
      [Update RS (ms):  2.6]
         [Processed Buffers:  38]
      [Scan RS (ms):  4.6]
      [Code Root Scanning (ms):  0.0]
      [Object Copy (ms):  19.2]
      [Termination (ms):  0.0]
         [Termination Attempts:  1]
      [GC Worker Other (ms):  0.0]
      [GC Worker Total (ms):  28.7]
      [GC Worker End (ms):  4206442.4]
   [Code Root Fixup: 0.1 ms]
   [Code Root Purge: 0.0 ms]
   [Clear CT: 0.1 ms]
   [Other: 1.6 ms]
      [Choose CSet: 0.0 ms]
      [Ref Proc: 0.1 ms]
      [Ref Enq: 0.0 ms]
      [Redirty Cards: 0.0 ms]
      [Humongous Register: 0.2 ms]
      [Humongous Reclaim: 0.0 ms]
      [Free CSet: 0.9 ms]
   [Eden: 47.0M(47.0M)->0.0B(45.0M) Survivors: 4096.0K->6144.0K Heap: 290.9M(1024.0M)->245.4M(1024.0M)]
 [Times: user=0.03 sys=0.00, real=0.02 secs] 
2016-12-19T21:55:25.463+0100: 4229.809: [GC pause (G1 Evacuation Pause) (young), 0.0206895 secs]
   [Parallel Time: 20.3 ms, GC Workers: 1]
      [GC Worker Start (ms):  4229808.9]
      [Ext Root Scanning (ms):  1.0]
      [Update RS (ms):  2.5]
         [Processed Buffers:  32]
      [Scan RS (ms):  3.2]
      [Code Root Scanning (ms):  0.0]
      [Object Copy (ms):  13.5]
      [Termination (ms):  0.0]
         [Termination Attempts:  1]
      [GC Worker Other (ms):  0.0]
      [GC Worker Total (ms):  20.2]
      [GC Worker End (ms):  4229829.1]
   [Code Root Fixup: 0.0 ms]
   [Code Root Purge: 0.0 ms]
   [Clear CT: 0.0 ms]
   [Other: 0.4 ms]
      [Choose CSet: 0.0 ms]
      [Ref Proc: 0.0 ms]
      [Ref Enq: 0.0 ms]
      [Redirty Cards: 0.0 ms]
      [Humongous Register: 0.0 ms]
      [Humongous Reclaim: 0.0 ms]
      [Free CSet: 0.0 ms]
   [Eden: 45.0M(45.0M)->0.0B(47.0M) Survivors: 6144.0K->4096.0K Heap: 290.4M(1024.0M)->245.4M(1024.0M)]
 [Times: user=0.02 sys=0.00, real=0.02 secs] 
2016-12-19T21:55:48.678+0100: 4253.023: [GC pause (G1 Evacuation Pause) (young), 0.0224316 secs]
   [Parallel Time: 22.0 ms, GC Workers: 1]
      [GC Worker Start (ms):  4253023.5]
      [Ext Root Scanning (ms):  1.1]
      [Update RS (ms):  2.6]
         [Processed Buffers:  38]
      [Scan RS (ms):  4.8]
      [Code Root Scanning (ms):  0.0]
      [Object Copy (ms):  13.3]
      [Termination (ms):  0.0]
         [Termination Attempts:  1]
      [GC Worker Other (ms):  0.0]
      [GC Worker Total (ms):  21.9]
      [GC Worker End (ms):  4253045.5]
   [Code Root Fixup: 0.1 ms]
   [Code Root Purge: 0.0 ms]
   [Clear CT: 0.0 ms]
   [Other: 0.4 ms]
      [Choose CSet: 0.0 ms]
      [Ref Proc: 0.0 ms]
      [Ref Enq: 0.0 ms]
      [Redirty Cards: 0.0 ms]
      [Humongous Register: 0.1 ms]
      [Humongous Reclaim: 0.0 ms]
      [Free CSet: 0.1 ms]
   [Eden: 47.0M(47.0M)->0.0B(45.0M) Survivors: 4096.0K->6144.0K Heap: 292.4M(1024.0M)->246.9M(1024.0M)]
 [Times: user=0.02 sys=0.00, real=0.03 secs] 
2016-12-19T21:56:12.721+0100: 4277.066: [GC pause (G1 Evacuation Pause) (young), 0.0313308 secs]
   [Parallel Time: 30.6 ms, GC Workers: 1]
      [GC Worker Start (ms):  4277066.7]
      [Ext Root Scanning (ms):  2.7]
      [Update RS (ms):  6.3]
         [Processed Buffers:  36]
      [Scan RS (ms):  4.4]
      [Code Root Scanning (ms):  0.0]
      [Object Copy (ms):  17.2]
      [Termination (ms):  0.0]
         [Termination Attempts:  1]
      [GC Worker Other (ms):  0.0]
      [GC Worker Total (ms):  30.6]
      [GC Worker End (ms):  4277097.3]
   [Code Root Fixup: 0.0 ms]
   [Code Root Purge: 0.0 ms]
   [Clear CT: 0.0 ms]
   [Other: 0.6 ms]
      [Choose CSet: 0.0 ms]
      [Ref Proc: 0.0 ms]
      [Ref Enq: 0.0 ms]
      [Redirty Cards: 0.0 ms]
      [Humongous Register: 0.2 ms]
      [Humongous Reclaim: 0.0 ms]
      [Free CSet: 0.0 ms]
   [Eden: 45.0M(45.0M)->0.0B(47.0M) Survivors: 6144.0K->4096.0K Heap: 291.9M(1024.0M)->247.0M(1024.0M)]
 [Times: user=0.02 sys=0.01, real=0.03 secs] 
2016-12-19T21:56:36.638+0100: 4300.983: [GC pause (G1 Evacuation Pause) (young), 0.0254173 secs]
   [Parallel Time: 24.7 ms, GC Workers: 1]
      [GC Worker Start (ms):  4300983.6]
      [Ext Root Scanning (ms):  1.3]
      [Update RS (ms):  4.3]
         [Processed Buffers:  35]
      [Scan RS (ms):  4.9]
      [Code Root Scanning (ms):  0.0]
      [Object Copy (ms):  14.1]
      [Termination (ms):  0.0]
         [Termination Attempts:  1]
      [GC Worker Other (ms):  0.0]
      [GC Worker Total (ms):  24.7]
      [GC Worker End (ms):  4301008.3]
   [Code Root Fixup: 0.1 ms]
   [Code Root Purge: 0.0 ms]
   [Clear CT: 0.0 ms]
   [Other: 0.6 ms]
      [Choose CSet: 0.0 ms]
      [Ref Proc: 0.1 ms]
      [Ref Enq: 0.0 ms]
      [Redirty Cards: 0.0 ms]
      [Humongous Register: 0.1 ms]
      [Humongous Reclaim: 0.0 ms]
      [Free CSet: 0.1 ms]
   [Eden: 47.0M(47.0M)->0.0B(46.0M) Survivors: 4096.0K->5120.0K Heap: 294.0M(1024.0M)->248.5M(1024.0M)]
 [Times: user=0.03 sys=0.00, real=0.03 secs] 
2016-12-19T21:57:01.117+0100: 4325.462: [GC pause (G1 Evacuation Pause) (young), 0.0223758 secs]
   [Parallel Time: 21.1 ms, GC Workers: 1]
      [GC Worker Start (ms):  4325463.0]
      [Ext Root Scanning (ms):  2.5]
      [Update RS (ms):  1.9]
         [Processed Buffers:  35]
      [Scan RS (ms):  3.9]
      [Code Root Scanning (ms):  0.0]
      [Object Copy (ms):  12.9]
      [Termination (ms):  0.0]
         [Termination Attempts:  1]
      [GC Worker Other (ms):  0.0]
      [GC Worker Total (ms):  21.1]
      [GC Worker End (ms):  4325484.1]
   [Code Root Fixup: 0.1 ms]
   [Code Root Purge: 0.0 ms]
   [Clear CT: 0.0 ms]
   [Other: 1.2 ms]
      [Choose CSet: 0.0 ms]
      [Ref Proc: 0.0 ms]
      [Ref Enq: 0.0 ms]
      [Redirty Cards: 0.0 ms]
      [Humongous Register: 0.8 ms]
      [Humongous Reclaim: 0.0 ms]
      [Free CSet: 0.1 ms]
   [Eden: 46.0M(46.0M)->0.0B(47.0M) Survivors: 5120.0K->4096.0K Heap: 294.5M(1024.0M)->249.4M(1024.0M)]
 [Times: user=0.02 sys=0.00, real=0.02 secs] 
2016-12-19T21:57:27.633+0100: 4351.979: [GC pause (G1 Evacuation Pause) (young), 0.0193461 secs]
   [Parallel Time: 18.2 ms, GC Workers: 1]
      [GC Worker Start (ms):  4351979.0]
      [Ext Root Scanning (ms):  1.6]
      [Update RS (ms):  4.3]
         [Processed Buffers:  39]
      [Scan RS (ms):  3.9]
      [Code Root Scanning (ms):  0.0]
      [Object Copy (ms):  8.3]
      [Termination (ms):  0.0]
         [Termination Attempts:  1]
      [GC Worker Other (ms):  0.0]
      [GC Worker Total (ms):  18.2]
      [GC Worker End (ms):  4351997.2]
   [Code Root Fixup: 0.0 ms]
   [Code Root Purge: 0.0 ms]
   [Clear CT: 0.0 ms]
   [Other: 1.1 ms]
      [Choose CSet: 0.0 ms]
      [Ref Proc: 0.0 ms]
      [Ref Enq: 0.0 ms]
      [Redirty Cards: 0.6 ms]
      [Humongous Register: 0.1 ms]
      [Humongous Reclaim: 0.0 ms]
      [Free CSet: 0.1 ms]
   [Eden: 47.0M(47.0M)->0.0B(47.0M) Survivors: 4096.0K->4096.0K Heap: 296.4M(1024.0M)->249.4M(1024.0M)]
 [Times: user=0.02 sys=0.00, real=0.02 secs] 
2016-12-19T21:57:51.161+0100: 4375.506: [GC pause (G1 Evacuation Pause) (young), 0.0220690 secs]
   [Parallel Time: 21.4 ms, GC Workers: 1]
      [GC Worker Start (ms):  4375506.2]
      [Ext Root Scanning (ms):  3.0]
      [Update RS (ms):  2.1]
         [Processed Buffers:  37]
      [Scan RS (ms):  3.9]
      [Code Root Scanning (ms):  0.0]
      [Object Copy (ms):  12.2]
      [Termination (ms):  0.0]
         [Termination Attempts:  1]
      [GC Worker Other (ms):  0.0]
      [GC Worker Total (ms):  21.4]
      [GC Worker End (ms):  4375527.6]
   [Code Root Fixup: 0.1 ms]
   [Code Root Purge: 0.0 ms]
   [Clear CT: 0.0 ms]
   [Other: 0.6 ms]
      [Choose CSet: 0.0 ms]
      [Ref Proc: 0.0 ms]
      [Ref Enq: 0.0 ms]
      [Redirty Cards: 0.0 ms]
      [Humongous Register: 0.1 ms]
      [Humongous Reclaim: 0.0 ms]
      [Free CSet: 0.1 ms]
   [Eden: 47.0M(47.0M)->0.0B(46.0M) Survivors: 4096.0K->5120.0K Heap: 296.4M(1024.0M)->250.4M(1024.0M)]
 [Times: user=0.02 sys=0.01, real=0.02 secs] 
2016-12-19T21:58:15.147+0100: 4399.493: [GC pause (G1 Evacuation Pause) (young), 0.0196268 secs]
   [Parallel Time: 18.8 ms, GC Workers: 1]
      [GC Worker Start (ms):  4399492.9]
      [Ext Root Scanning (ms):  1.1]
      [Update RS (ms):  2.3]
         [Processed Buffers:  34]
      [Scan RS (ms):  3.4]
      [Code Root Scanning (ms):  0.0]
      [Object Copy (ms):  12.0]
      [Termination (ms):  0.0]
         [Termination Attempts:  1]
      [GC Worker Other (ms):  0.0]
      [GC Worker Total (ms):  18.8]
      [GC Worker End (ms):  4399511.7]
   [Code Root Fixup: 0.0 ms]
   [Code Root Purge: 0.0 ms]
   [Clear CT: 0.0 ms]
   [Other: 0.7 ms]
      [Choose CSet: 0.0 ms]
      [Ref Proc: 0.0 ms]
      [Ref Enq: 0.0 ms]
      [Redirty Cards: 0.0 ms]
      [Humongous Register: 0.2 ms]
      [Humongous Reclaim: 0.0 ms]
      [Free CSet: 0.0 ms]
   [Eden: 46.0M(46.0M)->0.0B(47.0M) Survivors: 5120.0K->4096.0K Heap: 296.4M(1024.0M)->250.6M(1024.0M)]
 [Times: user=0.02 sys=0.00, real=0.02 secs] 
2016-12-19T21:58:39.232+0100: 4423.577: [GC pause (G1 Evacuation Pause) (young), 0.0190063 secs]
   [Parallel Time: 18.6 ms, GC Workers: 1]
      [GC Worker Start (ms):  4423577.6]
      [Ext Root Scanning (ms):  0.9]
      [Update RS (ms):  2.1]
         [Processed Buffers:  38]
      [Scan RS (ms):  3.9]
      [Code Root Scanning (ms):  0.0]
      [Object Copy (ms):  11.7]
      [Termination (ms):  0.0]
         [Termination Attempts:  1]
      [GC Worker Other (ms):  0.0]
      [GC Worker Total (ms):  18.6]
      [GC Worker End (ms):  4423596.2]
   [Code Root Fixup: 0.0 ms]
   [Code Root Purge: 0.0 ms]
   [Clear CT: 0.0 ms]
   [Other: 0.3 ms]
      [Choose CSet: 0.0 ms]
      [Ref Proc: 0.0 ms]
      [Ref Enq: 0.0 ms]
      [Redirty Cards: 0.0 ms]
      [Humongous Register: 0.0 ms]
      [Humongous Reclaim: 0.0 ms]
      [Free CSet: 0.1 ms]
   [Eden: 47.0M(47.0M)->0.0B(45.0M) Survivors: 4096.0K->6144.0K Heap: 297.6M(1024.0M)->252.1M(1024.0M)]
 [Times: user=0.01 sys=0.01, real=0.02 secs] 
2016-12-19T21:59:03.673+0100: 4448.018: [GC pause (G1 Evacuation Pause) (young), 0.0214136 secs]
   [Parallel Time: 21.0 ms, GC Workers: 1]
      [GC Worker Start (ms):  4448018.5]
      [Ext Root Scanning (ms):  1.0]
      [Update RS (ms):  2.9]
         [Processed Buffers:  35]
      [Scan RS (ms):  3.6]
      [Code Root Scanning (ms):  0.0]
      [Object Copy (ms):  13.4]
      [Termination (ms):  0.0]
         [Termination Attempts:  1]
      [GC Worker Other (ms):  0.0]
      [GC Worker Total (ms):  20.9]
      [GC Worker End (ms):  4448039.4]
   [Code Root Fixup: 0.1 ms]
   [Code Root Purge: 0.0 ms]
   [Clear CT: 0.0 ms]
   [Other: 0.4 ms]
      [Choose CSet: 0.0 ms]
      [Ref Proc: 0.0 ms]
      [Ref Enq: 0.0 ms]
      [Redirty Cards: 0.0 ms]
      [Humongous Register: 0.1 ms]
      [Humongous Reclaim: 0.0 ms]
      [Free CSet: 0.0 ms]
   [Eden: 45.0M(45.0M)->0.0B(47.0M) Survivors: 6144.0K->4096.0K Heap: 297.1M(1024.0M)->252.2M(1024.0M)]
 [Times: user=0.02 sys=0.00, real=0.02 secs] 
2016-12-19T21:59:28.532+0100: 4472.877: [GC pause (G1 Evacuation Pause) (young), 0.0190508 secs]
   [Parallel Time: 18.6 ms, GC Workers: 1]
      [GC Worker Start (ms):  4472877.4]
      [Ext Root Scanning (ms):  0.9]
      [Update RS (ms):  1.8]
         [Processed Buffers:  36]
      [Scan RS (ms):  4.2]
      [Code Root Scanning (ms):  0.0]
      [Object Copy (ms):  11.6]
      [Termination (ms):  0.0]
         [Termination Attempts:  1]
      [GC Worker Other (ms):  0.0]
      [GC Worker Total (ms):  18.5]
      [GC Worker End (ms):  4472895.9]
   [Code Root Fixup: 0.1 ms]
   [Code Root Purge: 0.0 ms]
   [Clear CT: 0.0 ms]
   [Other: 0.4 ms]
      [Choose CSet: 0.0 ms]
      [Ref Proc: 0.0 ms]
      [Ref Enq: 0.0 ms]
      [Redirty Cards: 0.0 ms]
      [Humongous Register: 0.1 ms]
      [Humongous Reclaim: 0.0 ms]
      [Free CSet: 0.1 ms]
   [Eden: 47.0M(47.0M)->0.0B(45.0M) Survivors: 4096.0K->6144.0K Heap: 299.2M(1024.0M)->253.7M(1024.0M)]
 [Times: user=0.02 sys=0.00, real=0.02 secs] 
2016-12-19T21:59:52.109+0100: 4496.454: [GC pause (G1 Evacuation Pause) (young), 0.0196231 secs]
   [Parallel Time: 19.2 ms, GC Workers: 1]
      [GC Worker Start (ms):  4496454.1]
      [Ext Root Scanning (ms):  0.9]
      [Update RS (ms):  2.4]
         [Processed Buffers:  34]
      [Scan RS (ms):  3.3]
      [Code Root Scanning (ms):  0.0]
      [Object Copy (ms):  12.5]
      [Termination (ms):  0.0]
         [Termination Attempts:  1]
      [GC Worker Other (ms):  0.0]
      [GC Worker Total (ms):  19.2]
      [GC Worker End (ms):  4496473.3]
   [Code Root Fixup: 0.0 ms]
   [Code Root Purge: 0.0 ms]
   [Clear CT: 0.0 ms]
   [Other: 0.3 ms]
      [Choose CSet: 0.0 ms]
      [Ref Proc: 0.0 ms]
      [Ref Enq: 0.0 ms]
      [Redirty Cards: 0.0 ms]
      [Humongous Register: 0.0 ms]
      [Humongous Reclaim: 0.0 ms]
      [Free CSet: 0.0 ms]
   [Eden: 45.0M(45.0M)->0.0B(47.0M) Survivors: 6144.0K->4096.0K Heap: 298.7M(1024.0M)->253.7M(1024.0M)]
 [Times: user=0.02 sys=0.00, real=0.02 secs] 
2016-12-19T22:00:17.571+0100: 4521.916: [GC pause (G1 Evacuation Pause) (young), 0.0195823 secs]
   [Parallel Time: 19.1 ms, GC Workers: 1]
      [GC Worker Start (ms):  4521916.5]
      [Ext Root Scanning (ms):  1.0]
      [Update RS (ms):  2.1]
         [Processed Buffers:  37]
      [Scan RS (ms):  4.3]
      [Code Root Scanning (ms):  0.0]
      [Object Copy (ms):  11.6]
      [Termination (ms):  0.0]
         [Termination Attempts:  1]
      [GC Worker Other (ms):  0.0]
      [GC Worker Total (ms):  19.1]
      [GC Worker End (ms):  4521935.6]
   [Code Root Fixup: 0.0 ms]
   [Code Root Purge: 0.0 ms]
   [Clear CT: 0.0 ms]
   [Other: 0.4 ms]
      [Choose CSet: 0.0 ms]
      [Ref Proc: 0.0 ms]
      [Ref Enq: 0.0 ms]
      [Redirty Cards: 0.0 ms]
      [Humongous Register: 0.1 ms]
      [Humongous Reclaim: 0.0 ms]
      [Free CSet: 0.1 ms]
   [Eden: 47.0M(47.0M)->0.0B(45.0M) Survivors: 4096.0K->6144.0K Heap: 300.7M(1024.0M)->255.2M(1024.0M)]
 [Times: user=0.02 sys=0.01, real=0.02 secs] 
2016-12-19T22:00:40.606+0100: 4544.951: [GC pause (G1 Evacuation Pause) (young), 0.0210481 secs]
   [Parallel Time: 20.5 ms, GC Workers: 1]
      [GC Worker Start (ms):  4544951.2]
      [Ext Root Scanning (ms):  1.0]
      [Update RS (ms):  2.6]
         [Processed Buffers:  34]
      [Scan RS (ms):  3.7]
      [Code Root Scanning (ms):  0.0]
      [Object Copy (ms):  13.1]
      [Termination (ms):  0.0]
         [Termination Attempts:  1]
      [GC Worker Other (ms):  0.0]
      [GC Worker Total (ms):  20.5]
      [GC Worker End (ms):  4544971.7]
   [Code Root Fixup: 0.0 ms]
   [Code Root Purge: 0.0 ms]
   [Clear CT: 0.0 ms]
   [Other: 0.5 ms]
      [Choose CSet: 0.0 ms]
      [Ref Proc: 0.0 ms]
      [Ref Enq: 0.0 ms]
      [Redirty Cards: 0.1 ms]
      [Humongous Register: 0.1 ms]
      [Humongous Reclaim: 0.0 ms]
      [Free CSet: 0.1 ms]
   [Eden: 45.0M(45.0M)->0.0B(51.0M) Survivors: 6144.0K->4096.0K Heap: 300.2M(1024.0M)->255.2M(1024.0M)]
 [Times: user=0.02 sys=0.00, real=0.02 secs] 
2016-12-19T22:01:05.439+0100: 4569.784: [GC pause (G1 Evacuation Pause) (young), 0.0242557 secs]
   [Parallel Time: 23.6 ms, GC Workers: 1]
      [GC Worker Start (ms):  4569784.2]
      [Ext Root Scanning (ms):  2.3]
      [Update RS (ms):  3.5]
         [Processed Buffers:  32]
      [Scan RS (ms):  4.2]
      [Code Root Scanning (ms):  0.0]
      [Object Copy (ms):  13.6]
      [Termination (ms):  0.0]
         [Termination Attempts:  1]
      [GC Worker Other (ms):  0.0]
      [GC Worker Total (ms):  23.5]
      [GC Worker End (ms):  4569807.7]
   [Code Root Fixup: 0.1 ms]
   [Code Root Purge: 0.0 ms]
   [Clear CT: 0.0 ms]
   [Other: 0.6 ms]
      [Choose CSet: 0.0 ms]
      [Ref Proc: 0.1 ms]
      [Ref Enq: 0.0 ms]
      [Redirty Cards: 0.0 ms]
      [Humongous Register: 0.0 ms]
      [Humongous Reclaim: 0.1 ms]
      [Free CSet: 0.1 ms]
   [Eden: 47.0M(47.0M)->0.0B(46.0M) Survivors: 4096.0K->5120.0K Heap: 302.2M(1024.0M)->256.7M(1024.0M)]
 [Times: user=0.02 sys=0.00, real=0.03 secs] 
2016-12-19T22:01:29.185+0100: 4593.530: [GC pause (G1 Evacuation Pause) (young), 0.0207172 secs]
   [Parallel Time: 20.3 ms, GC Workers: 1]
      [GC Worker Start (ms):  4593530.5]
      [Ext Root Scanning (ms):  0.9]
      [Update RS (ms):  1.8]
         [Processed Buffers:  36]
      [Scan RS (ms):  3.9]
      [Code Root Scanning (ms):  0.0]
      [Object Copy (ms):  13.7]
      [Termination (ms):  0.0]
         [Termination Attempts:  1]
      [GC Worker Other (ms):  0.0]
      [GC Worker Total (ms):  20.3]
      [GC Worker End (ms):  4593550.8]
   [Code Root Fixup: 0.0 ms]
   [Code Root Purge: 0.0 ms]
   [Clear CT: 0.0 ms]
   [Other: 0.4 ms]
      [Choose CSet: 0.0 ms]
      [Ref Proc: 0.0 ms]
      [Ref Enq: 0.0 ms]
      [Redirty Cards: 0.0 ms]
      [Humongous Register: 0.0 ms]
      [Humongous Reclaim: 0.0 ms]
      [Free CSet: 0.1 ms]
   [Eden: 46.0M(46.0M)->0.0B(47.0M) Survivors: 5120.0K->4096.0K Heap: 302.7M(1024.0M)->257.7M(1024.0M)]
 [Times: user=0.02 sys=0.01, real=0.02 secs] 
2016-12-19T22:01:53.627+0100: 4617.972: [GC pause (G1 Evacuation Pause) (young), 0.0178559 secs]
   [Parallel Time: 17.4 ms, GC Workers: 1]
      [GC Worker Start (ms):  4617972.2]
      [Ext Root Scanning (ms):  1.1]
      [Update RS (ms):  3.1]
         [Processed Buffers:  37]
      [Scan RS (ms):  4.0]
      [Code Root Scanning (ms):  0.0]
      [Object Copy (ms):  9.2]
      [Termination (ms):  0.0]
         [Termination Attempts:  1]
      [GC Worker Other (ms):  0.0]
      [GC Worker Total (ms):  17.4]
      [GC Worker End (ms):  4617989.6]
   [Code Root Fixup: 0.0 ms]
   [Code Root Purge: 0.0 ms]
   [Clear CT: 0.0 ms]
   [Other: 0.4 ms]
      [Choose CSet: 0.0 ms]
      [Ref Proc: 0.0 ms]
      [Ref Enq: 0.0 ms]
      [Redirty Cards: 0.0 ms]
      [Humongous Register: 0.1 ms]
      [Humongous Reclaim: 0.0 ms]
      [Free CSet: 0.1 ms]
   [Eden: 47.0M(47.0M)->0.0B(47.0M) Survivors: 4096.0K->4096.0K Heap: 304.7M(1024.0M)->257.7M(1024.0M)]
 [Times: user=0.01 sys=0.00, real=0.02 secs] 
2016-12-19T22:02:18.619+0100: 4642.965: [GC pause (G1 Evacuation Pause) (young), 0.0192287 secs]
   [Parallel Time: 18.3 ms, GC Workers: 1]
      [GC Worker Start (ms):  4642964.6]
      [Ext Root Scanning (ms):  0.9]
      [Update RS (ms):  1.9]
         [Processed Buffers:  39]
      [Scan RS (ms):  3.7]
      [Code Root Scanning (ms):  0.0]
      [Object Copy (ms):  11.7]
      [Termination (ms):  0.0]
         [Termination Attempts:  1]
      [GC Worker Other (ms):  0.0]
      [GC Worker Total (ms):  18.2]
      [GC Worker End (ms):  4642982.8]
   [Code Root Fixup: 0.1 ms]
   [Code Root Purge: 0.0 ms]
   [Clear CT: 0.0 ms]
   [Other: 0.9 ms]
      [Choose CSet: 0.0 ms]
      [Ref Proc: 0.3 ms]
      [Ref Enq: 0.0 ms]
      [Redirty Cards: 0.0 ms]
      [Humongous Register: 0.0 ms]
      [Humongous Reclaim: 0.0 ms]
      [Free CSet: 0.1 ms]
   [Eden: 47.0M(47.0M)->0.0B(46.0M) Survivors: 4096.0K->5120.0K Heap: 304.7M(1024.0M)->258.7M(1024.0M)]
 [Times: user=0.02 sys=0.00, real=0.01 secs] 
2016-12-19T22:02:44.581+0100: 4668.927: [GC pause (G1 Evacuation Pause) (young), 0.0204821 secs]
   [Parallel Time: 20.0 ms, GC Workers: 1]
      [GC Worker Start (ms):  4668926.9]
      [Ext Root Scanning (ms):  1.0]
      [Update RS (ms):  3.0]
         [Processed Buffers:  35]
      [Scan RS (ms):  3.9]
      [Code Root Scanning (ms):  0.0]
      [Object Copy (ms):  12.0]
      [Termination (ms):  0.0]
         [Termination Attempts:  1]
      [GC Worker Other (ms):  0.0]
      [GC Worker Total (ms):  20.0]
      [GC Worker End (ms):  4668946.9]
   [Code Root Fixup: 0.1 ms]
   [Code Root Purge: 0.0 ms]
   [Clear CT: 0.0 ms]
   [Other: 0.4 ms]
      [Choose CSet: 0.0 ms]
      [Ref Proc: 0.0 ms]
      [Ref Enq: 0.0 ms]
      [Redirty Cards: 0.0 ms]
      [Humongous Register: 0.1 ms]
      [Humongous Reclaim: 0.0 ms]
      [Free CSet: 0.0 ms]
   [Eden: 46.0M(46.0M)->0.0B(47.0M) Survivors: 5120.0K->4096.0K Heap: 304.7M(1024.0M)->258.9M(1024.0M)]
 [Times: user=0.02 sys=0.00, real=0.02 secs] 
2016-12-19T22:03:12.761+0100: 4697.106: [GC pause (G1 Evacuation Pause) (young), 0.0216785 secs]
   [Parallel Time: 20.0 ms, GC Workers: 1]
      [GC Worker Start (ms):  4697107.2]
      [Ext Root Scanning (ms):  2.0]
      [Update RS (ms):  2.6]
         [Processed Buffers:  38]
      [Scan RS (ms):  3.9]
      [Code Root Scanning (ms):  0.0]
      [Object Copy (ms):  11.4]
      [Termination (ms):  0.0]
         [Termination Attempts:  1]
      [GC Worker Other (ms):  0.0]
      [GC Worker Total (ms):  20.0]
      [GC Worker End (ms):  4697127.2]
   [Code Root Fixup: 0.0 ms]
   [Code Root Purge: 0.0 ms]
   [Clear CT: 0.0 ms]
   [Other: 1.6 ms]
      [Choose CSet: 0.0 ms]
      [Ref Proc: 0.0 ms]
      [Ref Enq: 0.0 ms]
      [Redirty Cards: 0.0 ms]
      [Humongous Register: 0.1 ms]
      [Humongous Reclaim: 0.0 ms]
      [Free CSet: 0.1 ms]
   [Eden: 47.0M(47.0M)->0.0B(45.0M) Survivors: 4096.0K->6144.0K Heap: 305.9M(1024.0M)->260.4M(1024.0M)]
 [Times: user=0.02 sys=0.01, real=0.02 secs] 
2016-12-19T22:03:36.369+0100: 4720.715: [GC pause (G1 Evacuation Pause) (young), 0.0216847 secs]
   [Parallel Time: 21.2 ms, GC Workers: 1]
      [GC Worker Start (ms):  4720714.6]
      [Ext Root Scanning (ms):  1.0]
      [Update RS (ms):  2.7]
         [Processed Buffers:  34]
      [Scan RS (ms):  3.6]
      [Code Root Scanning (ms):  0.0]
      [Object Copy (ms):  13.8]
      [Termination (ms):  0.0]
         [Termination Attempts:  1]
      [GC Worker Other (ms):  0.0]
      [GC Worker Total (ms):  21.2]
      [GC Worker End (ms):  4720735.8]
   [Code Root Fixup: 0.0 ms]
   [Code Root Purge: 0.0 ms]
   [Clear CT: 0.0 ms]
   [Other: 0.4 ms]
      [Choose CSet: 0.0 ms]
      [Ref Proc: 0.0 ms]
      [Ref Enq: 0.0 ms]
      [Redirty Cards: 0.0 ms]
      [Humongous Register: 0.0 ms]
      [Humongous Reclaim: 0.0 ms]
      [Free CSet: 0.0 ms]
   [Eden: 45.0M(45.0M)->0.0B(47.0M) Survivors: 6144.0K->4096.0K Heap: 305.4M(1024.0M)->260.4M(1024.0M)]
 [Times: user=0.02 sys=0.00, real=0.02 secs] 
2016-12-19T22:04:02.391+0100: 4746.736: [GC pause (G1 Evacuation Pause) (young), 0.0218658 secs]
   [Parallel Time: 21.2 ms, GC Workers: 1]
      [GC Worker Start (ms):  4746736.1]
      [Ext Root Scanning (ms):  1.0]
      [Update RS (ms):  2.6]
         [Processed Buffers:  34]
      [Scan RS (ms):  4.3]
      [Code Root Scanning (ms):  0.0]
      [Object Copy (ms):  13.2]
      [Termination (ms):  0.0]
         [Termination Attempts:  1]
      [GC Worker Other (ms):  0.0]
      [GC Worker Total (ms):  21.2]
      [GC Worker End (ms):  4746757.3]
   [Code Root Fixup: 0.0 ms]
   [Code Root Purge: 0.0 ms]
   [Clear CT: 0.0 ms]
   [Other: 0.6 ms]
      [Choose CSet: 0.0 ms]
      [Ref Proc: 0.2 ms]
      [Ref Enq: 0.0 ms]
      [Redirty Cards: 0.0 ms]
      [Humongous Register: 0.1 ms]
      [Humongous Reclaim: 0.0 ms]
      [Free CSet: 0.1 ms]
   [Eden: 47.0M(47.0M)->0.0B(45.0M) Survivors: 4096.0K->6144.0K Heap: 307.4M(1024.0M)->261.9M(1024.0M)]
 [Times: user=0.02 sys=0.00, real=0.02 secs] 
2016-12-19T22:04:27.612+0100: 4771.958: [GC pause (G1 Evacuation Pause) (young), 0.0213858 secs]
   [Parallel Time: 20.9 ms, GC Workers: 1]
      [GC Worker Start (ms):  4771957.9]
      [Ext Root Scanning (ms):  0.9]
      [Update RS (ms):  2.7]
         [Processed Buffers:  36]
      [Scan RS (ms):  4.0]
      [Code Root Scanning (ms):  0.0]
      [Object Copy (ms):  13.2]
      [Termination (ms):  0.0]
         [Termination Attempts:  1]
      [GC Worker Other (ms):  0.0]
      [GC Worker Total (ms):  20.8]
      [GC Worker End (ms):  4771978.7]
   [Code Root Fixup: 0.0 ms]
   [Code Root Purge: 0.0 ms]
   [Clear CT: 0.0 ms]
   [Other: 0.4 ms]
      [Choose CSet: 0.0 ms]
      [Ref Proc: 0.0 ms]
      [Ref Enq: 0.0 ms]
      [Redirty Cards: 0.0 ms]
      [Humongous Register: 0.0 ms]
      [Humongous Reclaim: 0.1 ms]
      [Free CSet: 0.1 ms]
   [Eden: 45.0M(45.0M)->0.0B(47.0M) Survivors: 6144.0K->4096.0K Heap: 306.9M(1024.0M)->261.9M(1024.0M)]
 [Times: user=0.02 sys=0.00, real=0.02 secs] 
2016-12-19T22:04:51.558+0100: 4795.903: [GC pause (G1 Evacuation Pause) (young), 0.0238071 secs]
   [Parallel Time: 23.0 ms, GC Workers: 1]
      [GC Worker Start (ms):  4795903.8]
      [Ext Root Scanning (ms):  1.7]
      [Update RS (ms):  4.3]
         [Processed Buffers:  34]
      [Scan RS (ms):  4.5]
      [Code Root Scanning (ms):  0.0]
      [Object Copy (ms):  12.3]
      [Termination (ms):  0.0]
         [Termination Attempts:  1]
      [GC Worker Other (ms):  0.0]
      [GC Worker Total (ms):  22.9]
      [GC Worker End (ms):  4795926.6]
   [Code Root Fixup: 0.0 ms]
   [Code Root Purge: 0.0 ms]
   [Clear CT: 0.0 ms]
   [Other: 0.7 ms]
      [Choose CSet: 0.0 ms]
      [Ref Proc: 0.0 ms]
      [Ref Enq: 0.0 ms]
      [Redirty Cards: 0.0 ms]
      [Humongous Register: 0.3 ms]
      [Humongous Reclaim: 0.0 ms]
      [Free CSet: 0.1 ms]
   [Eden: 47.0M(47.0M)->0.0B(45.0M) Survivors: 4096.0K->6144.0K Heap: 308.9M(1024.0M)->263.4M(1024.0M)]
 [Times: user=0.02 sys=0.01, real=0.03 secs] 
2016-12-19T22:05:13.468+0100: 4817.813: [GC pause (G1 Evacuation Pause) (young), 0.0242571 secs]
   [Parallel Time: 23.7 ms, GC Workers: 1]
      [GC Worker Start (ms):  4817813.2]
      [Ext Root Scanning (ms):  1.3]
      [Update RS (ms):  2.8]
         [Processed Buffers:  37]
      [Scan RS (ms):  4.0]
      [Code Root Scanning (ms):  0.0]
      [Object Copy (ms):  15.5]
      [Termination (ms):  0.0]
         [Termination Attempts:  1]
      [GC Worker Other (ms):  0.0]
      [GC Worker Total (ms):  23.7]
      [GC Worker End (ms):  4817836.8]
   [Code Root Fixup: 0.0 ms]
   [Code Root Purge: 0.0 ms]
   [Clear CT: 0.0 ms]
   [Other: 0.5 ms]
      [Choose CSet: 0.0 ms]
      [Ref Proc: 0.0 ms]
      [Ref Enq: 0.0 ms]
      [Redirty Cards: 0.0 ms]
      [Humongous Register: 0.1 ms]
      [Humongous Reclaim: 0.0 ms]
      [Free CSet: 0.0 ms]
   [Eden: 45.0M(45.0M)->0.0B(47.0M) Survivors: 6144.0K->4096.0K Heap: 308.4M(1024.0M)->263.5M(1024.0M)]
 [Times: user=0.02 sys=0.00, real=0.02 secs] 
2016-12-19T22:05:38.701+0100: 4843.047: [GC pause (G1 Evacuation Pause) (young), 0.0197785 secs]
   [Parallel Time: 19.3 ms, GC Workers: 1]
      [GC Worker Start (ms):  4843046.7]
      [Ext Root Scanning (ms):  1.1]
      [Update RS (ms):  3.1]
         [Processed Buffers:  40]
      [Scan RS (ms):  4.1]
      [Code Root Scanning (ms):  0.0]
      [Object Copy (ms):  11.0]
      [Termination (ms):  0.0]
         [Termination Attempts:  1]
      [GC Worker Other (ms):  0.0]
      [GC Worker Total (ms):  19.3]
      [GC Worker End (ms):  4843066.0]
   [Code Root Fixup: 0.0 ms]
   [Code Root Purge: 0.0 ms]
   [Clear CT: 0.0 ms]
   [Other: 0.4 ms]
      [Choose CSet: 0.0 ms]
      [Ref Proc: 0.0 ms]
      [Ref Enq: 0.0 ms]
      [Redirty Cards: 0.0 ms]
      [Humongous Register: 0.1 ms]
      [Humongous Reclaim: 0.0 ms]
      [Free CSet: 0.1 ms]
   [Eden: 47.0M(47.0M)->0.0B(46.0M) Survivors: 4096.0K->5120.0K Heap: 310.5M(1024.0M)->265.0M(1024.0M)]
 [Times: user=0.01 sys=0.00, real=0.02 secs] 
2016-12-19T22:06:03.645+0100: 4867.991: [GC pause (G1 Evacuation Pause) (young), 0.0236864 secs]
   [Parallel Time: 23.1 ms, GC Workers: 1]
      [GC Worker Start (ms):  4867991.1]
      [Ext Root Scanning (ms):  3.4]
      [Update RS (ms):  2.1]
         [Processed Buffers:  37]
      [Scan RS (ms):  4.9]
      [Code Root Scanning (ms):  0.0]
      [Object Copy (ms):  12.6]
      [Termination (ms):  0.0]
         [Termination Attempts:  1]
      [GC Worker Other (ms):  0.0]
      [GC Worker Total (ms):  23.1]
      [GC Worker End (ms):  4868014.1]
   [Code Root Fixup: 0.1 ms]
   [Code Root Purge: 0.0 ms]
   [Clear CT: 0.0 ms]
   [Other: 0.5 ms]
      [Choose CSet: 0.0 ms]
      [Ref Proc: 0.0 ms]
      [Ref Enq: 0.0 ms]
      [Redirty Cards: 0.0 ms]
      [Humongous Register: 0.1 ms]
      [Humongous Reclaim: 0.0 ms]
      [Free CSet: 0.1 ms]
   [Eden: 46.0M(46.0M)->0.0B(47.0M) Survivors: 5120.0K->4096.0K Heap: 311.0M(1024.0M)->265.7M(1024.0M)]
 [Times: user=0.02 sys=0.00, real=0.03 secs] 
2016-12-19T22:06:29.254+0100: 4893.600: [GC pause (G1 Evacuation Pause) (young), 0.0222665 secs]
   [Parallel Time: 21.8 ms, GC Workers: 1]
      [GC Worker Start (ms):  4893600.0]
      [Ext Root Scanning (ms):  1.7]
      [Update RS (ms):  6.3]
         [Processed Buffers:  38]
      [Scan RS (ms):  4.6]
      [Code Root Scanning (ms):  0.0]
      [Object Copy (ms):  9.2]
      [Termination (ms):  0.0]
         [Termination Attempts:  1]
      [GC Worker Other (ms):  0.0]
      [GC Worker Total (ms):  21.8]
      [GC Worker End (ms):  4893621.8]
   [Code Root Fixup: 0.0 ms]
   [Code Root Purge: 0.0 ms]
   [Clear CT: 0.0 ms]
   [Other: 0.4 ms]
      [Choose CSet: 0.0 ms]
      [Ref Proc: 0.0 ms]
      [Ref Enq: 0.0 ms]
      [Redirty Cards: 0.0 ms]
      [Humongous Register: 0.1 ms]
      [Humongous Reclaim: 0.0 ms]
      [Free CSet: 0.1 ms]
   [Eden: 47.0M(47.0M)->0.0B(47.0M) Survivors: 4096.0K->4096.0K Heap: 312.7M(1024.0M)->265.7M(1024.0M)]
 [Times: user=0.01 sys=0.00, real=0.02 secs] 
2016-12-19T22:06:54.853+0100: 4919.199: [GC pause (G1 Evacuation Pause) (young), 0.0237823 secs]
   [Parallel Time: 23.2 ms, GC Workers: 1]
      [GC Worker Start (ms):  4919199.1]
      [Ext Root Scanning (ms):  1.7]
      [Update RS (ms):  4.7]
         [Processed Buffers:  36]
      [Scan RS (ms):  5.1]
      [Code Root Scanning (ms):  0.0]
      [Object Copy (ms):  11.6]
      [Termination (ms):  0.0]
         [Termination Attempts:  1]
      [GC Worker Other (ms):  0.0]
      [GC Worker Total (ms):  23.2]
      [GC Worker End (ms):  4919222.2]
   [Code Root Fixup: 0.1 ms]
   [Code Root Purge: 0.0 ms]
   [Clear CT: 0.0 ms]
   [Other: 0.5 ms]
      [Choose CSet: 0.0 ms]
      [Ref Proc: 0.0 ms]
      [Ref Enq: 0.0 ms]
      [Redirty Cards: 0.0 ms]
      [Humongous Register: 0.1 ms]
      [Humongous Reclaim: 0.0 ms]
      [Free CSet: 0.1 ms]
   [Eden: 47.0M(47.0M)->0.0B(46.0M) Survivors: 4096.0K->5120.0K Heap: 312.7M(1024.0M)->266.7M(1024.0M)]
 [Times: user=0.03 sys=0.00, real=0.02 secs] 
2016-12-19T22:07:18.652+0100: 4942.997: [GC pause (G1 Evacuation Pause) (young), 0.0230464 secs]
   [Parallel Time: 22.5 ms, GC Workers: 1]
      [GC Worker Start (ms):  4942997.2]
      [Ext Root Scanning (ms):  1.2]
      [Update RS (ms):  5.3]
         [Processed Buffers:  38]
      [Scan RS (ms):  4.2]
      [Code Root Scanning (ms):  0.0]
      [Object Copy (ms):  11.7]
      [Termination (ms):  0.0]
         [Termination Attempts:  1]
      [GC Worker Other (ms):  0.0]
      [GC Worker Total (ms):  22.5]
      [GC Worker End (ms):  4943019.7]
   [Code Root Fixup: 0.0 ms]
   [Code Root Purge: 0.0 ms]
   [Clear CT: 0.0 ms]
   [Other: 0.4 ms]
      [Choose CSet: 0.0 ms]
      [Ref Proc: 0.0 ms]
      [Ref Enq: 0.0 ms]
      [Redirty Cards: 0.0 ms]
      [Humongous Register: 0.0 ms]
      [Humongous Reclaim: 0.0 ms]
      [Free CSet: 0.0 ms]
   [Eden: 46.0M(46.0M)->0.0B(47.0M) Survivors: 5120.0K->4096.0K Heap: 312.7M(1024.0M)->266.9M(1024.0M)]
 [Times: user=0.02 sys=0.00, real=0.02 secs] 
2016-12-19T22:07:43.445+0100: 4967.791: [GC pause (G1 Evacuation Pause) (young), 0.0212798 secs]
   [Parallel Time: 20.8 ms, GC Workers: 1]
      [GC Worker Start (ms):  4967791.0]
      [Ext Root Scanning (ms):  1.9]
      [Update RS (ms):  2.7]
         [Processed Buffers:  38]
      [Scan RS (ms):  4.4]
      [Code Root Scanning (ms):  0.0]
      [Object Copy (ms):  11.7]
      [Termination (ms):  0.0]
         [Termination Attempts:  1]
      [GC Worker Other (ms):  0.0]
      [GC Worker Total (ms):  20.8]
      [GC Worker End (ms):  4967811.8]
   [Code Root Fixup: 0.0 ms]
   [Code Root Purge: 0.0 ms]
   [Clear CT: 0.0 ms]
   [Other: 0.4 ms]
      [Choose CSet: 0.0 ms]
      [Ref Proc: 0.0 ms]
      [Ref Enq: 0.0 ms]
      [Redirty Cards: 0.0 ms]
      [Humongous Register: 0.0 ms]
      [Humongous Reclaim: 0.0 ms]
      [Free CSet: 0.1 ms]
   [Eden: 47.0M(47.0M)->0.0B(45.0M) Survivors: 4096.0K->6144.0K Heap: 313.9M(1024.0M)->268.4M(1024.0M)]
 [Times: user=0.02 sys=0.00, real=0.02 secs] 
2016-12-19T22:08:06.565+0100: 4990.910: [GC pause (G1 Evacuation Pause) (young), 0.0267085 secs]
   [Parallel Time: 26.2 ms, GC Workers: 1]
      [GC Worker Start (ms):  4990910.6]
      [Ext Root Scanning (ms):  3.4]
      [Update RS (ms):  3.2]
         [Processed Buffers:  37]
      [Scan RS (ms):  4.4]
      [Code Root Scanning (ms):  0.0]
      [Object Copy (ms):  14.9]
      [Termination (ms):  0.0]
         [Termination Attempts:  1]
      [GC Worker Other (ms):  0.0]
      [GC Worker Total (ms):  26.2]
      [GC Worker End (ms):  4990936.7]
   [Code Root Fixup: 0.1 ms]
   [Code Root Purge: 0.0 ms]
   [Clear CT: 0.0 ms]
   [Other: 0.4 ms]
      [Choose CSet: 0.0 ms]
      [Ref Proc: 0.0 ms]
      [Ref Enq: 0.0 ms]
      [Redirty Cards: 0.0 ms]
      [Humongous Register: 0.1 ms]
      [Humongous Reclaim: 0.0 ms]
      [Free CSet: 0.0 ms]
   [Eden: 45.0M(45.0M)->0.0B(47.0M) Survivors: 6144.0K->4096.0K Heap: 313.4M(1024.0M)->268.4M(1024.0M)]
 [Times: user=0.02 sys=0.00, real=0.03 secs] 
2016-12-19T22:08:32.572+0100: 5016.918: [GC pause (G1 Evacuation Pause) (young), 0.0198648 secs]
   [Parallel Time: 19.4 ms, GC Workers: 1]
      [GC Worker Start (ms):  5016917.8]
      [Ext Root Scanning (ms):  0.9]
      [Update RS (ms):  2.2]
         [Processed Buffers:  38]
      [Scan RS (ms):  4.6]
      [Code Root Scanning (ms):  0.0]
      [Object Copy (ms):  11.7]
      [Termination (ms):  0.0]
         [Termination Attempts:  1]
      [GC Worker Other (ms):  0.0]
      [GC Worker Total (ms):  19.4]
      [GC Worker End (ms):  5016937.2]
   [Code Root Fixup: 0.0 ms]
   [Code Root Purge: 0.0 ms]
   [Clear CT: 0.0 ms]
   [Other: 0.4 ms]
      [Choose CSet: 0.0 ms]
      [Ref Proc: 0.0 ms]
      [Ref Enq: 0.0 ms]
      [Redirty Cards: 0.0 ms]
      [Humongous Register: 0.0 ms]
      [Humongous Reclaim: 0.0 ms]
      [Free CSet: 0.1 ms]
   [Eden: 47.0M(47.0M)->0.0B(45.0M) Survivors: 4096.0K->6144.0K Heap: 315.4M(1024.0M)->269.9M(1024.0M)]
 [Times: user=0.02 sys=0.00, real=0.02 secs] 
2016-12-19T22:08:58.711+0100: 5043.057: [GC pause (G1 Evacuation Pause) (young), 0.0213523 secs]
   [Parallel Time: 20.9 ms, GC Workers: 1]
      [GC Worker Start (ms):  5043056.9]
      [Ext Root Scanning (ms):  1.2]
      [Update RS (ms):  2.9]
         [Processed Buffers:  36]
      [Scan RS (ms):  3.9]
      [Code Root Scanning (ms):  0.0]
      [Object Copy (ms):  12.7]
      [Termination (ms):  0.0]
         [Termination Attempts:  1]
      [GC Worker Other (ms):  0.0]
      [GC Worker Total (ms):  20.7]
      [GC Worker End (ms):  5043077.6]
   [Code Root Fixup: 0.0 ms]
   [Code Root Purge: 0.0 ms]
   [Clear CT: 0.0 ms]
   [Other: 0.4 ms]
      [Choose CSet: 0.0 ms]
      [Ref Proc: 0.0 ms]
      [Ref Enq: 0.0 ms]
      [Redirty Cards: 0.0 ms]
      [Humongous Register: 0.0 ms]
      [Humongous Reclaim: 0.0 ms]
      [Free CSet: 0.1 ms]
   [Eden: 45.0M(45.0M)->0.0B(47.0M) Survivors: 6144.0K->4096.0K Heap: 314.9M(1024.0M)->269.9M(1024.0M)]
 [Times: user=0.03 sys=0.00, real=0.02 secs] 
2016-12-19T22:09:23.481+0100: 5067.826: [GC pause (G1 Evacuation Pause) (young), 0.0267562 secs]
   [Parallel Time: 26.3 ms, GC Workers: 1]
      [GC Worker Start (ms):  5067826.4]
      [Ext Root Scanning (ms):  3.4]
      [Update RS (ms):  2.9]
         [Processed Buffers:  37]
      [Scan RS (ms):  5.3]
      [Code Root Scanning (ms):  0.0]
      [Object Copy (ms):  14.6]
      [Termination (ms):  0.0]
         [Termination Attempts:  1]
      [GC Worker Other (ms):  0.0]
      [GC Worker Total (ms):  26.2]
      [GC Worker End (ms):  5067852.6]
   [Code Root Fixup: 0.0 ms]
   [Code Root Purge: 0.0 ms]
   [Clear CT: 0.0 ms]
   [Other: 0.4 ms]
      [Choose CSet: 0.0 ms]
      [Ref Proc: 0.0 ms]
      [Ref Enq: 0.0 ms]
      [Redirty Cards: 0.0 ms]
      [Humongous Register: 0.1 ms]
      [Humongous Reclaim: 0.0 ms]
      [Free CSet: 0.1 ms]
   [Eden: 47.0M(47.0M)->0.0B(45.0M) Survivors: 4096.0K->6144.0K Heap: 316.9M(1024.0M)->271.4M(1024.0M)]
 [Times: user=0.03 sys=0.00, real=0.03 secs] 
2016-12-19T22:09:48.668+0100: 5093.013: [GC pause (G1 Evacuation Pause) (young), 0.0227294 secs]
   [Parallel Time: 22.2 ms, GC Workers: 1]
      [GC Worker Start (ms):  5093013.4]
      [Ext Root Scanning (ms):  1.9]
      [Update RS (ms):  2.4]
         [Processed Buffers:  34]
      [Scan RS (ms):  4.6]
      [Code Root Scanning (ms):  0.0]
      [Object Copy (ms):  13.3]
      [Termination (ms):  0.0]
         [Termination Attempts:  1]
      [GC Worker Other (ms):  0.0]
      [GC Worker Total (ms):  22.2]
      [GC Worker End (ms):  5093035.7]
   [Code Root Fixup: 0.0 ms]
   [Code Root Purge: 0.0 ms]
   [Clear CT: 0.0 ms]
   [Other: 0.4 ms]
      [Choose CSet: 0.0 ms]
      [Ref Proc: 0.0 ms]
      [Ref Enq: 0.0 ms]
      [Redirty Cards: 0.0 ms]
      [Humongous Register: 0.0 ms]
      [Humongous Reclaim: 0.0 ms]
      [Free CSet: 0.1 ms]
   [Eden: 45.0M(45.0M)->0.0B(47.0M) Survivors: 6144.0K->4096.0K Heap: 316.4M(1024.0M)->271.5M(1024.0M)]
 [Times: user=0.02 sys=0.00, real=0.02 secs] 
2016-12-19T22:10:13.773+0100: 5118.119: [GC pause (G1 Evacuation Pause) (young), 0.0208642 secs]
   [Parallel Time: 20.4 ms, GC Workers: 1]
      [GC Worker Start (ms):  5118118.7]
      [Ext Root Scanning (ms):  1.2]
      [Update RS (ms):  2.5]
         [Processed Buffers:  39]
      [Scan RS (ms):  4.7]
      [Code Root Scanning (ms):  0.0]
      [Object Copy (ms):  11.9]
      [Termination (ms):  0.0]
         [Termination Attempts:  1]
      [GC Worker Other (ms):  0.0]
      [GC Worker Total (ms):  20.3]
      [GC Worker End (ms):  5118139.1]
   [Code Root Fixup: 0.0 ms]
   [Code Root Purge: 0.0 ms]
   [Clear CT: 0.0 ms]
   [Other: 0.4 ms]
      [Choose CSet: 0.0 ms]
      [Ref Proc: 0.0 ms]
      [Ref Enq: 0.0 ms]
      [Redirty Cards: 0.0 ms]
      [Humongous Register: 0.0 ms]
      [Humongous Reclaim: 0.0 ms]
      [Free CSet: 0.1 ms]
   [Eden: 47.0M(47.0M)->0.0B(46.0M) Survivors: 4096.0K->5120.0K Heap: 318.5M(1024.0M)->273.0M(1024.0M)]
 [Times: user=0.02 sys=0.00, real=0.02 secs] 
2016-12-19T22:10:38.411+0100: 5142.756: [GC pause (G1 Evacuation Pause) (young), 0.0219309 secs]
   [Parallel Time: 21.2 ms, GC Workers: 1]
      [GC Worker Start (ms):  5142756.3]
      [Ext Root Scanning (ms):  1.0]
      [Update RS (ms):  2.0]
         [Processed Buffers:  39]
      [Scan RS (ms):  4.2]
      [Code Root Scanning (ms):  0.0]
      [Object Copy (ms):  14.0]
      [Termination (ms):  0.0]
         [Termination Attempts:  1]
      [GC Worker Other (ms):  0.0]
      [GC Worker Total (ms):  21.2]
      [GC Worker End (ms):  5142777.5]
   [Code Root Fixup: 0.1 ms]
   [Code Root Purge: 0.0 ms]
   [Clear CT: 0.1 ms]
   [Other: 0.6 ms]
      [Choose CSet: 0.0 ms]
      [Ref Proc: 0.1 ms]
      [Ref Enq: 0.0 ms]
      [Redirty Cards: 0.1 ms]
      [Humongous Register: 0.0 ms]
      [Humongous Reclaim: 0.0 ms]
      [Free CSet: 0.1 ms]
   [Eden: 46.0M(46.0M)->0.0B(47.0M) Survivors: 5120.0K->4096.0K Heap: 319.0M(1024.0M)->273.7M(1024.0M)]
 [Times: user=0.02 sys=0.00, real=0.02 secs] 
2016-12-19T22:11:03.716+0100: 5168.062: [GC pause (G1 Evacuation Pause) (young), 0.0221017 secs]
   [Parallel Time: 21.5 ms, GC Workers: 1]
      [GC Worker Start (ms):  5168061.8]
      [Ext Root Scanning (ms):  0.9]
      [Update RS (ms):  4.0]
         [Processed Buffers:  39]
      [Scan RS (ms):  4.3]
      [Code Root Scanning (ms):  0.0]
      [Object Copy (ms):  12.3]
      [Termination (ms):  0.0]
         [Termination Attempts:  1]
      [GC Worker Other (ms):  0.0]
      [GC Worker Total (ms):  21.5]
      [GC Worker End (ms):  5168083.3]
   [Code Root Fixup: 0.1 ms]
   [Code Root Purge: 0.0 ms]
   [Clear CT: 0.0 ms]
   [Other: 0.4 ms]
      [Choose CSet: 0.0 ms]
      [Ref Proc: 0.0 ms]
      [Ref Enq: 0.0 ms]
      [Redirty Cards: 0.0 ms]
      [Humongous Register: 0.0 ms]
      [Humongous Reclaim: 0.1 ms]
      [Free CSet: 0.1 ms]
   [Eden: 47.0M(47.0M)->0.0B(47.0M) Survivors: 4096.0K->4096.0K Heap: 320.7M(1024.0M)->273.7M(1024.0M)]
 [Times: user=0.02 sys=0.00, real=0.02 secs] 
2016-12-19T22:11:28.549+0100: 5192.894: [GC pause (G1 Evacuation Pause) (young), 0.0238810 secs]
   [Parallel Time: 23.4 ms, GC Workers: 1]
      [GC Worker Start (ms):  5192894.1]
      [Ext Root Scanning (ms):  1.5]
      [Update RS (ms):  3.1]
         [Processed Buffers:  39]
      [Scan RS (ms):  6.0]
      [Code Root Scanning (ms):  0.0]
      [Object Copy (ms):  12.8]
      [Termination (ms):  0.0]
         [Termination Attempts:  1]
      [GC Worker Other (ms):  0.0]
      [GC Worker Total (ms):  23.4]
      [GC Worker End (ms):  5192917.4]
   [Code Root Fixup: 0.1 ms]
   [Code Root Purge: 0.0 ms]
   [Clear CT: 0.0 ms]
   [Other: 0.4 ms]
      [Choose CSet: 0.0 ms]
      [Ref Proc: 0.0 ms]
      [Ref Enq: 0.0 ms]
      [Redirty Cards: 0.0 ms]
      [Humongous Register: 0.0 ms]
      [Humongous Reclaim: 0.0 ms]
      [Free CSet: 0.1 ms]
   [Eden: 47.0M(47.0M)->0.0B(46.0M) Survivors: 4096.0K->5120.0K Heap: 320.7M(1024.0M)->274.7M(1024.0M)]
 [Times: user=0.02 sys=0.00, real=0.02 secs] 
2016-12-19T22:11:53.071+0100: 5217.417: [GC pause (G1 Evacuation Pause) (young), 0.0264357 secs]
   [Parallel Time: 25.9 ms, GC Workers: 1]
      [GC Worker Start (ms):  5217417.1]
      [Ext Root Scanning (ms):  1.3]
      [Update RS (ms):  5.0]
         [Processed Buffers:  33]
      [Scan RS (ms):  6.2]
      [Code Root Scanning (ms):  0.0]
      [Object Copy (ms):  13.4]
      [Termination (ms):  0.0]
         [Termination Attempts:  1]
      [GC Worker Other (ms):  0.0]
      [GC Worker Total (ms):  25.9]
      [GC Worker End (ms):  5217443.0]
   [Code Root Fixup: 0.0 ms]
   [Code Root Purge: 0.0 ms]
   [Clear CT: 0.0 ms]
   [Other: 0.4 ms]
      [Choose CSet: 0.0 ms]
      [Ref Proc: 0.0 ms]
      [Ref Enq: 0.0 ms]
      [Redirty Cards: 0.0 ms]
      [Humongous Register: 0.1 ms]
      [Humongous Reclaim: 0.0 ms]
      [Free CSet: 0.1 ms]
   [Eden: 46.0M(46.0M)->0.0B(47.0M) Survivors: 5120.0K->4096.0K Heap: 320.7M(1024.0M)->274.9M(1024.0M)]
 [Times: user=0.02 sys=0.01, real=0.02 secs] 
2016-12-19T22:12:19.368+0100: 5243.714: [GC pause (G1 Evacuation Pause) (young), 0.0218676 secs]
   [Parallel Time: 21.2 ms, GC Workers: 1]
      [GC Worker Start (ms):  5243713.9]
      [Ext Root Scanning (ms):  1.1]
      [Update RS (ms):  3.1]
         [Processed Buffers:  37]
      [Scan RS (ms):  4.3]
      [Code Root Scanning (ms):  0.0]
      [Object Copy (ms):  12.6]
      [Termination (ms):  0.0]
         [Termination Attempts:  1]
      [GC Worker Other (ms):  0.0]
      [GC Worker Total (ms):  21.1]
      [GC Worker End (ms):  5243735.0]
   [Code Root Fixup: 0.1 ms]
   [Code Root Purge: 0.0 ms]
   [Clear CT: 0.1 ms]
   [Other: 0.5 ms]
      [Choose CSet: 0.0 ms]
      [Ref Proc: 0.1 ms]
      [Ref Enq: 0.0 ms]
      [Redirty Cards: 0.0 ms]
      [Humongous Register: 0.0 ms]
      [Humongous Reclaim: 0.1 ms]
      [Free CSet: 0.1 ms]
   [Eden: 47.0M(47.0M)->0.0B(45.0M) Survivors: 4096.0K->6144.0K Heap: 321.9M(1024.0M)->276.4M(1024.0M)]
 [Times: user=0.02 sys=0.00, real=0.02 secs] 
2016-12-19T22:12:45.276+0100: 5269.621: [GC pause (G1 Evacuation Pause) (young), 0.0302661 secs]
   [Parallel Time: 29.7 ms, GC Workers: 1]
      [GC Worker Start (ms):  5269621.4]
      [Ext Root Scanning (ms):  1.4]
      [Update RS (ms):  5.8]
         [Processed Buffers:  34]
      [Scan RS (ms):  5.1]
      [Code Root Scanning (ms):  0.0]
      [Object Copy (ms):  17.3]
      [Termination (ms):  0.0]
         [Termination Attempts:  1]
      [GC Worker Other (ms):  0.0]
      [GC Worker Total (ms):  29.6]
      [GC Worker End (ms):  5269651.0]
   [Code Root Fixup: 0.0 ms]
   [Code Root Purge: 0.0 ms]
   [Clear CT: 0.0 ms]
   [Other: 0.5 ms]
      [Choose CSet: 0.0 ms]
      [Ref Proc: 0.0 ms]
      [Ref Enq: 0.0 ms]
      [Redirty Cards: 0.0 ms]
      [Humongous Register: 0.1 ms]
      [Humongous Reclaim: 0.0 ms]
      [Free CSet: 0.1 ms]
   [Eden: 45.0M(45.0M)->0.0B(47.0M) Survivors: 6144.0K->4096.0K Heap: 321.4M(1024.0M)->276.4M(1024.0M)]
 [Times: user=0.03 sys=0.00, real=0.03 secs] 
2016-12-19T22:13:11.201+0100: 5295.547: [GC pause (G1 Evacuation Pause) (young), 0.0209306 secs]
   [Parallel Time: 20.4 ms, GC Workers: 1]
      [GC Worker Start (ms):  5295546.8]
      [Ext Root Scanning (ms):  0.9]
      [Update RS (ms):  2.7]
         [Processed Buffers:  34]
      [Scan RS (ms):  4.6]
      [Code Root Scanning (ms):  0.0]
      [Object Copy (ms):  12.2]
      [Termination (ms):  0.0]
         [Termination Attempts:  1]
      [GC Worker Other (ms):  0.0]
      [GC Worker Total (ms):  20.4]
      [GC Worker End (ms):  5295567.2]
   [Code Root Fixup: 0.0 ms]
   [Code Root Purge: 0.0 ms]
   [Clear CT: 0.0 ms]
   [Other: 0.5 ms]
      [Choose CSet: 0.0 ms]
      [Ref Proc: 0.0 ms]
      [Ref Enq: 0.0 ms]
      [Redirty Cards: 0.0 ms]
      [Humongous Register: 0.1 ms]
      [Humongous Reclaim: 0.0 ms]
      [Free CSet: 0.1 ms]
   [Eden: 47.0M(47.0M)->0.0B(45.0M) Survivors: 4096.0K->6144.0K Heap: 323.4M(1024.0M)->277.9M(1024.0M)]
 [Times: user=0.02 sys=0.00, real=0.02 secs] 
2016-12-19T22:13:35.134+0100: 5319.480: [GC pause (G1 Evacuation Pause) (young), 0.0227408 secs]
   [Parallel Time: 22.3 ms, GC Workers: 1]
      [GC Worker Start (ms):  5319479.8]
      [Ext Root Scanning (ms):  0.9]
      [Update RS (ms):  2.5]
         [Processed Buffers:  36]
      [Scan RS (ms):  6.1]
      [Code Root Scanning (ms):  0.0]
      [Object Copy (ms):  12.8]
      [Termination (ms):  0.0]
         [Termination Attempts:  1]
      [GC Worker Other (ms):  0.0]
      [GC Worker Total (ms):  22.3]
      [GC Worker End (ms):  5319502.1]
   [Code Root Fixup: 0.0 ms]
   [Code Root Purge: 0.0 ms]
   [Clear CT: 0.0 ms]
   [Other: 0.3 ms]
      [Choose CSet: 0.0 ms]
      [Ref Proc: 0.0 ms]
      [Ref Enq: 0.0 ms]
      [Redirty Cards: 0.0 ms]
      [Humongous Register: 0.0 ms]
      [Humongous Reclaim: 0.0 ms]
      [Free CSet: 0.0 ms]
   [Eden: 45.0M(45.0M)->0.0B(47.0M) Survivors: 6144.0K->4096.0K Heap: 322.9M(1024.0M)->278.0M(1024.0M)]
 [Times: user=0.03 sys=0.00, real=0.02 secs] 
2016-12-19T22:13:59.995+0100: 5344.340: [GC pause (G1 Evacuation Pause) (young), 0.0271980 secs]
   [Parallel Time: 26.8 ms, GC Workers: 1]
      [GC Worker Start (ms):  5344340.1]
      [Ext Root Scanning (ms):  1.0]
      [Update RS (ms):  2.6]
         [Processed Buffers:  38]
      [Scan RS (ms):  10.9]
      [Code Root Scanning (ms):  0.0]
      [Object Copy (ms):  12.3]
      [Termination (ms):  0.0]
         [Termination Attempts:  1]
      [GC Worker Other (ms):  0.0]
      [GC Worker Total (ms):  26.7]
      [GC Worker End (ms):  5344366.8]
   [Code Root Fixup: 0.0 ms]
   [Code Root Purge: 0.0 ms]
   [Clear CT: 0.0 ms]
   [Other: 0.3 ms]
      [Choose CSet: 0.0 ms]
      [Ref Proc: 0.0 ms]
      [Ref Enq: 0.0 ms]
      [Redirty Cards: 0.0 ms]
      [Humongous Register: 0.0 ms]
      [Humongous Reclaim: 0.0 ms]
      [Free CSet: 0.1 ms]
   [Eden: 47.0M(47.0M)->0.0B(45.0M) Survivors: 4096.0K->6144.0K Heap: 325.0M(1024.0M)->279.5M(1024.0M)]
 [Times: user=0.02 sys=0.00, real=0.03 secs] 
2016-12-19T22:14:24.901+0100: 5369.246: [GC pause (G1 Evacuation Pause) (young), 0.0250867 secs]
   [Parallel Time: 24.7 ms, GC Workers: 1]
      [GC Worker Start (ms):  5369246.3]
      [Ext Root Scanning (ms):  1.0]
      [Update RS (ms):  3.2]
         [Processed Buffers:  37]
      [Scan RS (ms):  6.0]
      [Code Root Scanning (ms):  0.0]
      [Object Copy (ms):  14.4]
      [Termination (ms):  0.0]
         [Termination Attempts:  1]
      [GC Worker Other (ms):  0.0]
      [GC Worker Total (ms):  24.7]
      [GC Worker End (ms):  5369271.0]
   [Code Root Fixup: 0.0 ms]
   [Code Root Purge: 0.0 ms]
   [Clear CT: 0.0 ms]
   [Other: 0.3 ms]
      [Choose CSet: 0.0 ms]
      [Ref Proc: 0.0 ms]
      [Ref Enq: 0.0 ms]
      [Redirty Cards: 0.0 ms]
      [Humongous Register: 0.0 ms]
      [Humongous Reclaim: 0.0 ms]
      [Free CSet: 0.0 ms]
   [Eden: 45.0M(45.0M)->0.0B(47.0M) Survivors: 6144.0K->4096.0K Heap: 324.5M(1024.0M)->280.0M(1024.0M)]
 [Times: user=0.02 sys=0.01, real=0.02 secs] 
2016-12-19T22:14:48.933+0100: 5393.279: [GC pause (G1 Evacuation Pause) (young), 0.0171855 secs]
   [Parallel Time: 16.7 ms, GC Workers: 1]
      [GC Worker Start (ms):  5393279.0]
      [Ext Root Scanning (ms):  1.0]
      [Update RS (ms):  2.7]
         [Processed Buffers:  37]
      [Scan RS (ms):  4.7]
      [Code Root Scanning (ms):  0.0]
      [Object Copy (ms):  8.2]
      [Termination (ms):  0.0]
         [Termination Attempts:  1]
      [GC Worker Other (ms):  0.0]
      [GC Worker Total (ms):  16.6]
      [GC Worker End (ms):  5393295.7]
   [Code Root Fixup: 0.0 ms]
   [Code Root Purge: 0.0 ms]
   [Clear CT: 0.0 ms]
   [Other: 0.4 ms]
      [Choose CSet: 0.0 ms]
      [Ref Proc: 0.0 ms]
      [Ref Enq: 0.0 ms]
      [Redirty Cards: 0.0 ms]
      [Humongous Register: 0.1 ms]
      [Humongous Reclaim: 0.0 ms]
      [Free CSet: 0.1 ms]
   [Eden: 47.0M(47.0M)->0.0B(47.0M) Survivors: 4096.0K->4096.0K Heap: 327.0M(1024.0M)->280.0M(1024.0M)]
 [Times: user=0.01 sys=0.01, real=0.02 secs] 
2016-12-19T22:15:15.675+0100: 5420.021: [GC pause (G1 Evacuation Pause) (young), 0.0187807 secs]
   [Parallel Time: 18.3 ms, GC Workers: 1]
      [GC Worker Start (ms):  5420020.9]
      [Ext Root Scanning (ms):  0.9]
      [Update RS (ms):  2.3]
         [Processed Buffers:  39]
      [Scan RS (ms):  4.0]
      [Code Root Scanning (ms):  0.0]
      [Object Copy (ms):  11.0]
      [Termination (ms):  0.0]
         [Termination Attempts:  1]
      [GC Worker Other (ms):  0.0]
      [GC Worker Total (ms):  18.3]
      [GC Worker End (ms):  5420039.2]
   [Code Root Fixup: 0.1 ms]
   [Code Root Purge: 0.0 ms]
   [Clear CT: 0.1 ms]
   [Other: 0.3 ms]
      [Choose CSet: 0.0 ms]
      [Ref Proc: 0.0 ms]
      [Ref Enq: 0.0 ms]
      [Redirty Cards: 0.0 ms]
      [Humongous Register: 0.0 ms]
      [Humongous Reclaim: 0.0 ms]
      [Free CSet: 0.1 ms]
   [Eden: 47.0M(47.0M)->0.0B(46.0M) Survivors: 4096.0K->5120.0K Heap: 327.0M(1024.0M)->281.0M(1024.0M)]
 [Times: user=0.01 sys=0.00, real=0.02 secs] 
2016-12-19T22:15:40.738+0100: 5445.083: [GC pause (G1 Evacuation Pause) (young), 0.0240733 secs]
   [Parallel Time: 23.6 ms, GC Workers: 1]
      [GC Worker Start (ms):  5445083.2]
      [Ext Root Scanning (ms):  1.8]
      [Update RS (ms):  5.1]
         [Processed Buffers:  38]
      [Scan RS (ms):  4.2]
      [Code Root Scanning (ms):  0.0]
      [Object Copy (ms):  12.3]
      [Termination (ms):  0.0]
         [Termination Attempts:  1]
      [GC Worker Other (ms):  0.0]
      [GC Worker Total (ms):  23.6]
      [GC Worker End (ms):  5445106.8]
   [Code Root Fixup: 0.0 ms]
   [Code Root Purge: 0.0 ms]
   [Clear CT: 0.0 ms]
   [Other: 0.4 ms]
      [Choose CSet: 0.0 ms]
      [Ref Proc: 0.0 ms]
      [Ref Enq: 0.0 ms]
      [Redirty Cards: 0.0 ms]
      [Humongous Register: 0.1 ms]
      [Humongous Reclaim: 0.0 ms]
      [Free CSet: 0.1 ms]
   [Eden: 46.0M(46.0M)->0.0B(47.0M) Survivors: 5120.0K->4096.0K Heap: 327.0M(1024.0M)->281.3M(1024.0M)]
 [Times: user=0.02 sys=0.00, real=0.03 secs] 
2016-12-19T22:16:05.958+0100: 5470.304: [GC pause (G1 Evacuation Pause) (young), 0.0605257 secs]
   [Parallel Time: 57.6 ms, GC Workers: 1]
      [GC Worker Start (ms):  5470304.1]
      [Ext Root Scanning (ms):  2.8]
      [Update RS (ms):  30.8]
         [Processed Buffers:  39]
      [Scan RS (ms):  4.4]
      [Code Root Scanning (ms):  0.0]
      [Object Copy (ms):  19.6]
      [Termination (ms):  0.0]
         [Termination Attempts:  1]
      [GC Worker Other (ms):  0.0]
      [GC Worker Total (ms):  57.6]
      [GC Worker End (ms):  5470361.6]
   [Code Root Fixup: 0.1 ms]
   [Code Root Purge: 0.0 ms]
   [Clear CT: 0.0 ms]
   [Other: 2.8 ms]
      [Choose CSet: 0.0 ms]
      [Ref Proc: 0.0 ms]
      [Ref Enq: 0.0 ms]
      [Redirty Cards: 0.2 ms]
      [Humongous Register: 0.2 ms]
      [Humongous Reclaim: 0.1 ms]
      [Free CSet: 0.7 ms]
   [Eden: 47.0M(47.0M)->0.0B(46.0M) Survivors: 4096.0K->5120.0K Heap: 328.3M(1024.0M)->282.3M(1024.0M)]
 [Times: user=0.04 sys=0.01, real=0.07 secs] 
2016-12-19T22:16:29.678+0100: 5494.024: [GC pause (G1 Evacuation Pause) (young), 0.0252500 secs]
   [Parallel Time: 24.7 ms, GC Workers: 1]
      [GC Worker Start (ms):  5494023.8]
      [Ext Root Scanning (ms):  4.1]
      [Update RS (ms):  3.7]
         [Processed Buffers:  37]
      [Scan RS (ms):  3.9]
      [Code Root Scanning (ms):  0.0]
      [Object Copy (ms):  12.9]
      [Termination (ms):  0.0]
         [Termination Attempts:  1]
      [GC Worker Other (ms):  0.0]
      [GC Worker Total (ms):  24.6]
      [GC Worker End (ms):  5494048.5]
   [Code Root Fixup: 0.1 ms]
   [Code Root Purge: 0.0 ms]
   [Clear CT: 0.0 ms]
   [Other: 0.5 ms]
      [Choose CSet: 0.0 ms]
      [Ref Proc: 0.0 ms]
      [Ref Enq: 0.0 ms]
      [Redirty Cards: 0.0 ms]
      [Humongous Register: 0.1 ms]
      [Humongous Reclaim: 0.0 ms]
      [Free CSet: 0.1 ms]
   [Eden: 46.0M(46.0M)->0.0B(47.0M) Survivors: 5120.0K->4096.0K Heap: 328.3M(1024.0M)->282.9M(1024.0M)]
 [Times: user=0.03 sys=0.00, real=0.03 secs] 
2016-12-19T22:16:54.549+0100: 5518.894: [GC pause (G1 Evacuation Pause) (young), 0.0230808 secs]
   [Parallel Time: 22.6 ms, GC Workers: 1]
      [GC Worker Start (ms):  5518894.4]
      [Ext Root Scanning (ms):  3.0]
      [Update RS (ms):  2.6]
         [Processed Buffers:  37]
      [Scan RS (ms):  4.6]
      [Code Root Scanning (ms):  0.0]
      [Object Copy (ms):  12.4]
      [Termination (ms):  0.0]
         [Termination Attempts:  1]
      [GC Worker Other (ms):  0.0]
      [GC Worker Total (ms):  22.6]
      [GC Worker End (ms):  5518917.0]
   [Code Root Fixup: 0.0 ms]
   [Code Root Purge: 0.0 ms]
   [Clear CT: 0.0 ms]
   [Other: 0.4 ms]
      [Choose CSet: 0.0 ms]
      [Ref Proc: 0.0 ms]
      [Ref Enq: 0.0 ms]
      [Redirty Cards: 0.0 ms]
      [Humongous Register: 0.1 ms]
      [Humongous Reclaim: 0.0 ms]
      [Free CSet: 0.1 ms]
   [Eden: 47.0M(47.0M)->0.0B(45.0M) Survivors: 4096.0K->6144.0K Heap: 329.9M(1024.0M)->284.4M(1024.0M)]
 [Times: user=0.02 sys=0.00, real=0.02 secs] 
2016-12-19T22:17:17.187+0100: 5541.533: [GC pause (G1 Evacuation Pause) (young), 0.0299321 secs]
   [Parallel Time: 29.5 ms, GC Workers: 1]
      [GC Worker Start (ms):  5541532.7]
      [Ext Root Scanning (ms):  1.0]
      [Update RS (ms):  2.6]
         [Processed Buffers:  38]
      [Scan RS (ms):  6.8]
      [Code Root Scanning (ms):  0.0]
      [Object Copy (ms):  19.0]
      [Termination (ms):  0.0]
         [Termination Attempts:  1]
      [GC Worker Other (ms):  0.0]
      [GC Worker Total (ms):  29.5]
      [GC Worker End (ms):  5541562.2]
   [Code Root Fixup: 0.0 ms]
   [Code Root Purge: 0.0 ms]
   [Clear CT: 0.0 ms]
   [Other: 0.4 ms]
      [Choose CSet: 0.0 ms]
      [Ref Proc: 0.0 ms]
      [Ref Enq: 0.0 ms]
      [Redirty Cards: 0.0 ms]
      [Humongous Register: 0.0 ms]
      [Humongous Reclaim: 0.0 ms]
      [Free CSet: 0.1 ms]
   [Eden: 45.0M(45.0M)->0.0B(47.0M) Survivors: 6144.0K->4096.0K Heap: 329.4M(1024.0M)->284.5M(1024.0M)]
 [Times: user=0.02 sys=0.00, real=0.02 secs] 
2016-12-19T22:17:42.140+0100: 5566.485: [GC pause (G1 Evacuation Pause) (young), 0.0283541 secs]
   [Parallel Time: 27.8 ms, GC Workers: 1]
      [GC Worker Start (ms):  5566485.3]
      [Ext Root Scanning (ms):  1.5]
      [Update RS (ms):  5.4]
         [Processed Buffers:  37]
      [Scan RS (ms):  5.8]
      [Code Root Scanning (ms):  0.0]
      [Object Copy (ms):  15.0]
      [Termination (ms):  0.0]
         [Termination Attempts:  1]
      [GC Worker Other (ms):  0.0]
      [GC Worker Total (ms):  27.8]
      [GC Worker End (ms):  5566513.1]
   [Code Root Fixup: 0.1 ms]
   [Code Root Purge: 0.0 ms]
   [Clear CT: 0.0 ms]
   [Other: 0.4 ms]
      [Choose CSet: 0.0 ms]
      [Ref Proc: 0.0 ms]
      [Ref Enq: 0.0 ms]
      [Redirty Cards: 0.0 ms]
      [Humongous Register: 0.0 ms]
      [Humongous Reclaim: 0.0 ms]
      [Free CSet: 0.1 ms]
   [Eden: 47.0M(47.0M)->0.0B(45.0M) Survivors: 4096.0K->6144.0K Heap: 331.5M(1024.0M)->286.0M(1024.0M)]
 [Times: user=0.03 sys=0.00, real=0.02 secs] 
2016-12-19T22:18:05.879+0100: 5590.224: [GC pause (G1 Evacuation Pause) (young), 0.0221016 secs]
   [Parallel Time: 21.5 ms, GC Workers: 1]
      [GC Worker Start (ms):  5590224.3]
      [Ext Root Scanning (ms):  1.1]
      [Update RS (ms):  2.3]
         [Processed Buffers:  36]
      [Scan RS (ms):  4.3]
      [Code Root Scanning (ms):  0.0]
      [Object Copy (ms):  13.7]
      [Termination (ms):  0.0]
         [Termination Attempts:  1]
      [GC Worker Other (ms):  0.0]
      [GC Worker Total (ms):  21.5]
      [GC Worker End (ms):  5590245.8]
   [Code Root Fixup: 0.1 ms]
   [Code Root Purge: 0.0 ms]
   [Clear CT: 0.0 ms]
   [Other: 0.5 ms]
      [Choose CSet: 0.0 ms]
      [Ref Proc: 0.0 ms]
      [Ref Enq: 0.0 ms]
      [Redirty Cards: 0.1 ms]
      [Humongous Register: 0.1 ms]
      [Humongous Reclaim: 0.0 ms]
      [Free CSet: 0.1 ms]
   [Eden: 45.0M(45.0M)->0.0B(47.0M) Survivors: 6144.0K->4096.0K Heap: 331.0M(1024.0M)->286.0M(1024.0M)]
 [Times: user=0.02 sys=0.00, real=0.03 secs] 
2016-12-19T22:18:30.259+0100: 5614.605: [GC pause (G1 Evacuation Pause) (young), 0.0296985 secs]
   [Parallel Time: 29.2 ms, GC Workers: 1]
      [GC Worker Start (ms):  5614604.9]
      [Ext Root Scanning (ms):  1.5]
      [Update RS (ms):  4.3]
         [Processed Buffers:  39]
      [Scan RS (ms):  10.5]
      [Code Root Scanning (ms):  0.0]
      [Object Copy (ms):  12.8]
      [Termination (ms):  0.0]
         [Termination Attempts:  1]
      [GC Worker Other (ms):  0.0]
      [GC Worker Total (ms):  29.2]
      [GC Worker End (ms):  5614634.1]
   [Code Root Fixup: 0.0 ms]
   [Code Root Purge: 0.0 ms]
   [Clear CT: 0.1 ms]
   [Other: 0.4 ms]
      [Choose CSet: 0.0 ms]
      [Ref Proc: 0.0 ms]
      [Ref Enq: 0.0 ms]
      [Redirty Cards: 0.0 ms]
      [Humongous Register: 0.1 ms]
      [Humongous Reclaim: 0.0 ms]
      [Free CSet: 0.1 ms]
   [Eden: 47.0M(47.0M)->0.0B(46.0M) Survivors: 4096.0K->5120.0K Heap: 333.0M(1024.0M)->287.5M(1024.0M)]
 [Times: user=0.02 sys=0.00, real=0.03 secs] 
2016-12-19T22:18:54.523+0100: 5638.868: [GC pause (G1 Evacuation Pause) (young), 0.0273305 secs]
   [Parallel Time: 26.7 ms, GC Workers: 1]
      [GC Worker Start (ms):  5638868.1]
      [Ext Root Scanning (ms):  1.3]
      [Update RS (ms):  5.2]
         [Processed Buffers:  37]
      [Scan RS (ms):  4.9]
      [Code Root Scanning (ms):  0.0]
      [Object Copy (ms):  15.4]
      [Termination (ms):  0.0]
         [Termination Attempts:  1]
      [GC Worker Other (ms):  0.0]
      [GC Worker Total (ms):  26.7]
      [GC Worker End (ms):  5638894.8]
   [Code Root Fixup: 0.0 ms]
   [Code Root Purge: 0.0 ms]
   [Clear CT: 0.1 ms]
   [Other: 0.4 ms]
      [Choose CSet: 0.0 ms]
      [Ref Proc: 0.0 ms]
      [Ref Enq: 0.0 ms]
      [Redirty Cards: 0.1 ms]
      [Humongous Register: 0.0 ms]
      [Humongous Reclaim: 0.0 ms]
      [Free CSet: 0.1 ms]
   [Eden: 46.0M(46.0M)->0.0B(47.0M) Survivors: 5120.0K->4096.0K Heap: 333.5M(1024.0M)->288.3M(1024.0M)]
 [Times: user=0.03 sys=0.00, real=0.03 secs] 
2016-12-19T22:19:19.183+0100: 5663.528: [GC pause (G1 Evacuation Pause) (young), 0.0173563 secs]
   [Parallel Time: 16.9 ms, GC Workers: 1]
      [GC Worker Start (ms):  5663528.1]
      [Ext Root Scanning (ms):  1.0]
      [Update RS (ms):  2.5]
         [Processed Buffers:  38]
      [Scan RS (ms):  4.2]
      [Code Root Scanning (ms):  0.0]
      [Object Copy (ms):  9.1]
      [Termination (ms):  0.0]
         [Termination Attempts:  1]
      [GC Worker Other (ms):  0.0]
      [GC Worker Total (ms):  16.8]
      [GC Worker End (ms):  5663545.0]
   [Code Root Fixup: 0.1 ms]
   [Code Root Purge: 0.0 ms]
   [Clear CT: 0.0 ms]
   [Other: 0.4 ms]
      [Choose CSet: 0.0 ms]
      [Ref Proc: 0.0 ms]
      [Ref Enq: 0.0 ms]
      [Redirty Cards: 0.0 ms]
      [Humongous Register: 0.1 ms]
      [Humongous Reclaim: 0.0 ms]
      [Free CSet: 0.1 ms]
   [Eden: 47.0M(47.0M)->0.0B(47.0M) Survivors: 4096.0K->4096.0K Heap: 335.3M(1024.0M)->288.3M(1024.0M)]
 [Times: user=0.01 sys=0.00, real=0.02 secs] 
2016-12-19T22:19:45.217+0100: 5689.562: [GC pause (G1 Evacuation Pause) (young), 0.0242387 secs]
   [Parallel Time: 23.6 ms, GC Workers: 1]
      [GC Worker Start (ms):  5689562.6]
      [Ext Root Scanning (ms):  3.4]
      [Update RS (ms):  3.5]
         [Processed Buffers:  37]
      [Scan RS (ms):  4.2]
      [Code Root Scanning (ms):  0.0]
      [Object Copy (ms):  12.5]
      [Termination (ms):  0.0]
         [Termination Attempts:  1]
      [GC Worker Other (ms):  0.0]
      [GC Worker Total (ms):  23.6]
      [GC Worker End (ms):  5689586.2]
   [Code Root Fixup: 0.0 ms]
   [Code Root Purge: 0.0 ms]
   [Clear CT: 0.0 ms]
   [Other: 0.5 ms]
      [Choose CSet: 0.0 ms]
      [Ref Proc: 0.0 ms]
      [Ref Enq: 0.0 ms]
      [Redirty Cards: 0.0 ms]
      [Humongous Register: 0.1 ms]
      [Humongous Reclaim: 0.0 ms]
      [Free CSet: 0.1 ms]
   [Eden: 47.0M(47.0M)->0.0B(46.0M) Survivors: 4096.0K->5120.0K Heap: 335.3M(1024.0M)->289.3M(1024.0M)]
 [Times: user=0.02 sys=0.00, real=0.03 secs] 
2016-12-19T22:20:09.493+0100: 5713.838: [GC pause (G1 Evacuation Pause) (young), 0.0282349 secs]
   [Parallel Time: 27.2 ms, GC Workers: 1]
      [GC Worker Start (ms):  5713838.2]
      [Ext Root Scanning (ms):  1.3]
      [Update RS (ms):  6.8]
         [Processed Buffers:  37]
      [Scan RS (ms):  4.8]
      [Code Root Scanning (ms):  0.0]
      [Object Copy (ms):  14.2]
      [Termination (ms):  0.0]
         [Termination Attempts:  1]
      [GC Worker Other (ms):  0.0]
      [GC Worker Total (ms):  27.1]
      [GC Worker End (ms):  5713865.3]
   [Code Root Fixup: 0.1 ms]
   [Code Root Purge: 0.0 ms]
   [Clear CT: 0.1 ms]
   [Other: 0.9 ms]
      [Choose CSet: 0.0 ms]
      [Ref Proc: 0.1 ms]
      [Ref Enq: 0.0 ms]
      [Redirty Cards: 0.1 ms]
      [Humongous Register: 0.0 ms]
      [Humongous Reclaim: 0.0 ms]
      [Free CSet: 0.2 ms]
   [Eden: 46.0M(46.0M)->0.0B(47.0M) Survivors: 5120.0K->4096.0K Heap: 335.3M(1024.0M)->289.6M(1024.0M)]
 [Times: user=0.03 sys=0.00, real=0.03 secs] 
2016-12-19T22:20:35.498+0100: 5739.843: [GC pause (G1 Evacuation Pause) (young), 0.0208878 secs]
   [Parallel Time: 20.5 ms, GC Workers: 1]
      [GC Worker Start (ms):  5739843.4]
      [Ext Root Scanning (ms):  1.1]
      [Update RS (ms):  2.7]
         [Processed Buffers:  36]
      [Scan RS (ms):  4.4]
      [Code Root Scanning (ms):  0.0]
      [Object Copy (ms):  12.2]
      [Termination (ms):  0.0]
         [Termination Attempts:  1]
      [GC Worker Other (ms):  0.0]
      [GC Worker Total (ms):  20.4]
      [GC Worker End (ms):  5739863.8]
   [Code Root Fixup: 0.1 ms]
   [Code Root Purge: 0.0 ms]
   [Clear CT: 0.0 ms]
   [Other: 0.3 ms]
      [Choose CSet: 0.0 ms]
      [Ref Proc: 0.0 ms]
      [Ref Enq: 0.0 ms]
      [Redirty Cards: 0.0 ms]
      [Humongous Register: 0.0 ms]
      [Humongous Reclaim: 0.0 ms]
      [Free CSet: 0.1 ms]
   [Eden: 47.0M(47.0M)->0.0B(45.0M) Survivors: 4096.0K->6144.0K Heap: 336.6M(1024.0M)->291.1M(1024.0M)]
 [Times: user=0.02 sys=0.00, real=0.02 secs] 
2016-12-19T22:20:59.763+0100: 5764.108: [GC pause (G1 Evacuation Pause) (young), 0.0281792 secs]
   [Parallel Time: 27.7 ms, GC Workers: 1]
      [GC Worker Start (ms):  5764108.3]
      [Ext Root Scanning (ms):  1.0]
      [Update RS (ms):  2.8]
         [Processed Buffers:  35]
      [Scan RS (ms):  4.5]
      [Code Root Scanning (ms):  0.0]
      [Object Copy (ms):  19.4]
      [Termination (ms):  0.0]
         [Termination Attempts:  1]
      [GC Worker Other (ms):  0.0]
      [GC Worker Total (ms):  27.7]
      [GC Worker End (ms):  5764136.0]
   [Code Root Fixup: 0.0 ms]
   [Code Root Purge: 0.0 ms]
   [Clear CT: 0.0 ms]
   [Other: 0.4 ms]
      [Choose CSet: 0.0 ms]
      [Ref Proc: 0.0 ms]
      [Ref Enq: 0.0 ms]
      [Redirty Cards: 0.0 ms]
      [Humongous Register: 0.1 ms]
      [Humongous Reclaim: 0.0 ms]
      [Free CSet: 0.0 ms]
   [Eden: 45.0M(45.0M)->0.0B(47.0M) Survivors: 6144.0K->4096.0K Heap: 336.1M(1024.0M)->291.2M(1024.0M)]
 [Times: user=0.03 sys=0.00, real=0.03 secs] 
2016-12-19T22:21:22.860+0100: 5787.205: [GC pause (G1 Evacuation Pause) (young), 0.0210040 secs]
   [Parallel Time: 20.5 ms, GC Workers: 1]
      [GC Worker Start (ms):  5787205.6]
      [Ext Root Scanning (ms):  1.0]
      [Update RS (ms):  3.0]
         [Processed Buffers:  38]
      [Scan RS (ms):  4.3]
      [Code Root Scanning (ms):  0.0]
      [Object Copy (ms):  12.1]
      [Termination (ms):  0.0]
         [Termination Attempts:  1]
      [GC Worker Other (ms):  0.0]
      [GC Worker Total (ms):  20.5]
      [GC Worker End (ms):  5787226.1]
   [Code Root Fixup: 0.0 ms]
   [Code Root Purge: 0.0 ms]
   [Clear CT: 0.0 ms]
   [Other: 0.4 ms]
      [Choose CSet: 0.0 ms]
      [Ref Proc: 0.0 ms]
      [Ref Enq: 0.0 ms]
      [Redirty Cards: 0.0 ms]
      [Humongous Register: 0.0 ms]
      [Humongous Reclaim: 0.0 ms]
      [Free CSet: 0.1 ms]
   [Eden: 47.0M(47.0M)->0.0B(45.0M) Survivors: 4096.0K->6144.0K Heap: 338.2M(1024.0M)->292.7M(1024.0M)]
 [Times: user=0.02 sys=0.00, real=0.02 secs] 
2016-12-19T22:21:47.147+0100: 5811.493: [GC pause (G1 Evacuation Pause) (young), 0.0448993 secs]
   [Parallel Time: 41.3 ms, GC Workers: 1]
      [GC Worker Start (ms):  5811495.6]
      [Ext Root Scanning (ms):  2.5]
      [Update RS (ms):  8.2]
         [Processed Buffers:  39]
      [Scan RS (ms):  6.1]
      [Code Root Scanning (ms):  0.0]
      [Object Copy (ms):  24.5]
      [Termination (ms):  0.0]
         [Termination Attempts:  1]
      [GC Worker Other (ms):  0.0]
      [GC Worker Total (ms):  41.3]
      [GC Worker End (ms):  5811536.9]
   [Code Root Fixup: 0.1 ms]
   [Code Root Purge: 0.0 ms]
   [Clear CT: 0.1 ms]
   [Other: 3.4 ms]
      [Choose CSet: 0.0 ms]
      [Ref Proc: 0.0 ms]
      [Ref Enq: 0.0 ms]
      [Redirty Cards: 0.1 ms]
      [Humongous Register: 0.2 ms]
      [Humongous Reclaim: 0.0 ms]
      [Free CSet: 0.1 ms]
   [Eden: 45.0M(45.0M)->0.0B(47.0M) Survivors: 6144.0K->4096.0K Heap: 337.7M(1024.0M)->292.7M(1024.0M)]
 [Times: user=0.04 sys=0.00, real=0.04 secs] 
2016-12-19T22:22:11.097+0100: 5835.443: [GC pause (G1 Evacuation Pause) (young), 0.0283384 secs]
   [Parallel Time: 27.9 ms, GC Workers: 1]
      [GC Worker Start (ms):  5835442.8]
      [Ext Root Scanning (ms):  1.2]
      [Update RS (ms):  5.0]
         [Processed Buffers:  39]
      [Scan RS (ms):  4.5]
      [Code Root Scanning (ms):  0.0]
      [Object Copy (ms):  17.1]
      [Termination (ms):  0.0]
         [Termination Attempts:  1]
      [GC Worker Other (ms):  0.0]
      [GC Worker Total (ms):  27.8]
      [GC Worker End (ms):  5835470.6]
   [Code Root Fixup: 0.0 ms]
   [Code Root Purge: 0.0 ms]
   [Clear CT: 0.0 ms]
   [Other: 0.4 ms]
      [Choose CSet: 0.0 ms]
      [Ref Proc: 0.0 ms]
      [Ref Enq: 0.0 ms]
      [Redirty Cards: 0.0 ms]
      [Humongous Register: 0.0 ms]
      [Humongous Reclaim: 0.0 ms]
      [Free CSet: 0.1 ms]
   [Eden: 47.0M(47.0M)->0.0B(46.0M) Survivors: 4096.0K->5120.0K Heap: 339.7M(1024.0M)->294.2M(1024.0M)]
 [Times: user=0.02 sys=0.00, real=0.03 secs] 
2016-12-19T22:22:36.617+0100: 5860.963: [GC pause (G1 Evacuation Pause) (young), 0.0264141 secs]
   [Parallel Time: 25.5 ms, GC Workers: 1]
      [GC Worker Start (ms):  5860962.9]
      [Ext Root Scanning (ms):  1.7]
      [Update RS (ms):  4.0]
         [Processed Buffers:  39]
      [Scan RS (ms):  5.6]
      [Code Root Scanning (ms):  0.0]
      [Object Copy (ms):  14.1]
      [Termination (ms):  0.0]
         [Termination Attempts:  1]
      [GC Worker Other (ms):  0.0]
      [GC Worker Total (ms):  25.4]
      [GC Worker End (ms):  5860988.3]
   [Code Root Fixup: 0.1 ms]
   [Code Root Purge: 0.0 ms]
   [Clear CT: 0.0 ms]
   [Other: 0.8 ms]
      [Choose CSet: 0.0 ms]
      [Ref Proc: 0.0 ms]
      [Ref Enq: 0.0 ms]
      [Redirty Cards: 0.0 ms]
      [Humongous Register: 0.1 ms]
      [Humongous Reclaim: 0.1 ms]
      [Free CSet: 0.1 ms]
   [Eden: 46.0M(46.0M)->0.0B(47.0M) Survivors: 5120.0K->4096.0K Heap: 340.2M(1024.0M)->294.7M(1024.0M)]
 [Times: user=0.02 sys=0.00, real=0.03 secs] 
2016-12-19T22:23:02.560+0100: 5886.905: [GC pause (G1 Evacuation Pause) (young), 0.0190388 secs]
   [Parallel Time: 18.5 ms, GC Workers: 1]
      [GC Worker Start (ms):  5886905.2]
      [Ext Root Scanning (ms):  1.2]
      [Update RS (ms):  2.9]
         [Processed Buffers:  39]
      [Scan RS (ms):  4.5]
      [Code Root Scanning (ms):  0.0]
      [Object Copy (ms):  9.9]
      [Termination (ms):  0.0]
         [Termination Attempts:  1]
      [GC Worker Other (ms):  0.0]
      [GC Worker Total (ms):  18.5]
      [GC Worker End (ms):  5886923.7]
   [Code Root Fixup: 0.0 ms]
   [Code Root Purge: 0.0 ms]
   [Clear CT: 0.0 ms]
   [Other: 0.4 ms]
      [Choose CSet: 0.0 ms]
      [Ref Proc: 0.0 ms]
      [Ref Enq: 0.0 ms]
      [Redirty Cards: 0.0 ms]
      [Humongous Register: 0.0 ms]
      [Humongous Reclaim: 0.0 ms]
      [Free CSet: 0.1 ms]
   [Eden: 47.0M(47.0M)->0.0B(47.0M) Survivors: 4096.0K->4096.0K Heap: 341.7M(1024.0M)->294.7M(1024.0M)]
 [Times: user=0.02 sys=0.00, real=0.01 secs] 
2016-12-19T22:23:27.389+0100: 5911.734: [GC pause (G1 Evacuation Pause) (young), 0.0305456 secs]
   [Parallel Time: 29.5 ms, GC Workers: 1]
      [GC Worker Start (ms):  5911734.4]
      [Ext Root Scanning (ms):  1.4]
      [Update RS (ms):  6.6]
         [Processed Buffers:  38]
      [Scan RS (ms):  7.9]
      [Code Root Scanning (ms):  0.0]
      [Object Copy (ms):  13.5]
      [Termination (ms):  0.0]
         [Termination Attempts:  1]
      [GC Worker Other (ms):  0.0]
      [GC Worker Total (ms):  29.5]
      [GC Worker End (ms):  5911763.9]
   [Code Root Fixup: 0.1 ms]
   [Code Root Purge: 0.0 ms]
   [Clear CT: 0.1 ms]
   [Other: 0.8 ms]
      [Choose CSet: 0.0 ms]
      [Ref Proc: 0.1 ms]
      [Ref Enq: 0.0 ms]
      [Redirty Cards: 0.1 ms]
      [Humongous Register: 0.1 ms]
      [Humongous Reclaim: 0.1 ms]
      [Free CSet: 0.1 ms]
   [Eden: 47.0M(47.0M)->0.0B(46.0M) Survivors: 4096.0K->5120.0K Heap: 341.7M(1024.0M)->295.7M(1024.0M)]
 [Times: user=0.03 sys=0.00, real=0.03 secs] 
2016-12-19T22:23:52.138+0100: 5936.484: [GC pause (G1 Evacuation Pause) (young), 0.0393527 secs]
   [Parallel Time: 38.6 ms, GC Workers: 1]
      [GC Worker Start (ms):  5936484.2]
      [Ext Root Scanning (ms):  1.6]
      [Update RS (ms):  6.0]
         [Processed Buffers:  36]
      [Scan RS (ms):  7.6]
      [Code Root Scanning (ms):  0.0]
      [Object Copy (ms):  23.3]
      [Termination (ms):  0.0]
         [Termination Attempts:  1]
      [GC Worker Other (ms):  0.0]
      [GC Worker Total (ms):  38.5]
      [GC Worker End (ms):  5936522.7]
   [Code Root Fixup: 0.1 ms]
   [Code Root Purge: 0.0 ms]
   [Clear CT: 0.1 ms]
   [Other: 0.6 ms]
      [Choose CSet: 0.0 ms]
      [Ref Proc: 0.0 ms]
      [Ref Enq: 0.0 ms]
      [Redirty Cards: 0.1 ms]
      [Humongous Register: 0.1 ms]
      [Humongous Reclaim: 0.0 ms]
      [Free CSet: 0.1 ms]
   [Eden: 46.0M(46.0M)->0.0B(47.0M) Survivors: 5120.0K->4096.0K Heap: 341.7M(1024.0M)->295.9M(1024.0M)]
 [Times: user=0.03 sys=0.00, real=0.04 secs] 
2016-12-19T22:24:18.210+0100: 5962.556: [GC pause (G1 Evacuation Pause) (young), 0.0678537 secs]
   [Parallel Time: 66.8 ms, GC Workers: 1]
      [GC Worker Start (ms):  5962555.6]
      [Ext Root Scanning (ms):  1.5]
      [Update RS (ms):  6.6]
         [Processed Buffers:  38]
      [Scan RS (ms):  14.1]
      [Code Root Scanning (ms):  0.0]
      [Object Copy (ms):  44.5]
      [Termination (ms):  0.0]
         [Termination Attempts:  1]
      [GC Worker Other (ms):  0.0]
      [GC Worker Total (ms):  66.7]
      [GC Worker End (ms):  5962622.3]
   [Code Root Fixup: 0.1 ms]
   [Code Root Purge: 0.0 ms]
   [Clear CT: 0.2 ms]
   [Other: 0.8 ms]
      [Choose CSet: 0.0 ms]
      [Ref Proc: 0.1 ms]
      [Ref Enq: 0.0 ms]
      [Redirty Cards: 0.1 ms]
      [Humongous Register: 0.0 ms]
      [Humongous Reclaim: 0.1 ms]
      [Free CSet: 0.1 ms]
   [Eden: 47.0M(47.0M)->0.0B(46.0M) Survivors: 4096.0K->5120.0K Heap: 342.9M(1024.0M)->296.9M(1024.0M)]
 [Times: user=0.08 sys=0.00, real=0.07 secs] 
2016-12-19T22:24:43.798+0100: 5988.144: [GC pause (G1 Evacuation Pause) (young), 0.0251585 secs]
   [Parallel Time: 24.7 ms, GC Workers: 1]
      [GC Worker Start (ms):  5988143.9]
      [Ext Root Scanning (ms):  1.1]
      [Update RS (ms):  2.5]
         [Processed Buffers:  37]
      [Scan RS (ms):  3.8]
      [Code Root Scanning (ms):  0.0]
      [Object Copy (ms):  17.2]
      [Termination (ms):  0.0]
         [Termination Attempts:  1]
      [GC Worker Other (ms):  0.0]
      [GC Worker Total (ms):  24.6]
      [GC Worker End (ms):  5988168.6]
   [Code Root Fixup: 0.1 ms]
   [Code Root Purge: 0.0 ms]
   [Clear CT: 0.0 ms]
   [Other: 0.4 ms]
      [Choose CSet: 0.0 ms]
      [Ref Proc: 0.0 ms]
      [Ref Enq: 0.0 ms]
      [Redirty Cards: 0.0 ms]
      [Humongous Register: 0.0 ms]
      [Humongous Reclaim: 0.0 ms]
      [Free CSet: 0.1 ms]
   [Eden: 46.0M(46.0M)->0.0B(47.0M) Survivors: 5120.0K->4096.0K Heap: 342.9M(1024.0M)->297.4M(1024.0M)]
 [Times: user=0.02 sys=0.00, real=0.03 secs] 
2016-12-19T22:25:09.547+0100: 6013.893: [GC pause (G1 Evacuation Pause) (young), 0.0351537 secs]
   [Parallel Time: 34.6 ms, GC Workers: 1]
      [GC Worker Start (ms):  6013892.7]
      [Ext Root Scanning (ms):  3.6]
      [Update RS (ms):  11.9]
         [Processed Buffers:  49]
      [Scan RS (ms):  1.8]
      [Code Root Scanning (ms):  0.0]
      [Object Copy (ms):  17.3]
      [Termination (ms):  0.0]
         [Termination Attempts:  1]
      [GC Worker Other (ms):  0.0]
      [GC Worker Total (ms):  34.5]
      [GC Worker End (ms):  6013927.2]
   [Code Root Fixup: 0.0 ms]
   [Code Root Purge: 0.0 ms]
   [Clear CT: 0.0 ms]
   [Other: 0.5 ms]
      [Choose CSet: 0.0 ms]
      [Ref Proc: 0.1 ms]
      [Ref Enq: 0.0 ms]
      [Redirty Cards: 0.0 ms]
      [Humongous Register: 0.0 ms]
      [Humongous Reclaim: 0.0 ms]
      [Free CSet: 0.0 ms]
   [Eden: 47.0M(47.0M)->0.0B(45.0M) Survivors: 4096.0K->6144.0K Heap: 344.4M(1024.0M)->298.9M(1024.0M)]
 [Times: user=0.04 sys=0.00, real=0.03 secs] 
2016-12-19T22:25:33.041+0100: 6037.387: [GC pause (G1 Evacuation Pause) (young), 0.0236282 secs]
   [Parallel Time: 23.2 ms, GC Workers: 1]
      [GC Worker Start (ms):  6037386.8]
      [Ext Root Scanning (ms):  0.9]
      [Update RS (ms):  2.4]
         [Processed Buffers:  37]
      [Scan RS (ms):  4.7]
      [Code Root Scanning (ms):  0.0]
      [Object Copy (ms):  15.1]
      [Termination (ms):  0.0]
         [Termination Attempts:  1]
      [GC Worker Other (ms):  0.0]
      [GC Worker Total (ms):  23.2]
      [GC Worker End (ms):  6037410.0]
   [Code Root Fixup: 0.0 ms]
   [Code Root Purge: 0.0 ms]
   [Clear CT: 0.0 ms]
   [Other: 0.3 ms]
      [Choose CSet: 0.0 ms]
      [Ref Proc: 0.0 ms]
      [Ref Enq: 0.0 ms]
      [Redirty Cards: 0.0 ms]
      [Humongous Register: 0.0 ms]
      [Humongous Reclaim: 0.0 ms]
      [Free CSet: 0.1 ms]
   [Eden: 45.0M(45.0M)->0.0B(47.0M) Survivors: 6144.0K->4096.0K Heap: 343.9M(1024.0M)->298.9M(1024.0M)]
 [Times: user=0.02 sys=0.00, real=0.02 secs] 
2016-12-19T22:26:01.130+0100: 6065.475: [GC pause (G1 Evacuation Pause) (young), 0.0371929 secs]
   [Parallel Time: 36.1 ms, GC Workers: 1]
      [GC Worker Start (ms):  6065475.6]
      [Ext Root Scanning (ms):  4.7]
      [Update RS (ms):  5.0]
         [Processed Buffers:  39]
      [Scan RS (ms):  7.4]
      [Code Root Scanning (ms):  0.1]
      [Object Copy (ms):  18.7]
      [Termination (ms):  0.0]
         [Termination Attempts:  1]
      [GC Worker Other (ms):  0.1]
      [GC Worker Total (ms):  36.0]
      [GC Worker End (ms):  6065511.6]
   [Code Root Fixup: 0.1 ms]
   [Code Root Purge: 0.0 ms]
   [Clear CT: 0.1 ms]
   [Other: 1.0 ms]
      [Choose CSet: 0.0 ms]
      [Ref Proc: 0.1 ms]
      [Ref Enq: 0.0 ms]
      [Redirty Cards: 0.0 ms]
      [Humongous Register: 0.5 ms]
      [Humongous Reclaim: 0.0 ms]
      [Free CSet: 0.1 ms]
   [Eden: 47.0M(47.0M)->0.0B(45.0M) Survivors: 4096.0K->6144.0K Heap: 345.9M(1024.0M)->300.4M(1024.0M)]
 [Times: user=0.03 sys=0.00, real=0.04 secs] 
2016-12-19T22:26:26.635+0100: 6090.980: [GC pause (G1 Evacuation Pause) (young), 0.0574511 secs]
   [Parallel Time: 53.3 ms, GC Workers: 1]
      [GC Worker Start (ms):  6090980.3]
      [Ext Root Scanning (ms):  1.4]
      [Update RS (ms):  3.1]
         [Processed Buffers:  36]
      [Scan RS (ms):  4.5]
      [Code Root Scanning (ms):  0.0]
      [Object Copy (ms):  44.2]
      [Termination (ms):  0.0]
         [Termination Attempts:  1]
      [GC Worker Other (ms):  0.0]
      [GC Worker Total (ms):  53.3]
      [GC Worker End (ms):  6091033.5]
   [Code Root Fixup: 0.0 ms]
   [Code Root Purge: 0.0 ms]
   [Clear CT: 0.1 ms]
   [Other: 4.0 ms]
      [Choose CSet: 0.0 ms]
      [Ref Proc: 0.0 ms]
      [Ref Enq: 0.0 ms]
      [Redirty Cards: 3.6 ms]
      [Humongous Register: 0.0 ms]
      [Humongous Reclaim: 0.0 ms]
      [Free CSet: 0.1 ms]
   [Eden: 45.0M(45.0M)->0.0B(47.0M) Survivors: 6144.0K->4096.0K Heap: 345.4M(1024.0M)->300.5M(1024.0M)]
 [Times: user=0.03 sys=0.00, real=0.06 secs] 
2016-12-19T22:26:52.419+0100: 6116.765: [GC pause (G1 Evacuation Pause) (young), 0.0717329 secs]
   [Parallel Time: 69.1 ms, GC Workers: 1]
      [GC Worker Start (ms):  6116765.1]
      [Ext Root Scanning (ms):  4.7]
      [Update RS (ms):  39.9]
         [Processed Buffers:  62]
      [Scan RS (ms):  1.1]
      [Code Root Scanning (ms):  0.0]
      [Object Copy (ms):  23.2]
      [Termination (ms):  0.0]
         [Termination Attempts:  1]
      [GC Worker Other (ms):  0.0]
      [GC Worker Total (ms):  68.9]
      [GC Worker End (ms):  6116834.0]
   [Code Root Fixup: 0.2 ms]
   [Code Root Purge: 0.0 ms]
   [Clear CT: 0.2 ms]
   [Other: 2.3 ms]
      [Choose CSet: 0.0 ms]
      [Ref Proc: 0.2 ms]
      [Ref Enq: 0.0 ms]
      [Redirty Cards: 1.2 ms]
      [Humongous Register: 0.1 ms]
      [Humongous Reclaim: 0.1 ms]
      [Free CSet: 0.1 ms]
   [Eden: 47.0M(47.0M)->0.0B(46.0M) Survivors: 4096.0K->5120.0K Heap: 347.5M(1024.0M)->302.0M(1024.0M)]
 [Times: user=0.07 sys=0.00, real=0.07 secs] 
2016-12-19T22:27:19.212+0100: 6143.557: [GC pause (G1 Evacuation Pause) (young), 0.1721175 secs]
   [Parallel Time: 167.2 ms, GC Workers: 1]
      [GC Worker Start (ms):  6143557.6]
      [Ext Root Scanning (ms):  4.2]
      [Update RS (ms):  24.0]
         [Processed Buffers:  37]
      [Scan RS (ms):  64.2]
      [Code Root Scanning (ms):  0.0]
      [Object Copy (ms):  74.6]
      [Termination (ms):  0.0]
         [Termination Attempts:  1]
      [GC Worker Other (ms):  0.0]
      [GC Worker Total (ms):  167.1]
      [GC Worker End (ms):  6143724.8]
   [Code Root Fixup: 0.1 ms]
   [Code Root Purge: 0.0 ms]
   [Clear CT: 0.2 ms]
   [Other: 4.6 ms]
      [Choose CSet: 0.0 ms]
      [Ref Proc: 0.2 ms]
      [Ref Enq: 0.0 ms]
      [Redirty Cards: 0.1 ms]
      [Humongous Register: 0.1 ms]
      [Humongous Reclaim: 1.7 ms]
      [Free CSet: 0.3 ms]
   [Eden: 46.0M(46.0M)->0.0B(47.0M) Survivors: 5120.0K->4096.0K Heap: 348.0M(1024.0M)->302.7M(1024.0M)]
 [Times: user=0.11 sys=0.03, real=0.17 secs] 
2016-12-19T22:27:43.209+0100: 6167.554: [GC pause (G1 Evacuation Pause) (young), 0.0244706 secs]
   [Parallel Time: 23.9 ms, GC Workers: 1]
      [GC Worker Start (ms):  6167554.6]
      [Ext Root Scanning (ms):  1.4]
      [Update RS (ms):  5.9]
         [Processed Buffers:  38]
      [Scan RS (ms):  5.7]
      [Code Root Scanning (ms):  0.0]
      [Object Copy (ms):  10.8]
      [Termination (ms):  0.0]
         [Termination Attempts:  1]
      [GC Worker Other (ms):  0.0]
      [GC Worker Total (ms):  23.9]
      [GC Worker End (ms):  6167578.5]
   [Code Root Fixup: 0.1 ms]
   [Code Root Purge: 0.0 ms]
   [Clear CT: 0.1 ms]
   [Other: 0.5 ms]
      [Choose CSet: 0.0 ms]
      [Ref Proc: 0.0 ms]
      [Ref Enq: 0.0 ms]
      [Redirty Cards: 0.0 ms]
      [Humongous Register: 0.1 ms]
      [Humongous Reclaim: 0.0 ms]
      [Free CSet: 0.1 ms]
   [Eden: 47.0M(47.0M)->0.0B(47.0M) Survivors: 4096.0K->4096.0K Heap: 349.7M(1024.0M)->302.7M(1024.0M)]
 [Times: user=0.02 sys=0.00, real=0.02 secs] 
2016-12-19T22:28:07.046+0100: 6191.391: [GC pause (G1 Evacuation Pause) (young), 0.0295892 secs]
   [Parallel Time: 28.9 ms, GC Workers: 1]
      [GC Worker Start (ms):  6191391.3]
      [Ext Root Scanning (ms):  1.7]
      [Update RS (ms):  6.0]
         [Processed Buffers:  36]
      [Scan RS (ms):  5.5]
      [Code Root Scanning (ms):  0.0]
      [Object Copy (ms):  15.6]
      [Termination (ms):  0.0]
         [Termination Attempts:  1]
      [GC Worker Other (ms):  0.0]
      [GC Worker Total (ms):  28.8]
      [GC Worker End (ms):  6191420.1]
   [Code Root Fixup: 0.0 ms]
   [Code Root Purge: 0.0 ms]
   [Clear CT: 0.0 ms]
   [Other: 0.6 ms]
      [Choose CSet: 0.0 ms]
      [Ref Proc: 0.0 ms]
      [Ref Enq: 0.0 ms]
      [Redirty Cards: 0.0 ms]
      [Humongous Register: 0.1 ms]
      [Humongous Reclaim: 0.0 ms]
      [Free CSet: 0.1 ms]
   [Eden: 47.0M(47.0M)->0.0B(46.0M) Survivors: 4096.0K->5120.0K Heap: 349.7M(1024.0M)->303.7M(1024.0M)]
 [Times: user=0.02 sys=0.00, real=0.03 secs] 
2016-12-19T22:28:30.120+0100: 6214.466: [GC pause (G1 Evacuation Pause) (young), 0.0365110 secs]
   [Parallel Time: 36.0 ms, GC Workers: 1]
      [GC Worker Start (ms):  6214465.7]
      [Ext Root Scanning (ms):  1.1]
      [Update RS (ms):  3.9]
         [Processed Buffers:  36]
      [Scan RS (ms):  4.5]
      [Code Root Scanning (ms):  0.0]
      [Object Copy (ms):  26.5]
      [Termination (ms):  0.0]
         [Termination Attempts:  1]
      [GC Worker Other (ms):  0.0]
      [GC Worker Total (ms):  36.0]
      [GC Worker End (ms):  6214501.7]
   [Code Root Fixup: 0.1 ms]
   [Code Root Purge: 0.0 ms]
   [Clear CT: 0.1 ms]
   [Other: 0.4 ms]
      [Choose CSet: 0.0 ms]
      [Ref Proc: 0.0 ms]
      [Ref Enq: 0.0 ms]
      [Redirty Cards: 0.0 ms]
      [Humongous Register: 0.0 ms]
      [Humongous Reclaim: 0.0 ms]
      [Free CSet: 0.1 ms]
   [Eden: 46.0M(46.0M)->0.0B(47.0M) Survivors: 5120.0K->4096.0K Heap: 349.7M(1024.0M)->304.0M(1024.0M)]
 [Times: user=0.03 sys=0.00, real=0.03 secs] 
2016-12-19T22:28:53.511+0100: 6237.856: [GC pause (G1 Evacuation Pause) (young), 0.0304704 secs]
   [Parallel Time: 29.7 ms, GC Workers: 1]
      [GC Worker Start (ms):  6237856.7]
      [Ext Root Scanning (ms):  1.5]
      [Update RS (ms):  4.7]
         [Processed Buffers:  36]
      [Scan RS (ms):  6.1]
      [Code Root Scanning (ms):  0.0]
      [Object Copy (ms):  17.2]
      [Termination (ms):  0.0]
         [Termination Attempts:  1]
      [GC Worker Other (ms):  0.0]
      [GC Worker Total (ms):  29.6]
      [GC Worker End (ms):  6237886.3]
   [Code Root Fixup: 0.1 ms]
   [Code Root Purge: 0.0 ms]
   [Clear CT: 0.0 ms]
   [Other: 0.7 ms]
      [Choose CSet: 0.0 ms]
      [Ref Proc: 0.0 ms]
      [Ref Enq: 0.0 ms]
      [Redirty Cards: 0.1 ms]
      [Humongous Register: 0.2 ms]
      [Humongous Reclaim: 0.0 ms]
      [Free CSet: 0.1 ms]
   [Eden: 47.0M(47.0M)->0.0B(45.0M) Survivors: 4096.0K->6144.0K Heap: 351.0M(1024.0M)->305.5M(1024.0M)]
 [Times: user=0.03 sys=0.00, real=0.03 secs] 
2016-12-19T22:29:17.677+0100: 6262.022: [GC pause (G1 Evacuation Pause) (young), 0.0257434 secs]
   [Parallel Time: 25.1 ms, GC Workers: 1]
      [GC Worker Start (ms):  6262022.3]
      [Ext Root Scanning (ms):  1.8]
      [Update RS (ms):  3.2]
         [Processed Buffers:  36]
      [Scan RS (ms):  4.1]
      [Code Root Scanning (ms):  0.0]
      [Object Copy (ms):  15.8]
      [Termination (ms):  0.0]
         [Termination Attempts:  1]
      [GC Worker Other (ms):  0.0]
      [GC Worker Total (ms):  24.9]
      [GC Worker End (ms):  6262047.2]
   [Code Root Fixup: 0.1 ms]
   [Code Root Purge: 0.0 ms]
   [Clear CT: 0.1 ms]
   [Other: 0.6 ms]
      [Choose CSet: 0.0 ms]
      [Ref Proc: 0.0 ms]
      [Ref Enq: 0.0 ms]
      [Redirty Cards: 0.1 ms]
      [Humongous Register: 0.1 ms]
      [Humongous Reclaim: 0.0 ms]
      [Free CSet: 0.1 ms]
   [Eden: 45.0M(45.0M)->0.0B(47.0M) Survivors: 6144.0K->4096.0K Heap: 350.5M(1024.0M)->305.4M(1024.0M)]
 [Times: user=0.03 sys=0.00, real=0.03 secs] 
2016-12-19T22:29:43.013+0100: 6287.359: [GC pause (G1 Evacuation Pause) (young), 0.0383569 secs]
   [Parallel Time: 37.8 ms, GC Workers: 1]
      [GC Worker Start (ms):  6287358.9]
      [Ext Root Scanning (ms):  3.0]
      [Update RS (ms):  9.8]
         [Processed Buffers:  37]
      [Scan RS (ms):  8.6]
      [Code Root Scanning (ms):  0.0]
      [Object Copy (ms):  16.3]
      [Termination (ms):  0.0]
         [Termination Attempts:  1]
      [GC Worker Other (ms):  0.0]
      [GC Worker Total (ms):  37.8]
      [GC Worker End (ms):  6287396.7]
   [Code Root Fixup: 0.0 ms]
   [Code Root Purge: 0.0 ms]
   [Clear CT: 0.0 ms]
   [Other: 0.5 ms]
      [Choose CSet: 0.0 ms]
      [Ref Proc: 0.0 ms]
      [Ref Enq: 0.0 ms]
      [Redirty Cards: 0.0 ms]
      [Humongous Register: 0.1 ms]
      [Humongous Reclaim: 0.0 ms]
      [Free CSet: 0.1 ms]
   [Eden: 47.0M(47.0M)->0.0B(45.0M) Survivors: 4096.0K->6144.0K Heap: 352.4M(1024.0M)->306.9M(1024.0M)]
 [Times: user=0.04 sys=0.00, real=0.04 secs] 
2016-12-19T22:30:07.028+0100: 6311.374: [GC pause (G1 Evacuation Pause) (young), 0.0448282 secs]
   [Parallel Time: 44.1 ms, GC Workers: 1]
      [GC Worker Start (ms):  6311373.8]
      [Ext Root Scanning (ms):  1.7]
      [Update RS (ms):  8.1]
         [Processed Buffers:  37]
      [Scan RS (ms):  7.6]
      [Code Root Scanning (ms):  0.0]
      [Object Copy (ms):  26.7]
      [Termination (ms):  0.0]
         [Termination Attempts:  1]
      [GC Worker Other (ms):  0.0]
      [GC Worker Total (ms):  44.0]
      [GC Worker End (ms):  6311417.8]
   [Code Root Fixup: 0.0 ms]
   [Code Root Purge: 0.0 ms]
   [Clear CT: 0.1 ms]
   [Other: 0.6 ms]
      [Choose CSet: 0.0 ms]
      [Ref Proc: 0.0 ms]
      [Ref Enq: 0.0 ms]
      [Redirty Cards: 0.1 ms]
      [Humongous Register: 0.1 ms]
      [Humongous Reclaim: 0.0 ms]
      [Free CSet: 0.1 ms]
   [Eden: 45.0M(45.0M)->0.0B(47.0M) Survivors: 6144.0K->4096.0K Heap: 351.9M(1024.0M)->306.7M(1024.0M)]
 [Times: user=0.04 sys=0.00, real=0.04 secs] 
2016-12-19T22:30:32.809+0100: 6337.155: [GC pause (G1 Evacuation Pause) (young), 0.0255415 secs]
   [Parallel Time: 24.1 ms, GC Workers: 1]
      [GC Worker Start (ms):  6337155.6]
      [Ext Root Scanning (ms):  2.2]
      [Update RS (ms):  3.8]
         [Processed Buffers:  39]
      [Scan RS (ms):  4.7]
      [Code Root Scanning (ms):  0.0]
      [Object Copy (ms):  13.4]
      [Termination (ms):  0.0]
         [Termination Attempts:  1]
      [GC Worker Other (ms):  0.0]
      [GC Worker Total (ms):  24.1]
      [GC Worker End (ms):  6337179.7]
   [Code Root Fixup: 0.1 ms]
   [Code Root Purge: 0.0 ms]
   [Clear CT: 0.1 ms]
   [Other: 1.3 ms]
      [Choose CSet: 0.0 ms]
      [Ref Proc: 0.0 ms]
      [Ref Enq: 0.0 ms]
      [Redirty Cards: 0.0 ms]
      [Humongous Register: 0.1 ms]
      [Humongous Reclaim: 0.0 ms]
      [Free CSet: 0.1 ms]
   [Eden: 47.0M(47.0M)->0.0B(45.0M) Survivors: 4096.0K->6144.0K Heap: 353.7M(1024.0M)->308.2M(1024.0M)]
 [Times: user=0.03 sys=0.00, real=0.02 secs] 
2016-12-19T22:30:56.281+0100: 6360.627: [GC pause (G1 Evacuation Pause) (young), 0.0265715 secs]
   [Parallel Time: 26.1 ms, GC Workers: 1]
      [GC Worker Start (ms):  6360626.9]
      [Ext Root Scanning (ms):  1.3]
      [Update RS (ms):  2.9]
         [Processed Buffers:  35]
      [Scan RS (ms):  6.2]
      [Code Root Scanning (ms):  0.0]
      [Object Copy (ms):  15.6]
      [Termination (ms):  0.0]
         [Termination Attempts:  1]
      [GC Worker Other (ms):  0.0]
      [GC Worker Total (ms):  26.0]
      [GC Worker End (ms):  6360652.9]
   [Code Root Fixup: 0.0 ms]
   [Code Root Purge: 0.0 ms]
   [Clear CT: 0.0 ms]
   [Other: 0.4 ms]
      [Choose CSet: 0.0 ms]
      [Ref Proc: 0.0 ms]
      [Ref Enq: 0.0 ms]
      [Redirty Cards: 0.0 ms]
      [Humongous Register: 0.1 ms]
      [Humongous Reclaim: 0.0 ms]
      [Free CSet: 0.1 ms]
   [Eden: 45.0M(45.0M)->0.0B(47.0M) Survivors: 6144.0K->4096.0K Heap: 353.2M(1024.0M)->308.0M(1024.0M)]
 [Times: user=0.02 sys=0.00, real=0.03 secs] 
2016-12-19T22:31:20.871+0100: 6385.217: [GC pause (G1 Evacuation Pause) (young), 0.0299064 secs]
   [Parallel Time: 29.5 ms, GC Workers: 1]
      [GC Worker Start (ms):  6385216.8]
      [Ext Root Scanning (ms):  0.9]
      [Update RS (ms):  3.8]
         [Processed Buffers:  37]
      [Scan RS (ms):  10.9]
      [Code Root Scanning (ms):  0.0]
      [Object Copy (ms):  13.8]
      [Termination (ms):  0.0]
         [Termination Attempts:  1]
      [GC Worker Other (ms):  0.0]
      [GC Worker Total (ms):  29.4]
      [GC Worker End (ms):  6385246.2]
   [Code Root Fixup: 0.0 ms]
   [Code Root Purge: 0.0 ms]
   [Clear CT: 0.0 ms]
   [Other: 0.4 ms]
      [Choose CSet: 0.0 ms]
      [Ref Proc: 0.0 ms]
      [Ref Enq: 0.0 ms]
      [Redirty Cards: 0.0 ms]
      [Humongous Register: 0.0 ms]
      [Humongous Reclaim: 0.0 ms]
      [Free CSet: 0.1 ms]
   [Eden: 47.0M(47.0M)->0.0B(45.0M) Survivors: 4096.0K->6144.0K Heap: 355.0M(1024.0M)->309.5M(1024.0M)]
 [Times: user=0.02 sys=0.00, real=0.03 secs] 
2016-12-19T22:31:45.847+0100: 6410.192: [GC pause (G1 Evacuation Pause) (young), 0.0311116 secs]
   [Parallel Time: 30.6 ms, GC Workers: 1]
      [GC Worker Start (ms):  6410192.3]
      [Ext Root Scanning (ms):  1.7]
      [Update RS (ms):  7.0]
         [Processed Buffers:  37]
      [Scan RS (ms):  4.8]
      [Code Root Scanning (ms):  0.0]
      [Object Copy (ms):  17.0]
      [Termination (ms):  0.0]
         [Termination Attempts:  1]
      [GC Worker Other (ms):  0.0]
      [GC Worker Total (ms):  30.5]
      [GC Worker End (ms):  6410222.8]
   [Code Root Fixup: 0.0 ms]
   [Code Root Purge: 0.0 ms]
   [Clear CT: 0.0 ms]
   [Other: 0.4 ms]
      [Choose CSet: 0.0 ms]
      [Ref Proc: 0.0 ms]
      [Ref Enq: 0.0 ms]
      [Redirty Cards: 0.0 ms]
      [Humongous Register: 0.1 ms]
      [Humongous Reclaim: 0.0 ms]
      [Free CSet: 0.1 ms]
   [Eden: 45.0M(45.0M)->0.0B(47.0M) Survivors: 6144.0K->4096.0K Heap: 354.5M(1024.0M)->309.4M(1024.0M)]
 [Times: user=0.03 sys=0.00, real=0.03 secs] 
2016-12-19T22:32:10.900+0100: 6435.245: [GC pause (G1 Evacuation Pause) (young), 0.0230728 secs]
   [Parallel Time: 22.7 ms, GC Workers: 1]
      [GC Worker Start (ms):  6435245.3]
      [Ext Root Scanning (ms):  1.4]
      [Update RS (ms):  11.2]
         [Processed Buffers:  57]
      [Scan RS (ms):  0.7]
      [Code Root Scanning (ms):  0.0]
      [Object Copy (ms):  9.2]
      [Termination (ms):  0.1]
         [Termination Attempts:  1]
      [GC Worker Other (ms):  0.0]
      [GC Worker Total (ms):  22.6]
      [GC Worker End (ms):  6435267.9]
   [Code Root Fixup: 0.1 ms]
   [Code Root Purge: 0.0 ms]
   [Clear CT: 0.0 ms]
   [Other: 0.3 ms]
      [Choose CSet: 0.0 ms]
      [Ref Proc: 0.0 ms]
      [Ref Enq: 0.0 ms]
      [Redirty Cards: 0.0 ms]
      [Humongous Register: 0.0 ms]
      [Humongous Reclaim: 0.0 ms]
      [Free CSet: 0.0 ms]
   [Eden: 47.0M(47.0M)->0.0B(47.0M) Survivors: 4096.0K->4096.0K Heap: 356.4M(1024.0M)->309.9M(1024.0M)]
 [Times: user=0.02 sys=0.01, real=0.02 secs] 
2016-12-19T22:32:39.388+0100: 6463.734: [GC pause (G1 Evacuation Pause) (young), 0.0237521 secs]
   [Parallel Time: 23.1 ms, GC Workers: 1]
      [GC Worker Start (ms):  6463734.1]
      [Ext Root Scanning (ms):  4.8]
      [Update RS (ms):  2.3]
         [Processed Buffers:  39]
      [Scan RS (ms):  4.5]
      [Code Root Scanning (ms):  0.0]
      [Object Copy (ms):  11.5]
      [Termination (ms):  0.0]
         [Termination Attempts:  1]
      [GC Worker Other (ms):  0.0]
      [GC Worker Total (ms):  23.1]
      [GC Worker End (ms):  6463757.1]
   [Code Root Fixup: 0.0 ms]
   [Code Root Purge: 0.0 ms]
   [Clear CT: 0.0 ms]
   [Other: 0.6 ms]
      [Choose CSet: 0.0 ms]
      [Ref Proc: 0.0 ms]
      [Ref Enq: 0.0 ms]
      [Redirty Cards: 0.0 ms]
      [Humongous Register: 0.1 ms]
      [Humongous Reclaim: 0.0 ms]
      [Free CSet: 0.1 ms]
   [Eden: 47.0M(47.0M)->0.0B(46.0M) Survivors: 4096.0K->5120.0K Heap: 356.9M(1024.0M)->310.9M(1024.0M)]
 [Times: user=0.03 sys=0.00, real=0.02 secs] 
2016-12-19T22:33:03.945+0100: 6488.291: [GC pause (G1 Evacuation Pause) (young), 0.0308367 secs]
   [Parallel Time: 29.8 ms, GC Workers: 1]
      [GC Worker Start (ms):  6488291.1]
      [Ext Root Scanning (ms):  3.8]
      [Update RS (ms):  5.5]
         [Processed Buffers:  38]
      [Scan RS (ms):  4.5]
      [Code Root Scanning (ms):  0.0]
      [Object Copy (ms):  16.0]
      [Termination (ms):  0.0]
         [Termination Attempts:  1]
      [GC Worker Other (ms):  0.0]
      [GC Worker Total (ms):  29.8]
      [GC Worker End (ms):  6488320.9]
   [Code Root Fixup: 0.1 ms]
   [Code Root Purge: 0.0 ms]
   [Clear CT: 0.1 ms]
   [Other: 0.8 ms]
      [Choose CSet: 0.0 ms]
      [Ref Proc: 0.2 ms]
      [Ref Enq: 0.0 ms]
      [Redirty Cards: 0.1 ms]
      [Humongous Register: 0.1 ms]
      [Humongous Reclaim: 0.1 ms]
      [Free CSet: 0.1 ms]
   [Eden: 46.0M(46.0M)->0.0B(47.0M) Survivors: 5120.0K->4096.0K Heap: 356.9M(1024.0M)->311.3M(1024.0M)]
 [Times: user=0.03 sys=0.00, real=0.03 secs] 
2016-12-19T22:33:29.558+0100: 6513.903: [GC pause (G1 Evacuation Pause) (young), 0.0223118 secs]
   [Parallel Time: 21.8 ms, GC Workers: 1]
      [GC Worker Start (ms):  6513903.2]
      [Ext Root Scanning (ms):  1.0]
      [Update RS (ms):  3.5]
         [Processed Buffers:  36]
      [Scan RS (ms):  4.2]
      [Code Root Scanning (ms):  0.0]
      [Object Copy (ms):  13.0]
      [Termination (ms):  0.0]
         [Termination Attempts:  1]
      [GC Worker Other (ms):  0.0]
      [GC Worker Total (ms):  21.8]
      [GC Worker End (ms):  6513925.0]
   [Code Root Fixup: 0.0 ms]
   [Code Root Purge: 0.0 ms]
   [Clear CT: 0.0 ms]
   [Other: 0.4 ms]
      [Choose CSet: 0.0 ms]
      [Ref Proc: 0.0 ms]
      [Ref Enq: 0.0 ms]
      [Redirty Cards: 0.0 ms]
      [Humongous Register: 0.0 ms]
      [Humongous Reclaim: 0.0 ms]
      [Free CSet: 0.1 ms]
   [Eden: 47.0M(47.0M)->0.0B(46.0M) Survivors: 4096.0K->5120.0K Heap: 358.3M(1024.0M)->312.3M(1024.0M)]
 [Times: user=0.02 sys=0.00, real=0.03 secs] 
2016-12-19T22:33:53.009+0100: 6537.354: [GC pause (G1 Evacuation Pause) (young), 0.0848991 secs]
   [Parallel Time: 84.1 ms, GC Workers: 1]
      [GC Worker Start (ms):  6537354.5]
      [Ext Root Scanning (ms):  1.8]
      [Update RS (ms):  10.9]
         [Processed Buffers:  33]
      [Scan RS (ms):  7.0]
      [Code Root Scanning (ms):  0.0]
      [Object Copy (ms):  64.2]
      [Termination (ms):  0.0]
         [Termination Attempts:  1]
      [GC Worker Other (ms):  0.1]
      [GC Worker Total (ms):  84.0]
      [GC Worker End (ms):  6537438.5]
   [Code Root Fixup: 0.1 ms]
   [Code Root Purge: 0.0 ms]
   [Clear CT: 0.1 ms]
   [Other: 0.7 ms]
      [Choose CSet: 0.0 ms]
      [Ref Proc: 0.0 ms]
      [Ref Enq: 0.0 ms]
      [Redirty Cards: 0.1 ms]
      [Humongous Register: 0.1 ms]
      [Humongous Reclaim: 0.2 ms]
      [Free CSet: 0.1 ms]
   [Eden: 46.0M(46.0M)->0.0B(47.0M) Survivors: 5120.0K->4096.0K Heap: 358.3M(1024.0M)->312.7M(1024.0M)]
 [Times: user=0.08 sys=0.00, real=0.08 secs] 
2016-12-19T22:34:16.592+0100: 6560.938: [GC pause (G1 Evacuation Pause) (young), 0.0376714 secs]
   [Parallel Time: 36.9 ms, GC Workers: 1]
      [GC Worker Start (ms):  6560938.0]
      [Ext Root Scanning (ms):  1.4]
      [Update RS (ms):  4.8]
         [Processed Buffers:  38]
      [Scan RS (ms):  11.7]
      [Code Root Scanning (ms):  0.0]
      [Object Copy (ms):  19.0]
      [Termination (ms):  0.0]
         [Termination Attempts:  1]
      [GC Worker Other (ms):  0.0]
      [GC Worker Total (ms):  36.8]
      [GC Worker End (ms):  6560974.8]
   [Code Root Fixup: 0.0 ms]
   [Code Root Purge: 0.0 ms]
   [Clear CT: 0.1 ms]
   [Other: 0.7 ms]
      [Choose CSet: 0.0 ms]
      [Ref Proc: 0.0 ms]
      [Ref Enq: 0.0 ms]
      [Redirty Cards: 0.1 ms]
      [Humongous Register: 0.1 ms]
      [Humongous Reclaim: 0.0 ms]
      [Free CSet: 0.1 ms]
   [Eden: 47.0M(47.0M)->0.0B(45.0M) Survivors: 4096.0K->6144.0K Heap: 359.7M(1024.0M)->314.2M(1024.0M)]
 [Times: user=0.04 sys=0.00, real=0.04 secs] 
2016-12-19T22:34:40.906+0100: 6585.251: [GC pause (G1 Evacuation Pause) (young), 0.0301664 secs]
   [Parallel Time: 29.6 ms, GC Workers: 1]
      [GC Worker Start (ms):  6585251.5]
      [Ext Root Scanning (ms):  1.1]
      [Update RS (ms):  4.9]
         [Processed Buffers:  38]
      [Scan RS (ms):  6.6]
      [Code Root Scanning (ms):  0.0]
      [Object Copy (ms):  17.0]
      [Termination (ms):  0.0]
         [Termination Attempts:  1]
      [GC Worker Other (ms):  0.0]
      [GC Worker Total (ms):  29.6]
      [GC Worker End (ms):  6585281.1]
   [Code Root Fixup: 0.0 ms]
   [Code Root Purge: 0.0 ms]
   [Clear CT: 0.1 ms]
   [Other: 0.4 ms]
      [Choose CSet: 0.0 ms]
      [Ref Proc: 0.0 ms]
      [Ref Enq: 0.0 ms]
      [Redirty Cards: 0.1 ms]
      [Humongous Register: 0.0 ms]
      [Humongous Reclaim: 0.0 ms]
      [Free CSet: 0.1 ms]
   [Eden: 45.0M(45.0M)->0.0B(47.0M) Survivors: 6144.0K->4096.0K Heap: 359.2M(1024.0M)->314.2M(1024.0M)]
 [Times: user=0.03 sys=0.00, real=0.03 secs] 
2016-12-19T22:35:06.181+0100: 6610.526: [GC pause (G1 Evacuation Pause) (young), 0.0333552 secs]
   [Parallel Time: 32.8 ms, GC Workers: 1]
      [GC Worker Start (ms):  6610526.2]
      [Ext Root Scanning (ms):  1.3]
      [Update RS (ms):  10.9]
         [Processed Buffers:  53]
      [Scan RS (ms):  1.2]
      [Code Root Scanning (ms):  0.0]
      [Object Copy (ms):  19.3]
      [Termination (ms):  0.0]
         [Termination Attempts:  1]
      [GC Worker Other (ms):  0.0]
      [GC Worker Total (ms):  32.7]
      [GC Worker End (ms):  6610558.9]
   [Code Root Fixup: 0.1 ms]
   [Code Root Purge: 0.0 ms]
   [Clear CT: 0.0 ms]
   [Other: 0.5 ms]
      [Choose CSet: 0.0 ms]
      [Ref Proc: 0.1 ms]
      [Ref Enq: 0.0 ms]
      [Redirty Cards: 0.1 ms]
      [Humongous Register: 0.0 ms]
      [Humongous Reclaim: 0.1 ms]
      [Free CSet: 0.1 ms]
   [Eden: 47.0M(47.0M)->0.0B(45.0M) Survivors: 4096.0K->6144.0K Heap: 361.2M(1024.0M)->315.7M(1024.0M)]
 [Times: user=0.03 sys=0.00, real=0.03 secs] 
2016-12-19T22:35:30.934+0100: 6635.280: [GC pause (G1 Evacuation Pause) (young), 0.0381265 secs]
   [Parallel Time: 37.4 ms, GC Workers: 1]
      [GC Worker Start (ms):  6635279.7]
      [Ext Root Scanning (ms):  1.0]
      [Update RS (ms):  2.6]
         [Processed Buffers:  38]
      [Scan RS (ms):  6.0]
      [Code Root Scanning (ms):  0.0]
      [Object Copy (ms):  27.6]
      [Termination (ms):  0.0]
         [Termination Attempts:  1]
      [GC Worker Other (ms):  0.1]
      [GC Worker Total (ms):  37.3]
      [GC Worker End (ms):  6635317.0]
   [Code Root Fixup: 0.1 ms]
   [Code Root Purge: 0.0 ms]
   [Clear CT: 0.1 ms]
   [Other: 0.6 ms]
      [Choose CSet: 0.0 ms]
      [Ref Proc: 0.1 ms]
      [Ref Enq: 0.0 ms]
      [Redirty Cards: 0.1 ms]
      [Humongous Register: 0.0 ms]
      [Humongous Reclaim: 0.0 ms]
      [Free CSet: 0.1 ms]
   [Eden: 45.0M(45.0M)->0.0B(47.0M) Survivors: 6144.0K->4096.0K Heap: 360.7M(1024.0M)->315.7M(1024.0M)]
 [Times: user=0.04 sys=0.00, real=0.04 secs] 
2016-12-19T22:35:55.216+0100: 6659.562: [GC pause (G1 Evacuation Pause) (young), 0.0317919 secs]
   [Parallel Time: 31.3 ms, GC Workers: 1]
      [GC Worker Start (ms):  6659562.0]
      [Ext Root Scanning (ms):  1.6]
      [Update RS (ms):  4.3]
         [Processed Buffers:  37]
      [Scan RS (ms):  5.7]
      [Code Root Scanning (ms):  0.0]
      [Object Copy (ms):  19.6]
      [Termination (ms):  0.0]
         [Termination Attempts:  1]
      [GC Worker Other (ms):  0.0]
      [GC Worker Total (ms):  31.3]
      [GC Worker End (ms):  6659593.3]
   [Code Root Fixup: 0.0 ms]
   [Code Root Purge: 0.0 ms]
   [Clear CT: 0.0 ms]
   [Other: 0.4 ms]
      [Choose CSet: 0.0 ms]
      [Ref Proc: 0.0 ms]
      [Ref Enq: 0.0 ms]
      [Redirty Cards: 0.0 ms]
      [Humongous Register: 0.1 ms]
      [Humongous Reclaim: 0.0 ms]
      [Free CSet: 0.1 ms]
   [Eden: 47.0M(47.0M)->0.0B(46.0M) Survivors: 4096.0K->5120.0K Heap: 362.7M(1024.0M)->317.2M(1024.0M)]
 [Times: user=0.03 sys=0.00, real=0.04 secs] 
2016-12-19T22:36:19.236+0100: 6683.582: [GC pause (G1 Evacuation Pause) (young), 0.0240298 secs]
   [Parallel Time: 23.4 ms, GC Workers: 1]
      [GC Worker Start (ms):  6683582.0]
      [Ext Root Scanning (ms):  0.9]
      [Update RS (ms):  3.1]
         [Processed Buffers:  37]
      [Scan RS (ms):  5.0]
      [Code Root Scanning (ms):  0.0]
      [Object Copy (ms):  14.3]
      [Termination (ms):  0.0]
         [Termination Attempts:  1]
      [GC Worker Other (ms):  0.0]
      [GC Worker Total (ms):  23.3]
      [GC Worker End (ms):  6683605.4]
   [Code Root Fixup: 0.1 ms]
   [Code Root Purge: 0.0 ms]
   [Clear CT: 0.1 ms]
   [Other: 0.5 ms]
      [Choose CSet: 0.0 ms]
      [Ref Proc: 0.1 ms]
      [Ref Enq: 0.0 ms]
      [Redirty Cards: 0.0 ms]
      [Humongous Register: 0.0 ms]
      [Humongous Reclaim: 0.0 ms]
      [Free CSet: 0.1 ms]
   [Eden: 46.0M(46.0M)->0.0B(47.0M) Survivors: 5120.0K->4096.0K Heap: 363.2M(1024.0M)->317.7M(1024.0M)]
 [Times: user=0.02 sys=0.00, real=0.03 secs] 
2016-12-19T22:36:44.024+0100: 6708.370: [GC pause (G1 Evacuation Pause) (young), 0.0235303 secs]
   [Parallel Time: 23.0 ms, GC Workers: 1]
      [GC Worker Start (ms):  6708370.1]
      [Ext Root Scanning (ms):  2.1]
      [Update RS (ms):  3.9]
         [Processed Buffers:  38]
      [Scan RS (ms):  4.8]
      [Code Root Scanning (ms):  0.0]
      [Object Copy (ms):  12.1]
      [Termination (ms):  0.0]
         [Termination Attempts:  1]
      [GC Worker Other (ms):  0.0]
      [GC Worker Total (ms):  22.9]
      [GC Worker End (ms):  6708393.0]
   [Code Root Fixup: 0.0 ms]
   [Code Root Purge: 0.0 ms]
   [Clear CT: 0.0 ms]
   [Other: 0.5 ms]
      [Choose CSet: 0.0 ms]
      [Ref Proc: 0.0 ms]
      [Ref Enq: 0.0 ms]
      [Redirty Cards: 0.0 ms]
      [Humongous Register: 0.1 ms]
      [Humongous Reclaim: 0.0 ms]
      [Free CSet: 0.1 ms]
   [Eden: 47.0M(47.0M)->0.0B(47.0M) Survivors: 4096.0K->4096.0K Heap: 364.7M(1024.0M)->317.7M(1024.0M)]
 [Times: user=0.03 sys=0.00, real=0.03 secs] 
2016-12-19T22:37:10.252+0100: 6734.597: [GC pause (G1 Evacuation Pause) (young), 0.0564726 secs]
   [Parallel Time: 55.5 ms, GC Workers: 1]
      [GC Worker Start (ms):  6734601.2]
      [Ext Root Scanning (ms):  1.4]
      [Update RS (ms):  17.0]
         [Processed Buffers:  37]
      [Scan RS (ms):  9.1]
      [Code Root Scanning (ms):  0.0]
      [Object Copy (ms):  24.5]
      [Termination (ms):  0.0]
         [Termination Attempts:  1]
      [GC Worker Other (ms):  0.1]
      [GC Worker Total (ms):  52.0]
      [GC Worker End (ms):  6734653.2]
   [Code Root Fixup: 0.1 ms]
   [Code Root Purge: 0.0 ms]
   [Clear CT: 0.0 ms]
   [Other: 0.9 ms]
      [Choose CSet: 0.0 ms]
      [Ref Proc: 0.0 ms]
      [Ref Enq: 0.0 ms]
      [Redirty Cards: 0.0 ms]
      [Humongous Register: 0.1 ms]
      [Humongous Reclaim: 0.0 ms]
      [Free CSet: 0.1 ms]
   [Eden: 47.0M(47.0M)->0.0B(46.0M) Survivors: 4096.0K->5120.0K Heap: 364.7M(1024.0M)->318.7M(1024.0M)]
 [Times: user=0.04 sys=0.00, real=0.06 secs] 
2016-12-19T22:37:36.566+0100: 6760.911: [GC pause (G1 Evacuation Pause) (young), 0.0233751 secs]
   [Parallel Time: 22.8 ms, GC Workers: 1]
      [GC Worker Start (ms):  6760911.6]
      [Ext Root Scanning (ms):  1.6]
      [Update RS (ms):  2.6]
         [Processed Buffers:  37]
      [Scan RS (ms):  5.8]
      [Code Root Scanning (ms):  0.0]
      [Object Copy (ms):  12.8]
      [Termination (ms):  0.0]
         [Termination Attempts:  1]
      [GC Worker Other (ms):  0.0]
      [GC Worker Total (ms):  22.8]
      [GC Worker End (ms):  6760934.4]
   [Code Root Fixup: 0.1 ms]
   [Code Root Purge: 0.0 ms]
   [Clear CT: 0.1 ms]
   [Other: 0.4 ms]
      [Choose CSet: 0.0 ms]
      [Ref Proc: 0.1 ms]
      [Ref Enq: 0.0 ms]
      [Redirty Cards: 0.1 ms]
      [Humongous Register: 0.0 ms]
      [Humongous Reclaim: 0.0 ms]
      [Free CSet: 0.1 ms]
   [Eden: 46.0M(46.0M)->0.0B(47.0M) Survivors: 5120.0K->4096.0K Heap: 364.7M(1024.0M)->319.0M(1024.0M)]
 [Times: user=0.02 sys=0.00, real=0.03 secs] 
2016-12-19T22:38:00.619+0100: 6784.965: [GC pause (G1 Evacuation Pause) (young), 0.0237132 secs]
   [Parallel Time: 23.1 ms, GC Workers: 1]
      [GC Worker Start (ms):  6784965.0]
      [Ext Root Scanning (ms):  1.4]
      [Update RS (ms):  3.4]
         [Processed Buffers:  36]
      [Scan RS (ms):  5.3]
      [Code Root Scanning (ms):  0.0]
      [Object Copy (ms):  13.0]
      [Termination (ms):  0.0]
         [Termination Attempts:  1]
      [GC Worker Other (ms):  0.0]
      [GC Worker Total (ms):  23.1]
      [GC Worker End (ms):  6784988.1]
   [Code Root Fixup: 0.0 ms]
   [Code Root Purge: 0.0 ms]
   [Clear CT: 0.1 ms]
   [Other: 0.5 ms]
      [Choose CSet: 0.0 ms]
      [Ref Proc: 0.0 ms]
      [Ref Enq: 0.0 ms]
      [Redirty Cards: 0.0 ms]
      [Humongous Register: 0.1 ms]
      [Humongous Reclaim: 0.0 ms]
      [Free CSet: 0.1 ms]
   [Eden: 47.0M(47.0M)->0.0B(45.0M) Survivors: 4096.0K->6144.0K Heap: 366.0M(1024.0M)->320.5M(1024.0M)]
 [Times: user=0.02 sys=0.00, real=0.02 secs] 
2016-12-19T22:38:25.301+0100: 6809.647: [GC pause (G1 Evacuation Pause) (young), 0.0353841 secs]
   [Parallel Time: 34.7 ms, GC Workers: 1]
      [GC Worker Start (ms):  6809646.7]
      [Ext Root Scanning (ms):  2.2]
      [Update RS (ms):  4.3]
         [Processed Buffers:  36]
      [Scan RS (ms):  5.8]
      [Code Root Scanning (ms):  0.0]
      [Object Copy (ms):  22.3]
      [Termination (ms):  0.0]
         [Termination Attempts:  1]
      [GC Worker Other (ms):  0.0]
      [GC Worker Total (ms):  34.7]
      [GC Worker End (ms):  6809681.4]
   [Code Root Fixup: 0.0 ms]
   [Code Root Purge: 0.0 ms]
   [Clear CT: 0.1 ms]
   [Other: 0.5 ms]
      [Choose CSet: 0.0 ms]
      [Ref Proc: 0.0 ms]
      [Ref Enq: 0.0 ms]
      [Redirty Cards: 0.1 ms]
      [Humongous Register: 0.0 ms]
      [Humongous Reclaim: 0.0 ms]
      [Free CSet: 0.1 ms]
   [Eden: 45.0M(45.0M)->0.0B(47.0M) Survivors: 6144.0K->4096.0K Heap: 365.5M(1024.0M)->320.5M(1024.0M)]
 [Times: user=0.03 sys=0.00, real=0.03 secs] 
2016-12-19T22:38:49.594+0100: 6833.939: [GC pause (G1 Evacuation Pause) (young), 0.0228229 secs]
   [Parallel Time: 22.4 ms, GC Workers: 1]
      [GC Worker Start (ms):  6833939.5]
      [Ext Root Scanning (ms):  1.0]
      [Update RS (ms):  3.2]
         [Processed Buffers:  38]
      [Scan RS (ms):  4.8]
      [Code Root Scanning (ms):  0.0]
      [Object Copy (ms):  13.2]
      [Termination (ms):  0.0]
         [Termination Attempts:  1]
      [GC Worker Other (ms):  0.0]
      [GC Worker Total (ms):  22.3]
      [GC Worker End (ms):  6833961.8]
   [Code Root Fixup: 0.0 ms]
   [Code Root Purge: 0.0 ms]
   [Clear CT: 0.0 ms]
   [Other: 0.4 ms]
      [Choose CSet: 0.0 ms]
      [Ref Proc: 0.0 ms]
      [Ref Enq: 0.0 ms]
      [Redirty Cards: 0.0 ms]
      [Humongous Register: 0.0 ms]
      [Humongous Reclaim: 0.0 ms]
      [Free CSet: 0.1 ms]
   [Eden: 47.0M(47.0M)->0.0B(45.0M) Survivors: 4096.0K->6144.0K Heap: 367.5M(1024.0M)->322.0M(1024.0M)]
 [Times: user=0.03 sys=0.00, real=0.02 secs] 
2016-12-19T22:39:12.837+0100: 6857.183: [GC pause (G1 Evacuation Pause) (young), 0.0227924 secs]
   [Parallel Time: 22.3 ms, GC Workers: 1]
      [GC Worker Start (ms):  6857182.8]
      [Ext Root Scanning (ms):  1.2]
      [Update RS (ms):  2.6]
         [Processed Buffers:  37]
      [Scan RS (ms):  5.4]
      [Code Root Scanning (ms):  0.0]
      [Object Copy (ms):  13.0]
      [Termination (ms):  0.0]
         [Termination Attempts:  1]
      [GC Worker Other (ms):  0.0]
      [GC Worker Total (ms):  22.3]
      [GC Worker End (ms):  6857205.1]
   [Code Root Fixup: 0.0 ms]
   [Code Root Purge: 0.0 ms]
   [Clear CT: 0.0 ms]
   [Other: 0.4 ms]
      [Choose CSet: 0.0 ms]
      [Ref Proc: 0.0 ms]
      [Ref Enq: 0.0 ms]
      [Redirty Cards: 0.0 ms]
      [Humongous Register: 0.0 ms]
      [Humongous Reclaim: 0.0 ms]
      [Free CSet: 0.1 ms]
   [Eden: 45.0M(45.0M)->0.0B(47.0M) Survivors: 6144.0K->4096.0K Heap: 367.0M(1024.0M)->321.7M(1024.0M)]
 [Times: user=0.02 sys=0.00, real=0.03 secs] 
2016-12-19T22:39:38.555+0100: 6882.901: [GC pause (G1 Evacuation Pause) (young), 0.0230313 secs]
   [Parallel Time: 22.5 ms, GC Workers: 1]
      [GC Worker Start (ms):  6882901.0]
      [Ext Root Scanning (ms):  1.5]
      [Update RS (ms):  3.7]
         [Processed Buffers:  36]
      [Scan RS (ms):  4.7]
      [Code Root Scanning (ms):  0.0]
      [Object Copy (ms):  12.7]
      [Termination (ms):  0.0]
         [Termination Attempts:  1]
      [GC Worker Other (ms):  0.0]
      [GC Worker Total (ms):  22.5]
      [GC Worker End (ms):  6882923.5]
   [Code Root Fixup: 0.0 ms]
   [Code Root Purge: 0.0 ms]
   [Clear CT: 0.0 ms]
   [Other: 0.4 ms]
      [Choose CSet: 0.0 ms]
      [Ref Proc: 0.0 ms]
      [Ref Enq: 0.0 ms]
      [Redirty Cards: 0.0 ms]
      [Humongous Register: 0.0 ms]
      [Humongous Reclaim: 0.0 ms]
      [Free CSet: 0.1 ms]
   [Eden: 47.0M(47.0M)->0.0B(45.0M) Survivors: 4096.0K->6144.0K Heap: 368.7M(1024.0M)->323.2M(1024.0M)]
 [Times: user=0.02 sys=0.00, real=0.02 secs] 
2016-12-19T22:40:05.809+0100: 6910.155: [GC pause (G1 Evacuation Pause) (young), 0.0257204 secs]
   [Parallel Time: 25.3 ms, GC Workers: 1]
      [GC Worker Start (ms):  6910154.6]
      [Ext Root Scanning (ms):  0.9]
      [Update RS (ms):  4.1]
         [Processed Buffers:  37]
      [Scan RS (ms):  5.7]
      [Code Root Scanning (ms):  0.0]
      [Object Copy (ms):  14.6]
      [Termination (ms):  0.0]
         [Termination Attempts:  1]
      [GC Worker Other (ms):  0.0]
      [GC Worker Total (ms):  25.3]
      [GC Worker End (ms):  6910179.9]
   [Code Root Fixup: 0.0 ms]
   [Code Root Purge: 0.0 ms]
   [Clear CT: 0.0 ms]
   [Other: 0.3 ms]
      [Choose CSet: 0.0 ms]
      [Ref Proc: 0.0 ms]
      [Ref Enq: 0.0 ms]
      [Redirty Cards: 0.0 ms]
      [Humongous Register: 0.0 ms]
      [Humongous Reclaim: 0.0 ms]
      [Free CSet: 0.1 ms]
   [Eden: 45.0M(45.0M)->0.0B(47.0M) Survivors: 6144.0K->4096.0K Heap: 368.2M(1024.0M)->323.2M(1024.0M)]
 [Times: user=0.02 sys=0.00, real=0.02 secs] 
2016-12-19T22:40:32.749+0100: 6937.095: [GC pause (G1 Evacuation Pause) (young), 0.0207179 secs]
   [Parallel Time: 20.1 ms, GC Workers: 1]
      [GC Worker Start (ms):  6937094.9]
      [Ext Root Scanning (ms):  1.0]
      [Update RS (ms):  2.7]
         [Processed Buffers:  36]
      [Scan RS (ms):  4.8]
      [Code Root Scanning (ms):  0.0]
      [Object Copy (ms):  11.4]
      [Termination (ms):  0.0]
         [Termination Attempts:  1]
      [GC Worker Other (ms):  0.0]
      [GC Worker Total (ms):  20.0]
      [GC Worker End (ms):  6937114.9]
   [Code Root Fixup: 0.1 ms]
   [Code Root Purge: 0.0 ms]
   [Clear CT: 0.1 ms]
   [Other: 0.5 ms]
      [Choose CSet: 0.0 ms]
      [Ref Proc: 0.0 ms]
      [Ref Enq: 0.0 ms]
      [Redirty Cards: 0.1 ms]
      [Humongous Register: 0.1 ms]
      [Humongous Reclaim: 0.0 ms]
      [Free CSet: 0.1 ms]
   [Eden: 47.0M(47.0M)->0.0B(46.0M) Survivors: 4096.0K->5120.0K Heap: 370.2M(1024.0M)->324.7M(1024.0M)]
 [Times: user=0.02 sys=0.00, real=0.02 secs] 
2016-12-19T22:40:58.909+0100: 6963.254: [GC pause (G1 Evacuation Pause) (young), 0.0279901 secs]
   [Parallel Time: 27.4 ms, GC Workers: 1]
      [GC Worker Start (ms):  6963254.7]
      [Ext Root Scanning (ms):  1.4]
      [Update RS (ms):  5.2]
         [Processed Buffers:  38]
      [Scan RS (ms):  4.7]
      [Code Root Scanning (ms):  0.0]
      [Object Copy (ms):  16.0]
      [Termination (ms):  0.0]
         [Termination Attempts:  1]
      [GC Worker Other (ms):  0.0]
      [GC Worker Total (ms):  27.4]
      [GC Worker End (ms):  6963282.1]
   [Code Root Fixup: 0.1 ms]
   [Code Root Purge: 0.0 ms]
   [Clear CT: 0.0 ms]
   [Other: 0.5 ms]
      [Choose CSet: 0.0 ms]
      [Ref Proc: 0.0 ms]
      [Ref Enq: 0.0 ms]
      [Redirty Cards: 0.0 ms]
      [Humongous Register: 0.1 ms]
      [Humongous Reclaim: 0.0 ms]
      [Free CSet: 0.1 ms]
   [Eden: 46.0M(46.0M)->0.0B(47.0M) Survivors: 5120.0K->4096.0K Heap: 370.7M(1024.0M)->325.7M(1024.0M)]
 [Times: user=0.03 sys=0.00, real=0.02 secs] 
2016-12-19T22:41:25.638+0100: 6989.984: [GC pause (G1 Evacuation Pause) (young), 0.0299326 secs]
   [Parallel Time: 24.9 ms, GC Workers: 1]
      [GC Worker Start (ms):  6989988.6]
      [Ext Root Scanning (ms):  3.7]
      [Update RS (ms):  3.2]
         [Processed Buffers:  36]
      [Scan RS (ms):  6.4]
      [Code Root Scanning (ms):  0.0]
      [Object Copy (ms):  11.6]
      [Termination (ms):  0.0]
         [Termination Attempts:  1]
      [GC Worker Other (ms):  0.0]
      [GC Worker Total (ms):  24.9]
      [GC Worker End (ms):  6990013.5]
   [Code Root Fixup: 0.1 ms]
   [Code Root Purge: 0.0 ms]
   [Clear CT: 0.0 ms]
   [Other: 4.9 ms]
      [Choose CSet: 0.0 ms]
      [Ref Proc: 0.0 ms]
      [Ref Enq: 0.0 ms]
      [Redirty Cards: 0.0 ms]
      [Humongous Register: 4.5 ms]
      [Humongous Reclaim: 0.0 ms]
      [Free CSet: 0.1 ms]
   [Eden: 47.0M(47.0M)->0.0B(47.0M) Survivors: 4096.0K->4096.0K Heap: 372.7M(1024.0M)->325.7M(1024.0M)]
 [Times: user=0.03 sys=0.00, real=0.04 secs] 
2016-12-19T22:41:51.829+0100: 7016.174: [GC pause (G1 Evacuation Pause) (young), 0.0448609 secs]
   [Parallel Time: 44.3 ms, GC Workers: 1]
      [GC Worker Start (ms):  7016174.3]
      [Ext Root Scanning (ms):  6.2]
      [Update RS (ms):  8.4]
         [Processed Buffers:  37]
      [Scan RS (ms):  5.6]
      [Code Root Scanning (ms):  0.0]
      [Object Copy (ms):  24.0]
      [Termination (ms):  0.0]
         [Termination Attempts:  1]
      [GC Worker Other (ms):  0.0]
      [GC Worker Total (ms):  44.2]
      [GC Worker End (ms):  7016218.5]
   [Code Root Fixup: 0.0 ms]
   [Code Root Purge: 0.0 ms]
   [Clear CT: 0.0 ms]
   [Other: 0.5 ms]
      [Choose CSet: 0.0 ms]
      [Ref Proc: 0.0 ms]
      [Ref Enq: 0.0 ms]
      [Redirty Cards: 0.0 ms]
      [Humongous Register: 0.1 ms]
      [Humongous Reclaim: 0.0 ms]
      [Free CSet: 0.1 ms]
   [Eden: 47.0M(47.0M)->0.0B(46.0M) Survivors: 4096.0K->5120.0K Heap: 372.7M(1024.0M)->326.7M(1024.0M)]
 [Times: user=0.04 sys=0.00, real=0.04 secs] 
2016-12-19T22:42:19.638+0100: 7043.984: [GC pause (G1 Evacuation Pause) (young), 0.0223863 secs]
   [Parallel Time: 21.9 ms, GC Workers: 1]
      [GC Worker Start (ms):  7043984.1]
      [Ext Root Scanning (ms):  1.2]
      [Update RS (ms):  2.6]
         [Processed Buffers:  38]
      [Scan RS (ms):  4.3]
      [Code Root Scanning (ms):  0.0]
      [Object Copy (ms):  13.7]
      [Termination (ms):  0.0]
         [Termination Attempts:  1]
      [GC Worker Other (ms):  0.0]
      [GC Worker Total (ms):  21.8]
      [GC Worker End (ms):  7044005.9]
   [Code Root Fixup: 0.1 ms]
   [Code Root Purge: 0.0 ms]
   [Clear CT: 0.1 ms]
   [Other: 0.4 ms]
      [Choose CSet: 0.0 ms]
      [Ref Proc: 0.0 ms]
      [Ref Enq: 0.0 ms]
      [Redirty Cards: 0.0 ms]
      [Humongous Register: 0.0 ms]
      [Humongous Reclaim: 0.0 ms]
      [Free CSet: 0.1 ms]
   [Eden: 46.0M(46.0M)->0.0B(47.0M) Survivors: 5120.0K->4096.0K Heap: 372.7M(1024.0M)->326.9M(1024.0M)]
 [Times: user=0.02 sys=0.00, real=0.03 secs] 
2016-12-19T22:42:43.200+0100: 7067.545: [GC pause (G1 Evacuation Pause) (young), 0.0225455 secs]
   [Parallel Time: 22.1 ms, GC Workers: 1]
      [GC Worker Start (ms):  7067545.4]
      [Ext Root Scanning (ms):  1.1]
      [Update RS (ms):  3.0]
         [Processed Buffers:  37]
      [Scan RS (ms):  4.9]
      [Code Root Scanning (ms):  0.0]
      [Object Copy (ms):  13.0]
      [Termination (ms):  0.0]
         [Termination Attempts:  1]
      [GC Worker Other (ms):  0.0]
      [GC Worker Total (ms):  22.0]
      [GC Worker End (ms):  7067567.4]
   [Code Root Fixup: 0.1 ms]
   [Code Root Purge: 0.0 ms]
   [Clear CT: 0.0 ms]
   [Other: 0.4 ms]
      [Choose CSet: 0.0 ms]
      [Ref Proc: 0.0 ms]
      [Ref Enq: 0.0 ms]
      [Redirty Cards: 0.0 ms]
      [Humongous Register: 0.0 ms]
      [Humongous Reclaim: 0.0 ms]
      [Free CSet: 0.1 ms]
   [Eden: 47.0M(47.0M)->0.0B(45.0M) Survivors: 4096.0K->6144.0K Heap: 373.9M(1024.0M)->328.4M(1024.0M)]
 [Times: user=0.02 sys=0.00, real=0.02 secs] 
2016-12-19T22:43:08.244+0100: 7092.589: [GC pause (G1 Evacuation Pause) (young), 0.0378048 secs]
   [Parallel Time: 37.0 ms, GC Workers: 1]
      [GC Worker Start (ms):  7092589.5]
      [Ext Root Scanning (ms):  1.3]
      [Update RS (ms):  6.3]
         [Processed Buffers:  38]
      [Scan RS (ms):  8.7]
      [Code Root Scanning (ms):  0.0]
      [Object Copy (ms):  20.7]
      [Termination (ms):  0.0]
         [Termination Attempts:  1]
      [GC Worker Other (ms):  0.0]
      [GC Worker Total (ms):  37.0]
      [GC Worker End (ms):  7092626.5]
   [Code Root Fixup: 0.1 ms]
   [Code Root Purge: 0.0 ms]
   [Clear CT: 0.2 ms]
   [Other: 0.6 ms]
      [Choose CSet: 0.0 ms]
      [Ref Proc: 0.1 ms]
      [Ref Enq: 0.0 ms]
      [Redirty Cards: 0.1 ms]
      [Humongous Register: 0.0 ms]
      [Humongous Reclaim: 0.0 ms]
      [Free CSet: 0.1 ms]
   [Eden: 45.0M(45.0M)->0.0B(47.0M) Survivors: 6144.0K->4096.0K Heap: 373.4M(1024.0M)->328.4M(1024.0M)]
 [Times: user=0.04 sys=0.00, real=0.04 secs] 
2016-12-19T22:43:34.806+0100: 7119.151: [GC pause (G1 Evacuation Pause) (young), 0.0376481 secs]
   [Parallel Time: 37.1 ms, GC Workers: 1]
      [GC Worker Start (ms):  7119151.5]
      [Ext Root Scanning (ms):  2.7]
      [Update RS (ms):  7.1]
         [Processed Buffers:  36]
      [Scan RS (ms):  13.6]
      [Code Root Scanning (ms):  0.0]
      [Object Copy (ms):  13.8]
      [Termination (ms):  0.0]
         [Termination Attempts:  1]
      [GC Worker Other (ms):  0.0]
      [GC Worker Total (ms):  37.1]
      [GC Worker End (ms):  7119188.6]
   [Code Root Fixup: 0.1 ms]
   [Code Root Purge: 0.0 ms]
   [Clear CT: 0.0 ms]
   [Other: 0.4 ms]
      [Choose CSet: 0.0 ms]
      [Ref Proc: 0.0 ms]
      [Ref Enq: 0.0 ms]
      [Redirty Cards: 0.0 ms]
      [Humongous Register: 0.1 ms]
      [Humongous Reclaim: 0.0 ms]
      [Free CSet: 0.1 ms]
   [Eden: 47.0M(47.0M)->0.0B(45.0M) Survivors: 4096.0K->6144.0K Heap: 375.4M(1024.0M)->329.9M(1024.0M)]
 [Times: user=0.03 sys=0.00, real=0.04 secs] 
2016-12-19T22:43:59.794+0100: 7144.140: [GC pause (G1 Evacuation Pause) (young), 0.0842341 secs]
   [Parallel Time: 83.2 ms, GC Workers: 1]
      [GC Worker Start (ms):  7144140.4]
      [Ext Root Scanning (ms):  3.5]
      [Update RS (ms):  15.9]
         [Processed Buffers:  38]
      [Scan RS (ms):  24.5]
      [Code Root Scanning (ms):  0.0]
      [Object Copy (ms):  39.0]
      [Termination (ms):  0.0]
         [Termination Attempts:  1]
      [GC Worker Other (ms):  0.0]
      [GC Worker Total (ms):  82.9]
      [GC Worker End (ms):  7144223.3]
   [Code Root Fixup: 0.1 ms]
   [Code Root Purge: 0.0 ms]
   [Clear CT: 0.1 ms]
   [Other: 0.9 ms]
      [Choose CSet: 0.0 ms]
      [Ref Proc: 0.0 ms]
      [Ref Enq: 0.0 ms]
      [Redirty Cards: 0.1 ms]
      [Humongous Register: 0.1 ms]
      [Humongous Reclaim: 0.2 ms]
      [Free CSet: 0.2 ms]
   [Eden: 45.0M(45.0M)->0.0B(47.0M) Survivors: 6144.0K->4096.0K Heap: 374.9M(1024.0M)->330.0M(1024.0M)]
 [Times: user=0.07 sys=0.00, real=0.08 secs] 
2016-12-19T22:44:24.512+0100: 7168.858: [GC pause (G1 Evacuation Pause) (young), 0.0339694 secs]
   [Parallel Time: 33.4 ms, GC Workers: 1]
      [GC Worker Start (ms):  7168857.9]
      [Ext Root Scanning (ms):  5.5]
      [Update RS (ms):  6.0]
         [Processed Buffers:  37]
      [Scan RS (ms):  7.0]
      [Code Root Scanning (ms):  0.0]
      [Object Copy (ms):  14.8]
      [Termination (ms):  0.0]
         [Termination Attempts:  1]
      [GC Worker Other (ms):  0.0]
      [GC Worker Total (ms):  33.3]
      [GC Worker End (ms):  7168891.3]
   [Code Root Fixup: 0.1 ms]
   [Code Root Purge: 0.0 ms]
   [Clear CT: 0.0 ms]
   [Other: 0.5 ms]
      [Choose CSet: 0.0 ms]
      [Ref Proc: 0.0 ms]
      [Ref Enq: 0.0 ms]
      [Redirty Cards: 0.0 ms]
      [Humongous Register: 0.0 ms]
      [Humongous Reclaim: 0.0 ms]
      [Free CSet: 0.1 ms]
   [Eden: 47.0M(47.0M)->0.0B(45.0M) Survivors: 4096.0K->6144.0K Heap: 377.0M(1024.0M)->331.5M(1024.0M)]
 [Times: user=0.02 sys=0.00, real=0.03 secs] 
2016-12-19T22:44:46.499+0100: 7190.844: [GC pause (G1 Evacuation Pause) (young), 0.0428567 secs]
   [Parallel Time: 42.2 ms, GC Workers: 1]
      [GC Worker Start (ms):  7190844.6]
      [Ext Root Scanning (ms):  2.9]
      [Update RS (ms):  5.8]
         [Processed Buffers:  40]
      [Scan RS (ms):  6.5]
      [Code Root Scanning (ms):  0.0]
      [Object Copy (ms):  26.7]
      [Termination (ms):  0.0]
         [Termination Attempts:  1]
      [GC Worker Other (ms):  0.1]
      [GC Worker Total (ms):  42.2]
      [GC Worker End (ms):  7190886.8]
   [Code Root Fixup: 0.1 ms]
   [Code Root Purge: 0.0 ms]
   [Clear CT: 0.0 ms]
   [Other: 0.5 ms]
      [Choose CSet: 0.0 ms]
      [Ref Proc: 0.0 ms]
      [Ref Enq: 0.0 ms]
      [Redirty Cards: 0.0 ms]
      [Humongous Register: 0.2 ms]
      [Humongous Reclaim: 0.0 ms]
      [Free CSet: 0.0 ms]
   [Eden: 45.0M(45.0M)->0.0B(47.0M) Survivors: 6144.0K->4096.0K Heap: 376.5M(1024.0M)->331.5M(1024.0M)]
 [Times: user=0.04 sys=0.00, real=0.05 secs] 
2016-12-19T22:45:08.060+0100: 7212.406: [GC pause (G1 Evacuation Pause) (young), 0.0363945 secs]
   [Parallel Time: 35.7 ms, GC Workers: 1]
      [GC Worker Start (ms):  7212406.1]
      [Ext Root Scanning (ms):  3.4]
      [Update RS (ms):  3.6]
         [Processed Buffers:  39]
      [Scan RS (ms):  7.7]
      [Code Root Scanning (ms):  0.0]
      [Object Copy (ms):  20.9]
      [Termination (ms):  0.0]
         [Termination Attempts:  1]
      [GC Worker Other (ms):  0.0]
      [GC Worker Total (ms):  35.7]
      [GC Worker End (ms):  7212441.8]
   [Code Root Fixup: 0.0 ms]
   [Code Root Purge: 0.0 ms]
   [Clear CT: 0.0 ms]
   [Other: 0.6 ms]
      [Choose CSet: 0.0 ms]
      [Ref Proc: 0.0 ms]
      [Ref Enq: 0.0 ms]
      [Redirty Cards: 0.0 ms]
      [Humongous Register: 0.1 ms]
      [Humongous Reclaim: 0.0 ms]
      [Free CSet: 0.1 ms]
   [Eden: 47.0M(47.0M)->0.0B(44.0M) Survivors: 4096.0K->7168.0K Heap: 378.5M(1024.0M)->336.0M(1024.0M)]
 [Times: user=0.04 sys=0.00, real=0.03 secs] 
2016-12-19T22:45:30.813+0100: 7235.158: [GC pause (G1 Evacuation Pause) (young), 0.0372013 secs]
   [Parallel Time: 36.6 ms, GC Workers: 1]
      [GC Worker Start (ms):  7235158.3]
      [Ext Root Scanning (ms):  2.2]
      [Update RS (ms):  2.1]
         [Processed Buffers:  37]
      [Scan RS (ms):  7.3]
      [Code Root Scanning (ms):  0.0]
      [Object Copy (ms):  24.2]
      [Termination (ms):  0.0]
         [Termination Attempts:  1]
      [GC Worker Other (ms):  0.5]
      [GC Worker Total (ms):  36.5]
      [GC Worker End (ms):  7235194.8]
   [Code Root Fixup: 0.1 ms]
   [Code Root Purge: 0.0 ms]
   [Clear CT: 0.1 ms]
   [Other: 0.5 ms]
      [Choose CSet: 0.0 ms]
      [Ref Proc: 0.0 ms]
      [Ref Enq: 0.0 ms]
      [Redirty Cards: 0.1 ms]
      [Humongous Register: 0.2 ms]
      [Humongous Reclaim: 0.0 ms]
      [Free CSet: 0.1 ms]
   [Eden: 44.0M(44.0M)->0.0B(49.0M) Survivors: 7168.0K->2048.0K Heap: 380.0M(1024.0M)->336.9M(1024.0M)]
 [Times: user=0.03 sys=0.01, real=0.04 secs] 
2016-12-19T22:45:56.985+0100: 7261.330: [GC pause (G1 Evacuation Pause) (young), 0.0155149 secs]
   [Parallel Time: 15.1 ms, GC Workers: 1]
      [GC Worker Start (ms):  7261330.3]
      [Ext Root Scanning (ms):  1.0]
      [Update RS (ms):  4.4]
         [Processed Buffers:  38]
      [Scan RS (ms):  2.5]
      [Code Root Scanning (ms):  0.0]
      [Object Copy (ms):  7.1]
      [Termination (ms):  0.0]
         [Termination Attempts:  1]
      [GC Worker Other (ms):  0.0]
      [GC Worker Total (ms):  15.1]
      [GC Worker End (ms):  7261345.4]
   [Code Root Fixup: 0.0 ms]
   [Code Root Purge: 0.0 ms]
   [Clear CT: 0.0 ms]
   [Other: 0.3 ms]
      [Choose CSet: 0.0 ms]
      [Ref Proc: 0.0 ms]
      [Ref Enq: 0.0 ms]
      [Redirty Cards: 0.0 ms]
      [Humongous Register: 0.0 ms]
      [Humongous Reclaim: 0.0 ms]
      [Free CSet: 0.1 ms]
   [Eden: 49.0M(49.0M)->0.0B(48.0M) Survivors: 2048.0K->3072.0K Heap: 385.9M(1024.0M)->338.4M(1024.0M)]
 [Times: user=0.01 sys=0.00, real=0.02 secs] 
2016-12-19T22:46:24.719+0100: 7289.064: [GC pause (G1 Evacuation Pause) (young), 0.0167160 secs]
   [Parallel Time: 16.2 ms, GC Workers: 1]
      [GC Worker Start (ms):  7289064.5]
      [Ext Root Scanning (ms):  1.3]
      [Update RS (ms):  3.3]
         [Processed Buffers:  38]
      [Scan RS (ms):  2.1]
      [Code Root Scanning (ms):  0.0]
      [Object Copy (ms):  9.5]
      [Termination (ms):  0.0]
         [Termination Attempts:  1]
      [GC Worker Other (ms):  0.0]
      [GC Worker Total (ms):  16.2]
      [GC Worker End (ms):  7289080.7]
   [Code Root Fixup: 0.1 ms]
   [Code Root Purge: 0.0 ms]
   [Clear CT: 0.0 ms]
   [Other: 0.4 ms]
      [Choose CSet: 0.0 ms]
      [Ref Proc: 0.0 ms]
      [Ref Enq: 0.0 ms]
      [Redirty Cards: 0.0 ms]
      [Humongous Register: 0.0 ms]
      [Humongous Reclaim: 0.0 ms]
      [Free CSet: 0.1 ms]
   [Eden: 48.0M(48.0M)->0.0B(48.0M) Survivors: 3072.0K->3072.0K Heap: 386.4M(1024.0M)->338.4M(1024.0M)]
 [Times: user=0.01 sys=0.00, real=0.02 secs] 
2016-12-19T22:46:49.722+0100: 7314.068: [GC pause (G1 Evacuation Pause) (young), 0.0141148 secs]
   [Parallel Time: 13.7 ms, GC Workers: 1]
      [GC Worker Start (ms):  7314068.0]
      [Ext Root Scanning (ms):  1.2]
      [Update RS (ms):  2.7]
         [Processed Buffers:  37]
      [Scan RS (ms):  1.6]
      [Code Root Scanning (ms):  0.0]
      [Object Copy (ms):  8.2]
      [Termination (ms):  0.0]
         [Termination Attempts:  1]
      [GC Worker Other (ms):  0.0]
      [GC Worker Total (ms):  13.7]
      [GC Worker End (ms):  7314081.7]
   [Code Root Fixup: 0.1 ms]
   [Code Root Purge: 0.0 ms]
   [Clear CT: 0.0 ms]
   [Other: 0.3 ms]
      [Choose CSet: 0.0 ms]
      [Ref Proc: 0.0 ms]
      [Ref Enq: 0.0 ms]
      [Redirty Cards: 0.0 ms]
      [Humongous Register: 0.0 ms]
      [Humongous Reclaim: 0.0 ms]
      [Free CSet: 0.0 ms]
   [Eden: 48.0M(48.0M)->0.0B(48.0M) Survivors: 3072.0K->3072.0K Heap: 386.4M(1024.0M)->338.4M(1024.0M)]
 [Times: user=0.01 sys=0.00, real=0.01 secs] 
2016-12-19T22:47:14.671+0100: 7339.017: [GC pause (G1 Evacuation Pause) (young), 0.0161055 secs]
   [Parallel Time: 15.7 ms, GC Workers: 1]
      [GC Worker Start (ms):  7339017.0]
      [Ext Root Scanning (ms):  1.1]
      [Update RS (ms):  2.5]
         [Processed Buffers:  38]
      [Scan RS (ms):  1.2]
      [Code Root Scanning (ms):  0.0]
      [Object Copy (ms):  10.8]
      [Termination (ms):  0.0]
         [Termination Attempts:  1]
      [GC Worker Other (ms):  0.0]
      [GC Worker Total (ms):  15.6]
      [GC Worker End (ms):  7339032.6]
   [Code Root Fixup: 0.1 ms]
   [Code Root Purge: 0.0 ms]
   [Clear CT: 0.0 ms]
   [Other: 0.3 ms]
      [Choose CSet: 0.0 ms]
      [Ref Proc: 0.0 ms]
      [Ref Enq: 0.0 ms]
      [Redirty Cards: 0.0 ms]
      [Humongous Register: 0.0 ms]
      [Humongous Reclaim: 0.0 ms]
      [Free CSet: 0.0 ms]
   [Eden: 48.0M(48.0M)->0.0B(46.0M) Survivors: 3072.0K->5120.0K Heap: 386.4M(1024.0M)->339.9M(1024.0M)]
 [Times: user=0.01 sys=0.00, real=0.02 secs] 
2016-12-19T22:47:39.098+0100: 7363.444: [GC pause (G1 Evacuation Pause) (young), 0.0175980 secs]
   [Parallel Time: 16.7 ms, GC Workers: 1]
      [GC Worker Start (ms):  7363444.0]
      [Ext Root Scanning (ms):  1.4]
      [Update RS (ms):  2.5]
         [Processed Buffers:  37]
      [Scan RS (ms):  1.3]
      [Code Root Scanning (ms):  0.0]
      [Object Copy (ms):  11.3]
      [Termination (ms):  0.0]
         [Termination Attempts:  1]
      [GC Worker Other (ms):  0.0]
      [GC Worker Total (ms):  16.6]
      [GC Worker End (ms):  7363460.6]
   [Code Root Fixup: 0.1 ms]
   [Code Root Purge: 0.0 ms]
   [Clear CT: 0.1 ms]
   [Other: 0.6 ms]
      [Choose CSet: 0.0 ms]
      [Ref Proc: 0.2 ms]
      [Ref Enq: 0.0 ms]
      [Redirty Cards: 0.0 ms]
      [Humongous Register: 0.0 ms]
      [Humongous Reclaim: 0.0 ms]
      [Free CSet: 0.1 ms]
   [Eden: 46.0M(46.0M)->0.0B(47.0M) Survivors: 5120.0K->4096.0K Heap: 385.9M(1024.0M)->339.8M(1024.0M)]
 [Times: user=0.02 sys=0.00, real=0.02 secs] 
2016-12-19T22:48:03.484+0100: 7387.830: [GC pause (G1 Evacuation Pause) (young), 0.0481022 secs]
   [Parallel Time: 47.0 ms, GC Workers: 1]
      [GC Worker Start (ms):  7387829.9]
      [Ext Root Scanning (ms):  1.8]
      [Update RS (ms):  3.9]
         [Processed Buffers:  37]
      [Scan RS (ms):  3.0]
      [Code Root Scanning (ms):  0.0]
      [Object Copy (ms):  38.2]
      [Termination (ms):  0.0]
         [Termination Attempts:  1]
      [GC Worker Other (ms):  0.0]
      [GC Worker Total (ms):  46.9]
      [GC Worker End (ms):  7387876.8]
   [Code Root Fixup: 0.3 ms]
   [Code Root Purge: 0.0 ms]
   [Clear CT: 0.0 ms]
   [Other: 0.8 ms]
      [Choose CSet: 0.0 ms]
      [Ref Proc: 0.1 ms]
      [Ref Enq: 0.0 ms]
      [Redirty Cards: 0.1 ms]
      [Humongous Register: 0.1 ms]
      [Humongous Reclaim: 0.0 ms]
      [Free CSet: 0.1 ms]
   [Eden: 47.0M(47.0M)->0.0B(45.0M) Survivors: 4096.0K->6144.0K Heap: 386.8M(1024.0M)->341.3M(1024.0M)]
 [Times: user=0.05 sys=0.01, real=0.05 secs] 
2016-12-19T22:48:27.785+0100: 7412.130: [GC pause (G1 Evacuation Pause) (young), 0.0240070 secs]
   [Parallel Time: 23.2 ms, GC Workers: 1]
      [GC Worker Start (ms):  7412130.5]
      [Ext Root Scanning (ms):  1.7]
      [Update RS (ms):  2.4]
         [Processed Buffers:  35]
      [Scan RS (ms):  2.8]
      [Code Root Scanning (ms):  0.0]
      [Object Copy (ms):  16.0]
      [Termination (ms):  0.0]
         [Termination Attempts:  1]
      [GC Worker Other (ms):  0.1]
      [GC Worker Total (ms):  23.1]
      [GC Worker End (ms):  7412153.7]
   [Code Root Fixup: 0.1 ms]
   [Code Root Purge: 0.0 ms]
   [Clear CT: 0.1 ms]
   [Other: 0.6 ms]
      [Choose CSet: 0.0 ms]
      [Ref Proc: 0.1 ms]
      [Ref Enq: 0.0 ms]
      [Redirty Cards: 0.0 ms]
      [Humongous Register: 0.1 ms]
      [Humongous Reclaim: 0.1 ms]
      [Free CSet: 0.1 ms]
   [Eden: 45.0M(45.0M)->0.0B(47.0M) Survivors: 6144.0K->4096.0K Heap: 386.3M(1024.0M)->341.1M(1024.0M)]
 [Times: user=0.02 sys=0.00, real=0.03 secs] 
2016-12-19T22:48:51.076+0100: 7435.421: [GC pause (G1 Evacuation Pause) (young), 0.0291805 secs]
   [Parallel Time: 28.7 ms, GC Workers: 1]
      [GC Worker Start (ms):  7435421.6]
      [Ext Root Scanning (ms):  1.5]
      [Update RS (ms):  3.3]
         [Processed Buffers:  37]
      [Scan RS (ms):  7.2]
      [Code Root Scanning (ms):  0.0]
      [Object Copy (ms):  16.7]
      [Termination (ms):  0.0]
         [Termination Attempts:  1]
      [GC Worker Other (ms):  0.0]
      [GC Worker Total (ms):  28.7]
      [GC Worker End (ms):  7435450.3]
   [Code Root Fixup: 0.0 ms]
   [Code Root Purge: 0.0 ms]
   [Clear CT: 0.0 ms]
   [Other: 0.4 ms]
      [Choose CSet: 0.0 ms]
      [Ref Proc: 0.0 ms]
      [Ref Enq: 0.0 ms]
      [Redirty Cards: 0.0 ms]
      [Humongous Register: 0.1 ms]
      [Humongous Reclaim: 0.0 ms]
      [Free CSet: 0.0 ms]
   [Eden: 47.0M(47.0M)->0.0B(45.0M) Survivors: 4096.0K->6144.0K Heap: 388.1M(1024.0M)->342.6M(1024.0M)]
 [Times: user=0.02 sys=0.00, real=0.03 secs] 
2016-12-19T22:49:14.048+0100: 7458.393: [GC pause (G1 Evacuation Pause) (young), 0.0318728 secs]
   [Parallel Time: 31.0 ms, GC Workers: 1]
      [GC Worker Start (ms):  7458393.5]
      [Ext Root Scanning (ms):  1.1]
      [Update RS (ms):  2.4]
         [Processed Buffers:  38]
      [Scan RS (ms):  2.3]
      [Code Root Scanning (ms):  0.0]
      [Object Copy (ms):  25.1]
      [Termination (ms):  0.0]
         [Termination Attempts:  1]
      [GC Worker Other (ms):  0.0]
      [GC Worker Total (ms):  31.0]
      [GC Worker End (ms):  7458424.5]
   [Code Root Fixup: 0.0 ms]
   [Code Root Purge: 0.0 ms]
   [Clear CT: 0.1 ms]
   [Other: 0.7 ms]
      [Choose CSet: 0.0 ms]
      [Ref Proc: 0.1 ms]
      [Ref Enq: 0.0 ms]
      [Redirty Cards: 0.1 ms]
      [Humongous Register: 0.1 ms]
      [Humongous Reclaim: 0.0 ms]
      [Free CSet: 0.1 ms]
   [Eden: 45.0M(45.0M)->0.0B(47.0M) Survivors: 6144.0K->4096.0K Heap: 387.6M(1024.0M)->342.7M(1024.0M)]
 [Times: user=0.02 sys=0.00, real=0.03 secs] 
2016-12-19T22:49:39.659+0100: 7484.004: [GC pause (G1 Evacuation Pause) (young), 0.0269372 secs]
   [Parallel Time: 26.5 ms, GC Workers: 1]
      [GC Worker Start (ms):  7484004.1]
      [Ext Root Scanning (ms):  1.1]
      [Update RS (ms):  3.7]
         [Processed Buffers:  37]
      [Scan RS (ms):  6.4]
      [Code Root Scanning (ms):  0.0]
      [Object Copy (ms):  15.2]
      [Termination (ms):  0.0]
         [Termination Attempts:  1]
      [GC Worker Other (ms):  0.0]
      [GC Worker Total (ms):  26.4]
      [GC Worker End (ms):  7484030.5]
   [Code Root Fixup: 0.0 ms]
   [Code Root Purge: 0.0 ms]
   [Clear CT: 0.1 ms]
   [Other: 0.4 ms]
      [Choose CSet: 0.0 ms]
      [Ref Proc: 0.0 ms]
      [Ref Enq: 0.0 ms]
      [Redirty Cards: 0.0 ms]
      [Humongous Register: 0.0 ms]
      [Humongous Reclaim: 0.0 ms]
      [Free CSet: 0.1 ms]
   [Eden: 47.0M(47.0M)->0.0B(46.0M) Survivors: 4096.0K->5120.0K Heap: 389.7M(1024.0M)->344.2M(1024.0M)]
 [Times: user=0.03 sys=0.00, real=0.03 secs] 
2016-12-19T22:50:05.214+0100: 7509.560: [GC pause (G1 Evacuation Pause) (young), 0.0495417 secs]
   [Parallel Time: 48.9 ms, GC Workers: 1]
      [GC Worker Start (ms):  7509560.5]
      [Ext Root Scanning (ms):  1.8]
      [Update RS (ms):  8.7]
         [Processed Buffers:  37]
      [Scan RS (ms):  13.4]
      [Code Root Scanning (ms):  0.0]
      [Object Copy (ms):  24.4]
      [Termination (ms):  0.0]
         [Termination Attempts:  1]
      [GC Worker Other (ms):  0.0]
      [GC Worker Total (ms):  48.5]
      [GC Worker End (ms):  7509609.0]
   [Code Root Fixup: 0.0 ms]
   [Code Root Purge: 0.0 ms]
   [Clear CT: 0.0 ms]
   [Other: 0.6 ms]
      [Choose CSet: 0.0 ms]
      [Ref Proc: 0.1 ms]
      [Ref Enq: 0.0 ms]
      [Redirty Cards: 0.0 ms]
      [Humongous Register: 0.1 ms]
      [Humongous Reclaim: 0.0 ms]
      [Free CSet: 0.1 ms]
   [Eden: 46.0M(46.0M)->0.0B(47.0M) Survivors: 5120.0K->4096.0K Heap: 390.2M(1024.0M)->344.7M(1024.0M)]
 [Times: user=0.04 sys=0.00, real=0.05 secs] 
2016-12-19T22:50:30.287+0100: 7534.633: [GC pause (G1 Evacuation Pause) (young), 0.0377241 secs]
   [Parallel Time: 37.0 ms, GC Workers: 1]
      [GC Worker Start (ms):  7534632.9]
      [Ext Root Scanning (ms):  1.4]
      [Update RS (ms):  5.2]
         [Processed Buffers:  34]
      [Scan RS (ms):  7.0]
      [Code Root Scanning (ms):  0.0]
      [Object Copy (ms):  23.3]
      [Termination (ms):  0.0]
         [Termination Attempts:  1]
      [GC Worker Other (ms):  0.0]
      [GC Worker Total (ms):  37.0]
      [GC Worker End (ms):  7534669.9]
   [Code Root Fixup: 0.2 ms]
   [Code Root Purge: 0.0 ms]
   [Clear CT: 0.1 ms]
   [Other: 0.4 ms]
      [Choose CSet: 0.0 ms]
      [Ref Proc: 0.0 ms]
      [Ref Enq: 0.0 ms]
      [Redirty Cards: 0.0 ms]
      [Humongous Register: 0.1 ms]
      [Humongous Reclaim: 0.0 ms]
      [Free CSet: 0.1 ms]
   [Eden: 47.0M(47.0M)->0.0B(47.0M) Survivors: 4096.0K->4096.0K Heap: 391.7M(1024.0M)->344.7M(1024.0M)]
 [Times: user=0.04 sys=0.00, real=0.03 secs] 
2016-12-19T22:50:55.326+0100: 7559.671: [GC pause (G1 Evacuation Pause) (young), 0.0227652 secs]
   [Parallel Time: 22.2 ms, GC Workers: 1]
      [GC Worker Start (ms):  7559671.4]
      [Ext Root Scanning (ms):  1.2]
      [Update RS (ms):  5.4]
         [Processed Buffers:  34]
      [Scan RS (ms):  3.7]
      [Code Root Scanning (ms):  0.0]
      [Object Copy (ms):  11.9]
      [Termination (ms):  0.0]
         [Termination Attempts:  1]
      [GC Worker Other (ms):  0.0]
      [GC Worker Total (ms):  22.2]
      [GC Worker End (ms):  7559693.5]
   [Code Root Fixup: 0.0 ms]
   [Code Root Purge: 0.0 ms]
   [Clear CT: 0.0 ms]
   [Other: 0.5 ms]
      [Choose CSet: 0.0 ms]
      [Ref Proc: 0.0 ms]
      [Ref Enq: 0.0 ms]
      [Redirty Cards: 0.0 ms]
      [Humongous Register: 0.2 ms]
      [Humongous Reclaim: 0.0 ms]
      [Free CSet: 0.0 ms]
   [Eden: 47.0M(47.0M)->0.0B(46.0M) Survivors: 4096.0K->5120.0K Heap: 391.7M(1024.0M)->345.7M(1024.0M)]
 [Times: user=0.02 sys=0.00, real=0.03 secs] 
2016-12-19T22:51:20.368+0100: 7584.714: [GC pause (G1 Evacuation Pause) (young), 0.0271674 secs]
   [Parallel Time: 26.6 ms, GC Workers: 1]
      [GC Worker Start (ms):  7584714.1]
      [Ext Root Scanning (ms):  1.8]
      [Update RS (ms):  5.7]
         [Processed Buffers:  35]
      [Scan RS (ms):  4.9]
      [Code Root Scanning (ms):  0.0]
      [Object Copy (ms):  14.1]
      [Termination (ms):  0.0]
         [Termination Attempts:  1]
      [GC Worker Other (ms):  0.0]
      [GC Worker Total (ms):  26.6]
      [GC Worker End (ms):  7584740.7]
   [Code Root Fixup: 0.0 ms]
   [Code Root Purge: 0.0 ms]
   [Clear CT: 0.0 ms]
   [Other: 0.5 ms]
      [Choose CSet: 0.0 ms]
      [Ref Proc: 0.0 ms]
      [Ref Enq: 0.0 ms]
      [Redirty Cards: 0.0 ms]
      [Humongous Register: 0.1 ms]
      [Humongous Reclaim: 0.0 ms]
      [Free CSet: 0.1 ms]
   [Eden: 46.0M(46.0M)->0.0B(47.0M) Survivors: 5120.0K->4096.0K Heap: 391.7M(1024.0M)->346.0M(1024.0M)]
 [Times: user=0.02 sys=0.00, real=0.02 secs] 
2016-12-19T22:51:45.589+0100: 7609.934: [GC pause (G1 Evacuation Pause) (young), 0.0251779 secs]
   [Parallel Time: 24.5 ms, GC Workers: 1]
      [GC Worker Start (ms):  7609934.6]
      [Ext Root Scanning (ms):  1.7]
      [Update RS (ms):  2.1]
         [Processed Buffers:  38]
      [Scan RS (ms):  3.6]
      [Code Root Scanning (ms):  0.0]
      [Object Copy (ms):  17.1]
      [Termination (ms):  0.0]
         [Termination Attempts:  1]
      [GC Worker Other (ms):  0.1]
      [GC Worker Total (ms):  24.5]
      [GC Worker End (ms):  7609959.1]
   [Code Root Fixup: 0.0 ms]
   [Code Root Purge: 0.0 ms]
   [Clear CT: 0.0 ms]
   [Other: 0.6 ms]
      [Choose CSet: 0.0 ms]
      [Ref Proc: 0.0 ms]
      [Ref Enq: 0.0 ms]
      [Redirty Cards: 0.0 ms]
      [Humongous Register: 0.1 ms]
      [Humongous Reclaim: 0.0 ms]
      [Free CSet: 0.1 ms]
   [Eden: 47.0M(47.0M)->0.0B(45.0M) Survivors: 4096.0K->6144.0K Heap: 393.0M(1024.0M)->347.5M(1024.0M)]
 [Times: user=0.02 sys=0.00, real=0.02 secs] 
2016-12-19T22:52:10.911+0100: 7635.257: [GC pause (G1 Evacuation Pause) (young), 0.0231327 secs]
   [Parallel Time: 22.5 ms, GC Workers: 1]
      [GC Worker Start (ms):  7635257.0]
      [Ext Root Scanning (ms):  3.5]
      [Update RS (ms):  2.5]
         [Processed Buffers:  34]
      [Scan RS (ms):  3.0]
      [Code Root Scanning (ms):  0.0]
      [Object Copy (ms):  13.4]
      [Termination (ms):  0.0]
         [Termination Attempts:  1]
      [GC Worker Other (ms):  0.0]
      [GC Worker Total (ms):  22.5]
      [GC Worker End (ms):  7635279.5]
   [Code Root Fixup: 0.1 ms]
   [Code Root Purge: 0.0 ms]
   [Clear CT: 0.0 ms]
   [Other: 0.5 ms]
      [Choose CSet: 0.0 ms]
      [Ref Proc: 0.0 ms]
      [Ref Enq: 0.0 ms]
      [Redirty Cards: 0.0 ms]
      [Humongous Register: 0.0 ms]
      [Humongous Reclaim: 0.0 ms]
      [Free CSet: 0.1 ms]
   [Eden: 45.0M(45.0M)->0.0B(47.0M) Survivors: 6144.0K->4096.0K Heap: 392.5M(1024.0M)->347.5M(1024.0M)]
 [Times: user=0.02 sys=0.00, real=0.02 secs] 
2016-12-19T22:52:35.990+0100: 7660.336: [GC pause (G1 Evacuation Pause) (young), 0.0225642 secs]
   [Parallel Time: 21.9 ms, GC Workers: 1]
      [GC Worker Start (ms):  7660335.9]
      [Ext Root Scanning (ms):  1.1]
      [Update RS (ms):  3.1]
         [Processed Buffers:  39]
      [Scan RS (ms):  3.9]
      [Code Root Scanning (ms):  0.0]
      [Object Copy (ms):  13.6]
      [Termination (ms):  0.0]
         [Termination Attempts:  1]
      [GC Worker Other (ms):  0.0]
      [GC Worker Total (ms):  21.9]
      [GC Worker End (ms):  7660357.7]
   [Code Root Fixup: 0.1 ms]
   [Code Root Purge: 0.0 ms]
   [Clear CT: 0.0 ms]
   [Other: 0.6 ms]
      [Choose CSet: 0.0 ms]
      [Ref Proc: 0.0 ms]
      [Ref Enq: 0.0 ms]
      [Redirty Cards: 0.2 ms]
      [Humongous Register: 0.0 ms]
      [Humongous Reclaim: 0.0 ms]
      [Free CSet: 0.1 ms]
   [Eden: 47.0M(47.0M)->0.0B(45.0M) Survivors: 4096.0K->6144.0K Heap: 394.5M(1024.0M)->349.0M(1024.0M)]
 [Times: user=0.03 sys=0.00, real=0.02 secs] 
2016-12-19T22:53:01.194+0100: 7685.540: [GC pause (G1 Evacuation Pause) (young), 0.0450760 secs]
   [Parallel Time: 44.3 ms, GC Workers: 1]
      [GC Worker Start (ms):  7685539.9]
      [Ext Root Scanning (ms):  1.7]
      [Update RS (ms):  5.6]
         [Processed Buffers:  35]
      [Scan RS (ms):  6.2]
      [Code Root Scanning (ms):  0.0]
      [Object Copy (ms):  30.8]
      [Termination (ms):  0.0]
         [Termination Attempts:  1]
      [GC Worker Other (ms):  0.0]
      [GC Worker Total (ms):  44.3]
      [GC Worker End (ms):  7685584.2]
   [Code Root Fixup: 0.1 ms]
   [Code Root Purge: 0.0 ms]
   [Clear CT: 0.0 ms]
   [Other: 0.6 ms]
      [Choose CSet: 0.0 ms]
      [Ref Proc: 0.0 ms]
      [Ref Enq: 0.0 ms]
      [Redirty Cards: 0.1 ms]
      [Humongous Register: 0.1 ms]
      [Humongous Reclaim: 0.0 ms]
      [Free CSet: 0.1 ms]
   [Eden: 45.0M(45.0M)->0.0B(47.0M) Survivors: 6144.0K->4096.0K Heap: 394.0M(1024.0M)->348.9M(1024.0M)]
 [Times: user=0.05 sys=0.00, real=0.04 secs] 
2016-12-19T22:53:28.173+0100: 7712.518: [GC pause (G1 Evacuation Pause) (young), 0.0212186 secs]
   [Parallel Time: 20.7 ms, GC Workers: 1]
      [GC Worker Start (ms):  7712518.1]
      [Ext Root Scanning (ms):  1.2]
      [Update RS (ms):  2.4]
         [Processed Buffers:  37]
      [Scan RS (ms):  4.1]
      [Code Root Scanning (ms):  0.0]
      [Object Copy (ms):  12.9]
      [Termination (ms):  0.0]
         [Termination Attempts:  1]
      [GC Worker Other (ms):  0.0]
      [GC Worker Total (ms):  20.7]
      [GC Worker End (ms):  7712538.7]
   [Code Root Fixup: 0.0 ms]
   [Code Root Purge: 0.0 ms]
   [Clear CT: 0.0 ms]
   [Other: 0.5 ms]
      [Choose CSet: 0.0 ms]
      [Ref Proc: 0.0 ms]
      [Ref Enq: 0.0 ms]
      [Redirty Cards: 0.1 ms]
      [Humongous Register: 0.0 ms]
      [Humongous Reclaim: 0.0 ms]
      [Free CSet: 0.1 ms]
   [Eden: 47.0M(47.0M)->0.0B(45.0M) Survivors: 4096.0K->6144.0K Heap: 395.9M(1024.0M)->350.4M(1024.0M)]
 [Times: user=0.02 sys=0.00, real=0.02 secs] 
2016-12-19T22:53:54.820+0100: 7739.165: [GC pause (G1 Evacuation Pause) (young), 0.0376990 secs]
   [Parallel Time: 37.2 ms, GC Workers: 1]
      [GC Worker Start (ms):  7739165.1]
      [Ext Root Scanning (ms):  1.7]
      [Update RS (ms):  3.7]
         [Processed Buffers:  34]
      [Scan RS (ms):  5.4]
      [Code Root Scanning (ms):  0.0]
      [Object Copy (ms):  26.3]
      [Termination (ms):  0.0]
         [Termination Attempts:  1]
      [GC Worker Other (ms):  0.0]
      [GC Worker Total (ms):  37.1]
      [GC Worker End (ms):  7739202.3]
   [Code Root Fixup: 0.1 ms]
   [Code Root Purge: 0.0 ms]
   [Clear CT: 0.0 ms]
   [Other: 0.4 ms]
      [Choose CSet: 0.0 ms]
      [Ref Proc: 0.0 ms]
      [Ref Enq: 0.0 ms]
      [Redirty Cards: 0.0 ms]
      [Humongous Register: 0.0 ms]
      [Humongous Reclaim: 0.0 ms]
      [Free CSet: 0.1 ms]
   [Eden: 45.0M(45.0M)->0.0B(47.0M) Survivors: 6144.0K->4096.0K Heap: 395.4M(1024.0M)->350.5M(1024.0M)]
 [Times: user=0.03 sys=0.00, real=0.03 secs] 
2016-12-19T22:54:18.730+0100: 7763.075: [GC pause (G1 Evacuation Pause) (young), 0.0590950 secs]
   [Parallel Time: 55.8 ms, GC Workers: 1]
      [GC Worker Start (ms):  7763076.2]
      [Ext Root Scanning (ms):  4.0]
      [Update RS (ms):  17.2]
         [Processed Buffers:  37]
      [Scan RS (ms):  11.3]
      [Code Root Scanning (ms):  0.0]
      [Object Copy (ms):  23.2]
      [Termination (ms):  0.0]
         [Termination Attempts:  1]
      [GC Worker Other (ms):  0.0]
      [GC Worker Total (ms):  55.7]
      [GC Worker End (ms):  7763131.9]
   [Code Root Fixup: 0.0 ms]
   [Code Root Purge: 0.0 ms]
   [Clear CT: 0.8 ms]
   [Other: 2.5 ms]
      [Choose CSet: 0.0 ms]
      [Ref Proc: 0.2 ms]
      [Ref Enq: 0.0 ms]
      [Redirty Cards: 0.0 ms]
      [Humongous Register: 0.3 ms]
      [Humongous Reclaim: 0.1 ms]
      [Free CSet: 0.3 ms]
   [Eden: 47.0M(47.0M)->0.0B(46.0M) Survivors: 4096.0K->5120.0K Heap: 397.5M(1024.0M)->352.0M(1024.0M)]
 [Times: user=0.05 sys=0.01, real=0.06 secs] 
2016-12-19T22:54:41.690+0100: 7786.036: [GC pause (G1 Evacuation Pause) (young), 0.0431903 secs]
   [Parallel Time: 42.3 ms, GC Workers: 1]
      [GC Worker Start (ms):  7786037.6]
      [Ext Root Scanning (ms):  1.5]
      [Update RS (ms):  4.9]
         [Processed Buffers:  38]
      [Scan RS (ms):  12.6]
      [Code Root Scanning (ms):  0.0]
      [Object Copy (ms):  21.7]
      [Termination (ms):  0.0]
         [Termination Attempts:  1]
      [GC Worker Other (ms):  0.1]
      [GC Worker Total (ms):  40.8]
      [GC Worker End (ms):  7786078.4]
   [Code Root Fixup: 0.1 ms]
   [Code Root Purge: 0.0 ms]
   [Clear CT: 0.1 ms]
   [Other: 0.8 ms]
      [Choose CSet: 0.0 ms]
      [Ref Proc: 0.0 ms]
      [Ref Enq: 0.0 ms]
      [Redirty Cards: 0.0 ms]
      [Humongous Register: 0.1 ms]
      [Humongous Reclaim: 0.0 ms]
      [Free CSet: 0.1 ms]
   [Eden: 46.0M(46.0M)->0.0B(47.0M) Survivors: 5120.0K->4096.0K Heap: 398.0M(1024.0M)->352.7M(1024.0M)]
 [Times: user=0.03 sys=0.01, real=0.04 secs] 
2016-12-19T22:55:05.786+0100: 7810.132: [GC pause (G1 Evacuation Pause) (young), 0.0184569 secs]
   [Parallel Time: 18.0 ms, GC Workers: 1]
      [GC Worker Start (ms):  7810131.9]
      [Ext Root Scanning (ms):  1.3]
      [Update RS (ms):  2.6]
         [Processed Buffers:  39]
      [Scan RS (ms):  4.4]
      [Code Root Scanning (ms):  0.0]
      [Object Copy (ms):  9.8]
      [Termination (ms):  0.0]
         [Termination Attempts:  1]
      [GC Worker Other (ms):  0.0]
      [GC Worker Total (ms):  18.0]
      [GC Worker End (ms):  7810149.9]
   [Code Root Fixup: 0.1 ms]
   [Code Root Purge: 0.0 ms]
   [Clear CT: 0.0 ms]
   [Other: 0.3 ms]
      [Choose CSet: 0.0 ms]
      [Ref Proc: 0.0 ms]
      [Ref Enq: 0.0 ms]
      [Redirty Cards: 0.0 ms]
      [Humongous Register: 0.0 ms]
      [Humongous Reclaim: 0.0 ms]
      [Free CSet: 0.1 ms]
   [Eden: 47.0M(47.0M)->0.0B(47.0M) Survivors: 4096.0K->4096.0K Heap: 399.7M(1024.0M)->352.7M(1024.0M)]
 [Times: user=0.02 sys=0.00, real=0.02 secs] 
2016-12-19T22:55:30.589+0100: 7834.934: [GC pause (G1 Evacuation Pause) (young), 0.0192600 secs]
   [Parallel Time: 18.8 ms, GC Workers: 1]
      [GC Worker Start (ms):  7834934.4]
      [Ext Root Scanning (ms):  0.9]
      [Update RS (ms):  2.5]
         [Processed Buffers:  37]
      [Scan RS (ms):  3.9]
      [Code Root Scanning (ms):  0.0]
      [Object Copy (ms):  11.4]
      [Termination (ms):  0.0]
         [Termination Attempts:  1]
      [GC Worker Other (ms):  0.0]
      [GC Worker Total (ms):  18.8]
      [GC Worker End (ms):  7834953.2]
   [Code Root Fixup: 0.0 ms]
   [Code Root Purge: 0.0 ms]
   [Clear CT: 0.0 ms]
   [Other: 0.4 ms]
      [Choose CSet: 0.0 ms]
      [Ref Proc: 0.0 ms]
      [Ref Enq: 0.0 ms]
      [Redirty Cards: 0.0 ms]
      [Humongous Register: 0.0 ms]
      [Humongous Reclaim: 0.0 ms]
      [Free CSet: 0.1 ms]
   [Eden: 47.0M(47.0M)->0.0B(46.0M) Survivors: 4096.0K->5120.0K Heap: 399.7M(1024.0M)->353.7M(1024.0M)]
 [Times: user=0.01 sys=0.01, real=0.01 secs] 
2016-12-19T22:55:54.694+0100: 7859.039: [GC pause (G1 Evacuation Pause) (young), 0.0190202 secs]
   [Parallel Time: 18.7 ms, GC Workers: 1]
      [GC Worker Start (ms):  7859039.2]
      [Ext Root Scanning (ms):  0.9]
      [Update RS (ms):  2.2]
         [Processed Buffers:  38]
      [Scan RS (ms):  3.4]
      [Code Root Scanning (ms):  0.0]
      [Object Copy (ms):  12.2]
      [Termination (ms):  0.0]
         [Termination Attempts:  1]
      [GC Worker Other (ms):  0.0]
      [GC Worker Total (ms):  18.6]
      [GC Worker End (ms):  7859057.8]
   [Code Root Fixup: 0.0 ms]
   [Code Root Purge: 0.0 ms]
   [Clear CT: 0.0 ms]
   [Other: 0.3 ms]
      [Choose CSet: 0.0 ms]
      [Ref Proc: 0.0 ms]
      [Ref Enq: 0.0 ms]
      [Redirty Cards: 0.0 ms]
      [Humongous Register: 0.0 ms]
      [Humongous Reclaim: 0.0 ms]
      [Free CSet: 0.0 ms]
   [Eden: 46.0M(46.0M)->0.0B(47.0M) Survivors: 5120.0K->4096.0K Heap: 399.7M(1024.0M)->354.0M(1024.0M)]
 [Times: user=0.01 sys=0.00, real=0.02 secs] 
2016-12-19T22:56:20.339+0100: 7884.685: [GC pause (G1 Evacuation Pause) (young), 0.0224458 secs]
   [Parallel Time: 22.0 ms, GC Workers: 1]
      [GC Worker Start (ms):  7884684.9]
      [Ext Root Scanning (ms):  1.0]
      [Update RS (ms):  2.7]
         [Processed Buffers:  37]
      [Scan RS (ms):  4.3]
      [Code Root Scanning (ms):  0.0]
      [Object Copy (ms):  13.8]
      [Termination (ms):  0.0]
         [Termination Attempts:  1]
      [GC Worker Other (ms):  0.0]
      [GC Worker Total (ms):  21.9]
      [GC Worker End (ms):  7884706.8]
   [Code Root Fixup: 0.1 ms]
   [Code Root Purge: 0.0 ms]
   [Clear CT: 0.0 ms]
   [Other: 0.4 ms]
      [Choose CSet: 0.0 ms]
      [Ref Proc: 0.0 ms]
      [Ref Enq: 0.0 ms]
      [Redirty Cards: 0.0 ms]
      [Humongous Register: 0.0 ms]
      [Humongous Reclaim: 0.0 ms]
      [Free CSet: 0.1 ms]
   [Eden: 47.0M(47.0M)->0.0B(45.0M) Survivors: 4096.0K->6144.0K Heap: 401.0M(1024.0M)->355.5M(1024.0M)]
 [Times: user=0.02 sys=0.00, real=0.02 secs] 
2016-12-19T22:56:43.692+0100: 7908.038: [GC pause (G1 Evacuation Pause) (young), 0.0693582 secs]
   [Parallel Time: 68.7 ms, GC Workers: 1]
      [GC Worker Start (ms):  7908038.1]
      [Ext Root Scanning (ms):  1.4]
      [Update RS (ms):  3.8]
         [Processed Buffers:  35]
      [Scan RS (ms):  16.5]
      [Code Root Scanning (ms):  0.0]
      [Object Copy (ms):  47.0]
      [Termination (ms):  0.0]
         [Termination Attempts:  1]
      [GC Worker Other (ms):  0.0]
      [GC Worker Total (ms):  68.7]
      [GC Worker End (ms):  7908106.7]
   [Code Root Fixup: 0.1 ms]
   [Code Root Purge: 0.0 ms]
   [Clear CT: 0.0 ms]
   [Other: 0.5 ms]
      [Choose CSet: 0.0 ms]
      [Ref Proc: 0.0 ms]
      [Ref Enq: 0.0 ms]
      [Redirty Cards: 0.1 ms]
      [Humongous Register: 0.1 ms]
      [Humongous Reclaim: 0.0 ms]
      [Free CSet: 0.1 ms]
   [Eden: 45.0M(45.0M)->0.0B(47.0M) Survivors: 6144.0K->4096.0K Heap: 400.5M(1024.0M)->355.5M(1024.0M)]
 [Times: user=0.06 sys=0.01, real=0.06 secs] 
2016-12-19T22:57:11.701+0100: 7936.046: [GC pause (G1 Evacuation Pause) (young), 0.0266995 secs]
   [Parallel Time: 26.2 ms, GC Workers: 1]
      [GC Worker Start (ms):  7936046.4]
      [Ext Root Scanning (ms):  0.9]
      [Update RS (ms):  2.7]
         [Processed Buffers:  38]
      [Scan RS (ms):  6.0]
      [Code Root Scanning (ms):  0.0]
      [Object Copy (ms):  16.6]
      [Termination (ms):  0.0]
         [Termination Attempts:  1]
      [GC Worker Other (ms):  0.0]
      [GC Worker Total (ms):  26.2]
      [GC Worker End (ms):  7936072.6]
   [Code Root Fixup: 0.0 ms]
   [Code Root Purge: 0.0 ms]
   [Clear CT: 0.0 ms]
   [Other: 0.4 ms]
      [Choose CSet: 0.0 ms]
      [Ref Proc: 0.0 ms]
      [Ref Enq: 0.0 ms]
      [Redirty Cards: 0.0 ms]
      [Humongous Register: 0.0 ms]
      [Humongous Reclaim: 0.0 ms]
      [Free CSet: 0.1 ms]
   [Eden: 47.0M(47.0M)->0.0B(45.0M) Survivors: 4096.0K->6144.0K Heap: 402.5M(1024.0M)->357.0M(1024.0M)]
 [Times: user=0.03 sys=0.00, real=0.02 secs] 
2016-12-19T22:57:34.664+0100: 7959.009: [GC pause (G1 Evacuation Pause) (young), 0.0203619 secs]
   [Parallel Time: 19.9 ms, GC Workers: 1]
      [GC Worker Start (ms):  7959009.5]
      [Ext Root Scanning (ms):  1.0]
      [Update RS (ms):  2.4]
         [Processed Buffers:  34]
      [Scan RS (ms):  3.6]
      [Code Root Scanning (ms):  0.0]
      [Object Copy (ms):  12.8]
      [Termination (ms):  0.0]
         [Termination Attempts:  1]
      [GC Worker Other (ms):  0.0]
      [GC Worker Total (ms):  19.8]
      [GC Worker End (ms):  7959029.3]
   [Code Root Fixup: 0.0 ms]
   [Code Root Purge: 0.0 ms]
   [Clear CT: 0.0 ms]
   [Other: 0.4 ms]
      [Choose CSet: 0.0 ms]
      [Ref Proc: 0.0 ms]
      [Ref Enq: 0.0 ms]
      [Redirty Cards: 0.0 ms]
      [Humongous Register: 0.1 ms]
      [Humongous Reclaim: 0.0 ms]
      [Free CSet: 0.0 ms]
   [Eden: 45.0M(45.0M)->0.0B(47.0M) Survivors: 6144.0K->4096.0K Heap: 402.0M(1024.0M)->356.7M(1024.0M)]
 [Times: user=0.03 sys=0.00, real=0.02 secs] 
2016-12-19T22:57:57.159+0100: 7981.505: [GC pause (G1 Evacuation Pause) (young), 0.0259486 secs]
   [Parallel Time: 25.5 ms, GC Workers: 1]
      [GC Worker Start (ms):  7981504.7]
      [Ext Root Scanning (ms):  1.3]
      [Update RS (ms):  3.3]
         [Processed Buffers:  33]
      [Scan RS (ms):  5.5]
      [Code Root Scanning (ms):  0.0]
      [Object Copy (ms):  15.3]
      [Termination (ms):  0.0]
         [Termination Attempts:  1]
      [GC Worker Other (ms):  0.0]
      [GC Worker Total (ms):  25.4]
      [GC Worker End (ms):  7981530.1]
   [Code Root Fixup: 0.1 ms]
   [Code Root Purge: 0.0 ms]
   [Clear CT: 0.0 ms]
   [Other: 0.4 ms]
      [Choose CSet: 0.0 ms]
      [Ref Proc: 0.0 ms]
      [Ref Enq: 0.0 ms]
      [Redirty Cards: 0.0 ms]
      [Humongous Register: 0.0 ms]
      [Humongous Reclaim: 0.0 ms]
      [Free CSet: 0.1 ms]
   [Eden: 47.0M(47.0M)->0.0B(45.0M) Survivors: 4096.0K->6144.0K Heap: 403.7M(1024.0M)->358.2M(1024.0M)]
 [Times: user=0.02 sys=0.00, real=0.02 secs] 
2016-12-19T22:58:21.720+0100: 8006.065: [GC pause (G1 Evacuation Pause) (young), 0.0408008 secs]
   [Parallel Time: 40.0 ms, GC Workers: 1]
      [GC Worker Start (ms):  8006065.6]
      [Ext Root Scanning (ms):  9.1]
      [Update RS (ms):  5.1]
         [Processed Buffers:  34]
      [Scan RS (ms):  9.3]
      [Code Root Scanning (ms):  0.0]
      [Object Copy (ms):  16.5]
      [Termination (ms):  0.0]
         [Termination Attempts:  1]
      [GC Worker Other (ms):  0.0]
      [GC Worker Total (ms):  39.9]
      [GC Worker End (ms):  8006105.6]
   [Code Root Fixup: 0.0 ms]
   [Code Root Purge: 0.0 ms]
   [Clear CT: 0.0 ms]
   [Other: 0.7 ms]
      [Choose CSet: 0.0 ms]
      [Ref Proc: 0.0 ms]
      [Ref Enq: 0.0 ms]
      [Redirty Cards: 0.0 ms]
      [Humongous Register: 0.1 ms]
      [Humongous Reclaim: 0.1 ms]
      [Free CSet: 0.1 ms]
   [Eden: 45.0M(45.0M)->0.0B(47.0M) Survivors: 6144.0K->4096.0K Heap: 403.2M(1024.0M)->358.2M(1024.0M)]
 [Times: user=0.04 sys=0.00, real=0.04 secs] 
2016-12-19T22:58:46.554+0100: 8030.899: [GC pause (G1 Evacuation Pause) (young), 0.0240932 secs]
   [Parallel Time: 23.6 ms, GC Workers: 1]
      [GC Worker Start (ms):  8030899.4]
      [Ext Root Scanning (ms):  1.7]
      [Update RS (ms):  4.5]
         [Processed Buffers:  38]
      [Scan RS (ms):  4.3]
      [Code Root Scanning (ms):  0.0]
      [Object Copy (ms):  13.0]
      [Termination (ms):  0.0]
         [Termination Attempts:  1]
      [GC Worker Other (ms):  0.0]
      [GC Worker Total (ms):  23.6]
      [GC Worker End (ms):  8030922.9]
   [Code Root Fixup: 0.0 ms]
   [Code Root Purge: 0.0 ms]
   [Clear CT: 0.0 ms]
   [Other: 0.4 ms]
      [Choose CSet: 0.0 ms]
      [Ref Proc: 0.0 ms]
      [Ref Enq: 0.0 ms]
      [Redirty Cards: 0.0 ms]
      [Humongous Register: 0.1 ms]
      [Humongous Reclaim: 0.0 ms]
      [Free CSet: 0.1 ms]
   [Eden: 47.0M(47.0M)->0.0B(46.0M) Survivors: 4096.0K->5120.0K Heap: 405.2M(1024.0M)->359.7M(1024.0M)]
 [Times: user=0.02 sys=0.00, real=0.02 secs] 
2016-12-19T22:59:10.250+0100: 8054.596: [GC pause (G1 Evacuation Pause) (young), 0.0265109 secs]
   [Parallel Time: 25.9 ms, GC Workers: 1]
      [GC Worker Start (ms):  8054595.8]
      [Ext Root Scanning (ms):  2.7]
      [Update RS (ms):  2.5]
         [Processed Buffers:  39]
      [Scan RS (ms):  5.2]
      [Code Root Scanning (ms):  0.0]
      [Object Copy (ms):  15.3]
      [Termination (ms):  0.0]
         [Termination Attempts:  1]
      [GC Worker Other (ms):  0.0]
      [GC Worker Total (ms):  25.8]
      [GC Worker End (ms):  8054621.7]
   [Code Root Fixup: 0.1 ms]
   [Code Root Purge: 0.0 ms]
   [Clear CT: 0.0 ms]
   [Other: 0.5 ms]
      [Choose CSet: 0.0 ms]
      [Ref Proc: 0.0 ms]
      [Ref Enq: 0.0 ms]
      [Redirty Cards: 0.0 ms]
      [Humongous Register: 0.1 ms]
      [Humongous Reclaim: 0.0 ms]
      [Free CSet: 0.1 ms]
   [Eden: 46.0M(46.0M)->0.0B(47.0M) Survivors: 5120.0K->4096.0K Heap: 405.7M(1024.0M)->360.7M(1024.0M)]
 [Times: user=0.03 sys=0.00, real=0.02 secs] 
2016-12-19T22:59:34.136+0100: 8078.481: [GC pause (G1 Evacuation Pause) (young), 0.0491872 secs]
   [Parallel Time: 48.7 ms, GC Workers: 1]
      [GC Worker Start (ms):  8078481.3]
      [Ext Root Scanning (ms):  0.8]
      [Update RS (ms):  8.6]
         [Processed Buffers:  38]
      [Scan RS (ms):  10.5]
      [Code Root Scanning (ms):  0.0]
      [Object Copy (ms):  28.7]
      [Termination (ms):  0.0]
         [Termination Attempts:  1]
      [GC Worker Other (ms):  0.0]
      [GC Worker Total (ms):  48.6]
      [GC Worker End (ms):  8078530.0]
   [Code Root Fixup: 0.0 ms]
   [Code Root Purge: 0.0 ms]
   [Clear CT: 0.0 ms]
   [Other: 0.4 ms]
      [Choose CSet: 0.0 ms]
      [Ref Proc: 0.0 ms]
      [Ref Enq: 0.0 ms]
      [Redirty Cards: 0.0 ms]
      [Humongous Register: 0.0 ms]
      [Humongous Reclaim: 0.0 ms]
      [Free CSet: 0.1 ms]
   [Eden: 47.0M(47.0M)->0.0B(47.0M) Survivors: 4096.0K->4096.0K Heap: 407.7M(1024.0M)->360.7M(1024.0M)]
 [Times: user=0.05 sys=0.00, real=0.05 secs] 
2016-12-19T22:59:59.341+0100: 8103.687: [GC pause (G1 Evacuation Pause) (young), 0.0197917 secs]
   [Parallel Time: 19.4 ms, GC Workers: 1]
      [GC Worker Start (ms):  8103686.8]
      [Ext Root Scanning (ms):  1.1]
      [Update RS (ms):  2.2]
         [Processed Buffers:  39]
      [Scan RS (ms):  3.8]
      [Code Root Scanning (ms):  0.0]
      [Object Copy (ms):  12.2]
      [Termination (ms):  0.0]
         [Termination Attempts:  1]
      [GC Worker Other (ms):  0.0]
      [GC Worker Total (ms):  19.3]
      [GC Worker End (ms):  8103706.2]
   [Code Root Fixup: 0.0 ms]
   [Code Root Purge: 0.0 ms]
   [Clear CT: 0.0 ms]
   [Other: 0.3 ms]
      [Choose CSet: 0.0 ms]
      [Ref Proc: 0.0 ms]
      [Ref Enq: 0.0 ms]
      [Redirty Cards: 0.0 ms]
      [Humongous Register: 0.0 ms]
      [Humongous Reclaim: 0.0 ms]
      [Free CSet: 0.1 ms]
   [Eden: 47.0M(47.0M)->0.0B(46.0M) Survivors: 4096.0K->5120.0K Heap: 407.7M(1024.0M)->361.7M(1024.0M)]
 [Times: user=0.02 sys=0.00, real=0.02 secs] 
2016-12-19T23:00:23.534+0100: 8127.880: [GC pause (G1 Evacuation Pause) (young), 0.0250142 secs]
   [Parallel Time: 24.6 ms, GC Workers: 1]
      [GC Worker Start (ms):  8127879.6]
      [Ext Root Scanning (ms):  2.2]
      [Update RS (ms):  4.9]
         [Processed Buffers:  33]
      [Scan RS (ms):  3.5]
      [Code Root Scanning (ms):  0.0]
      [Object Copy (ms):  13.8]
      [Termination (ms):  0.0]
         [Termination Attempts:  1]
      [GC Worker Other (ms):  0.0]
      [GC Worker Total (ms):  24.6]
      [GC Worker End (ms):  8127904.2]
   [Code Root Fixup: 0.1 ms]
   [Code Root Purge: 0.0 ms]
   [Clear CT: 0.0 ms]
   [Other: 0.3 ms]
      [Choose CSet: 0.0 ms]
      [Ref Proc: 0.0 ms]
      [Ref Enq: 0.0 ms]
      [Redirty Cards: 0.0 ms]
      [Humongous Register: 0.0 ms]
      [Humongous Reclaim: 0.0 ms]
      [Free CSet: 0.0 ms]
   [Eden: 46.0M(46.0M)->0.0B(47.0M) Survivors: 5120.0K->4096.0K Heap: 407.7M(1024.0M)->361.9M(1024.0M)]
 [Times: user=0.02 sys=0.01, real=0.02 secs] 
2016-12-19T23:00:47.806+0100: 8152.152: [GC pause (G1 Evacuation Pause) (young) (initial-mark), 0.0308969 secs]
   [Parallel Time: 30.4 ms, GC Workers: 1]
      [GC Worker Start (ms):  8152151.9]
      [Ext Root Scanning (ms):  10.4]
      [Update RS (ms):  2.5]
         [Processed Buffers:  35]
      [Scan RS (ms):  4.5]
      [Code Root Scanning (ms):  0.0]
      [Object Copy (ms):  13.0]
      [Termination (ms):  0.0]
         [Termination Attempts:  1]
      [GC Worker Other (ms):  0.0]
      [GC Worker Total (ms):  30.4]
      [GC Worker End (ms):  8152182.3]
   [Code Root Fixup: 0.0 ms]
   [Code Root Purge: 0.0 ms]
   [Clear CT: 0.0 ms]
   [Other: 0.4 ms]
      [Choose CSet: 0.0 ms]
      [Ref Proc: 0.0 ms]
      [Ref Enq: 0.0 ms]
      [Redirty Cards: 0.0 ms]
      [Humongous Register: 0.0 ms]
      [Humongous Reclaim: 0.0 ms]
      [Free CSet: 0.1 ms]
   [Eden: 47.0M(47.0M)->0.0B(45.0M) Survivors: 4096.0K->6144.0K Heap: 408.9M(1024.0M)->363.4M(1024.0M)]
 [Times: user=0.02 sys=0.00, real=0.03 secs] 
2016-12-19T23:00:47.843+0100: 8152.188: [GC concurrent-root-region-scan-start]
2016-12-19T23:00:47.857+0100: 8152.202: [GC concurrent-root-region-scan-end, 0.0177504 secs]
2016-12-19T23:00:47.857+0100: 8152.202: [GC concurrent-mark-start]
2016-12-19T23:00:47.883+0100: 8152.228: [GC concurrent-mark-end, 0.0261291 secs]
2016-12-19T23:00:47.884+0100: 8152.229: [GC remark 2016-12-19T23:00:47.884+0100: 8152.229: [Finalize Marking, 0.0001316 secs] 2016-12-19T23:00:47.884+0100: 8152.230: [GC ref-proc, 0.0002469 secs] 2016-12-19T23:00:47.884+0100: 8152.230: [Unloading, 0.1275688 secs], 0.1313733 secs]
 [Times: user=0.02 sys=0.01, real=0.13 secs] 
2016-12-19T23:00:48.029+0100: 8152.375: [GC cleanup 364M->299M(1024M), 0.0050619 secs]
 [Times: user=0.01 sys=0.00, real=0.00 secs] 
2016-12-19T23:00:48.035+0100: 8152.380: [GC concurrent-cleanup-start]
2016-12-19T23:00:48.037+0100: 8152.383: [GC concurrent-cleanup-end, 0.0025569 secs]
2016-12-19T23:01:12.459+0100: 8176.805: [GC pause (G1 Evacuation Pause) (young), 0.0371709 secs]
   [Parallel Time: 36.7 ms, GC Workers: 1]
      [GC Worker Start (ms):  8176805.1]
      [Ext Root Scanning (ms):  4.1]
      [Update RS (ms):  9.7]
         [Processed Buffers:  35]
      [Scan RS (ms):  7.3]
      [Code Root Scanning (ms):  0.0]
      [Object Copy (ms):  15.4]
      [Termination (ms):  0.0]
         [Termination Attempts:  1]
      [GC Worker Other (ms):  0.0]
      [GC Worker Total (ms):  36.7]
      [GC Worker End (ms):  8176841.7]
   [Code Root Fixup: 0.1 ms]
   [Code Root Purge: 0.0 ms]
   [Clear CT: 0.0 ms]
   [Other: 0.4 ms]
      [Choose CSet: 0.0 ms]
      [Ref Proc: 0.0 ms]
      [Ref Enq: 0.0 ms]
      [Redirty Cards: 0.0 ms]
      [Humongous Register: 0.0 ms]
      [Humongous Reclaim: 0.0 ms]
      [Free CSet: 0.0 ms]
   [Eden: 45.0M(45.0M)->0.0B(47.0M) Survivors: 6144.0K->4096.0K Heap: 343.4M(1024.0M)->298.4M(1024.0M)]
 [Times: user=0.03 sys=0.01, real=0.03 secs] 
2016-12-19T23:01:36.645+0100: 8200.990: [GC pause (G1 Evacuation Pause) (mixed), 0.0266286 secs]
   [Parallel Time: 26.1 ms, GC Workers: 1]
      [GC Worker Start (ms):  8200990.4]
      [Ext Root Scanning (ms):  2.2]
      [Update RS (ms):  3.9]
         [Processed Buffers:  38]
      [Scan RS (ms):  6.0]
      [Code Root Scanning (ms):  0.0]
      [Object Copy (ms):  13.9]
      [Termination (ms):  0.0]
         [Termination Attempts:  1]
      [GC Worker Other (ms):  0.0]
      [GC Worker Total (ms):  26.0]
      [GC Worker End (ms):  8201016.4]
   [Code Root Fixup: 0.1 ms]
   [Code Root Purge: 0.0 ms]
   [Clear CT: 0.1 ms]
   [Other: 0.4 ms]
      [Choose CSet: 0.0 ms]
      [Ref Proc: 0.0 ms]
      [Ref Enq: 0.0 ms]
      [Redirty Cards: 0.0 ms]
      [Humongous Register: 0.0 ms]
      [Humongous Reclaim: 0.0 ms]
      [Free CSet: 0.1 ms]
   [Eden: 47.0M(47.0M)->0.0B(45.0M) Survivors: 4096.0K->6144.0K Heap: 345.4M(1024.0M)->279.4M(1024.0M)]
 [Times: user=0.02 sys=0.00, real=0.03 secs] 
2016-12-19T23:01:59.577+0100: 8223.923: [GC pause (G1 Evacuation Pause) (mixed), 0.0380037 secs]
   [Parallel Time: 36.2 ms, GC Workers: 1]
      [GC Worker Start (ms):  8223922.9]
      [Ext Root Scanning (ms):  2.9]
      [Update RS (ms):  2.7]
         [Processed Buffers:  34]
      [Scan RS (ms):  4.8]
      [Code Root Scanning (ms):  0.0]
      [Object Copy (ms):  25.7]
      [Termination (ms):  0.0]
         [Termination Attempts:  1]
      [GC Worker Other (ms):  0.0]
      [GC Worker Total (ms):  36.1]
      [GC Worker End (ms):  8223959.1]
   [Code Root Fixup: 0.1 ms]
   [Code Root Purge: 0.0 ms]
   [Clear CT: 0.4 ms]
   [Other: 1.3 ms]
      [Choose CSet: 0.1 ms]
      [Ref Proc: 0.1 ms]
      [Ref Enq: 0.0 ms]
      [Redirty Cards: 0.1 ms]
      [Humongous Register: 0.1 ms]
      [Humongous Reclaim: 0.1 ms]
      [Free CSet: 0.4 ms]
   [Eden: 45.0M(45.0M)->0.0B(47.0M) Survivors: 6144.0K->4096.0K Heap: 324.4M(1024.0M)->258.5M(1024.0M)]
 [Times: user=0.04 sys=0.00, real=0.04 secs] 
2016-12-19T23:02:25.976+0100: 8250.321: [GC pause (G1 Evacuation Pause) (mixed), 0.0240627 secs]
   [Parallel Time: 23.4 ms, GC Workers: 1]
      [GC Worker Start (ms):  8250321.7]
      [Ext Root Scanning (ms):  3.0]
      [Update RS (ms):  2.8]
         [Processed Buffers:  37]
      [Scan RS (ms):  5.2]
      [Code Root Scanning (ms):  0.0]
      [Object Copy (ms):  12.3]
      [Termination (ms):  0.0]
         [Termination Attempts:  1]
      [GC Worker Other (ms):  0.0]
      [GC Worker Total (ms):  23.4]
      [GC Worker End (ms):  8250345.1]
   [Code Root Fixup: 0.0 ms]
   [Code Root Purge: 0.0 ms]
   [Clear CT: 0.1 ms]
   [Other: 0.5 ms]
      [Choose CSet: 0.1 ms]
      [Ref Proc: 0.0 ms]
      [Ref Enq: 0.0 ms]
      [Redirty Cards: 0.0 ms]
      [Humongous Register: 0.0 ms]
      [Humongous Reclaim: 0.0 ms]
      [Free CSet: 0.1 ms]
   [Eden: 47.0M(47.0M)->0.0B(46.0M) Survivors: 4096.0K->5120.0K Heap: 305.5M(1024.0M)->239.5M(1024.0M)]
 [Times: user=0.02 sys=0.00, real=0.03 secs] 
2016-12-19T23:02:50.549+0100: 8274.895: [GC pause (G1 Evacuation Pause) (mixed), 0.0384552 secs]
   [Parallel Time: 37.7 ms, GC Workers: 1]
      [GC Worker Start (ms):  8274895.0]
      [Ext Root Scanning (ms):  1.5]
      [Update RS (ms):  6.7]
         [Processed Buffers:  40]
      [Scan RS (ms):  12.5]
      [Code Root Scanning (ms):  0.0]
      [Object Copy (ms):  16.8]
      [Termination (ms):  0.0]
         [Termination Attempts:  1]
      [GC Worker Other (ms):  0.0]
      [GC Worker Total (ms):  37.6]
      [GC Worker End (ms):  8274932.7]
   [Code Root Fixup: 0.1 ms]
   [Code Root Purge: 0.0 ms]
   [Clear CT: 0.1 ms]
   [Other: 0.6 ms]
      [Choose CSet: 0.1 ms]
      [Ref Proc: 0.1 ms]
      [Ref Enq: 0.0 ms]
      [Redirty Cards: 0.0 ms]
      [Humongous Register: 0.1 ms]
      [Humongous Reclaim: 0.0 ms]
      [Free CSet: 0.2 ms]
   [Eden: 46.0M(46.0M)->0.0B(47.0M) Survivors: 5120.0K->4096.0K Heap: 285.5M(1024.0M)->219.4M(1024.0M)]
 [Times: user=0.03 sys=0.00, real=0.04 secs] 
2016-12-19T23:03:16.671+0100: 8301.017: [GC pause (G1 Evacuation Pause) (mixed), 0.0187423 secs]
   [Parallel Time: 18.2 ms, GC Workers: 1]
      [GC Worker Start (ms):  8301016.9]
      [Ext Root Scanning (ms):  0.9]
      [Update RS (ms):  3.1]
         [Processed Buffers:  39]
      [Scan RS (ms):  4.9]
      [Code Root Scanning (ms):  0.0]
      [Object Copy (ms):  9.1]
      [Termination (ms):  0.0]
         [Termination Attempts:  1]
      [GC Worker Other (ms):  0.0]
      [GC Worker Total (ms):  18.1]
      [GC Worker End (ms):  8301035.0]
   [Code Root Fixup: 0.0 ms]
   [Code Root Purge: 0.0 ms]
   [Clear CT: 0.1 ms]
   [Other: 0.5 ms]
      [Choose CSet: 0.1 ms]
      [Ref Proc: 0.0 ms]
      [Ref Enq: 0.0 ms]
      [Redirty Cards: 0.0 ms]
      [Humongous Register: 0.0 ms]
      [Humongous Reclaim: 0.0 ms]
      [Free CSet: 0.1 ms]
   [Eden: 47.0M(47.0M)->0.0B(47.0M) Survivors: 4096.0K->4096.0K Heap: 266.4M(1024.0M)->198.9M(1024.0M)]
 [Times: user=0.02 sys=0.00, real=0.02 secs] 
2016-12-19T23:03:41.843+0100: 8326.189: [GC pause (G1 Evacuation Pause) (mixed), 0.0204056 secs]
   [Parallel Time: 20.0 ms, GC Workers: 1]
      [GC Worker Start (ms):  8326188.8]
      [Ext Root Scanning (ms):  0.9]
      [Update RS (ms):  2.0]
         [Processed Buffers:  38]
      [Scan RS (ms):  5.0]
      [Code Root Scanning (ms):  0.0]
      [Object Copy (ms):  12.0]
      [Termination (ms):  0.0]
         [Termination Attempts:  1]
      [GC Worker Other (ms):  0.0]
      [GC Worker Total (ms):  19.9]
      [GC Worker End (ms):  8326208.7]
   [Code Root Fixup: 0.0 ms]
   [Code Root Purge: 0.0 ms]
   [Clear CT: 0.0 ms]
   [Other: 0.4 ms]
      [Choose CSet: 0.0 ms]
      [Ref Proc: 0.0 ms]
      [Ref Enq: 0.0 ms]
      [Redirty Cards: 0.0 ms]
      [Humongous Register: 0.0 ms]
      [Humongous Reclaim: 0.0 ms]
      [Free CSet: 0.1 ms]
   [Eden: 47.0M(47.0M)->0.0B(46.0M) Survivors: 4096.0K->5120.0K Heap: 245.9M(1024.0M)->199.3M(1024.0M)]
 [Times: user=0.01 sys=0.00, real=0.02 secs] 
2016-12-19T23:04:05.388+0100: 8349.733: [GC pause (G1 Evacuation Pause) (young), 0.0368933 secs]
   [Parallel Time: 36.4 ms, GC Workers: 1]
      [GC Worker Start (ms):  8349733.4]
      [Ext Root Scanning (ms):  1.2]
      [Update RS (ms):  7.1]
         [Processed Buffers:  39]
      [Scan RS (ms):  8.1]
      [Code Root Scanning (ms):  0.0]
      [Object Copy (ms):  20.0]
      [Termination (ms):  0.0]
         [Termination Attempts:  1]
      [GC Worker Other (ms):  0.0]
      [GC Worker Total (ms):  36.4]
      [GC Worker End (ms):  8349769.8]
   [Code Root Fixup: 0.1 ms]
   [Code Root Purge: 0.0 ms]
   [Clear CT: 0.0 ms]
   [Other: 0.4 ms]
      [Choose CSet: 0.0 ms]
      [Ref Proc: 0.0 ms]
      [Ref Enq: 0.0 ms]
      [Redirty Cards: 0.0 ms]
      [Humongous Register: 0.0 ms]
      [Humongous Reclaim: 0.0 ms]
      [Free CSet: 0.0 ms]
   [Eden: 46.0M(46.0M)->0.0B(47.0M) Survivors: 5120.0K->4096.0K Heap: 245.3M(1024.0M)->199.5M(1024.0M)]
 [Times: user=0.03 sys=0.00, real=0.03 secs] 
2016-12-19T23:04:30.218+0100: 8374.564: [GC pause (G1 Evacuation Pause) (young), 0.0269970 secs]
   [Parallel Time: 26.5 ms, GC Workers: 1]
      [GC Worker Start (ms):  8374564.0]
      [Ext Root Scanning (ms):  2.4]
      [Update RS (ms):  5.6]
         [Processed Buffers:  35]
      [Scan RS (ms):  5.4]
      [Code Root Scanning (ms):  0.0]
      [Object Copy (ms):  13.0]
      [Termination (ms):  0.0]
         [Termination Attempts:  1]
      [GC Worker Other (ms):  0.0]
      [GC Worker Total (ms):  26.5]
      [GC Worker End (ms):  8374590.5]
   [Code Root Fixup: 0.0 ms]
   [Code Root Purge: 0.0 ms]
   [Clear CT: 0.0 ms]
   [Other: 0.4 ms]
      [Choose CSet: 0.0 ms]
      [Ref Proc: 0.0 ms]
      [Ref Enq: 0.0 ms]
      [Redirty Cards: 0.0 ms]
      [Humongous Register: 0.1 ms]
      [Humongous Reclaim: 0.0 ms]
      [Free CSet: 0.1 ms]
   [Eden: 47.0M(47.0M)->0.0B(46.0M) Survivors: 4096.0K->5120.0K Heap: 246.5M(1024.0M)->200.5M(1024.0M)]
 [Times: user=0.02 sys=0.00, real=0.03 secs] 
2016-12-19T23:04:54.233+0100: 8398.579: [GC pause (G1 Evacuation Pause) (young), 0.0194264 secs]
   [Parallel Time: 18.9 ms, GC Workers: 1]
      [GC Worker Start (ms):  8398578.9]
      [Ext Root Scanning (ms):  0.9]
      [Update RS (ms):  2.5]
         [Processed Buffers:  35]
      [Scan RS (ms):  3.9]
      [Code Root Scanning (ms):  0.0]
      [Object Copy (ms):  11.5]
      [Termination (ms):  0.0]
         [Termination Attempts:  1]
      [GC Worker Other (ms):  0.0]
      [GC Worker Total (ms):  18.9]
      [GC Worker End (ms):  8398597.8]
   [Code Root Fixup: 0.0 ms]
   [Code Root Purge: 0.0 ms]
   [Clear CT: 0.0 ms]
   [Other: 0.4 ms]
      [Choose CSet: 0.0 ms]
      [Ref Proc: 0.0 ms]
      [Ref Enq: 0.0 ms]
      [Redirty Cards: 0.0 ms]
      [Humongous Register: 0.1 ms]
      [Humongous Reclaim: 0.0 ms]
      [Free CSet: 0.1 ms]
   [Eden: 46.0M(46.0M)->0.0B(47.0M) Survivors: 5120.0K->4096.0K Heap: 246.5M(1024.0M)->200.9M(1024.0M)]
 [Times: user=0.02 sys=0.00, real=0.02 secs] 
2016-12-19T23:05:19.238+0100: 8423.583: [GC pause (G1 Evacuation Pause) (young), 0.0201449 secs]
   [Parallel Time: 19.7 ms, GC Workers: 1]
      [GC Worker Start (ms):  8423583.3]
      [Ext Root Scanning (ms):  1.1]
      [Update RS (ms):  2.6]
         [Processed Buffers:  38]
      [Scan RS (ms):  4.2]
      [Code Root Scanning (ms):  0.0]
      [Object Copy (ms):  11.8]
      [Termination (ms):  0.0]
         [Termination Attempts:  1]
      [GC Worker Other (ms):  0.0]
      [GC Worker Total (ms):  19.7]
      [GC Worker End (ms):  8423603.0]
   [Code Root Fixup: 0.1 ms]
   [Code Root Purge: 0.0 ms]
   [Clear CT: 0.0 ms]
   [Other: 0.4 ms]
      [Choose CSet: 0.0 ms]
      [Ref Proc: 0.0 ms]
      [Ref Enq: 0.0 ms]
      [Redirty Cards: 0.0 ms]
      [Humongous Register: 0.0 ms]
      [Humongous Reclaim: 0.0 ms]
      [Free CSet: 0.1 ms]
   [Eden: 47.0M(47.0M)->0.0B(45.0M) Survivors: 4096.0K->6144.0K Heap: 247.9M(1024.0M)->202.4M(1024.0M)]
 [Times: user=0.02 sys=0.00, real=0.02 secs] 
2016-12-19T23:05:42.143+0100: 8446.489: [GC pause (G1 Evacuation Pause) (young), 0.0265763 secs]
   [Parallel Time: 25.9 ms, GC Workers: 1]
      [GC Worker Start (ms):  8446489.0]
      [Ext Root Scanning (ms):  4.5]
      [Update RS (ms):  3.2]
         [Processed Buffers:  36]
      [Scan RS (ms):  4.4]
      [Code Root Scanning (ms):  0.0]
      [Object Copy (ms):  13.7]
      [Termination (ms):  0.0]
         [Termination Attempts:  1]
      [GC Worker Other (ms):  0.0]
      [GC Worker Total (ms):  25.9]
      [GC Worker End (ms):  8446514.8]
   [Code Root Fixup: 0.1 ms]
   [Code Root Purge: 0.0 ms]
   [Clear CT: 0.1 ms]
   [Other: 0.6 ms]
      [Choose CSet: 0.0 ms]
      [Ref Proc: 0.0 ms]
      [Ref Enq: 0.0 ms]
      [Redirty Cards: 0.0 ms]
      [Humongous Register: 0.1 ms]
      [Humongous Reclaim: 0.0 ms]
      [Free CSet: 0.1 ms]
   [Eden: 45.0M(45.0M)->0.0B(47.0M) Survivors: 6144.0K->4096.0K Heap: 247.4M(1024.0M)->202.5M(1024.0M)]
 [Times: user=0.02 sys=0.00, real=0.03 secs] 
2016-12-19T23:06:06.369+0100: 8470.715: [GC pause (G1 Evacuation Pause) (young), 0.0210245 secs]
   [Parallel Time: 20.5 ms, GC Workers: 1]
      [GC Worker Start (ms):  8470715.0]
      [Ext Root Scanning (ms):  1.1]
      [Update RS (ms):  2.5]
         [Processed Buffers:  36]
      [Scan RS (ms):  4.9]
      [Code Root Scanning (ms):  0.0]
      [Object Copy (ms):  12.0]
      [Termination (ms):  0.0]
         [Termination Attempts:  1]
      [GC Worker Other (ms):  0.0]
      [GC Worker Total (ms):  20.5]
      [GC Worker End (ms):  8470735.5]
   [Code Root Fixup: 0.1 ms]
   [Code Root Purge: 0.0 ms]
   [Clear CT: 0.0 ms]
   [Other: 0.4 ms]
      [Choose CSet: 0.0 ms]
      [Ref Proc: 0.0 ms]
      [Ref Enq: 0.0 ms]
      [Redirty Cards: 0.0 ms]
      [Humongous Register: 0.0 ms]
      [Humongous Reclaim: 0.0 ms]
      [Free CSet: 0.1 ms]
   [Eden: 47.0M(47.0M)->0.0B(45.0M) Survivors: 4096.0K->6144.0K Heap: 249.5M(1024.0M)->204.0M(1024.0M)]
 [Times: user=0.02 sys=0.00, real=0.02 secs] 
2016-12-19T23:06:30.572+0100: 8494.917: [GC pause (G1 Evacuation Pause) (young), 0.0231448 secs]
   [Parallel Time: 22.6 ms, GC Workers: 1]
      [GC Worker Start (ms):  8494917.5]
      [Ext Root Scanning (ms):  1.1]
      [Update RS (ms):  3.4]
         [Processed Buffers:  34]
      [Scan RS (ms):  4.3]
      [Code Root Scanning (ms):  0.0]
      [Object Copy (ms):  13.8]
      [Termination (ms):  0.0]
         [Termination Attempts:  1]
      [GC Worker Other (ms):  0.0]
      [GC Worker Total (ms):  22.6]
      [GC Worker End (ms):  8494940.1]
   [Code Root Fixup: 0.0 ms]
   [Code Root Purge: 0.0 ms]
   [Clear CT: 0.0 ms]
   [Other: 0.4 ms]
      [Choose CSet: 0.0 ms]
      [Ref Proc: 0.0 ms]
      [Ref Enq: 0.0 ms]
      [Redirty Cards: 0.0 ms]
      [Humongous Register: 0.0 ms]
      [Humongous Reclaim: 0.0 ms]
      [Free CSet: 0.1 ms]
   [Eden: 45.0M(45.0M)->0.0B(47.0M) Survivors: 6144.0K->4096.0K Heap: 249.0M(1024.0M)->204.0M(1024.0M)]
 [Times: user=0.02 sys=0.00, real=0.02 secs] 
2016-12-19T23:06:54.248+0100: 8518.593: [GC pause (G1 Evacuation Pause) (young), 0.0181544 secs]
   [Parallel Time: 17.7 ms, GC Workers: 1]
      [GC Worker Start (ms):  8518593.6]
      [Ext Root Scanning (ms):  0.9]
      [Update RS (ms):  2.2]
         [Processed Buffers:  33]
      [Scan RS (ms):  4.1]
      [Code Root Scanning (ms):  0.0]
      [Object Copy (ms):  10.6]
      [Termination (ms):  0.0]
         [Termination Attempts:  1]
      [GC Worker Other (ms):  0.0]
      [GC Worker Total (ms):  17.7]
      [GC Worker End (ms):  8518611.3]
   [Code Root Fixup: 0.0 ms]
   [Code Root Purge: 0.0 ms]
   [Clear CT: 0.0 ms]
   [Other: 0.3 ms]
      [Choose CSet: 0.0 ms]
      [Ref Proc: 0.0 ms]
      [Ref Enq: 0.0 ms]
      [Redirty Cards: 0.0 ms]
      [Humongous Register: 0.0 ms]
      [Humongous Reclaim: 0.0 ms]
      [Free CSet: 0.1 ms]
   [Eden: 47.0M(47.0M)->0.0B(46.0M) Survivors: 4096.0K->5120.0K Heap: 251.0M(1024.0M)->205.5M(1024.0M)]
 [Times: user=0.02 sys=0.00, real=0.01 secs] 
2016-12-19T23:07:20.218+0100: 8544.563: [GC pause (G1 Evacuation Pause) (young), 0.0259007 secs]
   [Parallel Time: 25.3 ms, GC Workers: 1]
      [GC Worker Start (ms):  8544563.5]
      [Ext Root Scanning (ms):  2.2]
      [Update RS (ms):  5.4]
         [Processed Buffers:  34]
      [Scan RS (ms):  4.8]
      [Code Root Scanning (ms):  0.0]
      [Object Copy (ms):  12.9]
      [Termination (ms):  0.0]
         [Termination Attempts:  1]
      [GC Worker Other (ms):  0.0]
      [GC Worker Total (ms):  25.3]
      [GC Worker End (ms):  8544588.8]
   [Code Root Fixup: 0.0 ms]
   [Code Root Purge: 0.0 ms]
   [Clear CT: 0.0 ms]
   [Other: 0.5 ms]
      [Choose CSet: 0.0 ms]
      [Ref Proc: 0.0 ms]
      [Ref Enq: 0.0 ms]
      [Redirty Cards: 0.0 ms]
      [Humongous Register: 0.1 ms]
      [Humongous Reclaim: 0.0 ms]
      [Free CSet: 0.1 ms]
   [Eden: 46.0M(46.0M)->0.0B(47.0M) Survivors: 5120.0K->4096.0K Heap: 251.5M(1024.0M)->206.3M(1024.0M)]
 [Times: user=0.03 sys=0.00, real=0.03 secs] 
2016-12-19T23:07:45.278+0100: 8569.623: [GC pause (G1 Evacuation Pause) (young), 0.0198520 secs]
   [Parallel Time: 19.4 ms, GC Workers: 1]
      [GC Worker Start (ms):  8569623.5]
      [Ext Root Scanning (ms):  1.4]
      [Update RS (ms):  3.7]
         [Processed Buffers:  38]
      [Scan RS (ms):  4.3]
      [Code Root Scanning (ms):  0.0]
      [Object Copy (ms):  9.9]
      [Termination (ms):  0.0]
         [Termination Attempts:  1]
      [GC Worker Other (ms):  0.0]
      [GC Worker Total (ms):  19.3]
      [GC Worker End (ms):  8569642.8]
   [Code Root Fixup: 0.0 ms]
   [Code Root Purge: 0.0 ms]
   [Clear CT: 0.0 ms]
   [Other: 0.4 ms]
      [Choose CSet: 0.0 ms]
      [Ref Proc: 0.0 ms]
      [Ref Enq: 0.0 ms]
      [Redirty Cards: 0.0 ms]
      [Humongous Register: 0.1 ms]
      [Humongous Reclaim: 0.0 ms]
      [Free CSet: 0.1 ms]
   [Eden: 47.0M(47.0M)->0.0B(47.0M) Survivors: 4096.0K->4096.0K Heap: 253.3M(1024.0M)->206.3M(1024.0M)]
 [Times: user=0.02 sys=0.00, real=0.02 secs] 
2016-12-19T23:08:09.885+0100: 8594.231: [GC pause (G1 Evacuation Pause) (young), 0.0299218 secs]
   [Parallel Time: 29.2 ms, GC Workers: 1]
      [GC Worker Start (ms):  8594230.8]
      [Ext Root Scanning (ms):  1.3]
      [Update RS (ms):  5.0]
         [Processed Buffers:  37]
      [Scan RS (ms):  5.6]
      [Code Root Scanning (ms):  0.0]
      [Object Copy (ms):  17.2]
      [Termination (ms):  0.0]
         [Termination Attempts:  1]
      [GC Worker Other (ms):  0.0]
      [GC Worker Total (ms):  29.1]
      [GC Worker End (ms):  8594260.0]
   [Code Root Fixup: 0.1 ms]
   [Code Root Purge: 0.0 ms]
   [Clear CT: 0.0 ms]
   [Other: 0.6 ms]
      [Choose CSet: 0.0 ms]
      [Ref Proc: 0.0 ms]
      [Ref Enq: 0.0 ms]
      [Redirty Cards: 0.0 ms]
      [Humongous Register: 0.1 ms]
      [Humongous Reclaim: 0.0 ms]
      [Free CSet: 0.2 ms]
   [Eden: 47.0M(47.0M)->0.0B(46.0M) Survivors: 4096.0K->5120.0K Heap: 253.3M(1024.0M)->207.3M(1024.0M)]
 [Times: user=0.03 sys=0.00, real=0.03 secs] 
2016-12-19T23:08:35.164+0100: 8619.510: [GC pause (G1 Evacuation Pause) (young), 0.0265338 secs]
   [Parallel Time: 26.0 ms, GC Workers: 1]
      [GC Worker Start (ms):  8619509.7]
      [Ext Root Scanning (ms):  5.2]
      [Update RS (ms):  3.2]
         [Processed Buffers:  36]
      [Scan RS (ms):  4.6]
      [Code Root Scanning (ms):  0.0]
      [Object Copy (ms):  12.9]
      [Termination (ms):  0.0]
         [Termination Attempts:  1]
      [GC Worker Other (ms):  0.0]
      [GC Worker Total (ms):  25.9]
      [GC Worker End (ms):  8619535.7]
   [Code Root Fixup: 0.1 ms]
   [Code Root Purge: 0.0 ms]
   [Clear CT: 0.0 ms]
   [Other: 0.5 ms]
      [Choose CSet: 0.0 ms]
      [Ref Proc: 0.0 ms]
      [Ref Enq: 0.0 ms]
      [Redirty Cards: 0.0 ms]
      [Humongous Register: 0.1 ms]
      [Humongous Reclaim: 0.0 ms]
      [Free CSet: 0.1 ms]
   [Eden: 46.0M(46.0M)->0.0B(47.0M) Survivors: 5120.0K->4096.0K Heap: 253.3M(1024.0M)->207.6M(1024.0M)]
 [Times: user=0.02 sys=0.00, real=0.03 secs] 
2016-12-19T23:09:00.499+0100: 8644.844: [GC pause (G1 Evacuation Pause) (young), 0.0247183 secs]
   [Parallel Time: 24.2 ms, GC Workers: 1]
      [GC Worker Start (ms):  8644844.3]
      [Ext Root Scanning (ms):  2.2]
      [Update RS (ms):  5.2]
         [Processed Buffers:  37]
      [Scan RS (ms):  4.2]
      [Code Root Scanning (ms):  0.0]
      [Object Copy (ms):  12.5]
      [Termination (ms):  0.0]
         [Termination Attempts:  1]
      [GC Worker Other (ms):  0.0]
      [GC Worker Total (ms):  24.1]
      [GC Worker End (ms):  8644868.4]
   [Code Root Fixup: 0.0 ms]
   [Code Root Purge: 0.0 ms]
   [Clear CT: 0.0 ms]
   [Other: 0.5 ms]
      [Choose CSet: 0.0 ms]
      [Ref Proc: 0.0 ms]
      [Ref Enq: 0.0 ms]
      [Redirty Cards: 0.0 ms]
      [Humongous Register: 0.1 ms]
      [Humongous Reclaim: 0.0 ms]
      [Free CSet: 0.1 ms]
   [Eden: 47.0M(47.0M)->0.0B(45.0M) Survivors: 4096.0K->6144.0K Heap: 254.6M(1024.0M)->209.1M(1024.0M)]
 [Times: user=0.03 sys=0.00, real=0.03 secs] 
2016-12-19T23:09:25.479+0100: 8669.824: [GC pause (G1 Evacuation Pause) (young), 0.0257217 secs]
   [Parallel Time: 25.1 ms, GC Workers: 1]
      [GC Worker Start (ms):  8669824.3]
      [Ext Root Scanning (ms):  1.1]
      [Update RS (ms):  2.6]
         [Processed Buffers:  37]
      [Scan RS (ms):  5.9]
      [Code Root Scanning (ms):  0.0]
      [Object Copy (ms):  15.5]
      [Termination (ms):  0.0]
         [Termination Attempts:  1]
      [GC Worker Other (ms):  0.0]
      [GC Worker Total (ms):  25.1]
      [GC Worker End (ms):  8669849.4]
   [Code Root Fixup: 0.0 ms]
   [Code Root Purge: 0.0 ms]
   [Clear CT: 0.0 ms]
   [Other: 0.5 ms]
      [Choose CSet: 0.0 ms]
      [Ref Proc: 0.0 ms]
      [Ref Enq: 0.0 ms]
      [Redirty Cards: 0.0 ms]
      [Humongous Register: 0.0 ms]
      [Humongous Reclaim: 0.1 ms]
      [Free CSet: 0.1 ms]
   [Eden: 45.0M(45.0M)->0.0B(47.0M) Survivors: 6144.0K->4096.0K Heap: 254.1M(1024.0M)->209.2M(1024.0M)]
 [Times: user=0.02 sys=0.00, real=0.03 secs] 
2016-12-19T23:09:50.535+0100: 8694.880: [GC pause (G1 Evacuation Pause) (young), 0.0236522 secs]
   [Parallel Time: 23.0 ms, GC Workers: 1]
      [GC Worker Start (ms):  8694880.8]
      [Ext Root Scanning (ms):  1.4]
      [Update RS (ms):  4.2]
         [Processed Buffers:  36]
      [Scan RS (ms):  4.6]
      [Code Root Scanning (ms):  0.0]
      [Object Copy (ms):  12.8]
      [Termination (ms):  0.0]
         [Termination Attempts:  1]
      [GC Worker Other (ms):  0.0]
      [GC Worker Total (ms):  23.0]
      [GC Worker End (ms):  8694903.7]
   [Code Root Fixup: 0.1 ms]
   [Code Root Purge: 0.0 ms]
   [Clear CT: 0.0 ms]
   [Other: 0.6 ms]
      [Choose CSet: 0.0 ms]
      [Ref Proc: 0.0 ms]
      [Ref Enq: 0.0 ms]
      [Redirty Cards: 0.0 ms]
      [Humongous Register: 0.2 ms]
      [Humongous Reclaim: 0.0 ms]
      [Free CSet: 0.1 ms]
   [Eden: 47.0M(47.0M)->0.0B(45.0M) Survivors: 4096.0K->6144.0K Heap: 256.2M(1024.0M)->210.7M(1024.0M)]
 [Times: user=0.03 sys=0.00, real=0.02 secs] 
2016-12-19T23:10:15.151+0100: 8719.497: [GC pause (G1 Evacuation Pause) (young), 0.0203287 secs]
   [Parallel Time: 19.9 ms, GC Workers: 1]
      [GC Worker Start (ms):  8719496.8]
      [Ext Root Scanning (ms):  1.1]
      [Update RS (ms):  2.7]
         [Processed Buffers:  33]
      [Scan RS (ms):  4.1]
      [Code Root Scanning (ms):  0.0]
      [Object Copy (ms):  12.0]
      [Termination (ms):  0.0]
         [Termination Attempts:  1]
      [GC Worker Other (ms):  0.0]
      [GC Worker Total (ms):  19.9]
      [GC Worker End (ms):  8719516.6]
   [Code Root Fixup: 0.0 ms]
   [Code Root Purge: 0.0 ms]
   [Clear CT: 0.0 ms]
   [Other: 0.3 ms]
      [Choose CSet: 0.0 ms]
      [Ref Proc: 0.0 ms]
      [Ref Enq: 0.0 ms]
      [Redirty Cards: 0.0 ms]
      [Humongous Register: 0.0 ms]
      [Humongous Reclaim: 0.0 ms]
      [Free CSet: 0.1 ms]
   [Eden: 45.0M(45.0M)->0.0B(47.0M) Survivors: 6144.0K->4096.0K Heap: 255.7M(1024.0M)->210.7M(1024.0M)]
 [Times: user=0.02 sys=0.00, real=0.02 secs] 
2016-12-19T23:10:39.190+0100: 8743.535: [GC pause (G1 Evacuation Pause) (young), 0.0255440 secs]
   [Parallel Time: 25.0 ms, GC Workers: 1]
      [GC Worker Start (ms):  8743535.4]
      [Ext Root Scanning (ms):  2.4]
      [Update RS (ms):  4.9]
         [Processed Buffers:  38]
      [Scan RS (ms):  4.6]
      [Code Root Scanning (ms):  0.0]
      [Object Copy (ms):  13.1]
      [Termination (ms):  0.0]
         [Termination Attempts:  1]
      [GC Worker Other (ms):  0.0]
      [GC Worker Total (ms):  25.0]
      [GC Worker End (ms):  8743560.4]
   [Code Root Fixup: 0.0 ms]
   [Code Root Purge: 0.0 ms]
   [Clear CT: 0.0 ms]
   [Other: 0.4 ms]
      [Choose CSet: 0.0 ms]
      [Ref Proc: 0.0 ms]
      [Ref Enq: 0.0 ms]
      [Redirty Cards: 0.0 ms]
      [Humongous Register: 0.1 ms]
      [Humongous Reclaim: 0.0 ms]
      [Free CSet: 0.1 ms]
   [Eden: 47.0M(47.0M)->0.0B(45.0M) Survivors: 4096.0K->6144.0K Heap: 257.7M(1024.0M)->212.2M(1024.0M)]
 [Times: user=0.02 sys=0.00, real=0.02 secs] 
2016-12-19T23:11:01.989+0100: 8766.334: [GC pause (G1 Evacuation Pause) (young), 0.0556632 secs]
   [Parallel Time: 54.9 ms, GC Workers: 1]
      [GC Worker Start (ms):  8766334.4]
      [Ext Root Scanning (ms):  2.6]
      [Update RS (ms):  6.1]
         [Processed Buffers:  36]
      [Scan RS (ms):  7.0]
      [Code Root Scanning (ms):  0.0]
      [Object Copy (ms):  39.1]
      [Termination (ms):  0.0]
         [Termination Attempts:  1]
      [GC Worker Other (ms):  0.0]
      [GC Worker Total (ms):  54.9]
      [GC Worker End (ms):  8766389.3]
   [Code Root Fixup: 0.1 ms]
   [Code Root Purge: 0.0 ms]
   [Clear CT: 0.1 ms]
   [Other: 0.6 ms]
      [Choose CSet: 0.0 ms]
      [Ref Proc: 0.1 ms]
      [Ref Enq: 0.0 ms]
      [Redirty Cards: 0.1 ms]
      [Humongous Register: 0.1 ms]
      [Humongous Reclaim: 0.1 ms]
      [Free CSet: 0.1 ms]
   [Eden: 45.0M(45.0M)->0.0B(47.0M) Survivors: 6144.0K->4096.0K Heap: 257.2M(1024.0M)->212.7M(1024.0M)]
 [Times: user=0.05 sys=0.00, real=0.05 secs] 
2016-12-19T23:11:25.961+0100: 8790.306: [GC pause (G1 Evacuation Pause) (young), 0.0809976 secs]
   [Parallel Time: 80.5 ms, GC Workers: 1]
      [GC Worker Start (ms):  8790306.5]
      [Ext Root Scanning (ms):  1.7]
      [Update RS (ms):  49.8]
         [Processed Buffers:  54]
      [Scan RS (ms):  1.8]
      [Code Root Scanning (ms):  0.0]
      [Object Copy (ms):  27.1]
      [Termination (ms):  0.0]
         [Termination Attempts:  1]
      [GC Worker Other (ms):  0.0]
      [GC Worker Total (ms):  80.4]
      [GC Worker End (ms):  8790386.9]
   [Code Root Fixup: 0.1 ms]
   [Code Root Purge: 0.0 ms]
   [Clear CT: 0.0 ms]
   [Other: 0.4 ms]
      [Choose CSet: 0.0 ms]
      [Ref Proc: 0.0 ms]
      [Ref Enq: 0.0 ms]
      [Redirty Cards: 0.0 ms]
      [Humongous Register: 0.0 ms]
      [Humongous Reclaim: 0.0 ms]
      [Free CSet: 0.1 ms]
   [Eden: 47.0M(47.0M)->0.0B(47.0M) Survivors: 4096.0K->4096.0K Heap: 259.7M(1024.0M)->212.7M(1024.0M)]
 [Times: user=0.05 sys=0.02, real=0.08 secs] 
2016-12-19T23:11:50.823+0100: 8815.168: [GC pause (G1 Evacuation Pause) (young), 0.0305327 secs]
   [Parallel Time: 29.8 ms, GC Workers: 1]
      [GC Worker Start (ms):  8815168.6]
      [Ext Root Scanning (ms):  3.1]
      [Update RS (ms):  3.1]
         [Processed Buffers:  37]
      [Scan RS (ms):  4.8]
      [Code Root Scanning (ms):  0.0]
      [Object Copy (ms):  18.7]
      [Termination (ms):  0.0]
         [Termination Attempts:  1]
      [GC Worker Other (ms):  0.0]
      [GC Worker Total (ms):  29.8]
      [GC Worker End (ms):  8815198.3]
   [Code Root Fixup: 0.1 ms]
   [Code Root Purge: 0.0 ms]
   [Clear CT: 0.0 ms]
   [Other: 0.6 ms]
      [Choose CSet: 0.0 ms]
      [Ref Proc: 0.1 ms]
      [Ref Enq: 0.0 ms]
      [Redirty Cards: 0.0 ms]
      [Humongous Register: 0.1 ms]
      [Humongous Reclaim: 0.0 ms]
      [Free CSet: 0.1 ms]
   [Eden: 47.0M(47.0M)->0.0B(46.0M) Survivors: 4096.0K->5120.0K Heap: 259.7M(1024.0M)->213.7M(1024.0M)]
 [Times: user=0.03 sys=0.00, real=0.03 secs] 
2016-12-19T23:12:14.999+0100: 8839.344: [GC pause (G1 Evacuation Pause) (young), 0.1820634 secs]
   [Parallel Time: 85.8 ms, GC Workers: 1]
      [GC Worker Start (ms):  8839440.0]
      [Ext Root Scanning (ms):  6.0]
      [Update RS (ms):  6.7]
         [Processed Buffers:  37]
      [Scan RS (ms):  16.7]
      [Code Root Scanning (ms):  0.0]
      [Object Copy (ms):  56.3]
      [Termination (ms):  0.0]
         [Termination Attempts:  1]
      [GC Worker Other (ms):  0.0]
      [GC Worker Total (ms):  85.8]
      [GC Worker End (ms):  8839525.8]
   [Code Root Fixup: 0.1 ms]
   [Code Root Purge: 0.0 ms]
   [Clear CT: 0.1 ms]
   [Other: 96.1 ms]
      [Choose CSet: 0.0 ms]
      [Ref Proc: 0.0 ms]
      [Ref Enq: 0.0 ms]
      [Redirty Cards: 0.1 ms]
      [Humongous Register: 0.1 ms]
      [Humongous Reclaim: 0.0 ms]
      [Free CSet: 0.1 ms]
   [Eden: 46.0M(46.0M)->0.0B(47.0M) Survivors: 5120.0K->4096.0K Heap: 259.7M(1024.0M)->214.0M(1024.0M)]
 [Times: user=0.10 sys=0.02, real=0.19 secs] 
2016-12-19T23:12:39.805+0100: 8864.150: [GC pause (G1 Evacuation Pause) (young), 0.0396544 secs]
   [Parallel Time: 38.9 ms, GC Workers: 1]
      [GC Worker Start (ms):  8864150.2]
      [Ext Root Scanning (ms):  2.0]
      [Update RS (ms):  5.0]
         [Processed Buffers:  38]
      [Scan RS (ms):  9.4]
      [Code Root Scanning (ms):  0.0]
      [Object Copy (ms):  22.5]
      [Termination (ms):  0.0]
         [Termination Attempts:  1]
      [GC Worker Other (ms):  0.0]
      [GC Worker Total (ms):  38.8]
      [GC Worker End (ms):  8864189.1]
   [Code Root Fixup: 0.1 ms]
   [Code Root Purge: 0.0 ms]
   [Clear CT: 0.1 ms]
   [Other: 0.6 ms]
      [Choose CSet: 0.0 ms]
      [Ref Proc: 0.0 ms]
      [Ref Enq: 0.0 ms]
      [Redirty Cards: 0.0 ms]
      [Humongous Register: 0.1 ms]
      [Humongous Reclaim: 0.0 ms]
      [Free CSet: 0.1 ms]
   [Eden: 47.0M(47.0M)->0.0B(45.0M) Survivors: 4096.0K->6144.0K Heap: 261.0M(1024.0M)->215.5M(1024.0M)]
 [Times: user=0.04 sys=0.01, real=0.04 secs] 
2016-12-19T23:13:04.282+0100: 8888.627: [GC pause (G1 Evacuation Pause) (young), 0.0374703 secs]
   [Parallel Time: 36.8 ms, GC Workers: 1]
      [GC Worker Start (ms):  8888627.5]
      [Ext Root Scanning (ms):  1.2]
      [Update RS (ms):  5.3]
         [Processed Buffers:  37]
      [Scan RS (ms):  6.9]
      [Code Root Scanning (ms):  0.0]
      [Object Copy (ms):  23.3]
      [Termination (ms):  0.0]
         [Termination Attempts:  1]
      [GC Worker Other (ms):  0.0]
      [GC Worker Total (ms):  36.7]
      [GC Worker End (ms):  8888664.3]
   [Code Root Fixup: 0.1 ms]
   [Code Root Purge: 0.0 ms]
   [Clear CT: 0.1 ms]
   [Other: 0.6 ms]
      [Choose CSet: 0.0 ms]
      [Ref Proc: 0.0 ms]
      [Ref Enq: 0.0 ms]
      [Redirty Cards: 0.1 ms]
      [Humongous Register: 0.1 ms]
      [Humongous Reclaim: 0.0 ms]
      [Free CSet: 0.1 ms]
   [Eden: 45.0M(45.0M)->0.0B(47.0M) Survivors: 6144.0K->4096.0K Heap: 260.5M(1024.0M)->215.5M(1024.0M)]
 [Times: user=0.04 sys=0.00, real=0.04 secs] 
2016-12-19T23:13:31.651+0100: 8915.997: [GC pause (G1 Evacuation Pause) (young), 0.0251594 secs]
   [Parallel Time: 24.5 ms, GC Workers: 1]
      [GC Worker Start (ms):  8915996.8]
      [Ext Root Scanning (ms):  3.5]
      [Update RS (ms):  3.5]
         [Processed Buffers:  35]
      [Scan RS (ms):  4.9]
      [Code Root Scanning (ms):  0.0]
      [Object Copy (ms):  12.6]
      [Termination (ms):  0.0]
         [Termination Attempts:  1]
      [GC Worker Other (ms):  0.0]
      [GC Worker Total (ms):  24.5]
      [GC Worker End (ms):  8916021.3]
   [Code Root Fixup: 0.1 ms]
   [Code Root Purge: 0.0 ms]
   [Clear CT: 0.0 ms]
   [Other: 0.5 ms]
      [Choose CSet: 0.0 ms]
      [Ref Proc: 0.0 ms]
      [Ref Enq: 0.0 ms]
      [Redirty Cards: 0.0 ms]
      [Humongous Register: 0.1 ms]
      [Humongous Reclaim: 0.0 ms]
      [Free CSet: 0.1 ms]
   [Eden: 47.0M(47.0M)->0.0B(45.0M) Survivors: 4096.0K->6144.0K Heap: 262.5M(1024.0M)->217.0M(1024.0M)]
 [Times: user=0.03 sys=0.00, real=0.02 secs] 
2016-12-19T23:13:57.041+0100: 8941.386: [GC pause (G1 Evacuation Pause) (young), 0.0339700 secs]
   [Parallel Time: 33.4 ms, GC Workers: 1]
      [GC Worker Start (ms):  8941386.4]
      [Ext Root Scanning (ms):  3.7]
      [Update RS (ms):  4.6]
         [Processed Buffers:  35]
      [Scan RS (ms):  9.9]
      [Code Root Scanning (ms):  0.0]
      [Object Copy (ms):  15.2]
      [Termination (ms):  0.0]
         [Termination Attempts:  1]
      [GC Worker Other (ms):  0.0]
      [GC Worker Total (ms):  33.4]
      [GC Worker End (ms):  8941419.7]
   [Code Root Fixup: 0.0 ms]
   [Code Root Purge: 0.0 ms]
   [Clear CT: 0.0 ms]
   [Other: 0.5 ms]
      [Choose CSet: 0.0 ms]
      [Ref Proc: 0.0 ms]
      [Ref Enq: 0.0 ms]
      [Redirty Cards: 0.0 ms]
      [Humongous Register: 0.1 ms]
      [Humongous Reclaim: 0.0 ms]
      [Free CSet: 0.1 ms]
   [Eden: 45.0M(45.0M)->0.0B(47.0M) Survivors: 6144.0K->4096.0K Heap: 262.0M(1024.0M)->217.0M(1024.0M)]
 [Times: user=0.04 sys=0.00, real=0.03 secs] 
2016-12-19T23:14:21.829+0100: 8966.175: [GC pause (G1 Evacuation Pause) (young), 0.0374580 secs]
   [Parallel Time: 36.9 ms, GC Workers: 1]
      [GC Worker Start (ms):  8966175.1]
      [Ext Root Scanning (ms):  1.6]
      [Update RS (ms):  3.8]
         [Processed Buffers:  40]
      [Scan RS (ms):  8.8]
      [Code Root Scanning (ms):  0.0]
      [Object Copy (ms):  22.6]
      [Termination (ms):  0.0]
         [Termination Attempts:  1]
      [GC Worker Other (ms):  0.0]
      [GC Worker Total (ms):  36.8]
      [GC Worker End (ms):  8966212.0]
   [Code Root Fixup: 0.0 ms]
   [Code Root Purge: 0.0 ms]
   [Clear CT: 0.0 ms]
   [Other: 0.5 ms]
      [Choose CSet: 0.0 ms]
      [Ref Proc: 0.0 ms]
      [Ref Enq: 0.0 ms]
      [Redirty Cards: 0.0 ms]
      [Humongous Register: 0.1 ms]
      [Humongous Reclaim: 0.0 ms]
      [Free CSet: 0.1 ms]
   [Eden: 47.0M(47.0M)->0.0B(45.0M) Survivors: 4096.0K->6144.0K Heap: 264.0M(1024.0M)->218.5M(1024.0M)]
 [Times: user=0.04 sys=0.00, real=0.03 secs] 
2016-12-19T23:14:46.633+0100: 8990.979: [GC pause (G1 Evacuation Pause) (young), 0.0369208 secs]
   [Parallel Time: 36.2 ms, GC Workers: 1]
      [GC Worker Start (ms):  8990978.9]
      [Ext Root Scanning (ms):  2.9]
      [Update RS (ms):  7.0]
         [Processed Buffers:  37]
      [Scan RS (ms):  7.0]
      [Code Root Scanning (ms):  0.0]
      [Object Copy (ms):  19.2]
      [Termination (ms):  0.0]
         [Termination Attempts:  1]
      [GC Worker Other (ms):  0.1]
      [GC Worker Total (ms):  36.1]
      [GC Worker End (ms):  8991015.0]
   [Code Root Fixup: 0.1 ms]
   [Code Root Purge: 0.0 ms]
   [Clear CT: 0.1 ms]
   [Other: 0.6 ms]
      [Choose CSet: 0.0 ms]
      [Ref Proc: 0.0 ms]
      [Ref Enq: 0.0 ms]
      [Redirty Cards: 0.0 ms]
      [Humongous Register: 0.1 ms]
      [Humongous Reclaim: 0.0 ms]
      [Free CSet: 0.1 ms]
   [Eden: 45.0M(45.0M)->0.0B(47.0M) Survivors: 6144.0K->4096.0K Heap: 263.5M(1024.0M)->219.0M(1024.0M)]
 [Times: user=0.03 sys=0.00, real=0.04 secs] 
2016-12-19T23:15:11.230+0100: 9015.576: [GC pause (G1 Evacuation Pause) (young), 0.0280128 secs]
   [Parallel Time: 27.5 ms, GC Workers: 1]
      [GC Worker Start (ms):  9015576.0]
      [Ext Root Scanning (ms):  1.1]
      [Update RS (ms):  2.2]
         [Processed Buffers:  38]
      [Scan RS (ms):  7.2]
      [Code Root Scanning (ms):  0.0]
      [Object Copy (ms):  16.9]
      [Termination (ms):  0.0]
         [Termination Attempts:  1]
      [GC Worker Other (ms):  0.0]
      [GC Worker Total (ms):  27.5]
      [GC Worker End (ms):  9015603.5]
   [Code Root Fixup: 0.0 ms]
   [Code Root Purge: 0.0 ms]
   [Clear CT: 0.0 ms]
   [Other: 0.4 ms]
      [Choose CSet: 0.0 ms]
      [Ref Proc: 0.0 ms]
      [Ref Enq: 0.0 ms]
      [Redirty Cards: 0.0 ms]
      [Humongous Register: 0.0 ms]
      [Humongous Reclaim: 0.0 ms]
      [Free CSet: 0.1 ms]
   [Eden: 47.0M(47.0M)->0.0B(46.0M) Survivors: 4096.0K->5120.0K Heap: 266.0M(1024.0M)->220.0M(1024.0M)]
 [Times: user=0.02 sys=0.00, real=0.02 secs] 
2016-12-19T23:15:35.283+0100: 9039.629: [GC pause (G1 Evacuation Pause) (young), 0.0230718 secs]
   [Parallel Time: 22.6 ms, GC Workers: 1]
      [GC Worker Start (ms):  9039628.9]
      [Ext Root Scanning (ms):  1.3]
      [Update RS (ms):  6.8]
         [Processed Buffers:  43]
      [Scan RS (ms):  2.1]
      [Code Root Scanning (ms):  0.0]
      [Object Copy (ms):  12.4]
      [Termination (ms):  0.0]
         [Termination Attempts:  1]
      [GC Worker Other (ms):  0.0]
      [GC Worker Total (ms):  22.6]
      [GC Worker End (ms):  9039651.5]
   [Code Root Fixup: 0.1 ms]
   [Code Root Purge: 0.0 ms]
   [Clear CT: 0.0 ms]
   [Other: 0.4 ms]
      [Choose CSet: 0.0 ms]
      [Ref Proc: 0.0 ms]
      [Ref Enq: 0.0 ms]
      [Redirty Cards: 0.0 ms]
      [Humongous Register: 0.0 ms]
      [Humongous Reclaim: 0.0 ms]
      [Free CSet: 0.0 ms]
   [Eden: 46.0M(46.0M)->0.0B(47.0M) Survivors: 5120.0K->4096.0K Heap: 266.0M(1024.0M)->220.7M(1024.0M)]
 [Times: user=0.02 sys=0.00, real=0.02 secs] 
2016-12-19T23:15:58.708+0100: 9063.054: [GC pause (G1 Evacuation Pause) (young), 0.0410219 secs]
   [Parallel Time: 39.5 ms, GC Workers: 1]
      [GC Worker Start (ms):  9063054.3]
      [Ext Root Scanning (ms):  2.1]
      [Update RS (ms):  7.3]
         [Processed Buffers:  39]
      [Scan RS (ms):  9.4]
      [Code Root Scanning (ms):  0.0]
      [Object Copy (ms):  20.5]
      [Termination (ms):  0.0]
         [Termination Attempts:  1]
      [GC Worker Other (ms):  0.0]
      [GC Worker Total (ms):  39.4]
      [GC Worker End (ms):  9063093.7]
   [Code Root Fixup: 0.1 ms]
   [Code Root Purge: 0.0 ms]
   [Clear CT: 0.1 ms]
   [Other: 1.4 ms]
      [Choose CSet: 0.0 ms]
      [Ref Proc: 0.1 ms]
      [Ref Enq: 0.0 ms]
      [Redirty Cards: 0.0 ms]
      [Humongous Register: 0.3 ms]
      [Humongous Reclaim: 0.0 ms]
      [Free CSet: 0.2 ms]
   [Eden: 47.0M(47.0M)->0.0B(47.0M) Survivors: 4096.0K->4096.0K Heap: 267.7M(1024.0M)->220.7M(1024.0M)]
 [Times: user=0.04 sys=0.00, real=0.04 secs] 
2016-12-19T23:16:24.835+0100: 9089.181: [GC pause (G1 Evacuation Pause) (young), 0.0220349 secs]
   [Parallel Time: 21.4 ms, GC Workers: 1]
      [GC Worker Start (ms):  9089180.7]
      [Ext Root Scanning (ms):  2.0]
      [Update RS (ms):  2.7]
         [Processed Buffers:  37]
      [Scan RS (ms):  4.6]
      [Code Root Scanning (ms):  0.0]
      [Object Copy (ms):  12.1]
      [Termination (ms):  0.0]
         [Termination Attempts:  1]
      [GC Worker Other (ms):  0.0]
      [GC Worker Total (ms):  21.4]
      [GC Worker End (ms):  9089202.0]
   [Code Root Fixup: 0.0 ms]
   [Code Root Purge: 0.0 ms]
   [Clear CT: 0.1 ms]
   [Other: 0.5 ms]
      [Choose CSet: 0.0 ms]
      [Ref Proc: 0.0 ms]
      [Ref Enq: 0.0 ms]
      [Redirty Cards: 0.0 ms]
      [Humongous Register: 0.0 ms]
      [Humongous Reclaim: 0.0 ms]
      [Free CSet: 0.1 ms]
   [Eden: 47.0M(47.0M)->0.0B(46.0M) Survivors: 4096.0K->5120.0K Heap: 267.7M(1024.0M)->221.7M(1024.0M)]
 [Times: user=0.02 sys=0.00, real=0.02 secs] 
2016-12-19T23:16:50.589+0100: 9114.935: [GC pause (G1 Evacuation Pause) (young), 0.0252753 secs]
   [Parallel Time: 24.5 ms, GC Workers: 1]
      [GC Worker Start (ms):  9114935.1]
      [Ext Root Scanning (ms):  1.3]
      [Update RS (ms):  3.1]
         [Processed Buffers:  37]
      [Scan RS (ms):  5.1]
      [Code Root Scanning (ms):  0.0]
      [Object Copy (ms):  14.9]
      [Termination (ms):  0.0]
         [Termination Attempts:  1]
      [GC Worker Other (ms):  0.0]
      [GC Worker Total (ms):  24.5]
      [GC Worker End (ms):  9114959.6]
   [Code Root Fixup: 0.0 ms]
   [Code Root Purge: 0.0 ms]
   [Clear CT: 0.1 ms]
   [Other: 0.6 ms]
      [Choose CSet: 0.0 ms]
      [Ref Proc: 0.0 ms]
      [Ref Enq: 0.0 ms]
      [Redirty Cards: 0.0 ms]
      [Humongous Register: 0.1 ms]
      [Humongous Reclaim: 0.0 ms]
      [Free CSet: 0.1 ms]
   [Eden: 46.0M(46.0M)->0.0B(47.0M) Survivors: 5120.0K->4096.0K Heap: 267.7M(1024.0M)->221.9M(1024.0M)]
 [Times: user=0.03 sys=0.00, real=0.02 secs] 
2016-12-19T23:17:16.018+0100: 9140.363: [GC pause (G1 Evacuation Pause) (young), 0.0209325 secs]
   [Parallel Time: 20.4 ms, GC Workers: 1]
      [GC Worker Start (ms):  9140363.3]
      [Ext Root Scanning (ms):  1.1]
      [Update RS (ms):  2.3]
         [Processed Buffers:  39]
      [Scan RS (ms):  4.2]
      [Code Root Scanning (ms):  0.0]
      [Object Copy (ms):  12.8]
      [Termination (ms):  0.0]
         [Termination Attempts:  1]
      [GC Worker Other (ms):  0.0]
      [GC Worker Total (ms):  20.4]
      [GC Worker End (ms):  9140383.7]
   [Code Root Fixup: 0.0 ms]
   [Code Root Purge: 0.0 ms]
   [Clear CT: 0.0 ms]
   [Other: 0.4 ms]
      [Choose CSet: 0.0 ms]
      [Ref Proc: 0.0 ms]
      [Ref Enq: 0.0 ms]
      [Redirty Cards: 0.0 ms]
      [Humongous Register: 0.1 ms]
      [Humongous Reclaim: 0.0 ms]
      [Free CSet: 0.1 ms]
   [Eden: 47.0M(47.0M)->0.0B(45.0M) Survivors: 4096.0K->6144.0K Heap: 268.9M(1024.0M)->223.4M(1024.0M)]
 [Times: user=0.02 sys=0.00, real=0.02 secs] 
2016-12-19T23:17:39.442+0100: 9163.787: [GC pause (G1 Evacuation Pause) (young), 0.0333174 secs]
   [Parallel Time: 32.9 ms, GC Workers: 1]
      [GC Worker Start (ms):  9163787.1]
      [Ext Root Scanning (ms):  1.3]
      [Update RS (ms):  3.2]
         [Processed Buffers:  38]
      [Scan RS (ms):  5.1]
      [Code Root Scanning (ms):  0.0]
      [Object Copy (ms):  23.1]
      [Termination (ms):  0.0]
         [Termination Attempts:  1]
      [GC Worker Other (ms):  0.0]
      [GC Worker Total (ms):  32.8]
      [GC Worker End (ms):  9163819.9]
   [Code Root Fixup: 0.0 ms]
   [Code Root Purge: 0.0 ms]
   [Clear CT: 0.0 ms]
   [Other: 0.4 ms]
      [Choose CSet: 0.0 ms]
      [Ref Proc: 0.0 ms]
      [Ref Enq: 0.0 ms]
      [Redirty Cards: 0.0 ms]
      [Humongous Register: 0.0 ms]
      [Humongous Reclaim: 0.0 ms]
      [Free CSet: 0.1 ms]
   [Eden: 45.0M(45.0M)->0.0B(47.0M) Survivors: 6144.0K->4096.0K Heap: 268.4M(1024.0M)->223.5M(1024.0M)]
 [Times: user=0.03 sys=0.00, real=0.03 secs] 
2016-12-19T23:18:04.332+0100: 9188.677: [GC pause (G1 Evacuation Pause) (young), 0.0407117 secs]
   [Parallel Time: 39.8 ms, GC Workers: 1]
      [GC Worker Start (ms):  9188677.3]
      [Ext Root Scanning (ms):  1.5]
      [Update RS (ms):  7.6]
         [Processed Buffers:  37]
      [Scan RS (ms):  8.8]
      [Code Root Scanning (ms):  0.0]
      [Object Copy (ms):  21.6]
      [Termination (ms):  0.0]
         [Termination Attempts:  1]
      [GC Worker Other (ms):  0.0]
      [GC Worker Total (ms):  39.5]
      [GC Worker End (ms):  9188716.8]
   [Code Root Fixup: 0.1 ms]
   [Code Root Purge: 0.0 ms]
   [Clear CT: 0.1 ms]
   [Other: 0.7 ms]
      [Choose CSet: 0.0 ms]
      [Ref Proc: 0.1 ms]
      [Ref Enq: 0.0 ms]
      [Redirty Cards: 0.1 ms]
      [Humongous Register: 0.1 ms]
      [Humongous Reclaim: 0.1 ms]
      [Free CSet: 0.1 ms]
   [Eden: 47.0M(47.0M)->0.0B(45.0M) Survivors: 4096.0K->6144.0K Heap: 270.5M(1024.0M)->225.0M(1024.0M)]
 [Times: user=0.04 sys=0.01, real=0.04 secs] 
2016-12-19T23:18:27.901+0100: 9212.246: [GC pause (G1 Evacuation Pause) (young), 0.0227658 secs]
   [Parallel Time: 22.3 ms, GC Workers: 1]
      [GC Worker Start (ms):  9212246.6]
      [Ext Root Scanning (ms):  2.9]
      [Update RS (ms):  2.9]
         [Processed Buffers:  38]
      [Scan RS (ms):  3.9]
      [Code Root Scanning (ms):  0.0]
      [Object Copy (ms):  12.5]
      [Termination (ms):  0.0]
         [Termination Attempts:  1]
      [GC Worker Other (ms):  0.0]
      [GC Worker Total (ms):  22.3]
      [GC Worker End (ms):  9212268.9]
   [Code Root Fixup: 0.0 ms]
   [Code Root Purge: 0.0 ms]
   [Clear CT: 0.0 ms]
   [Other: 0.4 ms]
      [Choose CSet: 0.0 ms]
      [Ref Proc: 0.0 ms]
      [Ref Enq: 0.0 ms]
      [Redirty Cards: 0.0 ms]
      [Humongous Register: 0.0 ms]
      [Humongous Reclaim: 0.0 ms]
      [Free CSet: 0.1 ms]
   [Eden: 45.0M(45.0M)->0.0B(47.0M) Survivors: 6144.0K->4096.0K Heap: 270.0M(1024.0M)->225.0M(1024.0M)]
 [Times: user=0.02 sys=0.00, real=0.02 secs] 
2016-12-19T23:18:51.888+0100: 9236.233: [GC pause (G1 Evacuation Pause) (young), 0.0474912 secs]
   [Parallel Time: 46.7 ms, GC Workers: 1]
      [GC Worker Start (ms):  9236233.5]
      [Ext Root Scanning (ms):  1.6]
      [Update RS (ms):  7.3]
         [Processed Buffers:  37]
      [Scan RS (ms):  7.8]
      [Code Root Scanning (ms):  0.0]
      [Object Copy (ms):  23.5]
      [Termination (ms):  0.0]
         [Termination Attempts:  1]
      [GC Worker Other (ms):  0.0]
      [GC Worker Total (ms):  40.3]
      [GC Worker End (ms):  9236273.9]
   [Code Root Fixup: 0.1 ms]
   [Code Root Purge: 0.0 ms]
   [Clear CT: 0.1 ms]
   [Other: 0.6 ms]
      [Choose CSet: 0.0 ms]
      [Ref Proc: 0.1 ms]
      [Ref Enq: 0.0 ms]
      [Redirty Cards: 0.1 ms]
      [Humongous Register: 0.1 ms]
      [Humongous Reclaim: 0.0 ms]
      [Free CSet: 0.1 ms]
   [Eden: 47.0M(47.0M)->0.0B(46.0M) Survivors: 4096.0K->5120.0K Heap: 272.0M(1024.0M)->226.5M(1024.0M)]
 [Times: user=0.04 sys=0.00, real=0.04 secs] 
2016-12-19T23:19:14.971+0100: 9259.316: [GC pause (G1 Evacuation Pause) (young), 0.0236587 secs]
   [Parallel Time: 21.7 ms, GC Workers: 1]
      [GC Worker Start (ms):  9259317.8]
      [Ext Root Scanning (ms):  1.3]
      [Update RS (ms):  2.3]
         [Processed Buffers:  39]
      [Scan RS (ms):  5.1]
      [Code Root Scanning (ms):  0.0]
      [Object Copy (ms):  13.0]
      [Termination (ms):  0.0]
         [Termination Attempts:  1]
      [GC Worker Other (ms):  0.0]
      [GC Worker Total (ms):  21.7]
      [GC Worker End (ms):  9259339.5]
   [Code Root Fixup: 0.1 ms]
   [Code Root Purge: 0.0 ms]
   [Clear CT: 0.0 ms]
   [Other: 1.8 ms]
      [Choose CSet: 0.0 ms]
      [Ref Proc: 0.0 ms]
      [Ref Enq: 0.0 ms]
      [Redirty Cards: 0.0 ms]
      [Humongous Register: 0.0 ms]
      [Humongous Reclaim: 0.0 ms]
      [Free CSet: 0.1 ms]
   [Eden: 46.0M(46.0M)->0.0B(47.0M) Survivors: 5120.0K->4096.0K Heap: 272.5M(1024.0M)->227.4M(1024.0M)]
 [Times: user=0.02 sys=0.00, real=0.02 secs] 
2016-12-19T23:19:38.587+0100: 9282.933: [GC pause (G1 Evacuation Pause) (young), 0.0303745 secs]
   [Parallel Time: 29.8 ms, GC Workers: 1]
      [GC Worker Start (ms):  9282932.9]
      [Ext Root Scanning (ms):  2.2]
      [Update RS (ms):  7.5]
         [Processed Buffers:  38]
      [Scan RS (ms):  6.8]
      [Code Root Scanning (ms):  0.0]
      [Object Copy (ms):  13.1]
      [Termination (ms):  0.0]
         [Termination Attempts:  1]
      [GC Worker Other (ms):  0.0]
      [GC Worker Total (ms):  29.7]
      [GC Worker End (ms):  9282962.6]
   [Code Root Fixup: 0.1 ms]
   [Code Root Purge: 0.0 ms]
   [Clear CT: 0.1 ms]
   [Other: 0.5 ms]
      [Choose CSet: 0.0 ms]
      [Ref Proc: 0.0 ms]
      [Ref Enq: 0.0 ms]
      [Redirty Cards: 0.0 ms]
      [Humongous Register: 0.1 ms]
      [Humongous Reclaim: 0.0 ms]
      [Free CSet: 0.1 ms]
   [Eden: 47.0M(47.0M)->0.0B(47.0M) Survivors: 4096.0K->4096.0K Heap: 274.4M(1024.0M)->227.4M(1024.0M)]
 [Times: user=0.03 sys=0.00, real=0.02 secs] 
2016-12-19T23:20:04.250+0100: 9308.595: [GC pause (G1 Evacuation Pause) (young), 0.0386335 secs]
   [Parallel Time: 37.9 ms, GC Workers: 1]
      [GC Worker Start (ms):  9308595.3]
      [Ext Root Scanning (ms):  4.3]
      [Update RS (ms):  7.1]
         [Processed Buffers:  38]
      [Scan RS (ms):  8.7]
      [Code Root Scanning (ms):  0.0]
      [Object Copy (ms):  17.7]
      [Termination (ms):  0.0]
         [Termination Attempts:  1]
      [GC Worker Other (ms):  0.0]
      [GC Worker Total (ms):  37.8]
      [GC Worker End (ms):  9308633.2]
   [Code Root Fixup: 0.1 ms]
   [Code Root Purge: 0.0 ms]
   [Clear CT: 0.1 ms]
   [Other: 0.6 ms]
      [Choose CSet: 0.0 ms]
      [Ref Proc: 0.0 ms]
      [Ref Enq: 0.0 ms]
      [Redirty Cards: 0.0 ms]
      [Humongous Register: 0.1 ms]
      [Humongous Reclaim: 0.0 ms]
      [Free CSet: 0.1 ms]
   [Eden: 47.0M(47.0M)->0.0B(46.0M) Survivors: 4096.0K->5120.0K Heap: 274.4M(1024.0M)->228.4M(1024.0M)]
 [Times: user=0.04 sys=0.00, real=0.04 secs] 
2016-12-19T23:20:30.157+0100: 9334.502: [GC pause (G1 Evacuation Pause) (young), 0.0216286 secs]
   [Parallel Time: 21.2 ms, GC Workers: 1]
      [GC Worker Start (ms):  9334502.1]
      [Ext Root Scanning (ms):  3.0]
      [Update RS (ms):  2.4]
         [Processed Buffers:  39]
      [Scan RS (ms):  4.0]
      [Code Root Scanning (ms):  0.0]
      [Object Copy (ms):  11.8]
      [Termination (ms):  0.0]
         [Termination Attempts:  1]
      [GC Worker Other (ms):  0.0]
      [GC Worker Total (ms):  21.1]
      [GC Worker End (ms):  9334523.2]
   [Code Root Fixup: 0.0 ms]
   [Code Root Purge: 0.0 ms]
   [Clear CT: 0.0 ms]
   [Other: 0.4 ms]
      [Choose CSet: 0.0 ms]
      [Ref Proc: 0.0 ms]
      [Ref Enq: 0.0 ms]
      [Redirty Cards: 0.0 ms]
      [Humongous Register: 0.0 ms]
      [Humongous Reclaim: 0.0 ms]
      [Free CSet: 0.1 ms]
   [Eden: 46.0M(46.0M)->0.0B(47.0M) Survivors: 5120.0K->4096.0K Heap: 274.4M(1024.0M)->228.6M(1024.0M)]
 [Times: user=0.02 sys=0.00, real=0.02 secs] 
2016-12-19T23:20:54.334+0100: 9358.679: [GC pause (G1 Evacuation Pause) (young), 0.0530618 secs]
   [Parallel Time: 52.3 ms, GC Workers: 1]
      [GC Worker Start (ms):  9358679.2]
      [Ext Root Scanning (ms):  2.2]
      [Update RS (ms):  6.9]
         [Processed Buffers:  38]
      [Scan RS (ms):  10.0]
      [Code Root Scanning (ms):  0.0]
      [Object Copy (ms):  33.1]
      [Termination (ms):  0.0]
         [Termination Attempts:  1]
      [GC Worker Other (ms):  0.0]
      [GC Worker Total (ms):  52.2]
      [GC Worker End (ms):  9358731.5]
   [Code Root Fixup: 0.1 ms]
   [Code Root Purge: 0.0 ms]
   [Clear CT: 0.1 ms]
   [Other: 0.6 ms]
      [Choose CSet: 0.0 ms]
      [Ref Proc: 0.0 ms]
      [Ref Enq: 0.0 ms]
      [Redirty Cards: 0.0 ms]
      [Humongous Register: 0.1 ms]
      [Humongous Reclaim: 0.0 ms]
      [Free CSet: 0.1 ms]
   [Eden: 47.0M(47.0M)->0.0B(46.0M) Survivors: 4096.0K->5120.0K Heap: 275.6M(1024.0M)->229.6M(1024.0M)]
 [Times: user=0.05 sys=0.00, real=0.05 secs] 
2016-12-19T23:21:17.353+0100: 9381.699: [GC pause (G1 Evacuation Pause) (young), 0.0253103 secs]
   [Parallel Time: 24.8 ms, GC Workers: 1]
      [GC Worker Start (ms):  9381698.7]
      [Ext Root Scanning (ms):  1.0]
      [Update RS (ms):  3.3]
         [Processed Buffers:  39]
      [Scan RS (ms):  4.9]
      [Code Root Scanning (ms):  0.0]
      [Object Copy (ms):  15.5]
      [Termination (ms):  0.0]
         [Termination Attempts:  1]
      [GC Worker Other (ms):  0.0]
      [GC Worker Total (ms):  24.8]
      [GC Worker End (ms):  9381723.5]
   [Code Root Fixup: 0.0 ms]
   [Code Root Purge: 0.0 ms]
   [Clear CT: 0.0 ms]
   [Other: 0.4 ms]
      [Choose CSet: 0.0 ms]
      [Ref Proc: 0.0 ms]
      [Ref Enq: 0.0 ms]
      [Redirty Cards: 0.0 ms]
      [Humongous Register: 0.1 ms]
      [Humongous Reclaim: 0.0 ms]
      [Free CSet: 0.1 ms]
   [Eden: 46.0M(46.0M)->0.0B(47.0M) Survivors: 5120.0K->4096.0K Heap: 275.6M(1024.0M)->230.2M(1024.0M)]
 [Times: user=0.03 sys=0.00, real=0.02 secs] 
2016-12-19T23:21:42.448+0100: 9406.793: [GC pause (G1 Evacuation Pause) (young), 0.0415061 secs]
   [Parallel Time: 40.4 ms, GC Workers: 1]
      [GC Worker Start (ms):  9406793.5]
      [Ext Root Scanning (ms):  1.4]
      [Update RS (ms):  6.6]
         [Processed Buffers:  39]
      [Scan RS (ms):  7.8]
      [Code Root Scanning (ms):  0.0]
      [Object Copy (ms):  24.4]
      [Termination (ms):  0.0]
         [Termination Attempts:  1]
      [GC Worker Other (ms):  0.0]
      [GC Worker Total (ms):  40.2]
      [GC Worker End (ms):  9406833.7]
   [Code Root Fixup: 0.1 ms]
   [Code Root Purge: 0.0 ms]
   [Clear CT: 0.2 ms]
   [Other: 0.9 ms]
      [Choose CSet: 0.0 ms]
      [Ref Proc: 0.0 ms]
      [Ref Enq: 0.0 ms]
      [Redirty Cards: 0.0 ms]
      [Humongous Register: 0.3 ms]
      [Humongous Reclaim: 0.1 ms]
      [Free CSet: 0.1 ms]
   [Eden: 47.0M(47.0M)->0.0B(45.0M) Survivors: 4096.0K->6144.0K Heap: 277.2M(1024.0M)->231.7M(1024.0M)]
 [Times: user=0.03 sys=0.00, real=0.04 secs] 
2016-12-19T23:22:05.660+0100: 9430.005: [GC pause (G1 Evacuation Pause) (young), 0.0259123 secs]
   [Parallel Time: 25.4 ms, GC Workers: 1]
      [GC Worker Start (ms):  9430005.7]
      [Ext Root Scanning (ms):  1.2]
      [Update RS (ms):  6.3]
         [Processed Buffers:  38]
      [Scan RS (ms):  5.0]
      [Code Root Scanning (ms):  0.0]
      [Object Copy (ms):  12.5]
      [Termination (ms):  0.0]
         [Termination Attempts:  1]
      [GC Worker Other (ms):  0.0]
      [GC Worker Total (ms):  25.1]
      [GC Worker End (ms):  9430030.8]
   [Code Root Fixup: 0.0 ms]
   [Code Root Purge: 0.0 ms]
   [Clear CT: 0.0 ms]
   [Other: 0.5 ms]
      [Choose CSet: 0.0 ms]
      [Ref Proc: 0.0 ms]
      [Ref Enq: 0.0 ms]
      [Redirty Cards: 0.1 ms]
      [Humongous Register: 0.1 ms]
      [Humongous Reclaim: 0.0 ms]
      [Free CSet: 0.1 ms]
   [Eden: 45.0M(45.0M)->0.0B(47.0M) Survivors: 6144.0K->4096.0K Heap: 276.7M(1024.0M)->231.7M(1024.0M)]
 [Times: user=0.02 sys=0.00, real=0.02 secs] 
2016-12-19T23:22:29.750+0100: 9454.095: [GC pause (G1 Evacuation Pause) (young), 0.0367071 secs]
   [Parallel Time: 36.0 ms, GC Workers: 1]
      [GC Worker Start (ms):  9454095.7]
      [Ext Root Scanning (ms):  2.8]
      [Update RS (ms):  3.5]
         [Processed Buffers:  37]
      [Scan RS (ms):  7.3]
      [Code Root Scanning (ms):  0.0]
      [Object Copy (ms):  22.2]
      [Termination (ms):  0.0]
         [Termination Attempts:  1]
      [GC Worker Other (ms):  0.0]
      [GC Worker Total (ms):  35.9]
      [GC Worker End (ms):  9454131.6]
   [Code Root Fixup: 0.1 ms]
   [Code Root Purge: 0.0 ms]
   [Clear CT: 0.1 ms]
   [Other: 0.6 ms]
      [Choose CSet: 0.0 ms]
      [Ref Proc: 0.1 ms]
      [Ref Enq: 0.0 ms]
      [Redirty Cards: 0.0 ms]
      [Humongous Register: 0.1 ms]
      [Humongous Reclaim: 0.0 ms]
      [Free CSet: 0.1 ms]
   [Eden: 47.0M(47.0M)->0.0B(45.0M) Survivors: 4096.0K->6144.0K Heap: 278.7M(1024.0M)->233.2M(1024.0M)]
 [Times: user=0.04 sys=0.00, real=0.03 secs] 
2016-12-19T23:22:53.715+0100: 9478.060: [GC pause (G1 Evacuation Pause) (young), 0.0315190 secs]
   [Parallel Time: 30.8 ms, GC Workers: 1]
      [GC Worker Start (ms):  9478060.5]
      [Ext Root Scanning (ms):  2.9]
      [Update RS (ms):  3.8]
         [Processed Buffers:  37]
      [Scan RS (ms):  6.0]
      [Code Root Scanning (ms):  0.0]
      [Object Copy (ms):  17.8]
      [Termination (ms):  0.0]
         [Termination Attempts:  1]
      [GC Worker Other (ms):  0.0]
      [GC Worker Total (ms):  30.6]
      [GC Worker End (ms):  9478091.1]
   [Code Root Fixup: 0.0 ms]
   [Code Root Purge: 0.0 ms]
   [Clear CT: 0.0 ms]
   [Other: 0.6 ms]
      [Choose CSet: 0.0 ms]
      [Ref Proc: 0.0 ms]
      [Ref Enq: 0.0 ms]
      [Redirty Cards: 0.0 ms]
      [Humongous Register: 0.1 ms]
      [Humongous Reclaim: 0.0 ms]
      [Free CSet: 0.1 ms]
   [Eden: 45.0M(45.0M)->0.0B(47.0M) Survivors: 6144.0K->4096.0K Heap: 278.2M(1024.0M)->233.2M(1024.0M)]
 [Times: user=0.03 sys=0.00, real=0.03 secs] 
2016-12-19T23:23:18.343+0100: 9502.689: [GC pause (G1 Evacuation Pause) (young), 0.0393065 secs]
   [Parallel Time: 38.8 ms, GC Workers: 1]
      [GC Worker Start (ms):  9502688.9]
      [Ext Root Scanning (ms):  1.4]
      [Update RS (ms):  5.8]
         [Processed Buffers:  39]
      [Scan RS (ms):  11.8]
      [Code Root Scanning (ms):  0.0]
      [Object Copy (ms):  19.6]
      [Termination (ms):  0.0]
         [Termination Attempts:  1]
      [GC Worker Other (ms):  0.0]
      [GC Worker Total (ms):  38.7]
      [GC Worker End (ms):  9502727.6]
   [Code Root Fixup: 0.0 ms]
   [Code Root Purge: 0.0 ms]
   [Clear CT: 0.0 ms]
   [Other: 0.5 ms]
      [Choose CSet: 0.0 ms]
      [Ref Proc: 0.0 ms]
      [Ref Enq: 0.0 ms]
      [Redirty Cards: 0.0 ms]
      [Humongous Register: 0.1 ms]
      [Humongous Reclaim: 0.0 ms]
      [Free CSet: 0.1 ms]
   [Eden: 47.0M(47.0M)->0.0B(45.0M) Survivors: 4096.0K->6144.0K Heap: 280.2M(1024.0M)->234.7M(1024.0M)]
 [Times: user=0.04 sys=0.00, real=0.04 secs] 
2016-12-19T23:23:40.291+0100: 9524.636: [GC pause (G1 Evacuation Pause) (young), 0.0344136 secs]
   [Parallel Time: 32.8 ms, GC Workers: 1]
      [GC Worker Start (ms):  9524637.4]
      [Ext Root Scanning (ms):  1.5]
      [Update RS (ms):  3.6]
         [Processed Buffers:  39]
      [Scan RS (ms):  6.8]
      [Code Root Scanning (ms):  0.0]
      [Object Copy (ms):  20.8]
      [Termination (ms):  0.0]
         [Termination Attempts:  1]
      [GC Worker Other (ms):  0.0]
      [GC Worker Total (ms):  32.8]
      [GC Worker End (ms):  9524670.2]
   [Code Root Fixup: 0.0 ms]
   [Code Root Purge: 0.0 ms]
   [Clear CT: 0.1 ms]
   [Other: 1.5 ms]
      [Choose CSet: 0.0 ms]
      [Ref Proc: 0.0 ms]
      [Ref Enq: 0.0 ms]
      [Redirty Cards: 0.1 ms]
      [Humongous Register: 0.2 ms]
      [Humongous Reclaim: 0.0 ms]
      [Free CSet: 0.1 ms]
   [Eden: 45.0M(45.0M)->0.0B(47.0M) Survivors: 6144.0K->4096.0K Heap: 279.7M(1024.0M)->235.2M(1024.0M)]
 [Times: user=0.04 sys=0.00, real=0.03 secs] 
2016-12-19T23:24:06.729+0100: 9551.074: [GC pause (G1 Evacuation Pause) (young), 0.0222097 secs]
   [Parallel Time: 21.6 ms, GC Workers: 1]
      [GC Worker Start (ms):  9551074.2]
      [Ext Root Scanning (ms):  1.4]
      [Update RS (ms):  6.3]
         [Processed Buffers:  38]
      [Scan RS (ms):  4.9]
      [Code Root Scanning (ms):  0.0]
      [Object Copy (ms):  9.0]
      [Termination (ms):  0.0]
         [Termination Attempts:  1]
      [GC Worker Other (ms):  0.0]
      [GC Worker Total (ms):  21.6]
      [GC Worker End (ms):  9551095.8]
   [Code Root Fixup: 0.1 ms]
   [Code Root Purge: 0.0 ms]
   [Clear CT: 0.0 ms]
   [Other: 0.5 ms]
      [Choose CSet: 0.0 ms]
      [Ref Proc: 0.0 ms]
      [Ref Enq: 0.0 ms]
      [Redirty Cards: 0.0 ms]
      [Humongous Register: 0.1 ms]
      [Humongous Reclaim: 0.0 ms]
      [Free CSet: 0.1 ms]
   [Eden: 47.0M(47.0M)->0.0B(47.0M) Survivors: 4096.0K->4096.0K Heap: 282.2M(1024.0M)->235.2M(1024.0M)]
 [Times: user=0.02 sys=0.00, real=0.02 secs] 
2016-12-19T23:24:31.381+0100: 9575.726: [GC pause (G1 Evacuation Pause) (young), 0.0240543 secs]
   [Parallel Time: 23.5 ms, GC Workers: 1]
      [GC Worker Start (ms):  9575726.2]
      [Ext Root Scanning (ms):  1.7]
      [Update RS (ms):  4.0]
         [Processed Buffers:  39]
      [Scan RS (ms):  4.6]
      [Code Root Scanning (ms):  0.0]
      [Object Copy (ms):  13.2]
      [Termination (ms):  0.0]
         [Termination Attempts:  1]
      [GC Worker Other (ms):  0.0]
      [GC Worker Total (ms):  23.5]
      [GC Worker End (ms):  9575749.7]
   [Code Root Fixup: 0.0 ms]
   [Code Root Purge: 0.0 ms]
   [Clear CT: 0.0 ms]
   [Other: 0.4 ms]
      [Choose CSet: 0.0 ms]
      [Ref Proc: 0.0 ms]
      [Ref Enq: 0.0 ms]
      [Redirty Cards: 0.0 ms]
      [Humongous Register: 0.1 ms]
      [Humongous Reclaim: 0.0 ms]
      [Free CSet: 0.1 ms]
   [Eden: 47.0M(47.0M)->0.0B(46.0M) Survivors: 4096.0K->5120.0K Heap: 282.2M(1024.0M)->236.2M(1024.0M)]
 [Times: user=0.02 sys=0.00, real=0.02 secs] 
2016-12-19T23:24:58.542+0100: 9602.887: [GC pause (G1 Evacuation Pause) (young), 0.0459941 secs]
   [Parallel Time: 45.2 ms, GC Workers: 1]
      [GC Worker Start (ms):  9602887.4]
      [Ext Root Scanning (ms):  2.8]
      [Update RS (ms):  6.3]
         [Processed Buffers:  37]
      [Scan RS (ms):  8.2]
      [Code Root Scanning (ms):  0.0]
      [Object Copy (ms):  27.8]
      [Termination (ms):  0.0]
         [Termination Attempts:  1]
      [GC Worker Other (ms):  0.0]
      [GC Worker Total (ms):  45.2]
      [GC Worker End (ms):  9602932.6]
   [Code Root Fixup: 0.0 ms]
   [Code Root Purge: 0.0 ms]
   [Clear CT: 0.0 ms]
   [Other: 0.7 ms]
      [Choose CSet: 0.0 ms]
      [Ref Proc: 0.0 ms]
      [Ref Enq: 0.0 ms]
      [Redirty Cards: 0.0 ms]
      [Humongous Register: 0.1 ms]
      [Humongous Reclaim: 0.1 ms]
      [Free CSet: 0.1 ms]
   [Eden: 46.0M(46.0M)->0.0B(47.0M) Survivors: 5120.0K->4096.0K Heap: 282.2M(1024.0M)->236.5M(1024.0M)]
 [Times: user=0.04 sys=0.00, real=0.05 secs] 
2016-12-19T23:25:24.117+0100: 9628.462: [GC pause (G1 Evacuation Pause) (young), 0.0330334 secs]
   [Parallel Time: 32.5 ms, GC Workers: 1]
      [GC Worker Start (ms):  9628462.5]
      [Ext Root Scanning (ms):  3.1]
      [Update RS (ms):  6.9]
         [Processed Buffers:  39]
      [Scan RS (ms):  8.5]
      [Code Root Scanning (ms):  0.0]
      [Object Copy (ms):  13.9]
      [Termination (ms):  0.0]
         [Termination Attempts:  1]
      [GC Worker Other (ms):  0.0]
      [GC Worker Total (ms):  32.4]
      [GC Worker End (ms):  9628494.9]
   [Code Root Fixup: 0.0 ms]
   [Code Root Purge: 0.0 ms]
   [Clear CT: 0.1 ms]
   [Other: 0.5 ms]
      [Choose CSet: 0.0 ms]
      [Ref Proc: 0.0 ms]
      [Ref Enq: 0.0 ms]
      [Redirty Cards: 0.0 ms]
      [Humongous Register: 0.1 ms]
      [Humongous Reclaim: 0.0 ms]
      [Free CSet: 0.1 ms]
   [Eden: 47.0M(47.0M)->0.0B(46.0M) Survivors: 4096.0K->5120.0K Heap: 283.5M(1024.0M)->237.5M(1024.0M)]
 [Times: user=0.04 sys=0.00, real=0.04 secs] 
2016-12-19T23:25:48.149+0100: 9652.495: [GC pause (G1 Evacuation Pause) (young), 0.0421128 secs]
   [Parallel Time: 41.4 ms, GC Workers: 1]
      [GC Worker Start (ms):  9652495.2]
      [Ext Root Scanning (ms):  1.8]
      [Update RS (ms):  4.2]
         [Processed Buffers:  38]
      [Scan RS (ms):  7.5]
      [Code Root Scanning (ms):  0.0]
      [Object Copy (ms):  27.7]
      [Termination (ms):  0.0]
         [Termination Attempts:  1]
      [GC Worker Other (ms):  0.0]
      [GC Worker Total (ms):  41.4]
      [GC Worker End (ms):  9652536.6]
   [Code Root Fixup: 0.1 ms]
   [Code Root Purge: 0.0 ms]
   [Clear CT: 0.1 ms]
   [Other: 0.6 ms]
      [Choose CSet: 0.0 ms]
      [Ref Proc: 0.0 ms]
      [Ref Enq: 0.0 ms]
      [Redirty Cards: 0.0 ms]
      [Humongous Register: 0.1 ms]
      [Humongous Reclaim: 0.0 ms]
      [Free CSet: 0.1 ms]
   [Eden: 46.0M(46.0M)->0.0B(47.0M) Survivors: 5120.0K->4096.0K Heap: 283.5M(1024.0M)->237.9M(1024.0M)]
 [Times: user=0.04 sys=0.00, real=0.04 secs] 
2016-12-19T23:26:14.443+0100: 9678.789: [GC pause (G1 Evacuation Pause) (young), 0.0300516 secs]
   [Parallel Time: 29.5 ms, GC Workers: 1]
      [GC Worker Start (ms):  9678788.6]
      [Ext Root Scanning (ms):  1.1]
      [Update RS (ms):  2.4]
         [Processed Buffers:  38]
      [Scan RS (ms):  7.1]
      [Code Root Scanning (ms):  0.0]
      [Object Copy (ms):  18.9]
      [Termination (ms):  0.0]
         [Termination Attempts:  1]
      [GC Worker Other (ms):  0.0]
      [GC Worker Total (ms):  29.5]
      [GC Worker End (ms):  9678818.1]
   [Code Root Fixup: 0.0 ms]
   [Code Root Purge: 0.0 ms]
   [Clear CT: 0.1 ms]
   [Other: 0.4 ms]
      [Choose CSet: 0.0 ms]
      [Ref Proc: 0.0 ms]
      [Ref Enq: 0.0 ms]
      [Redirty Cards: 0.0 ms]
      [Humongous Register: 0.0 ms]
      [Humongous Reclaim: 0.0 ms]
      [Free CSet: 0.1 ms]
   [Eden: 47.0M(47.0M)->0.0B(45.0M) Survivors: 4096.0K->6144.0K Heap: 284.9M(1024.0M)->239.4M(1024.0M)]
 [Times: user=0.03 sys=0.00, real=0.03 secs] 
2016-12-19T23:26:39.998+0100: 9704.343: [GC pause (G1 Evacuation Pause) (young), 0.0324119 secs]
   [Parallel Time: 31.6 ms, GC Workers: 1]
      [GC Worker Start (ms):  9704343.5]
      [Ext Root Scanning (ms):  1.2]
      [Update RS (ms):  5.0]
         [Processed Buffers:  35]
      [Scan RS (ms):  4.8]
      [Code Root Scanning (ms):  0.0]
      [Object Copy (ms):  20.5]
      [Termination (ms):  0.0]
         [Termination Attempts:  1]
      [GC Worker Other (ms):  0.0]
      [GC Worker Total (ms):  31.5]
      [GC Worker End (ms):  9704375.0]
   [Code Root Fixup: 0.1 ms]
   [Code Root Purge: 0.0 ms]
   [Clear CT: 0.1 ms]
   [Other: 0.7 ms]
      [Choose CSet: 0.0 ms]
      [Ref Proc: 0.0 ms]
      [Ref Enq: 0.0 ms]
      [Redirty Cards: 0.1 ms]
      [Humongous Register: 0.1 ms]
      [Humongous Reclaim: 0.0 ms]
      [Free CSet: 0.1 ms]
   [Eden: 45.0M(45.0M)->0.0B(47.0M) Survivors: 6144.0K->4096.0K Heap: 284.4M(1024.0M)->239.5M(1024.0M)]
 [Times: user=0.04 sys=0.00, real=0.04 secs] 
2016-12-19T23:27:07.019+0100: 9731.364: [GC pause (G1 Evacuation Pause) (young), 0.0367749 secs]
   [Parallel Time: 36.0 ms, GC Workers: 1]
      [GC Worker Start (ms):  9731364.5]
      [Ext Root Scanning (ms):  4.4]
      [Update RS (ms):  5.0]
         [Processed Buffers:  36]
      [Scan RS (ms):  8.8]
      [Code Root Scanning (ms):  0.0]
      [Object Copy (ms):  17.7]
      [Termination (ms):  0.0]
         [Termination Attempts:  1]
      [GC Worker Other (ms):  0.0]
      [GC Worker Total (ms):  35.9]
      [GC Worker End (ms):  9731400.4]
   [Code Root Fixup: 0.1 ms]
   [Code Root Purge: 0.0 ms]
   [Clear CT: 0.1 ms]
   [Other: 0.6 ms]
      [Choose CSet: 0.0 ms]
      [Ref Proc: 0.1 ms]
      [Ref Enq: 0.0 ms]
      [Redirty Cards: 0.0 ms]
      [Humongous Register: 0.1 ms]
      [Humongous Reclaim: 0.0 ms]
      [Free CSet: 0.1 ms]
   [Eden: 47.0M(47.0M)->0.0B(45.0M) Survivors: 4096.0K->6144.0K Heap: 286.5M(1024.0M)->241.0M(1024.0M)]
 [Times: user=0.03 sys=0.00, real=0.04 secs] 
2016-12-19T23:27:32.611+0100: 9756.956: [GC pause (G1 Evacuation Pause) (young), 0.0240038 secs]
   [Parallel Time: 23.5 ms, GC Workers: 1]
      [GC Worker Start (ms):  9756956.3]
      [Ext Root Scanning (ms):  1.1]
      [Update RS (ms):  2.7]
         [Processed Buffers:  36]
      [Scan RS (ms):  4.7]
      [Code Root Scanning (ms):  0.0]
      [Object Copy (ms):  14.9]
      [Termination (ms):  0.0]
         [Termination Attempts:  1]
      [GC Worker Other (ms):  0.0]
      [GC Worker Total (ms):  23.4]
      [GC Worker End (ms):  9756979.8]
   [Code Root Fixup: 0.0 ms]
   [Code Root Purge: 0.0 ms]
   [Clear CT: 0.0 ms]
   [Other: 0.4 ms]
      [Choose CSet: 0.0 ms]
      [Ref Proc: 0.1 ms]
      [Ref Enq: 0.0 ms]
      [Redirty Cards: 0.0 ms]
      [Humongous Register: 0.0 ms]
      [Humongous Reclaim: 0.0 ms]
      [Free CSet: 0.1 ms]
   [Eden: 45.0M(45.0M)->0.0B(47.0M) Survivors: 6144.0K->4096.0K Heap: 286.0M(1024.0M)->241.0M(1024.0M)]
 [Times: user=0.02 sys=0.00, real=0.02 secs] 
2016-12-19T23:27:56.530+0100: 9780.875: [GC pause (G1 Evacuation Pause) (young), 0.0225752 secs]
   [Parallel Time: 22.1 ms, GC Workers: 1]
      [GC Worker Start (ms):  9780875.1]
      [Ext Root Scanning (ms):  1.0]
      [Update RS (ms):  3.2]
         [Processed Buffers:  34]
      [Scan RS (ms):  5.4]
      [Code Root Scanning (ms):  0.0]
      [Object Copy (ms):  12.4]
      [Termination (ms):  0.0]
         [Termination Attempts:  1]
      [GC Worker Other (ms):  0.0]
      [GC Worker Total (ms):  22.0]
      [GC Worker End (ms):  9780897.2]
   [Code Root Fixup: 0.0 ms]
   [Code Root Purge: 0.0 ms]
   [Clear CT: 0.0 ms]
   [Other: 0.4 ms]
      [Choose CSet: 0.0 ms]
      [Ref Proc: 0.0 ms]
      [Ref Enq: 0.0 ms]
      [Redirty Cards: 0.0 ms]
      [Humongous Register: 0.0 ms]
      [Humongous Reclaim: 0.0 ms]
      [Free CSet: 0.1 ms]
   [Eden: 47.0M(47.0M)->0.0B(46.0M) Survivors: 4096.0K->5120.0K Heap: 288.0M(1024.0M)->242.5M(1024.0M)]
 [Times: user=0.02 sys=0.00, real=0.02 secs] 
2016-12-19T23:28:19.706+0100: 9804.052: [GC pause (G1 Evacuation Pause) (young), 0.0230576 secs]
   [Parallel Time: 22.3 ms, GC Workers: 1]
      [GC Worker Start (ms):  9804052.1]
      [Ext Root Scanning (ms):  1.7]
      [Update RS (ms):  2.3]
         [Processed Buffers:  35]
      [Scan RS (ms):  5.1]
      [Code Root Scanning (ms):  0.0]
      [Object Copy (ms):  13.2]
      [Termination (ms):  0.0]
         [Termination Attempts:  1]
      [GC Worker Other (ms):  0.0]
      [GC Worker Total (ms):  22.3]
      [GC Worker End (ms):  9804074.4]
   [Code Root Fixup: 0.1 ms]
   [Code Root Purge: 0.0 ms]
   [Clear CT: 0.1 ms]
   [Other: 0.6 ms]
      [Choose CSet: 0.0 ms]
      [Ref Proc: 0.1 ms]
      [Ref Enq: 0.0 ms]
      [Redirty Cards: 0.0 ms]
      [Humongous Register: 0.0 ms]
      [Humongous Reclaim: 0.0 ms]
      [Free CSet: 0.1 ms]
   [Eden: 46.0M(46.0M)->0.0B(47.0M) Survivors: 5120.0K->4096.0K Heap: 288.5M(1024.0M)->243.4M(1024.0M)]
 [Times: user=0.02 sys=0.01, real=0.03 secs] 
2016-12-19T23:28:45.631+0100: 9829.976: [GC pause (G1 Evacuation Pause) (young), 0.0198029 secs]
   [Parallel Time: 19.3 ms, GC Workers: 1]
      [GC Worker Start (ms):  9829976.5]
      [Ext Root Scanning (ms):  1.1]
      [Update RS (ms):  4.6]
         [Processed Buffers:  35]
      [Scan RS (ms):  4.4]
      [Code Root Scanning (ms):  0.0]
      [Object Copy (ms):  9.1]
      [Termination (ms):  0.0]
         [Termination Attempts:  1]
      [GC Worker Other (ms):  0.0]
      [GC Worker Total (ms):  19.2]
      [GC Worker End (ms):  9829995.7]
   [Code Root Fixup: 0.0 ms]
   [Code Root Purge: 0.0 ms]
   [Clear CT: 0.0 ms]
   [Other: 0.5 ms]
      [Choose CSet: 0.0 ms]
      [Ref Proc: 0.0 ms]
      [Ref Enq: 0.0 ms]
      [Redirty Cards: 0.0 ms]
      [Humongous Register: 0.1 ms]
      [Humongous Reclaim: 0.0 ms]
      [Free CSet: 0.1 ms]
   [Eden: 47.0M(47.0M)->0.0B(47.0M) Survivors: 4096.0K->4096.0K Heap: 290.4M(1024.0M)->243.4M(1024.0M)]
 [Times: user=0.02 sys=0.00, real=0.02 secs] 
2016-12-19T23:29:10.321+0100: 9854.666: [GC pause (G1 Evacuation Pause) (young), 0.0246352 secs]
   [Parallel Time: 24.1 ms, GC Workers: 1]
      [GC Worker Start (ms):  9854666.5]
      [Ext Root Scanning (ms):  3.5]
      [Update RS (ms):  4.0]
         [Processed Buffers:  38]
      [Scan RS (ms):  4.3]
      [Code Root Scanning (ms):  0.0]
      [Object Copy (ms):  12.2]
      [Termination (ms):  0.0]
         [Termination Attempts:  1]
      [GC Worker Other (ms):  0.0]
      [GC Worker Total (ms):  24.0]
      [GC Worker End (ms):  9854690.6]
   [Code Root Fixup: 0.0 ms]
   [Code Root Purge: 0.0 ms]
   [Clear CT: 0.0 ms]
   [Other: 0.5 ms]
      [Choose CSet: 0.0 ms]
      [Ref Proc: 0.0 ms]
      [Ref Enq: 0.0 ms]
      [Redirty Cards: 0.0 ms]
      [Humongous Register: 0.1 ms]
      [Humongous Reclaim: 0.0 ms]
      [Free CSet: 0.1 ms]
   [Eden: 47.0M(47.0M)->0.0B(46.0M) Survivors: 4096.0K->5120.0K Heap: 290.4M(1024.0M)->244.4M(1024.0M)]
 [Times: user=0.02 sys=0.00, real=0.02 secs] 
2016-12-19T23:29:34.799+0100: 9879.145: [GC pause (G1 Evacuation Pause) (young), 0.0271241 secs]
   [Parallel Time: 26.6 ms, GC Workers: 1]
      [GC Worker Start (ms):  9879145.0]
      [Ext Root Scanning (ms):  2.8]
      [Update RS (ms):  4.7]
         [Processed Buffers:  39]
      [Scan RS (ms):  4.6]
      [Code Root Scanning (ms):  0.0]
      [Object Copy (ms):  14.5]
      [Termination (ms):  0.0]
         [Termination Attempts:  1]
      [GC Worker Other (ms):  0.0]
      [GC Worker Total (ms):  26.6]
      [GC Worker End (ms):  9879171.5]
   [Code Root Fixup: 0.0 ms]
   [Code Root Purge: 0.0 ms]
   [Clear CT: 0.0 ms]
   [Other: 0.4 ms]
      [Choose CSet: 0.0 ms]
      [Ref Proc: 0.0 ms]
      [Ref Enq: 0.0 ms]
      [Redirty Cards: 0.0 ms]
      [Humongous Register: 0.1 ms]
      [Humongous Reclaim: 0.0 ms]
      [Free CSet: 0.0 ms]
   [Eden: 46.0M(46.0M)->0.0B(47.0M) Survivors: 5120.0K->4096.0K Heap: 290.4M(1024.0M)->244.7M(1024.0M)]
 [Times: user=0.02 sys=0.01, real=0.02 secs] 
2016-12-19T23:29:59.129+0100: 9903.475: [GC pause (G1 Evacuation Pause) (young), 0.0314499 secs]
   [Parallel Time: 30.8 ms, GC Workers: 1]
      [GC Worker Start (ms):  9903475.0]
      [Ext Root Scanning (ms):  0.9]
      [Update RS (ms):  5.0]
         [Processed Buffers:  38]
      [Scan RS (ms):  5.2]
      [Code Root Scanning (ms):  0.0]
      [Object Copy (ms):  19.6]
      [Termination (ms):  0.0]
         [Termination Attempts:  1]
      [GC Worker Other (ms):  0.0]
      [GC Worker Total (ms):  30.8]
      [GC Worker End (ms):  9903505.8]
   [Code Root Fixup: 0.0 ms]
   [Code Root Purge: 0.0 ms]
   [Clear CT: 0.1 ms]
   [Other: 0.5 ms]
      [Choose CSet: 0.0 ms]
      [Ref Proc: 0.0 ms]
      [Ref Enq: 0.0 ms]
      [Redirty Cards: 0.0 ms]
      [Humongous Register: 0.0 ms]
      [Humongous Reclaim: 0.1 ms]
      [Free CSet: 0.1 ms]
   [Eden: 47.0M(47.0M)->0.0B(45.0M) Survivors: 4096.0K->6144.0K Heap: 291.7M(1024.0M)->246.2M(1024.0M)]
 [Times: user=0.03 sys=0.00, real=0.03 secs] 
2016-12-19T23:30:24.179+0100: 9928.525: [GC pause (G1 Evacuation Pause) (young), 0.0212708 secs]
   [Parallel Time: 20.8 ms, GC Workers: 1]
      [GC Worker Start (ms):  9928524.9]
      [Ext Root Scanning (ms):  0.9]
      [Update RS (ms):  2.6]
         [Processed Buffers:  38]
      [Scan RS (ms):  5.3]
      [Code Root Scanning (ms):  0.0]
      [Object Copy (ms):  12.0]
      [Termination (ms):  0.0]
         [Termination Attempts:  1]
      [GC Worker Other (ms):  0.0]
      [GC Worker Total (ms):  20.8]
      [GC Worker End (ms):  9928545.6]
   [Code Root Fixup: 0.0 ms]
   [Code Root Purge: 0.0 ms]
   [Clear CT: 0.0 ms]
   [Other: 0.4 ms]
      [Choose CSet: 0.0 ms]
      [Ref Proc: 0.0 ms]
      [Ref Enq: 0.0 ms]
      [Redirty Cards: 0.0 ms]
      [Humongous Register: 0.1 ms]
      [Humongous Reclaim: 0.0 ms]
      [Free CSet: 0.0 ms]
   [Eden: 45.0M(45.0M)->0.0B(47.0M) Survivors: 6144.0K->4096.0K Heap: 291.2M(1024.0M)->246.2M(1024.0M)]
 [Times: user=0.02 sys=0.00, real=0.02 secs] 
2016-12-19T23:30:48.627+0100: 9952.972: [GC pause (G1 Evacuation Pause) (young), 0.0431466 secs]
   [Parallel Time: 42.2 ms, GC Workers: 1]
      [GC Worker Start (ms):  9952972.3]
      [Ext Root Scanning (ms):  1.6]
      [Update RS (ms):  4.4]
         [Processed Buffers:  37]
      [Scan RS (ms):  11.0]
      [Code Root Scanning (ms):  0.0]
      [Object Copy (ms):  25.1]
      [Termination (ms):  0.0]
         [Termination Attempts:  1]
      [GC Worker Other (ms):  0.0]
      [GC Worker Total (ms):  42.2]
      [GC Worker End (ms):  9953014.5]
   [Code Root Fixup: 0.1 ms]
   [Code Root Purge: 0.0 ms]
   [Clear CT: 0.1 ms]
   [Other: 0.7 ms]
      [Choose CSet: 0.0 ms]
      [Ref Proc: 0.1 ms]
      [Ref Enq: 0.0 ms]
      [Redirty Cards: 0.1 ms]
      [Humongous Register: 0.1 ms]
      [Humongous Reclaim: 0.0 ms]
      [Free CSet: 0.1 ms]
   [Eden: 47.0M(47.0M)->0.0B(45.0M) Survivors: 4096.0K->6144.0K Heap: 293.2M(1024.0M)->247.7M(1024.0M)]
 [Times: user=0.04 sys=0.00, real=0.05 secs] 
2016-12-19T23:31:12.139+0100: 9976.484: [GC pause (G1 Evacuation Pause) (young), 0.0458845 secs]
   [Parallel Time: 45.4 ms, GC Workers: 1]
      [GC Worker Start (ms):  9976484.5]
      [Ext Root Scanning (ms):  1.0]
      [Update RS (ms):  2.3]
         [Processed Buffers:  37]
      [Scan RS (ms):  13.3]
      [Code Root Scanning (ms):  0.0]
      [Object Copy (ms):  28.9]
      [Termination (ms):  0.0]
         [Termination Attempts:  1]
      [GC Worker Other (ms):  0.0]
      [GC Worker Total (ms):  45.4]
      [GC Worker End (ms):  9976530.0]
   [Code Root Fixup: 0.0 ms]
   [Code Root Purge: 0.0 ms]
   [Clear CT: 0.0 ms]
   [Other: 0.3 ms]
      [Choose CSet: 0.0 ms]
      [Ref Proc: 0.0 ms]
      [Ref Enq: 0.0 ms]
      [Redirty Cards: 0.0 ms]
      [Humongous Register: 0.0 ms]
      [Humongous Reclaim: 0.0 ms]
      [Free CSet: 0.1 ms]
   [Eden: 45.0M(45.0M)->0.0B(47.0M) Survivors: 6144.0K->4096.0K Heap: 292.7M(1024.0M)->247.7M(1024.0M)]
 [Times: user=0.02 sys=0.00, real=0.04 secs] 
2016-12-19T23:31:36.162+0100: 10000.507: [GC pause (G1 Evacuation Pause) (young), 0.0274076 secs]
   [Parallel Time: 26.9 ms, GC Workers: 1]
      [GC Worker Start (ms):  10000507.1]
      [Ext Root Scanning (ms):  1.1]
      [Update RS (ms):  6.5]
         [Processed Buffers:  37]
      [Scan RS (ms):  4.9]
      [Code Root Scanning (ms):  0.0]
      [Object Copy (ms):  14.4]
      [Termination (ms):  0.0]
         [Termination Attempts:  1]
      [GC Worker Other (ms):  0.0]
      [GC Worker Total (ms):  26.9]
      [GC Worker End (ms):  10000534.0]
   [Code Root Fixup: 0.0 ms]
   [Code Root Purge: 0.0 ms]
   [Clear CT: 0.0 ms]
   [Other: 0.4 ms]
      [Choose CSet: 0.0 ms]
      [Ref Proc: 0.0 ms]
      [Ref Enq: 0.0 ms]
      [Redirty Cards: 0.0 ms]
      [Humongous Register: 0.0 ms]
      [Humongous Reclaim: 0.0 ms]
      [Free CSet: 0.1 ms]
   [Eden: 47.0M(47.0M)->0.0B(45.0M) Survivors: 4096.0K->6144.0K Heap: 294.7M(1024.0M)->249.2M(1024.0M)]
 [Times: user=0.03 sys=0.00, real=0.03 secs] 
2016-12-19T23:31:59.322+0100: 10023.667: [GC pause (G1 Evacuation Pause) (young), 0.0337364 secs]
   [Parallel Time: 32.9 ms, GC Workers: 1]
      [GC Worker Start (ms):  10023667.2]
      [Ext Root Scanning (ms):  1.1]
      [Update RS (ms):  4.1]
         [Processed Buffers:  37]
      [Scan RS (ms):  6.9]
      [Code Root Scanning (ms):  0.0]
      [Object Copy (ms):  20.7]
      [Termination (ms):  0.0]
         [Termination Attempts:  1]
      [GC Worker Other (ms):  0.0]
      [GC Worker Total (ms):  32.8]
      [GC Worker End (ms):  10023700.1]
   [Code Root Fixup: 0.1 ms]
   [Code Root Purge: 0.0 ms]
   [Clear CT: 0.1 ms]
   [Other: 0.7 ms]
      [Choose CSet: 0.0 ms]
      [Ref Proc: 0.0 ms]
      [Ref Enq: 0.0 ms]
      [Redirty Cards: 0.1 ms]
      [Humongous Register: 0.1 ms]
      [Humongous Reclaim: 0.1 ms]
      [Free CSet: 0.1 ms]
   [Eden: 45.0M(45.0M)->0.0B(47.0M) Survivors: 6144.0K->4096.0K Heap: 294.2M(1024.0M)->249.2M(1024.0M)]
 [Times: user=0.04 sys=0.00, real=0.03 secs] 
2016-12-19T23:32:24.114+0100: 10048.460: [GC pause (G1 Evacuation Pause) (young), 0.0255860 secs]
   [Parallel Time: 25.1 ms, GC Workers: 1]
      [GC Worker Start (ms):  10048459.8]
      [Ext Root Scanning (ms):  0.9]
      [Update RS (ms):  2.3]
         [Processed Buffers:  37]
      [Scan RS (ms):  6.0]
      [Code Root Scanning (ms):  0.0]
      [Object Copy (ms):  15.9]
      [Termination (ms):  0.0]
         [Termination Attempts:  1]
      [GC Worker Other (ms):  0.0]
      [GC Worker Total (ms):  25.1]
      [GC Worker End (ms):  10048484.9]
   [Code Root Fixup: 0.1 ms]
   [Code Root Purge: 0.0 ms]
   [Clear CT: 0.1 ms]
   [Other: 0.4 ms]
      [Choose CSet: 0.0 ms]
      [Ref Proc: 0.0 ms]
      [Ref Enq: 0.0 ms]
      [Redirty Cards: 0.0 ms]
      [Humongous Register: 0.0 ms]
      [Humongous Reclaim: 0.0 ms]
      [Free CSet: 0.1 ms]
   [Eden: 47.0M(47.0M)->0.0B(45.0M) Survivors: 4096.0K->6144.0K Heap: 296.2M(1024.0M)->250.7M(1024.0M)]
 [Times: user=0.02 sys=0.00, real=0.03 secs] 
2016-12-19T23:32:46.623+0100: 10070.969: [GC pause (G1 Evacuation Pause) (young), 0.0290871 secs]
   [Parallel Time: 28.5 ms, GC Workers: 1]
      [GC Worker Start (ms):  10070969.0]
      [Ext Root Scanning (ms):  4.0]
      [Update RS (ms):  5.5]
         [Processed Buffers:  36]
      [Scan RS (ms):  5.1]
      [Code Root Scanning (ms):  0.0]
      [Object Copy (ms):  13.9]
      [Termination (ms):  0.0]
         [Termination Attempts:  1]
      [GC Worker Other (ms):  0.0]
      [GC Worker Total (ms):  28.5]
      [GC Worker End (ms):  10070997.5]
   [Code Root Fixup: 0.0 ms]
   [Code Root Purge: 0.0 ms]
   [Clear CT: 0.0 ms]
   [Other: 0.5 ms]
      [Choose CSet: 0.0 ms]
      [Ref Proc: 0.0 ms]
      [Ref Enq: 0.0 ms]
      [Redirty Cards: 0.0 ms]
      [Humongous Register: 0.1 ms]
      [Humongous Reclaim: 0.0 ms]
      [Free CSet: 0.1 ms]
   [Eden: 45.0M(45.0M)->0.0B(47.0M) Survivors: 6144.0K->4096.0K Heap: 295.7M(1024.0M)->251.2M(1024.0M)]
 [Times: user=0.02 sys=0.00, real=0.03 secs] 
2016-12-19T23:33:12.714+0100: 10097.059: [GC pause (G1 Evacuation Pause) (young), 0.0174390 secs]
   [Parallel Time: 16.8 ms, GC Workers: 1]
      [GC Worker Start (ms):  10097059.2]
      [Ext Root Scanning (ms):  1.0]
      [Update RS (ms):  2.3]
         [Processed Buffers:  38]
      [Scan RS (ms):  4.9]
      [Code Root Scanning (ms):  0.0]
      [Object Copy (ms):  8.6]
      [Termination (ms):  0.0]
         [Termination Attempts:  1]
      [GC Worker Other (ms):  0.0]
      [GC Worker Total (ms):  16.8]
      [GC Worker End (ms):  10097076.0]
   [Code Root Fixup: 0.0 ms]
   [Code Root Purge: 0.0 ms]
   [Clear CT: 0.1 ms]
   [Other: 0.5 ms]
      [Choose CSet: 0.0 ms]
      [Ref Proc: 0.0 ms]
      [Ref Enq: 0.0 ms]
      [Redirty Cards: 0.0 ms]
      [Humongous Register: 0.0 ms]
      [Humongous Reclaim: 0.0 ms]
      [Free CSet: 0.2 ms]
   [Eden: 47.0M(47.0M)->0.0B(47.0M) Survivors: 4096.0K->4096.0K Heap: 298.2M(1024.0M)->251.2M(1024.0M)]
 [Times: user=0.02 sys=0.00, real=0.02 secs] 
2016-12-19T23:33:36.107+0100: 10120.452: [GC pause (G1 Evacuation Pause) (young), 0.0263260 secs]
   [Parallel Time: 24.7 ms, GC Workers: 1]
      [GC Worker Start (ms):  10120453.6]
      [Ext Root Scanning (ms):  2.9]
      [Update RS (ms):  3.6]
         [Processed Buffers:  38]
      [Scan RS (ms):  5.4]
      [Code Root Scanning (ms):  0.0]
      [Object Copy (ms):  12.7]
      [Termination (ms):  0.0]
         [Termination Attempts:  1]
      [GC Worker Other (ms):  0.0]
      [GC Worker Total (ms):  24.7]
      [GC Worker End (ms):  10120478.3]
   [Code Root Fixup: 0.0 ms]
   [Code Root Purge: 0.0 ms]
   [Clear CT: 0.0 ms]
   [Other: 1.5 ms]
      [Choose CSet: 0.0 ms]
      [Ref Proc: 0.0 ms]
      [Ref Enq: 0.0 ms]
      [Redirty Cards: 0.0 ms]
      [Humongous Register: 0.1 ms]
      [Humongous Reclaim: 0.0 ms]
      [Free CSet: 0.1 ms]
   [Eden: 47.0M(47.0M)->0.0B(46.0M) Survivors: 4096.0K->5120.0K Heap: 298.2M(1024.0M)->252.2M(1024.0M)]
 [Times: user=0.03 sys=0.00, real=0.03 secs] 
2016-12-19T23:34:00.484+0100: 10144.829: [GC pause (G1 Evacuation Pause) (young), 0.0885385 secs]
   [Parallel Time: 87.8 ms, GC Workers: 1]
      [GC Worker Start (ms):  10144829.3]
      [Ext Root Scanning (ms):  3.4]
      [Update RS (ms):  10.6]
         [Processed Buffers:  38]
      [Scan RS (ms):  23.5]
      [Code Root Scanning (ms):  0.0]
      [Object Copy (ms):  50.2]
      [Termination (ms):  0.0]
         [Termination Attempts:  1]
      [GC Worker Other (ms):  0.0]
      [GC Worker Total (ms):  87.8]
      [GC Worker End (ms):  10144917.1]
   [Code Root Fixup: 0.1 ms]
   [Code Root Purge: 0.0 ms]
   [Clear CT: 0.1 ms]
   [Other: 0.6 ms]
      [Choose CSet: 0.0 ms]
      [Ref Proc: 0.1 ms]
      [Ref Enq: 0.0 ms]
      [Redirty Cards: 0.1 ms]
      [Humongous Register: 0.1 ms]
      [Humongous Reclaim: 0.1 ms]
      [Free CSet: 0.1 ms]
   [Eden: 46.0M(46.0M)->0.0B(47.0M) Survivors: 5120.0K->4096.0K Heap: 298.2M(1024.0M)->252.5M(1024.0M)]
 [Times: user=0.06 sys=0.01, real=0.09 secs] 
2016-12-19T23:34:24.101+0100: 10168.447: [GC pause (G1 Evacuation Pause) (young), 0.0451939 secs]
   [Parallel Time: 44.6 ms, GC Workers: 1]
      [GC Worker Start (ms):  10168446.8]
      [Ext Root Scanning (ms):  3.4]
      [Update RS (ms):  5.8]
         [Processed Buffers:  37]
      [Scan RS (ms):  5.5]
      [Code Root Scanning (ms):  0.0]
      [Object Copy (ms):  29.8]
      [Termination (ms):  0.0]
         [Termination Attempts:  1]
      [GC Worker Other (ms):  0.0]
      [GC Worker Total (ms):  44.6]
      [GC Worker End (ms):  10168491.4]
   [Code Root Fixup: 0.1 ms]
   [Code Root Purge: 0.0 ms]
   [Clear CT: 0.1 ms]
   [Other: 0.5 ms]
      [Choose CSet: 0.0 ms]
      [Ref Proc: 0.0 ms]
      [Ref Enq: 0.0 ms]
      [Redirty Cards: 0.0 ms]
      [Humongous Register: 0.1 ms]
      [Humongous Reclaim: 0.0 ms]
      [Free CSet: 0.1 ms]
   [Eden: 47.0M(47.0M)->0.0B(46.0M) Survivors: 4096.0K->5120.0K Heap: 299.5M(1024.0M)->253.5M(1024.0M)]
 [Times: user=0.04 sys=0.00, real=0.04 secs] 
2016-12-19T23:34:47.554+0100: 10191.900: [GC pause (G1 Evacuation Pause) (young), 0.0262158 secs]
   [Parallel Time: 25.7 ms, GC Workers: 1]
      [GC Worker Start (ms):  10191900.1]
      [Ext Root Scanning (ms):  1.0]
      [Update RS (ms):  3.0]
         [Processed Buffers:  38]
      [Scan RS (ms):  4.7]
      [Code Root Scanning (ms):  0.0]
      [Object Copy (ms):  16.8]
      [Termination (ms):  0.0]
         [Termination Attempts:  1]
      [GC Worker Other (ms):  0.0]
      [GC Worker Total (ms):  25.6]
      [GC Worker End (ms):  10191925.7]
   [Code Root Fixup: 0.0 ms]
   [Code Root Purge: 0.0 ms]
   [Clear CT: 0.0 ms]
   [Other: 0.4 ms]
      [Choose CSet: 0.0 ms]
      [Ref Proc: 0.0 ms]
      [Ref Enq: 0.0 ms]
      [Redirty Cards: 0.0 ms]
      [Humongous Register: 0.1 ms]
      [Humongous Reclaim: 0.0 ms]
      [Free CSet: 0.1 ms]
   [Eden: 46.0M(46.0M)->0.0B(47.0M) Survivors: 5120.0K->4096.0K Heap: 299.5M(1024.0M)->253.9M(1024.0M)]
 [Times: user=0.03 sys=0.00, real=0.03 secs] 
2016-12-19T23:35:13.612+0100: 10217.957: [GC pause (G1 Evacuation Pause) (young), 0.0257191 secs]
   [Parallel Time: 25.0 ms, GC Workers: 1]
      [GC Worker Start (ms):  10217957.8]
      [Ext Root Scanning (ms):  1.5]
      [Update RS (ms):  4.4]
         [Processed Buffers:  39]
      [Scan RS (ms):  6.2]
      [Code Root Scanning (ms):  0.0]
      [Object Copy (ms):  12.7]
      [Termination (ms):  0.0]
         [Termination Attempts:  1]
      [GC Worker Other (ms):  0.0]
      [GC Worker Total (ms):  24.9]
      [GC Worker End (ms):  10217982.7]
   [Code Root Fixup: 0.0 ms]
   [Code Root Purge: 0.0 ms]
   [Clear CT: 0.0 ms]
   [Other: 0.7 ms]
      [Choose CSet: 0.0 ms]
      [Ref Proc: 0.0 ms]
      [Ref Enq: 0.0 ms]
      [Redirty Cards: 0.0 ms]
      [Humongous Register: 0.3 ms]
      [Humongous Reclaim: 0.0 ms]
      [Free CSet: 0.1 ms]
   [Eden: 47.0M(47.0M)->0.0B(45.0M) Survivors: 4096.0K->6144.0K Heap: 300.9M(1024.0M)->255.4M(1024.0M)]
 [Times: user=0.03 sys=0.00, real=0.02 secs] 
2016-12-19T23:35:36.281+0100: 10240.627: [GC pause (G1 Evacuation Pause) (young), 0.0769760 secs]
   [Parallel Time: 76.1 ms, GC Workers: 1]
      [GC Worker Start (ms):  10240627.0]
      [Ext Root Scanning (ms):  1.6]
      [Update RS (ms):  16.7]
         [Processed Buffers:  38]
      [Scan RS (ms):  11.3]
      [Code Root Scanning (ms):  0.0]
      [Object Copy (ms):  46.4]
      [Termination (ms):  0.0]
         [Termination Attempts:  1]
      [GC Worker Other (ms):  0.0]
      [GC Worker Total (ms):  76.0]
      [GC Worker End (ms):  10240703.0]
   [Code Root Fixup: 0.1 ms]
   [Code Root Purge: 0.0 ms]
   [Clear CT: 0.1 ms]
   [Other: 0.7 ms]
      [Choose CSet: 0.0 ms]
      [Ref Proc: 0.1 ms]
      [Ref Enq: 0.0 ms]
      [Redirty Cards: 0.1 ms]
      [Humongous Register: 0.0 ms]
      [Humongous Reclaim: 0.1 ms]
      [Free CSet: 0.1 ms]
   [Eden: 45.0M(45.0M)->0.0B(47.0M) Survivors: 6144.0K->4096.0K Heap: 300.4M(1024.0M)->255.5M(1024.0M)]
 [Times: user=0.04 sys=0.00, real=0.07 secs] 
2016-12-19T23:36:01.514+0100: 10265.859: [GC pause (G1 Evacuation Pause) (young), 0.0271366 secs]
   [Parallel Time: 26.6 ms, GC Workers: 1]
      [GC Worker Start (ms):  10265859.6]
      [Ext Root Scanning (ms):  2.6]
      [Update RS (ms):  3.0]
         [Processed Buffers:  37]
      [Scan RS (ms):  6.3]
      [Code Root Scanning (ms):  0.0]
      [Object Copy (ms):  14.5]
      [Termination (ms):  0.0]
         [Termination Attempts:  1]
      [GC Worker Other (ms):  0.0]
      [GC Worker Total (ms):  26.5]
      [GC Worker End (ms):  10265886.2]
   [Code Root Fixup: 0.0 ms]
   [Code Root Purge: 0.0 ms]
   [Clear CT: 0.1 ms]
   [Other: 0.5 ms]
      [Choose CSet: 0.0 ms]
      [Ref Proc: 0.0 ms]
      [Ref Enq: 0.0 ms]
      [Redirty Cards: 0.0 ms]
      [Humongous Register: 0.1 ms]
      [Humongous Reclaim: 0.0 ms]
      [Free CSet: 0.1 ms]
   [Eden: 47.0M(47.0M)->0.0B(45.0M) Survivors: 4096.0K->6144.0K Heap: 302.5M(1024.0M)->257.0M(1024.0M)]
 [Times: user=0.03 sys=0.01, real=0.03 secs] 
2016-12-19T23:36:24.859+0100: 10289.205: [GC pause (G1 Evacuation Pause) (young), 0.0285910 secs]
   [Parallel Time: 27.9 ms, GC Workers: 1]
      [GC Worker Start (ms):  10289204.7]
      [Ext Root Scanning (ms):  1.1]
      [Update RS (ms):  2.9]
         [Processed Buffers:  35]
      [Scan RS (ms):  4.3]
      [Code Root Scanning (ms):  0.0]
      [Object Copy (ms):  19.5]
      [Termination (ms):  0.0]
         [Termination Attempts:  1]
      [GC Worker Other (ms):  0.0]
      [GC Worker Total (ms):  27.9]
      [GC Worker End (ms):  10289232.6]
   [Code Root Fixup: 0.1 ms]
   [Code Root Purge: 0.0 ms]
   [Clear CT: 0.1 ms]
   [Other: 0.5 ms]
      [Choose CSet: 0.0 ms]
      [Ref Proc: 0.1 ms]
      [Ref Enq: 0.0 ms]
      [Redirty Cards: 0.1 ms]
      [Humongous Register: 0.0 ms]
      [Humongous Reclaim: 0.0 ms]
      [Free CSet: 0.1 ms]
   [Eden: 45.0M(45.0M)->0.0B(47.0M) Survivors: 6144.0K->4096.0K Heap: 302.0M(1024.0M)->257.0M(1024.0M)]
 [Times: user=0.03 sys=0.00, real=0.03 secs] 
2016-12-19T23:36:50.517+0100: 10314.863: [GC pause (G1 Evacuation Pause) (young), 0.0217224 secs]
   [Parallel Time: 21.2 ms, GC Workers: 1]
      [GC Worker Start (ms):  10314863.0]
      [Ext Root Scanning (ms):  0.9]
      [Update RS (ms):  4.3]
         [Processed Buffers:  39]
      [Scan RS (ms):  4.4]
      [Code Root Scanning (ms):  0.0]
      [Object Copy (ms):  11.4]
      [Termination (ms):  0.0]
         [Termination Attempts:  1]
      [GC Worker Other (ms):  0.0]
      [GC Worker Total (ms):  21.1]
      [GC Worker End (ms):  10314884.1]
   [Code Root Fixup: 0.1 ms]
   [Code Root Purge: 0.0 ms]
   [Clear CT: 0.0 ms]
   [Other: 0.4 ms]
      [Choose CSet: 0.0 ms]
      [Ref Proc: 0.0 ms]
      [Ref Enq: 0.0 ms]
      [Redirty Cards: 0.0 ms]
      [Humongous Register: 0.0 ms]
      [Humongous Reclaim: 0.0 ms]
      [Free CSet: 0.1 ms]
   [Eden: 47.0M(47.0M)->0.0B(46.0M) Survivors: 4096.0K->5120.0K Heap: 304.0M(1024.0M)->258.5M(1024.0M)]
 [Times: user=0.02 sys=0.00, real=0.03 secs] 
2016-12-19T23:37:17.182+0100: 10341.528: [GC pause (G1 Evacuation Pause) (young), 0.0322533 secs]
   [Parallel Time: 31.7 ms, GC Workers: 1]
      [GC Worker Start (ms):  10341527.9]
      [Ext Root Scanning (ms):  1.9]
      [Update RS (ms):  3.9]
         [Processed Buffers:  38]
      [Scan RS (ms):  6.2]
      [Code Root Scanning (ms):  0.0]
      [Object Copy (ms):  19.6]
      [Termination (ms):  0.0]
         [Termination Attempts:  1]
      [GC Worker Other (ms):  0.0]
      [GC Worker Total (ms):  31.6]
      [GC Worker End (ms):  10341559.6]
   [Code Root Fixup: 0.0 ms]
   [Code Root Purge: 0.0 ms]
   [Clear CT: 0.1 ms]
   [Other: 0.5 ms]
      [Choose CSet: 0.0 ms]
      [Ref Proc: 0.0 ms]
      [Ref Enq: 0.0 ms]
      [Redirty Cards: 0.0 ms]
      [Humongous Register: 0.0 ms]
      [Humongous Reclaim: 0.0 ms]
      [Free CSet: 0.1 ms]
   [Eden: 46.0M(46.0M)->0.0B(47.0M) Survivors: 5120.0K->4096.0K Heap: 304.5M(1024.0M)->259.3M(1024.0M)]
 [Times: user=0.03 sys=0.00, real=0.03 secs] 
2016-12-19T23:37:42.184+0100: 10366.530: [GC pause (G1 Evacuation Pause) (young), 0.0269388 secs]
   [Parallel Time: 25.8 ms, GC Workers: 1]
      [GC Worker Start (ms):  10366529.9]
      [Ext Root Scanning (ms):  1.0]
      [Update RS (ms):  3.6]
         [Processed Buffers:  40]
      [Scan RS (ms):  5.5]
      [Code Root Scanning (ms):  0.0]
      [Object Copy (ms):  15.5]
      [Termination (ms):  0.0]
         [Termination Attempts:  1]
      [GC Worker Other (ms):  0.0]
      [GC Worker Total (ms):  25.7]
      [GC Worker End (ms):  10366555.5]
   [Code Root Fixup: 0.1 ms]
   [Code Root Purge: 0.0 ms]
   [Clear CT: 0.2 ms]
   [Other: 0.9 ms]
      [Choose CSet: 0.0 ms]
      [Ref Proc: 0.1 ms]
      [Ref Enq: 0.0 ms]
      [Redirty Cards: 0.2 ms]
      [Humongous Register: 0.1 ms]
      [Humongous Reclaim: 0.2 ms]
      [Free CSet: 0.2 ms]
   [Eden: 47.0M(47.0M)->0.0B(47.0M) Survivors: 4096.0K->4096.0K Heap: 306.3M(1024.0M)->259.3M(1024.0M)]
 [Times: user=0.03 sys=0.00, real=0.03 secs] 
2016-12-19T23:38:07.003+0100: 10391.349: [GC pause (G1 Evacuation Pause) (young), 0.0301643 secs]
   [Parallel Time: 28.7 ms, GC Workers: 1]
      [GC Worker Start (ms):  10391348.8]
      [Ext Root Scanning (ms):  1.5]
      [Update RS (ms):  8.5]
         [Processed Buffers:  44]
      [Scan RS (ms):  1.7]
      [Code Root Scanning (ms):  0.0]
      [Object Copy (ms):  16.8]
      [Termination (ms):  0.0]
         [Termination Attempts:  1]
      [GC Worker Other (ms):  0.0]
      [GC Worker Total (ms):  28.6]
      [GC Worker End (ms):  10391377.4]
   [Code Root Fixup: 0.9 ms]
   [Code Root Purge: 0.0 ms]
   [Clear CT: 0.0 ms]
   [Other: 0.6 ms]
      [Choose CSet: 0.0 ms]
      [Ref Proc: 0.1 ms]
      [Ref Enq: 0.0 ms]
      [Redirty Cards: 0.1 ms]
      [Humongous Register: 0.0 ms]
      [Humongous Reclaim: 0.0 ms]
      [Free CSet: 0.1 ms]
   [Eden: 47.0M(47.0M)->0.0B(46.0M) Survivors: 4096.0K->5120.0K Heap: 306.3M(1024.0M)->260.3M(1024.0M)]
 [Times: user=0.03 sys=0.00, real=0.03 secs] 
2016-12-19T23:38:29.939+0100: 10414.284: [GC pause (G1 Evacuation Pause) (young), 0.0227747 secs]
   [Parallel Time: 22.2 ms, GC Workers: 1]
      [GC Worker Start (ms):  10414284.5]
      [Ext Root Scanning (ms):  0.9]
      [Update RS (ms):  3.2]
         [Processed Buffers:  38]
      [Scan RS (ms):  4.6]
      [Code Root Scanning (ms):  0.0]
      [Object Copy (ms):  13.5]
      [Termination (ms):  0.0]
         [Termination Attempts:  1]
      [GC Worker Other (ms):  0.0]
      [GC Worker Total (ms):  22.2]
      [GC Worker End (ms):  10414306.7]
   [Code Root Fixup: 0.0 ms]
   [Code Root Purge: 0.0 ms]
   [Clear CT: 0.0 ms]
   [Other: 0.5 ms]
      [Choose CSet: 0.0 ms]
      [Ref Proc: 0.0 ms]
      [Ref Enq: 0.0 ms]
      [Redirty Cards: 0.0 ms]
      [Humongous Register: 0.1 ms]
      [Humongous Reclaim: 0.0 ms]
      [Free CSet: 0.1 ms]
   [Eden: 46.0M(46.0M)->0.0B(47.0M) Survivors: 5120.0K->4096.0K Heap: 306.3M(1024.0M)->260.6M(1024.0M)]
 [Times: user=0.02 sys=0.00, real=0.03 secs] 
2016-12-19T23:38:54.435+0100: 10438.780: [GC pause (G1 Evacuation Pause) (young), 0.0220039 secs]
   [Parallel Time: 21.6 ms, GC Workers: 1]
      [GC Worker Start (ms):  10438780.1]
      [Ext Root Scanning (ms):  0.9]
      [Update RS (ms):  2.3]
         [Processed Buffers:  40]
      [Scan RS (ms):  5.6]
      [Code Root Scanning (ms):  0.0]
      [Object Copy (ms):  12.7]
      [Termination (ms):  0.0]
         [Termination Attempts:  1]
      [GC Worker Other (ms):  0.0]
      [GC Worker Total (ms):  21.5]
      [GC Worker End (ms):  10438801.6]
   [Code Root Fixup: 0.0 ms]
   [Code Root Purge: 0.0 ms]
   [Clear CT: 0.0 ms]
   [Other: 0.4 ms]
      [Choose CSet: 0.0 ms]
      [Ref Proc: 0.0 ms]
      [Ref Enq: 0.0 ms]
      [Redirty Cards: 0.0 ms]
      [Humongous Register: 0.0 ms]
      [Humongous Reclaim: 0.0 ms]
      [Free CSet: 0.1 ms]
   [Eden: 47.0M(47.0M)->0.0B(45.0M) Survivors: 4096.0K->6144.0K Heap: 307.6M(1024.0M)->262.1M(1024.0M)]
 [Times: user=0.02 sys=0.00, real=0.02 secs] 
2016-12-19T23:39:18.240+0100: 10462.586: [GC pause (G1 Evacuation Pause) (young), 0.0226048 secs]
   [Parallel Time: 22.1 ms, GC Workers: 1]
      [GC Worker Start (ms):  10462586.1]
      [Ext Root Scanning (ms):  1.5]
      [Update RS (ms):  4.6]
         [Processed Buffers:  41]
      [Scan RS (ms):  4.5]
      [Code Root Scanning (ms):  0.0]
      [Object Copy (ms):  11.4]
      [Termination (ms):  0.0]
         [Termination Attempts:  1]
      [GC Worker Other (ms):  0.0]
      [GC Worker Total (ms):  22.0]
      [GC Worker End (ms):  10462608.1]
   [Code Root Fixup: 0.1 ms]
   [Code Root Purge: 0.0 ms]
   [Clear CT: 0.0 ms]
   [Other: 0.4 ms]
      [Choose CSet: 0.0 ms]
      [Ref Proc: 0.0 ms]
      [Ref Enq: 0.0 ms]
      [Redirty Cards: 0.0 ms]
      [Humongous Register: 0.1 ms]
      [Humongous Reclaim: 0.0 ms]
      [Free CSet: 0.1 ms]
   [Eden: 45.0M(45.0M)->0.0B(47.0M) Survivors: 6144.0K->4096.0K Heap: 307.1M(1024.0M)->262.2M(1024.0M)]
 [Times: user=0.01 sys=0.00, real=0.01 secs] 
2016-12-19T23:39:43.944+0100: 10488.289: [GC pause (G1 Evacuation Pause) (young), 0.0251584 secs]
   [Parallel Time: 24.7 ms, GC Workers: 1]
      [GC Worker Start (ms):  10488289.5]
      [Ext Root Scanning (ms):  2.5]
      [Update RS (ms):  5.0]
         [Processed Buffers:  38]
      [Scan RS (ms):  5.3]
      [Code Root Scanning (ms):  0.0]
      [Object Copy (ms):  11.9]
      [Termination (ms):  0.0]
         [Termination Attempts:  1]
      [GC Worker Other (ms):  0.0]
      [GC Worker Total (ms):  24.7]
      [GC Worker End (ms):  10488314.1]
   [Code Root Fixup: 0.0 ms]
   [Code Root Purge: 0.0 ms]
   [Clear CT: 0.0 ms]
   [Other: 0.4 ms]
      [Choose CSet: 0.0 ms]
      [Ref Proc: 0.0 ms]
      [Ref Enq: 0.0 ms]
      [Redirty Cards: 0.0 ms]
      [Humongous Register: 0.1 ms]
      [Humongous Reclaim: 0.0 ms]
      [Free CSet: 0.1 ms]
   [Eden: 47.0M(47.0M)->0.0B(45.0M) Survivors: 4096.0K->6144.0K Heap: 309.2M(1024.0M)->263.7M(1024.0M)]
 [Times: user=0.02 sys=0.00, real=0.03 secs] 
2016-12-19T23:40:07.152+0100: 10511.497: [GC pause (G1 Evacuation Pause) (young), 0.0291705 secs]
   [Parallel Time: 28.5 ms, GC Workers: 1]
      [GC Worker Start (ms):  10511497.2]
      [Ext Root Scanning (ms):  1.5]
      [Update RS (ms):  5.1]
         [Processed Buffers:  38]
      [Scan RS (ms):  4.7]
      [Code Root Scanning (ms):  0.0]
      [Object Copy (ms):  17.2]
      [Termination (ms):  0.0]
         [Termination Attempts:  1]
      [GC Worker Other (ms):  0.0]
      [GC Worker Total (ms):  28.5]
      [GC Worker End (ms):  10511525.7]
   [Code Root Fixup: 0.0 ms]
   [Code Root Purge: 0.0 ms]
   [Clear CT: 0.0 ms]
   [Other: 0.6 ms]
      [Choose CSet: 0.0 ms]
      [Ref Proc: 0.0 ms]
      [Ref Enq: 0.0 ms]
      [Redirty Cards: 0.1 ms]
      [Humongous Register: 0.1 ms]
      [Humongous Reclaim: 0.0 ms]
      [Free CSet: 0.1 ms]
   [Eden: 45.0M(45.0M)->0.0B(47.0M) Survivors: 6144.0K->4096.0K Heap: 308.7M(1024.0M)->263.7M(1024.0M)]
 [Times: user=0.02 sys=0.00, real=0.03 secs] 
2016-12-19T23:40:33.796+0100: 10538.142: [GC pause (G1 Evacuation Pause) (young), 0.0231893 secs]
   [Parallel Time: 22.6 ms, GC Workers: 1]
      [GC Worker Start (ms):  10538142.0]
      [Ext Root Scanning (ms):  1.0]
      [Update RS (ms):  2.4]
         [Processed Buffers:  37]
      [Scan RS (ms):  4.9]
      [Code Root Scanning (ms):  0.0]
      [Object Copy (ms):  14.3]
      [Termination (ms):  0.0]
         [Termination Attempts:  1]
      [GC Worker Other (ms):  0.0]
      [GC Worker Total (ms):  22.6]
      [GC Worker End (ms):  10538164.6]
   [Code Root Fixup: 0.0 ms]
   [Code Root Purge: 0.0 ms]
   [Clear CT: 0.0 ms]
   [Other: 0.5 ms]
      [Choose CSet: 0.0 ms]
      [Ref Proc: 0.0 ms]
      [Ref Enq: 0.0 ms]
      [Redirty Cards: 0.0 ms]
      [Humongous Register: 0.0 ms]
      [Humongous Reclaim: 0.0 ms]
      [Free CSet: 0.1 ms]
   [Eden: 47.0M(47.0M)->0.0B(45.0M) Survivors: 4096.0K->6144.0K Heap: 310.7M(1024.0M)->265.2M(1024.0M)]
 [Times: user=0.02 sys=0.00, real=0.03 secs] 
2016-12-19T23:40:59.415+0100: 10563.760: [GC pause (G1 Evacuation Pause) (young), 0.0220861 secs]
   [Parallel Time: 21.5 ms, GC Workers: 1]
      [GC Worker Start (ms):  10563760.3]
      [Ext Root Scanning (ms):  2.7]
      [Update RS (ms):  2.5]
         [Processed Buffers:  40]
      [Scan RS (ms):  4.3]
      [Code Root Scanning (ms):  0.0]
      [Object Copy (ms):  11.9]
      [Termination (ms):  0.0]
         [Termination Attempts:  1]
      [GC Worker Other (ms):  0.0]
      [GC Worker Total (ms):  21.5]
      [GC Worker End (ms):  10563781.8]
   [Code Root Fixup: 0.0 ms]
   [Code Root Purge: 0.0 ms]
   [Clear CT: 0.0 ms]
   [Other: 0.5 ms]
      [Choose CSet: 0.0 ms]
      [Ref Proc: 0.0 ms]
      [Ref Enq: 0.0 ms]
      [Redirty Cards: 0.0 ms]
      [Humongous Register: 0.1 ms]
      [Humongous Reclaim: 0.0 ms]
      [Free CSet: 0.1 ms]
   [Eden: 45.0M(45.0M)->0.0B(47.0M) Survivors: 6144.0K->4096.0K Heap: 310.2M(1024.0M)->265.2M(1024.0M)]
 [Times: user=0.02 sys=0.00, real=0.02 secs] 
2016-12-19T23:41:24.294+0100: 10588.639: [GC pause (G1 Evacuation Pause) (young), 0.0236268 secs]
   [Parallel Time: 23.2 ms, GC Workers: 1]
      [GC Worker Start (ms):  10588639.2]
      [Ext Root Scanning (ms):  1.0]
      [Update RS (ms):  11.0]
         [Processed Buffers:  65]
      [Scan RS (ms):  0.4]
      [Code Root Scanning (ms):  0.0]
      [Object Copy (ms):  10.8]
      [Termination (ms):  0.0]
         [Termination Attempts:  1]
      [GC Worker Other (ms):  0.0]
      [GC Worker Total (ms):  23.2]
      [GC Worker End (ms):  10588662.4]
   [Code Root Fixup: 0.0 ms]
   [Code Root Purge: 0.0 ms]
   [Clear CT: 0.0 ms]
   [Other: 0.3 ms]
      [Choose CSet: 0.0 ms]
      [Ref Proc: 0.0 ms]
      [Ref Enq: 0.0 ms]
      [Redirty Cards: 0.0 ms]
      [Humongous Register: 0.0 ms]
      [Humongous Reclaim: 0.0 ms]
      [Free CSet: 0.0 ms]
   [Eden: 47.0M(47.0M)->0.0B(46.0M) Survivors: 4096.0K->5120.0K Heap: 312.2M(1024.0M)->266.7M(1024.0M)]
 [Times: user=0.03 sys=0.00, real=0.02 secs] 
2016-12-19T23:41:49.872+0100: 10614.218: [GC pause (G1 Evacuation Pause) (young), 0.0228103 secs]
   [Parallel Time: 22.2 ms, GC Workers: 1]
      [GC Worker Start (ms):  10614218.0]
      [Ext Root Scanning (ms):  2.6]
      [Update RS (ms):  2.5]
         [Processed Buffers:  36]
      [Scan RS (ms):  4.4]
      [Code Root Scanning (ms):  0.0]
      [Object Copy (ms):  12.7]
      [Termination (ms):  0.0]
         [Termination Attempts:  1]
      [GC Worker Other (ms):  0.0]
      [GC Worker Total (ms):  22.2]
      [GC Worker End (ms):  10614240.2]
   [Code Root Fixup: 0.1 ms]
   [Code Root Purge: 0.0 ms]
   [Clear CT: 0.0 ms]
   [Other: 0.5 ms]
      [Choose CSet: 0.0 ms]
      [Ref Proc: 0.0 ms]
      [Ref Enq: 0.0 ms]
      [Redirty Cards: 0.0 ms]
      [Humongous Register: 0.1 ms]
      [Humongous Reclaim: 0.0 ms]
      [Free CSet: 0.1 ms]
   [Eden: 46.0M(46.0M)->0.0B(47.0M) Survivors: 5120.0K->4096.0K Heap: 312.7M(1024.0M)->267.7M(1024.0M)]
 [Times: user=0.02 sys=0.00, real=0.02 secs] 
2016-12-19T23:42:16.813+0100: 10641.159: [GC pause (G1 Evacuation Pause) (young), 0.0193318 secs]
   [Parallel Time: 18.8 ms, GC Workers: 1]
      [GC Worker Start (ms):  10641159.1]
      [Ext Root Scanning (ms):  1.6]
      [Update RS (ms):  3.1]
         [Processed Buffers:  34]
      [Scan RS (ms):  4.7]
      [Code Root Scanning (ms):  0.0]
      [Object Copy (ms):  9.4]
      [Termination (ms):  0.0]
         [Termination Attempts:  1]
      [GC Worker Other (ms):  0.0]
      [GC Worker Total (ms):  18.8]
      [GC Worker End (ms):  10641177.9]
   [Code Root Fixup: 0.0 ms]
   [Code Root Purge: 0.0 ms]
   [Clear CT: 0.0 ms]
   [Other: 0.4 ms]
      [Choose CSet: 0.0 ms]
      [Ref Proc: 0.0 ms]
      [Ref Enq: 0.0 ms]
      [Redirty Cards: 0.0 ms]
      [Humongous Register: 0.1 ms]
      [Humongous Reclaim: 0.0 ms]
      [Free CSet: 0.1 ms]
   [Eden: 47.0M(47.0M)->0.0B(47.0M) Survivors: 4096.0K->4096.0K Heap: 314.7M(1024.0M)->267.7M(1024.0M)]
 [Times: user=0.02 sys=0.00, real=0.02 secs] 
2016-12-19T23:42:42.752+0100: 10667.098: [GC pause (G1 Evacuation Pause) (young), 0.0225673 secs]
   [Parallel Time: 21.9 ms, GC Workers: 1]
      [GC Worker Start (ms):  10667097.9]
      [Ext Root Scanning (ms):  4.0]
      [Update RS (ms):  2.2]
         [Processed Buffers:  37]
      [Scan RS (ms):  4.4]
      [Code Root Scanning (ms):  0.0]
      [Object Copy (ms):  11.2]
      [Termination (ms):  0.0]
         [Termination Attempts:  1]
      [GC Worker Other (ms):  0.0]
      [GC Worker Total (ms):  21.9]
      [GC Worker End (ms):  10667119.8]
   [Code Root Fixup: 0.1 ms]
   [Code Root Purge: 0.0 ms]
   [Clear CT: 0.0 ms]
   [Other: 0.6 ms]
      [Choose CSet: 0.0 ms]
      [Ref Proc: 0.0 ms]
      [Ref Enq: 0.0 ms]
      [Redirty Cards: 0.0 ms]
      [Humongous Register: 0.2 ms]
      [Humongous Reclaim: 0.0 ms]
      [Free CSet: 0.1 ms]
   [Eden: 47.0M(47.0M)->0.0B(46.0M) Survivors: 4096.0K->5120.0K Heap: 314.7M(1024.0M)->268.7M(1024.0M)]
 [Times: user=0.01 sys=0.00, real=0.02 secs] 
2016-12-19T23:43:08.188+0100: 10692.533: [GC pause (G1 Evacuation Pause) (young), 0.0218151 secs]
   [Parallel Time: 21.3 ms, GC Workers: 1]
      [GC Worker Start (ms):  10692533.4]
      [Ext Root Scanning (ms):  1.9]
      [Update RS (ms):  2.4]
         [Processed Buffers:  36]
      [Scan RS (ms):  4.0]
      [Code Root Scanning (ms):  0.0]
      [Object Copy (ms):  12.9]
      [Termination (ms):  0.0]
         [Termination Attempts:  1]
      [GC Worker Other (ms):  0.0]
      [GC Worker Total (ms):  21.3]
      [GC Worker End (ms):  10692554.7]
   [Code Root Fixup: 0.0 ms]
   [Code Root Purge: 0.0 ms]
   [Clear CT: 0.0 ms]
   [Other: 0.4 ms]
      [Choose CSet: 0.0 ms]
      [Ref Proc: 0.0 ms]
      [Ref Enq: 0.0 ms]
      [Redirty Cards: 0.0 ms]
      [Humongous Register: 0.1 ms]
      [Humongous Reclaim: 0.0 ms]
      [Free CSet: 0.1 ms]
   [Eden: 46.0M(46.0M)->0.0B(47.0M) Survivors: 5120.0K->4096.0K Heap: 314.7M(1024.0M)->268.9M(1024.0M)]
 [Times: user=0.02 sys=0.00, real=0.02 secs] 
2016-12-19T23:43:33.118+0100: 10717.463: [GC pause (G1 Evacuation Pause) (young), 0.0273822 secs]
   [Parallel Time: 26.9 ms, GC Workers: 1]
      [GC Worker Start (ms):  10717463.5]
      [Ext Root Scanning (ms):  1.9]
      [Update RS (ms):  5.0]
         [Processed Buffers:  37]
      [Scan RS (ms):  7.0]
      [Code Root Scanning (ms):  0.0]
      [Object Copy (ms):  12.9]
      [Termination (ms):  0.0]
         [Termination Attempts:  1]
      [GC Worker Other (ms):  0.0]
      [GC Worker Total (ms):  26.8]
      [GC Worker End (ms):  10717490.4]
   [Code Root Fixup: 0.0 ms]
   [Code Root Purge: 0.0 ms]
   [Clear CT: 0.0 ms]
   [Other: 0.4 ms]
      [Choose CSet: 0.0 ms]
      [Ref Proc: 0.0 ms]
      [Ref Enq: 0.0 ms]
      [Redirty Cards: 0.0 ms]
      [Humongous Register: 0.0 ms]
      [Humongous Reclaim: 0.0 ms]
      [Free CSet: 0.1 ms]
   [Eden: 47.0M(47.0M)->0.0B(46.0M) Survivors: 4096.0K->5120.0K Heap: 315.9M(1024.0M)->269.9M(1024.0M)]
 [Times: user=0.02 sys=0.01, real=0.03 secs] 
2016-12-19T23:43:56.511+0100: 10740.857: [GC pause (G1 Evacuation Pause) (young), 0.0233640 secs]
   [Parallel Time: 22.8 ms, GC Workers: 1]
      [GC Worker Start (ms):  10740856.8]
      [Ext Root Scanning (ms):  1.5]
      [Update RS (ms):  5.0]
         [Processed Buffers:  38]
      [Scan RS (ms):  4.2]
      [Code Root Scanning (ms):  0.0]
      [Object Copy (ms):  12.0]
      [Termination (ms):  0.0]
         [Termination Attempts:  1]
      [GC Worker Other (ms):  0.0]
      [GC Worker Total (ms):  22.8]
      [GC Worker End (ms):  10740879.6]
   [Code Root Fixup: 0.0 ms]
   [Code Root Purge: 0.0 ms]
   [Clear CT: 0.0 ms]
   [Other: 0.4 ms]
      [Choose CSet: 0.0 ms]
      [Ref Proc: 0.0 ms]
      [Ref Enq: 0.0 ms]
      [Redirty Cards: 0.0 ms]
      [Humongous Register: 0.1 ms]
      [Humongous Reclaim: 0.0 ms]
      [Free CSet: 0.1 ms]
   [Eden: 46.0M(46.0M)->0.0B(47.0M) Survivors: 5120.0K->4096.0K Heap: 315.9M(1024.0M)->270.4M(1024.0M)]
 [Times: user=0.02 sys=0.00, real=0.02 secs] 
2016-12-19T23:44:22.254+0100: 10766.599: [GC pause (G1 Evacuation Pause) (young), 0.0284437 secs]
   [Parallel Time: 27.8 ms, GC Workers: 1]
      [GC Worker Start (ms):  10766599.6]
      [Ext Root Scanning (ms):  1.0]
      [Update RS (ms):  2.5]
         [Processed Buffers:  39]
      [Scan RS (ms):  5.9]
      [Code Root Scanning (ms):  0.0]
      [Object Copy (ms):  18.2]
      [Termination (ms):  0.0]
         [Termination Attempts:  1]
      [GC Worker Other (ms):  0.0]
      [GC Worker Total (ms):  27.7]
      [GC Worker End (ms):  10766627.3]
   [Code Root Fixup: 0.0 ms]
   [Code Root Purge: 0.0 ms]
   [Clear CT: 0.1 ms]
   [Other: 0.5 ms]
      [Choose CSet: 0.0 ms]
      [Ref Proc: 0.0 ms]
      [Ref Enq: 0.0 ms]
      [Redirty Cards: 0.1 ms]
      [Humongous Register: 0.0 ms]
      [Humongous Reclaim: 0.1 ms]
      [Free CSet: 0.1 ms]
   [Eden: 47.0M(47.0M)->0.0B(45.0M) Survivors: 4096.0K->6144.0K Heap: 317.4M(1024.0M)->271.9M(1024.0M)]
 [Times: user=0.02 sys=0.01, real=0.03 secs] 
2016-12-19T23:44:45.968+0100: 10790.313: [GC pause (G1 Evacuation Pause) (young), 0.0253865 secs]
   [Parallel Time: 24.9 ms, GC Workers: 1]
      [GC Worker Start (ms):  10790313.3]
      [Ext Root Scanning (ms):  4.9]
      [Update RS (ms):  3.3]
         [Processed Buffers:  36]
      [Scan RS (ms):  4.1]
      [Code Root Scanning (ms):  0.0]
      [Object Copy (ms):  12.5]
      [Termination (ms):  0.0]
         [Termination Attempts:  1]
      [GC Worker Other (ms):  0.0]
      [GC Worker Total (ms):  24.9]
      [GC Worker End (ms):  10790338.1]
   [Code Root Fixup: 0.1 ms]
   [Code Root Purge: 0.0 ms]
   [Clear CT: 0.0 ms]
   [Other: 0.4 ms]
      [Choose CSet: 0.0 ms]
      [Ref Proc: 0.0 ms]
      [Ref Enq: 0.0 ms]
      [Redirty Cards: 0.0 ms]
      [Humongous Register: 0.1 ms]
      [Humongous Reclaim: 0.0 ms]
      [Free CSet: 0.1 ms]
   [Eden: 45.0M(45.0M)->0.0B(47.0M) Survivors: 6144.0K->4096.0K Heap: 316.9M(1024.0M)->271.9M(1024.0M)]
 [Times: user=0.02 sys=0.00, real=0.02 secs] 
2016-12-19T23:45:09.454+0100: 10813.800: [GC pause (G1 Evacuation Pause) (young), 0.0430010 secs]
   [Parallel Time: 42.3 ms, GC Workers: 1]
      [GC Worker Start (ms):  10813800.0]
      [Ext Root Scanning (ms):  1.1]
      [Update RS (ms):  2.9]
         [Processed Buffers:  39]
      [Scan RS (ms):  14.1]
      [Code Root Scanning (ms):  0.0]
      [Object Copy (ms):  24.1]
      [Termination (ms):  0.0]
         [Termination Attempts:  1]
      [GC Worker Other (ms):  0.0]
      [GC Worker Total (ms):  42.3]
      [GC Worker End (ms):  10813842.2]
   [Code Root Fixup: 0.1 ms]
   [Code Root Purge: 0.0 ms]
   [Clear CT: 0.1 ms]
   [Other: 0.6 ms]
      [Choose CSet: 0.0 ms]
      [Ref Proc: 0.1 ms]
      [Ref Enq: 0.0 ms]
      [Redirty Cards: 0.1 ms]
      [Humongous Register: 0.0 ms]
      [Humongous Reclaim: 0.0 ms]
      [Free CSet: 0.1 ms]
   [Eden: 47.0M(47.0M)->0.0B(44.0M) Survivors: 4096.0K->7168.0K Heap: 318.9M(1024.0M)->276.5M(1024.0M)]
 [Times: user=0.04 sys=0.00, real=0.04 secs] 
2016-12-19T23:45:32.221+0100: 10836.567: [GC pause (G1 Evacuation Pause) (young), 0.0258485 secs]
   [Parallel Time: 25.3 ms, GC Workers: 1]
      [GC Worker Start (ms):  10836566.9]
      [Ext Root Scanning (ms):  1.0]
      [Update RS (ms):  2.0]
         [Processed Buffers:  37]
      [Scan RS (ms):  6.2]
      [Code Root Scanning (ms):  0.0]
      [Object Copy (ms):  16.0]
      [Termination (ms):  0.0]
         [Termination Attempts:  1]
      [GC Worker Other (ms):  0.0]
      [GC Worker Total (ms):  25.3]
      [GC Worker End (ms):  10836592.2]
   [Code Root Fixup: 0.0 ms]
   [Code Root Purge: 0.0 ms]
   [Clear CT: 0.1 ms]
   [Other: 0.4 ms]
      [Choose CSet: 0.0 ms]
      [Ref Proc: 0.1 ms]
      [Ref Enq: 0.0 ms]
      [Redirty Cards: 0.1 ms]
      [Humongous Register: 0.0 ms]
      [Humongous Reclaim: 0.0 ms]
      [Free CSet: 0.1 ms]
   [Eden: 44.0M(44.0M)->0.0B(49.0M) Survivors: 7168.0K->2048.0K Heap: 320.5M(1024.0M)->277.0M(1024.0M)]
 [Times: user=0.03 sys=0.00, real=0.02 secs] 
2016-12-19T23:45:57.705+0100: 10862.050: [GC pause (G1 Evacuation Pause) (young), 0.0116010 secs]
   [Parallel Time: 11.2 ms, GC Workers: 1]
      [GC Worker Start (ms):  10862050.4]
      [Ext Root Scanning (ms):  1.0]
      [Update RS (ms):  2.0]
         [Processed Buffers:  36]
      [Scan RS (ms):  2.6]
      [Code Root Scanning (ms):  0.0]
      [Object Copy (ms):  5.6]
      [Termination (ms):  0.0]
         [Termination Attempts:  1]
      [GC Worker Other (ms):  0.0]
      [GC Worker Total (ms):  11.2]
      [GC Worker End (ms):  10862061.5]
   [Code Root Fixup: 0.0 ms]
   [Code Root Purge: 0.0 ms]
   [Clear CT: 0.0 ms]
   [Other: 0.3 ms]
      [Choose CSet: 0.0 ms]
      [Ref Proc: 0.0 ms]
      [Ref Enq: 0.0 ms]
      [Redirty Cards: 0.0 ms]
      [Humongous Register: 0.0 ms]
      [Humongous Reclaim: 0.0 ms]
      [Free CSet: 0.1 ms]
   [Eden: 49.0M(49.0M)->0.0B(48.0M) Survivors: 2048.0K->3072.0K Heap: 326.0M(1024.0M)->278.5M(1024.0M)]
 [Times: user=0.01 sys=0.00, real=0.01 secs] 
2016-12-19T23:46:22.138+0100: 10886.484: [GC pause (G1 Evacuation Pause) (young), 0.0195793 secs]
   [Parallel Time: 19.0 ms, GC Workers: 1]
      [GC Worker Start (ms):  10886483.9]
      [Ext Root Scanning (ms):  3.5]
      [Update RS (ms):  2.7]
         [Processed Buffers:  39]
      [Scan RS (ms):  2.0]
      [Code Root Scanning (ms):  0.0]
      [Object Copy (ms):  10.8]
      [Termination (ms):  0.0]
         [Termination Attempts:  1]
      [GC Worker Other (ms):  0.0]
      [GC Worker Total (ms):  19.0]
      [GC Worker End (ms):  10886502.8]
   [Code Root Fixup: 0.1 ms]
   [Code Root Purge: 0.0 ms]
   [Clear CT: 0.0 ms]
   [Other: 0.5 ms]
      [Choose CSet: 0.0 ms]
      [Ref Proc: 0.0 ms]
      [Ref Enq: 0.0 ms]
      [Redirty Cards: 0.0 ms]
      [Humongous Register: 0.0 ms]
      [Humongous Reclaim: 0.0 ms]
      [Free CSet: 0.1 ms]
   [Eden: 48.0M(48.0M)->0.0B(48.0M) Survivors: 3072.0K->3072.0K Heap: 326.5M(1024.0M)->278.5M(1024.0M)]
 [Times: user=0.02 sys=0.00, real=0.02 secs] 
2016-12-19T23:46:47.944+0100: 10912.290: [GC pause (G1 Evacuation Pause) (young), 0.0133587 secs]
   [Parallel Time: 12.9 ms, GC Workers: 1]
      [GC Worker Start (ms):  10912289.8]
      [Ext Root Scanning (ms):  2.1]
      [Update RS (ms):  2.3]
         [Processed Buffers:  38]
      [Scan RS (ms):  1.4]
      [Code Root Scanning (ms):  0.0]
      [Object Copy (ms):  7.0]
      [Termination (ms):  0.0]
         [Termination Attempts:  1]
      [GC Worker Other (ms):  0.0]
      [GC Worker Total (ms):  12.8]
      [GC Worker End (ms):  10912302.6]
   [Code Root Fixup: 0.1 ms]
   [Code Root Purge: 0.0 ms]
   [Clear CT: 0.0 ms]
   [Other: 0.4 ms]
      [Choose CSet: 0.0 ms]
      [Ref Proc: 0.0 ms]
      [Ref Enq: 0.0 ms]
      [Redirty Cards: 0.0 ms]
      [Humongous Register: 0.0 ms]
      [Humongous Reclaim: 0.0 ms]
      [Free CSet: 0.0 ms]
   [Eden: 48.0M(48.0M)->0.0B(48.0M) Survivors: 3072.0K->3072.0K Heap: 326.5M(1024.0M)->278.5M(1024.0M)]
 [Times: user=0.01 sys=0.00, real=0.01 secs] 
2016-12-19T23:47:12.223+0100: 10936.569: [GC pause (G1 Evacuation Pause) (young), 0.0348011 secs]
   [Parallel Time: 34.3 ms, GC Workers: 1]
      [GC Worker Start (ms):  10936569.1]
      [Ext Root Scanning (ms):  1.6]
      [Update RS (ms):  4.5]
         [Processed Buffers:  38]
      [Scan RS (ms):  3.1]
      [Code Root Scanning (ms):  0.0]
      [Object Copy (ms):  24.9]
      [Termination (ms):  0.0]
         [Termination Attempts:  1]
      [GC Worker Other (ms):  0.0]
      [GC Worker Total (ms):  34.2]
      [GC Worker End (ms):  10936603.3]
   [Code Root Fixup: 0.0 ms]
   [Code Root Purge: 0.0 ms]
   [Clear CT: 0.0 ms]
   [Other: 0.4 ms]
      [Choose CSet: 0.0 ms]
      [Ref Proc: 0.1 ms]
      [Ref Enq: 0.0 ms]
      [Redirty Cards: 0.0 ms]
      [Humongous Register: 0.1 ms]
      [Humongous Reclaim: 0.0 ms]
      [Free CSet: 0.1 ms]
   [Eden: 48.0M(48.0M)->0.0B(46.0M) Survivors: 3072.0K->5120.0K Heap: 326.5M(1024.0M)->280.0M(1024.0M)]
 [Times: user=0.03 sys=0.00, real=0.03 secs] 
2016-12-19T23:47:35.511+0100: 10959.856: [GC pause (G1 Evacuation Pause) (young), 0.0234356 secs]
   [Parallel Time: 21.8 ms, GC Workers: 1]
      [GC Worker Start (ms):  10959857.5]
      [Ext Root Scanning (ms):  1.3]
      [Update RS (ms):  3.2]
         [Processed Buffers:  39]
      [Scan RS (ms):  1.7]
      [Code Root Scanning (ms):  0.0]
      [Object Copy (ms):  15.6]
      [Termination (ms):  0.0]
         [Termination Attempts:  1]
      [GC Worker Other (ms):  0.0]
      [GC Worker Total (ms):  21.8]
      [GC Worker End (ms):  10959879.3]
   [Code Root Fixup: 0.0 ms]
   [Code Root Purge: 0.0 ms]
   [Clear CT: 0.0 ms]
   [Other: 1.5 ms]
      [Choose CSet: 0.0 ms]
      [Ref Proc: 0.0 ms]
      [Ref Enq: 0.0 ms]
      [Redirty Cards: 0.0 ms]
      [Humongous Register: 0.5 ms]
      [Humongous Reclaim: 0.0 ms]
      [Free CSet: 0.0 ms]
   [Eden: 46.0M(46.0M)->0.0B(47.0M) Survivors: 5120.0K->4096.0K Heap: 326.0M(1024.0M)->279.9M(1024.0M)]
 [Times: user=0.02 sys=0.00, real=0.02 secs] 
2016-12-19T23:47:59.829+0100: 10984.175: [GC pause (G1 Evacuation Pause) (young), 0.0166878 secs]
   [Parallel Time: 16.2 ms, GC Workers: 1]
      [GC Worker Start (ms):  10984175.0]
      [Ext Root Scanning (ms):  0.9]
      [Update RS (ms):  1.8]
         [Processed Buffers:  39]
      [Scan RS (ms):  1.9]
      [Code Root Scanning (ms):  0.0]
      [Object Copy (ms):  11.5]
      [Termination (ms):  0.0]
         [Termination Attempts:  1]
      [GC Worker Other (ms):  0.0]
      [GC Worker Total (ms):  16.1]
      [GC Worker End (ms):  10984191.2]
   [Code Root Fixup: 0.1 ms]
   [Code Root Purge: 0.0 ms]
   [Clear CT: 0.0 ms]
   [Other: 0.4 ms]
      [Choose CSet: 0.0 ms]
      [Ref Proc: 0.0 ms]
      [Ref Enq: 0.0 ms]
      [Redirty Cards: 0.0 ms]
      [Humongous Register: 0.0 ms]
      [Humongous Reclaim: 0.0 ms]
      [Free CSet: 0.0 ms]
   [Eden: 47.0M(47.0M)->0.0B(45.0M) Survivors: 4096.0K->6144.0K Heap: 326.9M(1024.0M)->281.4M(1024.0M)]
 [Times: user=0.01 sys=0.00, real=0.01 secs] 
2016-12-19T23:48:25.915+0100: 11010.261: [GC pause (G1 Evacuation Pause) (young), 0.0174578 secs]
   [Parallel Time: 17.1 ms, GC Workers: 1]
      [GC Worker Start (ms):  11010260.8]
      [Ext Root Scanning (ms):  1.2]
      [Update RS (ms):  2.5]
         [Processed Buffers:  37]
      [Scan RS (ms):  2.3]
      [Code Root Scanning (ms):  0.0]
      [Object Copy (ms):  11.1]
      [Termination (ms):  0.0]
         [Termination Attempts:  1]
      [GC Worker Other (ms):  0.0]
      [GC Worker Total (ms):  17.0]
      [GC Worker End (ms):  11010277.9]
   [Code Root Fixup: 0.0 ms]
   [Code Root Purge: 0.0 ms]
   [Clear CT: 0.0 ms]
   [Other: 0.3 ms]
      [Choose CSet: 0.0 ms]
      [Ref Proc: 0.0 ms]
      [Ref Enq: 0.0 ms]
      [Redirty Cards: 0.0 ms]
      [Humongous Register: 0.0 ms]
      [Humongous Reclaim: 0.0 ms]
      [Free CSet: 0.0 ms]
   [Eden: 45.0M(45.0M)->0.0B(47.0M) Survivors: 6144.0K->4096.0K Heap: 326.4M(1024.0M)->281.3M(1024.0M)]
 [Times: user=0.02 sys=0.00, real=0.02 secs] 
2016-12-19T23:48:51.525+0100: 11035.870: [GC pause (G1 Evacuation Pause) (young), 0.0212575 secs]
   [Parallel Time: 20.9 ms, GC Workers: 1]
      [GC Worker Start (ms):  11035870.1]
      [Ext Root Scanning (ms):  0.9]
      [Update RS (ms):  2.1]
         [Processed Buffers:  37]
      [Scan RS (ms):  2.2]
      [Code Root Scanning (ms):  0.0]
      [Object Copy (ms):  15.6]
      [Termination (ms):  0.0]
         [Termination Attempts:  1]
      [GC Worker Other (ms):  0.0]
      [GC Worker Total (ms):  20.8]
      [GC Worker End (ms):  11035891.0]
   [Code Root Fixup: 0.0 ms]
   [Code Root Purge: 0.0 ms]
   [Clear CT: 0.0 ms]
   [Other: 0.3 ms]
      [Choose CSet: 0.0 ms]
      [Ref Proc: 0.0 ms]
      [Ref Enq: 0.0 ms]
      [Redirty Cards: 0.0 ms]
      [Humongous Register: 0.0 ms]
      [Humongous Reclaim: 0.0 ms]
      [Free CSet: 0.0 ms]
   [Eden: 47.0M(47.0M)->0.0B(45.0M) Survivors: 4096.0K->6144.0K Heap: 328.3M(1024.0M)->282.8M(1024.0M)]
 [Times: user=0.02 sys=0.00, real=0.02 secs] 
2016-12-19T23:49:15.336+0100: 11059.681: [GC pause (G1 Evacuation Pause) (young), 0.0198289 secs]
   [Parallel Time: 19.2 ms, GC Workers: 1]
      [GC Worker Start (ms):  11059681.4]
      [Ext Root Scanning (ms):  1.2]
      [Update RS (ms):  2.2]
         [Processed Buffers:  37]
      [Scan RS (ms):  2.3]
      [Code Root Scanning (ms):  0.0]
      [Object Copy (ms):  13.5]
      [Termination (ms):  0.0]
         [Termination Attempts:  1]
      [GC Worker Other (ms):  0.0]
      [GC Worker Total (ms):  19.2]
      [GC Worker End (ms):  11059700.6]
   [Code Root Fixup: 0.1 ms]
   [Code Root Purge: 0.0 ms]
   [Clear CT: 0.1 ms]
   [Other: 0.4 ms]
      [Choose CSet: 0.0 ms]
      [Ref Proc: 0.1 ms]
      [Ref Enq: 0.0 ms]
      [Redirty Cards: 0.0 ms]
      [Humongous Register: 0.0 ms]
      [Humongous Reclaim: 0.0 ms]
      [Free CSet: 0.1 ms]
   [Eden: 45.0M(45.0M)->0.0B(47.0M) Survivors: 6144.0K->4096.0K Heap: 327.8M(1024.0M)->282.9M(1024.0M)]
 [Times: user=0.02 sys=0.00, real=0.02 secs] 
2016-12-19T23:49:41.184+0100: 11085.529: [GC pause (G1 Evacuation Pause) (young), 0.0223742 secs]
   [Parallel Time: 21.9 ms, GC Workers: 1]
      [GC Worker Start (ms):  11085529.4]
      [Ext Root Scanning (ms):  3.9]
      [Update RS (ms):  2.0]
         [Processed Buffers:  39]
      [Scan RS (ms):  3.7]
      [Code Root Scanning (ms):  0.0]
      [Object Copy (ms):  12.4]
      [Termination (ms):  0.0]
         [Termination Attempts:  1]
      [GC Worker Other (ms):  0.0]
      [GC Worker Total (ms):  21.9]
      [GC Worker End (ms):  11085551.2]
   [Code Root Fixup: 0.0 ms]
   [Code Root Purge: 0.0 ms]
   [Clear CT: 0.0 ms]
   [Other: 0.4 ms]
      [Choose CSet: 0.0 ms]
      [Ref Proc: 0.0 ms]
      [Ref Enq: 0.0 ms]
      [Redirty Cards: 0.0 ms]
      [Humongous Register: 0.1 ms]
      [Humongous Reclaim: 0.0 ms]
      [Free CSet: 0.1 ms]
   [Eden: 47.0M(47.0M)->0.0B(45.0M) Survivors: 4096.0K->6144.0K Heap: 329.9M(1024.0M)->284.4M(1024.0M)]
 [Times: user=0.02 sys=0.01, real=0.02 secs] 
2016-12-19T23:50:06.524+0100: 11110.870: [GC pause (G1 Evacuation Pause) (young), 0.0184739 secs]
   [Parallel Time: 18.1 ms, GC Workers: 1]
      [GC Worker Start (ms):  11110869.7]
      [Ext Root Scanning (ms):  0.9]
      [Update RS (ms):  2.2]
         [Processed Buffers:  39]
      [Scan RS (ms):  2.4]
      [Code Root Scanning (ms):  0.0]
      [Object Copy (ms):  12.5]
      [Termination (ms):  0.0]
         [Termination Attempts:  1]
      [GC Worker Other (ms):  0.0]
      [GC Worker Total (ms):  18.0]
      [GC Worker End (ms):  11110887.7]
   [Code Root Fixup: 0.0 ms]
   [Code Root Purge: 0.0 ms]
   [Clear CT: 0.0 ms]
   [Other: 0.3 ms]
      [Choose CSet: 0.0 ms]
      [Ref Proc: 0.0 ms]
      [Ref Enq: 0.0 ms]
      [Redirty Cards: 0.0 ms]
      [Humongous Register: 0.0 ms]
      [Humongous Reclaim: 0.0 ms]
      [Free CSet: 0.1 ms]
   [Eden: 45.0M(45.0M)->0.0B(47.0M) Survivors: 6144.0K->4096.0K Heap: 329.4M(1024.0M)->284.2M(1024.0M)]
 [Times: user=0.02 sys=0.00, real=0.02 secs] 
2016-12-19T23:50:32.412+0100: 11136.757: [GC pause (G1 Evacuation Pause) (young), 0.0283896 secs]
   [Parallel Time: 27.9 ms, GC Workers: 1]
      [GC Worker Start (ms):  11136757.5]
      [Ext Root Scanning (ms):  3.8]
      [Update RS (ms):  5.6]
         [Processed Buffers:  37]
      [Scan RS (ms):  4.5]
      [Code Root Scanning (ms):  0.0]
      [Object Copy (ms):  14.1]
      [Termination (ms):  0.0]
         [Termination Attempts:  1]
      [GC Worker Other (ms):  0.0]
      [GC Worker Total (ms):  27.9]
      [GC Worker End (ms):  11136785.4]
   [Code Root Fixup: 0.0 ms]
   [Code Root Purge: 0.0 ms]
   [Clear CT: 0.0 ms]
   [Other: 0.4 ms]
      [Choose CSet: 0.0 ms]
      [Ref Proc: 0.0 ms]
      [Ref Enq: 0.0 ms]
      [Redirty Cards: 0.0 ms]
      [Humongous Register: 0.1 ms]
      [Humongous Reclaim: 0.0 ms]
      [Free CSet: 0.1 ms]
   [Eden: 47.0M(47.0M)->0.0B(45.0M) Survivors: 4096.0K->6144.0K Heap: 331.2M(1024.0M)->285.7M(1024.0M)]
 [Times: user=0.02 sys=0.00, real=0.03 secs] 
2016-12-19T23:50:55.319+0100: 11159.664: [GC pause (G1 Evacuation Pause) (young), 0.0215634 secs]
   [Parallel Time: 20.7 ms, GC Workers: 1]
      [GC Worker Start (ms):  11159664.3]
      [Ext Root Scanning (ms):  1.3]
      [Update RS (ms):  3.4]
         [Processed Buffers:  35]
      [Scan RS (ms):  3.0]
      [Code Root Scanning (ms):  0.0]
      [Object Copy (ms):  12.9]
      [Termination (ms):  0.0]
         [Termination Attempts:  1]
      [GC Worker Other (ms):  0.0]
      [GC Worker Total (ms):  20.7]
      [GC Worker End (ms):  11159685.0]
   [Code Root Fixup: 0.0 ms]
   [Code Root Purge: 0.0 ms]
   [Clear CT: 0.1 ms]
   [Other: 0.7 ms]
      [Choose CSet: 0.0 ms]
      [Ref Proc: 0.0 ms]
      [Ref Enq: 0.0 ms]
      [Redirty Cards: 0.1 ms]
      [Humongous Register: 0.1 ms]
      [Humongous Reclaim: 0.0 ms]
      [Free CSet: 0.1 ms]
   [Eden: 45.0M(45.0M)->0.0B(47.0M) Survivors: 6144.0K->4096.0K Heap: 330.7M(1024.0M)->285.7M(1024.0M)]
 [Times: user=0.02 sys=0.00, real=0.03 secs] 
2016-12-19T23:51:21.533+0100: 11185.878: [GC pause (G1 Evacuation Pause) (young), 0.0224797 secs]
   [Parallel Time: 22.0 ms, GC Workers: 1]
      [GC Worker Start (ms):  11185878.2]
      [Ext Root Scanning (ms):  0.9]
      [Update RS (ms):  2.5]
         [Processed Buffers:  38]
      [Scan RS (ms):  4.7]
      [Code Root Scanning (ms):  0.0]
      [Object Copy (ms):  13.9]
      [Termination (ms):  0.0]
         [Termination Attempts:  1]
      [GC Worker Other (ms):  0.0]
      [GC Worker Total (ms):  22.0]
      [GC Worker End (ms):  11185900.1]
   [Code Root Fixup: 0.0 ms]
   [Code Root Purge: 0.0 ms]
   [Clear CT: 0.0 ms]
   [Other: 0.4 ms]
      [Choose CSet: 0.0 ms]
      [Ref Proc: 0.0 ms]
      [Ref Enq: 0.0 ms]
      [Redirty Cards: 0.0 ms]
      [Humongous Register: 0.0 ms]
      [Humongous Reclaim: 0.0 ms]
      [Free CSet: 0.1 ms]
   [Eden: 47.0M(47.0M)->0.0B(46.0M) Survivors: 4096.0K->5120.0K Heap: 332.7M(1024.0M)->287.2M(1024.0M)]
 [Times: user=0.03 sys=0.00, real=0.02 secs] 
2016-12-19T23:51:46.036+0100: 11210.381: [GC pause (G1 Evacuation Pause) (young), 0.0381289 secs]
   [Parallel Time: 35.0 ms, GC Workers: 1]
      [GC Worker Start (ms):  11210382.6]
      [Ext Root Scanning (ms):  1.2]
      [Update RS (ms):  2.0]
         [Processed Buffers:  38]
      [Scan RS (ms):  5.0]
      [Code Root Scanning (ms):  0.0]
      [Object Copy (ms):  26.7]
      [Termination (ms):  0.0]
         [Termination Attempts:  1]
      [GC Worker Other (ms):  0.0]
      [GC Worker Total (ms):  34.9]
      [GC Worker End (ms):  11210417.5]
   [Code Root Fixup: 1.3 ms]
   [Code Root Purge: 0.0 ms]
   [Clear CT: 0.1 ms]
   [Other: 1.8 ms]
      [Choose CSet: 0.0 ms]
      [Ref Proc: 0.1 ms]
      [Ref Enq: 0.0 ms]
      [Redirty Cards: 0.1 ms]
      [Humongous Register: 0.0 ms]
      [Humongous Reclaim: 0.2 ms]
      [Free CSet: 0.1 ms]
   [Eden: 46.0M(46.0M)->0.0B(47.0M) Survivors: 5120.0K->4096.0K Heap: 333.2M(1024.0M)->287.7M(1024.0M)]
 [Times: user=0.04 sys=0.00, real=0.04 secs] 
2016-12-19T23:52:13.711+0100: 11238.056: [GC pause (G1 Evacuation Pause) (young), 0.0263558 secs]
   [Parallel Time: 25.9 ms, GC Workers: 1]
      [GC Worker Start (ms):  11238056.6]
      [Ext Root Scanning (ms):  2.1]
      [Update RS (ms):  4.4]
         [Processed Buffers:  39]
      [Scan RS (ms):  5.4]
      [Code Root Scanning (ms):  0.0]
      [Object Copy (ms):  13.9]
      [Termination (ms):  0.0]
         [Termination Attempts:  1]
      [GC Worker Other (ms):  0.0]
      [GC Worker Total (ms):  25.8]
      [GC Worker End (ms):  11238082.4]
   [Code Root Fixup: 0.0 ms]
   [Code Root Purge: 0.0 ms]
   [Clear CT: 0.0 ms]
   [Other: 0.4 ms]
      [Choose CSet: 0.0 ms]
      [Ref Proc: 0.0 ms]
      [Ref Enq: 0.0 ms]
      [Redirty Cards: 0.0 ms]
      [Humongous Register: 0.1 ms]
      [Humongous Reclaim: 0.0 ms]
      [Free CSet: 0.1 ms]
   [Eden: 47.0M(47.0M)->0.0B(47.0M) Survivors: 4096.0K->4096.0K Heap: 334.7M(1024.0M)->287.7M(1024.0M)]
 [Times: user=0.03 sys=0.00, real=0.02 secs] 
2016-12-19T23:52:38.044+0100: 11262.390: [GC pause (G1 Evacuation Pause) (young), 0.0205352 secs]
   [Parallel Time: 19.7 ms, GC Workers: 1]
      [GC Worker Start (ms):  11262389.7]
      [Ext Root Scanning (ms):  1.1]
      [Update RS (ms):  2.2]
         [Processed Buffers:  37]
      [Scan RS (ms):  4.0]
      [Code Root Scanning (ms):  0.0]
      [Object Copy (ms):  12.4]
      [Termination (ms):  0.0]
         [Termination Attempts:  1]
      [GC Worker Other (ms):  0.0]
      [GC Worker Total (ms):  19.6]
      [GC Worker End (ms):  11262409.3]
   [Code Root Fixup: 0.0 ms]
   [Code Root Purge: 0.0 ms]
   [Clear CT: 0.2 ms]
   [Other: 0.6 ms]
      [Choose CSet: 0.0 ms]
      [Ref Proc: 0.1 ms]
      [Ref Enq: 0.0 ms]
      [Redirty Cards: 0.0 ms]
      [Humongous Register: 0.0 ms]
      [Humongous Reclaim: 0.1 ms]
      [Free CSet: 0.1 ms]
   [Eden: 47.0M(47.0M)->0.0B(46.0M) Survivors: 4096.0K->5120.0K Heap: 334.7M(1024.0M)->288.7M(1024.0M)]
 [Times: user=0.02 sys=0.00, real=0.02 secs] 
2016-12-19T23:53:03.032+0100: 11287.378: [GC pause (G1 Evacuation Pause) (young), 0.0187438 secs]
   [Parallel Time: 18.2 ms, GC Workers: 1]
      [GC Worker Start (ms):  11287377.7]
      [Ext Root Scanning (ms):  1.0]
      [Update RS (ms):  2.1]
         [Processed Buffers:  38]
      [Scan RS (ms):  3.1]
      [Code Root Scanning (ms):  0.0]
      [Object Copy (ms):  12.1]
      [Termination (ms):  0.0]
         [Termination Attempts:  1]
      [GC Worker Other (ms):  0.0]
      [GC Worker Total (ms):  18.2]
      [GC Worker End (ms):  11287395.9]
   [Code Root Fixup: 0.1 ms]
   [Code Root Purge: 0.0 ms]
   [Clear CT: 0.0 ms]
   [Other: 0.4 ms]
      [Choose CSet: 0.0 ms]
      [Ref Proc: 0.0 ms]
      [Ref Enq: 0.0 ms]
      [Redirty Cards: 0.0 ms]
      [Humongous Register: 0.0 ms]
      [Humongous Reclaim: 0.0 ms]
      [Free CSet: 0.1 ms]
   [Eden: 46.0M(46.0M)->0.0B(47.0M) Survivors: 5120.0K->4096.0K Heap: 334.7M(1024.0M)->289.0M(1024.0M)]
 [Times: user=0.01 sys=0.00, real=0.02 secs] 
2016-12-19T23:53:27.318+0100: 11311.663: [GC pause (G1 Evacuation Pause) (young), 0.0474422 secs]
   [Parallel Time: 45.7 ms, GC Workers: 1]
      [GC Worker Start (ms):  11311664.0]
      [Ext Root Scanning (ms):  2.2]
      [Update RS (ms):  5.8]
         [Processed Buffers:  37]
      [Scan RS (ms):  8.7]
      [Code Root Scanning (ms):  0.0]
      [Object Copy (ms):  29.0]
      [Termination (ms):  0.0]
         [Termination Attempts:  1]
      [GC Worker Other (ms):  0.0]
      [GC Worker Total (ms):  45.6]
      [GC Worker End (ms):  11311709.6]
   [Code Root Fixup: 0.1 ms]
   [Code Root Purge: 0.0 ms]
   [Clear CT: 0.1 ms]
   [Other: 1.6 ms]
      [Choose CSet: 0.0 ms]
      [Ref Proc: 0.1 ms]
      [Ref Enq: 0.0 ms]
      [Redirty Cards: 0.1 ms]
      [Humongous Register: 0.1 ms]
      [Humongous Reclaim: 0.1 ms]
      [Free CSet: 0.1 ms]
   [Eden: 47.0M(47.0M)->0.0B(45.0M) Survivors: 4096.0K->6144.0K Heap: 336.0M(1024.0M)->290.5M(1024.0M)]
 [Times: user=0.05 sys=0.00, real=0.05 secs] 
2016-12-19T23:53:49.796+0100: 11334.141: [GC pause (G1 Evacuation Pause) (young), 0.0429194 secs]
   [Parallel Time: 42.2 ms, GC Workers: 1]
      [GC Worker Start (ms):  11334141.8]
      [Ext Root Scanning (ms):  1.5]
      [Update RS (ms):  5.7]
         [Processed Buffers:  35]
      [Scan RS (ms):  4.5]
      [Code Root Scanning (ms):  0.0]
      [Object Copy (ms):  30.4]
      [Termination (ms):  0.0]
         [Termination Attempts:  1]
      [GC Worker Other (ms):  0.0]
      [GC Worker Total (ms):  42.1]
      [GC Worker End (ms):  11334183.9]
   [Code Root Fixup: 0.1 ms]
   [Code Root Purge: 0.0 ms]
   [Clear CT: 0.0 ms]
   [Other: 0.6 ms]
      [Choose CSet: 0.0 ms]
      [Ref Proc: 0.0 ms]
      [Ref Enq: 0.0 ms]
      [Redirty Cards: 0.1 ms]
      [Humongous Register: 0.1 ms]
      [Humongous Reclaim: 0.0 ms]
      [Free CSet: 0.1 ms]
   [Eden: 45.0M(45.0M)->0.0B(47.0M) Survivors: 6144.0K->4096.0K Heap: 335.5M(1024.0M)->290.5M(1024.0M)]
 [Times: user=0.04 sys=0.00, real=0.05 secs] 
2016-12-19T23:54:14.375+0100: 11358.721: [GC pause (G1 Evacuation Pause) (young), 0.0205860 secs]
   [Parallel Time: 20.2 ms, GC Workers: 1]
      [GC Worker Start (ms):  11358720.9]
      [Ext Root Scanning (ms):  1.0]
      [Update RS (ms):  2.6]
         [Processed Buffers:  36]
      [Scan RS (ms):  4.0]
      [Code Root Scanning (ms):  0.0]
      [Object Copy (ms):  12.7]
      [Termination (ms):  0.0]
         [Termination Attempts:  1]
      [GC Worker Other (ms):  0.0]
      [GC Worker Total (ms):  20.2]
      [GC Worker End (ms):  11358741.0]
   [Code Root Fixup: 0.0 ms]
   [Code Root Purge: 0.0 ms]
   [Clear CT: 0.0 ms]
   [Other: 0.3 ms]
      [Choose CSet: 0.0 ms]
      [Ref Proc: 0.0 ms]
      [Ref Enq: 0.0 ms]
      [Redirty Cards: 0.0 ms]
      [Humongous Register: 0.0 ms]
      [Humongous Reclaim: 0.0 ms]
      [Free CSet: 0.1 ms]
   [Eden: 47.0M(47.0M)->0.0B(45.0M) Survivors: 4096.0K->6144.0K Heap: 337.5M(1024.0M)->292.0M(1024.0M)]
 [Times: user=0.02 sys=0.00, real=0.02 secs] 
2016-12-19T23:54:37.264+0100: 11381.609: [GC pause (G1 Evacuation Pause) (young), 0.0215485 secs]
   [Parallel Time: 21.1 ms, GC Workers: 1]
      [GC Worker Start (ms):  11381609.4]
      [Ext Root Scanning (ms):  1.2]
      [Update RS (ms):  3.3]
         [Processed Buffers:  35]
      [Scan RS (ms):  3.4]
      [Code Root Scanning (ms):  0.0]
      [Object Copy (ms):  13.2]
      [Termination (ms):  0.0]
         [Termination Attempts:  1]
      [GC Worker Other (ms):  0.0]
      [GC Worker Total (ms):  21.0]
      [GC Worker End (ms):  11381630.5]
   [Code Root Fixup: 0.0 ms]
   [Code Root Purge: 0.0 ms]
   [Clear CT: 0.0 ms]
   [Other: 0.4 ms]
      [Choose CSet: 0.0 ms]
      [Ref Proc: 0.0 ms]
      [Ref Enq: 0.0 ms]
      [Redirty Cards: 0.0 ms]
      [Humongous Register: 0.0 ms]
      [Humongous Reclaim: 0.0 ms]
      [Free CSet: 0.1 ms]
   [Eden: 45.0M(45.0M)->0.0B(47.0M) Survivors: 6144.0K->4096.0K Heap: 337.0M(1024.0M)->292.0M(1024.0M)]
 [Times: user=0.02 sys=0.00, real=0.02 secs] 
2016-12-19T23:55:02.538+0100: 11406.883: [GC pause (G1 Evacuation Pause) (young), 0.0594450 secs]
   [Parallel Time: 56.7 ms, GC Workers: 1]
      [GC Worker Start (ms):  11406885.4]
      [Ext Root Scanning (ms):  3.5]
      [Update RS (ms):  20.3]
         [Processed Buffers:  38]
      [Scan RS (ms):  10.4]
      [Code Root Scanning (ms):  0.0]
      [Object Copy (ms):  22.4]
      [Termination (ms):  0.0]
         [Termination Attempts:  1]
      [GC Worker Other (ms):  0.0]
      [GC Worker Total (ms):  56.6]
      [GC Worker End (ms):  11406942.0]
   [Code Root Fixup: 0.1 ms]
   [Code Root Purge: 0.0 ms]
   [Clear CT: 0.0 ms]
   [Other: 2.6 ms]
      [Choose CSet: 0.0 ms]
      [Ref Proc: 0.0 ms]
      [Ref Enq: 0.0 ms]
      [Redirty Cards: 0.0 ms]
      [Humongous Register: 0.6 ms]
      [Humongous Reclaim: 0.0 ms]
      [Free CSet: 0.1 ms]
   [Eden: 47.0M(47.0M)->0.0B(45.0M) Survivors: 4096.0K->6144.0K Heap: 339.0M(1024.0M)->293.5M(1024.0M)]
 [Times: user=0.05 sys=0.00, real=0.06 secs] 
2016-12-19T23:55:25.185+0100: 11429.531: [GC pause (G1 Evacuation Pause) (young), 0.0284052 secs]
   [Parallel Time: 28.0 ms, GC Workers: 1]
      [GC Worker Start (ms):  11429531.0]
      [Ext Root Scanning (ms):  1.2]
      [Update RS (ms):  5.0]
         [Processed Buffers:  34]
      [Scan RS (ms):  4.7]
      [Code Root Scanning (ms):  0.0]
      [Object Copy (ms):  17.0]
      [Termination (ms):  0.0]
         [Termination Attempts:  1]
      [GC Worker Other (ms):  0.0]
      [GC Worker Total (ms):  27.9]
      [GC Worker End (ms):  11429558.9]
   [Code Root Fixup: 0.0 ms]
   [Code Root Purge: 0.0 ms]
   [Clear CT: 0.0 ms]
   [Other: 0.4 ms]
      [Choose CSet: 0.0 ms]
      [Ref Proc: 0.0 ms]
      [Ref Enq: 0.0 ms]
      [Redirty Cards: 0.0 ms]
      [Humongous Register: 0.1 ms]
      [Humongous Reclaim: 0.0 ms]
      [Free CSet: 0.0 ms]
   [Eden: 45.0M(45.0M)->0.0B(47.0M) Survivors: 6144.0K->4096.0K Heap: 338.5M(1024.0M)->293.2M(1024.0M)]
 [Times: user=0.03 sys=0.00, real=0.03 secs] 
2016-12-19T23:55:50.916+0100: 11455.261: [GC pause (G1 Evacuation Pause) (young), 0.0237194 secs]
   [Parallel Time: 23.2 ms, GC Workers: 1]
      [GC Worker Start (ms):  11455261.7]
      [Ext Root Scanning (ms):  3.2]
      [Update RS (ms):  2.7]
         [Processed Buffers:  35]
      [Scan RS (ms):  5.0]
      [Code Root Scanning (ms):  0.0]
      [Object Copy (ms):  12.2]
      [Termination (ms):  0.0]
         [Termination Attempts:  1]
      [GC Worker Other (ms):  0.0]
      [GC Worker Total (ms):  23.1]
      [GC Worker End (ms):  11455284.8]
   [Code Root Fixup: 0.0 ms]
   [Code Root Purge: 0.0 ms]
   [Clear CT: 0.0 ms]
   [Other: 0.5 ms]
      [Choose CSet: 0.0 ms]
      [Ref Proc: 0.0 ms]
      [Ref Enq: 0.0 ms]
      [Redirty Cards: 0.0 ms]
      [Humongous Register: 0.2 ms]
      [Humongous Reclaim: 0.0 ms]
      [Free CSet: 0.1 ms]
   [Eden: 47.0M(47.0M)->0.0B(45.0M) Survivors: 4096.0K->6144.0K Heap: 340.2M(1024.0M)->294.7M(1024.0M)]
 [Times: user=0.02 sys=0.00, real=0.02 secs] 
2016-12-19T23:56:14.276+0100: 11478.621: [GC pause (G1 Evacuation Pause) (young), 0.0266559 secs]
   [Parallel Time: 26.0 ms, GC Workers: 1]
      [GC Worker Start (ms):  11478621.4]
      [Ext Root Scanning (ms):  2.8]
      [Update RS (ms):  4.9]
         [Processed Buffers:  33]
      [Scan RS (ms):  3.7]
      [Code Root Scanning (ms):  0.0]
      [Object Copy (ms):  14.4]
      [Termination (ms):  0.0]
         [Termination Attempts:  1]
      [GC Worker Other (ms):  0.0]
      [GC Worker Total (ms):  25.9]
      [GC Worker End (ms):  11478647.3]
   [Code Root Fixup: 0.1 ms]
   [Code Root Purge: 0.0 ms]
   [Clear CT: 0.1 ms]
   [Other: 0.4 ms]
      [Choose CSet: 0.0 ms]
      [Ref Proc: 0.1 ms]
      [Ref Enq: 0.0 ms]
      [Redirty Cards: 0.0 ms]
      [Humongous Register: 0.1 ms]
      [Humongous Reclaim: 0.0 ms]
      [Free CSet: 0.0 ms]
   [Eden: 45.0M(45.0M)->0.0B(47.0M) Survivors: 6144.0K->4096.0K Heap: 339.7M(1024.0M)->295.2M(1024.0M)]
 [Times: user=0.02 sys=0.00, real=0.03 secs] 
2016-12-19T23:56:40.080+0100: 11504.425: [GC pause (G1 Evacuation Pause) (young), 0.0324820 secs]
   [Parallel Time: 31.9 ms, GC Workers: 1]
      [GC Worker Start (ms):  11504425.4]
      [Ext Root Scanning (ms):  1.6]
      [Update RS (ms):  7.4]
         [Processed Buffers:  38]
      [Scan RS (ms):  9.1]
      [Code Root Scanning (ms):  0.0]
      [Object Copy (ms):  13.7]
      [Termination (ms):  0.0]
         [Termination Attempts:  1]
      [GC Worker Other (ms):  0.0]
      [GC Worker Total (ms):  31.9]
      [GC Worker End (ms):  11504457.3]
   [Code Root Fixup: 0.1 ms]
   [Code Root Purge: 0.0 ms]
   [Clear CT: 0.0 ms]
   [Other: 0.4 ms]
      [Choose CSet: 0.0 ms]
      [Ref Proc: 0.0 ms]
      [Ref Enq: 0.0 ms]
      [Redirty Cards: 0.0 ms]
      [Humongous Register: 0.1 ms]
      [Humongous Reclaim: 0.0 ms]
      [Free CSet: 0.1 ms]
   [Eden: 47.0M(47.0M)->0.0B(47.0M) Survivors: 4096.0K->4096.0K Heap: 342.2M(1024.0M)->295.2M(1024.0M)]
 [Times: user=0.03 sys=0.00, real=0.03 secs] 
2016-12-19T23:57:04.113+0100: 11528.458: [GC pause (G1 Evacuation Pause) (young), 0.0191297 secs]
   [Parallel Time: 18.7 ms, GC Workers: 1]
      [GC Worker Start (ms):  11528458.2]
      [Ext Root Scanning (ms):  1.2]
      [Update RS (ms):  2.0]
         [Processed Buffers:  38]
      [Scan RS (ms):  3.9]
      [Code Root Scanning (ms):  0.0]
      [Object Copy (ms):  11.6]
      [Termination (ms):  0.0]
         [Termination Attempts:  1]
      [GC Worker Other (ms):  0.0]
      [GC Worker Total (ms):  18.6]
      [GC Worker End (ms):  11528476.8]
   [Code Root Fixup: 0.1 ms]
   [Code Root Purge: 0.0 ms]
   [Clear CT: 0.0 ms]
   [Other: 0.4 ms]
      [Choose CSet: 0.0 ms]
      [Ref Proc: 0.0 ms]
      [Ref Enq: 0.0 ms]
      [Redirty Cards: 0.0 ms]
      [Humongous Register: 0.0 ms]
      [Humongous Reclaim: 0.0 ms]
      [Free CSet: 0.1 ms]
   [Eden: 47.0M(47.0M)->0.0B(46.0M) Survivors: 4096.0K->5120.0K Heap: 342.2M(1024.0M)->296.2M(1024.0M)]
 [Times: user=0.02 sys=0.00, real=0.02 secs] 
2016-12-19T23:57:29.126+0100: 11553.472: [GC pause (G1 Evacuation Pause) (young), 0.0244190 secs]
   [Parallel Time: 24.0 ms, GC Workers: 1]
      [GC Worker Start (ms):  11553471.8]
      [Ext Root Scanning (ms):  1.4]
      [Update RS (ms):  5.5]
         [Processed Buffers:  37]
      [Scan RS (ms):  3.4]
      [Code Root Scanning (ms):  0.0]
      [Object Copy (ms):  13.6]
      [Termination (ms):  0.0]
         [Termination Attempts:  1]
      [GC Worker Other (ms):  0.0]
      [GC Worker Total (ms):  23.9]
      [GC Worker End (ms):  11553495.7]
   [Code Root Fixup: 0.0 ms]
   [Code Root Purge: 0.0 ms]
   [Clear CT: 0.0 ms]
   [Other: 0.4 ms]
      [Choose CSet: 0.0 ms]
      [Ref Proc: 0.0 ms]
      [Ref Enq: 0.0 ms]
      [Redirty Cards: 0.0 ms]
      [Humongous Register: 0.1 ms]
      [Humongous Reclaim: 0.0 ms]
      [Free CSet: 0.0 ms]
   [Eden: 46.0M(46.0M)->0.0B(47.0M) Survivors: 5120.0K->4096.0K Heap: 342.2M(1024.0M)->296.5M(1024.0M)]
 [Times: user=0.02 sys=0.00, real=0.03 secs] 
2016-12-19T23:57:52.508+0100: 11576.854: [GC pause (G1 Evacuation Pause) (young), 0.0246738 secs]
   [Parallel Time: 24.2 ms, GC Workers: 1]
      [GC Worker Start (ms):  11576854.1]
      [Ext Root Scanning (ms):  1.7]
      [Update RS (ms):  5.3]
         [Processed Buffers:  36]
      [Scan RS (ms):  4.1]
      [Code Root Scanning (ms):  0.0]
      [Object Copy (ms):  13.0]
      [Termination (ms):  0.0]
         [Termination Attempts:  1]
      [GC Worker Other (ms):  0.0]
      [GC Worker Total (ms):  24.1]
      [GC Worker End (ms):  11576878.2]
   [Code Root Fixup: 0.1 ms]
   [Code Root Purge: 0.0 ms]
   [Clear CT: 0.0 ms]
   [Other: 0.4 ms]
      [Choose CSet: 0.0 ms]
      [Ref Proc: 0.0 ms]
      [Ref Enq: 0.0 ms]
      [Redirty Cards: 0.0 ms]
      [Humongous Register: 0.1 ms]
      [Humongous Reclaim: 0.0 ms]
      [Free CSet: 0.1 ms]
   [Eden: 47.0M(47.0M)->0.0B(46.0M) Survivors: 4096.0K->5120.0K Heap: 343.5M(1024.0M)->297.5M(1024.0M)]
 [Times: user=0.02 sys=0.00, real=0.02 secs] 
2016-12-19T23:58:16.568+0100: 11600.914: [GC pause (G1 Evacuation Pause) (young), 0.0343463 secs]
   [Parallel Time: 32.8 ms, GC Workers: 1]
      [GC Worker Start (ms):  11600914.2]
      [Ext Root Scanning (ms):  2.6]
      [Update RS (ms):  3.3]
         [Processed Buffers:  38]
      [Scan RS (ms):  4.5]
      [Code Root Scanning (ms):  0.0]
      [Object Copy (ms):  22.3]
      [Termination (ms):  0.0]
         [Termination Attempts:  1]
      [GC Worker Other (ms):  0.0]
      [GC Worker Total (ms):  32.8]
      [GC Worker End (ms):  11600947.0]
   [Code Root Fixup: 0.1 ms]
   [Code Root Purge: 0.0 ms]
   [Clear CT: 0.1 ms]
   [Other: 1.3 ms]
      [Choose CSet: 0.0 ms]
      [Ref Proc: 0.1 ms]
      [Ref Enq: 0.0 ms]
      [Redirty Cards: 0.1 ms]
      [Humongous Register: 0.2 ms]
      [Humongous Reclaim: 0.2 ms]
      [Free CSet: 0.1 ms]
   [Eden: 46.0M(46.0M)->0.0B(47.0M) Survivors: 5120.0K->4096.0K Heap: 343.5M(1024.0M)->297.9M(1024.0M)]
 [Times: user=0.03 sys=0.00, real=0.03 secs] 
2016-12-19T23:58:40.401+0100: 11624.746: [GC pause (G1 Evacuation Pause) (young), 0.0269827 secs]
   [Parallel Time: 26.4 ms, GC Workers: 1]
      [GC Worker Start (ms):  11624746.7]
      [Ext Root Scanning (ms):  3.2]
      [Update RS (ms):  4.3]
         [Processed Buffers:  38]
      [Scan RS (ms):  4.4]
      [Code Root Scanning (ms):  0.0]
      [Object Copy (ms):  14.3]
      [Termination (ms):  0.0]
         [Termination Attempts:  1]
      [GC Worker Other (ms):  0.0]
      [GC Worker Total (ms):  26.2]
      [GC Worker End (ms):  11624772.9]
   [Code Root Fixup: 0.1 ms]
   [Code Root Purge: 0.0 ms]
   [Clear CT: 0.1 ms]
   [Other: 0.5 ms]
      [Choose CSet: 0.0 ms]
      [Ref Proc: 0.0 ms]
      [Ref Enq: 0.0 ms]
      [Redirty Cards: 0.0 ms]
      [Humongous Register: 0.1 ms]
      [Humongous Reclaim: 0.0 ms]
      [Free CSet: 0.1 ms]
   [Eden: 47.0M(47.0M)->0.0B(45.0M) Survivors: 4096.0K->6144.0K Heap: 344.9M(1024.0M)->299.4M(1024.0M)]
 [Times: user=0.02 sys=0.00, real=0.03 secs] 
2016-12-19T23:59:05.186+0100: 11649.532: [GC pause (G1 Evacuation Pause) (young), 0.0244571 secs]
   [Parallel Time: 23.9 ms, GC Workers: 1]
      [GC Worker Start (ms):  11649531.8]
      [Ext Root Scanning (ms):  2.0]
      [Update RS (ms):  5.1]
         [Processed Buffers:  37]
      [Scan RS (ms):  4.1]
      [Code Root Scanning (ms):  0.0]
      [Object Copy (ms):  12.6]
      [Termination (ms):  0.0]
         [Termination Attempts:  1]
      [GC Worker Other (ms):  0.0]
      [GC Worker Total (ms):  23.8]
      [GC Worker End (ms):  11649555.7]
   [Code Root Fixup: 0.0 ms]
   [Code Root Purge: 0.0 ms]
   [Clear CT: 0.0 ms]
   [Other: 0.5 ms]
      [Choose CSet: 0.0 ms]
      [Ref Proc: 0.0 ms]
      [Ref Enq: 0.0 ms]
      [Redirty Cards: 0.0 ms]
      [Humongous Register: 0.1 ms]
      [Humongous Reclaim: 0.0 ms]
      [Free CSet: 0.1 ms]
   [Eden: 45.0M(45.0M)->0.0B(47.0M) Survivors: 6144.0K->4096.0K Heap: 344.4M(1024.0M)->299.5M(1024.0M)]
 [Times: user=0.02 sys=0.00, real=0.03 secs] 
2016-12-19T23:59:30.862+0100: 11675.207: [GC pause (G1 Evacuation Pause) (young), 0.0259789 secs]
   [Parallel Time: 25.4 ms, GC Workers: 1]
      [GC Worker Start (ms):  11675207.5]
      [Ext Root Scanning (ms):  2.1]
      [Update RS (ms):  5.5]
         [Processed Buffers:  38]
      [Scan RS (ms):  4.9]
      [Code Root Scanning (ms):  0.0]
      [Object Copy (ms):  12.9]
      [Termination (ms):  0.0]
         [Termination Attempts:  1]
      [GC Worker Other (ms):  0.0]
      [GC Worker Total (ms):  25.4]
      [GC Worker End (ms):  11675232.9]
   [Code Root Fixup: 0.1 ms]
   [Code Root Purge: 0.0 ms]
   [Clear CT: 0.0 ms]
   [Other: 0.4 ms]
      [Choose CSet: 0.0 ms]
      [Ref Proc: 0.0 ms]
      [Ref Enq: 0.0 ms]
      [Redirty Cards: 0.0 ms]
      [Humongous Register: 0.1 ms]
      [Humongous Reclaim: 0.0 ms]
      [Free CSet: 0.1 ms]
   [Eden: 47.0M(47.0M)->0.0B(45.0M) Survivors: 4096.0K->6144.0K Heap: 346.5M(1024.0M)->301.0M(1024.0M)]
 [Times: user=0.03 sys=0.00, real=0.02 secs] 
2016-12-19T23:59:54.587+0100: 11698.932: [GC pause (G1 Evacuation Pause) (young), 0.0341506 secs]
   [Parallel Time: 33.4 ms, GC Workers: 1]
      [GC Worker Start (ms):  11698932.4]
      [Ext Root Scanning (ms):  2.4]
      [Update RS (ms):  7.7]
         [Processed Buffers:  35]
      [Scan RS (ms):  4.4]
      [Code Root Scanning (ms):  0.0]
      [Object Copy (ms):  18.9]
      [Termination (ms):  0.0]
         [Termination Attempts:  1]
      [GC Worker Other (ms):  0.0]
      [GC Worker Total (ms):  33.4]
      [GC Worker End (ms):  11698965.7]
   [Code Root Fixup: 0.1 ms]
   [Code Root Purge: 0.0 ms]
   [Clear CT: 0.1 ms]
   [Other: 0.5 ms]
      [Choose CSet: 0.0 ms]
      [Ref Proc: 0.1 ms]
      [Ref Enq: 0.0 ms]
      [Redirty Cards: 0.1 ms]
      [Humongous Register: 0.1 ms]
      [Humongous Reclaim: 0.0 ms]
      [Free CSet: 0.1 ms]
   [Eden: 45.0M(45.0M)->0.0B(47.0M) Survivors: 6144.0K->4096.0K Heap: 346.0M(1024.0M)->301.0M(1024.0M)]
 [Times: user=0.04 sys=0.00, real=0.04 secs] 
2016-12-20T00:00:21.793+0100: 11726.139: [GC pause (G1 Evacuation Pause) (young), 0.0283712 secs]
   [Parallel Time: 27.7 ms, GC Workers: 1]
      [GC Worker Start (ms):  11726138.7]
      [Ext Root Scanning (ms):  1.8]
      [Update RS (ms):  4.2]
         [Processed Buffers:  37]
      [Scan RS (ms):  10.5]
      [Code Root Scanning (ms):  0.0]
      [Object Copy (ms):  11.2]
      [Termination (ms):  0.0]
         [Termination Attempts:  1]
      [GC Worker Other (ms):  0.0]
      [GC Worker Total (ms):  27.6]
      [GC Worker End (ms):  11726166.3]
   [Code Root Fixup: 0.1 ms]
   [Code Root Purge: 0.0 ms]
   [Clear CT: 0.1 ms]
   [Other: 0.6 ms]
      [Choose CSet: 0.0 ms]
      [Ref Proc: 0.0 ms]
      [Ref Enq: 0.0 ms]
      [Redirty Cards: 0.0 ms]
      [Humongous Register: 0.0 ms]
      [Humongous Reclaim: 0.0 ms]
      [Free CSet: 0.1 ms]
   [Eden: 47.0M(47.0M)->0.0B(47.0M) Survivors: 4096.0K->4096.0K Heap: 348.0M(1024.0M)->301.5M(1024.0M)]
 [Times: user=0.02 sys=0.00, real=0.03 secs] 
2016-12-20T00:00:48.013+0100: 11752.358: [GC pause (G1 Evacuation Pause) (young), 0.0265186 secs]
   [Parallel Time: 25.6 ms, GC Workers: 1]
      [GC Worker Start (ms):  11752358.9]
      [Ext Root Scanning (ms):  1.0]
      [Update RS (ms):  2.3]
         [Processed Buffers:  38]
      [Scan RS (ms):  4.3]
      [Code Root Scanning (ms):  0.0]
      [Object Copy (ms):  17.8]
      [Termination (ms):  0.0]
         [Termination Attempts:  1]
      [GC Worker Other (ms):  0.0]
      [GC Worker Total (ms):  25.4]
      [GC Worker End (ms):  11752384.3]
   [Code Root Fixup: 0.1 ms]
   [Code Root Purge: 0.0 ms]
   [Clear CT: 0.0 ms]
   [Other: 0.7 ms]
      [Choose CSet: 0.0 ms]
      [Ref Proc: 0.0 ms]
      [Ref Enq: 0.0 ms]
      [Redirty Cards: 0.0 ms]
      [Humongous Register: 0.2 ms]
      [Humongous Reclaim: 0.0 ms]
      [Free CSet: 0.1 ms]
   [Eden: 47.0M(47.0M)->0.0B(46.0M) Survivors: 4096.0K->5120.0K Heap: 348.5M(1024.0M)->302.5M(1024.0M)]
 [Times: user=0.03 sys=0.00, real=0.03 secs] 
2016-12-20T00:01:12.390+0100: 11776.736: [GC pause (G1 Evacuation Pause) (young), 0.0213953 secs]
   [Parallel Time: 19.7 ms, GC Workers: 1]
      [GC Worker Start (ms):  11776737.3]
      [Ext Root Scanning (ms):  0.9]
      [Update RS (ms):  2.2]
         [Processed Buffers:  35]
      [Scan RS (ms):  4.6]
      [Code Root Scanning (ms):  0.0]
      [Object Copy (ms):  11.9]
      [Termination (ms):  0.0]
         [Termination Attempts:  1]
      [GC Worker Other (ms):  0.0]
      [GC Worker Total (ms):  19.6]
      [GC Worker End (ms):  11776756.9]
   [Code Root Fixup: 0.0 ms]
   [Code Root Purge: 0.0 ms]
   [Clear CT: 0.0 ms]
   [Other: 1.7 ms]
      [Choose CSet: 0.0 ms]
      [Ref Proc: 0.0 ms]
      [Ref Enq: 0.0 ms]
      [Redirty Cards: 0.0 ms]
      [Humongous Register: 0.0 ms]
      [Humongous Reclaim: 0.0 ms]
      [Free CSet: 0.0 ms]
   [Eden: 46.0M(46.0M)->0.0B(47.0M) Survivors: 5120.0K->4096.0K Heap: 348.5M(1024.0M)->302.7M(1024.0M)]
 [Times: user=0.02 sys=0.01, real=0.02 secs] 
2016-12-20T00:01:38.148+0100: 11802.494: [GC pause (G1 Evacuation Pause) (young), 0.0249285 secs]
   [Parallel Time: 24.4 ms, GC Workers: 1]
      [GC Worker Start (ms):  11802493.7]
      [Ext Root Scanning (ms):  2.2]
      [Update RS (ms):  5.1]
         [Processed Buffers:  34]
      [Scan RS (ms):  3.7]
      [Code Root Scanning (ms):  0.0]
      [Object Copy (ms):  13.4]
      [Termination (ms):  0.0]
         [Termination Attempts:  1]
      [GC Worker Other (ms):  0.0]
      [GC Worker Total (ms):  24.4]
      [GC Worker End (ms):  11802518.1]
   [Code Root Fixup: 0.0 ms]
   [Code Root Purge: 0.0 ms]
   [Clear CT: 0.0 ms]
   [Other: 0.4 ms]
      [Choose CSet: 0.0 ms]
      [Ref Proc: 0.0 ms]
      [Ref Enq: 0.0 ms]
      [Redirty Cards: 0.0 ms]
      [Humongous Register: 0.1 ms]
      [Humongous Reclaim: 0.0 ms]
      [Free CSet: 0.1 ms]
   [Eden: 47.0M(47.0M)->0.0B(45.0M) Survivors: 4096.0K->6144.0K Heap: 349.7M(1024.0M)->304.2M(1024.0M)]
 [Times: user=0.02 sys=0.00, real=0.02 secs] 
2016-12-20T00:02:02.420+0100: 11826.766: [GC pause (G1 Evacuation Pause) (young), 0.0234165 secs]
   [Parallel Time: 23.0 ms, GC Workers: 1]
      [GC Worker Start (ms):  11826765.7]
      [Ext Root Scanning (ms):  1.7]
      [Update RS (ms):  5.7]
         [Processed Buffers:  35]
      [Scan RS (ms):  3.4]
      [Code Root Scanning (ms):  0.0]
      [Object Copy (ms):  12.0]
      [Termination (ms):  0.0]
         [Termination Attempts:  1]
      [GC Worker Other (ms):  0.0]
      [GC Worker Total (ms):  22.9]
      [GC Worker End (ms):  11826788.6]
   [Code Root Fixup: 0.0 ms]
   [Code Root Purge: 0.0 ms]
   [Clear CT: 0.0 ms]
   [Other: 0.4 ms]
      [Choose CSet: 0.0 ms]
      [Ref Proc: 0.0 ms]
      [Ref Enq: 0.0 ms]
      [Redirty Cards: 0.0 ms]
      [Humongous Register: 0.1 ms]
      [Humongous Reclaim: 0.0 ms]
      [Free CSet: 0.0 ms]
   [Eden: 45.0M(45.0M)->0.0B(47.0M) Survivors: 6144.0K->4096.0K Heap: 349.2M(1024.0M)->304.2M(1024.0M)]
 [Times: user=0.03 sys=0.00, real=0.02 secs] 
2016-12-20T00:02:27.962+0100: 11852.307: [GC pause (G1 Evacuation Pause) (young), 0.0197425 secs]
   [Parallel Time: 19.0 ms, GC Workers: 1]
      [GC Worker Start (ms):  11852307.4]
      [Ext Root Scanning (ms):  0.9]
      [Update RS (ms):  2.2]
         [Processed Buffers:  37]
      [Scan RS (ms):  4.0]
      [Code Root Scanning (ms):  0.0]
      [Object Copy (ms):  11.8]
      [Termination (ms):  0.0]
         [Termination Attempts:  1]
      [GC Worker Other (ms):  0.0]
      [GC Worker Total (ms):  18.9]
      [GC Worker End (ms):  11852326.3]
   [Code Root Fixup: 0.1 ms]
   [Code Root Purge: 0.0 ms]
   [Clear CT: 0.1 ms]
   [Other: 0.6 ms]
      [Choose CSet: 0.0 ms]
      [Ref Proc: 0.0 ms]
      [Ref Enq: 0.0 ms]
      [Redirty Cards: 0.2 ms]
      [Humongous Register: 0.0 ms]
      [Humongous Reclaim: 0.0 ms]
      [Free CSet: 0.1 ms]
   [Eden: 47.0M(47.0M)->0.0B(45.0M) Survivors: 4096.0K->6144.0K Heap: 351.2M(1024.0M)->305.7M(1024.0M)]
 [Times: user=0.02 sys=0.00, real=0.02 secs] 
2016-12-20T00:02:52.333+0100: 11876.678: [GC pause (G1 Evacuation Pause) (young), 0.0242887 secs]
   [Parallel Time: 23.6 ms, GC Workers: 1]
      [GC Worker Start (ms):  11876678.3]
      [Ext Root Scanning (ms):  3.6]
      [Update RS (ms):  2.9]
         [Processed Buffers:  33]
      [Scan RS (ms):  4.0]
      [Code Root Scanning (ms):  0.0]
      [Object Copy (ms):  13.0]
      [Termination (ms):  0.0]
         [Termination Attempts:  1]
      [GC Worker Other (ms):  0.0]
      [GC Worker Total (ms):  23.6]
      [GC Worker End (ms):  11876701.9]
   [Code Root Fixup: 0.0 ms]
   [Code Root Purge: 0.0 ms]
   [Clear CT: 0.0 ms]
   [Other: 0.6 ms]
      [Choose CSet: 0.0 ms]
      [Ref Proc: 0.0 ms]
      [Ref Enq: 0.0 ms]
      [Redirty Cards: 0.0 ms]
      [Humongous Register: 0.1 ms]
      [Humongous Reclaim: 0.0 ms]
      [Free CSet: 0.1 ms]
   [Eden: 45.0M(45.0M)->0.0B(47.0M) Survivors: 6144.0K->4096.0K Heap: 350.7M(1024.0M)->305.7M(1024.0M)]
 [Times: user=0.02 sys=0.00, real=0.02 secs] 
2016-12-20T00:03:16.198+0100: 11900.544: [GC pause (G1 Evacuation Pause) (young), 0.0448716 secs]
   [Parallel Time: 44.3 ms, GC Workers: 1]
      [GC Worker Start (ms):  11900543.8]
      [Ext Root Scanning (ms):  2.3]
      [Update RS (ms):  13.0]
         [Processed Buffers:  39]
      [Scan RS (ms):  4.9]
      [Code Root Scanning (ms):  0.0]
      [Object Copy (ms):  24.1]
      [Termination (ms):  0.0]
         [Termination Attempts:  1]
      [GC Worker Other (ms):  0.0]
      [GC Worker Total (ms):  44.3]
      [GC Worker End (ms):  11900588.1]
   [Code Root Fixup: 0.1 ms]
   [Code Root Purge: 0.0 ms]
   [Clear CT: 0.0 ms]
   [Other: 0.5 ms]
      [Choose CSet: 0.0 ms]
      [Ref Proc: 0.0 ms]
      [Ref Enq: 0.0 ms]
      [Redirty Cards: 0.0 ms]
      [Humongous Register: 0.1 ms]
      [Humongous Reclaim: 0.0 ms]
      [Free CSet: 0.1 ms]
   [Eden: 47.0M(47.0M)->0.0B(45.0M) Survivors: 4096.0K->6144.0K Heap: 352.7M(1024.0M)->307.2M(1024.0M)]
 [Times: user=0.03 sys=0.01, real=0.05 secs] 
2016-12-20T00:03:38.878+0100: 11923.223: [GC pause (G1 Evacuation Pause) (young), 0.0212106 secs]
   [Parallel Time: 20.7 ms, GC Workers: 1]
      [GC Worker Start (ms):  11923223.3]
      [Ext Root Scanning (ms):  1.8]
      [Update RS (ms):  2.8]
         [Processed Buffers:  36]
      [Scan RS (ms):  4.0]
      [Code Root Scanning (ms):  0.0]
      [Object Copy (ms):  12.0]
      [Termination (ms):  0.0]
         [Termination Attempts:  1]
      [GC Worker Other (ms):  0.0]
      [GC Worker Total (ms):  20.7]
      [GC Worker End (ms):  11923244.0]
   [Code Root Fixup: 0.1 ms]
   [Code Root Purge: 0.0 ms]
   [Clear CT: 0.0 ms]
   [Other: 0.4 ms]
      [Choose CSet: 0.0 ms]
      [Ref Proc: 0.0 ms]
      [Ref Enq: 0.0 ms]
      [Redirty Cards: 0.0 ms]
      [Humongous Register: 0.1 ms]
      [Humongous Reclaim: 0.0 ms]
      [Free CSet: 0.1 ms]
   [Eden: 45.0M(45.0M)->0.0B(47.0M) Survivors: 6144.0K->4096.0K Heap: 352.2M(1024.0M)->307.0M(1024.0M)]
 [Times: user=0.02 sys=0.00, real=0.03 secs] 
2016-12-20T00:04:05.734+0100: 11950.079: [GC pause (G1 Evacuation Pause) (young), 0.0278116 secs]
   [Parallel Time: 27.2 ms, GC Workers: 1]
      [GC Worker Start (ms):  11950079.2]
      [Ext Root Scanning (ms):  1.7]
      [Update RS (ms):  3.2]
         [Processed Buffers:  36]
      [Scan RS (ms):  4.3]
      [Code Root Scanning (ms):  0.0]
      [Object Copy (ms):  18.0]
      [Termination (ms):  0.0]
         [Termination Attempts:  1]
      [GC Worker Other (ms):  0.0]
      [GC Worker Total (ms):  27.2]
      [GC Worker End (ms):  11950106.4]
   [Code Root Fixup: 0.1 ms]
   [Code Root Purge: 0.0 ms]
   [Clear CT: 0.0 ms]
   [Other: 0.5 ms]
      [Choose CSet: 0.0 ms]
      [Ref Proc: 0.0 ms]
      [Ref Enq: 0.0 ms]
      [Redirty Cards: 0.0 ms]
      [Humongous Register: 0.1 ms]
      [Humongous Reclaim: 0.0 ms]
      [Free CSet: 0.1 ms]
   [Eden: 47.0M(47.0M)->0.0B(45.0M) Survivors: 4096.0K->6144.0K Heap: 354.0M(1024.0M)->308.5M(1024.0M)]
 [Times: user=0.02 sys=0.00, real=0.03 secs] 
2016-12-20T00:04:31.772+0100: 11976.118: [GC pause (G1 Evacuation Pause) (young), 0.0384935 secs]
   [Parallel Time: 37.9 ms, GC Workers: 1]
      [GC Worker Start (ms):  11976117.9]
      [Ext Root Scanning (ms):  1.1]
      [Update RS (ms):  3.3]
         [Processed Buffers:  36]
      [Scan RS (ms):  8.5]
      [Code Root Scanning (ms):  0.0]
      [Object Copy (ms):  24.9]
      [Termination (ms):  0.0]
         [Termination Attempts:  1]
      [GC Worker Other (ms):  0.0]
      [GC Worker Total (ms):  37.9]
      [GC Worker End (ms):  11976155.8]
   [Code Root Fixup: 0.0 ms]
   [Code Root Purge: 0.0 ms]
   [Clear CT: 0.1 ms]
   [Other: 0.5 ms]
      [Choose CSet: 0.0 ms]
      [Ref Proc: 0.1 ms]
      [Ref Enq: 0.0 ms]
      [Redirty Cards: 0.0 ms]
      [Humongous Register: 0.0 ms]
      [Humongous Reclaim: 0.0 ms]
      [Free CSet: 0.1 ms]
   [Eden: 45.0M(45.0M)->0.0B(47.0M) Survivors: 6144.0K->4096.0K Heap: 353.5M(1024.0M)->308.4M(1024.0M)]
 [Times: user=0.03 sys=0.00, real=0.04 secs] 
2016-12-20T00:04:55.562+0100: 11999.908: [GC pause (G1 Evacuation Pause) (young), 0.0208617 secs]
   [Parallel Time: 20.4 ms, GC Workers: 1]
      [GC Worker Start (ms):  11999907.9]
      [Ext Root Scanning (ms):  1.1]
      [Update RS (ms):  2.0]
         [Processed Buffers:  34]
      [Scan RS (ms):  4.9]
      [Code Root Scanning (ms):  0.0]
      [Object Copy (ms):  12.5]
      [Termination (ms):  0.0]
         [Termination Attempts:  1]
      [GC Worker Other (ms):  0.0]
      [GC Worker Total (ms):  20.4]
      [GC Worker End (ms):  11999928.2]
   [Code Root Fixup: 0.1 ms]
   [Code Root Purge: 0.0 ms]
   [Clear CT: 0.0 ms]
   [Other: 0.4 ms]
      [Choose CSet: 0.0 ms]
      [Ref Proc: 0.0 ms]
      [Ref Enq: 0.0 ms]
      [Redirty Cards: 0.0 ms]
      [Humongous Register: 0.0 ms]
      [Humongous Reclaim: 0.0 ms]
      [Free CSet: 0.1 ms]
   [Eden: 47.0M(47.0M)->0.0B(46.0M) Survivors: 4096.0K->5120.0K Heap: 355.4M(1024.0M)->309.9M(1024.0M)]
 [Times: user=0.02 sys=0.00, real=0.02 secs] 
2016-12-20T00:05:18.964+0100: 12023.310: [GC pause (G1 Evacuation Pause) (young), 0.0268454 secs]
   [Parallel Time: 26.3 ms, GC Workers: 1]
      [GC Worker Start (ms):  12023310.0]
      [Ext Root Scanning (ms):  1.4]
      [Update RS (ms):  4.0]
         [Processed Buffers:  37]
      [Scan RS (ms):  5.3]
      [Code Root Scanning (ms):  0.0]
      [Object Copy (ms):  15.6]
      [Termination (ms):  0.0]
         [Termination Attempts:  1]
      [GC Worker Other (ms):  0.0]
      [GC Worker Total (ms):  26.3]
      [GC Worker End (ms):  12023336.3]
   [Code Root Fixup: 0.1 ms]
   [Code Root Purge: 0.0 ms]
   [Clear CT: 0.0 ms]
   [Other: 0.3 ms]
      [Choose CSet: 0.0 ms]
      [Ref Proc: 0.0 ms]
      [Ref Enq: 0.0 ms]
      [Redirty Cards: 0.0 ms]
      [Humongous Register: 0.0 ms]
      [Humongous Reclaim: 0.0 ms]
      [Free CSet: 0.0 ms]
   [Eden: 46.0M(46.0M)->0.0B(47.0M) Survivors: 5120.0K->4096.0K Heap: 355.9M(1024.0M)->310.7M(1024.0M)]
 [Times: user=0.03 sys=0.00, real=0.03 secs] 
2016-12-20T00:05:44.372+0100: 12048.718: [GC pause (G1 Evacuation Pause) (young), 0.0223250 secs]
   [Parallel Time: 18.7 ms, GC Workers: 1]
      [GC Worker Start (ms):  12048721.1]
      [Ext Root Scanning (ms):  1.6]
      [Update RS (ms):  3.2]
         [Processed Buffers:  39]
      [Scan RS (ms):  4.1]
      [Code Root Scanning (ms):  0.0]
      [Object Copy (ms):  9.7]
      [Termination (ms):  0.0]
         [Termination Attempts:  1]
      [GC Worker Other (ms):  0.0]
      [GC Worker Total (ms):  18.6]
      [GC Worker End (ms):  12048739.7]
   [Code Root Fixup: 0.1 ms]
   [Code Root Purge: 0.0 ms]
   [Clear CT: 0.0 ms]
   [Other: 3.6 ms]
      [Choose CSet: 0.0 ms]
      [Ref Proc: 0.0 ms]
      [Ref Enq: 0.0 ms]
      [Redirty Cards: 0.0 ms]
      [Humongous Register: 0.2 ms]
      [Humongous Reclaim: 0.0 ms]
      [Free CSet: 0.1 ms]
   [Eden: 47.0M(47.0M)->0.0B(47.0M) Survivors: 4096.0K->4096.0K Heap: 357.7M(1024.0M)->310.7M(1024.0M)]
 [Times: user=0.01 sys=0.00, real=0.02 secs] 
2016-12-20T00:06:09.605+0100: 12073.951: [GC pause (G1 Evacuation Pause) (young), 0.0242368 secs]
   [Parallel Time: 23.4 ms, GC Workers: 1]
      [GC Worker Start (ms):  12073951.1]
      [Ext Root Scanning (ms):  1.6]
      [Update RS (ms):  2.8]
         [Processed Buffers:  37]
      [Scan RS (ms):  4.4]
      [Code Root Scanning (ms):  0.0]
      [Object Copy (ms):  14.6]
      [Termination (ms):  0.0]
         [Termination Attempts:  1]
      [GC Worker Other (ms):  0.0]
      [GC Worker Total (ms):  23.4]
      [GC Worker End (ms):  12073974.5]
   [Code Root Fixup: 0.1 ms]
   [Code Root Purge: 0.0 ms]
   [Clear CT: 0.1 ms]
   [Other: 0.6 ms]
      [Choose CSet: 0.0 ms]
      [Ref Proc: 0.0 ms]
      [Ref Enq: 0.0 ms]
      [Redirty Cards: 0.0 ms]
      [Humongous Register: 0.1 ms]
      [Humongous Reclaim: 0.1 ms]
      [Free CSet: 0.1 ms]
   [Eden: 47.0M(47.0M)->0.0B(46.0M) Survivors: 4096.0K->5120.0K Heap: 357.7M(1024.0M)->311.7M(1024.0M)]
 [Times: user=0.03 sys=0.00, real=0.03 secs] 
2016-12-20T00:06:33.287+0100: 12097.632: [GC pause (G1 Evacuation Pause) (young), 0.0247796 secs]
   [Parallel Time: 24.2 ms, GC Workers: 1]
      [GC Worker Start (ms):  12097632.4]
      [Ext Root Scanning (ms):  1.6]
      [Update RS (ms):  8.8]
         [Processed Buffers:  45]
      [Scan RS (ms):  0.9]
      [Code Root Scanning (ms):  0.0]
      [Object Copy (ms):  12.9]
      [Termination (ms):  0.0]
         [Termination Attempts:  1]
      [GC Worker Other (ms):  0.0]
      [GC Worker Total (ms):  24.1]
      [GC Worker End (ms):  12097656.5]
   [Code Root Fixup: 0.1 ms]
   [Code Root Purge: 0.0 ms]
   [Clear CT: 0.1 ms]
   [Other: 0.4 ms]
      [Choose CSet: 0.0 ms]
      [Ref Proc: 0.0 ms]
      [Ref Enq: 0.0 ms]
      [Redirty Cards: 0.0 ms]
      [Humongous Register: 0.1 ms]
      [Humongous Reclaim: 0.0 ms]
      [Free CSet: 0.0 ms]
   [Eden: 46.0M(46.0M)->0.0B(47.0M) Survivors: 5120.0K->4096.0K Heap: 357.7M(1024.0M)->311.9M(1024.0M)]
 [Times: user=0.02 sys=0.00, real=0.03 secs] 
2016-12-20T00:06:59.499+0100: 12123.845: [GC pause (G1 Evacuation Pause) (young), 0.0364567 secs]
   [Parallel Time: 35.9 ms, GC Workers: 1]
      [GC Worker Start (ms):  12123844.8]
      [Ext Root Scanning (ms):  2.1]
      [Update RS (ms):  4.8]
         [Processed Buffers:  39]
      [Scan RS (ms):  15.2]
      [Code Root Scanning (ms):  0.0]
      [Object Copy (ms):  13.7]
      [Termination (ms):  0.0]
         [Termination Attempts:  1]
      [GC Worker Other (ms):  0.0]
      [GC Worker Total (ms):  35.8]
      [GC Worker End (ms):  12123880.7]
   [Code Root Fixup: 0.0 ms]
   [Code Root Purge: 0.0 ms]
   [Clear CT: 0.0 ms]
   [Other: 0.5 ms]
      [Choose CSet: 0.0 ms]
      [Ref Proc: 0.0 ms]
      [Ref Enq: 0.0 ms]
      [Redirty Cards: 0.0 ms]
      [Humongous Register: 0.1 ms]
      [Humongous Reclaim: 0.0 ms]
      [Free CSet: 0.1 ms]
   [Eden: 47.0M(47.0M)->0.0B(45.0M) Survivors: 4096.0K->6144.0K Heap: 358.9M(1024.0M)->313.4M(1024.0M)]
 [Times: user=0.02 sys=0.00, real=0.04 secs] 
2016-12-20T00:07:22.178+0100: 12146.524: [GC pause (G1 Evacuation Pause) (young), 0.0257215 secs]
   [Parallel Time: 25.0 ms, GC Workers: 1]
      [GC Worker Start (ms):  12146524.3]
      [Ext Root Scanning (ms):  2.8]
      [Update RS (ms):  4.3]
         [Processed Buffers:  37]
      [Scan RS (ms):  4.7]
      [Code Root Scanning (ms):  0.0]
      [Object Copy (ms):  13.2]
      [Termination (ms):  0.0]
         [Termination Attempts:  1]
      [GC Worker Other (ms):  0.0]
      [GC Worker Total (ms):  25.0]
      [GC Worker End (ms):  12146549.2]
   [Code Root Fixup: 0.1 ms]
   [Code Root Purge: 0.0 ms]
   [Clear CT: 0.0 ms]
   [Other: 0.6 ms]
      [Choose CSet: 0.0 ms]
      [Ref Proc: 0.0 ms]
      [Ref Enq: 0.0 ms]
      [Redirty Cards: 0.0 ms]
      [Humongous Register: 0.1 ms]
      [Humongous Reclaim: 0.0 ms]
      [Free CSet: 0.1 ms]
   [Eden: 45.0M(45.0M)->0.0B(47.0M) Survivors: 6144.0K->4096.0K Heap: 358.4M(1024.0M)->313.4M(1024.0M)]
 [Times: user=0.02 sys=0.00, real=0.03 secs] 
2016-12-20T00:07:47.460+0100: 12171.805: [GC pause (G1 Evacuation Pause) (young), 0.0235068 secs]
   [Parallel Time: 23.0 ms, GC Workers: 1]
      [GC Worker Start (ms):  12171805.4]
      [Ext Root Scanning (ms):  1.1]
      [Update RS (ms):  3.0]
         [Processed Buffers:  35]
      [Scan RS (ms):  5.0]
      [Code Root Scanning (ms):  0.0]
      [Object Copy (ms):  13.8]
      [Termination (ms):  0.0]
         [Termination Attempts:  1]
      [GC Worker Other (ms):  0.0]
      [GC Worker Total (ms):  22.9]
      [GC Worker End (ms):  12171828.3]
   [Code Root Fixup: 0.1 ms]
   [Code Root Purge: 0.0 ms]
   [Clear CT: 0.0 ms]
   [Other: 0.4 ms]
      [Choose CSet: 0.0 ms]
      [Ref Proc: 0.1 ms]
      [Ref Enq: 0.0 ms]
      [Redirty Cards: 0.0 ms]
      [Humongous Register: 0.0 ms]
      [Humongous Reclaim: 0.0 ms]
      [Free CSet: 0.1 ms]
   [Eden: 47.0M(47.0M)->0.0B(45.0M) Survivors: 4096.0K->6144.0K Heap: 360.4M(1024.0M)->314.9M(1024.0M)]
 [Times: user=0.02 sys=0.00, real=0.02 secs] 
2016-12-20T00:08:12.777+0100: 12197.122: [GC pause (G1 Evacuation Pause) (young), 0.0265611 secs]
   [Parallel Time: 26.0 ms, GC Workers: 1]
      [GC Worker Start (ms):  12197122.5]
      [Ext Root Scanning (ms):  1.8]
      [Update RS (ms):  5.5]
         [Processed Buffers:  39]
      [Scan RS (ms):  4.6]
      [Code Root Scanning (ms):  0.0]
      [Object Copy (ms):  14.0]
      [Termination (ms):  0.0]
         [Termination Attempts:  1]
      [GC Worker Other (ms):  0.0]
      [GC Worker Total (ms):  26.0]
      [GC Worker End (ms):  12197148.5]
   [Code Root Fixup: 0.1 ms]
   [Code Root Purge: 0.0 ms]
   [Clear CT: 0.0 ms]
   [Other: 0.5 ms]
      [Choose CSet: 0.0 ms]
      [Ref Proc: 0.0 ms]
      [Ref Enq: 0.0 ms]
      [Redirty Cards: 0.1 ms]
      [Humongous Register: 0.0 ms]
      [Humongous Reclaim: 0.0 ms]
      [Free CSet: 0.1 ms]
   [Eden: 45.0M(45.0M)->0.0B(47.0M) Survivors: 6144.0K->4096.0K Heap: 359.9M(1024.0M)->314.9M(1024.0M)]
 [Times: user=0.02 sys=0.00, real=0.03 secs] 
2016-12-20T00:08:38.819+0100: 12223.165: [GC pause (G1 Evacuation Pause) (young), 0.0309152 secs]
   [Parallel Time: 29.4 ms, GC Workers: 1]
      [GC Worker Start (ms):  12223165.7]
      [Ext Root Scanning (ms):  1.7]
      [Update RS (ms):  6.9]
         [Processed Buffers:  37]
      [Scan RS (ms):  6.6]
      [Code Root Scanning (ms):  0.0]
      [Object Copy (ms):  14.1]
      [Termination (ms):  0.0]
         [Termination Attempts:  1]
      [GC Worker Other (ms):  0.0]
      [GC Worker Total (ms):  29.3]
      [GC Worker End (ms):  12223195.0]
   [Code Root Fixup: 0.1 ms]
   [Code Root Purge: 0.0 ms]
   [Clear CT: 0.1 ms]
   [Other: 1.4 ms]
      [Choose CSet: 0.0 ms]
      [Ref Proc: 0.0 ms]
      [Ref Enq: 0.0 ms]
      [Redirty Cards: 0.1 ms]
      [Humongous Register: 0.3 ms]
      [Humongous Reclaim: 0.0 ms]
      [Free CSet: 0.1 ms]
   [Eden: 47.0M(47.0M)->0.0B(45.0M) Survivors: 4096.0K->6144.0K Heap: 361.9M(1024.0M)->316.4M(1024.0M)]
 [Times: user=0.02 sys=0.00, real=0.03 secs] 
2016-12-20T00:09:03.147+0100: 12247.493: [GC pause (G1 Evacuation Pause) (young), 0.0194377 secs]
   [Parallel Time: 19.0 ms, GC Workers: 1]
      [GC Worker Start (ms):  12247492.8]
      [Ext Root Scanning (ms):  0.9]
      [Update RS (ms):  1.9]
         [Processed Buffers:  39]
      [Scan RS (ms):  4.3]
      [Code Root Scanning (ms):  0.0]
      [Object Copy (ms):  11.9]
      [Termination (ms):  0.0]
         [Termination Attempts:  1]
      [GC Worker Other (ms):  0.0]
      [GC Worker Total (ms):  19.0]
      [GC Worker End (ms):  12247511.8]
   [Code Root Fixup: 0.0 ms]
   [Code Root Purge: 0.0 ms]
   [Clear CT: 0.0 ms]
   [Other: 0.4 ms]
      [Choose CSet: 0.0 ms]
      [Ref Proc: 0.0 ms]
      [Ref Enq: 0.0 ms]
      [Redirty Cards: 0.0 ms]
      [Humongous Register: 0.0 ms]
      [Humongous Reclaim: 0.0 ms]
      [Free CSet: 0.1 ms]
   [Eden: 45.0M(45.0M)->0.0B(47.0M) Survivors: 6144.0K->4096.0K Heap: 361.4M(1024.0M)->316.2M(1024.0M)]
 [Times: user=0.02 sys=0.01, real=0.01 secs] 
2016-12-20T00:09:28.567+0100: 12272.912: [GC pause (G1 Evacuation Pause) (young), 0.0199364 secs]
   [Parallel Time: 19.5 ms, GC Workers: 1]
      [GC Worker Start (ms):  12272912.3]
      [Ext Root Scanning (ms):  0.8]
      [Update RS (ms):  2.4]
         [Processed Buffers:  38]
      [Scan RS (ms):  4.1]
      [Code Root Scanning (ms):  0.0]
      [Object Copy (ms):  12.2]
      [Termination (ms):  0.0]
         [Termination Attempts:  1]
      [GC Worker Other (ms):  0.0]
      [GC Worker Total (ms):  19.5]
      [GC Worker End (ms):  12272931.8]
   [Code Root Fixup: 0.0 ms]
   [Code Root Purge: 0.0 ms]
   [Clear CT: 0.0 ms]
   [Other: 0.3 ms]
      [Choose CSet: 0.0 ms]
      [Ref Proc: 0.0 ms]
      [Ref Enq: 0.0 ms]
      [Redirty Cards: 0.0 ms]
      [Humongous Register: 0.0 ms]
      [Humongous Reclaim: 0.0 ms]
      [Free CSet: 0.1 ms]
   [Eden: 47.0M(47.0M)->0.0B(45.0M) Survivors: 4096.0K->6144.0K Heap: 363.2M(1024.0M)->317.7M(1024.0M)]
 [Times: user=0.02 sys=0.00, real=0.02 secs] 
2016-12-20T00:09:54.293+0100: 12298.638: [GC pause (G1 Evacuation Pause) (young), 0.0249599 secs]
   [Parallel Time: 24.3 ms, GC Workers: 1]
      [GC Worker Start (ms):  12298638.2]
      [Ext Root Scanning (ms):  1.1]
      [Update RS (ms):  4.7]
         [Processed Buffers:  36]
      [Scan RS (ms):  4.4]
      [Code Root Scanning (ms):  0.0]
      [Object Copy (ms):  14.0]
      [Termination (ms):  0.0]
         [Termination Attempts:  1]
      [GC Worker Other (ms):  0.0]
      [GC Worker Total (ms):  24.2]
      [GC Worker End (ms):  12298662.5]
   [Code Root Fixup: 0.1 ms]
   [Code Root Purge: 0.0 ms]
   [Clear CT: 0.1 ms]
   [Other: 0.5 ms]
      [Choose CSet: 0.0 ms]
      [Ref Proc: 0.1 ms]
      [Ref Enq: 0.0 ms]
      [Redirty Cards: 0.1 ms]
      [Humongous Register: 0.0 ms]
      [Humongous Reclaim: 0.1 ms]
      [Free CSet: 0.1 ms]
   [Eden: 45.0M(45.0M)->0.0B(47.0M) Survivors: 6144.0K->4096.0K Heap: 362.7M(1024.0M)->318.2M(1024.0M)]
 [Times: user=0.03 sys=0.00, real=0.02 secs] 
2016-12-20T00:10:20.191+0100: 12324.536: [GC pause (G1 Evacuation Pause) (young), 0.0220488 secs]
   [Parallel Time: 21.1 ms, GC Workers: 1]
      [GC Worker Start (ms):  12324536.6]
      [Ext Root Scanning (ms):  1.1]
      [Update RS (ms):  3.3]
         [Processed Buffers:  38]
      [Scan RS (ms):  5.5]
      [Code Root Scanning (ms):  0.0]
      [Object Copy (ms):  11.1]
      [Termination (ms):  0.0]
         [Termination Attempts:  1]
      [GC Worker Other (ms):  0.0]
      [GC Worker Total (ms):  21.1]
      [GC Worker End (ms):  12324557.6]
   [Code Root Fixup: 0.1 ms]
   [Code Root Purge: 0.0 ms]
   [Clear CT: 0.1 ms]
   [Other: 0.8 ms]
      [Choose CSet: 0.0 ms]
      [Ref Proc: 0.1 ms]
      [Ref Enq: 0.0 ms]
      [Redirty Cards: 0.0 ms]
      [Humongous Register: 0.1 ms]
      [Humongous Reclaim: 0.1 ms]
      [Free CSet: 0.1 ms]
   [Eden: 47.0M(47.0M)->0.0B(47.0M) Survivors: 4096.0K->4096.0K Heap: 365.2M(1024.0M)->318.2M(1024.0M)]
 [Times: user=0.02 sys=0.00, real=0.02 secs] 
2016-12-20T00:10:45.074+0100: 12349.420: [GC pause (G1 Evacuation Pause) (young), 0.0246194 secs]
   [Parallel Time: 23.8 ms, GC Workers: 1]
      [GC Worker Start (ms):  12349420.1]
      [Ext Root Scanning (ms):  1.4]
      [Update RS (ms):  4.7]
         [Processed Buffers:  40]
      [Scan RS (ms):  5.8]
      [Code Root Scanning (ms):  0.0]
      [Object Copy (ms):  11.7]
      [Termination (ms):  0.0]
         [Termination Attempts:  1]
      [GC Worker Other (ms):  0.0]
      [GC Worker Total (ms):  23.7]
      [GC Worker End (ms):  12349443.8]
   [Code Root Fixup: 0.0 ms]
   [Code Root Purge: 0.0 ms]
   [Clear CT: 0.0 ms]
   [Other: 0.7 ms]
      [Choose CSet: 0.0 ms]
      [Ref Proc: 0.0 ms]
      [Ref Enq: 0.0 ms]
      [Redirty Cards: 0.0 ms]
      [Humongous Register: 0.2 ms]
      [Humongous Reclaim: 0.0 ms]
      [Free CSet: 0.1 ms]
   [Eden: 47.0M(47.0M)->0.0B(46.0M) Survivors: 4096.0K->5120.0K Heap: 365.2M(1024.0M)->319.2M(1024.0M)]
 [Times: user=0.02 sys=0.00, real=0.02 secs] 
2016-12-20T00:11:10.206+0100: 12374.552: [GC pause (G1 Evacuation Pause) (young), 0.0413463 secs]
   [Parallel Time: 40.7 ms, GC Workers: 1]
      [GC Worker Start (ms):  12374551.8]
      [Ext Root Scanning (ms):  1.7]
      [Update RS (ms):  7.5]
         [Processed Buffers:  38]
      [Scan RS (ms):  6.1]
      [Code Root Scanning (ms):  0.0]
      [Object Copy (ms):  25.3]
      [Termination (ms):  0.0]
         [Termination Attempts:  1]
      [GC Worker Other (ms):  0.0]
      [GC Worker Total (ms):  40.7]
      [GC Worker End (ms):  12374592.5]
   [Code Root Fixup: 0.0 ms]
   [Code Root Purge: 0.0 ms]
   [Clear CT: 0.1 ms]
   [Other: 0.5 ms]
      [Choose CSet: 0.0 ms]
      [Ref Proc: 0.0 ms]
      [Ref Enq: 0.0 ms]
      [Redirty Cards: 0.1 ms]
      [Humongous Register: 0.1 ms]
      [Humongous Reclaim: 0.0 ms]
      [Free CSet: 0.1 ms]
   [Eden: 46.0M(46.0M)->0.0B(47.0M) Survivors: 5120.0K->4096.0K Heap: 365.2M(1024.0M)->319.5M(1024.0M)]
 [Times: user=0.04 sys=0.00, real=0.05 secs] 
