OpenJDK 64-Bit Server VM (25.111-b14) for linux-amd64 JRE (1.8.0_111-8u111-b14-2ubuntu0.16.10.2-b14), built on Oct 27 2016 14:16:18 by "buildd" with gcc 6.2.0 20161005
Memory: 4k page, physical 1015660k(614872k free), swap 1046524k(1046332k free)
CommandLine flags: -XX:+DisableExplicitGC -XX:InitialHeapSize=1073741824 -XX:InitiatingHeapOccupancyPercent=35 -XX:+ManagementServer -XX:MaxGCPauseMillis=20 -XX:MaxHeapSize=1073741824 -XX:+PrintGC -XX:+PrintGCDateStamps -XX:+PrintGCDetails -XX:+PrintGCTimeStamps -XX:+UseCompressedClassPointers -XX:+UseCompressedOops -XX:+UseG1GC 
2016-12-19T16:32:18.143+0100: 2.193: [GC pause (G1 Evacuation Pause) (young), 0.0105245 secs]
   [Parallel Time: 7.7 ms, GC Workers: 1]
      [GC Worker Start (ms):  2193.5]
      [Ext Root Scanning (ms):  2.2]
      [Update RS (ms):  0.0]
         [Processed Buffers:  0]
      [Scan RS (ms):  0.0]
      [Code Root Scanning (ms):  0.3]
      [Object Copy (ms):  5.1]
      [Termination (ms):  0.0]
         [Termination Attempts:  1]
      [GC Worker Other (ms):  0.0]
      [GC Worker Total (ms):  7.7]
      [GC Worker End (ms):  2201.2]
   [Code Root Fixup: 0.1 ms]
   [Code Root Purge: 0.0 ms]
   [Clear CT: 0.1 ms]
   [Other: 2.7 ms]
      [Choose CSet: 0.0 ms]
      [Ref Proc: 2.3 ms]
      [Ref Enq: 0.0 ms]
      [Redirty Cards: 0.0 ms]
      [Humongous Register: 0.1 ms]
      [Humongous Reclaim: 0.0 ms]
      [Free CSet: 0.1 ms]
   [Eden: 51.0M(51.0M)->0.0B(44.0M) Survivors: 0.0B->7168.0K Heap: 51.0M(1024.0M)->7888.0K(1024.0M)]
 [Times: user=0.01 sys=0.00, real=0.01 secs] 
2016-12-19T16:32:19.161+0100: 3.212: [GC pause (G1 Evacuation Pause) (young), 0.0153104 secs]
   [Parallel Time: 13.1 ms, GC Workers: 1]
      [GC Worker Start (ms):  3212.1]
      [Ext Root Scanning (ms):  2.2]
      [Update RS (ms):  0.1]
         [Processed Buffers:  1]
      [Scan RS (ms):  0.0]
      [Code Root Scanning (ms):  1.1]
      [Object Copy (ms):  9.7]
      [Termination (ms):  0.0]
         [Termination Attempts:  1]
      [GC Worker Other (ms):  0.0]
      [GC Worker Total (ms):  13.1]
      [GC Worker End (ms):  3225.2]
   [Code Root Fixup: 0.4 ms]
   [Code Root Purge: 0.0 ms]
   [Clear CT: 0.1 ms]
   [Other: 1.7 ms]
      [Choose CSet: 0.0 ms]
      [Ref Proc: 1.2 ms]
      [Ref Enq: 0.0 ms]
      [Redirty Cards: 0.0 ms]
      [Humongous Register: 0.1 ms]
      [Humongous Reclaim: 0.0 ms]
      [Free CSet: 0.1 ms]
   [Eden: 44.0M(44.0M)->0.0B(44.0M) Survivors: 7168.0K->7168.0K Heap: 179.7M(1024.0M)->135.2M(1024.0M)]
 [Times: user=0.02 sys=0.00, real=0.02 secs] 
2016-12-19T16:32:20.048+0100: 4.099: [GC pause (Metadata GC Threshold) (young) (initial-mark), 0.0215104 secs]
   [Parallel Time: 20.3 ms, GC Workers: 1]
      [GC Worker Start (ms):  4099.0]
      [Ext Root Scanning (ms):  3.3]
      [Update RS (ms):  0.2]
         [Processed Buffers:  1]
      [Scan RS (ms):  0.1]
      [Code Root Scanning (ms):  3.2]
      [Object Copy (ms):  13.5]
      [Termination (ms):  0.0]
         [Termination Attempts:  1]
      [GC Worker Other (ms):  0.0]
      [GC Worker Total (ms):  20.2]
      [GC Worker End (ms):  4119.2]
   [Code Root Fixup: 0.4 ms]
   [Code Root Purge: 0.0 ms]
   [Clear CT: 0.0 ms]
   [Other: 0.8 ms]
      [Choose CSet: 0.0 ms]
      [Ref Proc: 0.4 ms]
      [Ref Enq: 0.0 ms]
      [Redirty Cards: 0.0 ms]
      [Humongous Register: 0.0 ms]
      [Humongous Reclaim: 0.0 ms]
      [Free CSet: 0.1 ms]
   [Eden: 38.0M(44.0M)->0.0B(47.0M) Survivors: 7168.0K->4096.0K Heap: 172.5M(1024.0M)->135.2M(1024.0M)]
 [Times: user=0.02 sys=0.01, real=0.02 secs] 
2016-12-19T16:32:20.070+0100: 4.120: [GC concurrent-root-region-scan-start]
2016-12-19T16:32:20.072+0100: 4.123: [GC concurrent-root-region-scan-end, 0.0023628 secs]
2016-12-19T16:32:20.072+0100: 4.123: [GC concurrent-mark-start]
2016-12-19T16:32:20.106+0100: 4.157: [GC concurrent-mark-end, 0.0338675 secs]
2016-12-19T16:32:20.106+0100: 4.157: [GC remark 2016-12-19T16:32:20.106+0100: 4.157: [Finalize Marking, 0.0000495 secs] 2016-12-19T16:32:20.106+0100: 4.157: [GC ref-proc, 0.0000513 secs] 2016-12-19T16:32:20.106+0100: 4.157: [Unloading, 0.0085211 secs], 0.0115067 secs]
 [Times: user=0.02 sys=0.00, real=0.01 secs] 
2016-12-19T16:32:20.118+0100: 4.169: [GC cleanup 139M->139M(1024M), 0.0014972 secs]
 [Times: user=0.00 sys=0.00, real=0.00 secs] 
2016-12-19T16:32:37.098+0100: 21.149: [GC pause (G1 Evacuation Pause) (young), 0.0065629 secs]
   [Parallel Time: 5.8 ms, GC Workers: 1]
      [GC Worker Start (ms):  21149.2]
      [Ext Root Scanning (ms):  1.2]
      [Update RS (ms):  0.3]
         [Processed Buffers:  12]
      [Scan RS (ms):  0.5]
      [Code Root Scanning (ms):  0.5]
      [Object Copy (ms):  3.2]
      [Termination (ms):  0.0]
         [Termination Attempts:  1]
      [GC Worker Other (ms):  0.0]
      [GC Worker Total (ms):  5.8]
      [GC Worker End (ms):  21155.0]
   [Code Root Fixup: 0.1 ms]
   [Code Root Purge: 0.0 ms]
   [Clear CT: 0.0 ms]
   [Other: 0.6 ms]
      [Choose CSet: 0.0 ms]
      [Ref Proc: 0.2 ms]
      [Ref Enq: 0.0 ms]
      [Redirty Cards: 0.0 ms]
      [Humongous Register: 0.1 ms]
      [Humongous Reclaim: 0.0 ms]
      [Free CSet: 0.0 ms]
   [Eden: 47.0M(47.0M)->0.0B(47.0M) Survivors: 4096.0K->4096.0K Heap: 182.2M(1024.0M)->134.7M(1024.0M)]
 [Times: user=0.01 sys=0.00, real=0.01 secs] 
2016-12-19T16:36:38.089+0100: 262.140: [GC pause (G1 Evacuation Pause) (young), 0.0099364 secs]
   [Parallel Time: 8.7 ms, GC Workers: 1]
      [GC Worker Start (ms):  262139.9]
      [Ext Root Scanning (ms):  1.8]
      [Update RS (ms):  0.6]
         [Processed Buffers:  16]
      [Scan RS (ms):  0.0]
      [Code Root Scanning (ms):  0.8]
      [Object Copy (ms):  5.4]
      [Termination (ms):  0.0]
         [Termination Attempts:  1]
      [GC Worker Other (ms):  0.0]
      [GC Worker Total (ms):  8.7]
      [GC Worker End (ms):  262148.6]
   [Code Root Fixup: 0.2 ms]
   [Code Root Purge: 0.0 ms]
   [Clear CT: 0.0 ms]
   [Other: 0.9 ms]
      [Choose CSet: 0.0 ms]
      [Ref Proc: 0.3 ms]
      [Ref Enq: 0.0 ms]
      [Redirty Cards: 0.0 ms]
      [Humongous Register: 0.1 ms]
      [Humongous Reclaim: 0.1 ms]
      [Free CSet: 0.1 ms]
   [Eden: 47.0M(47.0M)->0.0B(47.0M) Survivors: 4096.0K->4096.0K Heap: 181.7M(1024.0M)->134.7M(1024.0M)]
 [Times: user=0.00 sys=0.00, real=0.01 secs] 
2016-12-19T16:37:40.706+0100: 324.757: [GC pause (G1 Evacuation Pause) (young), 0.0078195 secs]
   [Parallel Time: 7.0 ms, GC Workers: 1]
      [GC Worker Start (ms):  324756.8]
      [Ext Root Scanning (ms):  1.2]
      [Update RS (ms):  0.4]
         [Processed Buffers:  13]
      [Scan RS (ms):  0.0]
      [Code Root Scanning (ms):  0.6]
      [Object Copy (ms):  4.7]
      [Termination (ms):  0.0]
         [Termination Attempts:  1]
      [GC Worker Other (ms):  0.0]
      [GC Worker Total (ms):  6.9]
      [GC Worker End (ms):  324763.7]
   [Code Root Fixup: 0.2 ms]
   [Code Root Purge: 0.0 ms]
   [Clear CT: 0.0 ms]
   [Other: 0.6 ms]
      [Choose CSet: 0.0 ms]
      [Ref Proc: 0.2 ms]
      [Ref Enq: 0.0 ms]
      [Redirty Cards: 0.0 ms]
      [Humongous Register: 0.1 ms]
      [Humongous Reclaim: 0.1 ms]
      [Free CSet: 0.0 ms]
   [Eden: 47.0M(47.0M)->0.0B(46.0M) Survivors: 4096.0K->5120.0K Heap: 261.7M(1024.0M)->135.7M(1024.0M)]
 [Times: user=0.00 sys=0.00, real=0.01 secs] 
2016-12-19T16:38:48.620+0100: 392.670: [GC pause (G1 Evacuation Pause) (young), 0.0247098 secs]
   [Parallel Time: 23.7 ms, GC Workers: 1]
      [GC Worker Start (ms):  392670.6]
      [Ext Root Scanning (ms):  1.7]
      [Update RS (ms):  0.8]
         [Processed Buffers:  7]
      [Scan RS (ms):  0.0]
      [Code Root Scanning (ms):  1.3]
      [Object Copy (ms):  19.7]
      [Termination (ms):  0.0]
         [Termination Attempts:  1]
      [GC Worker Other (ms):  0.0]
      [GC Worker Total (ms):  23.5]
      [GC Worker End (ms):  392694.1]
   [Code Root Fixup: 0.3 ms]
   [Code Root Purge: 0.0 ms]
   [Clear CT: 0.0 ms]
   [Other: 0.7 ms]
      [Choose CSet: 0.0 ms]
      [Ref Proc: 0.1 ms]
      [Ref Enq: 0.0 ms]
      [Redirty Cards: 0.0 ms]
      [Humongous Register: 0.1 ms]
      [Humongous Reclaim: 0.1 ms]
      [Free CSet: 0.1 ms]
   [Eden: 46.0M(46.0M)->0.0B(45.0M) Survivors: 5120.0K->6144.0K Heap: 181.7M(1024.0M)->136.7M(1024.0M)]
 [Times: user=0.02 sys=0.00, real=0.03 secs] 
2016-12-19T16:39:56.976+0100: 461.027: [GC pause (G1 Evacuation Pause) (young), 0.0158667 secs]
   [Parallel Time: 14.8 ms, GC Workers: 1]
      [GC Worker Start (ms):  461027.0]
      [Ext Root Scanning (ms):  1.0]
      [Update RS (ms):  0.4]
         [Processed Buffers:  6]
      [Scan RS (ms):  0.0]
      [Code Root Scanning (ms):  1.2]
      [Object Copy (ms):  12.1]
      [Termination (ms):  0.0]
         [Termination Attempts:  1]
      [GC Worker Other (ms):  0.0]
      [GC Worker Total (ms):  14.8]
      [GC Worker End (ms):  461041.8]
   [Code Root Fixup: 0.4 ms]
   [Code Root Purge: 0.0 ms]
   [Clear CT: 0.0 ms]
   [Other: 0.6 ms]
      [Choose CSet: 0.0 ms]
      [Ref Proc: 0.1 ms]
      [Ref Enq: 0.0 ms]
      [Redirty Cards: 0.0 ms]
      [Humongous Register: 0.1 ms]
      [Humongous Reclaim: 0.0 ms]
      [Free CSet: 0.1 ms]
   [Eden: 45.0M(45.0M)->0.0B(46.0M) Survivors: 6144.0K->5120.0K Heap: 181.7M(1024.0M)->137.6M(1024.0M)]
 [Times: user=0.02 sys=0.00, real=0.02 secs] 
2016-12-19T16:41:07.571+0100: 531.622: [GC pause (G1 Evacuation Pause) (young), 0.0086135 secs]
   [Parallel Time: 7.9 ms, GC Workers: 1]
      [GC Worker Start (ms):  531621.9]
      [Ext Root Scanning (ms):  1.0]
      [Update RS (ms):  1.4]
         [Processed Buffers:  15]
      [Scan RS (ms):  0.0]
      [Code Root Scanning (ms):  0.6]
      [Object Copy (ms):  4.9]
      [Termination (ms):  0.0]
         [Termination Attempts:  1]
      [GC Worker Other (ms):  0.0]
      [GC Worker Total (ms):  7.9]
      [GC Worker End (ms):  531629.8]
   [Code Root Fixup: 0.2 ms]
   [Code Root Purge: 0.0 ms]
   [Clear CT: 0.0 ms]
   [Other: 0.4 ms]
      [Choose CSet: 0.0 ms]
      [Ref Proc: 0.1 ms]
      [Ref Enq: 0.0 ms]
      [Redirty Cards: 0.0 ms]
      [Humongous Register: 0.1 ms]
      [Humongous Reclaim: 0.0 ms]
      [Free CSet: 0.0 ms]
   [Eden: 46.0M(46.0M)->0.0B(49.0M) Survivors: 5120.0K->2048.0K Heap: 183.6M(1024.0M)->136.0M(1024.0M)]
 [Times: user=0.01 sys=0.00, real=0.00 secs] 
2016-12-19T16:42:22.421+0100: 606.472: [GC pause (G1 Evacuation Pause) (young), 0.0078285 secs]
   [Parallel Time: 7.4 ms, GC Workers: 1]
      [GC Worker Start (ms):  606472.1]
      [Ext Root Scanning (ms):  0.8]
      [Update RS (ms):  1.6]
         [Processed Buffers:  23]
      [Scan RS (ms):  0.1]
      [Code Root Scanning (ms):  0.3]
      [Object Copy (ms):  4.6]
      [Termination (ms):  0.0]
         [Termination Attempts:  1]
      [GC Worker Other (ms):  0.0]
      [GC Worker Total (ms):  7.3]
      [GC Worker End (ms):  606479.5]
   [Code Root Fixup: 0.1 ms]
   [Code Root Purge: 0.0 ms]
   [Clear CT: 0.0 ms]
   [Other: 0.3 ms]
      [Choose CSet: 0.0 ms]
      [Ref Proc: 0.0 ms]
      [Ref Enq: 0.0 ms]
      [Redirty Cards: 0.0 ms]
      [Humongous Register: 0.1 ms]
      [Humongous Reclaim: 0.0 ms]
      [Free CSet: 0.0 ms]
   [Eden: 49.0M(49.0M)->0.0B(48.0M) Survivors: 2048.0K->3072.0K Heap: 185.0M(1024.0M)->137.0M(1024.0M)]
 [Times: user=0.00 sys=0.00, real=0.01 secs] 
2016-12-19T16:43:36.057+0100: 680.108: [GC pause (G1 Evacuation Pause) (young), 0.0318554 secs]
   [Parallel Time: 31.0 ms, GC Workers: 1]
      [GC Worker Start (ms):  680107.9]
      [Ext Root Scanning (ms):  1.5]
      [Update RS (ms):  1.0]
         [Processed Buffers:  21]
      [Scan RS (ms):  0.0]
      [Code Root Scanning (ms):  0.4]
      [Object Copy (ms):  28.0]
      [Termination (ms):  0.0]
         [Termination Attempts:  1]
      [GC Worker Other (ms):  0.0]
      [GC Worker Total (ms):  30.9]
      [GC Worker End (ms):  680138.9]
   [Code Root Fixup: 0.2 ms]
   [Code Root Purge: 0.0 ms]
   [Clear CT: 0.0 ms]
   [Other: 0.7 ms]
      [Choose CSet: 0.0 ms]
      [Ref Proc: 0.1 ms]
      [Ref Enq: 0.0 ms]
      [Redirty Cards: 0.0 ms]
      [Humongous Register: 0.2 ms]
      [Humongous Reclaim: 0.1 ms]
      [Free CSet: 0.0 ms]
   [Eden: 48.0M(48.0M)->0.0B(47.0M) Survivors: 3072.0K->4096.0K Heap: 185.0M(1024.0M)->138.0M(1024.0M)]
 [Times: user=0.03 sys=0.00, real=0.03 secs] 
2016-12-19T16:44:48.689+0100: 752.739: [GC pause (G1 Evacuation Pause) (young), 0.0129305 secs]
   [Parallel Time: 12.4 ms, GC Workers: 1]
      [GC Worker Start (ms):  752739.4]
      [Ext Root Scanning (ms):  1.9]
      [Update RS (ms):  1.2]
         [Processed Buffers:  22]
      [Scan RS (ms):  0.0]
      [Code Root Scanning (ms):  0.4]
      [Object Copy (ms):  8.9]
      [Termination (ms):  0.0]
         [Termination Attempts:  1]
      [GC Worker Other (ms):  0.0]
      [GC Worker Total (ms):  12.4]
      [GC Worker End (ms):  752751.8]
   [Code Root Fixup: 0.1 ms]
   [Code Root Purge: 0.0 ms]
   [Clear CT: 0.0 ms]
   [Other: 0.4 ms]
      [Choose CSet: 0.0 ms]
      [Ref Proc: 0.0 ms]
      [Ref Enq: 0.0 ms]
      [Redirty Cards: 0.0 ms]
      [Humongous Register: 0.1 ms]
      [Humongous Reclaim: 0.0 ms]
      [Free CSet: 0.0 ms]
   [Eden: 47.0M(47.0M)->0.0B(46.0M) Survivors: 4096.0K->5120.0K Heap: 185.0M(1024.0M)->139.0M(1024.0M)]
 [Times: user=0.01 sys=0.00, real=0.01 secs] 
2016-12-19T16:45:59.804+0100: 823.855: [GC pause (G1 Evacuation Pause) (young), 0.0057145 secs]
   [Parallel Time: 5.3 ms, GC Workers: 1]
      [GC Worker Start (ms):  823855.2]
      [Ext Root Scanning (ms):  0.8]
      [Update RS (ms):  0.8]
         [Processed Buffers:  21]
      [Scan RS (ms):  0.0]
      [Code Root Scanning (ms):  0.3]
      [Object Copy (ms):  3.4]
      [Termination (ms):  0.0]
         [Termination Attempts:  1]
      [GC Worker Other (ms):  0.0]
      [GC Worker Total (ms):  5.3]
      [GC Worker End (ms):  823860.5]
   [Code Root Fixup: 0.1 ms]
   [Code Root Purge: 0.0 ms]
   [Clear CT: 0.0 ms]
   [Other: 0.3 ms]
      [Choose CSet: 0.0 ms]
      [Ref Proc: 0.0 ms]
      [Ref Enq: 0.0 ms]
      [Redirty Cards: 0.0 ms]
      [Humongous Register: 0.0 ms]
      [Humongous Reclaim: 0.0 ms]
      [Free CSet: 0.0 ms]
   [Eden: 46.0M(46.0M)->0.0B(49.0M) Survivors: 5120.0K->2048.0K Heap: 185.0M(1024.0M)->136.4M(1024.0M)]
 [Times: user=0.00 sys=0.00, real=0.00 secs] 
2016-12-19T16:47:14.895+0100: 898.946: [GC pause (G1 Evacuation Pause) (young), 0.0170594 secs]
   [Parallel Time: 16.6 ms, GC Workers: 1]
      [GC Worker Start (ms):  898946.3]
      [Ext Root Scanning (ms):  1.5]
      [Update RS (ms):  2.9]
         [Processed Buffers:  24]
      [Scan RS (ms):  0.0]
      [Code Root Scanning (ms):  0.0]
      [Object Copy (ms):  12.1]
      [Termination (ms):  0.0]
         [Termination Attempts:  1]
      [GC Worker Other (ms):  0.0]
      [GC Worker Total (ms):  16.5]
      [GC Worker End (ms):  898962.8]
   [Code Root Fixup: 0.0 ms]
   [Code Root Purge: 0.0 ms]
   [Clear CT: 0.0 ms]
   [Other: 0.4 ms]
      [Choose CSet: 0.0 ms]
      [Ref Proc: 0.0 ms]
      [Ref Enq: 0.0 ms]
      [Redirty Cards: 0.0 ms]
      [Humongous Register: 0.1 ms]
      [Humongous Reclaim: 0.0 ms]
      [Free CSet: 0.0 ms]
   [Eden: 49.0M(49.0M)->0.0B(47.0M) Survivors: 2048.0K->4096.0K Heap: 185.4M(1024.0M)->137.9M(1024.0M)]
 [Times: user=0.01 sys=0.00, real=0.02 secs] 
2016-12-19T16:48:27.237+0100: 971.287: [GC pause (G1 Evacuation Pause) (young), 0.0140818 secs]
   [Parallel Time: 13.7 ms, GC Workers: 1]
      [GC Worker Start (ms):  971287.5]
      [Ext Root Scanning (ms):  0.9]
      [Update RS (ms):  1.0]
         [Processed Buffers:  29]
      [Scan RS (ms):  0.0]
      [Code Root Scanning (ms):  0.0]
      [Object Copy (ms):  11.6]
      [Termination (ms):  0.1]
         [Termination Attempts:  1]
      [GC Worker Other (ms):  0.0]
      [GC Worker Total (ms):  13.6]
      [GC Worker End (ms):  971301.1]
   [Code Root Fixup: 0.0 ms]
   [Code Root Purge: 0.0 ms]
   [Clear CT: 0.0 ms]
   [Other: 0.3 ms]
      [Choose CSet: 0.0 ms]
      [Ref Proc: 0.0 ms]
      [Ref Enq: 0.0 ms]
      [Redirty Cards: 0.0 ms]
      [Humongous Register: 0.0 ms]
      [Humongous Reclaim: 0.0 ms]
      [Free CSet: 0.0 ms]
   [Eden: 47.0M(47.0M)->0.0B(46.0M) Survivors: 4096.0K->5120.0K Heap: 184.9M(1024.0M)->138.9M(1024.0M)]
 [Times: user=0.02 sys=0.00, real=0.02 secs] 
2016-12-19T16:49:38.094+0100: 1042.145: [GC pause (G1 Evacuation Pause) (young), 0.0101886 secs]
   [Parallel Time: 9.7 ms, GC Workers: 1]
      [GC Worker Start (ms):  1042144.8]
      [Ext Root Scanning (ms):  1.0]
      [Update RS (ms):  0.8]
         [Processed Buffers:  28]
      [Scan RS (ms):  0.0]
      [Code Root Scanning (ms):  0.0]
      [Object Copy (ms):  7.9]
      [Termination (ms):  0.0]
         [Termination Attempts:  1]
      [GC Worker Other (ms):  0.0]
      [GC Worker Total (ms):  9.7]
      [GC Worker End (ms):  1042154.4]
   [Code Root Fixup: 0.1 ms]
   [Code Root Purge: 0.0 ms]
   [Clear CT: 0.0 ms]
   [Other: 0.4 ms]
      [Choose CSet: 0.0 ms]
      [Ref Proc: 0.1 ms]
      [Ref Enq: 0.0 ms]
      [Redirty Cards: 0.0 ms]
      [Humongous Register: 0.0 ms]
      [Humongous Reclaim: 0.0 ms]
      [Free CSet: 0.0 ms]
   [Eden: 46.0M(46.0M)->0.0B(71.0M) Survivors: 5120.0K->2048.0K Heap: 184.9M(1024.0M)->136.9M(1024.0M)]
 [Times: user=0.01 sys=0.00, real=0.01 secs] 
2016-12-19T16:51:27.578+0100: 1151.629: [GC pause (G1 Evacuation Pause) (young), 0.0115283 secs]
   [Parallel Time: 11.1 ms, GC Workers: 1]
      [GC Worker Start (ms):  1151628.8]
      [Ext Root Scanning (ms):  1.0]
      [Update RS (ms):  1.2]
         [Processed Buffers:  34]
      [Scan RS (ms):  0.0]
      [Code Root Scanning (ms):  0.0]
      [Object Copy (ms):  8.8]
      [Termination (ms):  0.0]
         [Termination Attempts:  1]
      [GC Worker Other (ms):  0.0]
      [GC Worker Total (ms):  11.1]
      [GC Worker End (ms):  1151639.8]
   [Code Root Fixup: 0.0 ms]
   [Code Root Purge: 0.0 ms]
   [Clear CT: 0.0 ms]
   [Other: 0.3 ms]
      [Choose CSet: 0.0 ms]
      [Ref Proc: 0.1 ms]
      [Ref Enq: 0.0 ms]
      [Redirty Cards: 0.0 ms]
      [Humongous Register: 0.0 ms]
      [Humongous Reclaim: 0.0 ms]
      [Free CSet: 0.0 ms]
   [Eden: 71.0M(71.0M)->0.0B(49.0M) Survivors: 2048.0K->4096.0K Heap: 207.9M(1024.0M)->138.9M(1024.0M)]
 [Times: user=0.01 sys=0.00, real=0.01 secs] 
2016-12-19T16:52:43.057+0100: 1227.108: [GC pause (G1 Evacuation Pause) (young), 0.0128863 secs]
   [Parallel Time: 12.0 ms, GC Workers: 1]
      [GC Worker Start (ms):  1227108.3]
      [Ext Root Scanning (ms):  0.9]
      [Update RS (ms):  1.2]
         [Processed Buffers:  33]
      [Scan RS (ms):  0.0]
      [Code Root Scanning (ms):  0.0]
      [Object Copy (ms):  9.8]
      [Termination (ms):  0.0]
         [Termination Attempts:  1]
      [GC Worker Other (ms):  0.0]
      [GC Worker Total (ms):  12.0]
      [GC Worker End (ms):  1227120.3]
   [Code Root Fixup: 0.0 ms]
   [Code Root Purge: 0.0 ms]
   [Clear CT: 0.0 ms]
   [Other: 0.8 ms]
      [Choose CSet: 0.0 ms]
      [Ref Proc: 0.0 ms]
      [Ref Enq: 0.0 ms]
      [Redirty Cards: 0.0 ms]
      [Humongous Register: 0.0 ms]
      [Humongous Reclaim: 0.1 ms]
      [Free CSet: 0.3 ms]
   [Eden: 49.0M(49.0M)->0.0B(45.0M) Survivors: 4096.0K->6144.0K Heap: 187.9M(1024.0M)->140.4M(1024.0M)]
 [Times: user=0.02 sys=0.00, real=0.01 secs] 
2016-12-19T16:53:52.236+0100: 1296.287: [GC pause (G1 Evacuation Pause) (young), 0.0212758 secs]
   [Parallel Time: 20.5 ms, GC Workers: 1]
      [GC Worker Start (ms):  1296287.2]
      [Ext Root Scanning (ms):  1.2]
      [Update RS (ms):  2.2]
         [Processed Buffers:  31]
      [Scan RS (ms):  0.0]
      [Code Root Scanning (ms):  0.0]
      [Object Copy (ms):  16.8]
      [Termination (ms):  0.0]
         [Termination Attempts:  1]
      [GC Worker Other (ms):  0.0]
      [GC Worker Total (ms):  20.4]
      [GC Worker End (ms):  1296307.6]
   [Code Root Fixup: 0.3 ms]
   [Code Root Purge: 0.0 ms]
   [Clear CT: 0.0 ms]
   [Other: 0.5 ms]
      [Choose CSet: 0.0 ms]
      [Ref Proc: 0.1 ms]
      [Ref Enq: 0.0 ms]
      [Redirty Cards: 0.0 ms]
      [Humongous Register: 0.1 ms]
      [Humongous Reclaim: 0.0 ms]
      [Free CSet: 0.0 ms]
   [Eden: 45.0M(45.0M)->0.0B(63.0M) Survivors: 6144.0K->2048.0K Heap: 185.4M(1024.0M)->138.1M(1024.0M)]
 [Times: user=0.02 sys=0.00, real=0.02 secs] 
2016-12-19T16:55:07.780+0100: 1371.831: [GC pause (G1 Evacuation Pause) (young), 0.0111032 secs]
   [Parallel Time: 10.8 ms, GC Workers: 1]
      [GC Worker Start (ms):  1371830.6]
      [Ext Root Scanning (ms):  0.8]
      [Update RS (ms):  2.4]
         [Processed Buffers:  43]
      [Scan RS (ms):  0.4]
      [Code Root Scanning (ms):  0.0]
      [Object Copy (ms):  7.1]
      [Termination (ms):  0.0]
         [Termination Attempts:  1]
      [GC Worker Other (ms):  0.0]
      [GC Worker Total (ms):  10.7]
      [GC Worker End (ms):  1371841.4]
   [Code Root Fixup: 0.0 ms]
   [Code Root Purge: 0.0 ms]
   [Clear CT: 0.0 ms]
   [Other: 0.3 ms]
      [Choose CSet: 0.0 ms]
      [Ref Proc: 0.0 ms]
      [Ref Enq: 0.0 ms]
      [Redirty Cards: 0.0 ms]
      [Humongous Register: 0.0 ms]
      [Humongous Reclaim: 0.0 ms]
      [Free CSet: 0.0 ms]
   [Eden: 49.0M(49.0M)->0.0B(47.0M) Survivors: 2048.0K->4096.0K Heap: 187.1M(1024.0M)->139.6M(1024.0M)]
 [Times: user=0.01 sys=0.00, real=0.02 secs] 
2016-12-19T16:56:20.131+0100: 1444.182: [GC pause (G1 Evacuation Pause) (young), 0.0131459 secs]
   [Parallel Time: 12.7 ms, GC Workers: 1]
      [GC Worker Start (ms):  1444182.0]
      [Ext Root Scanning (ms):  0.8]
      [Update RS (ms):  1.6]
         [Processed Buffers:  36]
      [Scan RS (ms):  0.0]
      [Code Root Scanning (ms):  0.0]
      [Object Copy (ms):  10.1]
      [Termination (ms):  0.0]
         [Termination Attempts:  1]
      [GC Worker Other (ms):  0.0]
      [GC Worker Total (ms):  12.6]
      [GC Worker End (ms):  1444194.7]
   [Code Root Fixup: 0.0 ms]
   [Code Root Purge: 0.0 ms]
   [Clear CT: 0.0 ms]
   [Other: 0.4 ms]
      [Choose CSet: 0.0 ms]
      [Ref Proc: 0.1 ms]
      [Ref Enq: 0.0 ms]
      [Redirty Cards: 0.0 ms]
      [Humongous Register: 0.0 ms]
      [Humongous Reclaim: 0.1 ms]
      [Free CSet: 0.0 ms]
   [Eden: 47.0M(47.0M)->0.0B(46.0M) Survivors: 4096.0K->5120.0K Heap: 186.6M(1024.0M)->141.1M(1024.0M)]
 [Times: user=0.01 sys=0.00, real=0.01 secs] 
2016-12-19T16:57:31.190+0100: 1515.241: [GC pause (G1 Evacuation Pause) (young), 0.0153458 secs]
   [Parallel Time: 14.9 ms, GC Workers: 1]
      [GC Worker Start (ms):  1515240.8]
      [Ext Root Scanning (ms):  0.9]
      [Update RS (ms):  1.6]
         [Processed Buffers:  33]
      [Scan RS (ms):  0.1]
      [Code Root Scanning (ms):  0.0]
      [Object Copy (ms):  12.3]
      [Termination (ms):  0.0]
         [Termination Attempts:  1]
      [GC Worker Other (ms):  0.0]
      [GC Worker Total (ms):  14.8]
      [GC Worker End (ms):  1515255.6]
   [Code Root Fixup: 0.0 ms]
   [Code Root Purge: 0.0 ms]
   [Clear CT: 0.0 ms]
   [Other: 0.4 ms]
      [Choose CSet: 0.0 ms]
      [Ref Proc: 0.1 ms]
      [Ref Enq: 0.0 ms]
      [Redirty Cards: 0.0 ms]
      [Humongous Register: 0.0 ms]
      [Humongous Reclaim: 0.0 ms]
      [Free CSet: 0.0 ms]
   [Eden: 46.0M(46.0M)->0.0B(46.0M) Survivors: 5120.0K->5120.0K Heap: 187.1M(1024.0M)->142.0M(1024.0M)]
 [Times: user=0.01 sys=0.00, real=0.02 secs] 
2016-12-19T16:58:42.558+0100: 1586.609: [GC pause (G1 Evacuation Pause) (young), 0.0203071 secs]
   [Parallel Time: 19.6 ms, GC Workers: 1]
      [GC Worker Start (ms):  1586609.2]
      [Ext Root Scanning (ms):  0.9]
      [Update RS (ms):  2.4]
         [Processed Buffers:  39]
      [Scan RS (ms):  0.3]
      [Code Root Scanning (ms):  0.0]
      [Object Copy (ms):  15.9]
      [Termination (ms):  0.0]
         [Termination Attempts:  1]
      [GC Worker Other (ms):  0.0]
      [GC Worker Total (ms):  19.6]
      [GC Worker End (ms):  1586628.7]
   [Code Root Fixup: 0.0 ms]
   [Code Root Purge: 0.0 ms]
   [Clear CT: 0.0 ms]
   [Other: 0.6 ms]
      [Choose CSet: 0.0 ms]
      [Ref Proc: 0.1 ms]
      [Ref Enq: 0.1 ms]
      [Redirty Cards: 0.0 ms]
      [Humongous Register: 0.0 ms]
      [Humongous Reclaim: 0.1 ms]
      [Free CSet: 0.0 ms]
   [Eden: 46.0M(46.0M)->0.0B(64.0M) Survivors: 5120.0K->3072.0K Heap: 188.0M(1024.0M)->140.5M(1024.0M)]
 [Times: user=0.02 sys=0.00, real=0.02 secs] 
2016-12-19T16:59:56.205+0100: 1660.256: [GC pause (G1 Evacuation Pause) (young), 0.0183257 secs]
   [Parallel Time: 17.8 ms, GC Workers: 1]
      [GC Worker Start (ms):  1660256.1]
      [Ext Root Scanning (ms):  1.1]
      [Update RS (ms):  2.7]
         [Processed Buffers:  37]
      [Scan RS (ms):  0.5]
      [Code Root Scanning (ms):  0.0]
      [Object Copy (ms):  13.5]
      [Termination (ms):  0.0]
         [Termination Attempts:  1]
      [GC Worker Other (ms):  0.0]
      [GC Worker Total (ms):  17.8]
      [GC Worker End (ms):  1660273.9]
   [Code Root Fixup: 0.0 ms]
   [Code Root Purge: 0.0 ms]
   [Clear CT: 0.0 ms]
   [Other: 0.4 ms]
      [Choose CSet: 0.0 ms]
      [Ref Proc: 0.1 ms]
      [Ref Enq: 0.0 ms]
      [Redirty Cards: 0.0 ms]
      [Humongous Register: 0.1 ms]
      [Humongous Reclaim: 0.1 ms]
      [Free CSet: 0.0 ms]
   [Eden: 48.0M(48.0M)->0.0B(47.0M) Survivors: 3072.0K->4096.0K Heap: 188.5M(1024.0M)->142.0M(1024.0M)]
 [Times: user=0.02 sys=0.00, real=0.02 secs] 
2016-12-19T17:01:09.131+0100: 1733.182: [GC pause (G1 Evacuation Pause) (young), 0.0122192 secs]
   [Parallel Time: 11.9 ms, GC Workers: 1]
      [GC Worker Start (ms):  1733182.1]
      [Ext Root Scanning (ms):  0.8]
      [Update RS (ms):  1.5]
         [Processed Buffers:  35]
      [Scan RS (ms):  0.0]
      [Code Root Scanning (ms):  0.0]
      [Object Copy (ms):  9.5]
      [Termination (ms):  0.0]
         [Termination Attempts:  1]
      [GC Worker Other (ms):  0.0]
      [GC Worker Total (ms):  11.9]
      [GC Worker End (ms):  1733194.0]
   [Code Root Fixup: 0.0 ms]
   [Code Root Purge: 0.0 ms]
   [Clear CT: 0.0 ms]
   [Other: 0.3 ms]
      [Choose CSet: 0.0 ms]
      [Ref Proc: 0.0 ms]
      [Ref Enq: 0.0 ms]
      [Redirty Cards: 0.0 ms]
      [Humongous Register: 0.0 ms]
      [Humongous Reclaim: 0.0 ms]
      [Free CSet: 0.0 ms]
   [Eden: 47.0M(47.0M)->0.0B(46.0M) Survivors: 4096.0K->5120.0K Heap: 189.0M(1024.0M)->143.0M(1024.0M)]
 [Times: user=0.01 sys=0.00, real=0.01 secs] 
2016-12-19T17:02:20.599+0100: 1804.649: [GC pause (G1 Evacuation Pause) (young), 0.0090760 secs]
   [Parallel Time: 8.7 ms, GC Workers: 1]
      [GC Worker Start (ms):  1804649.4]
      [Ext Root Scanning (ms):  0.8]
      [Update RS (ms):  1.6]
         [Processed Buffers:  35]
      [Scan RS (ms):  0.0]
      [Code Root Scanning (ms):  0.0]
      [Object Copy (ms):  6.3]
      [Termination (ms):  0.0]
         [Termination Attempts:  1]
      [GC Worker Other (ms):  0.0]
      [GC Worker Total (ms):  8.7]
      [GC Worker End (ms):  1804658.1]
   [Code Root Fixup: 0.0 ms]
   [Code Root Purge: 0.0 ms]
   [Clear CT: 0.0 ms]
   [Other: 0.3 ms]
      [Choose CSet: 0.0 ms]
      [Ref Proc: 0.0 ms]
      [Ref Enq: 0.0 ms]
      [Redirty Cards: 0.0 ms]
      [Humongous Register: 0.0 ms]
      [Humongous Reclaim: 0.0 ms]
      [Free CSet: 0.0 ms]
   [Eden: 46.0M(46.0M)->0.0B(130.0M) Survivors: 5120.0K->2048.0K Heap: 189.0M(1024.0M)->141.0M(1024.0M)]
 [Times: user=0.02 sys=0.00, real=0.01 secs] 
2016-12-19T17:03:35.599+0100: 1879.649: [GC pause (G1 Evacuation Pause) (young), 0.0104616 secs]
   [Parallel Time: 10.1 ms, GC Workers: 1]
      [GC Worker Start (ms):  1879649.4]
      [Ext Root Scanning (ms):  0.9]
      [Update RS (ms):  2.4]
         [Processed Buffers:  37]
      [Scan RS (ms):  0.6]
      [Code Root Scanning (ms):  0.0]
      [Object Copy (ms):  6.2]
      [Termination (ms):  0.0]
         [Termination Attempts:  1]
      [GC Worker Other (ms):  0.0]
      [GC Worker Total (ms):  10.1]
      [GC Worker End (ms):  1879659.4]
   [Code Root Fixup: 0.0 ms]
   [Code Root Purge: 0.0 ms]
   [Clear CT: 0.0 ms]
   [Other: 0.3 ms]
      [Choose CSet: 0.0 ms]
      [Ref Proc: 0.0 ms]
      [Ref Enq: 0.0 ms]
      [Redirty Cards: 0.0 ms]
      [Humongous Register: 0.0 ms]
      [Humongous Reclaim: 0.0 ms]
      [Free CSet: 0.0 ms]
   [Eden: 49.0M(49.0M)->0.0B(96.0M) Survivors: 2048.0K->4096.0K Heap: 190.0M(1024.0M)->142.5M(1024.0M)]
 [Times: user=0.01 sys=0.01, real=0.01 secs] 
2016-12-19T17:06:04.880+0100: 2028.931: [GC pause (G1 Evacuation Pause) (young), 0.0201671 secs]
   [Parallel Time: 19.7 ms, GC Workers: 1]
      [GC Worker Start (ms):  2028930.8]
      [Ext Root Scanning (ms):  0.8]
      [Update RS (ms):  1.8]
         [Processed Buffers:  37]
      [Scan RS (ms):  0.0]
      [Code Root Scanning (ms):  0.0]
      [Object Copy (ms):  16.9]
      [Termination (ms):  0.0]
         [Termination Attempts:  1]
      [GC Worker Other (ms):  0.0]
      [GC Worker Total (ms):  19.6]
      [GC Worker End (ms):  2028950.3]
   [Code Root Fixup: 0.1 ms]
   [Code Root Purge: 0.0 ms]
   [Clear CT: 0.0 ms]
   [Other: 0.4 ms]
      [Choose CSet: 0.0 ms]
      [Ref Proc: 0.1 ms]
      [Ref Enq: 0.0 ms]
      [Redirty Cards: 0.0 ms]
      [Humongous Register: 0.0 ms]
      [Humongous Reclaim: 0.0 ms]
      [Free CSet: 0.0 ms]
   [Eden: 96.0M(96.0M)->0.0B(67.0M) Survivors: 4096.0K->6144.0K Heap: 238.5M(1024.0M)->145.0M(1024.0M)]
 [Times: user=0.01 sys=0.01, real=0.02 secs] 
2016-12-19T17:07:48.993+0100: 2133.044: [GC pause (G1 Evacuation Pause) (young), 0.0138327 secs]
   [Parallel Time: 13.0 ms, GC Workers: 1]
      [GC Worker Start (ms):  2133043.9]
      [Ext Root Scanning (ms):  0.8]
      [Update RS (ms):  2.8]
         [Processed Buffers:  37]
      [Scan RS (ms):  0.0]
      [Code Root Scanning (ms):  0.0]
      [Object Copy (ms):  9.3]
      [Termination (ms):  0.0]
         [Termination Attempts:  1]
      [GC Worker Other (ms):  0.0]
      [GC Worker Total (ms):  12.9]
      [GC Worker End (ms):  2133056.9]
   [Code Root Fixup: 0.0 ms]
   [Code Root Purge: 0.0 ms]
   [Clear CT: 0.1 ms]
   [Other: 0.7 ms]
      [Choose CSet: 0.0 ms]
      [Ref Proc: 0.2 ms]
      [Ref Enq: 0.0 ms]
      [Redirty Cards: 0.0 ms]
      [Humongous Register: 0.0 ms]
      [Humongous Reclaim: 0.1 ms]
      [Free CSet: 0.1 ms]
   [Eden: 67.0M(67.0M)->0.0B(95.0M) Survivors: 6144.0K->4096.0K Heap: 212.0M(1024.0M)->143.4M(1024.0M)]
 [Times: user=0.01 sys=0.00, real=0.01 secs] 
2016-12-19T17:09:39.257+0100: 2243.308: [GC pause (G1 Evacuation Pause) (young), 0.0170243 secs]
   [Parallel Time: 16.3 ms, GC Workers: 1]
      [GC Worker Start (ms):  2243308.5]
      [Ext Root Scanning (ms):  1.0]
      [Update RS (ms):  1.8]
         [Processed Buffers:  36]
      [Scan RS (ms):  0.3]
      [Code Root Scanning (ms):  0.0]
      [Object Copy (ms):  13.2]
      [Termination (ms):  0.0]
         [Termination Attempts:  1]
      [GC Worker Other (ms):  0.0]
      [GC Worker Total (ms):  16.3]
      [GC Worker End (ms):  2243324.7]
   [Code Root Fixup: 0.1 ms]
   [Code Root Purge: 0.0 ms]
   [Clear CT: 0.1 ms]
   [Other: 0.6 ms]
      [Choose CSet: 0.0 ms]
      [Ref Proc: 0.1 ms]
      [Ref Enq: 0.0 ms]
      [Redirty Cards: 0.0 ms]
      [Humongous Register: 0.1 ms]
      [Humongous Reclaim: 0.1 ms]
      [Free CSet: 0.1 ms]
   [Eden: 71.0M(71.0M)->0.0B(62.0M) Survivors: 4096.0K->6144.0K Heap: 214.4M(1024.0M)->145.4M(1024.0M)]
 [Times: user=0.02 sys=0.00, real=0.02 secs] 
2016-12-19T17:11:15.599+0100: 2339.649: [GC pause (G1 Evacuation Pause) (young), 0.0123392 secs]
   [Parallel Time: 11.9 ms, GC Workers: 1]
      [GC Worker Start (ms):  2339649.5]
      [Ext Root Scanning (ms):  0.8]
      [Update RS (ms):  1.4]
         [Processed Buffers:  36]
      [Scan RS (ms):  0.0]
      [Code Root Scanning (ms):  0.0]
      [Object Copy (ms):  9.5]
      [Termination (ms):  0.0]
         [Termination Attempts:  1]
      [GC Worker Other (ms):  0.0]
      [GC Worker Total (ms):  11.8]
      [GC Worker End (ms):  2339661.3]
   [Code Root Fixup: 0.0 ms]
   [Code Root Purge: 0.0 ms]
   [Clear CT: 0.0 ms]
   [Other: 0.4 ms]
      [Choose CSet: 0.0 ms]
      [Ref Proc: 0.0 ms]
      [Ref Enq: 0.0 ms]
      [Redirty Cards: 0.0 ms]
      [Humongous Register: 0.0 ms]
      [Humongous Reclaim: 0.0 ms]
      [Free CSet: 0.0 ms]
   [Eden: 62.0M(62.0M)->0.0B(148.0M) Survivors: 6144.0K->4096.0K Heap: 207.4M(1024.0M)->144.0M(1024.0M)]
 [Times: user=0.01 sys=0.00, real=0.02 secs] 
2016-12-19T17:14:00.137+0100: 2504.188: [GC pause (G1 Evacuation Pause) (young), 0.0231373 secs]
   [Parallel Time: 22.2 ms, GC Workers: 1]
      [GC Worker Start (ms):  2504187.9]
      [Ext Root Scanning (ms):  1.0]
      [Update RS (ms):  2.6]
         [Processed Buffers:  40]
      [Scan RS (ms):  0.5]
      [Code Root Scanning (ms):  0.0]
      [Object Copy (ms):  18.0]
      [Termination (ms):  0.0]
         [Termination Attempts:  1]
      [GC Worker Other (ms):  0.0]
      [GC Worker Total (ms):  22.2]
      [GC Worker End (ms):  2504210.1]
   [Code Root Fixup: 0.1 ms]
   [Code Root Purge: 0.0 ms]
   [Clear CT: 0.1 ms]
   [Other: 0.7 ms]
      [Choose CSet: 0.0 ms]
      [Ref Proc: 0.2 ms]
      [Ref Enq: 0.0 ms]
      [Redirty Cards: 0.0 ms]
      [Humongous Register: 0.1 ms]
      [Humongous Reclaim: 0.0 ms]
      [Free CSet: 0.1 ms]
   [Eden: 106.0M(106.0M)->0.0B(59.0M) Survivors: 4096.0K->7168.0K Heap: 250.0M(1024.0M)->147.0M(1024.0M)]
 [Times: user=0.03 sys=0.00, real=0.02 secs] 
2016-12-19T17:15:31.978+0100: 2596.028: [GC pause (G1 Evacuation Pause) (young), 0.0122663 secs]
   [Parallel Time: 11.9 ms, GC Workers: 1]
      [GC Worker Start (ms):  2596028.4]
      [Ext Root Scanning (ms):  0.8]
      [Update RS (ms):  1.5]
         [Processed Buffers:  34]
      [Scan RS (ms):  0.0]
      [Code Root Scanning (ms):  0.0]
      [Object Copy (ms):  9.5]
      [Termination (ms):  0.0]
         [Termination Attempts:  1]
      [GC Worker Other (ms):  0.0]
      [GC Worker Total (ms):  11.8]
      [GC Worker End (ms):  2596040.3]
   [Code Root Fixup: 0.0 ms]
   [Code Root Purge: 0.0 ms]
   [Clear CT: 0.0 ms]
   [Other: 0.3 ms]
      [Choose CSet: 0.0 ms]
      [Ref Proc: 0.0 ms]
      [Ref Enq: 0.0 ms]
      [Redirty Cards: 0.0 ms]
      [Humongous Register: 0.0 ms]
      [Humongous Reclaim: 0.1 ms]
      [Free CSet: 0.0 ms]
   [Eden: 59.0M(59.0M)->0.0B(125.0M) Survivors: 7168.0K->3072.0K Heap: 206.0M(1024.0M)->145.4M(1024.0M)]
 [Times: user=0.01 sys=0.00, real=0.01 secs] 
2016-12-19T17:16:51.269+0100: 2675.319: [GC pause (G1 Evacuation Pause) (young), 0.0125019 secs]
   [Parallel Time: 12.2 ms, GC Workers: 1]
      [GC Worker Start (ms):  2675319.4]
      [Ext Root Scanning (ms):  0.8]
      [Update RS (ms):  2.2]
         [Processed Buffers:  46]
      [Scan RS (ms):  1.0]
      [Code Root Scanning (ms):  0.0]
      [Object Copy (ms):  8.1]
      [Termination (ms):  0.0]
         [Termination Attempts:  1]
      [GC Worker Other (ms):  0.0]
      [GC Worker Total (ms):  12.1]
      [GC Worker End (ms):  2675331.5]
   [Code Root Fixup: 0.0 ms]
   [Code Root Purge: 0.0 ms]
   [Clear CT: 0.0 ms]
   [Other: 0.3 ms]
      [Choose CSet: 0.0 ms]
      [Ref Proc: 0.0 ms]
      [Ref Enq: 0.0 ms]
      [Redirty Cards: 0.0 ms]
      [Humongous Register: 0.0 ms]
      [Humongous Reclaim: 0.0 ms]
      [Free CSet: 0.0 ms]
   [Eden: 52.0M(52.0M)->0.0B(106.0M) Survivors: 3072.0K->5120.0K Heap: 197.4M(1024.0M)->146.9M(1024.0M)]
 [Times: user=0.01 sys=0.00, real=0.01 secs] 
2016-12-19T17:19:35.705+0100: 2839.756: [GC pause (G1 Evacuation Pause) (young), 0.0097991 secs]
   [Parallel Time: 9.4 ms, GC Workers: 1]
      [GC Worker Start (ms):  2839756.0]
      [Ext Root Scanning (ms):  0.8]
      [Update RS (ms):  1.4]
         [Processed Buffers:  35]
      [Scan RS (ms):  0.0]
      [Code Root Scanning (ms):  0.0]
      [Object Copy (ms):  7.2]
      [Termination (ms):  0.0]
         [Termination Attempts:  1]
      [GC Worker Other (ms):  0.0]
      [GC Worker Total (ms):  9.4]
      [GC Worker End (ms):  2839765.4]
   [Code Root Fixup: 0.0 ms]
   [Code Root Purge: 0.0 ms]
   [Clear CT: 0.0 ms]
   [Other: 0.3 ms]
      [Choose CSet: 0.0 ms]
      [Ref Proc: 0.0 ms]
      [Ref Enq: 0.0 ms]
      [Redirty Cards: 0.0 ms]
      [Humongous Register: 0.0 ms]
      [Humongous Reclaim: 0.0 ms]
      [Free CSet: 0.1 ms]
   [Eden: 106.0M(106.0M)->0.0B(151.0M) Survivors: 5120.0K->4096.0K Heap: 252.9M(1024.0M)->146.4M(1024.0M)]
 [Times: user=0.01 sys=0.00, real=0.01 secs] 
2016-12-19T17:23:29.642+0100: 3073.693: [GC pause (G1 Evacuation Pause) (young), 0.0143466 secs]
   [Parallel Time: 13.9 ms, GC Workers: 1]
      [GC Worker Start (ms):  3073692.9]
      [Ext Root Scanning (ms):  0.8]
      [Update RS (ms):  1.3]
         [Processed Buffers:  34]
      [Scan RS (ms):  0.0]
      [Code Root Scanning (ms):  0.0]
      [Object Copy (ms):  11.7]
      [Termination (ms):  0.0]
         [Termination Attempts:  1]
      [GC Worker Other (ms):  0.0]
      [GC Worker Total (ms):  13.9]
      [GC Worker End (ms):  3073706.8]
   [Code Root Fixup: 0.0 ms]
   [Code Root Purge: 0.0 ms]
   [Clear CT: 0.1 ms]
   [Other: 0.3 ms]
      [Choose CSet: 0.0 ms]
      [Ref Proc: 0.1 ms]
      [Ref Enq: 0.0 ms]
      [Redirty Cards: 0.0 ms]
      [Humongous Register: 0.0 ms]
      [Humongous Reclaim: 0.0 ms]
      [Free CSet: 0.1 ms]
   [Eden: 151.0M(151.0M)->0.0B(173.0M) Survivors: 4096.0K->5120.0K Heap: 297.4M(1024.0M)->147.4M(1024.0M)]
 [Times: user=0.02 sys=0.00, real=0.02 secs] 
2016-12-19T17:27:58.827+0100: 3342.878: [GC pause (G1 Evacuation Pause) (young), 0.0270365 secs]
   [Parallel Time: 26.5 ms, GC Workers: 1]
      [GC Worker Start (ms):  3342878.4]
      [Ext Root Scanning (ms):  1.2]
      [Update RS (ms):  2.5]
         [Processed Buffers:  35]
      [Scan RS (ms):  0.1]
      [Code Root Scanning (ms):  0.0]
      [Object Copy (ms):  22.5]
      [Termination (ms):  0.0]
         [Termination Attempts:  1]
      [GC Worker Other (ms):  0.0]
      [GC Worker Total (ms):  26.4]
      [GC Worker End (ms):  3342904.8]
   [Code Root Fixup: 0.0 ms]
   [Code Root Purge: 0.0 ms]
   [Clear CT: 0.1 ms]
   [Other: 0.5 ms]
      [Choose CSet: 0.0 ms]
      [Ref Proc: 0.1 ms]
      [Ref Enq: 0.0 ms]
      [Redirty Cards: 0.0 ms]
      [Humongous Register: 0.1 ms]
      [Humongous Reclaim: 0.0 ms]
      [Free CSet: 0.1 ms]
   [Eden: 173.0M(173.0M)->0.0B(56.0M) Survivors: 5120.0K->7168.0K Heap: 320.4M(1024.0M)->148.9M(1024.0M)]
 [Times: user=0.03 sys=0.00, real=0.03 secs] 
2016-12-19T17:29:25.599+0100: 3429.650: [GC pause (G1 Evacuation Pause) (young), 0.0176928 secs]
   [Parallel Time: 17.3 ms, GC Workers: 1]
      [GC Worker Start (ms):  3429649.7]
      [Ext Root Scanning (ms):  0.8]
      [Update RS (ms):  1.3]
         [Processed Buffers:  34]
      [Scan RS (ms):  0.0]
      [Code Root Scanning (ms):  0.0]
      [Object Copy (ms):  15.2]
      [Termination (ms):  0.0]
         [Termination Attempts:  1]
      [GC Worker Other (ms):  0.0]
      [GC Worker Total (ms):  17.3]
      [GC Worker End (ms):  3429667.0]
   [Code Root Fixup: 0.0 ms]
   [Code Root Purge: 0.0 ms]
   [Clear CT: 0.0 ms]
   [Other: 0.3 ms]
      [Choose CSet: 0.0 ms]
      [Ref Proc: 0.0 ms]
      [Ref Enq: 0.0 ms]
      [Redirty Cards: 0.0 ms]
      [Humongous Register: 0.0 ms]
      [Humongous Reclaim: 0.0 ms]
      [Free CSet: 0.0 ms]
   [Eden: 56.0M(56.0M)->0.0B(49.0M) Survivors: 7168.0K->6144.0K Heap: 204.9M(1024.0M)->150.3M(1024.0M)]
 [Times: user=0.02 sys=0.00, real=0.02 secs] 
2016-12-19T17:30:35.031+0100: 3499.082: [GC pause (G1 Evacuation Pause) (young), 0.0404924 secs]
   [Parallel Time: 39.4 ms, GC Workers: 1]
      [GC Worker Start (ms):  3499081.8]
      [Ext Root Scanning (ms):  1.0]
      [Update RS (ms):  3.4]
         [Processed Buffers:  36]
      [Scan RS (ms):  0.6]
      [Code Root Scanning (ms):  0.0]
      [Object Copy (ms):  34.3]
      [Termination (ms):  0.0]
         [Termination Attempts:  1]
      [GC Worker Other (ms):  0.0]
      [GC Worker Total (ms):  39.4]
      [GC Worker End (ms):  3499121.2]
   [Code Root Fixup: 0.1 ms]
   [Code Root Purge: 0.0 ms]
   [Clear CT: 0.0 ms]
   [Other: 1.0 ms]
      [Choose CSet: 0.0 ms]
      [Ref Proc: 0.1 ms]
      [Ref Enq: 0.0 ms]
      [Redirty Cards: 0.0 ms]
      [Humongous Register: 0.0 ms]
      [Humongous Reclaim: 0.0 ms]
      [Free CSet: 0.4 ms]
   [Eden: 45.0M(45.0M)->0.0B(45.0M) Survivors: 6144.0K->6144.0K Heap: 195.3M(1024.0M)->152.0M(1024.0M)]
 [Times: user=0.04 sys=0.00, real=0.04 secs] 
2016-12-19T17:31:44.904+0100: 3568.955: [GC pause (G1 Evacuation Pause) (young), 0.0135159 secs]
   [Parallel Time: 12.7 ms, GC Workers: 1]
      [GC Worker Start (ms):  3568954.9]
      [Ext Root Scanning (ms):  2.1]
      [Update RS (ms):  3.4]
         [Processed Buffers:  41]
      [Scan RS (ms):  0.3]
      [Code Root Scanning (ms):  0.0]
      [Object Copy (ms):  6.8]
      [Termination (ms):  0.0]
         [Termination Attempts:  1]
      [GC Worker Other (ms):  0.0]
      [GC Worker Total (ms):  12.6]
      [GC Worker End (ms):  3568967.5]
   [Code Root Fixup: 0.2 ms]
   [Code Root Purge: 0.0 ms]
   [Clear CT: 0.1 ms]
   [Other: 0.6 ms]
      [Choose CSet: 0.0 ms]
      [Ref Proc: 0.1 ms]
      [Ref Enq: 0.1 ms]
      [Redirty Cards: 0.1 ms]
      [Humongous Register: 0.0 ms]
      [Humongous Reclaim: 0.0 ms]
      [Free CSet: 0.1 ms]
   [Eden: 45.0M(45.0M)->0.0B(100.0M) Survivors: 6144.0K->2048.0K Heap: 197.0M(1024.0M)->150.0M(1024.0M)]
 [Times: user=0.02 sys=0.00, real=0.01 secs] 
2016-12-19T17:32:57.242+0100: 3641.292: [GC pause (G1 Evacuation Pause) (young), 0.0233649 secs]
   [Parallel Time: 22.6 ms, GC Workers: 1]
      [GC Worker Start (ms):  3641292.5]
      [Ext Root Scanning (ms):  1.0]
      [Update RS (ms):  2.9]
         [Processed Buffers:  42]
      [Scan RS (ms):  1.0]
      [Code Root Scanning (ms):  0.0]
      [Object Copy (ms):  17.6]
      [Termination (ms):  0.0]
         [Termination Attempts:  1]
      [GC Worker Other (ms):  0.0]
      [GC Worker Total (ms):  22.6]
      [GC Worker End (ms):  3641315.1]
   [Code Root Fixup: 0.1 ms]
   [Code Root Purge: 0.0 ms]
   [Clear CT: 0.1 ms]
   [Other: 0.6 ms]
      [Choose CSet: 0.0 ms]
      [Ref Proc: 0.1 ms]
      [Ref Enq: 0.0 ms]
      [Redirty Cards: 0.0 ms]
      [Humongous Register: 0.0 ms]
      [Humongous Reclaim: 0.1 ms]
      [Free CSet: 0.1 ms]
   [Eden: 49.0M(49.0M)->0.0B(46.0M) Survivors: 2048.0K->5120.0K Heap: 199.0M(1024.0M)->152.5M(1024.0M)]
 [Times: user=0.02 sys=0.00, real=0.03 secs] 
2016-12-19T17:34:08.743+0100: 3712.794: [GC pause (G1 Evacuation Pause) (young), 0.0150967 secs]
   [Parallel Time: 14.5 ms, GC Workers: 1]
      [GC Worker Start (ms):  3712794.1]
      [Ext Root Scanning (ms):  0.9]
      [Update RS (ms):  1.2]
         [Processed Buffers:  34]
      [Scan RS (ms):  0.2]
      [Code Root Scanning (ms):  0.0]
      [Object Copy (ms):  12.1]
      [Termination (ms):  0.0]
         [Termination Attempts:  1]
      [GC Worker Other (ms):  0.0]
      [GC Worker Total (ms):  14.5]
      [GC Worker End (ms):  3712808.6]
   [Code Root Fixup: 0.0 ms]
   [Code Root Purge: 0.0 ms]
   [Clear CT: 0.1 ms]
   [Other: 0.4 ms]
      [Choose CSet: 0.0 ms]
      [Ref Proc: 0.1 ms]
      [Ref Enq: 0.0 ms]
      [Redirty Cards: 0.0 ms]
      [Humongous Register: 0.0 ms]
      [Humongous Reclaim: 0.1 ms]
      [Free CSet: 0.0 ms]
   [Eden: 46.0M(46.0M)->0.0B(46.0M) Survivors: 5120.0K->5120.0K Heap: 198.5M(1024.0M)->153.7M(1024.0M)]
 [Times: user=0.02 sys=0.00, real=0.01 secs] 
2016-12-19T17:35:20.316+0100: 3784.367: [GC pause (G1 Evacuation Pause) (young), 0.0143429 secs]
   [Parallel Time: 13.9 ms, GC Workers: 1]
      [GC Worker Start (ms):  3784366.6]
      [Ext Root Scanning (ms):  0.8]
      [Update RS (ms):  1.7]
         [Processed Buffers:  33]
      [Scan RS (ms):  0.4]
      [Code Root Scanning (ms):  0.0]
      [Object Copy (ms):  10.9]
      [Termination (ms):  0.0]
         [Termination Attempts:  1]
      [GC Worker Other (ms):  0.0]
      [GC Worker Total (ms):  13.8]
      [GC Worker End (ms):  3784380.4]
   [Code Root Fixup: 0.0 ms]
   [Code Root Purge: 0.0 ms]
   [Clear CT: 0.1 ms]
   [Other: 0.4 ms]
      [Choose CSet: 0.0 ms]
      [Ref Proc: 0.1 ms]
      [Ref Enq: 0.0 ms]
      [Redirty Cards: 0.0 ms]
      [Humongous Register: 0.0 ms]
      [Humongous Reclaim: 0.0 ms]
      [Free CSet: 0.0 ms]
   [Eden: 46.0M(46.0M)->0.0B(46.0M) Survivors: 5120.0K->5120.0K Heap: 199.7M(1024.0M)->154.9M(1024.0M)]
 [Times: user=0.01 sys=0.00, real=0.01 secs] 
2016-12-19T17:36:31.631+0100: 3855.682: [GC pause (G1 Evacuation Pause) (young), 0.0107605 secs]
   [Parallel Time: 10.3 ms, GC Workers: 1]
      [GC Worker Start (ms):  3855682.0]
      [Ext Root Scanning (ms):  1.3]
      [Update RS (ms):  2.0]
         [Processed Buffers:  37]
      [Scan RS (ms):  0.8]
      [Code Root Scanning (ms):  0.0]
      [Object Copy (ms):  6.0]
      [Termination (ms):  0.0]
         [Termination Attempts:  1]
      [GC Worker Other (ms):  0.0]
      [GC Worker Total (ms):  10.2]
      [GC Worker End (ms):  3855692.2]
   [Code Root Fixup: 0.0 ms]
   [Code Root Purge: 0.0 ms]
   [Clear CT: 0.0 ms]
   [Other: 0.4 ms]
      [Choose CSet: 0.0 ms]
      [Ref Proc: 0.0 ms]
      [Ref Enq: 0.0 ms]
      [Redirty Cards: 0.0 ms]
      [Humongous Register: 0.0 ms]
      [Humongous Reclaim: 0.0 ms]
      [Free CSet: 0.1 ms]
   [Eden: 46.0M(46.0M)->0.0B(134.0M) Survivors: 5120.0K->3072.0K Heap: 200.9M(1024.0M)->153.5M(1024.0M)]
 [Times: user=0.01 sys=0.00, real=0.00 secs] 
2016-12-19T17:39:59.683+0100: 4063.734: [GC pause (G1 Evacuation Pause) (young), 0.0095572 secs]
   [Parallel Time: 9.1 ms, GC Workers: 1]
      [GC Worker Start (ms):  4063734.2]
      [Ext Root Scanning (ms):  1.3]
      [Update RS (ms):  2.3]
         [Processed Buffers:  36]
      [Scan RS (ms):  0.0]
      [Code Root Scanning (ms):  0.0]
      [Object Copy (ms):  5.4]
      [Termination (ms):  0.0]
         [Termination Attempts:  1]
      [GC Worker Other (ms):  0.0]
      [GC Worker Total (ms):  9.0]
      [GC Worker End (ms):  4063743.2]
   [Code Root Fixup: 0.0 ms]
   [Code Root Purge: 0.0 ms]
   [Clear CT: 0.1 ms]
   [Other: 0.4 ms]
      [Choose CSet: 0.0 ms]
      [Ref Proc: 0.1 ms]
      [Ref Enq: 0.0 ms]
      [Redirty Cards: 0.0 ms]
      [Humongous Register: 0.1 ms]
      [Humongous Reclaim: 0.0 ms]
      [Free CSet: 0.1 ms]
   [Eden: 134.0M(134.0M)->0.0B(177.0M) Survivors: 3072.0K->3072.0K Heap: 287.5M(1024.0M)->153.5M(1024.0M)]
 [Times: user=0.01 sys=0.00, real=0.01 secs] 
2016-12-19T17:44:34.550+0100: 4338.601: [GC pause (G1 Evacuation Pause) (young), 0.0179062 secs]
   [Parallel Time: 17.3 ms, GC Workers: 1]
      [GC Worker Start (ms):  4338601.0]
      [Ext Root Scanning (ms):  1.0]
      [Update RS (ms):  0.8]
         [Processed Buffers:  31]
      [Scan RS (ms):  0.1]
      [Code Root Scanning (ms):  0.0]
      [Object Copy (ms):  15.4]
      [Termination (ms):  0.0]
         [Termination Attempts:  1]
      [GC Worker Other (ms):  0.0]
      [GC Worker Total (ms):  17.3]
      [GC Worker End (ms):  4338618.3]
   [Code Root Fixup: 0.0 ms]
   [Code Root Purge: 0.0 ms]
   [Clear CT: 0.1 ms]
   [Other: 0.5 ms]
      [Choose CSet: 0.0 ms]
      [Ref Proc: 0.1 ms]
      [Ref Enq: 0.0 ms]
      [Redirty Cards: 0.0 ms]
      [Humongous Register: 0.1 ms]
      [Humongous Reclaim: 0.0 ms]
      [Free CSet: 0.1 ms]
   [Eden: 177.0M(177.0M)->0.0B(112.0M) Survivors: 3072.0K->4096.0K Heap: 330.5M(1024.0M)->155.0M(1024.0M)]
 [Times: user=0.01 sys=0.00, real=0.02 secs] 
2016-12-19T17:47:27.813+0100: 4511.864: [GC pause (G1 Evacuation Pause) (young), 0.0157152 secs]
   [Parallel Time: 15.3 ms, GC Workers: 1]
      [GC Worker Start (ms):  4511864.3]
      [Ext Root Scanning (ms):  0.9]
      [Update RS (ms):  0.7]
         [Processed Buffers:  30]
      [Scan RS (ms):  0.0]
      [Code Root Scanning (ms):  0.0]
      [Object Copy (ms):  13.6]
      [Termination (ms):  0.0]
         [Termination Attempts:  1]
      [GC Worker Other (ms):  0.0]
      [GC Worker Total (ms):  15.3]
      [GC Worker End (ms):  4511879.6]
   [Code Root Fixup: 0.0 ms]
   [Code Root Purge: 0.0 ms]
   [Clear CT: 0.0 ms]
   [Other: 0.3 ms]
      [Choose CSet: 0.0 ms]
      [Ref Proc: 0.0 ms]
      [Ref Enq: 0.0 ms]
      [Redirty Cards: 0.0 ms]
      [Humongous Register: 0.0 ms]
      [Humongous Reclaim: 0.0 ms]
      [Free CSet: 0.1 ms]
   [Eden: 112.0M(112.0M)->0.0B(64.0M) Survivors: 4096.0K->8192.0K Heap: 267.0M(1024.0M)->158.5M(1024.0M)]
 [Times: user=0.01 sys=0.00, real=0.01 secs] 
2016-12-19T17:49:06.685+0100: 4610.736: [GC pause (G1 Evacuation Pause) (young), 0.0248162 secs]
   [Parallel Time: 24.1 ms, GC Workers: 1]
      [GC Worker Start (ms):  4610736.3]
      [Ext Root Scanning (ms):  1.9]
      [Update RS (ms):  0.7]
         [Processed Buffers:  30]
      [Scan RS (ms):  0.0]
      [Code Root Scanning (ms):  0.0]
      [Object Copy (ms):  21.3]
      [Termination (ms):  0.0]
         [Termination Attempts:  1]
      [GC Worker Other (ms):  0.0]
      [GC Worker Total (ms):  24.0]
      [GC Worker End (ms):  4610760.3]
   [Code Root Fixup: 0.1 ms]
   [Code Root Purge: 0.0 ms]
   [Clear CT: 0.0 ms]
   [Other: 0.6 ms]
      [Choose CSet: 0.0 ms]
      [Ref Proc: 0.1 ms]
      [Ref Enq: 0.0 ms]
      [Redirty Cards: 0.0 ms]
      [Humongous Register: 0.0 ms]
      [Humongous Reclaim: 0.1 ms]
      [Free CSet: 0.1 ms]
   [Eden: 64.0M(64.0M)->0.0B(121.0M) Survivors: 8192.0K->3072.0K Heap: 222.5M(1024.0M)->156.8M(1024.0M)]
 [Times: user=0.02 sys=0.00, real=0.03 secs] 
2016-12-19T17:52:03.817+0100: 4787.868: [GC pause (G1 Evacuation Pause) (young), 0.0243013 secs]
   [Parallel Time: 23.8 ms, GC Workers: 1]
      [GC Worker Start (ms):  4787867.7]
      [Ext Root Scanning (ms):  1.2]
      [Update RS (ms):  3.8]
         [Processed Buffers:  41]
      [Scan RS (ms):  0.6]
      [Code Root Scanning (ms):  0.0]
      [Object Copy (ms):  18.1]
      [Termination (ms):  0.0]
         [Termination Attempts:  1]
      [GC Worker Other (ms):  0.0]
      [GC Worker Total (ms):  23.7]
      [GC Worker End (ms):  4787891.4]
   [Code Root Fixup: 0.0 ms]
   [Code Root Purge: 0.0 ms]
   [Clear CT: 0.1 ms]
   [Other: 0.5 ms]
      [Choose CSet: 0.0 ms]
      [Ref Proc: 0.0 ms]
      [Ref Enq: 0.0 ms]
      [Redirty Cards: 0.0 ms]
      [Humongous Register: 0.1 ms]
      [Humongous Reclaim: 0.0 ms]
      [Free CSet: 0.1 ms]
   [Eden: 114.0M(114.0M)->0.0B(45.0M) Survivors: 3072.0K->6144.0K Heap: 270.8M(1024.0M)->159.8M(1024.0M)]
 [Times: user=0.02 sys=0.00, real=0.02 secs] 
2016-12-19T17:53:13.315+0100: 4857.365: [GC pause (G1 Evacuation Pause) (young), 0.0096125 secs]
   [Parallel Time: 9.2 ms, GC Workers: 1]
      [GC Worker Start (ms):  4857365.4]
      [Ext Root Scanning (ms):  0.7]
      [Update RS (ms):  1.3]
         [Processed Buffers:  36]
      [Scan RS (ms):  0.0]
      [Code Root Scanning (ms):  0.0]
      [Object Copy (ms):  7.1]
      [Termination (ms):  0.0]
         [Termination Attempts:  1]
      [GC Worker Other (ms):  0.0]
      [GC Worker Total (ms):  9.2]
      [GC Worker End (ms):  4857374.6]
   [Code Root Fixup: 0.0 ms]
   [Code Root Purge: 0.0 ms]
   [Clear CT: 0.0 ms]
   [Other: 0.3 ms]
      [Choose CSet: 0.0 ms]
      [Ref Proc: 0.0 ms]
      [Ref Enq: 0.0 ms]
      [Redirty Cards: 0.0 ms]
      [Humongous Register: 0.0 ms]
      [Humongous Reclaim: 0.0 ms]
      [Free CSet: 0.0 ms]
   [Eden: 45.0M(45.0M)->0.0B(130.0M) Survivors: 6144.0K->3072.0K Heap: 204.8M(1024.0M)->158.0M(1024.0M)]
 [Times: user=0.01 sys=0.00, real=0.01 secs] 
2016-12-19T17:55:50.599+0100: 5014.650: [GC pause (G1 Evacuation Pause) (young), 0.0179482 secs]
   [Parallel Time: 17.5 ms, GC Workers: 1]
      [GC Worker Start (ms):  5014649.7]
      [Ext Root Scanning (ms):  0.8]
      [Update RS (ms):  3.4]
         [Processed Buffers:  43]
      [Scan RS (ms):  1.0]
      [Code Root Scanning (ms):  0.0]
      [Object Copy (ms):  12.3]
      [Termination (ms):  0.0]
         [Termination Attempts:  1]
      [GC Worker Other (ms):  0.0]
      [GC Worker Total (ms):  17.5]
      [GC Worker End (ms):  5014667.2]
   [Code Root Fixup: 0.0 ms]
   [Code Root Purge: 0.0 ms]
   [Clear CT: 0.1 ms]
   [Other: 0.3 ms]
      [Choose CSet: 0.0 ms]
      [Ref Proc: 0.0 ms]
      [Ref Enq: 0.0 ms]
      [Redirty Cards: 0.0 ms]
      [Humongous Register: 0.0 ms]
      [Humongous Reclaim: 0.0 ms]
      [Free CSet: 0.1 ms]
   [Eden: 102.0M(102.0M)->0.0B(83.0M) Survivors: 3072.0K->6144.0K Heap: 260.0M(1024.0M)->161.0M(1024.0M)]
 [Times: user=0.01 sys=0.00, real=0.02 secs] 
2016-12-19T17:57:59.411+0100: 5143.461: [GC pause (G1 Evacuation Pause) (young), 0.0108088 secs]
   [Parallel Time: 10.3 ms, GC Workers: 1]
      [GC Worker Start (ms):  5143461.6]
      [Ext Root Scanning (ms):  0.8]
      [Update RS (ms):  1.3]
         [Processed Buffers:  33]
      [Scan RS (ms):  0.0]
      [Code Root Scanning (ms):  0.0]
      [Object Copy (ms):  8.1]
      [Termination (ms):  0.0]
         [Termination Attempts:  1]
      [GC Worker Other (ms):  0.0]
      [GC Worker Total (ms):  10.2]
      [GC Worker End (ms):  5143471.8]
   [Code Root Fixup: 0.0 ms]
   [Code Root Purge: 0.0 ms]
   [Clear CT: 0.0 ms]
   [Other: 0.5 ms]
      [Choose CSet: 0.1 ms]
      [Ref Proc: 0.0 ms]
      [Ref Enq: 0.0 ms]
      [Redirty Cards: 0.0 ms]
      [Humongous Register: 0.0 ms]
      [Humongous Reclaim: 0.0 ms]
      [Free CSet: 0.0 ms]
   [Eden: 83.0M(83.0M)->0.0B(141.0M) Survivors: 6144.0K->5120.0K Heap: 244.0M(1024.0M)->160.0M(1024.0M)]
 [Times: user=0.01 sys=0.00, real=0.01 secs] 
2016-12-19T18:01:37.920+0100: 5361.971: [GC pause (G1 Evacuation Pause) (young), 0.0188465 secs]
   [Parallel Time: 18.1 ms, GC Workers: 1]
      [GC Worker Start (ms):  5361970.9]
      [Ext Root Scanning (ms):  1.8]
      [Update RS (ms):  1.7]
         [Processed Buffers:  37]
      [Scan RS (ms):  0.1]
      [Code Root Scanning (ms):  0.0]
      [Object Copy (ms):  14.4]
      [Termination (ms):  0.0]
         [Termination Attempts:  1]
      [GC Worker Other (ms):  0.0]
      [GC Worker Total (ms):  18.1]
      [GC Worker End (ms):  5361989.0]
   [Code Root Fixup: 0.0 ms]
   [Code Root Purge: 0.0 ms]
   [Clear CT: 0.1 ms]
   [Other: 0.6 ms]
      [Choose CSet: 0.0 ms]
      [Ref Proc: 0.0 ms]
      [Ref Enq: 0.0 ms]
      [Redirty Cards: 0.0 ms]
      [Humongous Register: 0.1 ms]
      [Humongous Reclaim: 0.0 ms]
      [Free CSet: 0.2 ms]
   [Eden: 141.0M(141.0M)->0.0B(118.0M) Survivors: 5120.0K->5120.0K Heap: 301.0M(1024.0M)->160.5M(1024.0M)]
 [Times: user=0.02 sys=0.00, real=0.02 secs] 
2016-12-19T18:04:37.310+0100: 5541.361: [GC pause (G1 Evacuation Pause) (young), 0.0281356 secs]
   [Parallel Time: 27.5 ms, GC Workers: 1]
      [GC Worker Start (ms):  5541360.9]
      [Ext Root Scanning (ms):  1.2]
      [Update RS (ms):  2.1]
         [Processed Buffers:  40]
      [Scan RS (ms):  0.1]
      [Code Root Scanning (ms):  0.0]
      [Object Copy (ms):  24.0]
      [Termination (ms):  0.0]
         [Termination Attempts:  1]
      [GC Worker Other (ms):  0.0]
      [GC Worker Total (ms):  27.5]
      [GC Worker End (ms):  5541388.4]
   [Code Root Fixup: 0.1 ms]
   [Code Root Purge: 0.0 ms]
   [Clear CT: 0.1 ms]
   [Other: 0.5 ms]
      [Choose CSet: 0.0 ms]
      [Ref Proc: 0.1 ms]
      [Ref Enq: 0.0 ms]
      [Redirty Cards: 0.0 ms]
      [Humongous Register: 0.1 ms]
      [Humongous Reclaim: 0.1 ms]
      [Free CSet: 0.1 ms]
   [Eden: 118.0M(118.0M)->0.0B(45.0M) Survivors: 5120.0K->8192.0K Heap: 278.5M(1024.0M)->163.5M(1024.0M)]
 [Times: user=0.03 sys=0.00, real=0.03 secs] 
2016-12-19T18:05:40.537+0100: 5604.588: [GC pause (G1 Evacuation Pause) (young), 0.0192646 secs]
   [Parallel Time: 18.9 ms, GC Workers: 1]
      [GC Worker Start (ms):  5604587.6]
      [Ext Root Scanning (ms):  0.8]
      [Update RS (ms):  1.6]
         [Processed Buffers:  36]
      [Scan RS (ms):  0.0]
      [Code Root Scanning (ms):  0.0]
      [Object Copy (ms):  16.3]
      [Termination (ms):  0.0]
         [Termination Attempts:  1]
      [GC Worker Other (ms):  0.0]
      [GC Worker Total (ms):  18.8]
      [GC Worker End (ms):  5604606.5]
   [Code Root Fixup: 0.0 ms]
   [Code Root Purge: 0.0 ms]
   [Clear CT: 0.0 ms]
   [Other: 0.3 ms]
      [Choose CSet: 0.0 ms]
      [Ref Proc: 0.1 ms]
      [Ref Enq: 0.0 ms]
      [Redirty Cards: 0.0 ms]
      [Humongous Register: 0.0 ms]
      [Humongous Reclaim: 0.0 ms]
      [Free CSet: 0.0 ms]
   [Eden: 45.0M(45.0M)->0.0B(141.0M) Survivors: 8192.0K->3072.0K Heap: 208.5M(1024.0M)->161.9M(1024.0M)]
 [Times: user=0.02 sys=0.00, real=0.02 secs] 
2016-12-19T18:08:13.352+0100: 5757.403: [GC pause (G1 Evacuation Pause) (young), 0.0197044 secs]
   [Parallel Time: 19.2 ms, GC Workers: 1]
      [GC Worker Start (ms):  5757402.9]
      [Ext Root Scanning (ms):  0.8]
      [Update RS (ms):  5.4]
         [Processed Buffers:  46]
      [Scan RS (ms):  0.3]
      [Code Root Scanning (ms):  0.1]
      [Object Copy (ms):  12.5]
      [Termination (ms):  0.0]
         [Termination Attempts:  1]
      [GC Worker Other (ms):  0.0]
      [GC Worker Total (ms):  19.1]
      [GC Worker End (ms):  5757422.1]
   [Code Root Fixup: 0.1 ms]
   [Code Root Purge: 0.0 ms]
   [Clear CT: 0.1 ms]
   [Other: 0.4 ms]
      [Choose CSet: 0.0 ms]
      [Ref Proc: 0.1 ms]
      [Ref Enq: 0.0 ms]
      [Redirty Cards: 0.0 ms]
      [Humongous Register: 0.0 ms]
      [Humongous Reclaim: 0.0 ms]
      [Free CSet: 0.1 ms]
   [Eden: 128.0M(128.0M)->0.0B(63.0M) Survivors: 3072.0K->6144.0K Heap: 289.9M(1024.0M)->164.4M(1024.0M)]
 [Times: user=0.02 sys=0.00, real=0.02 secs] 
2016-12-19T18:09:28.046+0100: 5832.097: [GC pause (G1 Evacuation Pause) (young), 0.0668702 secs]
   [Parallel Time: 61.1 ms, GC Workers: 1]
      [GC Worker Start (ms):  5832098.2]
      [Ext Root Scanning (ms):  39.1]
      [Update RS (ms):  8.8]
         [Processed Buffers:  31]
      [Scan RS (ms):  0.0]
      [Code Root Scanning (ms):  0.1]
      [Object Copy (ms):  12.9]
      [Termination (ms):  0.0]
         [Termination Attempts:  1]
      [GC Worker Other (ms):  0.0]
      [GC Worker Total (ms):  61.0]
      [GC Worker End (ms):  5832159.2]
   [Code Root Fixup: 0.1 ms]
   [Code Root Purge: 0.0 ms]
   [Clear CT: 0.6 ms]
   [Other: 5.2 ms]
      [Choose CSet: 0.0 ms]
      [Ref Proc: 0.1 ms]
      [Ref Enq: 0.0 ms]
      [Redirty Cards: 0.0 ms]
      [Humongous Register: 0.0 ms]
      [Humongous Reclaim: 0.0 ms]
      [Free CSet: 2.7 ms]
   [Eden: 63.0M(63.0M)->0.0B(46.0M) Survivors: 6144.0K->5120.0K Heap: 227.4M(1024.0M)->165.0M(1024.0M)]
 [Times: user=0.02 sys=0.01, real=0.07 secs] 
2016-12-19T18:10:21.923+0100: 5885.974: [GC pause (G1 Evacuation Pause) (young), 0.0160043 secs]
   [Parallel Time: 15.6 ms, GC Workers: 1]
      [GC Worker Start (ms):  5885973.8]
      [Ext Root Scanning (ms):  1.3]
      [Update RS (ms):  2.2]
         [Processed Buffers:  40]
      [Scan RS (ms):  0.7]
      [Code Root Scanning (ms):  0.1]
      [Object Copy (ms):  11.2]
      [Termination (ms):  0.0]
         [Termination Attempts:  1]
      [GC Worker Other (ms):  0.0]
      [GC Worker Total (ms):  15.5]
      [GC Worker End (ms):  5885989.4]
   [Code Root Fixup: 0.1 ms]
   [Code Root Purge: 0.0 ms]
   [Clear CT: 0.0 ms]
   [Other: 0.3 ms]
      [Choose CSet: 0.0 ms]
      [Ref Proc: 0.0 ms]
      [Ref Enq: 0.0 ms]
      [Redirty Cards: 0.0 ms]
      [Humongous Register: 0.0 ms]
      [Humongous Reclaim: 0.0 ms]
      [Free CSet: 0.0 ms]
   [Eden: 46.0M(46.0M)->0.0B(48.0M) Survivors: 5120.0K->3072.0K Heap: 211.0M(1024.0M)->165.0M(1024.0M)]
 [Times: user=0.01 sys=0.00, real=0.01 secs] 
2016-12-19T18:11:10.599+0100: 5934.649: [GC pause (G1 Evacuation Pause) (young), 0.0132956 secs]
   [Parallel Time: 12.9 ms, GC Workers: 1]
      [GC Worker Start (ms):  5934649.4]
      [Ext Root Scanning (ms):  0.9]
      [Update RS (ms):  4.1]
         [Processed Buffers:  40]
      [Scan RS (ms):  1.1]
      [Code Root Scanning (ms):  0.0]
      [Object Copy (ms):  6.7]
      [Termination (ms):  0.0]
         [Termination Attempts:  1]
      [GC Worker Other (ms):  0.0]
      [GC Worker Total (ms):  12.8]
      [GC Worker End (ms):  5934662.3]
   [Code Root Fixup: 0.0 ms]
   [Code Root Purge: 0.0 ms]
   [Clear CT: 0.0 ms]
   [Other: 0.3 ms]
      [Choose CSet: 0.0 ms]
      [Ref Proc: 0.1 ms]
      [Ref Enq: 0.0 ms]
      [Redirty Cards: 0.0 ms]
      [Humongous Register: 0.0 ms]
      [Humongous Reclaim: 0.0 ms]
      [Free CSet: 0.0 ms]
   [Eden: 48.0M(48.0M)->0.0B(47.0M) Survivors: 3072.0K->4096.0K Heap: 213.0M(1024.0M)->165.5M(1024.0M)]
 [Times: user=0.01 sys=0.00, real=0.02 secs] 
2016-12-19T18:11:47.924+0100: 5971.975: [GC pause (G1 Evacuation Pause) (young), 0.0549930 secs]
   [Parallel Time: 54.1 ms, GC Workers: 1]
      [GC Worker Start (ms):  5971975.3]
      [Ext Root Scanning (ms):  1.1]
      [Update RS (ms):  6.7]
         [Processed Buffers:  36]
      [Scan RS (ms):  0.6]
      [Code Root Scanning (ms):  0.1]
      [Object Copy (ms):  39.6]
      [Termination (ms):  0.0]
         [Termination Attempts:  1]
      [GC Worker Other (ms):  0.3]
      [GC Worker Total (ms):  48.4]
      [GC Worker End (ms):  5972023.7]
   [Code Root Fixup: 0.1 ms]
   [Code Root Purge: 0.0 ms]
   [Clear CT: 0.1 ms]
   [Other: 0.7 ms]
      [Choose CSet: 0.0 ms]
      [Ref Proc: 0.1 ms]
      [Ref Enq: 0.0 ms]
      [Redirty Cards: 0.1 ms]
      [Humongous Register: 0.0 ms]
      [Humongous Reclaim: 0.1 ms]
      [Free CSet: 0.1 ms]
   [Eden: 47.0M(47.0M)->0.0B(46.0M) Survivors: 4096.0K->5120.0K Heap: 212.5M(1024.0M)->166.5M(1024.0M)]
 [Times: user=0.03 sys=0.00, real=0.05 secs] 
2016-12-19T18:12:14.365+0100: 5998.416: [GC pause (G1 Evacuation Pause) (young), 0.0294522 secs]
   [Parallel Time: 28.8 ms, GC Workers: 1]
      [GC Worker Start (ms):  5998416.6]
      [Ext Root Scanning (ms):  3.6]
      [Update RS (ms):  4.4]
         [Processed Buffers:  35]
      [Scan RS (ms):  0.9]
      [Code Root Scanning (ms):  0.1]
      [Object Copy (ms):  19.8]
      [Termination (ms):  0.0]
         [Termination Attempts:  1]
      [GC Worker Other (ms):  0.0]
      [GC Worker Total (ms):  28.8]
      [GC Worker End (ms):  5998445.4]
   [Code Root Fixup: 0.0 ms]
   [Code Root Purge: 0.0 ms]
   [Clear CT: 0.0 ms]
   [Other: 0.6 ms]
      [Choose CSet: 0.0 ms]
      [Ref Proc: 0.0 ms]
      [Ref Enq: 0.0 ms]
      [Redirty Cards: 0.0 ms]
      [Humongous Register: 0.3 ms]
      [Humongous Reclaim: 0.0 ms]
      [Free CSet: 0.0 ms]
   [Eden: 46.0M(46.0M)->0.0B(47.0M) Survivors: 5120.0K->4096.0K Heap: 212.5M(1024.0M)->166.9M(1024.0M)]
 [Times: user=0.02 sys=0.00, real=0.03 secs] 
2016-12-19T18:12:45.001+0100: 6029.051: [GC pause (G1 Evacuation Pause) (young), 0.0346811 secs]
   [Parallel Time: 34.0 ms, GC Workers: 1]
      [GC Worker Start (ms):  6029051.5]
      [Ext Root Scanning (ms):  1.3]
      [Update RS (ms):  8.4]
         [Processed Buffers:  35]
      [Scan RS (ms):  2.0]
      [Code Root Scanning (ms):  0.1]
      [Object Copy (ms):  22.1]
      [Termination (ms):  0.0]
         [Termination Attempts:  1]
      [GC Worker Other (ms):  0.0]
      [GC Worker Total (ms):  33.9]
      [GC Worker End (ms):  6029085.5]
   [Code Root Fixup: 0.1 ms]
   [Code Root Purge: 0.0 ms]
   [Clear CT: 0.0 ms]
   [Other: 0.6 ms]
      [Choose CSet: 0.0 ms]
      [Ref Proc: 0.0 ms]
      [Ref Enq: 0.0 ms]
      [Redirty Cards: 0.0 ms]
      [Humongous Register: 0.1 ms]
      [Humongous Reclaim: 0.0 ms]
      [Free CSet: 0.1 ms]
   [Eden: 47.0M(47.0M)->0.0B(45.0M) Survivors: 4096.0K->6144.0K Heap: 213.9M(1024.0M)->168.4M(1024.0M)]
 [Times: user=0.03 sys=0.00, real=0.04 secs] 
2016-12-19T18:13:11.314+0100: 6055.365: [GC pause (G1 Evacuation Pause) (young), 0.0264755 secs]
   [Parallel Time: 25.9 ms, GC Workers: 1]
      [GC Worker Start (ms):  6055365.1]
      [Ext Root Scanning (ms):  3.2]
      [Update RS (ms):  3.8]
         [Processed Buffers:  33]
      [Scan RS (ms):  2.4]
      [Code Root Scanning (ms):  0.1]
      [Object Copy (ms):  16.3]
      [Termination (ms):  0.0]
         [Termination Attempts:  1]
      [GC Worker Other (ms):  0.0]
      [GC Worker Total (ms):  25.9]
      [GC Worker End (ms):  6055391.0]
   [Code Root Fixup: 0.1 ms]
   [Code Root Purge: 0.0 ms]
   [Clear CT: 0.0 ms]
   [Other: 0.5 ms]
      [Choose CSet: 0.0 ms]
      [Ref Proc: 0.0 ms]
      [Ref Enq: 0.0 ms]
      [Redirty Cards: 0.0 ms]
      [Humongous Register: 0.1 ms]
      [Humongous Reclaim: 0.0 ms]
      [Free CSet: 0.0 ms]
   [Eden: 45.0M(45.0M)->0.0B(47.0M) Survivors: 6144.0K->4096.0K Heap: 213.4M(1024.0M)->168.5M(1024.0M)]
 [Times: user=0.03 sys=0.00, real=0.02 secs] 
2016-12-19T18:13:39.876+0100: 6083.927: [GC pause (G1 Evacuation Pause) (young), 0.0321178 secs]
   [Parallel Time: 31.7 ms, GC Workers: 1]
      [GC Worker Start (ms):  6083926.9]
      [Ext Root Scanning (ms):  7.9]
      [Update RS (ms):  7.2]
         [Processed Buffers:  45]
      [Scan RS (ms):  0.8]
      [Code Root Scanning (ms):  0.0]
      [Object Copy (ms):  15.7]
      [Termination (ms):  0.0]
         [Termination Attempts:  1]
      [GC Worker Other (ms):  0.0]
      [GC Worker Total (ms):  31.6]
      [GC Worker End (ms):  6083958.6]
   [Code Root Fixup: 0.0 ms]
   [Code Root Purge: 0.0 ms]
   [Clear CT: 0.0 ms]
   [Other: 0.4 ms]
      [Choose CSet: 0.0 ms]
      [Ref Proc: 0.0 ms]
      [Ref Enq: 0.0 ms]
      [Redirty Cards: 0.0 ms]
      [Humongous Register: 0.1 ms]
      [Humongous Reclaim: 0.0 ms]
      [Free CSet: 0.0 ms]
   [Eden: 47.0M(47.0M)->0.0B(46.0M) Survivors: 4096.0K->5120.0K Heap: 215.5M(1024.0M)->169.0M(1024.0M)]
 [Times: user=0.02 sys=0.00, real=0.03 secs] 
2016-12-19T18:14:08.406+0100: 6112.457: [GC pause (G1 Evacuation Pause) (young), 0.0228579 secs]
   [Parallel Time: 22.3 ms, GC Workers: 1]
      [GC Worker Start (ms):  6112457.0]
      [Ext Root Scanning (ms):  1.7]
      [Update RS (ms):  3.6]
         [Processed Buffers:  38]
      [Scan RS (ms):  1.2]
      [Code Root Scanning (ms):  0.1]
      [Object Copy (ms):  15.8]
      [Termination (ms):  0.0]
         [Termination Attempts:  1]
      [GC Worker Other (ms):  0.0]
      [GC Worker Total (ms):  22.3]
      [GC Worker End (ms):  6112479.2]
   [Code Root Fixup: 0.1 ms]
   [Code Root Purge: 0.0 ms]
   [Clear CT: 0.0 ms]
   [Other: 0.4 ms]
      [Choose CSet: 0.0 ms]
      [Ref Proc: 0.0 ms]
      [Ref Enq: 0.0 ms]
      [Redirty Cards: 0.0 ms]
      [Humongous Register: 0.0 ms]
      [Humongous Reclaim: 0.0 ms]
      [Free CSet: 0.0 ms]
   [Eden: 46.0M(46.0M)->0.0B(46.0M) Survivors: 5120.0K->5120.0K Heap: 215.0M(1024.0M)->170.6M(1024.0M)]
 [Times: user=0.03 sys=0.00, real=0.02 secs] 
2016-12-19T18:14:38.381+0100: 6142.432: [GC pause (G1 Evacuation Pause) (young), 0.0264597 secs]
   [Parallel Time: 25.9 ms, GC Workers: 1]
      [GC Worker Start (ms):  6142432.2]
      [Ext Root Scanning (ms):  1.6]
      [Update RS (ms):  2.0]
         [Processed Buffers:  29]
      [Scan RS (ms):  2.7]
      [Code Root Scanning (ms):  0.1]
      [Object Copy (ms):  19.5]
      [Termination (ms):  0.0]
         [Termination Attempts:  1]
      [GC Worker Other (ms):  0.0]
      [GC Worker Total (ms):  25.9]
      [GC Worker End (ms):  6142458.0]
   [Code Root Fixup: 0.0 ms]
   [Code Root Purge: 0.0 ms]
   [Clear CT: 0.0 ms]
   [Other: 0.4 ms]
      [Choose CSet: 0.0 ms]
      [Ref Proc: 0.1 ms]
      [Ref Enq: 0.0 ms]
      [Redirty Cards: 0.0 ms]
      [Humongous Register: 0.0 ms]
      [Humongous Reclaim: 0.0 ms]
      [Free CSet: 0.0 ms]
   [Eden: 46.0M(46.0M)->0.0B(47.0M) Survivors: 5120.0K->4096.0K Heap: 216.6M(1024.0M)->171.5M(1024.0M)]
 [Times: user=0.03 sys=0.00, real=0.03 secs] 
2016-12-19T18:15:01.607+0100: 6165.658: [GC pause (G1 Evacuation Pause) (young), 0.0335137 secs]
   [Parallel Time: 29.7 ms, GC Workers: 1]
      [GC Worker Start (ms):  6165658.3]
      [Ext Root Scanning (ms):  1.0]
      [Update RS (ms):  3.9]
         [Processed Buffers:  33]
      [Scan RS (ms):  2.4]
      [Code Root Scanning (ms):  0.1]
      [Object Copy (ms):  22.1]
      [Termination (ms):  0.0]
         [Termination Attempts:  1]
      [GC Worker Other (ms):  0.1]
      [GC Worker Total (ms):  29.7]
      [GC Worker End (ms):  6165687.9]
   [Code Root Fixup: 0.1 ms]
   [Code Root Purge: 0.0 ms]
   [Clear CT: 0.0 ms]
   [Other: 3.7 ms]
      [Choose CSet: 0.0 ms]
      [Ref Proc: 0.2 ms]
      [Ref Enq: 0.0 ms]
      [Redirty Cards: 0.0 ms]
      [Humongous Register: 0.0 ms]
      [Humongous Reclaim: 3.1 ms]
      [Free CSet: 0.1 ms]
   [Eden: 47.0M(47.0M)->0.0B(46.0M) Survivors: 4096.0K->5120.0K Heap: 258.5M(1024.0M)->172.5M(1024.0M)]
 [Times: user=0.02 sys=0.00, real=0.03 secs] 
2016-12-19T18:15:31.456+0100: 6195.507: [GC pause (G1 Evacuation Pause) (young), 0.0179796 secs]
   [Parallel Time: 17.6 ms, GC Workers: 1]
      [GC Worker Start (ms):  6195507.0]
      [Ext Root Scanning (ms):  2.0]
      [Update RS (ms):  2.6]
         [Processed Buffers:  38]
      [Scan RS (ms):  0.8]
      [Code Root Scanning (ms):  0.1]
      [Object Copy (ms):  12.1]
      [Termination (ms):  0.0]
         [Termination Attempts:  1]
      [GC Worker Other (ms):  0.0]
      [GC Worker Total (ms):  17.5]
      [GC Worker End (ms):  6195524.5]
   [Code Root Fixup: 0.0 ms]
   [Code Root Purge: 0.0 ms]
   [Clear CT: 0.0 ms]
   [Other: 0.3 ms]
      [Choose CSet: 0.0 ms]
      [Ref Proc: 0.0 ms]
      [Ref Enq: 0.0 ms]
      [Redirty Cards: 0.0 ms]
      [Humongous Register: 0.0 ms]
      [Humongous Reclaim: 0.0 ms]
      [Free CSet: 0.0 ms]
   [Eden: 46.0M(46.0M)->0.0B(46.0M) Survivors: 5120.0K->5120.0K Heap: 218.5M(1024.0M)->173.1M(1024.0M)]
 [Times: user=0.02 sys=0.00, real=0.02 secs] 
2016-12-19T18:16:01.560+0100: 6225.611: [GC pause (G1 Evacuation Pause) (young), 0.0176034 secs]
   [Parallel Time: 17.2 ms, GC Workers: 1]
      [GC Worker Start (ms):  6225611.2]
      [Ext Root Scanning (ms):  1.2]
      [Update RS (ms):  4.6]
         [Processed Buffers:  40]
      [Scan RS (ms):  1.1]
      [Code Root Scanning (ms):  0.0]
      [Object Copy (ms):  10.1]
      [Termination (ms):  0.0]
         [Termination Attempts:  1]
      [GC Worker Other (ms):  0.0]
      [GC Worker Total (ms):  17.1]
      [GC Worker End (ms):  6225628.3]
   [Code Root Fixup: 0.1 ms]
   [Code Root Purge: 0.0 ms]
   [Clear CT: 0.0 ms]
   [Other: 0.4 ms]
      [Choose CSet: 0.0 ms]
      [Ref Proc: 0.0 ms]
      [Ref Enq: 0.0 ms]
      [Redirty Cards: 0.0 ms]
      [Humongous Register: 0.0 ms]
      [Humongous Reclaim: 0.0 ms]
      [Free CSet: 0.0 ms]
   [Eden: 46.0M(46.0M)->0.0B(46.0M) Survivors: 5120.0K->5120.0K Heap: 219.1M(1024.0M)->174.5M(1024.0M)]
 [Times: user=0.02 sys=0.00, real=0.02 secs] 
2016-12-19T18:16:33.384+0100: 6257.435: [GC pause (G1 Evacuation Pause) (young), 0.0203253 secs]
   [Parallel Time: 19.9 ms, GC Workers: 1]
      [GC Worker Start (ms):  6257435.2]
      [Ext Root Scanning (ms):  1.0]
      [Update RS (ms):  3.9]
         [Processed Buffers:  34]
      [Scan RS (ms):  2.1]
      [Code Root Scanning (ms):  0.4]
      [Object Copy (ms):  12.4]
      [Termination (ms):  0.0]
         [Termination Attempts:  1]
      [GC Worker Other (ms):  0.0]
      [GC Worker Total (ms):  19.9]
      [GC Worker End (ms):  6257455.1]
   [Code Root Fixup: 0.1 ms]
   [Code Root Purge: 0.0 ms]
   [Clear CT: 0.0 ms]
   [Other: 0.3 ms]
      [Choose CSet: 0.0 ms]
      [Ref Proc: 0.0 ms]
      [Ref Enq: 0.0 ms]
      [Redirty Cards: 0.0 ms]
      [Humongous Register: 0.0 ms]
      [Humongous Reclaim: 0.0 ms]
      [Free CSet: 0.0 ms]
   [Eden: 46.0M(46.0M)->0.0B(46.0M) Survivors: 5120.0K->5120.0K Heap: 220.5M(1024.0M)->175.5M(1024.0M)]
 [Times: user=0.02 sys=0.00, real=0.02 secs] 
2016-12-19T18:17:06.570+0100: 6290.621: [GC pause (G1 Evacuation Pause) (young), 0.0181305 secs]
   [Parallel Time: 17.5 ms, GC Workers: 1]
      [GC Worker Start (ms):  6290621.3]
      [Ext Root Scanning (ms):  1.0]
      [Update RS (ms):  3.8]
         [Processed Buffers:  38]
      [Scan RS (ms):  1.1]
      [Code Root Scanning (ms):  0.0]
      [Object Copy (ms):  11.5]
      [Termination (ms):  0.0]
         [Termination Attempts:  1]
      [GC Worker Other (ms):  0.0]
      [GC Worker Total (ms):  17.5]
      [GC Worker End (ms):  6290638.8]
   [Code Root Fixup: 0.1 ms]
   [Code Root Purge: 0.0 ms]
   [Clear CT: 0.0 ms]
   [Other: 0.5 ms]
      [Choose CSet: 0.0 ms]
      [Ref Proc: 0.0 ms]
      [Ref Enq: 0.0 ms]
      [Redirty Cards: 0.0 ms]
      [Humongous Register: 0.2 ms]
      [Humongous Reclaim: 0.0 ms]
      [Free CSet: 0.0 ms]
   [Eden: 46.0M(46.0M)->0.0B(46.0M) Survivors: 5120.0K->5120.0K Heap: 221.5M(1024.0M)->176.5M(1024.0M)]
 [Times: user=0.02 sys=0.00, real=0.02 secs] 
2016-12-19T18:17:35.984+0100: 6320.035: [GC pause (G1 Evacuation Pause) (young), 0.0180360 secs]
   [Parallel Time: 17.6 ms, GC Workers: 1]
      [GC Worker Start (ms):  6320035.3]
      [Ext Root Scanning (ms):  0.9]
      [Update RS (ms):  4.6]
         [Processed Buffers:  42]
      [Scan RS (ms):  1.3]
      [Code Root Scanning (ms):  0.0]
      [Object Copy (ms):  10.8]
      [Termination (ms):  0.0]
         [Termination Attempts:  1]
      [GC Worker Other (ms):  0.0]
      [GC Worker Total (ms):  17.6]
      [GC Worker End (ms):  6320052.8]
   [Code Root Fixup: 0.1 ms]
   [Code Root Purge: 0.0 ms]
   [Clear CT: 0.0 ms]
   [Other: 0.3 ms]
      [Choose CSet: 0.0 ms]
      [Ref Proc: 0.0 ms]
      [Ref Enq: 0.0 ms]
      [Redirty Cards: 0.0 ms]
      [Humongous Register: 0.0 ms]
      [Humongous Reclaim: 0.0 ms]
      [Free CSet: 0.0 ms]
   [Eden: 46.0M(46.0M)->0.0B(46.0M) Survivors: 5120.0K->5120.0K Heap: 222.5M(1024.0M)->177.5M(1024.0M)]
 [Times: user=0.02 sys=0.00, real=0.01 secs] 
2016-12-19T18:18:05.583+0100: 6349.634: [GC pause (G1 Evacuation Pause) (young), 0.2315439 secs]
   [Parallel Time: 230.7 ms, GC Workers: 1]
      [GC Worker Start (ms):  6349634.1]
      [Ext Root Scanning (ms):  1.4]
      [Update RS (ms):  8.5]
         [Processed Buffers:  32]
      [Scan RS (ms):  7.0]
      [Code Root Scanning (ms):  0.0]
      [Object Copy (ms):  213.7]
      [Termination (ms):  0.0]
         [Termination Attempts:  1]
      [GC Worker Other (ms):  0.0]
      [GC Worker Total (ms):  230.7]
      [GC Worker End (ms):  6349864.7]
   [Code Root Fixup: 0.1 ms]
   [Code Root Purge: 0.0 ms]
   [Clear CT: 0.1 ms]
   [Other: 0.7 ms]
      [Choose CSet: 0.0 ms]
      [Ref Proc: 0.2 ms]
      [Ref Enq: 0.0 ms]
      [Redirty Cards: 0.0 ms]
      [Humongous Register: 0.1 ms]
      [Humongous Reclaim: 0.1 ms]
      [Free CSet: 0.1 ms]
   [Eden: 46.0M(46.0M)->0.0B(46.0M) Survivors: 5120.0K->5120.0K Heap: 223.5M(1024.0M)->178.5M(1024.0M)]
 [Times: user=0.15 sys=0.04, real=0.26 secs] 
2016-12-19T18:18:36.132+0100: 6380.183: [GC pause (G1 Evacuation Pause) (young), 0.0235993 secs]
   [Parallel Time: 23.2 ms, GC Workers: 1]
      [GC Worker Start (ms):  6380182.8]
      [Ext Root Scanning (ms):  1.0]
      [Update RS (ms):  8.2]
         [Processed Buffers:  41]
      [Scan RS (ms):  1.9]
      [Code Root Scanning (ms):  0.0]
      [Object Copy (ms):  12.1]
      [Termination (ms):  0.0]
         [Termination Attempts:  1]
      [GC Worker Other (ms):  0.0]
      [GC Worker Total (ms):  23.1]
      [GC Worker End (ms):  6380205.9]
   [Code Root Fixup: 0.0 ms]
   [Code Root Purge: 0.0 ms]
   [Clear CT: 0.0 ms]
   [Other: 0.4 ms]
      [Choose CSet: 0.0 ms]
      [Ref Proc: 0.0 ms]
      [Ref Enq: 0.0 ms]
      [Redirty Cards: 0.0 ms]
      [Humongous Register: 0.1 ms]
      [Humongous Reclaim: 0.0 ms]
      [Free CSet: 0.1 ms]
   [Eden: 46.0M(46.0M)->0.0B(46.0M) Survivors: 5120.0K->5120.0K Heap: 224.5M(1024.0M)->179.5M(1024.0M)]
 [Times: user=0.02 sys=0.00, real=0.02 secs] 
2016-12-19T18:19:06.793+0100: 6410.844: [GC pause (G1 Evacuation Pause) (young), 0.0182568 secs]
   [Parallel Time: 17.9 ms, GC Workers: 1]
      [GC Worker Start (ms):  6410843.6]
      [Ext Root Scanning (ms):  1.0]
      [Update RS (ms):  2.5]
         [Processed Buffers:  34]
      [Scan RS (ms):  2.9]
      [Code Root Scanning (ms):  0.0]
      [Object Copy (ms):  11.4]
      [Termination (ms):  0.0]
         [Termination Attempts:  1]
      [GC Worker Other (ms):  0.0]
      [GC Worker Total (ms):  17.8]
      [GC Worker End (ms):  6410861.4]
   [Code Root Fixup: 0.0 ms]
   [Code Root Purge: 0.0 ms]
   [Clear CT: 0.0 ms]
   [Other: 0.3 ms]
      [Choose CSet: 0.0 ms]
      [Ref Proc: 0.0 ms]
      [Ref Enq: 0.0 ms]
      [Redirty Cards: 0.0 ms]
      [Humongous Register: 0.0 ms]
      [Humongous Reclaim: 0.0 ms]
      [Free CSet: 0.0 ms]
   [Eden: 46.0M(46.0M)->0.0B(47.0M) Survivors: 5120.0K->4096.0K Heap: 225.5M(1024.0M)->180.0M(1024.0M)]
 [Times: user=0.02 sys=0.00, real=0.02 secs] 
2016-12-19T18:19:38.121+0100: 6442.172: [GC pause (G1 Evacuation Pause) (young), 0.0237930 secs]
   [Parallel Time: 23.3 ms, GC Workers: 1]
      [GC Worker Start (ms):  6442171.7]
      [Ext Root Scanning (ms):  1.1]
      [Update RS (ms):  4.4]
         [Processed Buffers:  36]
      [Scan RS (ms):  2.6]
      [Code Root Scanning (ms):  0.0]
      [Object Copy (ms):  15.2]
      [Termination (ms):  0.0]
         [Termination Attempts:  1]
      [GC Worker Other (ms):  0.0]
      [GC Worker Total (ms):  23.3]
      [GC Worker End (ms):  6442195.0]
   [Code Root Fixup: 0.1 ms]
   [Code Root Purge: 0.0 ms]
   [Clear CT: 0.0 ms]
   [Other: 0.4 ms]
      [Choose CSet: 0.0 ms]
      [Ref Proc: 0.0 ms]
      [Ref Enq: 0.0 ms]
      [Redirty Cards: 0.0 ms]
      [Humongous Register: 0.0 ms]
      [Humongous Reclaim: 0.0 ms]
      [Free CSet: 0.0 ms]
   [Eden: 47.0M(47.0M)->0.0B(45.0M) Survivors: 4096.0K->6144.0K Heap: 227.0M(1024.0M)->181.5M(1024.0M)]
 [Times: user=0.02 sys=0.00, real=0.03 secs] 
2016-12-19T18:20:06.883+0100: 6470.934: [GC pause (G1 Evacuation Pause) (young), 0.0442505 secs]
   [Parallel Time: 43.5 ms, GC Workers: 1]
      [GC Worker Start (ms):  6470934.0]
      [Ext Root Scanning (ms):  0.9]
      [Update RS (ms):  8.0]
         [Processed Buffers:  35]
      [Scan RS (ms):  5.1]
      [Code Root Scanning (ms):  0.0]
      [Object Copy (ms):  25.1]
      [Termination (ms):  0.0]
         [Termination Attempts:  1]
      [GC Worker Other (ms):  0.0]
      [GC Worker Total (ms):  39.2]
      [GC Worker End (ms):  6470973.2]
   [Code Root Fixup: 0.0 ms]
   [Code Root Purge: 0.0 ms]
   [Clear CT: 0.0 ms]
   [Other: 0.7 ms]
      [Choose CSet: 0.0 ms]
      [Ref Proc: 0.0 ms]
      [Ref Enq: 0.0 ms]
      [Redirty Cards: 0.1 ms]
      [Humongous Register: 0.0 ms]
      [Humongous Reclaim: 0.1 ms]
      [Free CSet: 0.2 ms]
   [Eden: 45.0M(45.0M)->0.0B(46.0M) Survivors: 6144.0K->5120.0K Heap: 226.5M(1024.0M)->181.8M(1024.0M)]
 [Times: user=0.02 sys=0.00, real=0.04 secs] 
2016-12-19T18:20:36.877+0100: 6500.928: [GC pause (G1 Evacuation Pause) (young), 0.0248598 secs]
   [Parallel Time: 24.2 ms, GC Workers: 1]
      [GC Worker Start (ms):  6500927.9]
      [Ext Root Scanning (ms):  3.1]
      [Update RS (ms):  9.1]
         [Processed Buffers:  54]
      [Scan RS (ms):  0.9]
      [Code Root Scanning (ms):  0.0]
      [Object Copy (ms):  11.0]
      [Termination (ms):  0.0]
         [Termination Attempts:  1]
      [GC Worker Other (ms):  0.0]
      [GC Worker Total (ms):  24.2]
      [GC Worker End (ms):  6500952.1]
   [Code Root Fixup: 0.0 ms]
   [Code Root Purge: 0.0 ms]
   [Clear CT: 0.0 ms]
   [Other: 0.6 ms]
      [Choose CSet: 0.0 ms]
      [Ref Proc: 0.0 ms]
      [Ref Enq: 0.0 ms]
      [Redirty Cards: 0.0 ms]
      [Humongous Register: 0.1 ms]
      [Humongous Reclaim: 0.0 ms]
      [Free CSet: 0.0 ms]
   [Eden: 46.0M(46.0M)->0.0B(46.0M) Survivors: 5120.0K->5120.0K Heap: 227.8M(1024.0M)->183.0M(1024.0M)]
 [Times: user=0.02 sys=0.00, real=0.02 secs] 
2016-12-19T18:21:06.915+0100: 6530.966: [GC pause (G1 Evacuation Pause) (young), 0.0258631 secs]
   [Parallel Time: 25.4 ms, GC Workers: 1]
      [GC Worker Start (ms):  6530965.9]
      [Ext Root Scanning (ms):  1.4]
      [Update RS (ms):  8.3]
         [Processed Buffers:  48]
      [Scan RS (ms):  2.3]
      [Code Root Scanning (ms):  0.0]
      [Object Copy (ms):  13.3]
      [Termination (ms):  0.0]
         [Termination Attempts:  1]
      [GC Worker Other (ms):  0.0]
      [GC Worker Total (ms):  25.3]
      [GC Worker End (ms):  6530991.2]
   [Code Root Fixup: 0.1 ms]
   [Code Root Purge: 0.0 ms]
   [Clear CT: 0.0 ms]
   [Other: 0.4 ms]
      [Choose CSet: 0.0 ms]
      [Ref Proc: 0.0 ms]
      [Ref Enq: 0.0 ms]
      [Redirty Cards: 0.0 ms]
      [Humongous Register: 0.0 ms]
      [Humongous Reclaim: 0.0 ms]
      [Free CSet: 0.0 ms]
   [Eden: 46.0M(46.0M)->0.0B(46.0M) Survivors: 5120.0K->5120.0K Heap: 229.0M(1024.0M)->184.0M(1024.0M)]
 [Times: user=0.02 sys=0.00, real=0.02 secs] 
2016-12-19T18:21:36.630+0100: 6560.681: [GC pause (G1 Evacuation Pause) (young), 0.0311715 secs]
   [Parallel Time: 30.6 ms, GC Workers: 1]
      [GC Worker Start (ms):  6560681.2]
      [Ext Root Scanning (ms):  2.6]
      [Update RS (ms):  12.8]
         [Processed Buffers:  51]
      [Scan RS (ms):  0.8]
      [Code Root Scanning (ms):  0.0]
      [Object Copy (ms):  14.3]
      [Termination (ms):  0.0]
         [Termination Attempts:  1]
      [GC Worker Other (ms):  0.0]
      [GC Worker Total (ms):  30.6]
      [GC Worker End (ms):  6560711.7]
   [Code Root Fixup: 0.0 ms]
   [Code Root Purge: 0.0 ms]
   [Clear CT: 0.0 ms]
   [Other: 0.5 ms]
      [Choose CSet: 0.0 ms]
      [Ref Proc: 0.0 ms]
      [Ref Enq: 0.0 ms]
      [Redirty Cards: 0.0 ms]
      [Humongous Register: 0.1 ms]
      [Humongous Reclaim: 0.0 ms]
      [Free CSet: 0.0 ms]
   [Eden: 46.0M(46.0M)->0.0B(46.0M) Survivors: 5120.0K->5120.0K Heap: 230.0M(1024.0M)->185.0M(1024.0M)]
 [Times: user=0.03 sys=0.00, real=0.03 secs] 
2016-12-19T18:22:05.924+0100: 6589.974: [GC pause (G1 Evacuation Pause) (young), 0.0221377 secs]
   [Parallel Time: 21.7 ms, GC Workers: 1]
      [GC Worker Start (ms):  6589974.6]
      [Ext Root Scanning (ms):  0.9]
      [Update RS (ms):  8.5]
         [Processed Buffers:  52]
      [Scan RS (ms):  1.2]
      [Code Root Scanning (ms):  0.0]
      [Object Copy (ms):  11.1]
      [Termination (ms):  0.0]
         [Termination Attempts:  1]
      [GC Worker Other (ms):  0.0]
      [GC Worker Total (ms):  21.7]
      [GC Worker End (ms):  6589996.3]
   [Code Root Fixup: 0.0 ms]
   [Code Root Purge: 0.0 ms]
   [Clear CT: 0.0 ms]
   [Other: 0.3 ms]
      [Choose CSet: 0.0 ms]
      [Ref Proc: 0.0 ms]
      [Ref Enq: 0.0 ms]
      [Redirty Cards: 0.1 ms]
      [Humongous Register: 0.0 ms]
      [Humongous Reclaim: 0.0 ms]
      [Free CSet: 0.0 ms]
   [Eden: 46.0M(46.0M)->0.0B(47.0M) Survivors: 5120.0K->4096.0K Heap: 231.0M(1024.0M)->185.5M(1024.0M)]
 [Times: user=0.02 sys=0.00, real=0.02 secs] 
2016-12-19T18:22:37.952+0100: 6622.002: [GC pause (G1 Evacuation Pause) (young), 0.0236758 secs]
   [Parallel Time: 23.2 ms, GC Workers: 1]
      [GC Worker Start (ms):  6622002.5]
      [Ext Root Scanning (ms):  1.0]
      [Update RS (ms):  6.4]
         [Processed Buffers:  46]
      [Scan RS (ms):  3.7]
      [Code Root Scanning (ms):  0.0]
      [Object Copy (ms):  12.0]
      [Termination (ms):  0.0]
         [Termination Attempts:  1]
      [GC Worker Other (ms):  0.0]
      [GC Worker Total (ms):  23.2]
      [GC Worker End (ms):  6622025.7]
   [Code Root Fixup: 0.1 ms]
   [Code Root Purge: 0.0 ms]
   [Clear CT: 0.0 ms]
   [Other: 0.4 ms]
      [Choose CSet: 0.0 ms]
      [Ref Proc: 0.1 ms]
      [Ref Enq: 0.0 ms]
      [Redirty Cards: 0.0 ms]
      [Humongous Register: 0.0 ms]
      [Humongous Reclaim: 0.0 ms]
      [Free CSet: 0.0 ms]
   [Eden: 47.0M(47.0M)->0.0B(46.0M) Survivors: 4096.0K->5120.0K Heap: 232.5M(1024.0M)->186.0M(1024.0M)]
 [Times: user=0.02 sys=0.00, real=0.02 secs] 
2016-12-19T18:23:07.988+0100: 6652.038: [GC pause (G1 Evacuation Pause) (young), 0.0214155 secs]
   [Parallel Time: 21.0 ms, GC Workers: 1]
      [GC Worker Start (ms):  6652038.4]
      [Ext Root Scanning (ms):  0.8]
      [Update RS (ms):  4.2]
         [Processed Buffers:  40]
      [Scan RS (ms):  3.5]
      [Code Root Scanning (ms):  0.0]
      [Object Copy (ms):  12.4]
      [Termination (ms):  0.0]
         [Termination Attempts:  1]
      [GC Worker Other (ms):  0.0]
      [GC Worker Total (ms):  21.0]
      [GC Worker End (ms):  6652059.4]
   [Code Root Fixup: 0.0 ms]
   [Code Root Purge: 0.0 ms]
   [Clear CT: 0.0 ms]
   [Other: 0.3 ms]
      [Choose CSet: 0.0 ms]
      [Ref Proc: 0.0 ms]
      [Ref Enq: 0.0 ms]
      [Redirty Cards: 0.0 ms]
      [Humongous Register: 0.0 ms]
      [Humongous Reclaim: 0.0 ms]
      [Free CSet: 0.0 ms]
   [Eden: 46.0M(46.0M)->0.0B(46.0M) Survivors: 5120.0K->5120.0K Heap: 232.0M(1024.0M)->187.3M(1024.0M)]
 [Times: user=0.02 sys=0.00, real=0.02 secs] 
2016-12-19T18:23:36.460+0100: 6680.510: [GC pause (G1 Evacuation Pause) (young), 0.0232403 secs]
   [Parallel Time: 22.8 ms, GC Workers: 1]
      [GC Worker Start (ms):  6680510.4]
      [Ext Root Scanning (ms):  1.0]
      [Update RS (ms):  7.3]
         [Processed Buffers:  48]
      [Scan RS (ms):  1.2]
      [Code Root Scanning (ms):  0.0]
      [Object Copy (ms):  13.2]
      [Termination (ms):  0.0]
         [Termination Attempts:  1]
      [GC Worker Other (ms):  0.0]
      [GC Worker Total (ms):  22.7]
      [GC Worker End (ms):  6680533.1]
   [Code Root Fixup: 0.0 ms]
   [Code Root Purge: 0.0 ms]
   [Clear CT: 0.0 ms]
   [Other: 0.4 ms]
      [Choose CSet: 0.0 ms]
      [Ref Proc: 0.0 ms]
      [Ref Enq: 0.0 ms]
      [Redirty Cards: 0.0 ms]
      [Humongous Register: 0.0 ms]
      [Humongous Reclaim: 0.0 ms]
      [Free CSet: 0.1 ms]
   [Eden: 46.0M(46.0M)->0.0B(46.0M) Survivors: 5120.0K->5120.0K Heap: 233.3M(1024.0M)->188.5M(1024.0M)]
 [Times: user=0.02 sys=0.00, real=0.03 secs] 
2016-12-19T18:24:06.003+0100: 6710.054: [GC pause (G1 Evacuation Pause) (young), 0.0272275 secs]
   [Parallel Time: 26.5 ms, GC Workers: 1]
      [GC Worker Start (ms):  6710054.2]
      [Ext Root Scanning (ms):  1.4]
      [Update RS (ms):  9.2]
         [Processed Buffers:  47]
      [Scan RS (ms):  2.8]
      [Code Root Scanning (ms):  0.0]
      [Object Copy (ms):  13.0]
      [Termination (ms):  0.0]
         [Termination Attempts:  1]
      [GC Worker Other (ms):  0.0]
      [GC Worker Total (ms):  26.4]
      [GC Worker End (ms):  6710080.7]
   [Code Root Fixup: 0.1 ms]
   [Code Root Purge: 0.0 ms]
   [Clear CT: 0.1 ms]
   [Other: 0.5 ms]
      [Choose CSet: 0.0 ms]
      [Ref Proc: 0.1 ms]
      [Ref Enq: 0.0 ms]
      [Redirty Cards: 0.0 ms]
      [Humongous Register: 0.1 ms]
      [Humongous Reclaim: 0.0 ms]
      [Free CSet: 0.1 ms]
   [Eden: 46.0M(46.0M)->0.0B(47.0M) Survivors: 5120.0K->4096.0K Heap: 234.5M(1024.0M)->189.0M(1024.0M)]
 [Times: user=0.03 sys=0.00, real=0.03 secs] 
2016-12-19T18:24:35.496+0100: 6739.547: [GC pause (G1 Evacuation Pause) (young), 0.0217999 secs]
   [Parallel Time: 21.0 ms, GC Workers: 1]
      [GC Worker Start (ms):  6739547.6]
      [Ext Root Scanning (ms):  0.9]
      [Update RS (ms):  5.9]
         [Processed Buffers:  42]
      [Scan RS (ms):  2.3]
      [Code Root Scanning (ms):  0.0]
      [Object Copy (ms):  11.8]
      [Termination (ms):  0.0]
         [Termination Attempts:  1]
      [GC Worker Other (ms):  0.0]
      [GC Worker Total (ms):  21.0]
      [GC Worker End (ms):  6739568.6]
   [Code Root Fixup: 0.0 ms]
   [Code Root Purge: 0.0 ms]
   [Clear CT: 0.0 ms]
   [Other: 0.7 ms]
      [Choose CSet: 0.0 ms]
      [Ref Proc: 0.0 ms]
      [Ref Enq: 0.0 ms]
      [Redirty Cards: 0.0 ms]
      [Humongous Register: 0.0 ms]
      [Humongous Reclaim: 0.0 ms]
      [Free CSet: 0.0 ms]
   [Eden: 47.0M(47.0M)->0.0B(46.0M) Survivors: 4096.0K->5120.0K Heap: 236.0M(1024.0M)->190.0M(1024.0M)]
 [Times: user=0.02 sys=0.00, real=0.02 secs] 
2016-12-19T18:25:03.479+0100: 6767.530: [GC pause (G1 Evacuation Pause) (young), 0.0283014 secs]
   [Parallel Time: 27.8 ms, GC Workers: 1]
      [GC Worker Start (ms):  6767529.9]
      [Ext Root Scanning (ms):  1.6]
      [Update RS (ms):  4.0]
         [Processed Buffers:  37]
      [Scan RS (ms):  5.3]
      [Code Root Scanning (ms):  0.0]
      [Object Copy (ms):  16.9]
      [Termination (ms):  0.0]
         [Termination Attempts:  1]
      [GC Worker Other (ms):  0.0]
      [GC Worker Total (ms):  27.8]
      [GC Worker End (ms):  6767557.7]
   [Code Root Fixup: 0.0 ms]
   [Code Root Purge: 0.0 ms]
   [Clear CT: 0.0 ms]
   [Other: 0.4 ms]
      [Choose CSet: 0.0 ms]
      [Ref Proc: 0.0 ms]
      [Ref Enq: 0.0 ms]
      [Redirty Cards: 0.0 ms]
      [Humongous Register: 0.1 ms]
      [Humongous Reclaim: 0.0 ms]
      [Free CSet: 0.1 ms]
   [Eden: 46.0M(46.0M)->0.0B(46.0M) Survivors: 5120.0K->5120.0K Heap: 236.0M(1024.0M)->190.9M(1024.0M)]
 [Times: user=0.03 sys=0.00, real=0.03 secs] 
2016-12-19T18:25:34.904+0100: 6798.955: [GC pause (G1 Evacuation Pause) (young), 0.0231645 secs]
   [Parallel Time: 22.6 ms, GC Workers: 1]
      [GC Worker Start (ms):  6798954.9]
      [Ext Root Scanning (ms):  1.1]
      [Update RS (ms):  9.8]
         [Processed Buffers:  62]
      [Scan RS (ms):  0.4]
      [Code Root Scanning (ms):  0.0]
      [Object Copy (ms):  11.3]
      [Termination (ms):  0.0]
         [Termination Attempts:  1]
      [GC Worker Other (ms):  0.0]
      [GC Worker Total (ms):  22.6]
      [GC Worker End (ms):  6798977.5]
   [Code Root Fixup: 0.1 ms]
   [Code Root Purge: 0.0 ms]
   [Clear CT: 0.0 ms]
   [Other: 0.5 ms]
      [Choose CSet: 0.0 ms]
      [Ref Proc: 0.0 ms]
      [Ref Enq: 0.0 ms]
      [Redirty Cards: 0.0 ms]
      [Humongous Register: 0.1 ms]
      [Humongous Reclaim: 0.0 ms]
      [Free CSet: 0.0 ms]
   [Eden: 46.0M(46.0M)->0.0B(47.0M) Survivors: 5120.0K->4096.0K Heap: 236.9M(1024.0M)->191.5M(1024.0M)]
 [Times: user=0.03 sys=0.00, real=0.02 secs] 
2016-12-19T18:26:10.220+0100: 6834.271: [GC pause (G1 Evacuation Pause) (young), 0.0331274 secs]
   [Parallel Time: 32.6 ms, GC Workers: 1]
      [GC Worker Start (ms):  6834271.2]
      [Ext Root Scanning (ms):  2.0]
      [Update RS (ms):  9.9]
         [Processed Buffers:  52]
      [Scan RS (ms):  1.1]
      [Code Root Scanning (ms):  0.0]
      [Object Copy (ms):  19.5]
      [Termination (ms):  0.0]
         [Termination Attempts:  1]
      [GC Worker Other (ms):  0.0]
      [GC Worker Total (ms):  32.6]
      [GC Worker End (ms):  6834303.8]
   [Code Root Fixup: 0.1 ms]
   [Code Root Purge: 0.0 ms]
   [Clear CT: 0.0 ms]
   [Other: 0.4 ms]
      [Choose CSet: 0.0 ms]
      [Ref Proc: 0.0 ms]
      [Ref Enq: 0.0 ms]
      [Redirty Cards: 0.0 ms]
      [Humongous Register: 0.0 ms]
      [Humongous Reclaim: 0.0 ms]
      [Free CSet: 0.0 ms]
   [Eden: 47.0M(47.0M)->0.0B(46.0M) Survivors: 4096.0K->5120.0K Heap: 238.5M(1024.0M)->192.5M(1024.0M)]
 [Times: user=0.03 sys=0.00, real=0.04 secs] 
2016-12-19T18:26:41.545+0100: 6865.596: [GC pause (G1 Evacuation Pause) (young), 0.0305126 secs]
   [Parallel Time: 29.9 ms, GC Workers: 1]
      [GC Worker Start (ms):  6865596.3]
      [Ext Root Scanning (ms):  1.6]
      [Update RS (ms):  10.3]
         [Processed Buffers:  52]
      [Scan RS (ms):  0.7]
      [Code Root Scanning (ms):  0.0]
      [Object Copy (ms):  17.4]
      [Termination (ms):  0.0]
         [Termination Attempts:  1]
      [GC Worker Other (ms):  0.0]
      [GC Worker Total (ms):  29.9]
      [GC Worker End (ms):  6865626.2]
   [Code Root Fixup: 0.0 ms]
   [Code Root Purge: 0.0 ms]
   [Clear CT: 0.0 ms]
   [Other: 0.5 ms]
      [Choose CSet: 0.0 ms]
      [Ref Proc: 0.1 ms]
      [Ref Enq: 0.0 ms]
      [Redirty Cards: 0.1 ms]
      [Humongous Register: 0.1 ms]
      [Humongous Reclaim: 0.0 ms]
      [Free CSet: 0.0 ms]
   [Eden: 46.0M(46.0M)->0.0B(46.0M) Survivors: 5120.0K->5120.0K Heap: 238.5M(1024.0M)->193.4M(1024.0M)]
 [Times: user=0.03 sys=0.00, real=0.03 secs] 
2016-12-19T18:27:13.561+0100: 6897.612: [GC pause (G1 Evacuation Pause) (young), 0.0278456 secs]
   [Parallel Time: 27.5 ms, GC Workers: 1]
      [GC Worker Start (ms):  6897611.7]
      [Ext Root Scanning (ms):  1.0]
      [Update RS (ms):  11.6]
         [Processed Buffers:  52]
      [Scan RS (ms):  0.9]
      [Code Root Scanning (ms):  0.0]
      [Object Copy (ms):  13.9]
      [Termination (ms):  0.0]
         [Termination Attempts:  1]
      [GC Worker Other (ms):  0.0]
      [GC Worker Total (ms):  27.4]
      [GC Worker End (ms):  6897639.1]
   [Code Root Fixup: 0.0 ms]
   [Code Root Purge: 0.0 ms]
   [Clear CT: 0.0 ms]
   [Other: 0.3 ms]
      [Choose CSet: 0.0 ms]
      [Ref Proc: 0.0 ms]
      [Ref Enq: 0.0 ms]
      [Redirty Cards: 0.0 ms]
      [Humongous Register: 0.0 ms]
      [Humongous Reclaim: 0.0 ms]
      [Free CSet: 0.0 ms]
   [Eden: 46.0M(46.0M)->0.0B(47.0M) Survivors: 5120.0K->4096.0K Heap: 239.4M(1024.0M)->194.0M(1024.0M)]
 [Times: user=0.02 sys=0.00, real=0.03 secs] 
2016-12-19T18:27:45.865+0100: 6929.916: [GC pause (G1 Evacuation Pause) (young), 0.0206580 secs]
   [Parallel Time: 20.2 ms, GC Workers: 1]
      [GC Worker Start (ms):  6929915.8]
      [Ext Root Scanning (ms):  0.9]
      [Update RS (ms):  7.3]
         [Processed Buffers:  48]
      [Scan RS (ms):  1.5]
      [Code Root Scanning (ms):  0.0]
      [Object Copy (ms):  10.4]
      [Termination (ms):  0.0]
         [Termination Attempts:  1]
      [GC Worker Other (ms):  0.0]
      [GC Worker Total (ms):  20.1]
      [GC Worker End (ms):  6929935.9]
   [Code Root Fixup: 0.0 ms]
   [Code Root Purge: 0.0 ms]
   [Clear CT: 0.0 ms]
   [Other: 0.4 ms]
      [Choose CSet: 0.0 ms]
      [Ref Proc: 0.0 ms]
      [Ref Enq: 0.0 ms]
      [Redirty Cards: 0.0 ms]
      [Humongous Register: 0.1 ms]
      [Humongous Reclaim: 0.0 ms]
      [Free CSet: 0.0 ms]
   [Eden: 47.0M(47.0M)->0.0B(46.0M) Survivors: 4096.0K->5120.0K Heap: 241.0M(1024.0M)->194.5M(1024.0M)]
 [Times: user=0.02 sys=0.00, real=0.02 secs] 
2016-12-19T18:28:15.607+0100: 6959.658: [GC pause (G1 Evacuation Pause) (young), 0.0308928 secs]
   [Parallel Time: 29.7 ms, GC Workers: 1]
      [GC Worker Start (ms):  6959658.3]
      [Ext Root Scanning (ms):  1.5]
      [Update RS (ms):  5.9]
         [Processed Buffers:  32]
      [Scan RS (ms):  5.2]
      [Code Root Scanning (ms):  0.0]
      [Object Copy (ms):  17.0]
      [Termination (ms):  0.0]
         [Termination Attempts:  1]
      [GC Worker Other (ms):  0.0]
      [GC Worker Total (ms):  29.6]
      [GC Worker End (ms):  6959687.9]
   [Code Root Fixup: 0.1 ms]
   [Code Root Purge: 0.0 ms]
   [Clear CT: 0.3 ms]
   [Other: 0.8 ms]
      [Choose CSet: 0.0 ms]
      [Ref Proc: 0.1 ms]
      [Ref Enq: 0.0 ms]
      [Redirty Cards: 0.1 ms]
      [Humongous Register: 0.1 ms]
      [Humongous Reclaim: 0.0 ms]
      [Free CSet: 0.1 ms]
   [Eden: 46.0M(46.0M)->0.0B(45.0M) Survivors: 5120.0K->6144.0K Heap: 240.5M(1024.0M)->196.2M(1024.0M)]
 [Times: user=0.03 sys=0.00, real=0.03 secs] 
2016-12-19T18:28:46.684+0100: 6990.735: [GC pause (G1 Evacuation Pause) (young), 0.0282257 secs]
   [Parallel Time: 27.8 ms, GC Workers: 1]
      [GC Worker Start (ms):  6990734.7]
      [Ext Root Scanning (ms):  1.0]
      [Update RS (ms):  4.9]
         [Processed Buffers:  37]
      [Scan RS (ms):  3.4]
      [Code Root Scanning (ms):  0.0]
      [Object Copy (ms):  18.3]
      [Termination (ms):  0.0]
         [Termination Attempts:  1]
      [GC Worker Other (ms):  0.0]
      [GC Worker Total (ms):  27.7]
      [GC Worker End (ms):  6990762.4]
   [Code Root Fixup: 0.0 ms]
   [Code Root Purge: 0.0 ms]
   [Clear CT: 0.0 ms]
   [Other: 0.4 ms]
      [Choose CSet: 0.0 ms]
      [Ref Proc: 0.0 ms]
      [Ref Enq: 0.0 ms]
      [Redirty Cards: 0.0 ms]
      [Humongous Register: 0.0 ms]
      [Humongous Reclaim: 0.0 ms]
      [Free CSet: 0.0 ms]
   [Eden: 45.0M(45.0M)->0.0B(46.0M) Survivors: 6144.0K->5120.0K Heap: 241.2M(1024.0M)->197.0M(1024.0M)]
 [Times: user=0.03 sys=0.00, real=0.03 secs] 
2016-12-19T18:29:18.489+0100: 7022.540: [GC pause (G1 Evacuation Pause) (young), 0.0241866 secs]
   [Parallel Time: 23.8 ms, GC Workers: 1]
      [GC Worker Start (ms):  7022540.3]
      [Ext Root Scanning (ms):  0.9]
      [Update RS (ms):  9.2]
         [Processed Buffers:  55]
      [Scan RS (ms):  1.3]
      [Code Root Scanning (ms):  0.0]
      [Object Copy (ms):  12.3]
      [Termination (ms):  0.0]
         [Termination Attempts:  1]
      [GC Worker Other (ms):  0.0]
      [GC Worker Total (ms):  23.8]
      [GC Worker End (ms):  7022564.1]
   [Code Root Fixup: 0.0 ms]
   [Code Root Purge: 0.0 ms]
   [Clear CT: 0.0 ms]
   [Other: 0.3 ms]
      [Choose CSet: 0.0 ms]
      [Ref Proc: 0.0 ms]
      [Ref Enq: 0.0 ms]
      [Redirty Cards: 0.0 ms]
      [Humongous Register: 0.0 ms]
      [Humongous Reclaim: 0.0 ms]
      [Free CSet: 0.0 ms]
   [Eden: 46.0M(46.0M)->0.0B(47.0M) Survivors: 5120.0K->4096.0K Heap: 243.0M(1024.0M)->197.5M(1024.0M)]
 [Times: user=0.02 sys=0.00, real=0.03 secs] 
2016-12-19T18:29:51.607+0100: 7055.659: [GC pause (G1 Evacuation Pause) (young), 0.0286102 secs]
   [Parallel Time: 27.2 ms, GC Workers: 1]
      [GC Worker Start (ms):  7055659.3]
      [Ext Root Scanning (ms):  1.4]
      [Update RS (ms):  12.4]
         [Processed Buffers:  55]
      [Scan RS (ms):  0.1]
      [Code Root Scanning (ms):  0.0]
      [Object Copy (ms):  13.2]
      [Termination (ms):  0.0]
         [Termination Attempts:  1]
      [GC Worker Other (ms):  0.0]
      [GC Worker Total (ms):  27.2]
      [GC Worker End (ms):  7055686.5]
   [Code Root Fixup: 0.0 ms]
   [Code Root Purge: 0.0 ms]
   [Clear CT: 0.0 ms]
   [Other: 1.3 ms]
      [Choose CSet: 0.0 ms]
      [Ref Proc: 0.0 ms]
      [Ref Enq: 0.0 ms]
      [Redirty Cards: 0.0 ms]
      [Humongous Register: 0.3 ms]
      [Humongous Reclaim: 0.0 ms]
      [Free CSet: 0.0 ms]
   [Eden: 47.0M(47.0M)->0.0B(45.0M) Survivors: 4096.0K->6144.0K Heap: 244.5M(1024.0M)->199.0M(1024.0M)]
 [Times: user=0.03 sys=0.00, real=0.03 secs] 
2016-12-19T18:30:22.419+0100: 7086.470: [GC pause (G1 Evacuation Pause) (young), 0.0228816 secs]
   [Parallel Time: 22.2 ms, GC Workers: 1]
      [GC Worker Start (ms):  7086470.2]
      [Ext Root Scanning (ms):  1.6]
      [Update RS (ms):  4.7]
         [Processed Buffers:  42]
      [Scan RS (ms):  1.7]
      [Code Root Scanning (ms):  0.0]
      [Object Copy (ms):  14.1]
      [Termination (ms):  0.0]
         [Termination Attempts:  1]
      [GC Worker Other (ms):  0.0]
      [GC Worker Total (ms):  22.2]
      [GC Worker End (ms):  7086492.4]
   [Code Root Fixup: 0.0 ms]
   [Code Root Purge: 0.0 ms]
   [Clear CT: 0.0 ms]
   [Other: 0.6 ms]
      [Choose CSet: 0.0 ms]
      [Ref Proc: 0.0 ms]
      [Ref Enq: 0.0 ms]
      [Redirty Cards: 0.0 ms]
      [Humongous Register: 0.1 ms]
      [Humongous Reclaim: 0.0 ms]
      [Free CSet: 0.1 ms]
   [Eden: 45.0M(45.0M)->0.0B(46.0M) Survivors: 6144.0K->5120.0K Heap: 244.0M(1024.0M)->199.5M(1024.0M)]
 [Times: user=0.02 sys=0.00, real=0.02 secs] 
2016-12-19T18:30:51.480+0100: 7115.531: [GC pause (G1 Evacuation Pause) (young), 0.0216458 secs]
   [Parallel Time: 21.1 ms, GC Workers: 1]
      [GC Worker Start (ms):  7115531.5]
      [Ext Root Scanning (ms):  1.2]
      [Update RS (ms):  7.7]
         [Processed Buffers:  53]
      [Scan RS (ms):  1.4]
      [Code Root Scanning (ms):  0.0]
      [Object Copy (ms):  10.7]
      [Termination (ms):  0.0]
         [Termination Attempts:  1]
      [GC Worker Other (ms):  0.0]
      [GC Worker Total (ms):  21.0]
      [GC Worker End (ms):  7115552.5]
   [Code Root Fixup: 0.0 ms]
   [Code Root Purge: 0.0 ms]
   [Clear CT: 0.0 ms]
   [Other: 0.5 ms]
      [Choose CSet: 0.0 ms]
      [Ref Proc: 0.0 ms]
      [Ref Enq: 0.0 ms]
      [Redirty Cards: 0.0 ms]
      [Humongous Register: 0.1 ms]
      [Humongous Reclaim: 0.0 ms]
      [Free CSet: 0.0 ms]
   [Eden: 46.0M(46.0M)->0.0B(47.0M) Survivors: 5120.0K->4096.0K Heap: 245.5M(1024.0M)->200.0M(1024.0M)]
 [Times: user=0.02 sys=0.00, real=0.02 secs] 
2016-12-19T18:31:22.648+0100: 7146.699: [GC pause (G1 Evacuation Pause) (young), 0.0235209 secs]
   [Parallel Time: 23.0 ms, GC Workers: 1]
      [GC Worker Start (ms):  7146698.9]
      [Ext Root Scanning (ms):  3.3]
      [Update RS (ms):  4.4]
         [Processed Buffers:  35]
      [Scan RS (ms):  2.6]
      [Code Root Scanning (ms):  0.0]
      [Object Copy (ms):  12.6]
      [Termination (ms):  0.0]
         [Termination Attempts:  1]
      [GC Worker Other (ms):  0.0]
      [GC Worker Total (ms):  22.9]
      [GC Worker End (ms):  7146721.8]
   [Code Root Fixup: 0.0 ms]
   [Code Root Purge: 0.0 ms]
   [Clear CT: 0.0 ms]
   [Other: 0.4 ms]
      [Choose CSet: 0.0 ms]
      [Ref Proc: 0.0 ms]
      [Ref Enq: 0.0 ms]
      [Redirty Cards: 0.0 ms]
      [Humongous Register: 0.1 ms]
      [Humongous Reclaim: 0.0 ms]
      [Free CSet: 0.0 ms]
   [Eden: 47.0M(47.0M)->0.0B(45.0M) Survivors: 4096.0K->6144.0K Heap: 247.0M(1024.0M)->201.5M(1024.0M)]
 [Times: user=0.02 sys=0.00, real=0.03 secs] 
2016-12-19T18:31:53.509+0100: 7177.560: [GC pause (G1 Evacuation Pause) (young), 0.0251465 secs]
   [Parallel Time: 24.6 ms, GC Workers: 1]
      [GC Worker Start (ms):  7177559.8]
      [Ext Root Scanning (ms):  1.3]
      [Update RS (ms):  3.5]
         [Processed Buffers:  36]
      [Scan RS (ms):  3.3]
      [Code Root Scanning (ms):  0.0]
      [Object Copy (ms):  16.5]
      [Termination (ms):  0.0]
         [Termination Attempts:  1]
      [GC Worker Other (ms):  0.0]
      [GC Worker Total (ms):  24.6]
      [GC Worker End (ms):  7177584.3]
   [Code Root Fixup: 0.0 ms]
   [Code Root Purge: 0.0 ms]
   [Clear CT: 0.0 ms]
   [Other: 0.5 ms]
      [Choose CSet: 0.0 ms]
      [Ref Proc: 0.0 ms]
      [Ref Enq: 0.0 ms]
      [Redirty Cards: 0.0 ms]
      [Humongous Register: 0.0 ms]
      [Humongous Reclaim: 0.0 ms]
      [Free CSet: 0.1 ms]
   [Eden: 45.0M(45.0M)->0.0B(46.0M) Survivors: 6144.0K->5120.0K Heap: 246.5M(1024.0M)->201.9M(1024.0M)]
 [Times: user=0.02 sys=0.00, real=0.03 secs] 
2016-12-19T18:32:24.316+0100: 7208.367: [GC pause (G1 Evacuation Pause) (young), 0.0344724 secs]
   [Parallel Time: 32.7 ms, GC Workers: 1]
      [GC Worker Start (ms):  7208367.0]
      [Ext Root Scanning (ms):  2.8]
      [Update RS (ms):  13.4]
         [Processed Buffers:  49]
      [Scan RS (ms):  1.6]
      [Code Root Scanning (ms):  0.0]
      [Object Copy (ms):  14.8]
      [Termination (ms):  0.0]
         [Termination Attempts:  1]
      [GC Worker Other (ms):  0.0]
      [GC Worker Total (ms):  32.7]
      [GC Worker End (ms):  7208399.7]
   [Code Root Fixup: 0.0 ms]
   [Code Root Purge: 0.0 ms]
   [Clear CT: 0.0 ms]
   [Other: 1.7 ms]
      [Choose CSet: 0.0 ms]
      [Ref Proc: 0.0 ms]
      [Ref Enq: 0.0 ms]
      [Redirty Cards: 0.6 ms]
      [Humongous Register: 0.1 ms]
      [Humongous Reclaim: 0.4 ms]
      [Free CSet: 0.2 ms]
   [Eden: 46.0M(46.0M)->0.0B(45.0M) Survivors: 5120.0K->6144.0K Heap: 247.9M(1024.0M)->204.0M(1024.0M)]
 [Times: user=0.03 sys=0.00, real=0.04 secs] 
2016-12-19T18:32:53.390+0100: 7237.441: [GC pause (G1 Evacuation Pause) (young), 0.0992348 secs]
   [Parallel Time: 98.7 ms, GC Workers: 1]
      [GC Worker Start (ms):  7237441.2]
      [Ext Root Scanning (ms):  1.1]
      [Update RS (ms):  20.2]
         [Processed Buffers:  45]
      [Scan RS (ms):  15.8]
      [Code Root Scanning (ms):  0.0]
      [Object Copy (ms):  61.5]
      [Termination (ms):  0.0]
         [Termination Attempts:  1]
      [GC Worker Other (ms):  0.0]
      [GC Worker Total (ms):  98.7]
      [GC Worker End (ms):  7237539.9]
   [Code Root Fixup: 0.1 ms]
   [Code Root Purge: 0.0 ms]
   [Clear CT: 0.0 ms]
   [Other: 0.4 ms]
      [Choose CSet: 0.0 ms]
      [Ref Proc: 0.0 ms]
      [Ref Enq: 0.0 ms]
      [Redirty Cards: 0.1 ms]
      [Humongous Register: 0.0 ms]
      [Humongous Reclaim: 0.0 ms]
      [Free CSet: 0.0 ms]
   [Eden: 45.0M(45.0M)->0.0B(46.0M) Survivors: 6144.0K->5120.0K Heap: 249.0M(1024.0M)->205.0M(1024.0M)]
 [Times: user=0.10 sys=0.00, real=0.09 secs] 
2016-12-19T18:33:23.073+0100: 7267.123: [GC pause (G1 Evacuation Pause) (young), 0.0437726 secs]
   [Parallel Time: 43.0 ms, GC Workers: 1]
      [GC Worker Start (ms):  7267123.4]
      [Ext Root Scanning (ms):  1.3]
      [Update RS (ms):  10.3]
         [Processed Buffers:  46]
      [Scan RS (ms):  3.0]
      [Code Root Scanning (ms):  0.0]
      [Object Copy (ms):  28.3]
      [Termination (ms):  0.0]
         [Termination Attempts:  1]
      [GC Worker Other (ms):  0.0]
      [GC Worker Total (ms):  43.0]
      [GC Worker End (ms):  7267166.4]
   [Code Root Fixup: 0.1 ms]
   [Code Root Purge: 0.0 ms]
   [Clear CT: 0.1 ms]
   [Other: 0.6 ms]
      [Choose CSet: 0.0 ms]
      [Ref Proc: 0.1 ms]
      [Ref Enq: 0.0 ms]
      [Redirty Cards: 0.1 ms]
      [Humongous Register: 0.1 ms]
      [Humongous Reclaim: 0.1 ms]
      [Free CSet: 0.1 ms]
   [Eden: 46.0M(46.0M)->0.0B(47.0M) Survivors: 5120.0K->4096.0K Heap: 251.0M(1024.0M)->205.0M(1024.0M)]
 [Times: user=0.04 sys=0.00, real=0.04 secs] 
2016-12-19T18:33:54.473+0100: 7298.524: [GC pause (G1 Evacuation Pause) (young), 0.0557528 secs]
   [Parallel Time: 54.1 ms, GC Workers: 1]
      [GC Worker Start (ms):  7298523.8]
      [Ext Root Scanning (ms):  3.1]
      [Update RS (ms):  14.8]
         [Processed Buffers:  54]
      [Scan RS (ms):  0.6]
      [Code Root Scanning (ms):  0.0]
      [Object Copy (ms):  35.5]
      [Termination (ms):  0.0]
         [Termination Attempts:  1]
      [GC Worker Other (ms):  0.0]
      [GC Worker Total (ms):  54.0]
      [GC Worker End (ms):  7298577.8]
   [Code Root Fixup: 0.1 ms]
   [Code Root Purge: 0.0 ms]
   [Clear CT: 0.3 ms]
   [Other: 1.2 ms]
      [Choose CSet: 0.0 ms]
      [Ref Proc: 0.3 ms]
      [Ref Enq: 0.0 ms]
      [Redirty Cards: 0.2 ms]
      [Humongous Register: 0.1 ms]
      [Humongous Reclaim: 0.1 ms]
      [Free CSet: 0.2 ms]
   [Eden: 47.0M(47.0M)->0.0B(46.0M) Survivors: 4096.0K->5120.0K Heap: 252.0M(1024.0M)->205.5M(1024.0M)]
 [Times: user=0.06 sys=0.00, real=0.05 secs] 
2016-12-19T18:34:23.794+0100: 7327.844: [GC pause (G1 Evacuation Pause) (young), 0.0262401 secs]
   [Parallel Time: 25.8 ms, GC Workers: 1]
      [GC Worker Start (ms):  7327844.5]
      [Ext Root Scanning (ms):  1.1]
      [Update RS (ms):  7.2]
         [Processed Buffers:  43]
      [Scan RS (ms):  1.2]
      [Code Root Scanning (ms):  0.0]
      [Object Copy (ms):  16.2]
      [Termination (ms):  0.0]
         [Termination Attempts:  1]
      [GC Worker Other (ms):  0.0]
      [GC Worker Total (ms):  25.7]
      [GC Worker End (ms):  7327870.3]
   [Code Root Fixup: 0.0 ms]
   [Code Root Purge: 0.0 ms]
   [Clear CT: 0.0 ms]
   [Other: 0.4 ms]
      [Choose CSet: 0.0 ms]
      [Ref Proc: 0.0 ms]
      [Ref Enq: 0.0 ms]
      [Redirty Cards: 0.0 ms]
      [Humongous Register: 0.0 ms]
      [Humongous Reclaim: 0.0 ms]
      [Free CSet: 0.0 ms]
   [Eden: 46.0M(46.0M)->0.0B(46.0M) Survivors: 5120.0K->5120.0K Heap: 251.5M(1024.0M)->206.3M(1024.0M)]
 [Times: user=0.02 sys=0.00, real=0.02 secs] 
2016-12-19T18:34:54.179+0100: 7358.230: [GC pause (G1 Evacuation Pause) (young), 0.0202519 secs]
   [Parallel Time: 19.9 ms, GC Workers: 1]
      [GC Worker Start (ms):  7358229.7]
      [Ext Root Scanning (ms):  0.9]
      [Update RS (ms):  4.2]
         [Processed Buffers:  39]
      [Scan RS (ms):  2.5]
      [Code Root Scanning (ms):  0.0]
      [Object Copy (ms):  12.1]
      [Termination (ms):  0.0]
         [Termination Attempts:  1]
      [GC Worker Other (ms):  0.0]
      [GC Worker Total (ms):  19.8]
      [GC Worker End (ms):  7358249.6]
   [Code Root Fixup: 0.0 ms]
   [Code Root Purge: 0.0 ms]
   [Clear CT: 0.0 ms]
   [Other: 0.3 ms]
      [Choose CSet: 0.0 ms]
      [Ref Proc: 0.0 ms]
      [Ref Enq: 0.0 ms]
      [Redirty Cards: 0.0 ms]
      [Humongous Register: 0.0 ms]
      [Humongous Reclaim: 0.0 ms]
      [Free CSet: 0.0 ms]
   [Eden: 46.0M(46.0M)->0.0B(47.0M) Survivors: 5120.0K->4096.0K Heap: 252.3M(1024.0M)->207.0M(1024.0M)]
 [Times: user=0.02 sys=0.00, real=0.02 secs] 
2016-12-19T18:35:25.096+0100: 7389.146: [GC pause (G1 Evacuation Pause) (young), 0.0268950 secs]
   [Parallel Time: 26.4 ms, GC Workers: 1]
      [GC Worker Start (ms):  7389146.5]
      [Ext Root Scanning (ms):  1.1]
      [Update RS (ms):  5.2]
         [Processed Buffers:  45]
      [Scan RS (ms):  1.1]
      [Code Root Scanning (ms):  0.0]
      [Object Copy (ms):  18.8]
      [Termination (ms):  0.0]
         [Termination Attempts:  1]
      [GC Worker Other (ms):  0.0]
      [GC Worker Total (ms):  26.3]
      [GC Worker End (ms):  7389172.8]
   [Code Root Fixup: 0.0 ms]
   [Code Root Purge: 0.0 ms]
   [Clear CT: 0.0 ms]
   [Other: 0.4 ms]
      [Choose CSet: 0.0 ms]
      [Ref Proc: 0.0 ms]
      [Ref Enq: 0.0 ms]
      [Redirty Cards: 0.0 ms]
      [Humongous Register: 0.0 ms]
      [Humongous Reclaim: 0.0 ms]
      [Free CSet: 0.0 ms]
   [Eden: 47.0M(47.0M)->0.0B(47.0M) Survivors: 4096.0K->4096.0K Heap: 254.0M(1024.0M)->207.5M(1024.0M)]
 [Times: user=0.03 sys=0.00, real=0.02 secs] 
2016-12-19T18:35:55.211+0100: 7419.262: [GC pause (G1 Evacuation Pause) (young), 0.0172427 secs]
   [Parallel Time: 16.8 ms, GC Workers: 1]
      [GC Worker Start (ms):  7419261.7]
      [Ext Root Scanning (ms):  1.6]
      [Update RS (ms):  3.8]
         [Processed Buffers:  38]
      [Scan RS (ms):  0.8]
      [Code Root Scanning (ms):  0.0]
      [Object Copy (ms):  10.6]
      [Termination (ms):  0.0]
         [Termination Attempts:  1]
      [GC Worker Other (ms):  0.0]
      [GC Worker Total (ms):  16.8]
      [GC Worker End (ms):  7419278.4]
   [Code Root Fixup: 0.0 ms]
   [Code Root Purge: 0.0 ms]
   [Clear CT: 0.0 ms]
   [Other: 0.4 ms]
      [Choose CSet: 0.0 ms]
      [Ref Proc: 0.0 ms]
      [Ref Enq: 0.0 ms]
      [Redirty Cards: 0.0 ms]
      [Humongous Register: 0.0 ms]
      [Humongous Reclaim: 0.0 ms]
      [Free CSet: 0.0 ms]
   [Eden: 47.0M(47.0M)->0.0B(46.0M) Survivors: 4096.0K->5120.0K Heap: 254.5M(1024.0M)->208.5M(1024.0M)]
 [Times: user=0.01 sys=0.00, real=0.01 secs] 
2016-12-19T18:36:23.799+0100: 7447.850: [GC pause (G1 Evacuation Pause) (young), 0.0201133 secs]
   [Parallel Time: 19.6 ms, GC Workers: 1]
      [GC Worker Start (ms):  7447850.4]
      [Ext Root Scanning (ms):  2.3]
      [Update RS (ms):  3.5]
         [Processed Buffers:  35]
      [Scan RS (ms):  1.1]
      [Code Root Scanning (ms):  0.0]
      [Object Copy (ms):  12.6]
      [Termination (ms):  0.0]
         [Termination Attempts:  1]
      [GC Worker Other (ms):  0.0]
      [GC Worker Total (ms):  19.6]
      [GC Worker End (ms):  7447869.9]
   [Code Root Fixup: 0.0 ms]
   [Code Root Purge: 0.0 ms]
   [Clear CT: 0.0 ms]
   [Other: 0.4 ms]
      [Choose CSet: 0.0 ms]
      [Ref Proc: 0.0 ms]
      [Ref Enq: 0.0 ms]
      [Redirty Cards: 0.0 ms]
      [Humongous Register: 0.0 ms]
      [Humongous Reclaim: 0.0 ms]
      [Free CSet: 0.1 ms]
   [Eden: 46.0M(46.0M)->0.0B(46.0M) Survivors: 5120.0K->5120.0K Heap: 254.5M(1024.0M)->208.8M(1024.0M)]
 [Times: user=0.02 sys=0.00, real=0.02 secs] 
2016-12-19T18:36:52.925+0100: 7476.975: [GC pause (G1 Evacuation Pause) (young), 0.1120672 secs]
   [Parallel Time: 109.2 ms, GC Workers: 1]
      [GC Worker Start (ms):  7476976.7]
      [Ext Root Scanning (ms):  4.8]
      [Update RS (ms):  17.7]
         [Processed Buffers:  38]
      [Scan RS (ms):  13.2]
      [Code Root Scanning (ms):  0.0]
      [Object Copy (ms):  73.4]
      [Termination (ms):  0.0]
         [Termination Attempts:  1]
      [GC Worker Other (ms):  0.0]
      [GC Worker Total (ms):  109.2]
      [GC Worker End (ms):  7477085.9]
   [Code Root Fixup: 0.1 ms]
   [Code Root Purge: 0.0 ms]
   [Clear CT: 0.7 ms]
   [Other: 2.1 ms]
      [Choose CSet: 0.0 ms]
      [Ref Proc: 0.1 ms]
      [Ref Enq: 0.0 ms]
      [Redirty Cards: 0.1 ms]
      [Humongous Register: 1.3 ms]
      [Humongous Reclaim: 0.1 ms]
      [Free CSet: 0.1 ms]
   [Eden: 46.0M(46.0M)->0.0B(46.0M) Survivors: 5120.0K->5120.0K Heap: 254.8M(1024.0M)->209.3M(1024.0M)]
 [Times: user=0.11 sys=0.00, real=0.11 secs] 
2016-12-19T18:37:22.586+0100: 7506.637: [GC pause (G1 Evacuation Pause) (young), 0.0211568 secs]
   [Parallel Time: 19.9 ms, GC Workers: 1]
      [GC Worker Start (ms):  7506637.7]
      [Ext Root Scanning (ms):  2.5]
      [Update RS (ms):  4.4]
         [Processed Buffers:  34]
      [Scan RS (ms):  1.7]
      [Code Root Scanning (ms):  0.0]
      [Object Copy (ms):  11.2]
      [Termination (ms):  0.0]
         [Termination Attempts:  1]
      [GC Worker Other (ms):  0.0]
      [GC Worker Total (ms):  19.9]
      [GC Worker End (ms):  7506657.6]
   [Code Root Fixup: 0.1 ms]
   [Code Root Purge: 0.0 ms]
   [Clear CT: 0.0 ms]
   [Other: 1.1 ms]
      [Choose CSet: 0.0 ms]
      [Ref Proc: 0.1 ms]
      [Ref Enq: 0.0 ms]
      [Redirty Cards: 0.0 ms]
      [Humongous Register: 0.7 ms]
      [Humongous Reclaim: 0.0 ms]
      [Free CSet: 0.0 ms]
   [Eden: 46.0M(46.0M)->0.0B(46.0M) Survivors: 5120.0K->5120.0K Heap: 255.3M(1024.0M)->210.0M(1024.0M)]
 [Times: user=0.02 sys=0.00, real=0.02 secs] 
2016-12-19T18:37:53.447+0100: 7537.498: [GC pause (G1 Evacuation Pause) (young), 0.0483362 secs]
   [Parallel Time: 45.5 ms, GC Workers: 1]
      [GC Worker Start (ms):  7537498.1]
      [Ext Root Scanning (ms):  2.2]
      [Update RS (ms):  8.7]
         [Processed Buffers:  29]
      [Scan RS (ms):  4.6]
      [Code Root Scanning (ms):  0.0]
      [Object Copy (ms):  29.8]
      [Termination (ms):  0.0]
         [Termination Attempts:  1]
      [GC Worker Other (ms):  0.0]
      [GC Worker Total (ms):  45.3]
      [GC Worker End (ms):  7537543.4]
   [Code Root Fixup: 0.1 ms]
   [Code Root Purge: 0.0 ms]
   [Clear CT: 0.0 ms]
   [Other: 2.7 ms]
      [Choose CSet: 0.0 ms]
      [Ref Proc: 0.0 ms]
      [Ref Enq: 0.0 ms]
      [Redirty Cards: 2.0 ms]
      [Humongous Register: 0.2 ms]
      [Humongous Reclaim: 0.1 ms]
      [Free CSet: 0.1 ms]
   [Eden: 46.0M(46.0M)->0.0B(46.0M) Survivors: 5120.0K->5120.0K Heap: 256.0M(1024.0M)->211.4M(1024.0M)]
 [Times: user=0.05 sys=0.00, real=0.05 secs] 
2016-12-19T18:38:27.567+0100: 7571.618: [GC pause (G1 Evacuation Pause) (young), 0.0441616 secs]
   [Parallel Time: 43.4 ms, GC Workers: 1]
      [GC Worker Start (ms):  7571618.3]
      [Ext Root Scanning (ms):  2.9]
      [Update RS (ms):  13.2]
         [Processed Buffers:  41]
      [Scan RS (ms):  2.3]
      [Code Root Scanning (ms):  0.0]
      [Object Copy (ms):  24.2]
      [Termination (ms):  0.0]
         [Termination Attempts:  1]
      [GC Worker Other (ms):  0.8]
      [GC Worker Total (ms):  43.4]
      [GC Worker End (ms):  7571661.7]
   [Code Root Fixup: 0.0 ms]
   [Code Root Purge: 0.0 ms]
   [Clear CT: 0.0 ms]
   [Other: 0.6 ms]
      [Choose CSet: 0.0 ms]
      [Ref Proc: 0.0 ms]
      [Ref Enq: 0.1 ms]
      [Redirty Cards: 0.1 ms]
      [Humongous Register: 0.1 ms]
      [Humongous Reclaim: 0.1 ms]
      [Free CSet: 0.1 ms]
   [Eden: 46.0M(46.0M)->0.0B(47.0M) Survivors: 5120.0K->4096.0K Heap: 257.4M(1024.0M)->212.3M(1024.0M)]
 [Times: user=0.04 sys=0.00, real=0.05 secs] 
2016-12-19T18:38:59.053+0100: 7603.104: [GC pause (G1 Evacuation Pause) (young), 0.0268087 secs]
   [Parallel Time: 26.4 ms, GC Workers: 1]
      [GC Worker Start (ms):  7603103.7]
      [Ext Root Scanning (ms):  0.9]
      [Update RS (ms):  8.5]
         [Processed Buffers:  54]
      [Scan RS (ms):  0.7]
      [Code Root Scanning (ms):  0.0]
      [Object Copy (ms):  16.2]
      [Termination (ms):  0.0]
         [Termination Attempts:  1]
      [GC Worker Other (ms):  0.0]
      [GC Worker Total (ms):  26.4]
      [GC Worker End (ms):  7603130.1]
   [Code Root Fixup: 0.1 ms]
   [Code Root Purge: 0.0 ms]
   [Clear CT: 0.0 ms]
   [Other: 0.3 ms]
      [Choose CSet: 0.0 ms]
      [Ref Proc: 0.0 ms]
      [Ref Enq: 0.0 ms]
      [Redirty Cards: 0.0 ms]
      [Humongous Register: 0.0 ms]
      [Humongous Reclaim: 0.0 ms]
      [Free CSet: 0.0 ms]
   [Eden: 47.0M(47.0M)->0.0B(46.0M) Survivors: 4096.0K->5120.0K Heap: 259.3M(1024.0M)->212.8M(1024.0M)]
 [Times: user=0.03 sys=0.00, real=0.02 secs] 
2016-12-19T18:39:32.491+0100: 7636.542: [GC pause (G1 Evacuation Pause) (young), 0.0377174 secs]
   [Parallel Time: 35.8 ms, GC Workers: 1]
      [GC Worker Start (ms):  7636542.3]
      [Ext Root Scanning (ms):  1.1]
      [Update RS (ms):  6.4]
         [Processed Buffers:  39]
      [Scan RS (ms):  1.8]
      [Code Root Scanning (ms):  0.0]
      [Object Copy (ms):  26.5]
      [Termination (ms):  0.0]
         [Termination Attempts:  1]
      [GC Worker Other (ms):  0.0]
      [GC Worker Total (ms):  35.7]
      [GC Worker End (ms):  7636578.0]
   [Code Root Fixup: 0.1 ms]
   [Code Root Purge: 0.0 ms]
   [Clear CT: 0.1 ms]
   [Other: 1.8 ms]
      [Choose CSet: 0.0 ms]
      [Ref Proc: 0.0 ms]
      [Ref Enq: 0.1 ms]
      [Redirty Cards: 1.1 ms]
      [Humongous Register: 0.0 ms]
      [Humongous Reclaim: 0.2 ms]
      [Free CSet: 0.1 ms]
   [Eden: 46.0M(46.0M)->0.0B(46.0M) Survivors: 5120.0K->5120.0K Heap: 258.8M(1024.0M)->214.3M(1024.0M)]
 [Times: user=0.03 sys=0.00, real=0.03 secs] 
2016-12-19T18:40:03.150+0100: 7667.201: [GC pause (G1 Evacuation Pause) (young), 0.0449726 secs]
   [Parallel Time: 44.0 ms, GC Workers: 1]
      [GC Worker Start (ms):  7667202.8]
      [Ext Root Scanning (ms):  1.2]
      [Update RS (ms):  7.9]
         [Processed Buffers:  48]
      [Scan RS (ms):  0.7]
      [Code Root Scanning (ms):  0.0]
      [Object Copy (ms):  32.5]
      [Termination (ms):  0.0]
         [Termination Attempts:  1]
      [GC Worker Other (ms):  0.0]
      [GC Worker Total (ms):  42.3]
      [GC Worker End (ms):  7667245.2]
   [Code Root Fixup: 0.1 ms]
   [Code Root Purge: 0.0 ms]
   [Clear CT: 0.0 ms]
   [Other: 0.8 ms]
      [Choose CSet: 0.0 ms]
      [Ref Proc: 0.0 ms]
      [Ref Enq: 0.0 ms]
      [Redirty Cards: 0.1 ms]
      [Humongous Register: 0.1 ms]
      [Humongous Reclaim: 0.2 ms]
      [Free CSet: 0.1 ms]
   [Eden: 46.0M(46.0M)->0.0B(46.0M) Survivors: 5120.0K->5120.0K Heap: 260.3M(1024.0M)->215.5M(1024.0M)]
 [Times: user=0.05 sys=0.00, real=0.05 secs] 
2016-12-19T18:40:32.603+0100: 7696.654: [GC pause (G1 Evacuation Pause) (young), 0.0297457 secs]
   [Parallel Time: 29.3 ms, GC Workers: 1]
      [GC Worker Start (ms):  7696653.9]
      [Ext Root Scanning (ms):  1.3]
      [Update RS (ms):  14.5]
         [Processed Buffers:  53]
      [Scan RS (ms):  1.5]
      [Code Root Scanning (ms):  0.0]
      [Object Copy (ms):  11.9]
      [Termination (ms):  0.0]
         [Termination Attempts:  1]
      [GC Worker Other (ms):  0.0]
      [GC Worker Total (ms):  29.2]
      [GC Worker End (ms):  7696683.2]
   [Code Root Fixup: 0.0 ms]
   [Code Root Purge: 0.0 ms]
   [Clear CT: 0.0 ms]
   [Other: 0.4 ms]
      [Choose CSet: 0.0 ms]
      [Ref Proc: 0.0 ms]
      [Ref Enq: 0.0 ms]
      [Redirty Cards: 0.0 ms]
      [Humongous Register: 0.1 ms]
      [Humongous Reclaim: 0.0 ms]
      [Free CSet: 0.0 ms]
   [Eden: 46.0M(46.0M)->0.0B(47.0M) Survivors: 5120.0K->4096.0K Heap: 261.5M(1024.0M)->216.0M(1024.0M)]
 [Times: user=0.03 sys=0.00, real=0.03 secs] 
2016-12-19T18:41:02.796+0100: 7726.847: [GC pause (G1 Evacuation Pause) (young), 0.0395823 secs]
   [Parallel Time: 39.1 ms, GC Workers: 1]
      [GC Worker Start (ms):  7726847.0]
      [Ext Root Scanning (ms):  1.8]
      [Update RS (ms):  8.8]
         [Processed Buffers:  45]
      [Scan RS (ms):  2.0]
      [Code Root Scanning (ms):  0.0]
      [Object Copy (ms):  26.5]
      [Termination (ms):  0.0]
         [Termination Attempts:  1]
      [GC Worker Other (ms):  0.0]
      [GC Worker Total (ms):  39.1]
      [GC Worker End (ms):  7726886.0]
   [Code Root Fixup: 0.0 ms]
   [Code Root Purge: 0.0 ms]
   [Clear CT: 0.0 ms]
   [Other: 0.4 ms]
      [Choose CSet: 0.0 ms]
      [Ref Proc: 0.0 ms]
      [Ref Enq: 0.0 ms]
      [Redirty Cards: 0.0 ms]
      [Humongous Register: 0.0 ms]
      [Humongous Reclaim: 0.0 ms]
      [Free CSet: 0.0 ms]
   [Eden: 47.0M(47.0M)->0.0B(45.0M) Survivors: 4096.0K->6144.0K Heap: 263.0M(1024.0M)->217.5M(1024.0M)]
 [Times: user=0.04 sys=0.00, real=0.04 secs] 
2016-12-19T18:41:32.161+0100: 7756.212: [GC pause (G1 Evacuation Pause) (young), 0.0285249 secs]
   [Parallel Time: 27.2 ms, GC Workers: 1]
      [GC Worker Start (ms):  7756212.6]
      [Ext Root Scanning (ms):  2.8]
      [Update RS (ms):  6.7]
         [Processed Buffers:  46]
      [Scan RS (ms):  0.6]
      [Code Root Scanning (ms):  0.0]
      [Object Copy (ms):  17.0]
      [Termination (ms):  0.0]
         [Termination Attempts:  1]
      [GC Worker Other (ms):  0.0]
      [GC Worker Total (ms):  27.1]
      [GC Worker End (ms):  7756239.8]
   [Code Root Fixup: 0.0 ms]
   [Code Root Purge: 0.0 ms]
   [Clear CT: 0.0 ms]
   [Other: 1.3 ms]
      [Choose CSet: 0.0 ms]
      [Ref Proc: 0.1 ms]
      [Ref Enq: 0.0 ms]
      [Redirty Cards: 0.1 ms]
      [Humongous Register: 0.5 ms]
      [Humongous Reclaim: 0.1 ms]
      [Free CSet: 0.1 ms]
   [Eden: 45.0M(45.0M)->0.0B(46.0M) Survivors: 6144.0K->5120.0K Heap: 262.5M(1024.0M)->218.1M(1024.0M)]
 [Times: user=0.03 sys=0.00, real=0.03 secs] 
2016-12-19T18:42:01.099+0100: 7785.150: [GC pause (G1 Evacuation Pause) (young), 0.0410198 secs]
   [Parallel Time: 40.1 ms, GC Workers: 1]
      [GC Worker Start (ms):  7785149.6]
      [Ext Root Scanning (ms):  1.0]
      [Update RS (ms):  11.8]
         [Processed Buffers:  61]
      [Scan RS (ms):  0.4]
      [Code Root Scanning (ms):  0.0]
      [Object Copy (ms):  26.8]
      [Termination (ms):  0.0]
         [Termination Attempts:  1]
      [GC Worker Other (ms):  0.0]
      [GC Worker Total (ms):  40.1]
      [GC Worker End (ms):  7785189.7]
   [Code Root Fixup: 0.1 ms]
   [Code Root Purge: 0.0 ms]
   [Clear CT: 0.1 ms]
   [Other: 0.8 ms]
      [Choose CSet: 0.0 ms]
      [Ref Proc: 0.1 ms]
      [Ref Enq: 0.3 ms]
      [Redirty Cards: 0.1 ms]
      [Humongous Register: 0.0 ms]
      [Humongous Reclaim: 0.0 ms]
      [Free CSet: 0.0 ms]
   [Eden: 46.0M(46.0M)->0.0B(47.0M) Survivors: 5120.0K->4096.0K Heap: 264.1M(1024.0M)->219.0M(1024.0M)]
 [Times: user=0.04 sys=0.00, real=0.04 secs] 
2016-12-19T18:42:32.313+0100: 7816.363: [GC pause (G1 Evacuation Pause) (young), 0.0249457 secs]
   [Parallel Time: 24.4 ms, GC Workers: 1]
      [GC Worker Start (ms):  7816364.5]
      [Ext Root Scanning (ms):  1.0]
      [Update RS (ms):  8.9]
         [Processed Buffers:  57]
      [Scan RS (ms):  0.2]
      [Code Root Scanning (ms):  0.0]
      [Object Copy (ms):  13.3]
      [Termination (ms):  0.0]
         [Termination Attempts:  1]
      [GC Worker Other (ms):  0.0]
      [GC Worker Total (ms):  23.5]
      [GC Worker End (ms):  7816388.0]
   [Code Root Fixup: 0.0 ms]
   [Code Root Purge: 0.0 ms]
   [Clear CT: 0.1 ms]
   [Other: 0.4 ms]
      [Choose CSet: 0.0 ms]
      [Ref Proc: 0.0 ms]
      [Ref Enq: 0.0 ms]
      [Redirty Cards: 0.0 ms]
      [Humongous Register: 0.0 ms]
      [Humongous Reclaim: 0.0 ms]
      [Free CSet: 0.0 ms]
   [Eden: 47.0M(47.0M)->0.0B(45.0M) Survivors: 4096.0K->6144.0K Heap: 266.0M(1024.0M)->220.5M(1024.0M)]
 [Times: user=0.02 sys=0.00, real=0.02 secs] 
2016-12-19T18:43:01.490+0100: 7845.541: [GC pause (G1 Evacuation Pause) (young), 0.0234242 secs]
   [Parallel Time: 22.9 ms, GC Workers: 1]
      [GC Worker Start (ms):  7845540.9]
      [Ext Root Scanning (ms):  0.8]
      [Update RS (ms):  6.8]
         [Processed Buffers:  45]
      [Scan RS (ms):  1.3]
      [Code Root Scanning (ms):  0.0]
      [Object Copy (ms):  14.0]
      [Termination (ms):  0.0]
         [Termination Attempts:  1]
      [GC Worker Other (ms):  0.0]
      [GC Worker Total (ms):  22.9]
      [GC Worker End (ms):  7845563.8]
   [Code Root Fixup: 0.1 ms]
   [Code Root Purge: 0.0 ms]
   [Clear CT: 0.0 ms]
   [Other: 0.4 ms]
      [Choose CSet: 0.0 ms]
      [Ref Proc: 0.1 ms]
      [Ref Enq: 0.0 ms]
      [Redirty Cards: 0.0 ms]
      [Humongous Register: 0.0 ms]
      [Humongous Reclaim: 0.0 ms]
      [Free CSet: 0.0 ms]
   [Eden: 45.0M(45.0M)->0.0B(46.0M) Survivors: 6144.0K->5120.0K Heap: 265.5M(1024.0M)->220.9M(1024.0M)]
 [Times: user=0.02 sys=0.00, real=0.03 secs] 
2016-12-19T18:43:31.276+0100: 7875.326: [GC pause (G1 Evacuation Pause) (young), 0.0291500 secs]
   [Parallel Time: 28.3 ms, GC Workers: 1]
      [GC Worker Start (ms):  7875326.6]
      [Ext Root Scanning (ms):  1.2]
      [Update RS (ms):  9.7]
         [Processed Buffers:  46]
      [Scan RS (ms):  2.0]
      [Code Root Scanning (ms):  0.0]
      [Object Copy (ms):  15.3]
      [Termination (ms):  0.0]
         [Termination Attempts:  1]
      [GC Worker Other (ms):  0.0]
      [GC Worker Total (ms):  28.2]
      [GC Worker End (ms):  7875354.9]
   [Code Root Fixup: 0.0 ms]
   [Code Root Purge: 0.0 ms]
   [Clear CT: 0.0 ms]
   [Other: 0.8 ms]
      [Choose CSet: 0.0 ms]
      [Ref Proc: 0.0 ms]
      [Ref Enq: 0.0 ms]
      [Redirty Cards: 0.0 ms]
      [Humongous Register: 0.1 ms]
      [Humongous Reclaim: 0.0 ms]
      [Free CSet: 0.0 ms]
   [Eden: 46.0M(46.0M)->0.0B(47.0M) Survivors: 5120.0K->4096.0K Heap: 266.9M(1024.0M)->221.5M(1024.0M)]
 [Times: user=0.03 sys=0.00, real=0.03 secs] 
2016-12-19T18:44:02.904+0100: 7906.955: [GC pause (G1 Evacuation Pause) (young), 0.0242166 secs]
   [Parallel Time: 23.7 ms, GC Workers: 1]
      [GC Worker Start (ms):  7906954.7]
      [Ext Root Scanning (ms):  1.2]
      [Update RS (ms):  8.1]
         [Processed Buffers:  49]
      [Scan RS (ms):  1.2]
      [Code Root Scanning (ms):  0.0]
      [Object Copy (ms):  13.2]
      [Termination (ms):  0.0]
         [Termination Attempts:  1]
      [GC Worker Other (ms):  0.0]
      [GC Worker Total (ms):  23.6]
      [GC Worker End (ms):  7906978.3]
   [Code Root Fixup: 0.1 ms]
   [Code Root Purge: 0.0 ms]
   [Clear CT: 0.0 ms]
   [Other: 0.4 ms]
      [Choose CSet: 0.0 ms]
      [Ref Proc: 0.1 ms]
      [Ref Enq: 0.0 ms]
      [Redirty Cards: 0.0 ms]
      [Humongous Register: 0.0 ms]
      [Humongous Reclaim: 0.0 ms]
      [Free CSet: 0.0 ms]
   [Eden: 47.0M(47.0M)->0.0B(46.0M) Survivors: 4096.0K->5120.0K Heap: 268.5M(1024.0M)->222.0M(1024.0M)]
 [Times: user=0.02 sys=0.00, real=0.02 secs] 
2016-12-19T18:44:32.798+0100: 7936.848: [GC pause (G1 Evacuation Pause) (young), 0.0330376 secs]
   [Parallel Time: 32.3 ms, GC Workers: 1]
      [GC Worker Start (ms):  7936848.6]
      [Ext Root Scanning (ms):  1.0]
      [Update RS (ms):  5.2]
         [Processed Buffers:  46]
      [Scan RS (ms):  0.9]
      [Code Root Scanning (ms):  0.0]
      [Object Copy (ms):  25.1]
      [Termination (ms):  0.0]
         [Termination Attempts:  1]
      [GC Worker Other (ms):  0.0]
      [GC Worker Total (ms):  32.3]
      [GC Worker End (ms):  7936880.8]
   [Code Root Fixup: 0.0 ms]
   [Code Root Purge: 0.0 ms]
   [Clear CT: 0.0 ms]
   [Other: 0.7 ms]
      [Choose CSet: 0.0 ms]
      [Ref Proc: 0.0 ms]
      [Ref Enq: 0.0 ms]
      [Redirty Cards: 0.0 ms]
      [Humongous Register: 0.0 ms]
      [Humongous Reclaim: 0.0 ms]
      [Free CSet: 0.0 ms]
   [Eden: 46.0M(46.0M)->0.0B(46.0M) Survivors: 5120.0K->5120.0K Heap: 268.0M(1024.0M)->223.4M(1024.0M)]
 [Times: user=0.02 sys=0.01, real=0.04 secs] 
2016-12-19T18:45:06.506+0100: 7970.557: [GC pause (G1 Evacuation Pause) (young), 0.0516874 secs]
   [Parallel Time: 50.7 ms, GC Workers: 1]
      [GC Worker Start (ms):  7970557.4]
      [Ext Root Scanning (ms):  1.2]
      [Update RS (ms):  7.1]
         [Processed Buffers:  50]
      [Scan RS (ms):  1.0]
      [Code Root Scanning (ms):  0.0]
      [Object Copy (ms):  41.3]
      [Termination (ms):  0.0]
         [Termination Attempts:  1]
      [GC Worker Other (ms):  0.0]
      [GC Worker Total (ms):  50.6]
      [GC Worker End (ms):  7970608.0]
   [Code Root Fixup: 0.1 ms]
   [Code Root Purge: 0.0 ms]
   [Clear CT: 0.1 ms]
   [Other: 0.9 ms]
      [Choose CSet: 0.0 ms]
      [Ref Proc: 0.0 ms]
      [Ref Enq: 0.0 ms]
      [Redirty Cards: 0.1 ms]
      [Humongous Register: 0.1 ms]
      [Humongous Reclaim: 0.0 ms]
      [Free CSet: 0.0 ms]
   [Eden: 46.0M(46.0M)->0.0B(46.0M) Survivors: 5120.0K->5120.0K Heap: 269.4M(1024.0M)->224.5M(1024.0M)]
 [Times: user=0.03 sys=0.01, real=0.05 secs] 
2016-12-19T18:45:37.370+0100: 8001.420: [GC pause (G1 Evacuation Pause) (young), 0.0391095 secs]
   [Parallel Time: 38.0 ms, GC Workers: 1]
      [GC Worker Start (ms):  8001420.9]
      [Ext Root Scanning (ms):  1.5]
      [Update RS (ms):  10.3]
         [Processed Buffers:  57]
      [Scan RS (ms):  0.4]
      [Code Root Scanning (ms):  0.0]
      [Object Copy (ms):  25.4]
      [Termination (ms):  0.0]
         [Termination Attempts:  1]
      [GC Worker Other (ms):  0.0]
      [GC Worker Total (ms):  37.6]
      [GC Worker End (ms):  8001458.5]
   [Code Root Fixup: 0.0 ms]
   [Code Root Purge: 0.0 ms]
   [Clear CT: 0.1 ms]
   [Other: 1.0 ms]
      [Choose CSet: 0.0 ms]
      [Ref Proc: 0.0 ms]
      [Ref Enq: 0.0 ms]
      [Redirty Cards: 0.0 ms]
      [Humongous Register: 0.1 ms]
      [Humongous Reclaim: 0.0 ms]
      [Free CSet: 0.0 ms]
   [Eden: 46.0M(46.0M)->0.0B(47.0M) Survivors: 5120.0K->4096.0K Heap: 270.5M(1024.0M)->225.0M(1024.0M)]
 [Times: user=0.02 sys=0.00, real=0.04 secs] 
2016-12-19T18:46:06.320+0100: 8030.370: [GC pause (G1 Evacuation Pause) (young), 0.0261849 secs]
   [Parallel Time: 25.5 ms, GC Workers: 1]
      [GC Worker Start (ms):  8030370.5]
      [Ext Root Scanning (ms):  1.9]
      [Update RS (ms):  8.4]
         [Processed Buffers:  49]
      [Scan RS (ms):  0.8]
      [Code Root Scanning (ms):  0.0]
      [Object Copy (ms):  14.3]
      [Termination (ms):  0.0]
         [Termination Attempts:  1]
      [GC Worker Other (ms):  0.0]
      [GC Worker Total (ms):  25.5]
      [GC Worker End (ms):  8030396.0]
   [Code Root Fixup: 0.1 ms]
   [Code Root Purge: 0.0 ms]
   [Clear CT: 0.0 ms]
   [Other: 0.6 ms]
      [Choose CSet: 0.0 ms]
      [Ref Proc: 0.1 ms]
      [Ref Enq: 0.0 ms]
      [Redirty Cards: 0.1 ms]
      [Humongous Register: 0.0 ms]
      [Humongous Reclaim: 0.1 ms]
      [Free CSet: 0.1 ms]
   [Eden: 47.0M(47.0M)->0.0B(46.0M) Survivors: 4096.0K->5120.0K Heap: 272.0M(1024.0M)->226.0M(1024.0M)]
 [Times: user=0.03 sys=0.00, real=0.03 secs] 
2016-12-19T18:46:37.449+0100: 8061.500: [GC pause (G1 Evacuation Pause) (young), 0.0767672 secs]
   [Parallel Time: 75.3 ms, GC Workers: 1]
      [GC Worker Start (ms):  8061500.2]
      [Ext Root Scanning (ms):  2.4]
      [Update RS (ms):  3.4]
         [Processed Buffers:  32]
      [Scan RS (ms):  4.5]
      [Code Root Scanning (ms):  0.0]
      [Object Copy (ms):  65.1]
      [Termination (ms):  0.0]
         [Termination Attempts:  1]
      [GC Worker Other (ms):  0.0]
      [GC Worker Total (ms):  75.3]
      [GC Worker End (ms):  8061575.4]
   [Code Root Fixup: 0.1 ms]
   [Code Root Purge: 0.0 ms]
   [Clear CT: 0.1 ms]
   [Other: 1.3 ms]
      [Choose CSet: 0.0 ms]
      [Ref Proc: 0.1 ms]
      [Ref Enq: 0.0 ms]
      [Redirty Cards: 0.1 ms]
      [Humongous Register: 0.0 ms]
      [Humongous Reclaim: 0.1 ms]
      [Free CSet: 0.1 ms]
   [Eden: 46.0M(46.0M)->0.0B(46.0M) Survivors: 5120.0K->5120.0K Heap: 272.0M(1024.0M)->227.1M(1024.0M)]
 [Times: user=0.04 sys=0.00, real=0.08 secs] 
2016-12-19T18:47:07.708+0100: 8091.758: [GC pause (G1 Evacuation Pause) (young), 0.0237839 secs]
   [Parallel Time: 23.2 ms, GC Workers: 1]
      [GC Worker Start (ms):  8091758.6]
      [Ext Root Scanning (ms):  1.3]
      [Update RS (ms):  8.3]
         [Processed Buffers:  53]
      [Scan RS (ms):  0.9]
      [Code Root Scanning (ms):  0.0]
      [Object Copy (ms):  12.7]
      [Termination (ms):  0.0]
         [Termination Attempts:  1]
      [GC Worker Other (ms):  0.0]
      [GC Worker Total (ms):  23.2]
      [GC Worker End (ms):  8091781.8]
   [Code Root Fixup: 0.0 ms]
   [Code Root Purge: 0.0 ms]
   [Clear CT: 0.0 ms]
   [Other: 0.5 ms]
      [Choose CSet: 0.0 ms]
      [Ref Proc: 0.0 ms]
      [Ref Enq: 0.0 ms]
      [Redirty Cards: 0.0 ms]
      [Humongous Register: 0.1 ms]
      [Humongous Reclaim: 0.0 ms]
      [Free CSet: 0.0 ms]
   [Eden: 46.0M(46.0M)->0.0B(47.0M) Survivors: 5120.0K->4096.0K Heap: 273.1M(1024.0M)->228.0M(1024.0M)]
 [Times: user=0.02 sys=0.00, real=0.03 secs] 
2016-12-19T18:47:37.618+0100: 8121.670: [GC pause (G1 Evacuation Pause) (young), 0.0347887 secs]
   [Parallel Time: 32.4 ms, GC Workers: 1]
      [GC Worker Start (ms):  8121671.1]
      [Ext Root Scanning (ms):  1.1]
      [Update RS (ms):  5.1]
         [Processed Buffers:  38]
      [Scan RS (ms):  2.8]
      [Code Root Scanning (ms):  0.0]
      [Object Copy (ms):  23.3]
      [Termination (ms):  0.0]
         [Termination Attempts:  1]
      [GC Worker Other (ms):  0.0]
      [GC Worker Total (ms):  32.3]
      [GC Worker End (ms):  8121703.4]
   [Code Root Fixup: 0.1 ms]
   [Code Root Purge: 0.0 ms]
   [Clear CT: 0.1 ms]
   [Other: 2.3 ms]
      [Choose CSet: 0.0 ms]
      [Ref Proc: 0.1 ms]
      [Ref Enq: 0.0 ms]
      [Redirty Cards: 0.0 ms]
      [Humongous Register: 0.0 ms]
      [Humongous Reclaim: 0.1 ms]
      [Free CSet: 0.1 ms]
   [Eden: 47.0M(47.0M)->0.0B(45.0M) Survivors: 4096.0K->6144.0K Heap: 275.0M(1024.0M)->229.5M(1024.0M)]
 [Times: user=0.03 sys=0.00, real=0.04 secs] 
2016-12-19T18:48:08.329+0100: 8152.380: [GC pause (G1 Evacuation Pause) (young), 0.0223532 secs]
   [Parallel Time: 21.9 ms, GC Workers: 1]
      [GC Worker Start (ms):  8152379.8]
      [Ext Root Scanning (ms):  1.0]
      [Update RS (ms):  4.9]
         [Processed Buffers:  42]
      [Scan RS (ms):  1.4]
      [Code Root Scanning (ms):  0.0]
      [Object Copy (ms):  14.6]
      [Termination (ms):  0.0]
         [Termination Attempts:  1]
      [GC Worker Other (ms):  0.0]
      [GC Worker Total (ms):  21.8]
      [GC Worker End (ms):  8152401.7]
   [Code Root Fixup: 0.0 ms]
   [Code Root Purge: 0.0 ms]
   [Clear CT: 0.0 ms]
   [Other: 0.4 ms]
      [Choose CSet: 0.0 ms]
      [Ref Proc: 0.0 ms]
      [Ref Enq: 0.0 ms]
      [Redirty Cards: 0.0 ms]
      [Humongous Register: 0.0 ms]
      [Humongous Reclaim: 0.0 ms]
      [Free CSet: 0.0 ms]
   [Eden: 45.0M(45.0M)->0.0B(46.0M) Survivors: 6144.0K->5120.0K Heap: 274.5M(1024.0M)->230.0M(1024.0M)]
 [Times: user=0.02 sys=0.00, real=0.02 secs] 
2016-12-19T18:48:37.403+0100: 8181.454: [GC pause (G1 Evacuation Pause) (young), 0.0248554 secs]
   [Parallel Time: 24.3 ms, GC Workers: 1]
      [GC Worker Start (ms):  8181454.3]
      [Ext Root Scanning (ms):  2.1]
      [Update RS (ms):  8.7]
         [Processed Buffers:  46]
      [Scan RS (ms):  2.0]
      [Code Root Scanning (ms):  0.0]
      [Object Copy (ms):  11.4]
      [Termination (ms):  0.0]
         [Termination Attempts:  1]
      [GC Worker Other (ms):  0.0]
      [GC Worker Total (ms):  24.2]
      [GC Worker End (ms):  8181478.6]
   [Code Root Fixup: 0.1 ms]
   [Code Root Purge: 0.0 ms]
   [Clear CT: 0.0 ms]
   [Other: 0.5 ms]
      [Choose CSet: 0.0 ms]
      [Ref Proc: 0.0 ms]
      [Ref Enq: 0.0 ms]
      [Redirty Cards: 0.1 ms]
      [Humongous Register: 0.1 ms]
      [Humongous Reclaim: 0.0 ms]
      [Free CSet: 0.1 ms]
   [Eden: 46.0M(46.0M)->0.0B(47.0M) Survivors: 5120.0K->4096.0K Heap: 276.0M(1024.0M)->231.0M(1024.0M)]
 [Times: user=0.02 sys=0.00, real=0.02 secs] 
2016-12-19T18:49:10.633+0100: 8214.684: [GC pause (G1 Evacuation Pause) (young), 0.0230122 secs]
   [Parallel Time: 22.6 ms, GC Workers: 1]
      [GC Worker Start (ms):  8214683.9]
      [Ext Root Scanning (ms):  1.2]
      [Update RS (ms):  8.0]
         [Processed Buffers:  51]
      [Scan RS (ms):  0.7]
      [Code Root Scanning (ms):  0.0]
      [Object Copy (ms):  12.6]
      [Termination (ms):  0.0]
         [Termination Attempts:  1]
      [GC Worker Other (ms):  0.0]
      [GC Worker Total (ms):  22.5]
      [GC Worker End (ms):  8214706.5]
   [Code Root Fixup: 0.0 ms]
   [Code Root Purge: 0.0 ms]
   [Clear CT: 0.0 ms]
   [Other: 0.4 ms]
      [Choose CSet: 0.0 ms]
      [Ref Proc: 0.0 ms]
      [Ref Enq: 0.0 ms]
      [Redirty Cards: 0.0 ms]
      [Humongous Register: 0.0 ms]
      [Humongous Reclaim: 0.0 ms]
      [Free CSet: 0.0 ms]
   [Eden: 47.0M(47.0M)->0.0B(45.0M) Survivors: 4096.0K->6144.0K Heap: 278.0M(1024.0M)->232.5M(1024.0M)]
 [Times: user=0.03 sys=0.00, real=0.02 secs] 
2016-12-19T18:49:42.655+0100: 8246.706: [GC pause (G1 Evacuation Pause) (young), 0.0266839 secs]
   [Parallel Time: 26.0 ms, GC Workers: 1]
      [GC Worker Start (ms):  8246706.0]
      [Ext Root Scanning (ms):  1.2]
      [Update RS (ms):  5.1]
         [Processed Buffers:  40]
      [Scan RS (ms):  2.1]
      [Code Root Scanning (ms):  0.0]
      [Object Copy (ms):  17.5]
      [Termination (ms):  0.0]
         [Termination Attempts:  1]
      [GC Worker Other (ms):  0.0]
      [GC Worker Total (ms):  25.9]
      [GC Worker End (ms):  8246731.9]
   [Code Root Fixup: 0.1 ms]
   [Code Root Purge: 0.0 ms]
   [Clear CT: 0.0 ms]
   [Other: 0.6 ms]
      [Choose CSet: 0.0 ms]
      [Ref Proc: 0.1 ms]
      [Ref Enq: 0.0 ms]
      [Redirty Cards: 0.1 ms]
      [Humongous Register: 0.1 ms]
      [Humongous Reclaim: 0.0 ms]
      [Free CSet: 0.1 ms]
   [Eden: 45.0M(45.0M)->0.0B(46.0M) Survivors: 6144.0K->5120.0K Heap: 277.5M(1024.0M)->232.9M(1024.0M)]
 [Times: user=0.03 sys=0.00, real=0.02 secs] 
2016-12-19T18:50:12.637+0100: 8276.688: [GC pause (G1 Evacuation Pause) (young), 0.0394120 secs]
   [Parallel Time: 38.9 ms, GC Workers: 1]
      [GC Worker Start (ms):  8276687.9]
      [Ext Root Scanning (ms):  1.1]
      [Update RS (ms):  14.3]
         [Processed Buffers:  62]
      [Scan RS (ms):  0.3]
      [Code Root Scanning (ms):  0.0]
      [Object Copy (ms):  23.1]
      [Termination (ms):  0.0]
         [Termination Attempts:  1]
      [GC Worker Other (ms):  0.0]
      [GC Worker Total (ms):  38.9]
      [GC Worker End (ms):  8276726.8]
   [Code Root Fixup: 0.0 ms]
   [Code Root Purge: 0.0 ms]
   [Clear CT: 0.0 ms]
   [Other: 0.4 ms]
      [Choose CSet: 0.0 ms]
      [Ref Proc: 0.0 ms]
      [Ref Enq: 0.0 ms]
      [Redirty Cards: 0.0 ms]
      [Humongous Register: 0.0 ms]
      [Humongous Reclaim: 0.0 ms]
      [Free CSet: 0.0 ms]
   [Eden: 46.0M(46.0M)->0.0B(46.0M) Survivors: 5120.0K->5120.0K Heap: 278.9M(1024.0M)->234.0M(1024.0M)]
 [Times: user=0.03 sys=0.00, real=0.04 secs] 
2016-12-19T18:50:44.358+0100: 8308.409: [GC pause (G1 Evacuation Pause) (young), 0.0232051 secs]
   [Parallel Time: 22.7 ms, GC Workers: 1]
      [GC Worker Start (ms):  8308408.9]
      [Ext Root Scanning (ms):  2.6]
      [Update RS (ms):  7.6]
         [Processed Buffers:  49]
      [Scan RS (ms):  0.5]
      [Code Root Scanning (ms):  0.0]
      [Object Copy (ms):  11.9]
      [Termination (ms):  0.0]
         [Termination Attempts:  1]
      [GC Worker Other (ms):  0.0]
      [GC Worker Total (ms):  22.7]
      [GC Worker End (ms):  8308431.6]
   [Code Root Fixup: 0.1 ms]
   [Code Root Purge: 0.0 ms]
   [Clear CT: 0.0 ms]
   [Other: 0.4 ms]
      [Choose CSet: 0.0 ms]
      [Ref Proc: 0.0 ms]
      [Ref Enq: 0.0 ms]
      [Redirty Cards: 0.0 ms]
      [Humongous Register: 0.1 ms]
      [Humongous Reclaim: 0.0 ms]
      [Free CSet: 0.0 ms]
   [Eden: 46.0M(46.0M)->0.0B(47.0M) Survivors: 5120.0K->4096.0K Heap: 280.0M(1024.0M)->234.5M(1024.0M)]
 [Times: user=0.02 sys=0.00, real=0.02 secs] 
2016-12-19T18:51:15.599+0100: 8339.649: [GC pause (G1 Evacuation Pause) (young), 0.0208711 secs]
   [Parallel Time: 20.4 ms, GC Workers: 1]
      [GC Worker Start (ms):  8339649.7]
      [Ext Root Scanning (ms):  1.0]
      [Update RS (ms):  5.5]
         [Processed Buffers:  44]
      [Scan RS (ms):  2.0]
      [Code Root Scanning (ms):  0.0]
      [Object Copy (ms):  11.7]
      [Termination (ms):  0.0]
         [Termination Attempts:  1]
      [GC Worker Other (ms):  0.0]
      [GC Worker Total (ms):  20.3]
      [GC Worker End (ms):  8339670.0]
   [Code Root Fixup: 0.0 ms]
   [Code Root Purge: 0.0 ms]
   [Clear CT: 0.0 ms]
   [Other: 0.4 ms]
      [Choose CSet: 0.0 ms]
      [Ref Proc: 0.0 ms]
      [Ref Enq: 0.0 ms]
      [Redirty Cards: 0.0 ms]
      [Humongous Register: 0.0 ms]
      [Humongous Reclaim: 0.0 ms]
      [Free CSet: 0.1 ms]
   [Eden: 47.0M(47.0M)->0.0B(46.0M) Survivors: 4096.0K->5120.0K Heap: 281.5M(1024.0M)->235.5M(1024.0M)]
 [Times: user=0.02 sys=0.00, real=0.02 secs] 
2016-12-19T18:51:47.976+0100: 8372.027: [GC pause (G1 Evacuation Pause) (young), 0.0358005 secs]
   [Parallel Time: 35.2 ms, GC Workers: 1]
      [GC Worker Start (ms):  8372026.8]
      [Ext Root Scanning (ms):  1.2]
      [Update RS (ms):  5.8]
         [Processed Buffers:  45]
      [Scan RS (ms):  1.0]
      [Code Root Scanning (ms):  0.0]
      [Object Copy (ms):  22.1]
      [Termination (ms):  0.0]
         [Termination Attempts:  1]
      [GC Worker Other (ms):  0.0]
      [GC Worker Total (ms):  30.1]
      [GC Worker End (ms):  8372056.9]
   [Code Root Fixup: 0.0 ms]
   [Code Root Purge: 0.0 ms]
   [Clear CT: 0.0 ms]
   [Other: 0.5 ms]
      [Choose CSet: 0.0 ms]
      [Ref Proc: 0.1 ms]
      [Ref Enq: 0.0 ms]
      [Redirty Cards: 0.0 ms]
      [Humongous Register: 0.1 ms]
      [Humongous Reclaim: 0.0 ms]
      [Free CSet: 0.0 ms]
   [Eden: 46.0M(46.0M)->0.0B(46.0M) Survivors: 5120.0K->5120.0K Heap: 281.5M(1024.0M)->236.3M(1024.0M)]
 [Times: user=0.03 sys=0.00, real=0.04 secs] 
2016-12-19T18:52:16.692+0100: 8400.743: [GC pause (G1 Evacuation Pause) (young), 0.0333617 secs]
   [Parallel Time: 32.9 ms, GC Workers: 1]
      [GC Worker Start (ms):  8400743.3]
      [Ext Root Scanning (ms):  1.5]
      [Update RS (ms):  13.5]
         [Processed Buffers:  50]
      [Scan RS (ms):  1.7]
      [Code Root Scanning (ms):  0.0]
      [Object Copy (ms):  16.2]
      [Termination (ms):  0.0]
         [Termination Attempts:  1]
      [GC Worker Other (ms):  0.0]
      [GC Worker Total (ms):  32.9]
      [GC Worker End (ms):  8400776.1]
   [Code Root Fixup: 0.0 ms]
   [Code Root Purge: 0.0 ms]
   [Clear CT: 0.0 ms]
   [Other: 0.4 ms]
      [Choose CSet: 0.0 ms]
      [Ref Proc: 0.0 ms]
      [Ref Enq: 0.0 ms]
      [Redirty Cards: 0.0 ms]
      [Humongous Register: 0.0 ms]
      [Humongous Reclaim: 0.0 ms]
      [Free CSet: 0.0 ms]
   [Eden: 46.0M(46.0M)->0.0B(47.0M) Survivors: 5120.0K->4096.0K Heap: 282.3M(1024.0M)->237.0M(1024.0M)]
 [Times: user=0.03 sys=0.00, real=0.03 secs] 
2016-12-19T18:52:47.107+0100: 8431.157: [GC pause (G1 Evacuation Pause) (young), 0.0218405 secs]
   [Parallel Time: 21.4 ms, GC Workers: 1]
      [GC Worker Start (ms):  8431157.5]
      [Ext Root Scanning (ms):  1.0]
      [Update RS (ms):  8.7]
         [Processed Buffers:  55]
      [Scan RS (ms):  0.3]
      [Code Root Scanning (ms):  0.0]
      [Object Copy (ms):  11.4]
      [Termination (ms):  0.0]
         [Termination Attempts:  1]
      [GC Worker Other (ms):  0.0]
      [GC Worker Total (ms):  21.4]
      [GC Worker End (ms):  8431178.8]
   [Code Root Fixup: 0.0 ms]
   [Code Root Purge: 0.0 ms]
   [Clear CT: 0.0 ms]
   [Other: 0.4 ms]
      [Choose CSet: 0.0 ms]
      [Ref Proc: 0.0 ms]
      [Ref Enq: 0.0 ms]
      [Redirty Cards: 0.0 ms]
      [Humongous Register: 0.0 ms]
      [Humongous Reclaim: 0.0 ms]
      [Free CSet: 0.0 ms]
   [Eden: 47.0M(47.0M)->0.0B(45.0M) Survivors: 4096.0K->6144.0K Heap: 284.0M(1024.0M)->238.5M(1024.0M)]
 [Times: user=0.02 sys=0.00, real=0.02 secs] 
2016-12-19T18:53:15.703+0100: 8459.753: [GC pause (G1 Evacuation Pause) (young), 0.0304821 secs]
   [Parallel Time: 30.0 ms, GC Workers: 1]
      [GC Worker Start (ms):  8459753.7]
      [Ext Root Scanning (ms):  3.1]
      [Update RS (ms):  4.3]
         [Processed Buffers:  42]
      [Scan RS (ms):  2.8]
      [Code Root Scanning (ms):  0.0]
      [Object Copy (ms):  19.7]
      [Termination (ms):  0.0]
         [Termination Attempts:  1]
      [GC Worker Other (ms):  0.0]
      [GC Worker Total (ms):  29.9]
      [GC Worker End (ms):  8459783.6]
   [Code Root Fixup: 0.0 ms]
   [Code Root Purge: 0.0 ms]
   [Clear CT: 0.0 ms]
   [Other: 0.4 ms]
      [Choose CSet: 0.0 ms]
      [Ref Proc: 0.0 ms]
      [Ref Enq: 0.0 ms]
      [Redirty Cards: 0.0 ms]
      [Humongous Register: 0.1 ms]
      [Humongous Reclaim: 0.0 ms]
      [Free CSet: 0.0 ms]
   [Eden: 45.0M(45.0M)->0.0B(46.0M) Survivors: 6144.0K->5120.0K Heap: 283.5M(1024.0M)->239.0M(1024.0M)]
 [Times: user=0.03 sys=0.00, real=0.03 secs] 
2016-12-19T18:53:46.545+0100: 8490.596: [GC pause (G1 Evacuation Pause) (young), 0.0252192 secs]
   [Parallel Time: 24.8 ms, GC Workers: 1]
      [GC Worker Start (ms):  8490595.8]
      [Ext Root Scanning (ms):  1.0]
      [Update RS (ms):  10.6]
         [Processed Buffers:  61]
      [Scan RS (ms):  0.3]
      [Code Root Scanning (ms):  0.0]
      [Object Copy (ms):  12.8]
      [Termination (ms):  0.0]
         [Termination Attempts:  1]
      [GC Worker Other (ms):  0.0]
      [GC Worker Total (ms):  24.7]
      [GC Worker End (ms):  8490620.6]
   [Code Root Fixup: 0.0 ms]
   [Code Root Purge: 0.0 ms]
   [Clear CT: 0.0 ms]
   [Other: 0.4 ms]
      [Choose CSet: 0.0 ms]
      [Ref Proc: 0.0 ms]
      [Ref Enq: 0.0 ms]
      [Redirty Cards: 0.0 ms]
      [Humongous Register: 0.0 ms]
      [Humongous Reclaim: 0.0 ms]
      [Free CSet: 0.0 ms]
   [Eden: 46.0M(46.0M)->0.0B(47.0M) Survivors: 5120.0K->4096.0K Heap: 285.0M(1024.0M)->240.0M(1024.0M)]
 [Times: user=0.02 sys=0.00, real=0.02 secs] 
2016-12-19T18:54:18.082+0100: 8522.133: [GC pause (G1 Evacuation Pause) (young), 0.0275386 secs]
   [Parallel Time: 26.3 ms, GC Workers: 1]
      [GC Worker Start (ms):  8522133.3]
      [Ext Root Scanning (ms):  1.3]
      [Update RS (ms):  9.2]
         [Processed Buffers:  53]
      [Scan RS (ms):  0.4]
      [Code Root Scanning (ms):  0.0]
      [Object Copy (ms):  15.3]
      [Termination (ms):  0.0]
         [Termination Attempts:  1]
      [GC Worker Other (ms):  0.0]
      [GC Worker Total (ms):  26.3]
      [GC Worker End (ms):  8522159.6]
   [Code Root Fixup: 0.0 ms]
   [Code Root Purge: 0.0 ms]
   [Clear CT: 0.0 ms]
   [Other: 1.1 ms]
      [Choose CSet: 0.0 ms]
      [Ref Proc: 0.6 ms]
      [Ref Enq: 0.0 ms]
      [Redirty Cards: 0.0 ms]
      [Humongous Register: 0.0 ms]
      [Humongous Reclaim: 0.1 ms]
      [Free CSet: 0.1 ms]
   [Eden: 47.0M(47.0M)->0.0B(45.0M) Survivors: 4096.0K->6144.0K Heap: 287.0M(1024.0M)->241.5M(1024.0M)]
 [Times: user=0.02 sys=0.00, real=0.03 secs] 
2016-12-19T18:54:46.860+0100: 8550.911: [GC pause (G1 Evacuation Pause) (young), 0.0444894 secs]
   [Parallel Time: 43.8 ms, GC Workers: 1]
      [GC Worker Start (ms):  8550910.7]
      [Ext Root Scanning (ms):  1.2]
      [Update RS (ms):  3.5]
         [Processed Buffers:  32]
      [Scan RS (ms):  6.5]
      [Code Root Scanning (ms):  0.0]
      [Object Copy (ms):  32.5]
      [Termination (ms):  0.0]
         [Termination Attempts:  1]
      [GC Worker Other (ms):  0.0]
      [GC Worker Total (ms):  43.8]
      [GC Worker End (ms):  8550954.5]
   [Code Root Fixup: 0.1 ms]
   [Code Root Purge: 0.0 ms]
   [Clear CT: 0.0 ms]
   [Other: 0.5 ms]
      [Choose CSet: 0.0 ms]
      [Ref Proc: 0.1 ms]
      [Ref Enq: 0.0 ms]
      [Redirty Cards: 0.1 ms]
      [Humongous Register: 0.1 ms]
      [Humongous Reclaim: 0.1 ms]
      [Free CSet: 0.1 ms]
   [Eden: 45.0M(45.0M)->0.0B(46.0M) Survivors: 6144.0K->5120.0K Heap: 286.5M(1024.0M)->241.9M(1024.0M)]
 [Times: user=0.04 sys=0.00, real=0.05 secs] 
2016-12-19T18:55:18.015+0100: 8582.066: [GC pause (G1 Evacuation Pause) (young), 0.0277094 secs]
   [Parallel Time: 27.1 ms, GC Workers: 1]
      [GC Worker Start (ms):  8582066.1]
      [Ext Root Scanning (ms):  1.8]
      [Update RS (ms):  9.0]
         [Processed Buffers:  59]
      [Scan RS (ms):  0.5]
      [Code Root Scanning (ms):  0.0]
      [Object Copy (ms):  15.7]
      [Termination (ms):  0.0]
         [Termination Attempts:  1]
      [GC Worker Other (ms):  0.0]
      [GC Worker Total (ms):  27.0]
      [GC Worker End (ms):  8582093.1]
   [Code Root Fixup: 0.2 ms]
   [Code Root Purge: 0.0 ms]
   [Clear CT: 0.0 ms]
   [Other: 0.4 ms]
      [Choose CSet: 0.0 ms]
      [Ref Proc: 0.0 ms]
      [Ref Enq: 0.0 ms]
      [Redirty Cards: 0.0 ms]
      [Humongous Register: 0.0 ms]
      [Humongous Reclaim: 0.0 ms]
      [Free CSet: 0.1 ms]
   [Eden: 46.0M(46.0M)->0.0B(47.0M) Survivors: 5120.0K->4096.0K Heap: 287.9M(1024.0M)->242.5M(1024.0M)]
 [Times: user=0.03 sys=0.00, real=0.03 secs] 
2016-12-19T18:55:48.640+0100: 8612.691: [GC pause (G1 Evacuation Pause) (young), 0.0239961 secs]
   [Parallel Time: 23.5 ms, GC Workers: 1]
      [GC Worker Start (ms):  8612690.7]
      [Ext Root Scanning (ms):  0.9]
      [Update RS (ms):  8.2]
         [Processed Buffers:  50]
      [Scan RS (ms):  0.7]
      [Code Root Scanning (ms):  0.0]
      [Object Copy (ms):  13.6]
      [Termination (ms):  0.0]
         [Termination Attempts:  1]
      [GC Worker Other (ms):  0.0]
      [GC Worker Total (ms):  23.5]
      [GC Worker End (ms):  8612714.2]
   [Code Root Fixup: 0.0 ms]
   [Code Root Purge: 0.0 ms]
   [Clear CT: 0.0 ms]
   [Other: 0.4 ms]
      [Choose CSet: 0.0 ms]
      [Ref Proc: 0.0 ms]
      [Ref Enq: 0.0 ms]
      [Redirty Cards: 0.0 ms]
      [Humongous Register: 0.0 ms]
      [Humongous Reclaim: 0.0 ms]
      [Free CSet: 0.0 ms]
   [Eden: 47.0M(47.0M)->0.0B(45.0M) Survivors: 4096.0K->6144.0K Heap: 289.5M(1024.0M)->244.0M(1024.0M)]
 [Times: user=0.02 sys=0.00, real=0.03 secs] 
2016-12-19T18:56:18.905+0100: 8642.955: [GC pause (G1 Evacuation Pause) (young), 0.0230191 secs]
   [Parallel Time: 22.6 ms, GC Workers: 1]
      [GC Worker Start (ms):  8642955.5]
      [Ext Root Scanning (ms):  0.8]
      [Update RS (ms):  3.5]
         [Processed Buffers:  39]
      [Scan RS (ms):  2.8]
      [Code Root Scanning (ms):  0.0]
      [Object Copy (ms):  15.6]
      [Termination (ms):  0.0]
         [Termination Attempts:  1]
      [GC Worker Other (ms):  0.0]
      [GC Worker Total (ms):  22.6]
      [GC Worker End (ms):  8642978.1]
   [Code Root Fixup: 0.0 ms]
   [Code Root Purge: 0.0 ms]
   [Clear CT: 0.0 ms]
   [Other: 0.3 ms]
      [Choose CSet: 0.0 ms]
      [Ref Proc: 0.0 ms]
      [Ref Enq: 0.0 ms]
      [Redirty Cards: 0.0 ms]
      [Humongous Register: 0.0 ms]
      [Humongous Reclaim: 0.0 ms]
      [Free CSet: 0.0 ms]
   [Eden: 45.0M(45.0M)->0.0B(46.0M) Survivors: 6144.0K->5120.0K Heap: 289.0M(1024.0M)->244.4M(1024.0M)]
 [Times: user=0.02 sys=0.00, real=0.02 secs] 
2016-12-19T18:56:47.816+0100: 8671.867: [GC pause (G1 Evacuation Pause) (young), 0.0649889 secs]
   [Parallel Time: 64.4 ms, GC Workers: 1]
      [GC Worker Start (ms):  8671867.0]
      [Ext Root Scanning (ms):  1.2]
      [Update RS (ms):  9.9]
         [Processed Buffers:  54]
      [Scan RS (ms):  0.7]
      [Code Root Scanning (ms):  0.0]
      [Object Copy (ms):  52.4]
      [Termination (ms):  0.0]
         [Termination Attempts:  1]
      [GC Worker Other (ms):  0.0]
      [GC Worker Total (ms):  64.2]
      [GC Worker End (ms):  8671931.3]
   [Code Root Fixup: 0.0 ms]
   [Code Root Purge: 0.0 ms]
   [Clear CT: 0.0 ms]
   [Other: 0.5 ms]
      [Choose CSet: 0.0 ms]
      [Ref Proc: 0.0 ms]
      [Ref Enq: 0.0 ms]
      [Redirty Cards: 0.0 ms]
      [Humongous Register: 0.2 ms]
      [Humongous Reclaim: 0.0 ms]
      [Free CSet: 0.0 ms]
   [Eden: 46.0M(46.0M)->0.0B(47.0M) Survivors: 5120.0K->4096.0K Heap: 290.4M(1024.0M)->245.0M(1024.0M)]
 [Times: user=0.04 sys=0.01, real=0.06 secs] 
2016-12-19T18:57:19.218+0100: 8703.269: [GC pause (G1 Evacuation Pause) (young), 0.0185954 secs]
   [Parallel Time: 18.2 ms, GC Workers: 1]
      [GC Worker Start (ms):  8703268.8]
      [Ext Root Scanning (ms):  1.3]
      [Update RS (ms):  3.2]
         [Processed Buffers:  31]
      [Scan RS (ms):  3.2]
      [Code Root Scanning (ms):  0.0]
      [Object Copy (ms):  10.4]
      [Termination (ms):  0.0]
         [Termination Attempts:  1]
      [GC Worker Other (ms):  0.0]
      [GC Worker Total (ms):  18.1]
      [GC Worker End (ms):  8703286.9]
   [Code Root Fixup: 0.0 ms]
   [Code Root Purge: 0.0 ms]
   [Clear CT: 0.0 ms]
   [Other: 0.4 ms]
      [Choose CSet: 0.0 ms]
      [Ref Proc: 0.0 ms]
      [Ref Enq: 0.0 ms]
      [Redirty Cards: 0.0 ms]
      [Humongous Register: 0.0 ms]
      [Humongous Reclaim: 0.0 ms]
      [Free CSet: 0.1 ms]
   [Eden: 47.0M(47.0M)->0.0B(46.0M) Survivors: 4096.0K->5120.0K Heap: 292.0M(1024.0M)->245.5M(1024.0M)]
 [Times: user=0.02 sys=0.00, real=0.02 secs] 
2016-12-19T18:57:50.543+0100: 8734.594: [GC pause (G1 Evacuation Pause) (young), 0.0233577 secs]
   [Parallel Time: 22.9 ms, GC Workers: 1]
      [GC Worker Start (ms):  8734594.0]
      [Ext Root Scanning (ms):  0.9]
      [Update RS (ms):  2.0]
         [Processed Buffers:  27]
      [Scan RS (ms):  4.6]
      [Code Root Scanning (ms):  0.0]
      [Object Copy (ms):  15.5]
      [Termination (ms):  0.0]
         [Termination Attempts:  1]
      [GC Worker Other (ms):  0.0]
      [GC Worker Total (ms):  22.9]
      [GC Worker End (ms):  8734616.9]
   [Code Root Fixup: 0.0 ms]
   [Code Root Purge: 0.0 ms]
   [Clear CT: 0.0 ms]
   [Other: 0.4 ms]
      [Choose CSet: 0.0 ms]
      [Ref Proc: 0.0 ms]
      [Ref Enq: 0.0 ms]
      [Redirty Cards: 0.0 ms]
      [Humongous Register: 0.1 ms]
      [Humongous Reclaim: 0.0 ms]
      [Free CSet: 0.0 ms]
   [Eden: 46.0M(46.0M)->0.0B(46.0M) Survivors: 5120.0K->5120.0K Heap: 291.5M(1024.0M)->246.7M(1024.0M)]
 [Times: user=0.02 sys=0.00, real=0.02 secs] 
2016-12-19T18:58:20.019+0100: 8764.070: [GC pause (G1 Evacuation Pause) (young), 0.0251735 secs]
   [Parallel Time: 24.7 ms, GC Workers: 1]
      [GC Worker Start (ms):  8764069.9]
      [Ext Root Scanning (ms):  2.0]
      [Update RS (ms):  2.6]
         [Processed Buffers:  29]
      [Scan RS (ms):  3.6]
      [Code Root Scanning (ms):  0.0]
      [Object Copy (ms):  16.4]
      [Termination (ms):  0.0]
         [Termination Attempts:  1]
      [GC Worker Other (ms):  0.0]
      [GC Worker Total (ms):  24.7]
      [GC Worker End (ms):  8764094.6]
   [Code Root Fixup: 0.0 ms]
   [Code Root Purge: 0.0 ms]
   [Clear CT: 0.0 ms]
   [Other: 0.4 ms]
      [Choose CSet: 0.0 ms]
      [Ref Proc: 0.0 ms]
      [Ref Enq: 0.0 ms]
      [Redirty Cards: 0.0 ms]
      [Humongous Register: 0.1 ms]
      [Humongous Reclaim: 0.0 ms]
      [Free CSet: 0.0 ms]
   [Eden: 46.0M(46.0M)->0.0B(46.0M) Survivors: 5120.0K->5120.0K Heap: 292.7M(1024.0M)->248.0M(1024.0M)]
 [Times: user=0.02 sys=0.00, real=0.03 secs] 
2016-12-19T18:58:48.874+0100: 8792.925: [GC pause (G1 Evacuation Pause) (young), 0.0213346 secs]
   [Parallel Time: 20.9 ms, GC Workers: 1]
      [GC Worker Start (ms):  8792924.8]
      [Ext Root Scanning (ms):  2.0]
      [Update RS (ms):  5.6]
         [Processed Buffers:  44]
      [Scan RS (ms):  2.1]
      [Code Root Scanning (ms):  0.0]
      [Object Copy (ms):  11.2]
      [Termination (ms):  0.0]
         [Termination Attempts:  1]
      [GC Worker Other (ms):  0.0]
      [GC Worker Total (ms):  20.9]
      [GC Worker End (ms):  8792945.6]
   [Code Root Fixup: 0.0 ms]
   [Code Root Purge: 0.0 ms]
   [Clear CT: 0.0 ms]
   [Other: 0.4 ms]
      [Choose CSet: 0.0 ms]
      [Ref Proc: 0.0 ms]
      [Ref Enq: 0.0 ms]
      [Redirty Cards: 0.0 ms]
      [Humongous Register: 0.0 ms]
      [Humongous Reclaim: 0.0 ms]
      [Free CSet: 0.0 ms]
   [Eden: 46.0M(46.0M)->0.0B(47.0M) Survivors: 5120.0K->4096.0K Heap: 294.0M(1024.0M)->248.5M(1024.0M)]
 [Times: user=0.02 sys=0.00, real=0.02 secs] 
2016-12-19T18:59:23.879+0100: 8827.930: [GC pause (G1 Evacuation Pause) (young), 0.0202322 secs]
   [Parallel Time: 19.8 ms, GC Workers: 1]
      [GC Worker Start (ms):  8827930.2]
      [Ext Root Scanning (ms):  1.0]
      [Update RS (ms):  3.5]
         [Processed Buffers:  40]
      [Scan RS (ms):  3.3]
      [Code Root Scanning (ms):  0.0]
      [Object Copy (ms):  12.0]
      [Termination (ms):  0.0]
         [Termination Attempts:  1]
      [GC Worker Other (ms):  0.0]
      [GC Worker Total (ms):  19.8]
      [GC Worker End (ms):  8827950.0]
   [Code Root Fixup: 0.0 ms]
   [Code Root Purge: 0.0 ms]
   [Clear CT: 0.0 ms]
   [Other: 0.4 ms]
      [Choose CSet: 0.0 ms]
      [Ref Proc: 0.0 ms]
      [Ref Enq: 0.0 ms]
      [Redirty Cards: 0.0 ms]
      [Humongous Register: 0.0 ms]
      [Humongous Reclaim: 0.0 ms]
      [Free CSet: 0.1 ms]
   [Eden: 47.0M(47.0M)->0.0B(46.0M) Survivors: 4096.0K->5120.0K Heap: 295.5M(1024.0M)->249.5M(1024.0M)]
 [Times: user=0.02 sys=0.00, real=0.02 secs] 
2016-12-19T18:59:53.443+0100: 8857.494: [GC pause (G1 Evacuation Pause) (young), 0.0324487 secs]
   [Parallel Time: 31.4 ms, GC Workers: 1]
      [GC Worker Start (ms):  8857493.7]
      [Ext Root Scanning (ms):  1.0]
      [Update RS (ms):  7.7]
         [Processed Buffers:  47]
      [Scan RS (ms):  1.1]
      [Code Root Scanning (ms):  0.0]
      [Object Copy (ms):  21.6]
      [Termination (ms):  0.0]
         [Termination Attempts:  1]
      [GC Worker Other (ms):  0.0]
      [GC Worker Total (ms):  31.4]
      [GC Worker End (ms):  8857525.2]
   [Code Root Fixup: 0.0 ms]
   [Code Root Purge: 0.0 ms]
   [Clear CT: 0.1 ms]
   [Other: 0.9 ms]
      [Choose CSet: 0.0 ms]
      [Ref Proc: 0.3 ms]
      [Ref Enq: 0.0 ms]
      [Redirty Cards: 0.2 ms]
      [Humongous Register: 0.0 ms]
      [Humongous Reclaim: 0.0 ms]
      [Free CSet: 0.1 ms]
   [Eden: 46.0M(46.0M)->0.0B(46.0M) Survivors: 5120.0K->5120.0K Heap: 295.5M(1024.0M)->250.7M(1024.0M)]
 [Times: user=0.03 sys=0.00, real=0.03 secs] 
2016-12-19T19:00:23.827+0100: 8887.878: [GC pause (G1 Evacuation Pause) (young), 0.0275706 secs]
   [Parallel Time: 27.1 ms, GC Workers: 1]
      [GC Worker Start (ms):  8887877.8]
      [Ext Root Scanning (ms):  0.9]
      [Update RS (ms):  7.5]
         [Processed Buffers:  51]
      [Scan RS (ms):  1.5]
      [Code Root Scanning (ms):  0.0]
      [Object Copy (ms):  17.1]
      [Termination (ms):  0.0]
         [Termination Attempts:  1]
      [GC Worker Other (ms):  0.0]
      [GC Worker Total (ms):  27.0]
      [GC Worker End (ms):  8887904.8]
   [Code Root Fixup: 0.0 ms]
   [Code Root Purge: 0.0 ms]
   [Clear CT: 0.1 ms]
   [Other: 0.4 ms]
      [Choose CSet: 0.0 ms]
      [Ref Proc: 0.1 ms]
      [Ref Enq: 0.0 ms]
      [Redirty Cards: 0.0 ms]
      [Humongous Register: 0.0 ms]
      [Humongous Reclaim: 0.0 ms]
      [Free CSet: 0.0 ms]
   [Eden: 46.0M(46.0M)->0.0B(47.0M) Survivors: 5120.0K->4096.0K Heap: 296.7M(1024.0M)->251.5M(1024.0M)]
 [Times: user=0.03 sys=0.00, real=0.03 secs] 
2016-12-19T19:00:54.032+0100: 8918.083: [GC pause (G1 Evacuation Pause) (young), 0.0247220 secs]
   [Parallel Time: 23.9 ms, GC Workers: 1]
      [GC Worker Start (ms):  8918083.4]
      [Ext Root Scanning (ms):  1.0]
      [Update RS (ms):  6.9]
         [Processed Buffers:  42]
      [Scan RS (ms):  2.4]
      [Code Root Scanning (ms):  0.0]
      [Object Copy (ms):  13.6]
      [Termination (ms):  0.0]
         [Termination Attempts:  1]
      [GC Worker Other (ms):  0.0]
      [GC Worker Total (ms):  23.9]
      [GC Worker End (ms):  8918107.3]
   [Code Root Fixup: 0.1 ms]
   [Code Root Purge: 0.0 ms]
   [Clear CT: 0.0 ms]
   [Other: 0.7 ms]
      [Choose CSet: 0.0 ms]
      [Ref Proc: 0.1 ms]
      [Ref Enq: 0.0 ms]
      [Redirty Cards: 0.0 ms]
      [Humongous Register: 0.1 ms]
      [Humongous Reclaim: 0.1 ms]
      [Free CSet: 0.1 ms]
   [Eden: 47.0M(47.0M)->0.0B(45.0M) Survivors: 4096.0K->6144.0K Heap: 298.5M(1024.0M)->253.0M(1024.0M)]
 [Times: user=0.03 sys=0.00, real=0.02 secs] 
2016-12-19T19:01:22.084+0100: 8946.135: [GC pause (G1 Evacuation Pause) (young), 0.0443583 secs]
   [Parallel Time: 42.1 ms, GC Workers: 1]
      [GC Worker Start (ms):  8946134.9]
      [Ext Root Scanning (ms):  4.2]
      [Update RS (ms):  10.1]
         [Processed Buffers:  49]
      [Scan RS (ms):  0.8]
      [Code Root Scanning (ms):  0.0]
      [Object Copy (ms):  26.9]
      [Termination (ms):  0.0]
         [Termination Attempts:  1]
      [GC Worker Other (ms):  0.1]
      [GC Worker Total (ms):  42.1]
      [GC Worker End (ms):  8946177.0]
   [Code Root Fixup: 0.1 ms]
   [Code Root Purge: 0.0 ms]
   [Clear CT: 0.0 ms]
   [Other: 2.0 ms]
      [Choose CSet: 0.0 ms]
      [Ref Proc: 0.1 ms]
      [Ref Enq: 0.0 ms]
      [Redirty Cards: 0.1 ms]
      [Humongous Register: 0.1 ms]
      [Humongous Reclaim: 1.3 ms]
      [Free CSet: 0.1 ms]
   [Eden: 45.0M(45.0M)->0.0B(46.0M) Survivors: 6144.0K->5120.0K Heap: 298.0M(1024.0M)->253.4M(1024.0M)]
 [Times: user=0.05 sys=0.00, real=0.04 secs] 
2016-12-19T19:01:50.945+0100: 8974.995: [GC pause (G1 Evacuation Pause) (young), 0.0401184 secs]
   [Parallel Time: 39.5 ms, GC Workers: 1]
      [GC Worker Start (ms):  8974995.6]
      [Ext Root Scanning (ms):  1.2]
      [Update RS (ms):  10.7]
         [Processed Buffers:  44]
      [Scan RS (ms):  4.8]
      [Code Root Scanning (ms):  0.0]
      [Object Copy (ms):  22.7]
      [Termination (ms):  0.0]
         [Termination Attempts:  1]
      [GC Worker Other (ms):  0.0]
      [GC Worker Total (ms):  39.4]
      [GC Worker End (ms):  8975035.0]
   [Code Root Fixup: 0.1 ms]
   [Code Root Purge: 0.0 ms]
   [Clear CT: 0.0 ms]
   [Other: 0.6 ms]
      [Choose CSet: 0.0 ms]
      [Ref Proc: 0.0 ms]
      [Ref Enq: 0.0 ms]
      [Redirty Cards: 0.1 ms]
      [Humongous Register: 0.0 ms]
      [Humongous Reclaim: 0.1 ms]
      [Free CSet: 0.1 ms]
   [Eden: 46.0M(46.0M)->0.0B(47.0M) Survivors: 5120.0K->4096.0K Heap: 299.4M(1024.0M)->254.0M(1024.0M)]
 [Times: user=0.03 sys=0.00, real=0.04 secs] 
2016-12-19T19:02:21.141+0100: 9005.192: [GC pause (G1 Evacuation Pause) (young), 0.0262087 secs]
   [Parallel Time: 25.7 ms, GC Workers: 1]
      [GC Worker Start (ms):  9005192.0]
      [Ext Root Scanning (ms):  1.8]
      [Update RS (ms):  7.4]
         [Processed Buffers:  55]
      [Scan RS (ms):  0.8]
      [Code Root Scanning (ms):  0.0]
      [Object Copy (ms):  15.7]
      [Termination (ms):  0.0]
         [Termination Attempts:  1]
      [GC Worker Other (ms):  0.0]
      [GC Worker Total (ms):  25.7]
      [GC Worker End (ms):  9005217.7]
   [Code Root Fixup: 0.0 ms]
   [Code Root Purge: 0.0 ms]
   [Clear CT: 0.0 ms]
   [Other: 0.4 ms]
      [Choose CSet: 0.0 ms]
      [Ref Proc: 0.0 ms]
      [Ref Enq: 0.0 ms]
      [Redirty Cards: 0.0 ms]
      [Humongous Register: 0.1 ms]
      [Humongous Reclaim: 0.0 ms]
      [Free CSet: 0.0 ms]
   [Eden: 47.0M(47.0M)->0.0B(45.0M) Survivors: 4096.0K->6144.0K Heap: 301.0M(1024.0M)->255.5M(1024.0M)]
 [Times: user=0.02 sys=0.00, real=0.03 secs] 
2016-12-19T19:02:49.973+0100: 9034.024: [GC pause (G1 Evacuation Pause) (young), 0.0246192 secs]
   [Parallel Time: 24.1 ms, GC Workers: 1]
      [GC Worker Start (ms):  9034024.3]
      [Ext Root Scanning (ms):  1.1]
      [Update RS (ms):  4.9]
         [Processed Buffers:  43]
      [Scan RS (ms):  2.5]
      [Code Root Scanning (ms):  0.0]
      [Object Copy (ms):  15.6]
      [Termination (ms):  0.0]
         [Termination Attempts:  1]
      [GC Worker Other (ms):  0.0]
      [GC Worker Total (ms):  24.1]
      [GC Worker End (ms):  9034048.4]
   [Code Root Fixup: 0.0 ms]
   [Code Root Purge: 0.0 ms]
   [Clear CT: 0.0 ms]
   [Other: 0.4 ms]
      [Choose CSet: 0.0 ms]
      [Ref Proc: 0.0 ms]
      [Ref Enq: 0.0 ms]
      [Redirty Cards: 0.0 ms]
      [Humongous Register: 0.0 ms]
      [Humongous Reclaim: 0.0 ms]
      [Free CSet: 0.0 ms]
   [Eden: 45.0M(45.0M)->0.0B(46.0M) Survivors: 6144.0K->5120.0K Heap: 300.5M(1024.0M)->255.9M(1024.0M)]
 [Times: user=0.02 sys=0.00, real=0.02 secs] 
2016-12-19T19:03:19.672+0100: 9063.723: [GC pause (G1 Evacuation Pause) (young), 0.0748567 secs]
   [Parallel Time: 74.2 ms, GC Workers: 1]
      [GC Worker Start (ms):  9063723.2]
      [Ext Root Scanning (ms):  2.1]
      [Update RS (ms):  11.6]
         [Processed Buffers:  42]
      [Scan RS (ms):  2.8]
      [Code Root Scanning (ms):  0.0]
      [Object Copy (ms):  57.6]
      [Termination (ms):  0.0]
         [Termination Attempts:  1]
      [GC Worker Other (ms):  0.0]
      [GC Worker Total (ms):  74.1]
      [GC Worker End (ms):  9063797.3]
   [Code Root Fixup: 0.1 ms]
   [Code Root Purge: 0.0 ms]
   [Clear CT: 0.1 ms]
   [Other: 0.6 ms]
      [Choose CSet: 0.0 ms]
      [Ref Proc: 0.0 ms]
      [Ref Enq: 0.0 ms]
      [Redirty Cards: 0.0 ms]
      [Humongous Register: 0.1 ms]
      [Humongous Reclaim: 0.0 ms]
      [Free CSet: 0.1 ms]
   [Eden: 46.0M(46.0M)->0.0B(47.0M) Survivors: 5120.0K->4096.0K Heap: 301.9M(1024.0M)->256.5M(1024.0M)]
 [Times: user=0.07 sys=0.00, real=0.07 secs] 
2016-12-19T19:03:49.941+0100: 9093.991: [GC pause (G1 Evacuation Pause) (young), 0.0281827 secs]
   [Parallel Time: 27.5 ms, GC Workers: 1]
      [GC Worker Start (ms):  9093991.6]
      [Ext Root Scanning (ms):  1.2]
      [Update RS (ms):  7.8]
         [Processed Buffers:  46]
      [Scan RS (ms):  1.8]
      [Code Root Scanning (ms):  0.0]
      [Object Copy (ms):  16.5]
      [Termination (ms):  0.0]
         [Termination Attempts:  1]
      [GC Worker Other (ms):  0.0]
      [GC Worker Total (ms):  27.4]
      [GC Worker End (ms):  9094019.0]
   [Code Root Fixup: 0.1 ms]
   [Code Root Purge: 0.0 ms]
   [Clear CT: 0.0 ms]
   [Other: 0.6 ms]
      [Choose CSet: 0.0 ms]
      [Ref Proc: 0.1 ms]
      [Ref Enq: 0.0 ms]
      [Redirty Cards: 0.1 ms]
      [Humongous Register: 0.0 ms]
      [Humongous Reclaim: 0.0 ms]
      [Free CSet: 0.1 ms]
   [Eden: 47.0M(47.0M)->0.0B(46.0M) Survivors: 4096.0K->5120.0K Heap: 303.5M(1024.0M)->257.0M(1024.0M)]
 [Times: user=0.03 sys=0.00, real=0.03 secs] 
2016-12-19T19:04:18.697+0100: 9122.748: [GC pause (G1 Evacuation Pause) (young), 0.0798910 secs]
   [Parallel Time: 76.4 ms, GC Workers: 1]
      [GC Worker Start (ms):  9122748.5]
      [Ext Root Scanning (ms):  1.7]
      [Update RS (ms):  19.9]
         [Processed Buffers:  34]
      [Scan RS (ms):  5.8]
      [Code Root Scanning (ms):  0.0]
      [Object Copy (ms):  48.8]
      [Termination (ms):  0.0]
         [Termination Attempts:  1]
      [GC Worker Other (ms):  0.0]
      [GC Worker Total (ms):  76.3]
      [GC Worker End (ms):  9122824.8]
   [Code Root Fixup: 0.1 ms]
   [Code Root Purge: 0.0 ms]
   [Clear CT: 0.0 ms]
   [Other: 3.4 ms]
      [Choose CSet: 0.0 ms]
      [Ref Proc: 0.0 ms]
      [Ref Enq: 0.0 ms]
      [Redirty Cards: 0.1 ms]
      [Humongous Register: 0.1 ms]
      [Humongous Reclaim: 2.0 ms]
      [Free CSet: 0.1 ms]
   [Eden: 46.0M(46.0M)->0.0B(46.0M) Survivors: 5120.0K->5120.0K Heap: 303.0M(1024.0M)->258.4M(1024.0M)]
 [Times: user=0.08 sys=0.00, real=0.09 secs] 
2016-12-19T19:04:50.599+0100: 9154.650: [GC pause (G1 Evacuation Pause) (young), 0.0394533 secs]
   [Parallel Time: 38.7 ms, GC Workers: 1]
      [GC Worker Start (ms):  9154649.8]
      [Ext Root Scanning (ms):  1.1]
      [Update RS (ms):  14.1]
         [Processed Buffers:  48]
      [Scan RS (ms):  3.0]
      [Code Root Scanning (ms):  0.0]
      [Object Copy (ms):  20.4]
      [Termination (ms):  0.0]
         [Termination Attempts:  1]
      [GC Worker Other (ms):  0.0]
      [GC Worker Total (ms):  38.7]
      [GC Worker End (ms):  9154688.5]
   [Code Root Fixup: 0.1 ms]
   [Code Root Purge: 0.0 ms]
   [Clear CT: 0.1 ms]
   [Other: 0.7 ms]
      [Choose CSet: 0.0 ms]
      [Ref Proc: 0.1 ms]
      [Ref Enq: 0.0 ms]
      [Redirty Cards: 0.1 ms]
      [Humongous Register: 0.0 ms]
      [Humongous Reclaim: 0.1 ms]
      [Free CSet: 0.1 ms]
   [Eden: 46.0M(46.0M)->0.0B(47.0M) Survivors: 5120.0K->4096.0K Heap: 304.4M(1024.0M)->259.0M(1024.0M)]
 [Times: user=0.04 sys=0.00, real=0.04 secs] 
2016-12-19T19:05:19.843+0100: 9183.894: [GC pause (G1 Evacuation Pause) (young), 0.0322953 secs]
   [Parallel Time: 31.8 ms, GC Workers: 1]
      [GC Worker Start (ms):  9183893.6]
      [Ext Root Scanning (ms):  1.2]
      [Update RS (ms):  11.9]
         [Processed Buffers:  52]
      [Scan RS (ms):  1.3]
      [Code Root Scanning (ms):  0.0]
      [Object Copy (ms):  17.3]
      [Termination (ms):  0.0]
         [Termination Attempts:  1]
      [GC Worker Other (ms):  0.0]
      [GC Worker Total (ms):  31.7]
      [GC Worker End (ms):  9183925.4]
   [Code Root Fixup: 0.0 ms]
   [Code Root Purge: 0.0 ms]
   [Clear CT: 0.0 ms]
   [Other: 0.4 ms]
      [Choose CSet: 0.0 ms]
      [Ref Proc: 0.0 ms]
      [Ref Enq: 0.0 ms]
      [Redirty Cards: 0.0 ms]
      [Humongous Register: 0.0 ms]
      [Humongous Reclaim: 0.0 ms]
      [Free CSet: 0.0 ms]
   [Eden: 47.0M(47.0M)->0.0B(46.0M) Survivors: 4096.0K->5120.0K Heap: 306.0M(1024.0M)->260.0M(1024.0M)]
 [Times: user=0.03 sys=0.00, real=0.03 secs] 
2016-12-19T19:05:49.036+0100: 9213.086: [GC pause (G1 Evacuation Pause) (young), 0.0477768 secs]
   [Parallel Time: 47.0 ms, GC Workers: 1]
      [GC Worker Start (ms):  9213086.5]
      [Ext Root Scanning (ms):  1.7]
      [Update RS (ms):  21.2]
         [Processed Buffers:  42]
      [Scan RS (ms):  1.8]
      [Code Root Scanning (ms):  0.0]
      [Object Copy (ms):  22.2]
      [Termination (ms):  0.0]
         [Termination Attempts:  1]
      [GC Worker Other (ms):  0.0]
      [GC Worker Total (ms):  47.0]
      [GC Worker End (ms):  9213133.5]
   [Code Root Fixup: 0.1 ms]
   [Code Root Purge: 0.0 ms]
   [Clear CT: 0.0 ms]
   [Other: 0.6 ms]
      [Choose CSet: 0.0 ms]
      [Ref Proc: 0.1 ms]
      [Ref Enq: 0.0 ms]
      [Redirty Cards: 0.0 ms]
      [Humongous Register: 0.1 ms]
      [Humongous Reclaim: 0.0 ms]
      [Free CSet: 0.0 ms]
   [Eden: 46.0M(46.0M)->0.0B(46.0M) Survivors: 5120.0K->5120.0K Heap: 306.0M(1024.0M)->261.1M(1024.0M)]
 [Times: user=0.04 sys=0.00, real=0.05 secs] 
2016-12-19T19:06:20.896+0100: 9244.946: [GC pause (G1 Evacuation Pause) (young), 0.0356102 secs]
   [Parallel Time: 33.4 ms, GC Workers: 1]
      [GC Worker Start (ms):  9244947.9]
      [Ext Root Scanning (ms):  1.3]
      [Update RS (ms):  11.1]
         [Processed Buffers:  59]
      [Scan RS (ms):  0.4]
      [Code Root Scanning (ms):  0.0]
      [Object Copy (ms):  20.5]
      [Termination (ms):  0.0]
         [Termination Attempts:  1]
      [GC Worker Other (ms):  0.0]
      [GC Worker Total (ms):  33.3]
      [GC Worker End (ms):  9244981.2]
   [Code Root Fixup: 0.1 ms]
   [Code Root Purge: 0.0 ms]
   [Clear CT: 0.0 ms]
   [Other: 2.1 ms]
      [Choose CSet: 0.0 ms]
      [Ref Proc: 0.0 ms]
      [Ref Enq: 0.0 ms]
      [Redirty Cards: 0.1 ms]
      [Humongous Register: 0.1 ms]
      [Humongous Reclaim: 0.1 ms]
      [Free CSet: 0.2 ms]
   [Eden: 46.0M(46.0M)->0.0B(47.0M) Survivors: 5120.0K->4096.0K Heap: 307.1M(1024.0M)->262.0M(1024.0M)]
 [Times: user=0.03 sys=0.00, real=0.04 secs] 
2016-12-19T19:06:51.442+0100: 9275.493: [GC pause (G1 Evacuation Pause) (young), 0.0263069 secs]
   [Parallel Time: 25.8 ms, GC Workers: 1]
      [GC Worker Start (ms):  9275493.2]
      [Ext Root Scanning (ms):  1.1]
      [Update RS (ms):  11.9]
         [Processed Buffers:  50]
      [Scan RS (ms):  0.8]
      [Code Root Scanning (ms):  0.0]
      [Object Copy (ms):  11.9]
      [Termination (ms):  0.0]
         [Termination Attempts:  1]
      [GC Worker Other (ms):  0.0]
      [GC Worker Total (ms):  25.7]
      [GC Worker End (ms):  9275518.9]
   [Code Root Fixup: 0.1 ms]
   [Code Root Purge: 0.0 ms]
   [Clear CT: 0.0 ms]
   [Other: 0.4 ms]
      [Choose CSet: 0.0 ms]
      [Ref Proc: 0.0 ms]
      [Ref Enq: 0.0 ms]
      [Redirty Cards: 0.0 ms]
      [Humongous Register: 0.1 ms]
      [Humongous Reclaim: 0.0 ms]
      [Free CSet: 0.0 ms]
   [Eden: 47.0M(47.0M)->0.0B(46.0M) Survivors: 4096.0K->5120.0K Heap: 309.0M(1024.0M)->262.5M(1024.0M)]
 [Times: user=0.03 sys=0.00, real=0.03 secs] 
2016-12-19T19:07:20.906+0100: 9304.956: [GC pause (G1 Evacuation Pause) (young), 0.0244015 secs]
   [Parallel Time: 23.9 ms, GC Workers: 1]
      [GC Worker Start (ms):  9304956.7]
      [Ext Root Scanning (ms):  2.4]
      [Update RS (ms):  6.4]
         [Processed Buffers:  43]
      [Scan RS (ms):  2.1]
      [Code Root Scanning (ms):  0.0]
      [Object Copy (ms):  12.9]
      [Termination (ms):  0.0]
         [Termination Attempts:  1]
      [GC Worker Other (ms):  0.0]
      [GC Worker Total (ms):  23.9]
      [GC Worker End (ms):  9304980.5]
   [Code Root Fixup: 0.0 ms]
   [Code Root Purge: 0.0 ms]
   [Clear CT: 0.0 ms]
   [Other: 0.4 ms]
      [Choose CSet: 0.0 ms]
      [Ref Proc: 0.0 ms]
      [Ref Enq: 0.0 ms]
      [Redirty Cards: 0.0 ms]
      [Humongous Register: 0.1 ms]
      [Humongous Reclaim: 0.0 ms]
      [Free CSet: 0.0 ms]
   [Eden: 46.0M(46.0M)->0.0B(46.0M) Survivors: 5120.0K->5120.0K Heap: 308.5M(1024.0M)->263.2M(1024.0M)]
 [Times: user=0.03 sys=0.00, real=0.02 secs] 
2016-12-19T19:07:50.155+0100: 9334.206: [GC pause (G1 Evacuation Pause) (young), 0.0217090 secs]
   [Parallel Time: 21.2 ms, GC Workers: 1]
      [GC Worker Start (ms):  9334206.2]
      [Ext Root Scanning (ms):  1.7]
      [Update RS (ms):  3.9]
         [Processed Buffers:  33]
      [Scan RS (ms):  3.2]
      [Code Root Scanning (ms):  0.0]
      [Object Copy (ms):  12.4]
      [Termination (ms):  0.0]
         [Termination Attempts:  1]
      [GC Worker Other (ms):  0.0]
      [GC Worker Total (ms):  21.2]
      [GC Worker End (ms):  9334227.3]
   [Code Root Fixup: 0.0 ms]
   [Code Root Purge: 0.0 ms]
   [Clear CT: 0.0 ms]
   [Other: 0.4 ms]
      [Choose CSet: 0.0 ms]
      [Ref Proc: 0.0 ms]
      [Ref Enq: 0.0 ms]
      [Redirty Cards: 0.0 ms]
      [Humongous Register: 0.1 ms]
      [Humongous Reclaim: 0.0 ms]
      [Free CSet: 0.0 ms]
   [Eden: 46.0M(46.0M)->0.0B(47.0M) Survivors: 5120.0K->4096.0K Heap: 309.2M(1024.0M)->264.0M(1024.0M)]
 [Times: user=0.02 sys=0.00, real=0.02 secs] 
2016-12-19T19:08:22.934+0100: 9366.985: [GC pause (G1 Evacuation Pause) (young), 0.0191912 secs]
   [Parallel Time: 18.8 ms, GC Workers: 1]
      [GC Worker Start (ms):  9366984.8]
      [Ext Root Scanning (ms):  0.9]
      [Update RS (ms):  7.5]
         [Processed Buffers:  50]
      [Scan RS (ms):  0.8]
      [Code Root Scanning (ms):  0.0]
      [Object Copy (ms):  9.5]
      [Termination (ms):  0.0]
         [Termination Attempts:  1]
      [GC Worker Other (ms):  0.0]
      [GC Worker Total (ms):  18.8]
      [GC Worker End (ms):  9367003.5]
   [Code Root Fixup: 0.0 ms]
   [Code Root Purge: 0.0 ms]
   [Clear CT: 0.0 ms]
   [Other: 0.3 ms]
      [Choose CSet: 0.0 ms]
      [Ref Proc: 0.0 ms]
      [Ref Enq: 0.0 ms]
      [Redirty Cards: 0.0 ms]
      [Humongous Register: 0.0 ms]
      [Humongous Reclaim: 0.0 ms]
      [Free CSet: 0.0 ms]
   [Eden: 47.0M(47.0M)->0.0B(46.0M) Survivors: 4096.0K->5120.0K Heap: 311.0M(1024.0M)->264.5M(1024.0M)]
 [Times: user=0.02 sys=0.00, real=0.02 secs] 
2016-12-19T19:08:52.927+0100: 9396.977: [GC pause (G1 Evacuation Pause) (young), 0.0192036 secs]
   [Parallel Time: 18.8 ms, GC Workers: 1]
      [GC Worker Start (ms):  9396977.6]
      [Ext Root Scanning (ms):  0.8]
      [Update RS (ms):  2.1]
         [Processed Buffers:  34]
      [Scan RS (ms):  3.7]
      [Code Root Scanning (ms):  0.0]
      [Object Copy (ms):  12.1]
      [Termination (ms):  0.0]
         [Termination Attempts:  1]
      [GC Worker Other (ms):  0.0]
      [GC Worker Total (ms):  18.7]
      [GC Worker End (ms):  9396996.3]
   [Code Root Fixup: 0.0 ms]
   [Code Root Purge: 0.0 ms]
   [Clear CT: 0.0 ms]
   [Other: 0.4 ms]
      [Choose CSet: 0.0 ms]
      [Ref Proc: 0.0 ms]
      [Ref Enq: 0.0 ms]
      [Redirty Cards: 0.0 ms]
      [Humongous Register: 0.0 ms]
      [Humongous Reclaim: 0.0 ms]
      [Free CSet: 0.0 ms]
   [Eden: 46.0M(46.0M)->0.0B(46.0M) Survivors: 5120.0K->5120.0K Heap: 310.5M(1024.0M)->265.3M(1024.0M)]
 [Times: user=0.02 sys=0.00, real=0.02 secs] 
2016-12-19T19:09:23.602+0100: 9427.653: [GC pause (G1 Evacuation Pause) (young), 0.0333042 secs]
   [Parallel Time: 32.8 ms, GC Workers: 1]
      [GC Worker Start (ms):  9427653.3]
      [Ext Root Scanning (ms):  1.0]
      [Update RS (ms):  11.6]
         [Processed Buffers:  46]
      [Scan RS (ms):  1.1]
      [Code Root Scanning (ms):  0.0]
      [Object Copy (ms):  19.0]
      [Termination (ms):  0.0]
         [Termination Attempts:  1]
      [GC Worker Other (ms):  0.0]
      [GC Worker Total (ms):  32.7]
      [GC Worker End (ms):  9427686.1]
   [Code Root Fixup: 0.1 ms]
   [Code Root Purge: 0.0 ms]
   [Clear CT: 0.0 ms]
   [Other: 0.5 ms]
      [Choose CSet: 0.0 ms]
      [Ref Proc: 0.0 ms]
      [Ref Enq: 0.0 ms]
      [Redirty Cards: 0.0 ms]
      [Humongous Register: 0.0 ms]
      [Humongous Reclaim: 0.0 ms]
      [Free CSet: 0.0 ms]
   [Eden: 46.0M(46.0M)->0.0B(46.0M) Survivors: 5120.0K->5120.0K Heap: 311.3M(1024.0M)->266.0M(1024.0M)]
 [Times: user=0.03 sys=0.00, real=0.03 secs] 
2016-12-19T19:09:55.042+0100: 9459.092: [GC pause (G1 Evacuation Pause) (young), 0.0207846 secs]
   [Parallel Time: 20.3 ms, GC Workers: 1]
      [GC Worker Start (ms):  9459092.5]
      [Ext Root Scanning (ms):  1.0]
      [Update RS (ms):  7.1]
         [Processed Buffers:  44]
      [Scan RS (ms):  1.0]
      [Code Root Scanning (ms):  0.0]
      [Object Copy (ms):  11.2]
      [Termination (ms):  0.0]
         [Termination Attempts:  1]
      [GC Worker Other (ms):  0.0]
      [GC Worker Total (ms):  20.3]
      [GC Worker End (ms):  9459112.8]
   [Code Root Fixup: 0.0 ms]
   [Code Root Purge: 0.0 ms]
   [Clear CT: 0.0 ms]
   [Other: 0.4 ms]
      [Choose CSet: 0.0 ms]
      [Ref Proc: 0.0 ms]
      [Ref Enq: 0.0 ms]
      [Redirty Cards: 0.0 ms]
      [Humongous Register: 0.0 ms]
      [Humongous Reclaim: 0.0 ms]
      [Free CSet: 0.0 ms]
   [Eden: 46.0M(46.0M)->0.0B(46.0M) Survivors: 5120.0K->5120.0K Heap: 312.0M(1024.0M)->266.4M(1024.0M)]
 [Times: user=0.02 sys=0.00, real=0.02 secs] 
2016-12-19T19:10:25.991+0100: 9490.042: [GC pause (G1 Evacuation Pause) (young), 0.0627029 secs]
   [Parallel Time: 61.8 ms, GC Workers: 1]
      [GC Worker Start (ms):  9490042.1]
      [Ext Root Scanning (ms):  4.5]
      [Update RS (ms):  18.6]
         [Processed Buffers:  47]
      [Scan RS (ms):  1.3]
      [Code Root Scanning (ms):  0.0]
      [Object Copy (ms):  37.3]
      [Termination (ms):  0.0]
         [Termination Attempts:  1]
      [GC Worker Other (ms):  0.0]
      [GC Worker Total (ms):  61.7]
      [GC Worker End (ms):  9490103.8]
   [Code Root Fixup: 0.1 ms]
   [Code Root Purge: 0.0 ms]
   [Clear CT: 0.1 ms]
   [Other: 0.8 ms]
      [Choose CSet: 0.0 ms]
      [Ref Proc: 0.1 ms]
      [Ref Enq: 0.0 ms]
      [Redirty Cards: 0.2 ms]
      [Humongous Register: 0.1 ms]
      [Humongous Reclaim: 0.1 ms]
      [Free CSet: 0.1 ms]
   [Eden: 46.0M(46.0M)->0.0B(46.0M) Survivors: 5120.0K->5120.0K Heap: 312.4M(1024.0M)->267.3M(1024.0M)]
 [Times: user=0.06 sys=0.00, real=0.07 secs] 
2016-12-19T19:10:54.418+0100: 9518.468: [GC pause (G1 Evacuation Pause) (young), 0.0355063 secs]
   [Parallel Time: 35.0 ms, GC Workers: 1]
      [GC Worker Start (ms):  9518468.5]
      [Ext Root Scanning (ms):  1.0]
      [Update RS (ms):  11.2]
         [Processed Buffers:  48]
      [Scan RS (ms):  1.0]
      [Code Root Scanning (ms):  0.0]
      [Object Copy (ms):  21.7]
      [Termination (ms):  0.0]
         [Termination Attempts:  1]
      [GC Worker Other (ms):  0.0]
      [GC Worker Total (ms):  35.0]
      [GC Worker End (ms):  9518503.5]
   [Code Root Fixup: 0.0 ms]
   [Code Root Purge: 0.0 ms]
   [Clear CT: 0.0 ms]
   [Other: 0.4 ms]
      [Choose CSet: 0.0 ms]
      [Ref Proc: 0.0 ms]
      [Ref Enq: 0.0 ms]
      [Redirty Cards: 0.0 ms]
      [Humongous Register: 0.0 ms]
      [Humongous Reclaim: 0.0 ms]
      [Free CSet: 0.1 ms]
   [Eden: 46.0M(46.0M)->0.0B(45.0M) Survivors: 5120.0K->6144.0K Heap: 313.3M(1024.0M)->269.5M(1024.0M)]
 [Times: user=0.04 sys=0.00, real=0.04 secs] 
2016-12-19T19:11:23.558+0100: 9547.609: [GC pause (G1 Evacuation Pause) (young), 0.0249843 secs]
   [Parallel Time: 24.1 ms, GC Workers: 1]
      [GC Worker Start (ms):  9547609.5]
      [Ext Root Scanning (ms):  0.9]
      [Update RS (ms):  2.8]
         [Processed Buffers:  32]
      [Scan RS (ms):  3.5]
      [Code Root Scanning (ms):  0.0]
      [Object Copy (ms):  16.9]
      [Termination (ms):  0.0]
         [Termination Attempts:  1]
      [GC Worker Other (ms):  0.0]
      [GC Worker Total (ms):  24.1]
      [GC Worker End (ms):  9547633.6]
   [Code Root Fixup: 0.1 ms]
   [Code Root Purge: 0.0 ms]
   [Clear CT: 0.1 ms]
   [Other: 0.7 ms]
      [Choose CSet: 0.0 ms]
      [Ref Proc: 0.0 ms]
      [Ref Enq: 0.0 ms]
      [Redirty Cards: 0.1 ms]
      [Humongous Register: 0.1 ms]
      [Humongous Reclaim: 0.0 ms]
      [Free CSet: 0.0 ms]
   [Eden: 45.0M(45.0M)->0.0B(47.0M) Survivors: 6144.0K->4096.0K Heap: 314.5M(1024.0M)->270.4M(1024.0M)]
 [Times: user=0.03 sys=0.00, real=0.02 secs] 
2016-12-19T19:11:54.376+0100: 9578.427: [GC pause (G1 Evacuation Pause) (young), 0.0296630 secs]
   [Parallel Time: 29.2 ms, GC Workers: 1]
      [GC Worker Start (ms):  9578426.9]
      [Ext Root Scanning (ms):  0.9]
      [Update RS (ms):  13.0]
         [Processed Buffers:  55]
      [Scan RS (ms):  1.9]
      [Code Root Scanning (ms):  0.0]
      [Object Copy (ms):  13.3]
      [Termination (ms):  0.0]
         [Termination Attempts:  1]
      [GC Worker Other (ms):  0.0]
      [GC Worker Total (ms):  29.2]
      [GC Worker End (ms):  9578456.1]
   [Code Root Fixup: 0.0 ms]
   [Code Root Purge: 0.0 ms]
   [Clear CT: 0.0 ms]
   [Other: 0.4 ms]
      [Choose CSet: 0.0 ms]
      [Ref Proc: 0.0 ms]
      [Ref Enq: 0.0 ms]
      [Redirty Cards: 0.0 ms]
      [Humongous Register: 0.0 ms]
      [Humongous Reclaim: 0.0 ms]
      [Free CSet: 0.0 ms]
   [Eden: 47.0M(47.0M)->0.0B(46.0M) Survivors: 4096.0K->5120.0K Heap: 317.4M(1024.0M)->270.9M(1024.0M)]
 [Times: user=0.03 sys=0.00, real=0.03 secs] 
2016-12-19T19:12:22.956+0100: 9607.007: [GC pause (G1 Evacuation Pause) (young), 0.0518954 secs]
   [Parallel Time: 51.3 ms, GC Workers: 1]
      [GC Worker Start (ms):  9607007.2]
      [Ext Root Scanning (ms):  1.7]
      [Update RS (ms):  5.9]
         [Processed Buffers:  30]
      [Scan RS (ms):  5.4]
      [Code Root Scanning (ms):  0.0]
      [Object Copy (ms):  38.2]
      [Termination (ms):  0.0]
         [Termination Attempts:  1]
      [GC Worker Other (ms):  0.0]
      [GC Worker Total (ms):  51.3]
      [GC Worker End (ms):  9607058.5]
   [Code Root Fixup: 0.1 ms]
   [Code Root Purge: 0.0 ms]
   [Clear CT: 0.0 ms]
   [Other: 0.5 ms]
      [Choose CSet: 0.0 ms]
      [Ref Proc: 0.0 ms]
      [Ref Enq: 0.0 ms]
      [Redirty Cards: 0.0 ms]
      [Humongous Register: 0.1 ms]
      [Humongous Reclaim: 0.0 ms]
      [Free CSet: 0.1 ms]
   [Eden: 46.0M(46.0M)->0.0B(46.0M) Survivors: 5120.0K->5120.0K Heap: 316.9M(1024.0M)->272.4M(1024.0M)]
 [Times: user=0.04 sys=0.00, real=0.05 secs] 
2016-12-19T19:12:52.660+0100: 9636.711: [GC pause (G1 Evacuation Pause) (young), 0.0251916 secs]
   [Parallel Time: 24.7 ms, GC Workers: 1]
      [GC Worker Start (ms):  9636711.1]
      [Ext Root Scanning (ms):  0.9]
      [Update RS (ms):  8.4]
         [Processed Buffers:  54]
      [Scan RS (ms):  0.3]
      [Code Root Scanning (ms):  0.0]
      [Object Copy (ms):  15.1]
      [Termination (ms):  0.0]
         [Termination Attempts:  1]
      [GC Worker Other (ms):  0.0]
      [GC Worker Total (ms):  24.7]
      [GC Worker End (ms):  9636735.8]
   [Code Root Fixup: 0.0 ms]
   [Code Root Purge: 0.0 ms]
   [Clear CT: 0.0 ms]
   [Other: 0.4 ms]
      [Choose CSet: 0.0 ms]
      [Ref Proc: 0.0 ms]
      [Ref Enq: 0.0 ms]
      [Redirty Cards: 0.0 ms]
      [Humongous Register: 0.0 ms]
      [Humongous Reclaim: 0.0 ms]
      [Free CSet: 0.0 ms]
   [Eden: 46.0M(46.0M)->0.0B(47.0M) Survivors: 5120.0K->4096.0K Heap: 318.4M(1024.0M)->273.0M(1024.0M)]
 [Times: user=0.02 sys=0.00, real=0.03 secs] 
2016-12-19T19:13:22.914+0100: 9666.965: [GC pause (G1 Evacuation Pause) (young), 0.0235509 secs]
   [Parallel Time: 23.1 ms, GC Workers: 1]
      [GC Worker Start (ms):  9666964.9]
      [Ext Root Scanning (ms):  1.9]
      [Update RS (ms):  8.8]
         [Processed Buffers:  52]
      [Scan RS (ms):  1.1]
      [Code Root Scanning (ms):  0.0]
      [Object Copy (ms):  11.2]
      [Termination (ms):  0.0]
         [Termination Attempts:  1]
      [GC Worker Other (ms):  0.0]
      [GC Worker Total (ms):  23.0]
      [GC Worker End (ms):  9666987.9]
   [Code Root Fixup: 0.1 ms]
   [Code Root Purge: 0.0 ms]
   [Clear CT: 0.0 ms]
   [Other: 0.4 ms]
      [Choose CSet: 0.0 ms]
      [Ref Proc: 0.0 ms]
      [Ref Enq: 0.0 ms]
      [Redirty Cards: 0.0 ms]
      [Humongous Register: 0.1 ms]
      [Humongous Reclaim: 0.0 ms]
      [Free CSet: 0.0 ms]
   [Eden: 47.0M(47.0M)->0.0B(47.0M) Survivors: 4096.0K->4096.0K Heap: 320.0M(1024.0M)->273.5M(1024.0M)]
 [Times: user=0.02 sys=0.00, real=0.02 secs] 
2016-12-19T19:13:55.136+0100: 9699.186: [GC pause (G1 Evacuation Pause) (young), 0.0203644 secs]
   [Parallel Time: 19.9 ms, GC Workers: 1]
      [GC Worker Start (ms):  9699186.4]
      [Ext Root Scanning (ms):  0.8]
      [Update RS (ms):  2.8]
         [Processed Buffers:  32]
      [Scan RS (ms):  2.2]
      [Code Root Scanning (ms):  0.0]
      [Object Copy (ms):  14.1]
      [Termination (ms):  0.0]
         [Termination Attempts:  1]
      [GC Worker Other (ms):  0.0]
      [GC Worker Total (ms):  19.9]
      [GC Worker End (ms):  9699206.3]
   [Code Root Fixup: 0.0 ms]
   [Code Root Purge: 0.0 ms]
   [Clear CT: 0.0 ms]
   [Other: 0.4 ms]
      [Choose CSet: 0.0 ms]
      [Ref Proc: 0.0 ms]
      [Ref Enq: 0.0 ms]
      [Redirty Cards: 0.0 ms]
      [Humongous Register: 0.0 ms]
      [Humongous Reclaim: 0.0 ms]
      [Free CSet: 0.1 ms]
   [Eden: 47.0M(47.0M)->0.0B(46.0M) Survivors: 4096.0K->5120.0K Heap: 320.5M(1024.0M)->274.5M(1024.0M)]
 [Times: user=0.02 sys=0.00, real=0.02 secs] 
2016-12-19T19:14:25.867+0100: 9729.918: [GC pause (G1 Evacuation Pause) (young), 0.0420256 secs]
   [Parallel Time: 41.2 ms, GC Workers: 1]
      [GC Worker Start (ms):  9729918.9]
      [Ext Root Scanning (ms):  1.4]
      [Update RS (ms):  6.0]
         [Processed Buffers:  42]
      [Scan RS (ms):  0.9]
      [Code Root Scanning (ms):  0.0]
      [Object Copy (ms):  32.2]
      [Termination (ms):  0.0]
         [Termination Attempts:  1]
      [GC Worker Other (ms):  0.0]
      [GC Worker Total (ms):  40.5]
      [GC Worker End (ms):  9729959.4]
   [Code Root Fixup: 0.1 ms]
   [Code Root Purge: 0.0 ms]
   [Clear CT: 0.0 ms]
   [Other: 0.7 ms]
      [Choose CSet: 0.0 ms]
      [Ref Proc: 0.1 ms]
      [Ref Enq: 0.0 ms]
      [Redirty Cards: 0.1 ms]
      [Humongous Register: 0.1 ms]
      [Humongous Reclaim: 0.1 ms]
      [Free CSet: 0.1 ms]
   [Eden: 46.0M(46.0M)->0.0B(46.0M) Survivors: 5120.0K->5120.0K Heap: 320.5M(1024.0M)->275.3M(1024.0M)]
 [Times: user=0.04 sys=0.00, real=0.04 secs] 
2016-12-19T19:14:56.627+0100: 9760.677: [GC pause (G1 Evacuation Pause) (young), 0.0298147 secs]
   [Parallel Time: 29.3 ms, GC Workers: 1]
      [GC Worker Start (ms):  9760677.7]
      [Ext Root Scanning (ms):  2.8]
      [Update RS (ms):  10.1]
         [Processed Buffers:  42]
      [Scan RS (ms):  1.7]
      [Code Root Scanning (ms):  0.0]
      [Object Copy (ms):  14.4]
      [Termination (ms):  0.0]
         [Termination Attempts:  1]
      [GC Worker Other (ms):  0.0]
      [GC Worker Total (ms):  29.1]
      [GC Worker End (ms):  9760706.9]
   [Code Root Fixup: 0.0 ms]
   [Code Root Purge: 0.0 ms]
   [Clear CT: 0.0 ms]
   [Other: 0.5 ms]
      [Choose CSet: 0.0 ms]
      [Ref Proc: 0.0 ms]
      [Ref Enq: 0.0 ms]
      [Redirty Cards: 0.0 ms]
      [Humongous Register: 0.2 ms]
      [Humongous Reclaim: 0.0 ms]
      [Free CSet: 0.0 ms]
   [Eden: 46.0M(46.0M)->0.0B(47.0M) Survivors: 5120.0K->4096.0K Heap: 321.3M(1024.0M)->276.0M(1024.0M)]
 [Times: user=0.02 sys=0.00, real=0.03 secs] 
2016-12-19T19:15:27.191+0100: 9791.242: [GC pause (G1 Evacuation Pause) (young), 0.0292226 secs]
   [Parallel Time: 28.7 ms, GC Workers: 1]
      [GC Worker Start (ms):  9791241.9]
      [Ext Root Scanning (ms):  1.8]
      [Update RS (ms):  10.6]
         [Processed Buffers:  41]
      [Scan RS (ms):  1.9]
      [Code Root Scanning (ms):  0.0]
      [Object Copy (ms):  14.4]
      [Termination (ms):  0.0]
         [Termination Attempts:  1]
      [GC Worker Other (ms):  0.0]
      [GC Worker Total (ms):  28.6]
      [GC Worker End (ms):  9791270.5]
   [Code Root Fixup: 0.0 ms]
   [Code Root Purge: 0.0 ms]
   [Clear CT: 0.0 ms]
   [Other: 0.4 ms]
      [Choose CSet: 0.0 ms]
      [Ref Proc: 0.0 ms]
      [Ref Enq: 0.0 ms]
      [Redirty Cards: 0.0 ms]
      [Humongous Register: 0.1 ms]
      [Humongous Reclaim: 0.0 ms]
      [Free CSet: 0.0 ms]
   [Eden: 47.0M(47.0M)->0.0B(46.0M) Survivors: 4096.0K->5120.0K Heap: 323.0M(1024.0M)->276.5M(1024.0M)]
 [Times: user=0.03 sys=0.00, real=0.02 secs] 
2016-12-19T19:15:56.310+0100: 9820.361: [GC pause (G1 Evacuation Pause) (young), 0.1382779 secs]
   [Parallel Time: 135.9 ms, GC Workers: 1]
      [GC Worker Start (ms):  9820361.0]
      [Ext Root Scanning (ms):  7.8]
      [Update RS (ms):  12.2]
         [Processed Buffers:  40]
      [Scan RS (ms):  2.2]
      [Code Root Scanning (ms):  0.0]
      [Object Copy (ms):  113.3]
      [Termination (ms):  0.0]
         [Termination Attempts:  1]
      [GC Worker Other (ms):  0.0]
      [GC Worker Total (ms):  135.4]
      [GC Worker End (ms):  9820496.4]
   [Code Root Fixup: 0.1 ms]
   [Code Root Purge: 0.0 ms]
   [Clear CT: 0.1 ms]
   [Other: 2.2 ms]
      [Choose CSet: 0.0 ms]
      [Ref Proc: 0.1 ms]
      [Ref Enq: 0.0 ms]
      [Redirty Cards: 1.4 ms]
      [Humongous Register: 0.1 ms]
      [Humongous Reclaim: 0.1 ms]
      [Free CSet: 0.1 ms]
   [Eden: 46.0M(46.0M)->0.0B(46.0M) Survivors: 5120.0K->5120.0K Heap: 322.5M(1024.0M)->277.7M(1024.0M)]
 [Times: user=0.08 sys=0.03, real=0.14 secs] 
2016-12-19T19:16:25.792+0100: 9849.843: [GC pause (G1 Evacuation Pause) (young), 0.0381154 secs]
   [Parallel Time: 37.4 ms, GC Workers: 1]
      [GC Worker Start (ms):  9849843.4]
      [Ext Root Scanning (ms):  2.2]
      [Update RS (ms):  15.9]
         [Processed Buffers:  50]
      [Scan RS (ms):  0.3]
      [Code Root Scanning (ms):  0.0]
      [Object Copy (ms):  18.9]
      [Termination (ms):  0.0]
         [Termination Attempts:  1]
      [GC Worker Other (ms):  0.0]
      [GC Worker Total (ms):  37.3]
      [GC Worker End (ms):  9849880.7]
   [Code Root Fixup: 0.1 ms]
   [Code Root Purge: 0.0 ms]
   [Clear CT: 0.0 ms]
   [Other: 0.6 ms]
      [Choose CSet: 0.0 ms]
      [Ref Proc: 0.1 ms]
      [Ref Enq: 0.0 ms]
      [Redirty Cards: 0.1 ms]
      [Humongous Register: 0.1 ms]
      [Humongous Reclaim: 0.1 ms]
      [Free CSet: 0.1 ms]
   [Eden: 46.0M(46.0M)->0.0B(46.0M) Survivors: 5120.0K->5120.0K Heap: 323.7M(1024.0M)->279.0M(1024.0M)]
 [Times: user=0.03 sys=0.00, real=0.03 secs] 
2016-12-19T19:16:57.431+0100: 9881.482: [GC pause (G1 Evacuation Pause) (young), 0.0418588 secs]
   [Parallel Time: 41.3 ms, GC Workers: 1]
      [GC Worker Start (ms):  9881481.8]
      [Ext Root Scanning (ms):  2.0]
      [Update RS (ms):  16.4]
         [Processed Buffers:  56]
      [Scan RS (ms):  0.6]
      [Code Root Scanning (ms):  0.0]
      [Object Copy (ms):  22.2]
      [Termination (ms):  0.0]
         [Termination Attempts:  1]
      [GC Worker Other (ms):  0.1]
      [GC Worker Total (ms):  41.3]
      [GC Worker End (ms):  9881523.0]
   [Code Root Fixup: 0.1 ms]
   [Code Root Purge: 0.0 ms]
   [Clear CT: 0.0 ms]
   [Other: 0.5 ms]
      [Choose CSet: 0.0 ms]
      [Ref Proc: 0.0 ms]
      [Ref Enq: 0.0 ms]
      [Redirty Cards: 0.0 ms]
      [Humongous Register: 0.1 ms]
      [Humongous Reclaim: 0.0 ms]
      [Free CSet: 0.0 ms]
   [Eden: 46.0M(46.0M)->0.0B(47.0M) Survivors: 5120.0K->4096.0K Heap: 325.0M(1024.0M)->279.5M(1024.0M)]
 [Times: user=0.04 sys=0.00, real=0.04 secs] 
2016-12-19T19:17:29.469+0100: 9913.520: [GC pause (G1 Evacuation Pause) (young), 0.0208898 secs]
   [Parallel Time: 20.2 ms, GC Workers: 1]
      [GC Worker Start (ms):  9913519.9]
      [Ext Root Scanning (ms):  1.1]
      [Update RS (ms):  4.1]
         [Processed Buffers:  37]
      [Scan RS (ms):  2.8]
      [Code Root Scanning (ms):  0.0]
      [Object Copy (ms):  12.0]
      [Termination (ms):  0.0]
         [Termination Attempts:  1]
      [GC Worker Other (ms):  0.0]
      [GC Worker Total (ms):  20.0]
      [GC Worker End (ms):  9913540.0]
   [Code Root Fixup: 0.1 ms]
   [Code Root Purge: 0.0 ms]
   [Clear CT: 0.1 ms]
   [Other: 0.6 ms]
      [Choose CSet: 0.0 ms]
      [Ref Proc: 0.1 ms]
      [Ref Enq: 0.0 ms]
      [Redirty Cards: 0.1 ms]
      [Humongous Register: 0.0 ms]
      [Humongous Reclaim: 0.1 ms]
      [Free CSet: 0.1 ms]
   [Eden: 47.0M(47.0M)->0.0B(46.0M) Survivors: 4096.0K->5120.0K Heap: 326.5M(1024.0M)->280.5M(1024.0M)]
 [Times: user=0.02 sys=0.00, real=0.02 secs] 
2016-12-19T19:18:00.901+0100: 9944.951: [GC pause (G1 Evacuation Pause) (young), 0.0374651 secs]
   [Parallel Time: 36.4 ms, GC Workers: 1]
      [GC Worker Start (ms):  9944951.7]
      [Ext Root Scanning (ms):  2.0]
      [Update RS (ms):  7.0]
         [Processed Buffers:  34]
      [Scan RS (ms):  3.9]
      [Code Root Scanning (ms):  0.0]
      [Object Copy (ms):  23.4]
      [Termination (ms):  0.0]
         [Termination Attempts:  1]
      [GC Worker Other (ms):  0.0]
      [GC Worker Total (ms):  36.4]
      [GC Worker End (ms):  9944988.1]
   [Code Root Fixup: 0.1 ms]
   [Code Root Purge: 0.0 ms]
   [Clear CT: 0.0 ms]
   [Other: 0.9 ms]
      [Choose CSet: 0.0 ms]
      [Ref Proc: 0.1 ms]
      [Ref Enq: 0.0 ms]
      [Redirty Cards: 0.1 ms]
      [Humongous Register: 0.1 ms]
      [Humongous Reclaim: 0.3 ms]
      [Free CSet: 0.1 ms]
   [Eden: 46.0M(46.0M)->0.0B(46.0M) Survivors: 5120.0K->5120.0K Heap: 326.5M(1024.0M)->281.4M(1024.0M)]
 [Times: user=0.04 sys=0.00, real=0.04 secs] 
2016-12-19T19:18:30.629+0100: 9974.680: [GC pause (G1 Evacuation Pause) (young), 0.0341983 secs]
   [Parallel Time: 31.9 ms, GC Workers: 1]
      [GC Worker Start (ms):  9974682.0]
      [Ext Root Scanning (ms):  2.5]
      [Update RS (ms):  8.0]
         [Processed Buffers:  40]
      [Scan RS (ms):  3.2]
      [Code Root Scanning (ms):  0.0]
      [Object Copy (ms):  18.2]
      [Termination (ms):  0.0]
         [Termination Attempts:  1]
      [GC Worker Other (ms):  0.0]
      [GC Worker Total (ms):  31.8]
      [GC Worker End (ms):  9974713.9]
   [Code Root Fixup: 0.1 ms]
   [Code Root Purge: 0.0 ms]
   [Clear CT: 0.0 ms]
   [Other: 2.2 ms]
      [Choose CSet: 0.0 ms]
      [Ref Proc: 0.0 ms]
      [Ref Enq: 0.0 ms]
      [Redirty Cards: 0.0 ms]
      [Humongous Register: 1.7 ms]
      [Humongous Reclaim: 0.1 ms]
      [Free CSet: 0.0 ms]
   [Eden: 46.0M(46.0M)->0.0B(47.0M) Survivors: 5120.0K->4096.0K Heap: 327.4M(1024.0M)->282.0M(1024.0M)]
 [Times: user=0.04 sys=0.00, real=0.04 secs] 
2016-12-19T19:19:00.624+0100: 10004.674: [GC pause (G1 Evacuation Pause) (young), 0.0198489 secs]
   [Parallel Time: 19.5 ms, GC Workers: 1]
      [GC Worker Start (ms):  10004674.6]
      [Ext Root Scanning (ms):  0.9]
      [Update RS (ms):  7.0]
         [Processed Buffers:  51]
      [Scan RS (ms):  0.4]
      [Code Root Scanning (ms):  0.0]
      [Object Copy (ms):  11.1]
      [Termination (ms):  0.0]
         [Termination Attempts:  1]
      [GC Worker Other (ms):  0.0]
      [GC Worker Total (ms):  19.4]
      [GC Worker End (ms):  10004694.0]
   [Code Root Fixup: 0.0 ms]
   [Code Root Purge: 0.0 ms]
   [Clear CT: 0.0 ms]
   [Other: 0.3 ms]
      [Choose CSet: 0.0 ms]
      [Ref Proc: 0.0 ms]
      [Ref Enq: 0.0 ms]
      [Redirty Cards: 0.0 ms]
      [Humongous Register: 0.0 ms]
      [Humongous Reclaim: 0.0 ms]
      [Free CSet: 0.0 ms]
   [Eden: 47.0M(47.0M)->0.0B(45.0M) Survivors: 4096.0K->6144.0K Heap: 329.0M(1024.0M)->283.5M(1024.0M)]
 [Times: user=0.02 sys=0.00, real=0.01 secs] 
2016-12-19T19:19:29.732+0100: 10033.783: [GC pause (G1 Evacuation Pause) (young), 0.0258920 secs]
   [Parallel Time: 25.4 ms, GC Workers: 1]
      [GC Worker Start (ms):  10033783.2]
      [Ext Root Scanning (ms):  1.0]
      [Update RS (ms):  3.8]
         [Processed Buffers:  35]
      [Scan RS (ms):  4.5]
      [Code Root Scanning (ms):  0.0]
      [Object Copy (ms):  16.0]
      [Termination (ms):  0.0]
         [Termination Attempts:  1]
      [GC Worker Other (ms):  0.0]
      [GC Worker Total (ms):  25.3]
      [GC Worker End (ms):  10033808.5]
   [Code Root Fixup: 0.0 ms]
   [Code Root Purge: 0.0 ms]
   [Clear CT: 0.0 ms]
   [Other: 0.4 ms]
      [Choose CSet: 0.0 ms]
      [Ref Proc: 0.0 ms]
      [Ref Enq: 0.0 ms]
      [Redirty Cards: 0.0 ms]
      [Humongous Register: 0.1 ms]
      [Humongous Reclaim: 0.0 ms]
      [Free CSet: 0.0 ms]
   [Eden: 45.0M(45.0M)->0.0B(46.0M) Survivors: 6144.0K->5120.0K Heap: 328.5M(1024.0M)->283.9M(1024.0M)]
 [Times: user=0.02 sys=0.00, real=0.02 secs] 
2016-12-19T19:20:02.524+0100: 10066.575: [GC pause (G1 Evacuation Pause) (young), 0.0212806 secs]
   [Parallel Time: 20.9 ms, GC Workers: 1]
      [GC Worker Start (ms):  10066574.9]
      [Ext Root Scanning (ms):  1.6]
      [Update RS (ms):  2.5]
         [Processed Buffers:  34]
      [Scan RS (ms):  4.1]
      [Code Root Scanning (ms):  0.1]
      [Object Copy (ms):  12.5]
      [Termination (ms):  0.0]
         [Termination Attempts:  1]
      [GC Worker Other (ms):  0.0]
      [GC Worker Total (ms):  20.8]
      [GC Worker End (ms):  10066595.8]
   [Code Root Fixup: 0.0 ms]
   [Code Root Purge: 0.0 ms]
   [Clear CT: 0.0 ms]
   [Other: 0.3 ms]
      [Choose CSet: 0.0 ms]
      [Ref Proc: 0.0 ms]
      [Ref Enq: 0.0 ms]
      [Redirty Cards: 0.0 ms]
      [Humongous Register: 0.0 ms]
      [Humongous Reclaim: 0.0 ms]
      [Free CSet: 0.1 ms]
   [Eden: 46.0M(46.0M)->0.0B(47.0M) Survivors: 5120.0K->4096.0K Heap: 329.9M(1024.0M)->284.5M(1024.0M)]
 [Times: user=0.02 sys=0.00, real=0.02 secs] 
2016-12-19T19:20:33.508+0100: 10097.559: [GC pause (G1 Evacuation Pause) (young), 0.0337226 secs]
   [Parallel Time: 33.3 ms, GC Workers: 1]
      [GC Worker Start (ms):  10097559.2]
      [Ext Root Scanning (ms):  1.0]
      [Update RS (ms):  4.2]
         [Processed Buffers:  32]
      [Scan RS (ms):  3.9]
      [Code Root Scanning (ms):  0.0]
      [Object Copy (ms):  24.1]
      [Termination (ms):  0.0]
         [Termination Attempts:  1]
      [GC Worker Other (ms):  0.0]
      [GC Worker Total (ms):  33.2]
      [GC Worker End (ms):  10097592.4]
   [Code Root Fixup: 0.1 ms]
   [Code Root Purge: 0.0 ms]
   [Clear CT: 0.0 ms]
   [Other: 0.4 ms]
      [Choose CSet: 0.0 ms]
      [Ref Proc: 0.0 ms]
      [Ref Enq: 0.0 ms]
      [Redirty Cards: 0.0 ms]
      [Humongous Register: 0.0 ms]
      [Humongous Reclaim: 0.0 ms]
      [Free CSet: 0.0 ms]
   [Eden: 47.0M(47.0M)->0.0B(45.0M) Survivors: 4096.0K->6144.0K Heap: 331.5M(1024.0M)->286.0M(1024.0M)]
 [Times: user=0.04 sys=0.00, real=0.03 secs] 
2016-12-19T19:21:01.576+0100: 10125.627: [GC pause (G1 Evacuation Pause) (young), 0.0296782 secs]
   [Parallel Time: 28.8 ms, GC Workers: 1]
      [GC Worker Start (ms):  10125627.2]
      [Ext Root Scanning (ms):  1.5]
      [Update RS (ms):  4.0]
         [Processed Buffers:  32]
      [Scan RS (ms):  4.3]
      [Code Root Scanning (ms):  0.0]
      [Object Copy (ms):  18.9]
      [Termination (ms):  0.0]
         [Termination Attempts:  1]
      [GC Worker Other (ms):  0.0]
      [GC Worker Total (ms):  28.7]
      [GC Worker End (ms):  10125655.9]
   [Code Root Fixup: 0.1 ms]
   [Code Root Purge: 0.0 ms]
   [Clear CT: 0.1 ms]
   [Other: 0.7 ms]
      [Choose CSet: 0.0 ms]
      [Ref Proc: 0.2 ms]
      [Ref Enq: 0.0 ms]
      [Redirty Cards: 0.1 ms]
      [Humongous Register: 0.1 ms]
      [Humongous Reclaim: 0.0 ms]
      [Free CSet: 0.1 ms]
   [Eden: 45.0M(45.0M)->0.0B(46.0M) Survivors: 6144.0K->5120.0K Heap: 331.0M(1024.0M)->286.5M(1024.0M)]
 [Times: user=0.03 sys=0.00, real=0.03 secs] 
2016-12-19T19:21:34.678+0100: 10158.729: [GC pause (G1 Evacuation Pause) (young), 0.0228712 secs]
   [Parallel Time: 22.4 ms, GC Workers: 1]
      [GC Worker Start (ms):  10158728.7]
      [Ext Root Scanning (ms):  2.5]
      [Update RS (ms):  6.1]
         [Processed Buffers:  41]
      [Scan RS (ms):  1.7]
      [Code Root Scanning (ms):  0.0]
      [Object Copy (ms):  12.1]
      [Termination (ms):  0.0]
         [Termination Attempts:  1]
      [GC Worker Other (ms):  0.0]
      [GC Worker Total (ms):  22.4]
      [GC Worker End (ms):  10158751.1]
   [Code Root Fixup: 0.0 ms]
   [Code Root Purge: 0.0 ms]
   [Clear CT: 0.0 ms]
   [Other: 0.4 ms]
      [Choose CSet: 0.0 ms]
      [Ref Proc: 0.0 ms]
      [Ref Enq: 0.0 ms]
      [Redirty Cards: 0.0 ms]
      [Humongous Register: 0.1 ms]
      [Humongous Reclaim: 0.0 ms]
      [Free CSet: 0.0 ms]
   [Eden: 46.0M(46.0M)->0.0B(47.0M) Survivors: 5120.0K->4096.0K Heap: 332.5M(1024.0M)->287.0M(1024.0M)]
 [Times: user=0.02 sys=0.00, real=0.02 secs] 
2016-12-19T19:22:04.949+0100: 10189.000: [GC pause (G1 Evacuation Pause) (young), 0.0258805 secs]
   [Parallel Time: 25.3 ms, GC Workers: 1]
      [GC Worker Start (ms):  10189000.4]
      [Ext Root Scanning (ms):  1.1]
      [Update RS (ms):  11.5]
         [Processed Buffers:  51]
      [Scan RS (ms):  0.6]
      [Code Root Scanning (ms):  0.0]
      [Object Copy (ms):  12.0]
      [Termination (ms):  0.0]
         [Termination Attempts:  1]
      [GC Worker Other (ms):  0.0]
      [GC Worker Total (ms):  25.3]
      [GC Worker End (ms):  10189025.7]
   [Code Root Fixup: 0.0 ms]
   [Code Root Purge: 0.0 ms]
   [Clear CT: 0.0 ms]
   [Other: 0.5 ms]
      [Choose CSet: 0.0 ms]
      [Ref Proc: 0.0 ms]
      [Ref Enq: 0.0 ms]
      [Redirty Cards: 0.1 ms]
      [Humongous Register: 0.1 ms]
      [Humongous Reclaim: 0.0 ms]
      [Free CSet: 0.0 ms]
   [Eden: 47.0M(47.0M)->0.0B(46.0M) Survivors: 4096.0K->5120.0K Heap: 334.0M(1024.0M)->287.5M(1024.0M)]
 [Times: user=0.02 sys=0.00, real=0.03 secs] 
2016-12-19T19:22:34.632+0100: 10218.683: [GC pause (G1 Evacuation Pause) (young), 0.0353659 secs]
   [Parallel Time: 34.8 ms, GC Workers: 1]
      [GC Worker Start (ms):  10218683.5]
      [Ext Root Scanning (ms):  2.0]
      [Update RS (ms):  11.1]
         [Processed Buffers:  49]
      [Scan RS (ms):  0.6]
      [Code Root Scanning (ms):  0.0]
      [Object Copy (ms):  20.9]
      [Termination (ms):  0.0]
         [Termination Attempts:  1]
      [GC Worker Other (ms):  0.0]
      [GC Worker Total (ms):  34.7]
      [GC Worker End (ms):  10218718.2]
   [Code Root Fixup: 0.0 ms]
   [Code Root Purge: 0.0 ms]
   [Clear CT: 0.0 ms]
   [Other: 0.5 ms]
      [Choose CSet: 0.0 ms]
      [Ref Proc: 0.0 ms]
      [Ref Enq: 0.0 ms]
      [Redirty Cards: 0.0 ms]
      [Humongous Register: 0.1 ms]
      [Humongous Reclaim: 0.1 ms]
      [Free CSet: 0.0 ms]
   [Eden: 46.0M(46.0M)->0.0B(46.0M) Survivors: 5120.0K->5120.0K Heap: 333.5M(1024.0M)->288.7M(1024.0M)]
 [Times: user=0.03 sys=0.00, real=0.03 secs] 
2016-12-19T19:22:46.152+0100: 10230.203: [GC pause (G1 Evacuation Pause) (young), 0.0748550 secs]
   [Parallel Time: 74.1 ms, GC Workers: 1]
      [GC Worker Start (ms):  10230205.4]
      [Ext Root Scanning (ms):  1.6]
      [Update RS (ms):  17.2]
         [Processed Buffers:  54]
      [Scan RS (ms):  3.7]
      [Code Root Scanning (ms):  0.0]
      [Object Copy (ms):  49.4]
      [Termination (ms):  0.0]
         [Termination Attempts:  1]
      [GC Worker Other (ms):  0.1]
      [GC Worker Total (ms):  72.0]
      [GC Worker End (ms):  10230277.4]
   [Code Root Fixup: 0.0 ms]
   [Code Root Purge: 0.0 ms]
   [Clear CT: 0.0 ms]
   [Other: 0.7 ms]
      [Choose CSet: 0.0 ms]
      [Ref Proc: 0.1 ms]
      [Ref Enq: 0.0 ms]
      [Redirty Cards: 0.0 ms]
      [Humongous Register: 0.2 ms]
      [Humongous Reclaim: 0.1 ms]
      [Free CSet: 0.0 ms]
   [Eden: 46.0M(46.0M)->0.0B(47.0M) Survivors: 5120.0K->4096.0K Heap: 334.7M(1024.0M)->289.5M(1024.0M)]
 [Times: user=0.03 sys=0.00, real=0.07 secs] 
2016-12-19T19:22:53.885+0100: 10237.936: [GC pause (G1 Evacuation Pause) (young), 0.0437753 secs]
   [Parallel Time: 42.2 ms, GC Workers: 1]
      [GC Worker Start (ms):  10237936.4]
      [Ext Root Scanning (ms):  3.2]
      [Update RS (ms):  25.8]
         [Processed Buffers:  50]
      [Scan RS (ms):  1.4]
      [Code Root Scanning (ms):  0.0]
      [Object Copy (ms):  11.7]
      [Termination (ms):  0.0]
         [Termination Attempts:  1]
      [GC Worker Other (ms):  0.0]
      [GC Worker Total (ms):  42.1]
      [GC Worker End (ms):  10237978.6]
   [Code Root Fixup: 0.1 ms]
   [Code Root Purge: 0.0 ms]
   [Clear CT: 0.0 ms]
   [Other: 1.5 ms]
      [Choose CSet: 0.0 ms]
      [Ref Proc: 0.1 ms]
      [Ref Enq: 0.0 ms]
      [Redirty Cards: 0.1 ms]
      [Humongous Register: 0.2 ms]
      [Humongous Reclaim: 0.3 ms]
      [Free CSet: 0.1 ms]
   [Eden: 47.0M(47.0M)->0.0B(46.0M) Survivors: 4096.0K->5120.0K Heap: 336.5M(1024.0M)->290.0M(1024.0M)]
 [Times: user=0.04 sys=0.00, real=0.04 secs] 
2016-12-19T19:23:00.483+0100: 10244.534: [GC pause (G1 Evacuation Pause) (young), 0.0253884 secs]
   [Parallel Time: 24.8 ms, GC Workers: 1]
      [GC Worker Start (ms):  10244534.0]
      [Ext Root Scanning (ms):  1.0]
      [Update RS (ms):  5.0]
         [Processed Buffers:  40]
      [Scan RS (ms):  2.0]
      [Code Root Scanning (ms):  0.0]
      [Object Copy (ms):  16.7]
      [Termination (ms):  0.0]
         [Termination Attempts:  1]
      [GC Worker Other (ms):  0.0]
      [GC Worker Total (ms):  24.7]
      [GC Worker End (ms):  10244558.7]
   [Code Root Fixup: 0.1 ms]
   [Code Root Purge: 0.0 ms]
   [Clear CT: 0.0 ms]
   [Other: 0.5 ms]
      [Choose CSet: 0.0 ms]
      [Ref Proc: 0.1 ms]
      [Ref Enq: 0.0 ms]
      [Redirty Cards: 0.1 ms]
      [Humongous Register: 0.0 ms]
      [Humongous Reclaim: 0.0 ms]
      [Free CSet: 0.0 ms]
   [Eden: 46.0M(46.0M)->0.0B(46.0M) Survivors: 5120.0K->5120.0K Heap: 336.0M(1024.0M)->291.1M(1024.0M)]
 [Times: user=0.03 sys=0.00, real=0.02 secs] 
2016-12-19T19:23:07.739+0100: 10251.790: [GC pause (G1 Evacuation Pause) (young), 0.0344937 secs]
   [Parallel Time: 34.0 ms, GC Workers: 1]
      [GC Worker Start (ms):  10251789.8]
      [Ext Root Scanning (ms):  0.8]
      [Update RS (ms):  11.7]
         [Processed Buffers:  54]
      [Scan RS (ms):  0.4]
      [Code Root Scanning (ms):  0.0]
      [Object Copy (ms):  20.9]
      [Termination (ms):  0.0]
         [Termination Attempts:  1]
      [GC Worker Other (ms):  0.0]
      [GC Worker Total (ms):  33.9]
      [GC Worker End (ms):  10251823.7]
   [Code Root Fixup: 0.0 ms]
   [Code Root Purge: 0.0 ms]
   [Clear CT: 0.0 ms]
   [Other: 0.4 ms]
      [Choose CSet: 0.0 ms]
      [Ref Proc: 0.1 ms]
      [Ref Enq: 0.0 ms]
      [Redirty Cards: 0.0 ms]
      [Humongous Register: 0.0 ms]
      [Humongous Reclaim: 0.0 ms]
      [Free CSet: 0.0 ms]
   [Eden: 46.0M(46.0M)->0.0B(47.0M) Survivors: 5120.0K->4096.0K Heap: 337.1M(1024.0M)->291.5M(1024.0M)]
 [Times: user=0.03 sys=0.00, real=0.04 secs] 
2016-12-19T19:23:20.837+0100: 10264.888: [GC pause (G1 Evacuation Pause) (young), 0.0343968 secs]
   [Parallel Time: 34.0 ms, GC Workers: 1]
      [GC Worker Start (ms):  10264888.0]
      [Ext Root Scanning (ms):  0.9]
      [Update RS (ms):  3.6]
         [Processed Buffers:  31]
      [Scan RS (ms):  5.0]
      [Code Root Scanning (ms):  0.0]
      [Object Copy (ms):  24.4]
      [Termination (ms):  0.0]
         [Termination Attempts:  1]
      [GC Worker Other (ms):  0.0]
      [GC Worker Total (ms):  34.0]
      [GC Worker End (ms):  10264922.0]
   [Code Root Fixup: 0.1 ms]
   [Code Root Purge: 0.0 ms]
   [Clear CT: 0.0 ms]
   [Other: 0.3 ms]
      [Choose CSet: 0.0 ms]
      [Ref Proc: 0.0 ms]
      [Ref Enq: 0.0 ms]
      [Redirty Cards: 0.0 ms]
      [Humongous Register: 0.0 ms]
      [Humongous Reclaim: 0.0 ms]
      [Free CSet: 0.0 ms]
   [Eden: 47.0M(47.0M)->0.0B(47.0M) Survivors: 4096.0K->4096.0K Heap: 338.5M(1024.0M)->292.0M(1024.0M)]
 [Times: user=0.03 sys=0.00, real=0.04 secs] 
2016-12-19T19:23:50.599+0100: 10294.650: [GC pause (G1 Evacuation Pause) (young), 0.0325092 secs]
   [Parallel Time: 31.8 ms, GC Workers: 1]
      [GC Worker Start (ms):  10294650.2]
      [Ext Root Scanning (ms):  1.0]
      [Update RS (ms):  3.7]
         [Processed Buffers:  31]
      [Scan RS (ms):  7.2]
      [Code Root Scanning (ms):  0.0]
      [Object Copy (ms):  19.6]
      [Termination (ms):  0.0]
         [Termination Attempts:  1]
      [GC Worker Other (ms):  0.0]
      [GC Worker Total (ms):  31.5]
      [GC Worker End (ms):  10294681.7]
   [Code Root Fixup: 0.0 ms]
   [Code Root Purge: 0.0 ms]
   [Clear CT: 0.1 ms]
   [Other: 0.6 ms]
      [Choose CSet: 0.0 ms]
      [Ref Proc: 0.1 ms]
      [Ref Enq: 0.0 ms]
      [Redirty Cards: 0.0 ms]
      [Humongous Register: 0.1 ms]
      [Humongous Reclaim: 0.0 ms]
      [Free CSet: 0.1 ms]
   [Eden: 47.0M(47.0M)->0.0B(46.0M) Survivors: 4096.0K->5120.0K Heap: 339.0M(1024.0M)->292.5M(1024.0M)]
 [Times: user=0.03 sys=0.00, real=0.04 secs] 
2016-12-19T19:24:20.743+0100: 10324.794: [GC pause (G1 Evacuation Pause) (young), 0.0332996 secs]
   [Parallel Time: 32.9 ms, GC Workers: 1]
      [GC Worker Start (ms):  10324794.1]
      [Ext Root Scanning (ms):  1.2]
      [Update RS (ms):  2.4]
         [Processed Buffers:  35]
      [Scan RS (ms):  8.7]
      [Code Root Scanning (ms):  0.0]
      [Object Copy (ms):  20.5]
      [Termination (ms):  0.0]
         [Termination Attempts:  1]
      [GC Worker Other (ms):  0.0]
      [GC Worker Total (ms):  32.8]
      [GC Worker End (ms):  10324827.0]
   [Code Root Fixup: 0.0 ms]
   [Code Root Purge: 0.0 ms]
   [Clear CT: 0.0 ms]
   [Other: 0.4 ms]
      [Choose CSet: 0.0 ms]
      [Ref Proc: 0.0 ms]
      [Ref Enq: 0.0 ms]
      [Redirty Cards: 0.0 ms]
      [Humongous Register: 0.0 ms]
      [Humongous Reclaim: 0.0 ms]
      [Free CSet: 0.1 ms]
   [Eden: 46.0M(46.0M)->0.0B(47.0M) Survivors: 5120.0K->4096.0K Heap: 338.5M(1024.0M)->292.7M(1024.0M)]
 [Times: user=0.03 sys=0.00, real=0.03 secs] 
2016-12-19T19:24:50.648+0100: 10354.698: [GC pause (G1 Evacuation Pause) (young), 0.0216929 secs]
   [Parallel Time: 21.3 ms, GC Workers: 1]
      [GC Worker Start (ms):  10354698.6]
      [Ext Root Scanning (ms):  2.0]
      [Update RS (ms):  2.7]
         [Processed Buffers:  36]
      [Scan RS (ms):  4.2]
      [Code Root Scanning (ms):  0.0]
      [Object Copy (ms):  12.3]
      [Termination (ms):  0.0]
         [Termination Attempts:  1]
      [GC Worker Other (ms):  0.0]
      [GC Worker Total (ms):  21.2]
      [GC Worker End (ms):  10354719.8]
   [Code Root Fixup: 0.0 ms]
   [Code Root Purge: 0.0 ms]
   [Clear CT: 0.0 ms]
   [Other: 0.3 ms]
      [Choose CSet: 0.0 ms]
      [Ref Proc: 0.0 ms]
      [Ref Enq: 0.0 ms]
      [Redirty Cards: 0.0 ms]
      [Humongous Register: 0.0 ms]
      [Humongous Reclaim: 0.0 ms]
      [Free CSet: 0.1 ms]
   [Eden: 47.0M(47.0M)->0.0B(45.0M) Survivors: 4096.0K->6144.0K Heap: 339.7M(1024.0M)->294.2M(1024.0M)]
 [Times: user=0.02 sys=0.00, real=0.02 secs] 
2016-12-19T19:25:20.984+0100: 10385.034: [GC pause (G1 Evacuation Pause) (young), 0.0273731 secs]
   [Parallel Time: 26.8 ms, GC Workers: 1]
      [GC Worker Start (ms):  10385034.6]
      [Ext Root Scanning (ms):  1.4]
      [Update RS (ms):  2.8]
         [Processed Buffers:  30]
      [Scan RS (ms):  5.4]
      [Code Root Scanning (ms):  0.0]
      [Object Copy (ms):  17.1]
      [Termination (ms):  0.0]
         [Termination Attempts:  1]
      [GC Worker Other (ms):  0.0]
      [GC Worker Total (ms):  26.8]
      [GC Worker End (ms):  10385061.4]
   [Code Root Fixup: 0.0 ms]
   [Code Root Purge: 0.0 ms]
   [Clear CT: 0.0 ms]
   [Other: 0.5 ms]
      [Choose CSet: 0.0 ms]
      [Ref Proc: 0.0 ms]
      [Ref Enq: 0.0 ms]
      [Redirty Cards: 0.0 ms]
      [Humongous Register: 0.0 ms]
      [Humongous Reclaim: 0.0 ms]
      [Free CSet: 0.1 ms]
   [Eden: 45.0M(45.0M)->0.0B(46.0M) Survivors: 6144.0K->5120.0K Heap: 339.2M(1024.0M)->294.8M(1024.0M)]
 [Times: user=0.03 sys=0.00, real=0.03 secs] 
2016-12-19T19:25:51.040+0100: 10415.091: [GC pause (G1 Evacuation Pause) (young), 0.0309161 secs]
   [Parallel Time: 30.5 ms, GC Workers: 1]
      [GC Worker Start (ms):  10415091.4]
      [Ext Root Scanning (ms):  1.6]
      [Update RS (ms):  4.2]
         [Processed Buffers:  33]
      [Scan RS (ms):  5.5]
      [Code Root Scanning (ms):  0.0]
      [Object Copy (ms):  19.1]
      [Termination (ms):  0.0]
         [Termination Attempts:  1]
      [GC Worker Other (ms):  0.0]
      [GC Worker Total (ms):  30.4]
      [GC Worker End (ms):  10415121.8]
   [Code Root Fixup: 0.0 ms]
   [Code Root Purge: 0.0 ms]
   [Clear CT: 0.0 ms]
   [Other: 0.4 ms]
      [Choose CSet: 0.0 ms]
      [Ref Proc: 0.0 ms]
      [Ref Enq: 0.0 ms]
      [Redirty Cards: 0.0 ms]
      [Humongous Register: 0.0 ms]
      [Humongous Reclaim: 0.0 ms]
      [Free CSet: 0.0 ms]
   [Eden: 46.0M(46.0M)->0.0B(46.0M) Survivors: 5120.0K->5120.0K Heap: 340.8M(1024.0M)->295.3M(1024.0M)]
 [Times: user=0.03 sys=0.00, real=0.03 secs] 
2016-12-19T19:26:21.851+0100: 10445.901: [GC pause (G1 Evacuation Pause) (young), 0.0565182 secs]
   [Parallel Time: 55.6 ms, GC Workers: 1]
      [GC Worker Start (ms):  10445901.7]
      [Ext Root Scanning (ms):  1.7]
      [Update RS (ms):  4.0]
         [Processed Buffers:  30]
      [Scan RS (ms):  7.4]
      [Code Root Scanning (ms):  0.0]
      [Object Copy (ms):  42.4]
      [Termination (ms):  0.0]
         [Termination Attempts:  1]
      [GC Worker Other (ms):  0.0]
      [GC Worker Total (ms):  55.6]
      [GC Worker End (ms):  10445957.3]
   [Code Root Fixup: 0.1 ms]
   [Code Root Purge: 0.0 ms]
   [Clear CT: 0.0 ms]
   [Other: 0.8 ms]
      [Choose CSet: 0.0 ms]
      [Ref Proc: 0.0 ms]
      [Ref Enq: 0.0 ms]
      [Redirty Cards: 0.1 ms]
      [Humongous Register: 0.1 ms]
      [Humongous Reclaim: 0.1 ms]
      [Free CSet: 0.2 ms]
   [Eden: 46.0M(46.0M)->0.0B(46.0M) Survivors: 5120.0K->5120.0K Heap: 341.3M(1024.0M)->296.4M(1024.0M)]
 [Times: user=0.05 sys=0.00, real=0.05 secs] 
2016-12-19T19:26:52.515+0100: 10476.566: [GC pause (G1 Evacuation Pause) (young), 0.0253953 secs]
   [Parallel Time: 24.8 ms, GC Workers: 1]
      [GC Worker Start (ms):  10476566.5]
      [Ext Root Scanning (ms):  1.6]
      [Update RS (ms):  3.5]
         [Processed Buffers:  30]
      [Scan RS (ms):  4.0]
      [Code Root Scanning (ms):  0.0]
      [Object Copy (ms):  15.6]
      [Termination (ms):  0.0]
         [Termination Attempts:  1]
      [GC Worker Other (ms):  0.0]
      [GC Worker Total (ms):  24.7]
      [GC Worker End (ms):  10476591.3]
   [Code Root Fixup: 0.0 ms]
   [Code Root Purge: 0.0 ms]
   [Clear CT: 0.0 ms]
   [Other: 0.5 ms]
      [Choose CSet: 0.0 ms]
      [Ref Proc: 0.0 ms]
      [Ref Enq: 0.0 ms]
      [Redirty Cards: 0.0 ms]
      [Humongous Register: 0.1 ms]
      [Humongous Reclaim: 0.0 ms]
      [Free CSet: 0.0 ms]
   [Eden: 46.0M(46.0M)->0.0B(46.0M) Survivors: 5120.0K->5120.0K Heap: 342.4M(1024.0M)->297.4M(1024.0M)]
 [Times: user=0.02 sys=0.00, real=0.02 secs] 
2016-12-19T19:27:21.792+0100: 10505.843: [GC pause (G1 Evacuation Pause) (young), 0.0209628 secs]
   [Parallel Time: 20.5 ms, GC Workers: 1]
      [GC Worker Start (ms):  10505842.6]
      [Ext Root Scanning (ms):  1.2]
      [Update RS (ms):  2.6]
         [Processed Buffers:  33]
      [Scan RS (ms):  4.4]
      [Code Root Scanning (ms):  0.0]
      [Object Copy (ms):  12.3]
      [Termination (ms):  0.0]
         [Termination Attempts:  1]
      [GC Worker Other (ms):  0.0]
      [GC Worker Total (ms):  20.5]
      [GC Worker End (ms):  10505863.1]
   [Code Root Fixup: 0.0 ms]
   [Code Root Purge: 0.0 ms]
   [Clear CT: 0.1 ms]
   [Other: 0.4 ms]
      [Choose CSet: 0.0 ms]
      [Ref Proc: 0.0 ms]
      [Ref Enq: 0.0 ms]
      [Redirty Cards: 0.0 ms]
      [Humongous Register: 0.0 ms]
      [Humongous Reclaim: 0.0 ms]
      [Free CSet: 0.0 ms]
   [Eden: 46.0M(46.0M)->0.0B(47.0M) Survivors: 5120.0K->4096.0K Heap: 343.4M(1024.0M)->298.0M(1024.0M)]
 [Times: user=0.02 sys=0.00, real=0.02 secs] 
2016-12-19T19:27:50.953+0100: 10535.004: [GC pause (G1 Evacuation Pause) (young), 0.0328316 secs]
   [Parallel Time: 32.0 ms, GC Workers: 1]
      [GC Worker Start (ms):  10535005.5]
      [Ext Root Scanning (ms):  3.3]
      [Update RS (ms):  3.4]
         [Processed Buffers:  32]
      [Scan RS (ms):  7.5]
      [Code Root Scanning (ms):  0.0]
      [Object Copy (ms):  16.3]
      [Termination (ms):  0.0]
         [Termination Attempts:  1]
      [GC Worker Other (ms):  0.0]
      [GC Worker Total (ms):  30.6]
      [GC Worker End (ms):  10535036.1]
   [Code Root Fixup: 0.1 ms]
   [Code Root Purge: 0.0 ms]
   [Clear CT: 0.0 ms]
   [Other: 0.7 ms]
      [Choose CSet: 0.0 ms]
      [Ref Proc: 0.0 ms]
      [Ref Enq: 0.0 ms]
      [Redirty Cards: 0.0 ms]
      [Humongous Register: 0.3 ms]
      [Humongous Reclaim: 0.0 ms]
      [Free CSet: 0.1 ms]
   [Eden: 47.0M(47.0M)->0.0B(46.0M) Survivors: 4096.0K->5120.0K Heap: 345.0M(1024.0M)->298.5M(1024.0M)]
 [Times: user=0.03 sys=0.00, real=0.03 secs] 
2016-12-19T19:28:12.133+0100: 10556.184: [GC pause (G1 Evacuation Pause) (young), 0.0697305 secs]
   [Parallel Time: 68.8 ms, GC Workers: 1]
      [GC Worker Start (ms):  10556184.4]
      [Ext Root Scanning (ms):  1.9]
      [Update RS (ms):  28.2]
         [Processed Buffers:  32]
      [Scan RS (ms):  8.9]
      [Code Root Scanning (ms):  0.0]
      [Object Copy (ms):  29.7]
      [Termination (ms):  0.0]
         [Termination Attempts:  1]
      [GC Worker Other (ms):  0.0]
      [GC Worker Total (ms):  68.7]
      [GC Worker End (ms):  10556253.1]
   [Code Root Fixup: 0.1 ms]
   [Code Root Purge: 0.0 ms]
   [Clear CT: 0.1 ms]
   [Other: 0.9 ms]
      [Choose CSet: 0.0 ms]
      [Ref Proc: 0.2 ms]
      [Ref Enq: 0.0 ms]
      [Redirty Cards: 0.1 ms]
      [Humongous Register: 0.1 ms]
      [Humongous Reclaim: 0.1 ms]
      [Free CSet: 0.1 ms]
   [Eden: 46.0M(46.0M)->0.0B(46.0M) Survivors: 5120.0K->5120.0K Heap: 344.5M(1024.0M)->299.6M(1024.0M)]
 [Times: user=0.07 sys=0.00, real=0.07 secs] 
2016-12-19T19:28:31.017+0100: 10575.067: [GC pause (G1 Evacuation Pause) (young), 0.0339307 secs]
   [Parallel Time: 33.4 ms, GC Workers: 1]
      [GC Worker Start (ms):  10575067.4]
      [Ext Root Scanning (ms):  3.9]
      [Update RS (ms):  5.1]
         [Processed Buffers:  30]
      [Scan RS (ms):  8.2]
      [Code Root Scanning (ms):  0.0]
      [Object Copy (ms):  16.2]
      [Termination (ms):  0.0]
         [Termination Attempts:  1]
      [GC Worker Other (ms):  0.0]
      [GC Worker Total (ms):  33.3]
      [GC Worker End (ms):  10575100.8]
   [Code Root Fixup: 0.0 ms]
   [Code Root Purge: 0.0 ms]
   [Clear CT: 0.1 ms]
   [Other: 0.4 ms]
      [Choose CSet: 0.0 ms]
      [Ref Proc: 0.0 ms]
      [Ref Enq: 0.0 ms]
      [Redirty Cards: 0.0 ms]
      [Humongous Register: 0.1 ms]
      [Humongous Reclaim: 0.0 ms]
      [Free CSet: 0.1 ms]
   [Eden: 46.0M(46.0M)->0.0B(47.0M) Survivors: 5120.0K->4096.0K Heap: 345.6M(1024.0M)->300.5M(1024.0M)]
 [Times: user=0.04 sys=0.00, real=0.03 secs] 
2016-12-19T19:28:50.955+0100: 10595.005: [GC pause (G1 Evacuation Pause) (young), 0.0274231 secs]
   [Parallel Time: 26.9 ms, GC Workers: 1]
      [GC Worker Start (ms):  10595005.6]
      [Ext Root Scanning (ms):  2.8]
      [Update RS (ms):  7.2]
         [Processed Buffers:  29]
      [Scan RS (ms):  5.0]
      [Code Root Scanning (ms):  0.0]
      [Object Copy (ms):  11.9]
      [Termination (ms):  0.0]
         [Termination Attempts:  1]
      [GC Worker Other (ms):  0.0]
      [GC Worker Total (ms):  26.8]
      [GC Worker End (ms):  10595032.5]
   [Code Root Fixup: 0.0 ms]
   [Code Root Purge: 0.0 ms]
   [Clear CT: 0.0 ms]
   [Other: 0.5 ms]
      [Choose CSet: 0.0 ms]
      [Ref Proc: 0.0 ms]
      [Ref Enq: 0.0 ms]
      [Redirty Cards: 0.0 ms]
      [Humongous Register: 0.1 ms]
      [Humongous Reclaim: 0.1 ms]
      [Free CSet: 0.0 ms]
   [Eden: 47.0M(47.0M)->0.0B(46.0M) Survivors: 4096.0K->5120.0K Heap: 347.5M(1024.0M)->301.5M(1024.0M)]
 [Times: user=0.03 sys=0.00, real=0.02 secs] 
2016-12-19T19:29:10.055+0100: 10614.106: [GC pause (G1 Evacuation Pause) (young), 0.0702549 secs]
   [Parallel Time: 69.6 ms, GC Workers: 1]
      [GC Worker Start (ms):  10614105.7]
      [Ext Root Scanning (ms):  1.0]
      [Update RS (ms):  2.1]
         [Processed Buffers:  27]
      [Scan RS (ms):  4.3]
      [Code Root Scanning (ms):  0.1]
      [Object Copy (ms):  62.1]
      [Termination (ms):  0.0]
         [Termination Attempts:  1]
      [GC Worker Other (ms):  0.0]
      [GC Worker Total (ms):  69.5]
      [GC Worker End (ms):  10614175.2]
   [Code Root Fixup: 0.1 ms]
   [Code Root Purge: 0.0 ms]
   [Clear CT: 0.1 ms]
   [Other: 0.6 ms]
      [Choose CSet: 0.0 ms]
      [Ref Proc: 0.1 ms]
      [Ref Enq: 0.0 ms]
      [Redirty Cards: 0.1 ms]
      [Humongous Register: 0.1 ms]
      [Humongous Reclaim: 0.1 ms]
      [Free CSet: 0.1 ms]
   [Eden: 46.0M(46.0M)->0.0B(47.0M) Survivors: 5120.0K->4096.0K Heap: 347.5M(1024.0M)->301.3M(1024.0M)]
 [Times: user=0.07 sys=0.00, real=0.07 secs] 
2016-12-19T19:29:32.482+0100: 10636.532: [GC pause (G1 Evacuation Pause) (young), 0.0184199 secs]
   [Parallel Time: 18.0 ms, GC Workers: 1]
      [GC Worker Start (ms):  10636532.4]
      [Ext Root Scanning (ms):  0.9]
      [Update RS (ms):  2.4]
         [Processed Buffers:  30]
      [Scan RS (ms):  4.1]
      [Code Root Scanning (ms):  0.0]
      [Object Copy (ms):  10.6]
      [Termination (ms):  0.0]
         [Termination Attempts:  1]
      [GC Worker Other (ms):  0.0]
      [GC Worker Total (ms):  18.0]
      [GC Worker End (ms):  10636550.4]
   [Code Root Fixup: 0.0 ms]
   [Code Root Purge: 0.0 ms]
   [Clear CT: 0.0 ms]
   [Other: 0.3 ms]
      [Choose CSet: 0.0 ms]
      [Ref Proc: 0.0 ms]
      [Ref Enq: 0.0 ms]
      [Redirty Cards: 0.0 ms]
      [Humongous Register: 0.0 ms]
      [Humongous Reclaim: 0.0 ms]
      [Free CSet: 0.0 ms]
   [Eden: 47.0M(47.0M)->0.0B(46.0M) Survivors: 4096.0K->5120.0K Heap: 348.3M(1024.0M)->302.8M(1024.0M)]
 [Times: user=0.02 sys=0.00, real=0.02 secs] 
2016-12-19T19:29:51.384+0100: 10655.435: [GC pause (G1 Evacuation Pause) (young), 0.0218598 secs]
   [Parallel Time: 20.9 ms, GC Workers: 1]
      [GC Worker Start (ms):  10655435.6]
      [Ext Root Scanning (ms):  1.4]
      [Update RS (ms):  3.3]
         [Processed Buffers:  29]
      [Scan RS (ms):  4.2]
      [Code Root Scanning (ms):  0.0]
      [Object Copy (ms):  11.9]
      [Termination (ms):  0.0]
         [Termination Attempts:  1]
      [GC Worker Other (ms):  0.0]
      [GC Worker Total (ms):  20.8]
      [GC Worker End (ms):  10655456.4]
   [Code Root Fixup: 0.1 ms]
   [Code Root Purge: 0.0 ms]
   [Clear CT: 0.0 ms]
   [Other: 0.9 ms]
      [Choose CSet: 0.0 ms]
      [Ref Proc: 0.0 ms]
      [Ref Enq: 0.0 ms]
      [Redirty Cards: 0.0 ms]
      [Humongous Register: 0.3 ms]
      [Humongous Reclaim: 0.0 ms]
      [Free CSet: 0.0 ms]
   [Eden: 46.0M(46.0M)->0.0B(47.0M) Survivors: 5120.0K->4096.0K Heap: 348.8M(1024.0M)->302.8M(1024.0M)]
 [Times: user=0.02 sys=0.00, real=0.02 secs] 
2016-12-19T19:30:12.812+0100: 10676.863: [GC pause (G1 Evacuation Pause) (young), 0.0246612 secs]
   [Parallel Time: 24.2 ms, GC Workers: 1]
      [GC Worker Start (ms):  10676863.3]
      [Ext Root Scanning (ms):  1.7]
      [Update RS (ms):  4.8]
         [Processed Buffers:  31]
      [Scan RS (ms):  4.7]
      [Code Root Scanning (ms):  0.0]
      [Object Copy (ms):  12.9]
      [Termination (ms):  0.0]
         [Termination Attempts:  1]
      [GC Worker Other (ms):  0.0]
      [GC Worker Total (ms):  24.2]
      [GC Worker End (ms):  10676887.4]
   [Code Root Fixup: 0.0 ms]
   [Code Root Purge: 0.0 ms]
   [Clear CT: 0.0 ms]
   [Other: 0.4 ms]
      [Choose CSet: 0.0 ms]
      [Ref Proc: 0.0 ms]
      [Ref Enq: 0.0 ms]
      [Redirty Cards: 0.0 ms]
      [Humongous Register: 0.1 ms]
      [Humongous Reclaim: 0.0 ms]
      [Free CSet: 0.0 ms]
   [Eden: 47.0M(47.0M)->0.0B(45.0M) Survivors: 4096.0K->6144.0K Heap: 349.8M(1024.0M)->304.3M(1024.0M)]
 [Times: user=0.03 sys=0.00, real=0.02 secs] 
2016-12-19T19:30:32.541+0100: 10696.592: [GC pause (G1 Evacuation Pause) (young), 0.0215089 secs]
   [Parallel Time: 21.1 ms, GC Workers: 1]
      [GC Worker Start (ms):  10696591.7]
      [Ext Root Scanning (ms):  0.9]
      [Update RS (ms):  2.4]
         [Processed Buffers:  31]
      [Scan RS (ms):  4.1]
      [Code Root Scanning (ms):  0.0]
      [Object Copy (ms):  13.6]
      [Termination (ms):  0.0]
         [Termination Attempts:  1]
      [GC Worker Other (ms):  0.0]
      [GC Worker Total (ms):  21.1]
      [GC Worker End (ms):  10696612.8]
   [Code Root Fixup: 0.0 ms]
   [Code Root Purge: 0.0 ms]
   [Clear CT: 0.0 ms]
   [Other: 0.3 ms]
      [Choose CSet: 0.0 ms]
      [Ref Proc: 0.0 ms]
      [Ref Enq: 0.0 ms]
      [Redirty Cards: 0.0 ms]
      [Humongous Register: 0.0 ms]
      [Humongous Reclaim: 0.0 ms]
      [Free CSet: 0.0 ms]
   [Eden: 45.0M(45.0M)->0.0B(47.0M) Survivors: 6144.0K->4096.0K Heap: 349.3M(1024.0M)->304.1M(1024.0M)]
 [Times: user=0.03 sys=0.00, real=0.02 secs] 
2016-12-19T19:30:53.115+0100: 10717.166: [GC pause (G1 Evacuation Pause) (young), 0.0236415 secs]
   [Parallel Time: 23.1 ms, GC Workers: 1]
      [GC Worker Start (ms):  10717166.4]
      [Ext Root Scanning (ms):  1.3]
      [Update RS (ms):  3.0]
         [Processed Buffers:  31]
      [Scan RS (ms):  4.4]
      [Code Root Scanning (ms):  0.0]
      [Object Copy (ms):  14.4]
      [Termination (ms):  0.0]
         [Termination Attempts:  1]
      [GC Worker Other (ms):  0.0]
      [GC Worker Total (ms):  23.1]
      [GC Worker End (ms):  10717189.5]
   [Code Root Fixup: 0.0 ms]
   [Code Root Purge: 0.0 ms]
   [Clear CT: 0.0 ms]
   [Other: 0.4 ms]
      [Choose CSet: 0.0 ms]
      [Ref Proc: 0.0 ms]
      [Ref Enq: 0.0 ms]
      [Redirty Cards: 0.0 ms]
      [Humongous Register: 0.1 ms]
      [Humongous Reclaim: 0.0 ms]
      [Free CSet: 0.1 ms]
   [Eden: 47.0M(47.0M)->0.0B(45.0M) Survivors: 4096.0K->6144.0K Heap: 351.1M(1024.0M)->305.6M(1024.0M)]
 [Times: user=0.02 sys=0.00, real=0.02 secs] 
2016-12-19T19:31:12.232+0100: 10736.283: [GC pause (G1 Evacuation Pause) (young), 0.0225146 secs]
   [Parallel Time: 21.9 ms, GC Workers: 1]
      [GC Worker Start (ms):  10736282.7]
      [Ext Root Scanning (ms):  0.8]
      [Update RS (ms):  1.9]
         [Processed Buffers:  31]
      [Scan RS (ms):  4.9]
      [Code Root Scanning (ms):  0.0]
      [Object Copy (ms):  14.3]
      [Termination (ms):  0.0]
         [Termination Attempts:  1]
      [GC Worker Other (ms):  0.0]
      [GC Worker Total (ms):  21.9]
      [GC Worker End (ms):  10736304.6]
   [Code Root Fixup: 0.1 ms]
   [Code Root Purge: 0.0 ms]
   [Clear CT: 0.1 ms]
   [Other: 0.4 ms]
      [Choose CSet: 0.0 ms]
      [Ref Proc: 0.0 ms]
      [Ref Enq: 0.0 ms]
      [Redirty Cards: 0.1 ms]
      [Humongous Register: 0.0 ms]
      [Humongous Reclaim: 0.0 ms]
      [Free CSet: 0.1 ms]
   [Eden: 45.0M(45.0M)->0.0B(47.0M) Survivors: 6144.0K->4096.0K Heap: 350.6M(1024.0M)->305.3M(1024.0M)]
 [Times: user=0.02 sys=0.00, real=0.02 secs] 
2016-12-19T19:31:32.512+0100: 10756.563: [GC pause (G1 Evacuation Pause) (young), 0.0259626 secs]
   [Parallel Time: 25.3 ms, GC Workers: 1]
      [GC Worker Start (ms):  10756563.1]
      [Ext Root Scanning (ms):  1.3]
      [Update RS (ms):  5.8]
         [Processed Buffers:  30]
      [Scan RS (ms):  4.5]
      [Code Root Scanning (ms):  0.0]
      [Object Copy (ms):  13.5]
      [Termination (ms):  0.0]
         [Termination Attempts:  1]
      [GC Worker Other (ms):  0.0]
      [GC Worker Total (ms):  25.2]
      [GC Worker End (ms):  10756588.3]
   [Code Root Fixup: 0.1 ms]
   [Code Root Purge: 0.0 ms]
   [Clear CT: 0.0 ms]
   [Other: 0.6 ms]
      [Choose CSet: 0.0 ms]
      [Ref Proc: 0.1 ms]
      [Ref Enq: 0.0 ms]
      [Redirty Cards: 0.0 ms]
      [Humongous Register: 0.1 ms]
      [Humongous Reclaim: 0.1 ms]
      [Free CSet: 0.1 ms]
   [Eden: 47.0M(47.0M)->0.0B(46.0M) Survivors: 4096.0K->5120.0K Heap: 352.3M(1024.0M)->306.8M(1024.0M)]
 [Times: user=0.03 sys=0.00, real=0.02 secs] 
2016-12-19T19:31:53.298+0100: 10777.349: [GC pause (G1 Evacuation Pause) (young), 0.0351556 secs]
   [Parallel Time: 34.2 ms, GC Workers: 1]
      [GC Worker Start (ms):  10777349.5]
      [Ext Root Scanning (ms):  1.7]
      [Update RS (ms):  3.9]
         [Processed Buffers:  29]
      [Scan RS (ms):  5.3]
      [Code Root Scanning (ms):  0.0]
      [Object Copy (ms):  23.4]
      [Termination (ms):  0.0]
         [Termination Attempts:  1]
      [GC Worker Other (ms):  0.0]
      [GC Worker Total (ms):  34.2]
      [GC Worker End (ms):  10777383.6]
   [Code Root Fixup: 0.1 ms]
   [Code Root Purge: 0.0 ms]
   [Clear CT: 0.1 ms]
   [Other: 0.7 ms]
      [Choose CSet: 0.0 ms]
      [Ref Proc: 0.0 ms]
      [Ref Enq: 0.0 ms]
      [Redirty Cards: 0.1 ms]
      [Humongous Register: 0.3 ms]
      [Humongous Reclaim: 0.0 ms]
      [Free CSet: 0.1 ms]
   [Eden: 46.0M(46.0M)->0.0B(47.0M) Survivors: 5120.0K->4096.0K Heap: 352.8M(1024.0M)->306.8M(1024.0M)]
 [Times: user=0.03 sys=0.00, real=0.04 secs] 
2016-12-19T19:32:17.014+0100: 10801.064: [GC pause (G1 Evacuation Pause) (young), 0.0299423 secs]
   [Parallel Time: 29.4 ms, GC Workers: 1]
      [GC Worker Start (ms):  10801064.4]
      [Ext Root Scanning (ms):  1.3]
      [Update RS (ms):  7.6]
         [Processed Buffers:  34]
      [Scan RS (ms):  6.1]
      [Code Root Scanning (ms):  0.0]
      [Object Copy (ms):  14.4]
      [Termination (ms):  0.0]
         [Termination Attempts:  1]
      [GC Worker Other (ms):  0.0]
      [GC Worker Total (ms):  29.4]
      [GC Worker End (ms):  10801093.8]
   [Code Root Fixup: 0.0 ms]
   [Code Root Purge: 0.0 ms]
   [Clear CT: 0.1 ms]
   [Other: 0.4 ms]
      [Choose CSet: 0.0 ms]
      [Ref Proc: 0.1 ms]
      [Ref Enq: 0.0 ms]
      [Redirty Cards: 0.0 ms]
      [Humongous Register: 0.0 ms]
      [Humongous Reclaim: 0.0 ms]
      [Free CSet: 0.1 ms]
   [Eden: 47.0M(47.0M)->0.0B(46.0M) Survivors: 4096.0K->5120.0K Heap: 353.8M(1024.0M)->308.3M(1024.0M)]
 [Times: user=0.03 sys=0.00, real=0.03 secs] 
2016-12-19T19:32:47.133+0100: 10831.184: [GC pause (G1 Evacuation Pause) (young), 0.0336709 secs]
   [Parallel Time: 33.0 ms, GC Workers: 1]
      [GC Worker Start (ms):  10831184.0]
      [Ext Root Scanning (ms):  1.2]
      [Update RS (ms):  2.4]
         [Processed Buffers:  36]
      [Scan RS (ms):  5.1]
      [Code Root Scanning (ms):  0.0]
      [Object Copy (ms):  24.0]
      [Termination (ms):  0.0]
         [Termination Attempts:  1]
      [GC Worker Other (ms):  0.2]
      [GC Worker Total (ms):  32.9]
      [GC Worker End (ms):  10831216.9]
   [Code Root Fixup: 0.1 ms]
   [Code Root Purge: 0.0 ms]
   [Clear CT: 0.1 ms]
   [Other: 0.6 ms]
      [Choose CSet: 0.0 ms]
      [Ref Proc: 0.1 ms]
      [Ref Enq: 0.0 ms]
      [Redirty Cards: 0.1 ms]
      [Humongous Register: 0.1 ms]
      [Humongous Reclaim: 0.1 ms]
      [Free CSet: 0.1 ms]
   [Eden: 46.0M(46.0M)->0.0B(46.0M) Survivors: 5120.0K->5120.0K Heap: 354.3M(1024.0M)->309.4M(1024.0M)]
 [Times: user=0.03 sys=0.00, real=0.03 secs] 
2016-12-19T19:33:15.945+0100: 10859.996: [GC pause (G1 Evacuation Pause) (young), 0.0523890 secs]
   [Parallel Time: 50.3 ms, GC Workers: 1]
      [GC Worker Start (ms):  10859996.0]
      [Ext Root Scanning (ms):  2.0]
      [Update RS (ms):  7.3]
         [Processed Buffers:  36]
      [Scan RS (ms):  8.7]
      [Code Root Scanning (ms):  0.0]
      [Object Copy (ms):  32.2]
      [Termination (ms):  0.0]
         [Termination Attempts:  1]
      [GC Worker Other (ms):  0.0]
      [GC Worker Total (ms):  50.3]
      [GC Worker End (ms):  10860046.3]
   [Code Root Fixup: 0.1 ms]
   [Code Root Purge: 0.0 ms]
   [Clear CT: 0.1 ms]
   [Other: 1.9 ms]
      [Choose CSet: 0.0 ms]
      [Ref Proc: 0.0 ms]
      [Ref Enq: 0.0 ms]
      [Redirty Cards: 0.0 ms]
      [Humongous Register: 0.1 ms]
      [Humongous Reclaim: 0.0 ms]
      [Free CSet: 0.1 ms]
   [Eden: 46.0M(46.0M)->0.0B(47.0M) Survivors: 5120.0K->4096.0K Heap: 355.4M(1024.0M)->309.0M(1024.0M)]
 [Times: user=0.05 sys=0.00, real=0.05 secs] 
2016-12-19T19:33:43.885+0100: 10887.936: [GC pause (G1 Evacuation Pause) (young), 0.0188455 secs]
   [Parallel Time: 18.4 ms, GC Workers: 1]
      [GC Worker Start (ms):  10887935.9]
      [Ext Root Scanning (ms):  1.0]
      [Update RS (ms):  2.5]
         [Processed Buffers:  31]
      [Scan RS (ms):  3.4]
      [Code Root Scanning (ms):  0.0]
      [Object Copy (ms):  11.5]
      [Termination (ms):  0.0]
         [Termination Attempts:  1]
      [GC Worker Other (ms):  0.0]
      [GC Worker Total (ms):  18.4]
      [GC Worker End (ms):  10887954.3]
   [Code Root Fixup: 0.0 ms]
   [Code Root Purge: 0.0 ms]
   [Clear CT: 0.0 ms]
   [Other: 0.3 ms]
      [Choose CSet: 0.0 ms]
      [Ref Proc: 0.0 ms]
      [Ref Enq: 0.0 ms]
      [Redirty Cards: 0.0 ms]
      [Humongous Register: 0.0 ms]
      [Humongous Reclaim: 0.0 ms]
      [Free CSet: 0.0 ms]
   [Eden: 47.0M(47.0M)->0.0B(46.0M) Survivors: 4096.0K->5120.0K Heap: 356.0M(1024.0M)->310.0M(1024.0M)]
 [Times: user=0.02 sys=0.00, real=0.02 secs] 
2016-12-19T19:34:12.658+0100: 10916.709: [GC pause (G1 Evacuation Pause) (young), 0.0589613 secs]
   [Parallel Time: 57.5 ms, GC Workers: 1]
      [GC Worker Start (ms):  10916709.8]
      [Ext Root Scanning (ms):  2.8]
      [Update RS (ms):  20.5]
         [Processed Buffers:  30]
      [Scan RS (ms):  8.8]
      [Code Root Scanning (ms):  0.0]
      [Object Copy (ms):  25.3]
      [Termination (ms):  0.0]
         [Termination Attempts:  1]
      [GC Worker Other (ms):  0.0]
      [GC Worker Total (ms):  57.4]
      [GC Worker End (ms):  10916767.2]
   [Code Root Fixup: 0.0 ms]
   [Code Root Purge: 0.0 ms]
   [Clear CT: 0.1 ms]
   [Other: 1.3 ms]
      [Choose CSet: 0.0 ms]
      [Ref Proc: 0.0 ms]
      [Ref Enq: 0.0 ms]
      [Redirty Cards: 0.1 ms]
      [Humongous Register: 0.1 ms]
      [Humongous Reclaim: 0.1 ms]
      [Free CSet: 0.1 ms]
   [Eden: 46.0M(46.0M)->0.0B(47.0M) Survivors: 5120.0K->4096.0K Heap: 356.0M(1024.0M)->310.2M(1024.0M)]
 [Times: user=0.05 sys=0.00, real=0.06 secs] 
2016-12-19T19:34:20.044+0100: 10924.095: [GC pause (G1 Evacuation Pause) (young), 0.0385744 secs]
   [Parallel Time: 35.0 ms, GC Workers: 1]
      [GC Worker Start (ms):  10924098.3]
      [Ext Root Scanning (ms):  6.1]
      [Update RS (ms):  5.1]
         [Processed Buffers:  30]
      [Scan RS (ms):  5.4]
      [Code Root Scanning (ms):  0.0]
      [Object Copy (ms):  18.3]
      [Termination (ms):  0.0]
         [Termination Attempts:  1]
      [GC Worker Other (ms):  0.0]
      [GC Worker Total (ms):  35.0]
      [GC Worker End (ms):  10924133.3]
   [Code Root Fixup: 0.1 ms]
   [Code Root Purge: 0.0 ms]
   [Clear CT: 0.1 ms]
   [Other: 3.4 ms]
      [Choose CSet: 0.0 ms]
      [Ref Proc: 0.0 ms]
      [Ref Enq: 0.0 ms]
      [Redirty Cards: 0.0 ms]
      [Humongous Register: 2.7 ms]
      [Humongous Reclaim: 0.0 ms]
      [Free CSet: 0.1 ms]
   [Eden: 47.0M(47.0M)->0.0B(46.0M) Survivors: 4096.0K->5120.0K Heap: 357.2M(1024.0M)->310.7M(1024.0M)]
 [Times: user=0.04 sys=0.00, real=0.04 secs] 
2016-12-19T19:34:27.200+0100: 10931.251: [GC pause (G1 Evacuation Pause) (young), 0.0596733 secs]
   [Parallel Time: 58.8 ms, GC Workers: 1]
      [GC Worker Start (ms):  10931250.8]
      [Ext Root Scanning (ms):  1.3]
      [Update RS (ms):  8.1]
         [Processed Buffers:  28]
      [Scan RS (ms):  6.3]
      [Code Root Scanning (ms):  0.0]
      [Object Copy (ms):  38.2]
      [Termination (ms):  0.0]
         [Termination Attempts:  1]
      [GC Worker Other (ms):  0.0]
      [GC Worker Total (ms):  53.9]
      [GC Worker End (ms):  10931304.7]
   [Code Root Fixup: 0.0 ms]
   [Code Root Purge: 0.0 ms]
   [Clear CT: 0.1 ms]
   [Other: 0.8 ms]
      [Choose CSet: 0.0 ms]
      [Ref Proc: 0.1 ms]
      [Ref Enq: 0.0 ms]
      [Redirty Cards: 0.1 ms]
      [Humongous Register: 0.0 ms]
      [Humongous Reclaim: 0.0 ms]
      [Free CSet: 0.1 ms]
   [Eden: 46.0M(46.0M)->0.0B(46.0M) Survivors: 5120.0K->5120.0K Heap: 356.7M(1024.0M)->311.4M(1024.0M)]
 [Times: user=0.03 sys=0.00, real=0.06 secs] 
2016-12-19T19:34:33.625+0100: 10937.675: [GC pause (G1 Evacuation Pause) (young), 0.0247383 secs]
   [Parallel Time: 24.3 ms, GC Workers: 1]
      [GC Worker Start (ms):  10937675.6]
      [Ext Root Scanning (ms):  1.7]
      [Update RS (ms):  3.6]
         [Processed Buffers:  29]
      [Scan RS (ms):  5.0]
      [Code Root Scanning (ms):  0.0]
      [Object Copy (ms):  14.0]
      [Termination (ms):  0.0]
         [Termination Attempts:  1]
      [GC Worker Other (ms):  0.0]
      [GC Worker Total (ms):  24.2]
      [GC Worker End (ms):  10937699.8]
   [Code Root Fixup: 0.0 ms]
   [Code Root Purge: 0.0 ms]
   [Clear CT: 0.0 ms]
   [Other: 0.4 ms]
      [Choose CSet: 0.0 ms]
      [Ref Proc: 0.0 ms]
      [Ref Enq: 0.0 ms]
      [Redirty Cards: 0.0 ms]
      [Humongous Register: 0.1 ms]
      [Humongous Reclaim: 0.0 ms]
      [Free CSet: 0.0 ms]
   [Eden: 46.0M(46.0M)->0.0B(48.0M) Survivors: 5120.0K->3072.0K Heap: 357.4M(1024.0M)->311.0M(1024.0M)]
 [Times: user=0.03 sys=0.00, real=0.02 secs] 
2016-12-19T19:34:42.474+0100: 10946.524: [GC pause (G1 Evacuation Pause) (young), 0.0194715 secs]
   [Parallel Time: 18.2 ms, GC Workers: 1]
      [GC Worker Start (ms):  10946525.3]
      [Ext Root Scanning (ms):  1.2]
      [Update RS (ms):  3.1]
         [Processed Buffers:  30]
      [Scan RS (ms):  4.6]
      [Code Root Scanning (ms):  0.0]
      [Object Copy (ms):  9.2]
      [Termination (ms):  0.0]
         [Termination Attempts:  1]
      [GC Worker Other (ms):  0.0]
      [GC Worker Total (ms):  18.2]
      [GC Worker End (ms):  10946543.5]
   [Code Root Fixup: 0.0 ms]
   [Code Root Purge: 0.0 ms]
   [Clear CT: 0.0 ms]
   [Other: 1.2 ms]
      [Choose CSet: 0.0 ms]
      [Ref Proc: 0.0 ms]
      [Ref Enq: 0.0 ms]
      [Redirty Cards: 0.0 ms]
      [Humongous Register: 0.8 ms]
      [Humongous Reclaim: 0.0 ms]
      [Free CSet: 0.1 ms]
   [Eden: 48.0M(48.0M)->0.0B(47.0M) Survivors: 3072.0K->4096.0K Heap: 359.0M(1024.0M)->311.5M(1024.0M)]
 [Times: user=0.02 sys=0.00, real=0.02 secs] 
2016-12-19T19:34:54.057+0100: 10958.107: [GC pause (G1 Evacuation Pause) (young), 0.0237640 secs]
   [Parallel Time: 23.3 ms, GC Workers: 1]
      [GC Worker Start (ms):  10958107.5]
      [Ext Root Scanning (ms):  1.5]
      [Update RS (ms):  4.4]
         [Processed Buffers:  29]
      [Scan RS (ms):  2.8]
      [Code Root Scanning (ms):  0.0]
      [Object Copy (ms):  14.5]
      [Termination (ms):  0.0]
         [Termination Attempts:  1]
      [GC Worker Other (ms):  0.0]
      [GC Worker Total (ms):  23.2]
      [GC Worker End (ms):  10958130.7]
   [Code Root Fixup: 0.1 ms]
   [Code Root Purge: 0.0 ms]
   [Clear CT: 0.0 ms]
   [Other: 0.4 ms]
      [Choose CSet: 0.0 ms]
      [Ref Proc: 0.0 ms]
      [Ref Enq: 0.0 ms]
      [Redirty Cards: 0.0 ms]
      [Humongous Register: 0.0 ms]
      [Humongous Reclaim: 0.0 ms]
      [Free CSet: 0.0 ms]
   [Eden: 47.0M(47.0M)->0.0B(46.0M) Survivors: 4096.0K->5120.0K Heap: 358.5M(1024.0M)->312.5M(1024.0M)]
 [Times: user=0.02 sys=0.00, real=0.02 secs] 
2016-12-19T19:35:21.967+0100: 10986.018: [GC pause (G1 Evacuation Pause) (young), 0.0203697 secs]
   [Parallel Time: 19.9 ms, GC Workers: 1]
      [GC Worker Start (ms):  10986018.1]
      [Ext Root Scanning (ms):  1.3]
      [Update RS (ms):  4.9]
         [Processed Buffers:  29]
      [Scan RS (ms):  2.6]
      [Code Root Scanning (ms):  0.0]
      [Object Copy (ms):  11.0]
      [Termination (ms):  0.0]
         [Termination Attempts:  1]
      [GC Worker Other (ms):  0.0]
      [GC Worker Total (ms):  19.9]
      [GC Worker End (ms):  10986037.9]
   [Code Root Fixup: 0.0 ms]
   [Code Root Purge: 0.0 ms]
   [Clear CT: 0.0 ms]
   [Other: 0.4 ms]
      [Choose CSet: 0.0 ms]
      [Ref Proc: 0.0 ms]
      [Ref Enq: 0.0 ms]
      [Redirty Cards: 0.0 ms]
      [Humongous Register: 0.1 ms]
      [Humongous Reclaim: 0.0 ms]
      [Free CSet: 0.0 ms]
   [Eden: 46.0M(46.0M)->0.0B(47.0M) Survivors: 5120.0K->4096.0K Heap: 358.5M(1024.0M)->312.3M(1024.0M)]
 [Times: user=0.02 sys=0.00, real=0.02 secs] 
2016-12-19T19:35:50.780+0100: 11014.831: [GC pause (G1 Evacuation Pause) (young), 0.0208257 secs]
   [Parallel Time: 20.4 ms, GC Workers: 1]
      [GC Worker Start (ms):  11014831.0]
      [Ext Root Scanning (ms):  2.3]
      [Update RS (ms):  3.6]
         [Processed Buffers:  34]
      [Scan RS (ms):  4.1]
      [Code Root Scanning (ms):  0.0]
      [Object Copy (ms):  10.3]
      [Termination (ms):  0.0]
         [Termination Attempts:  1]
      [GC Worker Other (ms):  0.0]
      [GC Worker Total (ms):  20.3]
      [GC Worker End (ms):  11014851.3]
   [Code Root Fixup: 0.0 ms]
   [Code Root Purge: 0.0 ms]
   [Clear CT: 0.0 ms]
   [Other: 0.4 ms]
      [Choose CSet: 0.0 ms]
      [Ref Proc: 0.0 ms]
      [Ref Enq: 0.0 ms]
      [Redirty Cards: 0.0 ms]
      [Humongous Register: 0.1 ms]
      [Humongous Reclaim: 0.0 ms]
      [Free CSet: 0.0 ms]
   [Eden: 47.0M(47.0M)->0.0B(46.0M) Survivors: 4096.0K->5120.0K Heap: 359.3M(1024.0M)->312.8M(1024.0M)]
 [Times: user=0.01 sys=0.01, real=0.02 secs] 
2016-12-19T19:36:18.991+0100: 11043.042: [GC pause (G1 Evacuation Pause) (young), 0.0218926 secs]
   [Parallel Time: 21.5 ms, GC Workers: 1]
      [GC Worker Start (ms):  11043041.8]
      [Ext Root Scanning (ms):  1.1]
      [Update RS (ms):  3.4]
         [Processed Buffers:  29]
      [Scan RS (ms):  4.6]
      [Code Root Scanning (ms):  0.0]
      [Object Copy (ms):  12.3]
      [Termination (ms):  0.0]
         [Termination Attempts:  1]
      [GC Worker Other (ms):  0.0]
      [GC Worker Total (ms):  21.4]
      [GC Worker End (ms):  11043063.3]
   [Code Root Fixup: 0.0 ms]
   [Code Root Purge: 0.0 ms]
   [Clear CT: 0.0 ms]
   [Other: 0.3 ms]
      [Choose CSet: 0.0 ms]
      [Ref Proc: 0.0 ms]
      [Ref Enq: 0.0 ms]
      [Redirty Cards: 0.0 ms]
      [Humongous Register: 0.0 ms]
      [Humongous Reclaim: 0.0 ms]
      [Free CSet: 0.0 ms]
   [Eden: 46.0M(46.0M)->0.0B(46.0M) Survivors: 5120.0K->5120.0K Heap: 358.8M(1024.0M)->313.8M(1024.0M)]
 [Times: user=0.02 sys=0.00, real=0.02 secs] 
2016-12-19T19:36:47.134+0100: 11071.185: [GC pause (G1 Evacuation Pause) (young), 0.0237792 secs]
   [Parallel Time: 23.2 ms, GC Workers: 1]
      [GC Worker Start (ms):  11071184.7]
      [Ext Root Scanning (ms):  1.4]
      [Update RS (ms):  3.7]
         [Processed Buffers:  34]
      [Scan RS (ms):  3.2]
      [Code Root Scanning (ms):  0.0]
      [Object Copy (ms):  14.8]
      [Termination (ms):  0.0]
         [Termination Attempts:  1]
      [GC Worker Other (ms):  0.0]
      [GC Worker Total (ms):  23.2]
      [GC Worker End (ms):  11071207.9]
   [Code Root Fixup: 0.0 ms]
   [Code Root Purge: 0.0 ms]
   [Clear CT: 0.0 ms]
   [Other: 0.5 ms]
      [Choose CSet: 0.0 ms]
      [Ref Proc: 0.0 ms]
      [Ref Enq: 0.0 ms]
      [Redirty Cards: 0.0 ms]
      [Humongous Register: 0.1 ms]
      [Humongous Reclaim: 0.0 ms]
      [Free CSet: 0.1 ms]
   [Eden: 46.0M(46.0M)->0.0B(46.0M) Survivors: 5120.0K->5120.0K Heap: 359.8M(1024.0M)->314.5M(1024.0M)]
 [Times: user=0.02 sys=0.00, real=0.02 secs] 
2016-12-19T20:54:15.340+0100: 11089.811: [GC pause (G1 Evacuation Pause) (young), 0.0806504 secs]
   [Parallel Time: 80.0 ms, GC Workers: 1]
      [GC Worker Start (ms):  11089811.2]
      [Ext Root Scanning (ms):  1.9]
      [Update RS (ms):  10.1]
         [Processed Buffers:  39]
      [Scan RS (ms):  17.7]
      [Code Root Scanning (ms):  0.0]
      [Object Copy (ms):  47.4]
      [Termination (ms):  0.0]
         [Termination Attempts:  1]
      [GC Worker Other (ms):  0.0]
      [GC Worker Total (ms):  77.2]
      [GC Worker End (ms):  11089888.4]
   [Code Root Fixup: 0.0 ms]
   [Code Root Purge: 0.0 ms]
   [Clear CT: 0.0 ms]
   [Other: 0.6 ms]
      [Choose CSet: 0.0 ms]
      [Ref Proc: 0.1 ms]
      [Ref Enq: 0.0 ms]
      [Redirty Cards: 0.0 ms]
      [Humongous Register: 0.1 ms]
      [Humongous Reclaim: 0.0 ms]
      [Free CSet: 0.1 ms]
   [Eden: 46.0M(46.0M)->0.0B(45.0M) Survivors: 5120.0K->6144.0K Heap: 360.5M(1024.0M)->316.0M(1024.0M)]
 [Times: user=0.03 sys=0.00, real=0.08 secs] 
2016-12-19T20:54:21.245+0100: 11095.716: [GC pause (G1 Evacuation Pause) (young), 0.0667333 secs]
   [Parallel Time: 60.5 ms, GC Workers: 1]
      [GC Worker Start (ms):  11095715.7]
      [Ext Root Scanning (ms):  3.7]
      [Update RS (ms):  7.5]
         [Processed Buffers:  29]
      [Scan RS (ms):  13.0]
      [Code Root Scanning (ms):  0.0]
      [Object Copy (ms):  32.5]
      [Termination (ms):  0.0]
         [Termination Attempts:  1]
      [GC Worker Other (ms):  0.0]
      [GC Worker Total (ms):  56.7]
      [GC Worker End (ms):  11095772.5]
   [Code Root Fixup: 5.1 ms]
   [Code Root Purge: 0.0 ms]
   [Clear CT: 0.1 ms]
   [Other: 1.1 ms]
      [Choose CSet: 0.0 ms]
      [Ref Proc: 0.2 ms]
      [Ref Enq: 0.0 ms]
      [Redirty Cards: 0.2 ms]
      [Humongous Register: 0.1 ms]
      [Humongous Reclaim: 0.1 ms]
      [Free CSet: 0.1 ms]
   [Eden: 45.0M(45.0M)->0.0B(48.0M) Survivors: 6144.0K->3072.0K Heap: 361.0M(1024.0M)->315.9M(1024.0M)]
 [Times: user=0.03 sys=0.00, real=0.07 secs] 
2016-12-19T20:54:27.479+0100: 11101.950: [GC pause (G1 Evacuation Pause) (young), 0.0468287 secs]
   [Parallel Time: 46.1 ms, GC Workers: 1]
      [GC Worker Start (ms):  11101950.2]
      [Ext Root Scanning (ms):  2.0]
      [Update RS (ms):  4.8]
         [Processed Buffers:  30]
      [Scan RS (ms):  11.7]
      [Code Root Scanning (ms):  0.0]
      [Object Copy (ms):  27.5]
      [Termination (ms):  0.0]
         [Termination Attempts:  1]
      [GC Worker Other (ms):  0.0]
      [GC Worker Total (ms):  46.0]
      [GC Worker End (ms):  11101996.2]
   [Code Root Fixup: 0.1 ms]
   [Code Root Purge: 0.0 ms]
   [Clear CT: 0.0 ms]
   [Other: 0.5 ms]
      [Choose CSet: 0.0 ms]
      [Ref Proc: 0.0 ms]
      [Ref Enq: 0.0 ms]
      [Redirty Cards: 0.0 ms]
      [Humongous Register: 0.1 ms]
      [Humongous Reclaim: 0.0 ms]
      [Free CSet: 0.0 ms]
   [Eden: 48.0M(48.0M)->0.0B(47.0M) Survivors: 3072.0K->4096.0K Heap: 363.9M(1024.0M)->316.9M(1024.0M)]
 [Times: user=0.03 sys=0.00, real=0.05 secs] 
2016-12-19T20:54:33.752+0100: 11108.223: [GC pause (G1 Evacuation Pause) (young), 0.1051165 secs]
   [Parallel Time: 104.1 ms, GC Workers: 1]
      [GC Worker Start (ms):  11108226.9]
      [Ext Root Scanning (ms):  28.0]
      [Update RS (ms):  12.8]
         [Processed Buffers:  33]
      [Scan RS (ms):  18.2]
      [Code Root Scanning (ms):  0.0]
      [Object Copy (ms):  41.2]
      [Termination (ms):  0.0]
         [Termination Attempts:  1]
      [GC Worker Other (ms):  0.0]
      [GC Worker Total (ms):  100.3]
      [GC Worker End (ms):  11108327.2]
   [Code Root Fixup: 0.1 ms]
   [Code Root Purge: 0.0 ms]
   [Clear CT: 0.0 ms]
   [Other: 0.9 ms]
      [Choose CSet: 0.0 ms]
      [Ref Proc: 0.1 ms]
      [Ref Enq: 0.0 ms]
      [Redirty Cards: 0.0 ms]
      [Humongous Register: 0.0 ms]
      [Humongous Reclaim: 0.1 ms]
      [Free CSet: 0.2 ms]
   [Eden: 47.0M(47.0M)->0.0B(47.0M) Survivors: 4096.0K->4096.0K Heap: 363.9M(1024.0M)->316.9M(1024.0M)]
 [Times: user=0.05 sys=0.00, real=0.10 secs] 
2016-12-19T20:54:42.435+0100: 11116.905: [GC pause (G1 Evacuation Pause) (young), 0.0598290 secs]
   [Parallel Time: 58.8 ms, GC Workers: 1]
      [GC Worker Start (ms):  11116905.7]
      [Ext Root Scanning (ms):  1.7]
      [Update RS (ms):  18.2]
         [Processed Buffers:  22]
      [Scan RS (ms):  19.3]
      [Code Root Scanning (ms):  0.1]
      [Object Copy (ms):  15.9]
      [Termination (ms):  0.0]
         [Termination Attempts:  1]
      [GC Worker Other (ms):  0.0]
      [GC Worker Total (ms):  55.2]
      [GC Worker End (ms):  11116960.9]
   [Code Root Fixup: 0.1 ms]
   [Code Root Purge: 0.0 ms]
   [Clear CT: 0.1 ms]
   [Other: 0.9 ms]
      [Choose CSet: 0.0 ms]
      [Ref Proc: 0.1 ms]
      [Ref Enq: 0.0 ms]
      [Redirty Cards: 0.1 ms]
      [Humongous Register: 0.1 ms]
      [Humongous Reclaim: 0.1 ms]
      [Free CSet: 0.1 ms]
   [Eden: 47.0M(47.0M)->0.0B(47.0M) Survivors: 4096.0K->4096.0K Heap: 363.9M(1024.0M)->316.9M(1024.0M)]
 [Times: user=0.03 sys=0.00, real=0.06 secs] 
2016-12-19T20:55:48.486+0100: 11182.956: [GC pause (G1 Evacuation Pause) (young), 0.0330030 secs]
   [Parallel Time: 32.1 ms, GC Workers: 1]
      [GC Worker Start (ms):  11182956.4]
      [Ext Root Scanning (ms):  1.5]
      [Update RS (ms):  2.3]
         [Processed Buffers:  19]
      [Scan RS (ms):  8.7]
      [Code Root Scanning (ms):  0.0]
      [Object Copy (ms):  19.5]
      [Termination (ms):  0.0]
         [Termination Attempts:  1]
      [GC Worker Other (ms):  0.0]
      [GC Worker Total (ms):  32.0]
      [GC Worker End (ms):  11182988.5]
   [Code Root Fixup: 0.1 ms]
   [Code Root Purge: 0.0 ms]
   [Clear CT: 0.2 ms]
   [Other: 0.7 ms]
      [Choose CSet: 0.0 ms]
      [Ref Proc: 0.1 ms]
      [Ref Enq: 0.0 ms]
      [Redirty Cards: 0.1 ms]
      [Humongous Register: 0.1 ms]
      [Humongous Reclaim: 0.1 ms]
      [Free CSet: 0.1 ms]
   [Eden: 47.0M(47.0M)->0.0B(47.0M) Survivors: 4096.0K->4096.0K Heap: 363.9M(1024.0M)->316.9M(1024.0M)]
 [Times: user=0.03 sys=0.00, real=0.03 secs] 
2016-12-19T20:56:58.996+0100: 11253.467: [GC pause (G1 Evacuation Pause) (young), 0.0394100 secs]
   [Parallel Time: 38.9 ms, GC Workers: 1]
      [GC Worker Start (ms):  11253467.0]
      [Ext Root Scanning (ms):  5.8]
      [Update RS (ms):  5.9]
         [Processed Buffers:  19]
      [Scan RS (ms):  8.2]
      [Code Root Scanning (ms):  0.1]
      [Object Copy (ms):  18.8]
      [Termination (ms):  0.0]
         [Termination Attempts:  1]
      [GC Worker Other (ms):  0.0]
      [GC Worker Total (ms):  38.8]
      [GC Worker End (ms):  11253505.8]
   [Code Root Fixup: 0.0 ms]
   [Code Root Purge: 0.0 ms]
   [Clear CT: 0.0 ms]
   [Other: 0.5 ms]
      [Choose CSet: 0.0 ms]
      [Ref Proc: 0.0 ms]
      [Ref Enq: 0.0 ms]
      [Redirty Cards: 0.0 ms]
      [Humongous Register: 0.1 ms]
      [Humongous Reclaim: 0.0 ms]
      [Free CSet: 0.0 ms]
   [Eden: 47.0M(47.0M)->0.0B(47.0M) Survivors: 4096.0K->4096.0K Heap: 363.9M(1024.0M)->316.9M(1024.0M)]
 [Times: user=0.03 sys=0.00, real=0.04 secs] 
2016-12-19T20:58:06.910+0100: 11321.380: [GC pause (G1 Evacuation Pause) (young), 0.0403438 secs]
   [Parallel Time: 34.5 ms, GC Workers: 1]
      [GC Worker Start (ms):  11321380.3]
      [Ext Root Scanning (ms):  2.1]
      [Update RS (ms):  3.2]
         [Processed Buffers:  23]
      [Scan RS (ms):  6.4]
      [Code Root Scanning (ms):  0.0]
      [Object Copy (ms):  22.6]
      [Termination (ms):  0.0]
         [Termination Attempts:  1]
      [GC Worker Other (ms):  0.0]
      [GC Worker Total (ms):  34.3]
      [GC Worker End (ms):  11321414.6]
   [Code Root Fixup: 0.1 ms]
   [Code Root Purge: 0.0 ms]
   [Clear CT: 0.1 ms]
   [Other: 5.6 ms]
      [Choose CSet: 0.0 ms]
      [Ref Proc: 0.1 ms]
      [Ref Enq: 0.0 ms]
      [Redirty Cards: 0.1 ms]
      [Humongous Register: 0.1 ms]
      [Humongous Reclaim: 0.1 ms]
      [Free CSet: 0.4 ms]
   [Eden: 47.0M(47.0M)->0.0B(47.0M) Survivors: 4096.0K->4096.0K Heap: 363.9M(1024.0M)->316.9M(1024.0M)]
 [Times: user=0.04 sys=0.00, real=0.04 secs] 
2016-12-19T20:59:03.667+0100: 11378.138: [GC pause (G1 Humongous Allocation) (young) (initial-mark), 0.0454084 secs]
   [Parallel Time: 42.0 ms, GC Workers: 1]
      [GC Worker Start (ms):  11378138.0]
      [Ext Root Scanning (ms):  18.9]
      [Update RS (ms):  2.9]
         [Processed Buffers:  27]
      [Scan RS (ms):  6.7]
      [Code Root Scanning (ms):  0.0]
      [Object Copy (ms):  13.4]
      [Termination (ms):  0.0]
         [Termination Attempts:  1]
      [GC Worker Other (ms):  0.0]
      [GC Worker Total (ms):  42.0]
      [GC Worker End (ms):  11378179.9]
   [Code Root Fixup: 0.0 ms]
   [Code Root Purge: 0.0 ms]
   [Clear CT: 0.0 ms]
   [Other: 3.3 ms]
      [Choose CSet: 0.0 ms]
      [Ref Proc: 0.0 ms]
      [Ref Enq: 0.0 ms]
      [Redirty Cards: 0.0 ms]
      [Humongous Register: 0.0 ms]
      [Humongous Reclaim: 2.9 ms]
      [Free CSet: 0.0 ms]
   [Eden: 40.0M(47.0M)->0.0B(47.0M) Survivors: 4096.0K->4096.0K Heap: 391.0M(1024.0M)->316.9M(1024.0M)]
 [Times: user=0.02 sys=0.01, real=0.05 secs] 
2016-12-19T20:59:03.715+0100: 11378.185: [GC concurrent-root-region-scan-start]
2016-12-19T20:59:03.809+0100: 11378.280: [GC concurrent-root-region-scan-end, 0.0948270 secs]
2016-12-19T20:59:03.810+0100: 11378.280: [GC concurrent-mark-start]
2016-12-19T20:59:03.996+0100: 11378.467: [GC concurrent-mark-end, 0.1864117 secs]
2016-12-19T20:59:03.998+0100: 11378.468: [GC remark 2016-12-19T20:59:03.998+0100: 11378.468: [Finalize Marking, 0.0004085 secs] 2016-12-19T20:59:03.998+0100: 11378.469: [GC ref-proc, 0.0004224 secs] 2016-12-19T20:59:03.999+0100: 11378.469: [Unloading, 0.1580127 secs], 0.1661289 secs]
 [Times: user=0.04 sys=0.03, real=0.17 secs] 
2016-12-19T20:59:04.208+0100: 11378.679: [GC cleanup 348M->286M(1024M), 0.0085128 secs]
 [Times: user=0.01 sys=0.00, real=0.01 secs] 
2016-12-19T20:59:04.217+0100: 11378.687: [GC concurrent-cleanup-start]
2016-12-19T20:59:04.249+0100: 11378.720: [GC concurrent-cleanup-end, 0.0320740 secs]
2016-12-19T20:59:32.170+0100: 11406.640: [GC pause (G1 Evacuation Pause) (young), 0.0840794 secs]
   [Parallel Time: 77.6 ms, GC Workers: 1]
      [GC Worker Start (ms):  11406646.4]
      [Ext Root Scanning (ms):  22.8]
      [Update RS (ms):  7.3]
         [Processed Buffers:  88]
      [Scan RS (ms):  12.4]
      [Code Root Scanning (ms):  0.5]
      [Object Copy (ms):  34.4]
      [Termination (ms):  0.0]
         [Termination Attempts:  1]
      [GC Worker Other (ms):  0.1]
      [GC Worker Total (ms):  77.5]
      [GC Worker End (ms):  11406723.9]
   [Code Root Fixup: 0.0 ms]
   [Code Root Purge: 0.0 ms]
   [Clear CT: 0.0 ms]
   [Other: 6.4 ms]
      [Choose CSet: 0.0 ms]
      [Ref Proc: 0.0 ms]
      [Ref Enq: 0.0 ms]
      [Redirty Cards: 0.0 ms]
      [Humongous Register: 0.1 ms]
      [Humongous Reclaim: 0.1 ms]
      [Free CSet: 0.0 ms]
   [Eden: 47.0M(47.0M)->0.0B(46.0M) Survivors: 4096.0K->5120.0K Heap: 346.9M(1024.0M)->255.9M(1024.0M)]
 [Times: user=0.07 sys=0.01, real=0.09 secs] 
2016-12-19T21:00:00.346+0100: 11434.817: [GC pause (G1 Evacuation Pause) (mixed), 0.0579409 secs]
   [Parallel Time: 55.2 ms, GC Workers: 1]
      [GC Worker Start (ms):  11434818.8]
      [Ext Root Scanning (ms):  4.3]
      [Update RS (ms):  2.1]
         [Processed Buffers:  29]
      [Scan RS (ms):  7.7]
      [Code Root Scanning (ms):  0.1]
      [Object Copy (ms):  40.9]
      [Termination (ms):  0.0]
         [Termination Attempts:  1]
      [GC Worker Other (ms):  0.0]
      [GC Worker Total (ms):  55.1]
      [GC Worker End (ms):  11434873.9]
   [Code Root Fixup: 0.0 ms]
   [Code Root Purge: 0.0 ms]
   [Clear CT: 0.2 ms]
   [Other: 2.6 ms]
      [Choose CSet: 1.8 ms]
      [Ref Proc: 0.1 ms]
      [Ref Enq: 0.0 ms]
      [Redirty Cards: 0.1 ms]
      [Humongous Register: 0.1 ms]
      [Humongous Reclaim: 0.1 ms]
      [Free CSet: 0.1 ms]
   [Eden: 46.0M(46.0M)->0.0B(46.0M) Survivors: 5120.0K->5120.0K Heap: 301.9M(1024.0M)->242.1M(1024.0M)]
 [Times: user=0.04 sys=0.00, real=0.06 secs] 
2016-12-19T21:00:28.485+0100: 11462.956: [GC pause (G1 Evacuation Pause) (mixed), 0.0205367 secs]
   [Parallel Time: 19.9 ms, GC Workers: 1]
      [GC Worker Start (ms):  11462955.6]
      [Ext Root Scanning (ms):  1.0]
      [Update RS (ms):  1.6]
         [Processed Buffers:  28]
      [Scan RS (ms):  4.8]
      [Code Root Scanning (ms):  0.0]
      [Object Copy (ms):  12.4]
      [Termination (ms):  0.0]
         [Termination Attempts:  1]
      [GC Worker Other (ms):  0.0]
      [GC Worker Total (ms):  19.9]
      [GC Worker End (ms):  11462975.5]
   [Code Root Fixup: 0.0 ms]
   [Code Root Purge: 0.0 ms]
   [Clear CT: 0.1 ms]
   [Other: 0.5 ms]
      [Choose CSet: 0.0 ms]
      [Ref Proc: 0.0 ms]
      [Ref Enq: 0.0 ms]
      [Redirty Cards: 0.1 ms]
      [Humongous Register: 0.0 ms]
      [Humongous Reclaim: 0.0 ms]
      [Free CSet: 0.1 ms]
   [Eden: 46.0M(46.0M)->0.0B(46.0M) Survivors: 5120.0K->5120.0K Heap: 288.1M(1024.0M)->228.5M(1024.0M)]
 [Times: user=0.02 sys=0.00, real=0.02 secs] 
2016-12-19T21:00:55.937+0100: 11490.407: [GC pause (G1 Evacuation Pause) (mixed), 0.0302355 secs]
   [Parallel Time: 28.9 ms, GC Workers: 1]
      [GC Worker Start (ms):  11490407.7]
      [Ext Root Scanning (ms):  5.8]
      [Update RS (ms):  2.5]
         [Processed Buffers:  31]
      [Scan RS (ms):  3.9]
      [Code Root Scanning (ms):  0.0]
      [Object Copy (ms):  16.7]
      [Termination (ms):  0.0]
         [Termination Attempts:  1]
      [GC Worker Other (ms):  0.0]
      [GC Worker Total (ms):  28.9]
      [GC Worker End (ms):  11490436.5]
   [Code Root Fixup: 0.0 ms]
   [Code Root Purge: 0.0 ms]
   [Clear CT: 0.1 ms]
   [Other: 1.2 ms]
      [Choose CSet: 0.0 ms]
      [Ref Proc: 0.0 ms]
      [Ref Enq: 0.0 ms]
      [Redirty Cards: 0.0 ms]
      [Humongous Register: 0.1 ms]
      [Humongous Reclaim: 0.0 ms]
      [Free CSet: 0.1 ms]
   [Eden: 46.0M(46.0M)->0.0B(46.0M) Survivors: 5120.0K->5120.0K Heap: 274.5M(1024.0M)->214.0M(1024.0M)]
 [Times: user=0.01 sys=0.00, real=0.03 secs] 
2016-12-19T21:01:25.603+0100: 11520.074: [GC pause (G1 Evacuation Pause) (mixed), 0.0261484 secs]
   [Parallel Time: 25.7 ms, GC Workers: 1]
      [GC Worker Start (ms):  11520073.6]
      [Ext Root Scanning (ms):  0.9]
      [Update RS (ms):  1.8]
         [Processed Buffers:  29]
      [Scan RS (ms):  4.1]
      [Code Root Scanning (ms):  0.0]
      [Object Copy (ms):  18.8]
      [Termination (ms):  0.0]
         [Termination Attempts:  1]
      [GC Worker Other (ms):  0.0]
      [GC Worker Total (ms):  25.6]
      [GC Worker End (ms):  11520099.3]
   [Code Root Fixup: 0.0 ms]
   [Code Root Purge: 0.0 ms]
   [Clear CT: 0.1 ms]
   [Other: 0.4 ms]
      [Choose CSet: 0.0 ms]
      [Ref Proc: 0.0 ms]
      [Ref Enq: 0.0 ms]
      [Redirty Cards: 0.0 ms]
      [Humongous Register: 0.0 ms]
      [Humongous Reclaim: 0.0 ms]
      [Free CSet: 0.1 ms]
   [Eden: 46.0M(46.0M)->0.0B(45.0M) Survivors: 5120.0K->6144.0K Heap: 260.0M(1024.0M)->200.5M(1024.0M)]
 [Times: user=0.02 sys=0.01, real=0.02 secs] 
2016-12-19T21:01:54.693+0100: 11549.163: [GC pause (G1 Evacuation Pause) (mixed), 0.0432635 secs]
   [Parallel Time: 41.4 ms, GC Workers: 1]
      [GC Worker Start (ms):  11549163.6]
      [Ext Root Scanning (ms):  1.2]
      [Update RS (ms):  1.9]
         [Processed Buffers:  30]
      [Scan RS (ms):  3.0]
      [Code Root Scanning (ms):  0.0]
      [Object Copy (ms):  35.1]
      [Termination (ms):  0.0]
         [Termination Attempts:  1]
      [GC Worker Other (ms):  0.0]
      [GC Worker Total (ms):  41.3]
      [GC Worker End (ms):  11549204.9]
   [Code Root Fixup: 0.0 ms]
   [Code Root Purge: 0.0 ms]
   [Clear CT: 0.1 ms]
   [Other: 1.7 ms]
      [Choose CSet: 0.0 ms]
      [Ref Proc: 0.0 ms]
      [Ref Enq: 0.0 ms]
      [Redirty Cards: 0.1 ms]
      [Humongous Register: 0.0 ms]
      [Humongous Reclaim: 0.1 ms]
      [Free CSet: 0.1 ms]
   [Eden: 45.0M(45.0M)->0.0B(47.0M) Survivors: 6144.0K->4096.0K Heap: 245.5M(1024.0M)->195.9M(1024.0M)]
 [Times: user=0.02 sys=0.01, real=0.04 secs] 
2016-12-19T21:02:25.171+0100: 11579.642: [GC pause (G1 Evacuation Pause) (young), 0.0213741 secs]
   [Parallel Time: 20.9 ms, GC Workers: 1]
      [GC Worker Start (ms):  11579641.7]
      [Ext Root Scanning (ms):  1.3]
      [Update RS (ms):  5.0]
         [Processed Buffers:  32]
      [Scan RS (ms):  3.1]
      [Code Root Scanning (ms):  0.0]
      [Object Copy (ms):  11.5]
      [Termination (ms):  0.0]
         [Termination Attempts:  1]
      [GC Worker Other (ms):  0.0]
      [GC Worker Total (ms):  20.9]
      [GC Worker End (ms):  11579662.6]
   [Code Root Fixup: 0.0 ms]
   [Code Root Purge: 0.0 ms]
   [Clear CT: 0.0 ms]
   [Other: 0.4 ms]
      [Choose CSet: 0.0 ms]
      [Ref Proc: 0.0 ms]
      [Ref Enq: 0.0 ms]
      [Redirty Cards: 0.0 ms]
      [Humongous Register: 0.0 ms]
      [Humongous Reclaim: 0.0 ms]
      [Free CSet: 0.0 ms]
   [Eden: 47.0M(47.0M)->0.0B(45.0M) Survivors: 4096.0K->6144.0K Heap: 242.9M(1024.0M)->197.4M(1024.0M)]
 [Times: user=0.02 sys=0.00, real=0.02 secs] 
2016-12-19T21:02:56.163+0100: 11610.634: [GC pause (G1 Evacuation Pause) (young), 0.0372130 secs]
   [Parallel Time: 36.3 ms, GC Workers: 1]
      [GC Worker Start (ms):  11610634.0]
      [Ext Root Scanning (ms):  1.1]
      [Update RS (ms):  3.8]
         [Processed Buffers:  30]
      [Scan RS (ms):  4.9]
      [Code Root Scanning (ms):  0.0]
      [Object Copy (ms):  26.5]
      [Termination (ms):  0.0]
         [Termination Attempts:  1]
      [GC Worker Other (ms):  0.0]
      [GC Worker Total (ms):  36.3]
      [GC Worker End (ms):  11610670.3]
   [Code Root Fixup: 0.0 ms]
   [Code Root Purge: 0.0 ms]
   [Clear CT: 0.0 ms]
   [Other: 0.8 ms]
      [Choose CSet: 0.0 ms]
      [Ref Proc: 0.0 ms]
      [Ref Enq: 0.0 ms]
      [Redirty Cards: 0.1 ms]
      [Humongous Register: 0.1 ms]
      [Humongous Reclaim: 0.0 ms]
      [Free CSet: 0.2 ms]
   [Eden: 45.0M(45.0M)->0.0B(47.0M) Survivors: 6144.0K->4096.0K Heap: 242.4M(1024.0M)->197.6M(1024.0M)]
 [Times: user=0.03 sys=0.00, real=0.03 secs] 
2016-12-19T21:03:23.384+0100: 11637.855: [GC pause (G1 Evacuation Pause) (young), 0.0268540 secs]
   [Parallel Time: 26.1 ms, GC Workers: 1]
      [GC Worker Start (ms):  11637855.2]
      [Ext Root Scanning (ms):  3.1]
      [Update RS (ms):  5.0]
         [Processed Buffers:  33]
      [Scan RS (ms):  3.3]
      [Code Root Scanning (ms):  0.0]
      [Object Copy (ms):  14.7]
      [Termination (ms):  0.0]
         [Termination Attempts:  1]
      [GC Worker Other (ms):  0.0]
      [GC Worker Total (ms):  26.1]
      [GC Worker End (ms):  11637881.3]
   [Code Root Fixup: 0.1 ms]
   [Code Root Purge: 0.0 ms]
   [Clear CT: 0.0 ms]
   [Other: 0.6 ms]
      [Choose CSet: 0.0 ms]
      [Ref Proc: 0.0 ms]
      [Ref Enq: 0.0 ms]
      [Redirty Cards: 0.0 ms]
      [Humongous Register: 0.1 ms]
      [Humongous Reclaim: 0.0 ms]
      [Free CSet: 0.1 ms]
   [Eden: 47.0M(47.0M)->0.0B(47.0M) Survivors: 4096.0K->4096.0K Heap: 244.6M(1024.0M)->197.6M(1024.0M)]
 [Times: user=0.03 sys=0.00, real=0.03 secs] 
2016-12-19T21:03:50.549+0100: 11665.019: [GC pause (G1 Evacuation Pause) (young), 0.0280145 secs]
   [Parallel Time: 27.4 ms, GC Workers: 1]
      [GC Worker Start (ms):  11665019.6]
      [Ext Root Scanning (ms):  2.3]
      [Update RS (ms):  5.6]
         [Processed Buffers:  30]
      [Scan RS (ms):  2.5]
      [Code Root Scanning (ms):  0.0]
      [Object Copy (ms):  16.9]
      [Termination (ms):  0.0]
         [Termination Attempts:  1]
      [GC Worker Other (ms):  0.0]
      [GC Worker Total (ms):  27.3]
      [GC Worker End (ms):  11665047.0]
   [Code Root Fixup: 0.0 ms]
   [Code Root Purge: 0.0 ms]
   [Clear CT: 0.0 ms]
   [Other: 0.5 ms]
      [Choose CSet: 0.0 ms]
      [Ref Proc: 0.0 ms]
      [Ref Enq: 0.0 ms]
      [Redirty Cards: 0.0 ms]
      [Humongous Register: 0.1 ms]
      [Humongous Reclaim: 0.0 ms]
      [Free CSet: 0.1 ms]
   [Eden: 47.0M(47.0M)->0.0B(45.0M) Survivors: 4096.0K->6144.0K Heap: 244.6M(1024.0M)->199.1M(1024.0M)]
 [Times: user=0.03 sys=0.00, real=0.03 secs] 
2016-12-19T21:04:17.958+0100: 11692.429: [GC pause (G1 Evacuation Pause) (young), 0.0311142 secs]
   [Parallel Time: 29.9 ms, GC Workers: 1]
      [GC Worker Start (ms):  11692430.0]
      [Ext Root Scanning (ms):  1.5]
      [Update RS (ms):  2.8]
         [Processed Buffers:  32]
      [Scan RS (ms):  2.1]
      [Code Root Scanning (ms):  0.0]
      [Object Copy (ms):  23.4]
      [Termination (ms):  0.0]
         [Termination Attempts:  1]
      [GC Worker Other (ms):  0.0]
      [GC Worker Total (ms):  29.8]
      [GC Worker End (ms):  11692459.8]
   [Code Root Fixup: 0.0 ms]
   [Code Root Purge: 0.0 ms]
   [Clear CT: 0.0 ms]
   [Other: 1.2 ms]
      [Choose CSet: 0.0 ms]
      [Ref Proc: 0.0 ms]
      [Ref Enq: 0.0 ms]
      [Redirty Cards: 0.0 ms]
      [Humongous Register: 0.1 ms]
      [Humongous Reclaim: 0.0 ms]
      [Free CSet: 0.0 ms]
   [Eden: 45.0M(45.0M)->0.0B(46.0M) Survivors: 6144.0K->5120.0K Heap: 244.1M(1024.0M)->199.6M(1024.0M)]
 [Times: user=0.01 sys=0.00, real=0.03 secs] 
2016-12-19T21:04:45.845+0100: 11720.316: [GC pause (G1 Evacuation Pause) (young), 0.0263584 secs]
   [Parallel Time: 25.8 ms, GC Workers: 1]
      [GC Worker Start (ms):  11720316.2]
      [Ext Root Scanning (ms):  3.0]
      [Update RS (ms):  3.2]
         [Processed Buffers:  32]
      [Scan RS (ms):  3.4]
      [Code Root Scanning (ms):  0.0]
      [Object Copy (ms):  16.2]
      [Termination (ms):  0.0]
         [Termination Attempts:  1]
      [GC Worker Other (ms):  0.0]
      [GC Worker Total (ms):  25.7]
      [GC Worker End (ms):  11720341.9]
   [Code Root Fixup: 0.0 ms]
   [Code Root Purge: 0.0 ms]
   [Clear CT: 0.1 ms]
   [Other: 0.5 ms]
      [Choose CSet: 0.0 ms]
      [Ref Proc: 0.0 ms]
      [Ref Enq: 0.0 ms]
      [Redirty Cards: 0.0 ms]
      [Humongous Register: 0.1 ms]
      [Humongous Reclaim: 0.0 ms]
      [Free CSet: 0.1 ms]
   [Eden: 46.0M(46.0M)->0.0B(46.0M) Survivors: 5120.0K->5120.0K Heap: 245.6M(1024.0M)->201.5M(1024.0M)]
 [Times: user=0.02 sys=0.00, real=0.03 secs] 
2016-12-19T21:05:12.166+0100: 11746.636: [GC pause (G1 Evacuation Pause) (young), 0.0379107 secs]
   [Parallel Time: 36.7 ms, GC Workers: 1]
      [GC Worker Start (ms):  11746636.4]
      [Ext Root Scanning (ms):  1.0]
      [Update RS (ms):  2.8]
         [Processed Buffers:  32]
      [Scan RS (ms):  6.0]
      [Code Root Scanning (ms):  0.0]
      [Object Copy (ms):  27.0]
      [Termination (ms):  0.0]
         [Termination Attempts:  1]
      [GC Worker Other (ms):  0.0]
      [GC Worker Total (ms):  36.6]
      [GC Worker End (ms):  11746673.0]
   [Code Root Fixup: 0.1 ms]
   [Code Root Purge: 0.0 ms]
   [Clear CT: 0.1 ms]
   [Other: 1.1 ms]
      [Choose CSet: 0.0 ms]
      [Ref Proc: 0.1 ms]
      [Ref Enq: 0.0 ms]
      [Redirty Cards: 0.1 ms]
      [Humongous Register: 0.0 ms]
      [Humongous Reclaim: 0.1 ms]
      [Free CSet: 0.1 ms]
   [Eden: 46.0M(46.0M)->0.0B(47.0M) Survivors: 5120.0K->4096.0K Heap: 247.5M(1024.0M)->202.0M(1024.0M)]
 [Times: user=0.03 sys=0.00, real=0.04 secs] 
2016-12-19T21:05:41.899+0100: 11776.370: [GC pause (G1 Evacuation Pause) (young), 0.0516744 secs]
   [Parallel Time: 50.9 ms, GC Workers: 1]
      [GC Worker Start (ms):  11776370.3]
      [Ext Root Scanning (ms):  3.6]
      [Update RS (ms):  14.7]
         [Processed Buffers:  30]
      [Scan RS (ms):  9.2]
      [Code Root Scanning (ms):  0.0]
      [Object Copy (ms):  23.2]
      [Termination (ms):  0.0]
         [Termination Attempts:  1]
      [GC Worker Other (ms):  0.0]
      [GC Worker Total (ms):  50.8]
      [GC Worker End (ms):  11776421.0]
   [Code Root Fixup: 0.1 ms]
   [Code Root Purge: 0.0 ms]
   [Clear CT: 0.1 ms]
   [Other: 0.6 ms]
      [Choose CSet: 0.0 ms]
      [Ref Proc: 0.1 ms]
      [Ref Enq: 0.0 ms]
      [Redirty Cards: 0.0 ms]
      [Humongous Register: 0.1 ms]
      [Humongous Reclaim: 0.1 ms]
      [Free CSet: 0.1 ms]
   [Eden: 47.0M(47.0M)->0.0B(47.0M) Survivors: 4096.0K->4096.0K Heap: 249.0M(1024.0M)->202.0M(1024.0M)]
 [Times: user=0.05 sys=0.00, real=0.06 secs] 
2016-12-19T21:06:09.302+0100: 11803.773: [GC pause (G1 Evacuation Pause) (young), 0.0304204 secs]
   [Parallel Time: 29.3 ms, GC Workers: 1]
      [GC Worker Start (ms):  11803773.0]
      [Ext Root Scanning (ms):  1.8]
      [Update RS (ms):  4.9]
         [Processed Buffers:  31]
      [Scan RS (ms):  5.7]
      [Code Root Scanning (ms):  0.0]
      [Object Copy (ms):  16.9]
      [Termination (ms):  0.0]
         [Termination Attempts:  1]
      [GC Worker Other (ms):  0.0]
      [GC Worker Total (ms):  29.2]
      [GC Worker End (ms):  11803802.2]
   [Code Root Fixup: 0.1 ms]
   [Code Root Purge: 0.0 ms]
   [Clear CT: 0.1 ms]
   [Other: 1.0 ms]
      [Choose CSet: 0.0 ms]
      [Ref Proc: 0.2 ms]
      [Ref Enq: 0.0 ms]
      [Redirty Cards: 0.0 ms]
      [Humongous Register: 0.1 ms]
      [Humongous Reclaim: 0.0 ms]
      [Free CSet: 0.2 ms]
   [Eden: 47.0M(47.0M)->0.0B(45.0M) Survivors: 4096.0K->6144.0K Heap: 249.0M(1024.0M)->203.5M(1024.0M)]
 [Times: user=0.03 sys=0.00, real=0.04 secs] 
2016-12-19T21:06:35.869+0100: 11830.339: [GC pause (G1 Evacuation Pause) (young), 0.0480508 secs]
   [Parallel Time: 46.9 ms, GC Workers: 1]
      [GC Worker Start (ms):  11830339.3]
      [Ext Root Scanning (ms):  2.1]
      [Update RS (ms):  5.2]
         [Processed Buffers:  29]
      [Scan RS (ms):  3.7]
      [Code Root Scanning (ms):  0.0]
      [Object Copy (ms):  35.7]
      [Termination (ms):  0.0]
         [Termination Attempts:  1]
      [GC Worker Other (ms):  0.1]
      [GC Worker Total (ms):  46.8]
      [GC Worker End (ms):  11830386.1]
   [Code Root Fixup: 0.1 ms]
   [Code Root Purge: 0.0 ms]
   [Clear CT: 0.0 ms]
   [Other: 1.1 ms]
      [Choose CSet: 0.0 ms]
      [Ref Proc: 0.2 ms]
      [Ref Enq: 0.0 ms]
      [Redirty Cards: 0.0 ms]
      [Humongous Register: 0.1 ms]
      [Humongous Reclaim: 0.0 ms]
      [Free CSet: 0.0 ms]
   [Eden: 45.0M(45.0M)->0.0B(46.0M) Survivors: 6144.0K->5120.0K Heap: 248.5M(1024.0M)->203.9M(1024.0M)]
 [Times: user=0.03 sys=0.01, real=0.05 secs] 
2016-12-19T21:07:03.357+0100: 11857.828: [GC pause (G1 Evacuation Pause) (young), 0.0435719 secs]
   [Parallel Time: 42.9 ms, GC Workers: 1]
      [GC Worker Start (ms):  11857828.4]
      [Ext Root Scanning (ms):  1.6]
      [Update RS (ms):  7.3]
         [Processed Buffers:  29]
      [Scan RS (ms):  5.1]
      [Code Root Scanning (ms):  0.0]
      [Object Copy (ms):  28.8]
      [Termination (ms):  0.0]
         [Termination Attempts:  1]
      [GC Worker Other (ms):  0.0]
      [GC Worker Total (ms):  42.9]
      [GC Worker End (ms):  11857871.2]
   [Code Root Fixup: 0.0 ms]
   [Code Root Purge: 0.0 ms]
   [Clear CT: 0.0 ms]
   [Other: 0.6 ms]
      [Choose CSet: 0.0 ms]
      [Ref Proc: 0.0 ms]
      [Ref Enq: 0.0 ms]
      [Redirty Cards: 0.0 ms]
      [Humongous Register: 0.2 ms]
      [Humongous Reclaim: 0.0 ms]
      [Free CSet: 0.1 ms]
   [Eden: 46.0M(46.0M)->0.0B(46.0M) Survivors: 5120.0K->5120.0K Heap: 249.9M(1024.0M)->205.5M(1024.0M)]
 [Times: user=0.03 sys=0.00, real=0.04 secs] 
2016-12-19T21:07:35.386+0100: 11889.857: [GC pause (G1 Evacuation Pause) (young), 0.0298273 secs]
   [Parallel Time: 28.6 ms, GC Workers: 1]
      [GC Worker Start (ms):  11889857.9]
      [Ext Root Scanning (ms):  1.2]
      [Update RS (ms):  3.7]
         [Processed Buffers:  29]
      [Scan RS (ms):  5.2]
      [Code Root Scanning (ms):  0.0]
      [Object Copy (ms):  18.4]
      [Termination (ms):  0.0]
         [Termination Attempts:  1]
      [GC Worker Other (ms):  0.0]
      [GC Worker Total (ms):  28.6]
      [GC Worker End (ms):  11889886.4]
   [Code Root Fixup: 0.0 ms]
   [Code Root Purge: 0.0 ms]
   [Clear CT: 0.0 ms]
   [Other: 1.1 ms]
      [Choose CSet: 0.0 ms]
      [Ref Proc: 0.0 ms]
      [Ref Enq: 0.0 ms]
      [Redirty Cards: 0.0 ms]
      [Humongous Register: 0.1 ms]
      [Humongous Reclaim: 0.0 ms]
      [Free CSet: 0.1 ms]
   [Eden: 46.0M(46.0M)->0.0B(47.0M) Survivors: 5120.0K->4096.0K Heap: 251.5M(1024.0M)->206.0M(1024.0M)]
 [Times: user=0.03 sys=0.00, real=0.03 secs] 
2016-12-19T21:08:03.613+0100: 11918.084: [GC pause (G1 Evacuation Pause) (young), 0.0211925 secs]
   [Parallel Time: 20.3 ms, GC Workers: 1]
      [GC Worker Start (ms):  11918084.1]
      [Ext Root Scanning (ms):  1.4]
      [Update RS (ms):  2.3]
         [Processed Buffers:  30]
      [Scan RS (ms):  3.7]
      [Code Root Scanning (ms):  0.0]
      [Object Copy (ms):  12.8]
      [Termination (ms):  0.0]
         [Termination Attempts:  1]
      [GC Worker Other (ms):  0.0]
      [GC Worker Total (ms):  20.3]
      [GC Worker End (ms):  11918104.4]
   [Code Root Fixup: 0.1 ms]
   [Code Root Purge: 0.0 ms]
   [Clear CT: 0.1 ms]
   [Other: 0.7 ms]
      [Choose CSet: 0.0 ms]
      [Ref Proc: 0.0 ms]
      [Ref Enq: 0.0 ms]
      [Redirty Cards: 0.0 ms]
      [Humongous Register: 0.1 ms]
      [Humongous Reclaim: 0.0 ms]
      [Free CSet: 0.1 ms]
   [Eden: 47.0M(47.0M)->0.0B(47.0M) Survivors: 4096.0K->4096.0K Heap: 253.0M(1024.0M)->206.0M(1024.0M)]
 [Times: user=0.02 sys=0.01, real=0.02 secs] 
2016-12-19T21:08:31.296+0100: 11945.767: [GC pause (G1 Evacuation Pause) (young), 0.0325014 secs]
   [Parallel Time: 32.0 ms, GC Workers: 1]
      [GC Worker Start (ms):  11945766.9]
      [Ext Root Scanning (ms):  2.9]
      [Update RS (ms):  6.2]
         [Processed Buffers:  30]
      [Scan RS (ms):  6.9]
      [Code Root Scanning (ms):  0.0]
      [Object Copy (ms):  15.9]
      [Termination (ms):  0.0]
         [Termination Attempts:  1]
      [GC Worker Other (ms):  0.0]
      [GC Worker Total (ms):  31.9]
      [GC Worker End (ms):  11945798.8]
   [Code Root Fixup: 0.1 ms]
   [Code Root Purge: 0.0 ms]
   [Clear CT: 0.0 ms]
   [Other: 0.4 ms]
      [Choose CSet: 0.0 ms]
      [Ref Proc: 0.0 ms]
      [Ref Enq: 0.0 ms]
      [Redirty Cards: 0.0 ms]
      [Humongous Register: 0.1 ms]
      [Humongous Reclaim: 0.0 ms]
      [Free CSet: 0.1 ms]
   [Eden: 47.0M(47.0M)->0.0B(45.0M) Survivors: 4096.0K->6144.0K Heap: 253.0M(1024.0M)->207.5M(1024.0M)]
 [Times: user=0.03 sys=0.00, real=0.03 secs] 
2016-12-19T21:08:58.324+0100: 11972.794: [GC pause (G1 Evacuation Pause) (young), 0.0231537 secs]
   [Parallel Time: 22.6 ms, GC Workers: 1]
      [GC Worker Start (ms):  11972794.6]
      [Ext Root Scanning (ms):  1.2]
      [Update RS (ms):  3.7]
         [Processed Buffers:  30]
      [Scan RS (ms):  3.6]
      [Code Root Scanning (ms):  0.0]
      [Object Copy (ms):  13.9]
      [Termination (ms):  0.0]
         [Termination Attempts:  1]
      [GC Worker Other (ms):  0.0]
      [GC Worker Total (ms):  22.5]
      [GC Worker End (ms):  11972817.1]
   [Code Root Fixup: 0.0 ms]
   [Code Root Purge: 0.0 ms]
   [Clear CT: 0.0 ms]
   [Other: 0.5 ms]
      [Choose CSet: 0.0 ms]
      [Ref Proc: 0.0 ms]
      [Ref Enq: 0.0 ms]
      [Redirty Cards: 0.0 ms]
      [Humongous Register: 0.1 ms]
      [Humongous Reclaim: 0.0 ms]
      [Free CSet: 0.0 ms]
   [Eden: 45.0M(45.0M)->0.0B(46.0M) Survivors: 6144.0K->5120.0K Heap: 252.5M(1024.0M)->207.9M(1024.0M)]
 [Times: user=0.02 sys=0.00, real=0.02 secs] 
2016-12-19T21:09:27.233+0100: 12001.703: [GC pause (G1 Evacuation Pause) (young), 0.0394479 secs]
   [Parallel Time: 38.0 ms, GC Workers: 1]
      [GC Worker Start (ms):  12001703.5]
      [Ext Root Scanning (ms):  3.8]
      [Update RS (ms):  7.9]
         [Processed Buffers:  30]
      [Scan RS (ms):  3.7]
      [Code Root Scanning (ms):  0.0]
      [Object Copy (ms):  22.5]
      [Termination (ms):  0.0]
         [Termination Attempts:  1]
      [GC Worker Other (ms):  0.0]
      [GC Worker Total (ms):  38.0]
      [GC Worker End (ms):  12001741.5]
   [Code Root Fixup: 0.1 ms]
   [Code Root Purge: 0.0 ms]
   [Clear CT: 0.0 ms]
   [Other: 1.3 ms]
      [Choose CSet: 0.0 ms]
      [Ref Proc: 0.0 ms]
      [Ref Enq: 0.0 ms]
      [Redirty Cards: 0.0 ms]
      [Humongous Register: 0.1 ms]
      [Humongous Reclaim: 0.0 ms]
      [Free CSet: 0.1 ms]
   [Eden: 46.0M(46.0M)->0.0B(46.0M) Survivors: 5120.0K->5120.0K Heap: 253.9M(1024.0M)->209.5M(1024.0M)]
 [Times: user=0.03 sys=0.01, real=0.04 secs] 
2016-12-19T21:09:54.049+0100: 12028.519: [GC pause (G1 Evacuation Pause) (young), 0.0513136 secs]
   [Parallel Time: 50.4 ms, GC Workers: 1]
      [GC Worker Start (ms):  12028519.5]
      [Ext Root Scanning (ms):  1.2]
      [Update RS (ms):  5.2]
         [Processed Buffers:  32]
      [Scan RS (ms):  4.9]
      [Code Root Scanning (ms):  0.0]
      [Object Copy (ms):  39.0]
      [Termination (ms):  0.0]
         [Termination Attempts:  1]
      [GC Worker Other (ms):  0.0]
      [GC Worker Total (ms):  50.4]
      [GC Worker End (ms):  12028569.9]
   [Code Root Fixup: 0.0 ms]
   [Code Root Purge: 0.0 ms]
   [Clear CT: 0.0 ms]
   [Other: 0.8 ms]
      [Choose CSet: 0.0 ms]
      [Ref Proc: 0.0 ms]
      [Ref Enq: 0.0 ms]
      [Redirty Cards: 0.0 ms]
      [Humongous Register: 0.1 ms]
      [Humongous Reclaim: 0.0 ms]
      [Free CSet: 0.1 ms]
   [Eden: 46.0M(46.0M)->0.0B(47.0M) Survivors: 5120.0K->4096.0K Heap: 255.5M(1024.0M)->210.0M(1024.0M)]
 [Times: user=0.04 sys=0.00, real=0.05 secs] 
2016-12-19T21:10:22.705+0100: 12057.175: [GC pause (G1 Evacuation Pause) (young), 0.0173227 secs]
   [Parallel Time: 16.8 ms, GC Workers: 1]
      [GC Worker Start (ms):  12057175.4]
      [Ext Root Scanning (ms):  1.2]
      [Update RS (ms):  2.4]
         [Processed Buffers:  32]
      [Scan RS (ms):  3.9]
      [Code Root Scanning (ms):  0.0]
      [Object Copy (ms):  9.2]
      [Termination (ms):  0.0]
         [Termination Attempts:  1]
      [GC Worker Other (ms):  0.0]
      [GC Worker Total (ms):  16.8]
      [GC Worker End (ms):  12057192.2]
   [Code Root Fixup: 0.0 ms]
   [Code Root Purge: 0.0 ms]
   [Clear CT: 0.0 ms]
   [Other: 0.4 ms]
      [Choose CSet: 0.0 ms]
      [Ref Proc: 0.0 ms]
      [Ref Enq: 0.0 ms]
      [Redirty Cards: 0.0 ms]
      [Humongous Register: 0.1 ms]
      [Humongous Reclaim: 0.0 ms]
      [Free CSet: 0.1 ms]
   [Eden: 47.0M(47.0M)->0.0B(47.0M) Survivors: 4096.0K->4096.0K Heap: 257.0M(1024.0M)->210.0M(1024.0M)]
 [Times: user=0.01 sys=0.00, real=0.01 secs] 
2016-12-19T21:10:51.415+0100: 12085.886: [GC pause (G1 Evacuation Pause) (young), 0.0230567 secs]
   [Parallel Time: 22.5 ms, GC Workers: 1]
      [GC Worker Start (ms):  12085885.7]
      [Ext Root Scanning (ms):  2.4]
      [Update RS (ms):  2.7]
         [Processed Buffers:  32]
      [Scan RS (ms):  4.2]
      [Code Root Scanning (ms):  0.0]
      [Object Copy (ms):  13.2]
      [Termination (ms):  0.0]
         [Termination Attempts:  1]
      [GC Worker Other (ms):  0.0]
      [GC Worker Total (ms):  22.4]
      [GC Worker End (ms):  12085908.2]
   [Code Root Fixup: 0.0 ms]
   [Code Root Purge: 0.0 ms]
   [Clear CT: 0.1 ms]
   [Other: 0.5 ms]
      [Choose CSet: 0.0 ms]
      [Ref Proc: 0.0 ms]
      [Ref Enq: 0.0 ms]
      [Redirty Cards: 0.0 ms]
      [Humongous Register: 0.1 ms]
      [Humongous Reclaim: 0.0 ms]
      [Free CSet: 0.0 ms]
   [Eden: 47.0M(47.0M)->0.0B(45.0M) Survivors: 4096.0K->6144.0K Heap: 257.0M(1024.0M)->211.5M(1024.0M)]
 [Times: user=0.02 sys=0.00, real=0.02 secs] 
2016-12-19T21:11:21.172+0100: 12115.643: [GC pause (G1 Evacuation Pause) (young), 0.0357523 secs]
   [Parallel Time: 34.8 ms, GC Workers: 1]
      [GC Worker Start (ms):  12115643.0]
      [Ext Root Scanning (ms):  0.8]
      [Update RS (ms):  10.4]
         [Processed Buffers:  31]
      [Scan RS (ms):  4.2]
      [Code Root Scanning (ms):  0.0]
      [Object Copy (ms):  19.3]
      [Termination (ms):  0.0]
         [Termination Attempts:  1]
      [GC Worker Other (ms):  0.0]
      [GC Worker Total (ms):  34.7]
      [GC Worker End (ms):  12115677.7]
   [Code Root Fixup: 0.1 ms]
   [Code Root Purge: 0.0 ms]
   [Clear CT: 0.1 ms]
   [Other: 0.9 ms]
      [Choose CSet: 0.0 ms]
      [Ref Proc: 0.0 ms]
      [Ref Enq: 0.0 ms]
      [Redirty Cards: 0.2 ms]
      [Humongous Register: 0.0 ms]
      [Humongous Reclaim: 0.0 ms]
      [Free CSet: 0.2 ms]
   [Eden: 45.0M(45.0M)->0.0B(46.0M) Survivors: 6144.0K->5120.0K Heap: 256.5M(1024.0M)->211.9M(1024.0M)]
 [Times: user=0.03 sys=0.00, real=0.03 secs] 
2016-12-19T21:11:48.940+0100: 12143.410: [GC pause (G1 Evacuation Pause) (young), 0.0216015 secs]
   [Parallel Time: 21.1 ms, GC Workers: 1]
      [GC Worker Start (ms):  12143410.5]
      [Ext Root Scanning (ms):  1.3]
      [Update RS (ms):  3.1]
         [Processed Buffers:  30]
      [Scan RS (ms):  3.2]
      [Code Root Scanning (ms):  0.0]
      [Object Copy (ms):  13.4]
      [Termination (ms):  0.0]
         [Termination Attempts:  1]
      [GC Worker Other (ms):  0.0]
      [GC Worker Total (ms):  21.1]
      [GC Worker End (ms):  12143431.6]
   [Code Root Fixup: 0.1 ms]
   [Code Root Purge: 0.0 ms]
   [Clear CT: 0.0 ms]
   [Other: 0.4 ms]
      [Choose CSet: 0.0 ms]
      [Ref Proc: 0.0 ms]
      [Ref Enq: 0.0 ms]
      [Redirty Cards: 0.0 ms]
      [Humongous Register: 0.1 ms]
      [Humongous Reclaim: 0.0 ms]
      [Free CSet: 0.0 ms]
   [Eden: 46.0M(46.0M)->0.0B(46.0M) Survivors: 5120.0K->5120.0K Heap: 257.9M(1024.0M)->213.5M(1024.0M)]
 [Times: user=0.02 sys=0.00, real=0.02 secs] 
2016-12-19T21:12:16.686+0100: 12171.156: [GC pause (G1 Evacuation Pause) (young), 0.0472058 secs]
   [Parallel Time: 42.4 ms, GC Workers: 1]
      [GC Worker Start (ms):  12171156.5]
      [Ext Root Scanning (ms):  2.0]
      [Update RS (ms):  3.4]
         [Processed Buffers:  29]
      [Scan RS (ms):  4.9]
      [Code Root Scanning (ms):  0.0]
      [Object Copy (ms):  32.0]
      [Termination (ms):  0.0]
         [Termination Attempts:  1]
      [GC Worker Other (ms):  0.0]
      [GC Worker Total (ms):  42.3]
      [GC Worker End (ms):  12171198.8]
   [Code Root Fixup: 0.0 ms]
   [Code Root Purge: 0.0 ms]
   [Clear CT: 4.1 ms]
   [Other: 0.7 ms]
      [Choose CSet: 0.0 ms]
      [Ref Proc: 0.0 ms]
      [Ref Enq: 0.0 ms]
      [Redirty Cards: 0.1 ms]
      [Humongous Register: 0.1 ms]
      [Humongous Reclaim: 0.0 ms]
      [Free CSet: 0.1 ms]
   [Eden: 46.0M(46.0M)->0.0B(47.0M) Survivors: 5120.0K->4096.0K Heap: 259.5M(1024.0M)->214.0M(1024.0M)]
 [Times: user=0.03 sys=0.00, real=0.05 secs] 
2016-12-19T21:12:45.010+0100: 12199.481: [GC pause (G1 Evacuation Pause) (young), 0.0222568 secs]
   [Parallel Time: 21.7 ms, GC Workers: 1]
      [GC Worker Start (ms):  12199481.1]
      [Ext Root Scanning (ms):  1.7]
      [Update RS (ms):  4.4]
         [Processed Buffers:  31]
      [Scan RS (ms):  5.3]
      [Code Root Scanning (ms):  0.0]
      [Object Copy (ms):  10.3]
      [Termination (ms):  0.0]
         [Termination Attempts:  1]
      [GC Worker Other (ms):  0.0]
      [GC Worker Total (ms):  21.7]
      [GC Worker End (ms):  12199502.9]
   [Code Root Fixup: 0.0 ms]
   [Code Root Purge: 0.0 ms]
   [Clear CT: 0.0 ms]
   [Other: 0.4 ms]
      [Choose CSet: 0.0 ms]
      [Ref Proc: 0.0 ms]
      [Ref Enq: 0.0 ms]
      [Redirty Cards: 0.0 ms]
      [Humongous Register: 0.1 ms]
      [Humongous Reclaim: 0.0 ms]
      [Free CSet: 0.1 ms]
   [Eden: 47.0M(47.0M)->0.0B(46.0M) Survivors: 4096.0K->5120.0K Heap: 261.0M(1024.0M)->214.5M(1024.0M)]
 [Times: user=0.02 sys=0.00, real=0.02 secs] 
2016-12-19T21:13:13.148+0100: 12227.618: [GC pause (G1 Evacuation Pause) (young), 0.0252718 secs]
   [Parallel Time: 24.8 ms, GC Workers: 1]
      [GC Worker Start (ms):  12227618.3]
      [Ext Root Scanning (ms):  1.1]
      [Update RS (ms):  5.2]
         [Processed Buffers:  31]
      [Scan RS (ms):  4.0]
      [Code Root Scanning (ms):  0.0]
      [Object Copy (ms):  14.3]
      [Termination (ms):  0.0]
         [Termination Attempts:  1]
      [GC Worker Other (ms):  0.0]
      [GC Worker Total (ms):  24.7]
      [GC Worker End (ms):  12227643.0]
   [Code Root Fixup: 0.0 ms]
   [Code Root Purge: 0.0 ms]
   [Clear CT: 0.0 ms]
   [Other: 0.4 ms]
      [Choose CSet: 0.0 ms]
      [Ref Proc: 0.0 ms]
      [Ref Enq: 0.0 ms]
      [Redirty Cards: 0.0 ms]
      [Humongous Register: 0.1 ms]
      [Humongous Reclaim: 0.0 ms]
      [Free CSet: 0.1 ms]
   [Eden: 46.0M(46.0M)->0.0B(46.0M) Survivors: 5120.0K->5120.0K Heap: 260.5M(1024.0M)->215.9M(1024.0M)]
 [Times: user=0.03 sys=0.00, real=0.03 secs] 
2016-12-19T21:13:40.634+0100: 12255.104: [GC pause (G1 Evacuation Pause) (young), 0.0211619 secs]
   [Parallel Time: 20.7 ms, GC Workers: 1]
      [GC Worker Start (ms):  12255104.4]
      [Ext Root Scanning (ms):  0.9]
      [Update RS (ms):  2.8]
         [Processed Buffers:  31]
      [Scan RS (ms):  4.5]
      [Code Root Scanning (ms):  0.0]
      [Object Copy (ms):  12.4]
      [Termination (ms):  0.0]
         [Termination Attempts:  1]
      [GC Worker Other (ms):  0.0]
      [GC Worker Total (ms):  20.6]
      [GC Worker End (ms):  12255125.0]
   [Code Root Fixup: 0.0 ms]
   [Code Root Purge: 0.0 ms]
   [Clear CT: 0.1 ms]
   [Other: 0.4 ms]
      [Choose CSet: 0.0 ms]
      [Ref Proc: 0.0 ms]
      [Ref Enq: 0.0 ms]
      [Redirty Cards: 0.1 ms]
      [Humongous Register: 0.0 ms]
      [Humongous Reclaim: 0.0 ms]
      [Free CSet: 0.1 ms]
   [Eden: 46.0M(46.0M)->0.0B(47.0M) Survivors: 5120.0K->4096.0K Heap: 261.9M(1024.0M)->216.5M(1024.0M)]
 [Times: user=0.02 sys=0.00, real=0.02 secs] 
2016-12-19T21:14:09.208+0100: 12283.679: [GC pause (G1 Evacuation Pause) (young), 0.0428809 secs]
   [Parallel Time: 42.2 ms, GC Workers: 1]
      [GC Worker Start (ms):  12283679.2]
      [Ext Root Scanning (ms):  7.1]
      [Update RS (ms):  4.0]
         [Processed Buffers:  31]
      [Scan RS (ms):  10.7]
      [Code Root Scanning (ms):  0.0]
      [Object Copy (ms):  20.3]
      [Termination (ms):  0.0]
         [Termination Attempts:  1]
      [GC Worker Other (ms):  0.0]
      [GC Worker Total (ms):  42.1]
      [GC Worker End (ms):  12283721.3]
   [Code Root Fixup: 0.1 ms]
   [Code Root Purge: 0.0 ms]
   [Clear CT: 0.0 ms]
   [Other: 0.6 ms]
      [Choose CSet: 0.0 ms]
      [Ref Proc: 0.0 ms]
      [Ref Enq: 0.0 ms]
      [Redirty Cards: 0.0 ms]
      [Humongous Register: 0.1 ms]
      [Humongous Reclaim: 0.1 ms]
      [Free CSet: 0.1 ms]
   [Eden: 47.0M(47.0M)->0.0B(47.0M) Survivors: 4096.0K->4096.0K Heap: 263.5M(1024.0M)->216.5M(1024.0M)]
 [Times: user=0.04 sys=0.00, real=0.05 secs] 
2016-12-19T21:14:36.901+0100: 12311.372: [GC pause (G1 Evacuation Pause) (young), 0.0350022 secs]
   [Parallel Time: 34.3 ms, GC Workers: 1]
      [GC Worker Start (ms):  12311372.1]
      [Ext Root Scanning (ms):  1.3]
      [Update RS (ms):  2.8]
         [Processed Buffers:  30]
      [Scan RS (ms):  6.7]
      [Code Root Scanning (ms):  0.0]
      [Object Copy (ms):  23.4]
      [Termination (ms):  0.0]
         [Termination Attempts:  1]
      [GC Worker Other (ms):  0.1]
      [GC Worker Total (ms):  34.2]
      [GC Worker End (ms):  12311406.3]
   [Code Root Fixup: 0.1 ms]
   [Code Root Purge: 0.0 ms]
   [Clear CT: 0.1 ms]
   [Other: 0.6 ms]
      [Choose CSet: 0.0 ms]
      [Ref Proc: 0.1 ms]
      [Ref Enq: 0.0 ms]
      [Redirty Cards: 0.0 ms]
      [Humongous Register: 0.1 ms]
      [Humongous Reclaim: 0.0 ms]
      [Free CSet: 0.1 ms]
   [Eden: 47.0M(47.0M)->0.0B(45.0M) Survivors: 4096.0K->6144.0K Heap: 263.5M(1024.0M)->218.0M(1024.0M)]
 [Times: user=0.03 sys=0.00, real=0.04 secs] 
2016-12-19T21:15:04.105+0100: 12338.576: [GC pause (G1 Evacuation Pause) (young), 0.0215682 secs]
   [Parallel Time: 20.9 ms, GC Workers: 1]
      [GC Worker Start (ms):  12338575.8]
      [Ext Root Scanning (ms):  0.9]
      [Update RS (ms):  2.2]
         [Processed Buffers:  30]
      [Scan RS (ms):  3.6]
      [Code Root Scanning (ms):  0.0]
      [Object Copy (ms):  14.1]
      [Termination (ms):  0.0]
         [Termination Attempts:  1]
      [GC Worker Other (ms):  0.0]
      [GC Worker Total (ms):  20.9]
      [GC Worker End (ms):  12338596.7]
   [Code Root Fixup: 0.0 ms]
   [Code Root Purge: 0.0 ms]
   [Clear CT: 0.0 ms]
   [Other: 0.6 ms]
      [Choose CSet: 0.0 ms]
      [Ref Proc: 0.0 ms]
      [Ref Enq: 0.0 ms]
      [Redirty Cards: 0.1 ms]
      [Humongous Register: 0.1 ms]
      [Humongous Reclaim: 0.0 ms]
      [Free CSet: 0.0 ms]
   [Eden: 45.0M(45.0M)->0.0B(46.0M) Survivors: 6144.0K->5120.0K Heap: 263.0M(1024.0M)->218.4M(1024.0M)]
 [Times: user=0.02 sys=0.00, real=0.02 secs] 
2016-12-19T21:15:32.739+0100: 12367.210: [GC pause (G1 Evacuation Pause) (young), 0.0255171 secs]
   [Parallel Time: 25.0 ms, GC Workers: 1]
      [GC Worker Start (ms):  12367209.9]
      [Ext Root Scanning (ms):  1.0]
      [Update RS (ms):  2.3]
         [Processed Buffers:  35]
      [Scan RS (ms):  4.2]
      [Code Root Scanning (ms):  0.0]
      [Object Copy (ms):  17.5]
      [Termination (ms):  0.0]
         [Termination Attempts:  1]
      [GC Worker Other (ms):  0.0]
      [GC Worker Total (ms):  25.0]
      [GC Worker End (ms):  12367234.8]
   [Code Root Fixup: 0.0 ms]
   [Code Root Purge: 0.0 ms]
   [Clear CT: 0.0 ms]
   [Other: 0.4 ms]
      [Choose CSet: 0.0 ms]
      [Ref Proc: 0.0 ms]
      [Ref Enq: 0.0 ms]
      [Redirty Cards: 0.0 ms]
      [Humongous Register: 0.0 ms]
      [Humongous Reclaim: 0.0 ms]
      [Free CSet: 0.0 ms]
   [Eden: 46.0M(46.0M)->0.0B(46.0M) Survivors: 5120.0K->5120.0K Heap: 264.4M(1024.0M)->220.0M(1024.0M)]
 [Times: user=0.03 sys=0.00, real=0.03 secs] 
2016-12-19T21:15:59.986+0100: 12394.456: [GC pause (G1 Evacuation Pause) (young), 0.0231567 secs]
   [Parallel Time: 22.4 ms, GC Workers: 1]
      [GC Worker Start (ms):  12394456.3]
      [Ext Root Scanning (ms):  2.4]
      [Update RS (ms):  3.2]
         [Processed Buffers:  35]
      [Scan RS (ms):  4.3]
      [Code Root Scanning (ms):  0.0]
      [Object Copy (ms):  12.4]
      [Termination (ms):  0.0]
         [Termination Attempts:  1]
      [GC Worker Other (ms):  0.0]
      [GC Worker Total (ms):  22.4]
      [GC Worker End (ms):  12394478.7]
   [Code Root Fixup: 0.0 ms]
   [Code Root Purge: 0.0 ms]
   [Clear CT: 0.1 ms]
   [Other: 0.6 ms]
      [Choose CSet: 0.0 ms]
      [Ref Proc: 0.1 ms]
      [Ref Enq: 0.0 ms]
      [Redirty Cards: 0.0 ms]
      [Humongous Register: 0.1 ms]
      [Humongous Reclaim: 0.1 ms]
      [Free CSet: 0.1 ms]
   [Eden: 46.0M(46.0M)->0.0B(47.0M) Survivors: 5120.0K->4096.0K Heap: 266.0M(1024.0M)->220.5M(1024.0M)]
 [Times: user=0.02 sys=0.00, real=0.02 secs] 
2016-12-19T21:16:29.923+0100: 12424.394: [GC pause (G1 Evacuation Pause) (young), 0.0181838 secs]
   [Parallel Time: 17.0 ms, GC Workers: 1]
      [GC Worker Start (ms):  12424394.1]
      [Ext Root Scanning (ms):  1.0]
      [Update RS (ms):  2.3]
         [Processed Buffers:  35]
      [Scan RS (ms):  4.4]
      [Code Root Scanning (ms):  0.0]
      [Object Copy (ms):  9.2]
      [Termination (ms):  0.0]
         [Termination Attempts:  1]
      [GC Worker Other (ms):  0.0]
      [GC Worker Total (ms):  16.9]
      [GC Worker End (ms):  12424411.0]
   [Code Root Fixup: 0.0 ms]
   [Code Root Purge: 0.0 ms]
   [Clear CT: 0.0 ms]
   [Other: 1.1 ms]
      [Choose CSet: 0.0 ms]
      [Ref Proc: 0.0 ms]
      [Ref Enq: 0.0 ms]
      [Redirty Cards: 0.2 ms]
      [Humongous Register: 0.0 ms]
      [Humongous Reclaim: 0.0 ms]
      [Free CSet: 0.2 ms]
   [Eden: 47.0M(47.0M)->0.0B(47.0M) Survivors: 4096.0K->4096.0K Heap: 267.5M(1024.0M)->220.5M(1024.0M)]
 [Times: user=0.02 sys=0.00, real=0.01 secs] 
2016-12-19T21:16:59.687+0100: 12454.158: [GC pause (G1 Evacuation Pause) (young), 0.0187897 secs]
   [Parallel Time: 18.3 ms, GC Workers: 1]
      [GC Worker Start (ms):  12454157.9]
      [Ext Root Scanning (ms):  1.0]
      [Update RS (ms):  2.3]
         [Processed Buffers:  35]
      [Scan RS (ms):  3.7]
      [Code Root Scanning (ms):  0.0]
      [Object Copy (ms):  11.4]
      [Termination (ms):  0.0]
         [Termination Attempts:  1]
      [GC Worker Other (ms):  0.0]
      [GC Worker Total (ms):  18.3]
      [GC Worker End (ms):  12454176.2]
   [Code Root Fixup: 0.0 ms]
   [Code Root Purge: 0.0 ms]
   [Clear CT: 0.0 ms]
   [Other: 0.4 ms]
      [Choose CSet: 0.0 ms]
      [Ref Proc: 0.0 ms]
      [Ref Enq: 0.0 ms]
      [Redirty Cards: 0.0 ms]
      [Humongous Register: 0.0 ms]
      [Humongous Reclaim: 0.0 ms]
      [Free CSet: 0.0 ms]
   [Eden: 47.0M(47.0M)->0.0B(45.0M) Survivors: 4096.0K->6144.0K Heap: 267.5M(1024.0M)->222.0M(1024.0M)]
 [Times: user=0.02 sys=0.00, real=0.02 secs] 
2016-12-19T21:17:27.508+0100: 12481.978: [GC pause (G1 Evacuation Pause) (young), 0.0648079 secs]
   [Parallel Time: 47.8 ms, GC Workers: 1]
      [GC Worker Start (ms):  12481978.3]
      [Ext Root Scanning (ms):  1.9]
      [Update RS (ms):  4.9]
         [Processed Buffers:  38]
      [Scan RS (ms):  9.0]
      [Code Root Scanning (ms):  0.0]
      [Object Copy (ms):  31.9]
      [Termination (ms):  0.0]
         [Termination Attempts:  1]
      [GC Worker Other (ms):  0.0]
      [GC Worker Total (ms):  47.7]
      [GC Worker End (ms):  12482026.1]
   [Code Root Fixup: 0.1 ms]
   [Code Root Purge: 0.0 ms]
   [Clear CT: 0.1 ms]
   [Other: 16.9 ms]
      [Choose CSet: 0.0 ms]
      [Ref Proc: 0.1 ms]
      [Ref Enq: 0.0 ms]
      [Redirty Cards: 0.1 ms]
      [Humongous Register: 0.1 ms]
      [Humongous Reclaim: 0.0 ms]
      [Free CSet: 0.1 ms]
   [Eden: 45.0M(45.0M)->0.0B(46.0M) Survivors: 6144.0K->5120.0K Heap: 267.0M(1024.0M)->222.4M(1024.0M)]
 [Times: user=0.06 sys=0.00, real=0.07 secs] 
2016-12-19T21:17:57.845+0100: 12512.316: [GC pause (G1 Evacuation Pause) (young), 0.0241096 secs]
   [Parallel Time: 23.5 ms, GC Workers: 1]
      [GC Worker Start (ms):  12512315.8]
      [Ext Root Scanning (ms):  1.4]
      [Update RS (ms):  3.2]
         [Processed Buffers:  39]
      [Scan RS (ms):  4.4]
      [Code Root Scanning (ms):  0.0]
      [Object Copy (ms):  14.4]
      [Termination (ms):  0.0]
         [Termination Attempts:  1]
      [GC Worker Other (ms):  0.0]
      [GC Worker Total (ms):  23.4]
      [GC Worker End (ms):  12512339.3]
   [Code Root Fixup: 0.1 ms]
   [Code Root Purge: 0.0 ms]
   [Clear CT: 0.0 ms]
   [Other: 0.5 ms]
      [Choose CSet: 0.0 ms]
      [Ref Proc: 0.1 ms]
      [Ref Enq: 0.0 ms]
      [Redirty Cards: 0.0 ms]
      [Humongous Register: 0.0 ms]
      [Humongous Reclaim: 0.0 ms]
      [Free CSet: 0.1 ms]
   [Eden: 46.0M(46.0M)->0.0B(46.0M) Survivors: 5120.0K->5120.0K Heap: 268.4M(1024.0M)->224.0M(1024.0M)]
 [Times: user=0.02 sys=0.00, real=0.02 secs] 
2016-12-19T21:18:28.730+0100: 12543.200: [GC pause (G1 Evacuation Pause) (young), 0.0189518 secs]
   [Parallel Time: 18.5 ms, GC Workers: 1]
      [GC Worker Start (ms):  12543200.4]
      [Ext Root Scanning (ms):  0.9]
      [Update RS (ms):  2.0]
         [Processed Buffers:  38]
      [Scan RS (ms):  3.9]
      [Code Root Scanning (ms):  0.0]
      [Object Copy (ms):  11.6]
      [Termination (ms):  0.0]
         [Termination Attempts:  1]
      [GC Worker Other (ms):  0.0]
      [GC Worker Total (ms):  18.5]
      [GC Worker End (ms):  12543218.9]
   [Code Root Fixup: 0.0 ms]
   [Code Root Purge: 0.0 ms]
   [Clear CT: 0.0 ms]
   [Other: 0.4 ms]
      [Choose CSet: 0.0 ms]
      [Ref Proc: 0.0 ms]
      [Ref Enq: 0.0 ms]
      [Redirty Cards: 0.0 ms]
      [Humongous Register: 0.0 ms]
      [Humongous Reclaim: 0.0 ms]
      [Free CSet: 0.1 ms]
   [Eden: 46.0M(46.0M)->0.0B(47.0M) Survivors: 5120.0K->4096.0K Heap: 270.0M(1024.0M)->224.5M(1024.0M)]
 [Times: user=0.02 sys=0.00, real=0.02 secs] 
2016-12-19T21:18:57.020+0100: 12571.490: [GC pause (G1 Evacuation Pause) (young), 0.0219945 secs]
   [Parallel Time: 20.7 ms, GC Workers: 1]
      [GC Worker Start (ms):  12571491.4]
      [Ext Root Scanning (ms):  1.2]
      [Update RS (ms):  4.8]
         [Processed Buffers:  36]
      [Scan RS (ms):  5.3]
      [Code Root Scanning (ms):  0.0]
      [Object Copy (ms):  9.3]
      [Termination (ms):  0.0]
         [Termination Attempts:  1]
      [GC Worker Other (ms):  0.0]
      [GC Worker Total (ms):  20.6]
      [GC Worker End (ms):  12571512.1]
   [Code Root Fixup: 0.0 ms]
   [Code Root Purge: 0.0 ms]
   [Clear CT: 0.0 ms]
   [Other: 1.2 ms]
      [Choose CSet: 0.0 ms]
      [Ref Proc: 0.0 ms]
      [Ref Enq: 0.0 ms]
      [Redirty Cards: 0.0 ms]
      [Humongous Register: 0.6 ms]
      [Humongous Reclaim: 0.0 ms]
      [Free CSet: 0.1 ms]
   [Eden: 47.0M(47.0M)->0.0B(47.0M) Survivors: 4096.0K->4096.0K Heap: 271.5M(1024.0M)->224.5M(1024.0M)]
 [Times: user=0.02 sys=0.00, real=0.02 secs] 
2016-12-19T21:19:27.735+0100: 12602.205: [GC pause (G1 Evacuation Pause) (young), 0.0223306 secs]
   [Parallel Time: 21.8 ms, GC Workers: 1]
      [GC Worker Start (ms):  12602205.5]
      [Ext Root Scanning (ms):  2.2]
      [Update RS (ms):  3.4]
         [Processed Buffers:  32]
      [Scan RS (ms):  3.5]
      [Code Root Scanning (ms):  0.0]
      [Object Copy (ms):  12.6]
      [Termination (ms):  0.0]
         [Termination Attempts:  1]
      [GC Worker Other (ms):  0.0]
      [GC Worker Total (ms):  21.8]
      [GC Worker End (ms):  12602227.2]
   [Code Root Fixup: 0.0 ms]
   [Code Root Purge: 0.0 ms]
   [Clear CT: 0.0 ms]
   [Other: 0.4 ms]
      [Choose CSet: 0.0 ms]
      [Ref Proc: 0.0 ms]
      [Ref Enq: 0.0 ms]
      [Redirty Cards: 0.0 ms]
      [Humongous Register: 0.1 ms]
      [Humongous Reclaim: 0.0 ms]
      [Free CSet: 0.0 ms]
   [Eden: 47.0M(47.0M)->0.0B(45.0M) Survivors: 4096.0K->6144.0K Heap: 271.5M(1024.0M)->226.0M(1024.0M)]
 [Times: user=0.02 sys=0.00, real=0.02 secs] 
2016-12-19T21:19:54.922+0100: 12629.393: [GC pause (G1 Evacuation Pause) (young), 0.0322259 secs]
   [Parallel Time: 31.4 ms, GC Workers: 1]
      [GC Worker Start (ms):  12629393.3]
      [Ext Root Scanning (ms):  1.3]
      [Update RS (ms):  3.9]
         [Processed Buffers:  34]
      [Scan RS (ms):  4.0]
      [Code Root Scanning (ms):  0.0]
      [Object Copy (ms):  22.1]
      [Termination (ms):  0.0]
         [Termination Attempts:  1]
      [GC Worker Other (ms):  0.0]
      [GC Worker Total (ms):  31.4]
      [GC Worker End (ms):  12629424.7]
   [Code Root Fixup: 0.1 ms]
   [Code Root Purge: 0.0 ms]
   [Clear CT: 0.1 ms]
   [Other: 0.7 ms]
      [Choose CSet: 0.0 ms]
      [Ref Proc: 0.0 ms]
      [Ref Enq: 0.0 ms]
      [Redirty Cards: 0.1 ms]
      [Humongous Register: 0.1 ms]
      [Humongous Reclaim: 0.0 ms]
      [Free CSet: 0.1 ms]
   [Eden: 45.0M(45.0M)->0.0B(46.0M) Survivors: 6144.0K->5120.0K Heap: 271.0M(1024.0M)->226.3M(1024.0M)]
 [Times: user=0.03 sys=0.00, real=0.04 secs] 
2016-12-19T21:20:22.098+0100: 12656.568: [GC pause (G1 Evacuation Pause) (young), 0.0311239 secs]
   [Parallel Time: 30.5 ms, GC Workers: 1]
      [GC Worker Start (ms):  12656568.4]
      [Ext Root Scanning (ms):  4.4]
      [Update RS (ms):  6.4]
         [Processed Buffers:  34]
      [Scan RS (ms):  5.0]
      [Code Root Scanning (ms):  0.0]
      [Object Copy (ms):  14.6]
      [Termination (ms):  0.0]
         [Termination Attempts:  1]
      [GC Worker Other (ms):  0.0]
      [GC Worker Total (ms):  30.4]
      [GC Worker End (ms):  12656598.8]
   [Code Root Fixup: 0.0 ms]
   [Code Root Purge: 0.0 ms]
   [Clear CT: 0.1 ms]
   [Other: 0.5 ms]
      [Choose CSet: 0.0 ms]
      [Ref Proc: 0.0 ms]
      [Ref Enq: 0.0 ms]
      [Redirty Cards: 0.0 ms]
      [Humongous Register: 0.1 ms]
      [Humongous Reclaim: 0.0 ms]
      [Free CSet: 0.1 ms]
   [Eden: 46.0M(46.0M)->0.0B(46.0M) Survivors: 5120.0K->5120.0K Heap: 272.3M(1024.0M)->228.0M(1024.0M)]
 [Times: user=0.03 sys=0.00, real=0.03 secs] 
2016-12-19T21:20:49.727+0100: 12684.197: [GC pause (G1 Evacuation Pause) (young), 0.0204350 secs]
   [Parallel Time: 20.0 ms, GC Workers: 1]
      [GC Worker Start (ms):  12684197.4]
      [Ext Root Scanning (ms):  1.7]
      [Update RS (ms):  2.3]
         [Processed Buffers:  32]
      [Scan RS (ms):  3.7]
      [Code Root Scanning (ms):  0.0]
      [Object Copy (ms):  12.1]
      [Termination (ms):  0.0]
         [Termination Attempts:  1]
      [GC Worker Other (ms):  0.0]
      [GC Worker Total (ms):  19.9]
      [GC Worker End (ms):  12684217.3]
   [Code Root Fixup: 0.0 ms]
   [Code Root Purge: 0.0 ms]
   [Clear CT: 0.0 ms]
   [Other: 0.4 ms]
      [Choose CSet: 0.0 ms]
      [Ref Proc: 0.0 ms]
      [Ref Enq: 0.0 ms]
      [Redirty Cards: 0.0 ms]
      [Humongous Register: 0.1 ms]
      [Humongous Reclaim: 0.0 ms]
      [Free CSet: 0.1 ms]
   [Eden: 46.0M(46.0M)->0.0B(47.0M) Survivors: 5120.0K->4096.0K Heap: 274.0M(1024.0M)->228.5M(1024.0M)]
 [Times: user=0.02 sys=0.00, real=0.02 secs] 
2016-12-19T21:21:18.436+0100: 12712.906: [GC pause (G1 Evacuation Pause) (young), 0.0194535 secs]
   [Parallel Time: 19.0 ms, GC Workers: 1]
      [GC Worker Start (ms):  12712906.3]
      [Ext Root Scanning (ms):  1.2]
      [Update RS (ms):  3.1]
         [Processed Buffers:  34]
      [Scan RS (ms):  5.6]
      [Code Root Scanning (ms):  0.0]
      [Object Copy (ms):  9.1]
      [Termination (ms):  0.0]
         [Termination Attempts:  1]
      [GC Worker Other (ms):  0.0]
      [GC Worker Total (ms):  18.9]
      [GC Worker End (ms):  12712925.2]
   [Code Root Fixup: 0.0 ms]
   [Code Root Purge: 0.0 ms]
   [Clear CT: 0.0 ms]
   [Other: 0.4 ms]
      [Choose CSet: 0.0 ms]
      [Ref Proc: 0.0 ms]
      [Ref Enq: 0.0 ms]
      [Redirty Cards: 0.0 ms]
      [Humongous Register: 0.0 ms]
      [Humongous Reclaim: 0.0 ms]
      [Free CSet: 0.1 ms]
   [Eden: 47.0M(47.0M)->0.0B(47.0M) Survivors: 4096.0K->4096.0K Heap: 275.5M(1024.0M)->228.5M(1024.0M)]
 [Times: user=0.02 sys=0.00, real=0.02 secs] 
2016-12-19T21:21:46.980+0100: 12741.451: [GC pause (G1 Evacuation Pause) (young), 0.0239350 secs]
   [Parallel Time: 23.2 ms, GC Workers: 1]
      [GC Worker Start (ms):  12741451.2]
      [Ext Root Scanning (ms):  1.6]
      [Update RS (ms):  2.8]
         [Processed Buffers:  32]
      [Scan RS (ms):  5.8]
      [Code Root Scanning (ms):  0.0]
      [Object Copy (ms):  12.9]
      [Termination (ms):  0.0]
         [Termination Attempts:  1]
      [GC Worker Other (ms):  0.1]
      [GC Worker Total (ms):  23.2]
      [GC Worker End (ms):  12741474.4]
   [Code Root Fixup: 0.0 ms]
   [Code Root Purge: 0.0 ms]
   [Clear CT: 0.0 ms]
   [Other: 0.7 ms]
      [Choose CSet: 0.0 ms]
      [Ref Proc: 0.0 ms]
      [Ref Enq: 0.0 ms]
      [Redirty Cards: 0.0 ms]
      [Humongous Register: 0.0 ms]
      [Humongous Reclaim: 0.0 ms]
      [Free CSet: 0.1 ms]
   [Eden: 47.0M(47.0M)->0.0B(45.0M) Survivors: 4096.0K->6144.0K Heap: 275.5M(1024.0M)->230.0M(1024.0M)]
 [Times: user=0.03 sys=0.00, real=0.03 secs] 
2016-12-19T21:22:14.287+0100: 12768.758: [GC pause (G1 Evacuation Pause) (young), 0.0230262 secs]
   [Parallel Time: 22.6 ms, GC Workers: 1]
      [GC Worker Start (ms):  12768758.1]
      [Ext Root Scanning (ms):  1.4]
      [Update RS (ms):  3.2]
         [Processed Buffers:  32]
      [Scan RS (ms):  3.9]
      [Code Root Scanning (ms):  0.0]
      [Object Copy (ms):  14.0]
      [Termination (ms):  0.0]
         [Termination Attempts:  1]
      [GC Worker Other (ms):  0.0]
      [GC Worker Total (ms):  22.5]
      [GC Worker End (ms):  12768780.6]
   [Code Root Fixup: 0.0 ms]
   [Code Root Purge: 0.0 ms]
   [Clear CT: 0.0 ms]
   [Other: 0.4 ms]
      [Choose CSet: 0.0 ms]
      [Ref Proc: 0.0 ms]
      [Ref Enq: 0.0 ms]
      [Redirty Cards: 0.0 ms]
      [Humongous Register: 0.1 ms]
      [Humongous Reclaim: 0.0 ms]
      [Free CSet: 0.0 ms]
   [Eden: 45.0M(45.0M)->0.0B(46.0M) Survivors: 6144.0K->5120.0K Heap: 275.0M(1024.0M)->230.9M(1024.0M)]
 [Times: user=0.02 sys=0.00, real=0.03 secs] 
2016-12-19T21:22:42.444+0100: 12796.915: [GC pause (G1 Evacuation Pause) (young), 0.0226768 secs]
   [Parallel Time: 22.2 ms, GC Workers: 1]
      [GC Worker Start (ms):  12796914.8]
      [Ext Root Scanning (ms):  1.2]
      [Update RS (ms):  3.7]
         [Processed Buffers:  32]
      [Scan RS (ms):  3.2]
      [Code Root Scanning (ms):  0.0]
      [Object Copy (ms):  14.0]
      [Termination (ms):  0.0]
         [Termination Attempts:  1]
      [GC Worker Other (ms):  0.0]
      [GC Worker Total (ms):  22.2]
      [GC Worker End (ms):  12796937.0]
   [Code Root Fixup: 0.0 ms]
   [Code Root Purge: 0.0 ms]
   [Clear CT: 0.0 ms]
   [Other: 0.4 ms]
      [Choose CSet: 0.0 ms]
      [Ref Proc: 0.0 ms]
      [Ref Enq: 0.0 ms]
      [Redirty Cards: 0.0 ms]
      [Humongous Register: 0.0 ms]
      [Humongous Reclaim: 0.0 ms]
      [Free CSet: 0.0 ms]
   [Eden: 46.0M(46.0M)->0.0B(45.0M) Survivors: 5120.0K->6144.0K Heap: 276.9M(1024.0M)->232.5M(1024.0M)]
 [Times: user=0.02 sys=0.00, real=0.02 secs] 
2016-12-19T21:23:09.646+0100: 12824.116: [GC pause (G1 Evacuation Pause) (young), 0.0221581 secs]
   [Parallel Time: 21.6 ms, GC Workers: 1]
      [GC Worker Start (ms):  12824116.5]
      [Ext Root Scanning (ms):  2.9]
      [Update RS (ms):  3.1]
         [Processed Buffers:  33]
      [Scan RS (ms):  3.4]
      [Code Root Scanning (ms):  0.0]
      [Object Copy (ms):  12.1]
      [Termination (ms):  0.0]
         [Termination Attempts:  1]
      [GC Worker Other (ms):  0.0]
      [GC Worker Total (ms):  21.5]
      [GC Worker End (ms):  12824138.0]
   [Code Root Fixup: 0.1 ms]
   [Code Root Purge: 0.0 ms]
   [Clear CT: 0.0 ms]
   [Other: 0.5 ms]
      [Choose CSet: 0.0 ms]
      [Ref Proc: 0.0 ms]
      [Ref Enq: 0.0 ms]
      [Redirty Cards: 0.0 ms]
      [Humongous Register: 0.1 ms]
      [Humongous Reclaim: 0.0 ms]
      [Free CSet: 0.1 ms]
   [Eden: 45.0M(45.0M)->0.0B(47.0M) Survivors: 6144.0K->4096.0K Heap: 277.5M(1024.0M)->232.5M(1024.0M)]
 [Times: user=0.02 sys=0.00, real=0.02 secs] 
2016-12-19T21:23:40.218+0100: 12854.689: [GC pause (G1 Evacuation Pause) (young), 0.0167203 secs]
   [Parallel Time: 16.3 ms, GC Workers: 1]
      [GC Worker Start (ms):  12854689.0]
      [Ext Root Scanning (ms):  1.0]
      [Update RS (ms):  2.7]
         [Processed Buffers:  35]
      [Scan RS (ms):  3.8]
      [Code Root Scanning (ms):  0.0]
      [Object Copy (ms):  8.7]
      [Termination (ms):  0.0]
         [Termination Attempts:  1]
      [GC Worker Other (ms):  0.0]
      [GC Worker Total (ms):  16.2]
      [GC Worker End (ms):  12854705.2]
   [Code Root Fixup: 0.0 ms]
   [Code Root Purge: 0.0 ms]
   [Clear CT: 0.0 ms]
   [Other: 0.4 ms]
      [Choose CSet: 0.0 ms]
      [Ref Proc: 0.0 ms]
      [Ref Enq: 0.0 ms]
      [Redirty Cards: 0.0 ms]
      [Humongous Register: 0.0 ms]
      [Humongous Reclaim: 0.1 ms]
      [Free CSet: 0.1 ms]
   [Eden: 47.0M(47.0M)->0.0B(47.0M) Survivors: 4096.0K->4096.0K Heap: 279.5M(1024.0M)->232.5M(1024.0M)]
 [Times: user=0.01 sys=0.00, real=0.02 secs] 
2016-12-19T21:24:13.446+0100: 12887.916: [GC pause (G1 Evacuation Pause) (young), 0.0192950 secs]
   [Parallel Time: 18.9 ms, GC Workers: 1]
      [GC Worker Start (ms):  12887916.4]
      [Ext Root Scanning (ms):  1.2]
      [Update RS (ms):  3.8]
         [Processed Buffers:  32]
      [Scan RS (ms):  3.0]
      [Code Root Scanning (ms):  0.0]
      [Object Copy (ms):  10.7]
      [Termination (ms):  0.0]
         [Termination Attempts:  1]
      [GC Worker Other (ms):  0.0]
      [GC Worker Total (ms):  18.8]
      [GC Worker End (ms):  12887935.2]
   [Code Root Fixup: 0.0 ms]
   [Code Root Purge: 0.0 ms]
   [Clear CT: 0.0 ms]
   [Other: 0.4 ms]
      [Choose CSet: 0.0 ms]
      [Ref Proc: 0.0 ms]
      [Ref Enq: 0.0 ms]
      [Redirty Cards: 0.0 ms]
      [Humongous Register: 0.1 ms]
      [Humongous Reclaim: 0.0 ms]
      [Free CSet: 0.0 ms]
   [Eden: 47.0M(47.0M)->0.0B(46.0M) Survivors: 4096.0K->5120.0K Heap: 279.5M(1024.0M)->233.5M(1024.0M)]
 [Times: user=0.02 sys=0.00, real=0.02 secs] 
2016-12-19T21:24:41.538+0100: 12916.009: [GC pause (G1 Evacuation Pause) (young), 0.0174612 secs]
   [Parallel Time: 17.1 ms, GC Workers: 1]
      [GC Worker Start (ms):  12916008.8]
      [Ext Root Scanning (ms):  0.9]
      [Update RS (ms):  2.1]
         [Processed Buffers:  34]
      [Scan RS (ms):  3.1]
      [Code Root Scanning (ms):  0.0]
      [Object Copy (ms):  10.9]
      [Termination (ms):  0.0]
         [Termination Attempts:  1]
      [GC Worker Other (ms):  0.0]
      [GC Worker Total (ms):  17.0]
      [GC Worker End (ms):  12916025.9]
   [Code Root Fixup: 0.0 ms]
   [Code Root Purge: 0.0 ms]
   [Clear CT: 0.0 ms]
   [Other: 0.3 ms]
      [Choose CSet: 0.0 ms]
      [Ref Proc: 0.0 ms]
      [Ref Enq: 0.0 ms]
      [Redirty Cards: 0.0 ms]
      [Humongous Register: 0.0 ms]
      [Humongous Reclaim: 0.0 ms]
      [Free CSet: 0.0 ms]
   [Eden: 46.0M(46.0M)->0.0B(47.0M) Survivors: 5120.0K->4096.0K Heap: 279.5M(1024.0M)->233.6M(1024.0M)]
 [Times: user=0.02 sys=0.00, real=0.02 secs] 
2016-12-19T21:25:09.546+0100: 12944.016: [GC pause (G1 Evacuation Pause) (young), 0.0180244 secs]
   [Parallel Time: 17.6 ms, GC Workers: 1]
      [GC Worker Start (ms):  12944016.4]
      [Ext Root Scanning (ms):  0.9]
      [Update RS (ms):  2.9]
         [Processed Buffers:  37]
      [Scan RS (ms):  3.4]
      [Code Root Scanning (ms):  0.0]
      [Object Copy (ms):  10.4]
      [Termination (ms):  0.0]
         [Termination Attempts:  1]
      [GC Worker Other (ms):  0.0]
      [GC Worker Total (ms):  17.5]
      [GC Worker End (ms):  12944033.9]
   [Code Root Fixup: 0.0 ms]
   [Code Root Purge: 0.0 ms]
   [Clear CT: 0.0 ms]
   [Other: 0.3 ms]
      [Choose CSet: 0.0 ms]
      [Ref Proc: 0.0 ms]
      [Ref Enq: 0.0 ms]
      [Redirty Cards: 0.0 ms]
      [Humongous Register: 0.0 ms]
      [Humongous Reclaim: 0.0 ms]
      [Free CSet: 0.1 ms]
   [Eden: 47.0M(47.0M)->0.0B(46.0M) Survivors: 4096.0K->5120.0K Heap: 280.6M(1024.0M)->235.1M(1024.0M)]
 [Times: user=0.02 sys=0.00, real=0.02 secs] 
2016-12-19T21:25:37.340+0100: 12971.810: [GC pause (G1 Evacuation Pause) (young), 0.0183535 secs]
   [Parallel Time: 17.9 ms, GC Workers: 1]
      [GC Worker Start (ms):  12971810.6]
      [Ext Root Scanning (ms):  1.0]
      [Update RS (ms):  3.6]
         [Processed Buffers:  32]
      [Scan RS (ms):  2.6]
      [Code Root Scanning (ms):  0.0]
      [Object Copy (ms):  10.6]
      [Termination (ms):  0.0]
         [Termination Attempts:  1]
      [GC Worker Other (ms):  0.0]
      [GC Worker Total (ms):  17.8]
      [GC Worker End (ms):  12971828.4]
   [Code Root Fixup: 0.0 ms]
   [Code Root Purge: 0.0 ms]
   [Clear CT: 0.0 ms]
   [Other: 0.4 ms]
      [Choose CSet: 0.0 ms]
      [Ref Proc: 0.0 ms]
      [Ref Enq: 0.0 ms]
      [Redirty Cards: 0.0 ms]
      [Humongous Register: 0.1 ms]
      [Humongous Reclaim: 0.0 ms]
      [Free CSet: 0.0 ms]
   [Eden: 46.0M(46.0M)->0.0B(50.0M) Survivors: 5120.0K->5120.0K Heap: 281.1M(1024.0M)->235.8M(1024.0M)]
 [Times: user=0.02 sys=0.00, real=0.02 secs] 
2016-12-19T21:26:05.477+0100: 12999.948: [GC pause (G1 Evacuation Pause) (young), 0.0231989 secs]
   [Parallel Time: 22.7 ms, GC Workers: 1]
      [GC Worker Start (ms):  12999948.1]
      [Ext Root Scanning (ms):  1.4]
      [Update RS (ms):  3.6]
         [Processed Buffers:  37]
      [Scan RS (ms):  4.8]
      [Code Root Scanning (ms):  0.0]
      [Object Copy (ms):  12.8]
      [Termination (ms):  0.0]
         [Termination Attempts:  1]
      [GC Worker Other (ms):  0.0]
      [GC Worker Total (ms):  22.7]
      [GC Worker End (ms):  12999970.8]
   [Code Root Fixup: 0.0 ms]
   [Code Root Purge: 0.0 ms]
   [Clear CT: 0.0 ms]
   [Other: 0.4 ms]
      [Choose CSet: 0.0 ms]
      [Ref Proc: 0.0 ms]
      [Ref Enq: 0.0 ms]
      [Redirty Cards: 0.0 ms]
      [Humongous Register: 0.1 ms]
      [Humongous Reclaim: 0.0 ms]
      [Free CSet: 0.1 ms]
   [Eden: 50.0M(50.0M)->0.0B(47.0M) Survivors: 5120.0K->4096.0K Heap: 285.8M(1024.0M)->235.8M(1024.0M)]
 [Times: user=0.02 sys=0.00, real=0.02 secs] 
2016-12-19T21:26:33.878+0100: 13028.349: [GC pause (G1 Evacuation Pause) (young), 0.0182082 secs]
   [Parallel Time: 17.6 ms, GC Workers: 1]
      [GC Worker Start (ms):  13028349.1]
      [Ext Root Scanning (ms):  1.2]
      [Update RS (ms):  2.3]
         [Processed Buffers:  32]
      [Scan RS (ms):  2.6]
      [Code Root Scanning (ms):  0.0]
      [Object Copy (ms):  11.4]
      [Termination (ms):  0.0]
         [Termination Attempts:  1]
      [GC Worker Other (ms):  0.0]
      [GC Worker Total (ms):  17.5]
      [GC Worker End (ms):  13028366.6]
   [Code Root Fixup: 0.0 ms]
   [Code Root Purge: 0.0 ms]
   [Clear CT: 0.0 ms]
   [Other: 0.5 ms]
      [Choose CSet: 0.0 ms]
      [Ref Proc: 0.0 ms]
      [Ref Enq: 0.0 ms]
      [Redirty Cards: 0.0 ms]
      [Humongous Register: 0.1 ms]
      [Humongous Reclaim: 0.0 ms]
      [Free CSet: 0.0 ms]
   [Eden: 47.0M(47.0M)->0.0B(45.0M) Survivors: 4096.0K->6144.0K Heap: 282.8M(1024.0M)->237.3M(1024.0M)]
 [Times: user=0.01 sys=0.01, real=0.02 secs] 
2016-12-19T21:27:01.306+0100: 13055.776: [GC pause (G1 Evacuation Pause) (young), 0.0217314 secs]
   [Parallel Time: 21.2 ms, GC Workers: 1]
      [GC Worker Start (ms):  13055776.5]
      [Ext Root Scanning (ms):  1.0]
      [Update RS (ms):  4.3]
         [Processed Buffers:  33]
      [Scan RS (ms):  3.8]
      [Code Root Scanning (ms):  0.0]
      [Object Copy (ms):  12.0]
      [Termination (ms):  0.0]
         [Termination Attempts:  1]
      [GC Worker Other (ms):  0.0]
      [GC Worker Total (ms):  21.2]
      [GC Worker End (ms):  13055797.6]
   [Code Root Fixup: 0.0 ms]
   [Code Root Purge: 0.0 ms]
   [Clear CT: 0.0 ms]
   [Other: 0.4 ms]
      [Choose CSet: 0.0 ms]
      [Ref Proc: 0.0 ms]
      [Ref Enq: 0.0 ms]
      [Redirty Cards: 0.1 ms]
      [Humongous Register: 0.1 ms]
      [Humongous Reclaim: 0.0 ms]
      [Free CSet: 0.0 ms]
   [Eden: 45.0M(45.0M)->0.0B(47.0M) Survivors: 6144.0K->4096.0K Heap: 282.3M(1024.0M)->237.8M(1024.0M)]
 [Times: user=0.02 sys=0.00, real=0.02 secs] 
2016-12-19T21:27:30.568+0100: 13085.039: [GC pause (G1 Evacuation Pause) (young), 0.0187316 secs]
   [Parallel Time: 18.3 ms, GC Workers: 1]
      [GC Worker Start (ms):  13085039.2]
      [Ext Root Scanning (ms):  1.2]
      [Update RS (ms):  4.4]
         [Processed Buffers:  38]
      [Scan RS (ms):  4.1]
      [Code Root Scanning (ms):  0.0]
      [Object Copy (ms):  8.5]
      [Termination (ms):  0.0]
         [Termination Attempts:  1]
      [GC Worker Other (ms):  0.0]
      [GC Worker Total (ms):  18.3]
      [GC Worker End (ms):  13085057.4]
   [Code Root Fixup: 0.1 ms]
   [Code Root Purge: 0.0 ms]
   [Clear CT: 0.0 ms]
   [Other: 0.4 ms]
      [Choose CSet: 0.0 ms]
      [Ref Proc: 0.0 ms]
      [Ref Enq: 0.0 ms]
      [Redirty Cards: 0.0 ms]
      [Humongous Register: 0.0 ms]
      [Humongous Reclaim: 0.0 ms]
      [Free CSet: 0.1 ms]
   [Eden: 47.0M(47.0M)->0.0B(47.0M) Survivors: 4096.0K->4096.0K Heap: 284.8M(1024.0M)->237.8M(1024.0M)]
 [Times: user=0.02 sys=0.00, real=0.02 secs] 
2016-12-19T21:28:01.818+0100: 13116.288: [GC pause (G1 Evacuation Pause) (young), 0.0203559 secs]
   [Parallel Time: 19.9 ms, GC Workers: 1]
      [GC Worker Start (ms):  13116288.4]
      [Ext Root Scanning (ms):  1.4]
      [Update RS (ms):  4.2]
         [Processed Buffers:  31]
      [Scan RS (ms):  2.7]
      [Code Root Scanning (ms):  0.0]
      [Object Copy (ms):  11.6]
      [Termination (ms):  0.0]
         [Termination Attempts:  1]
      [GC Worker Other (ms):  0.0]
      [GC Worker Total (ms):  19.8]
      [GC Worker End (ms):  13116308.3]
   [Code Root Fixup: 0.0 ms]
   [Code Root Purge: 0.0 ms]
   [Clear CT: 0.0 ms]
   [Other: 0.4 ms]
      [Choose CSet: 0.0 ms]
      [Ref Proc: 0.0 ms]
      [Ref Enq: 0.0 ms]
      [Redirty Cards: 0.0 ms]
      [Humongous Register: 0.0 ms]
      [Humongous Reclaim: 0.0 ms]
      [Free CSet: 0.1 ms]
   [Eden: 47.0M(47.0M)->0.0B(45.0M) Survivors: 4096.0K->6144.0K Heap: 284.8M(1024.0M)->239.3M(1024.0M)]
 [Times: user=0.02 sys=0.00, real=0.02 secs] 
2016-12-19T21:28:31.827+0100: 13146.297: [GC pause (G1 Evacuation Pause) (young), 0.0246186 secs]
   [Parallel Time: 24.1 ms, GC Workers: 1]
      [GC Worker Start (ms):  13146297.3]
      [Ext Root Scanning (ms):  1.0]
      [Update RS (ms):  3.0]
         [Processed Buffers:  35]
      [Scan RS (ms):  4.9]
      [Code Root Scanning (ms):  0.0]
      [Object Copy (ms):  15.2]
      [Termination (ms):  0.0]
         [Termination Attempts:  1]
      [GC Worker Other (ms):  0.0]
      [GC Worker Total (ms):  24.0]
      [GC Worker End (ms):  13146321.4]
   [Code Root Fixup: 0.0 ms]
   [Code Root Purge: 0.0 ms]
   [Clear CT: 0.0 ms]
   [Other: 0.5 ms]
      [Choose CSet: 0.0 ms]
      [Ref Proc: 0.0 ms]
      [Ref Enq: 0.0 ms]
      [Redirty Cards: 0.0 ms]
      [Humongous Register: 0.0 ms]
      [Humongous Reclaim: 0.0 ms]
      [Free CSet: 0.1 ms]
   [Eden: 45.0M(45.0M)->0.0B(46.0M) Survivors: 6144.0K->5120.0K Heap: 284.3M(1024.0M)->240.3M(1024.0M)]
 [Times: user=0.03 sys=0.00, real=0.03 secs] 
2016-12-19T21:29:00.037+0100: 13174.508: [GC pause (G1 Evacuation Pause) (young), 0.0285381 secs]
   [Parallel Time: 27.6 ms, GC Workers: 1]
      [GC Worker Start (ms):  13174508.1]
      [Ext Root Scanning (ms):  0.9]
      [Update RS (ms):  2.5]
         [Processed Buffers:  33]
      [Scan RS (ms):  5.0]
      [Code Root Scanning (ms):  0.0]
      [Object Copy (ms):  19.1]
      [Termination (ms):  0.0]
         [Termination Attempts:  1]
      [GC Worker Other (ms):  0.0]
      [GC Worker Total (ms):  27.6]
      [GC Worker End (ms):  13174535.6]
   [Code Root Fixup: 0.1 ms]
   [Code Root Purge: 0.0 ms]
   [Clear CT: 0.4 ms]
   [Other: 0.4 ms]
      [Choose CSet: 0.0 ms]
      [Ref Proc: 0.0 ms]
      [Ref Enq: 0.0 ms]
      [Redirty Cards: 0.0 ms]
      [Humongous Register: 0.1 ms]
      [Humongous Reclaim: 0.0 ms]
      [Free CSet: 0.1 ms]
   [Eden: 46.0M(46.0M)->0.0B(46.0M) Survivors: 5120.0K->5120.0K Heap: 286.3M(1024.0M)->242.0M(1024.0M)]
 [Times: user=0.03 sys=0.00, real=0.03 secs] 
2016-12-19T21:29:27.366+0100: 13201.836: [GC pause (G1 Evacuation Pause) (young), 0.0213044 secs]
   [Parallel Time: 20.9 ms, GC Workers: 1]
      [GC Worker Start (ms):  13201836.4]
      [Ext Root Scanning (ms):  2.5]
      [Update RS (ms):  2.4]
         [Processed Buffers:  32]
      [Scan RS (ms):  4.5]
      [Code Root Scanning (ms):  0.0]
      [Object Copy (ms):  11.4]
      [Termination (ms):  0.0]
         [Termination Attempts:  1]
      [GC Worker Other (ms):  0.0]
      [GC Worker Total (ms):  20.8]
      [GC Worker End (ms):  13201857.2]
   [Code Root Fixup: 0.0 ms]
   [Code Root Purge: 0.0 ms]
   [Clear CT: 0.0 ms]
   [Other: 0.4 ms]
      [Choose CSet: 0.0 ms]
      [Ref Proc: 0.0 ms]
      [Ref Enq: 0.0 ms]
      [Redirty Cards: 0.0 ms]
      [Humongous Register: 0.0 ms]
      [Humongous Reclaim: 0.0 ms]
      [Free CSet: 0.1 ms]
   [Eden: 46.0M(46.0M)->0.0B(47.0M) Survivors: 5120.0K->4096.0K Heap: 288.0M(1024.0M)->242.5M(1024.0M)]
 [Times: user=0.01 sys=0.01, real=0.02 secs] 
2016-12-19T21:29:56.177+0100: 13230.647: [GC pause (G1 Evacuation Pause) (young), 0.0228640 secs]
   [Parallel Time: 22.3 ms, GC Workers: 1]
      [GC Worker Start (ms):  13230647.5]
      [Ext Root Scanning (ms):  1.2]
      [Update RS (ms):  5.8]
         [Processed Buffers:  34]
      [Scan RS (ms):  4.3]
      [Code Root Scanning (ms):  0.0]
      [Object Copy (ms):  10.8]
      [Termination (ms):  0.0]
         [Termination Attempts:  1]
      [GC Worker Other (ms):  0.0]
      [GC Worker Total (ms):  22.2]
      [GC Worker End (ms):  13230669.7]
   [Code Root Fixup: 0.0 ms]
   [Code Root Purge: 0.0 ms]
   [Clear CT: 0.1 ms]
   [Other: 0.5 ms]
      [Choose CSet: 0.0 ms]
      [Ref Proc: 0.1 ms]
      [Ref Enq: 0.0 ms]
      [Redirty Cards: 0.0 ms]
      [Humongous Register: 0.1 ms]
      [Humongous Reclaim: 0.0 ms]
      [Free CSet: 0.1 ms]
   [Eden: 47.0M(47.0M)->0.0B(47.0M) Survivors: 4096.0K->4096.0K Heap: 289.5M(1024.0M)->242.5M(1024.0M)]
 [Times: user=0.02 sys=0.00, real=0.02 secs] 
2016-12-19T21:30:24.494+0100: 13258.965: [GC pause (G1 Evacuation Pause) (young), 0.0299624 secs]
   [Parallel Time: 29.5 ms, GC Workers: 1]
      [GC Worker Start (ms):  13258964.8]
      [Ext Root Scanning (ms):  1.6]
      [Update RS (ms):  8.2]
         [Processed Buffers:  33]
      [Scan RS (ms):  5.1]
      [Code Root Scanning (ms):  0.0]
      [Object Copy (ms):  14.5]
      [Termination (ms):  0.0]
         [Termination Attempts:  1]
      [GC Worker Other (ms):  0.0]
      [GC Worker Total (ms):  29.4]
      [GC Worker End (ms):  13258994.2]
   [Code Root Fixup: 0.0 ms]
   [Code Root Purge: 0.0 ms]
   [Clear CT: 0.0 ms]
   [Other: 0.4 ms]
      [Choose CSet: 0.0 ms]
      [Ref Proc: 0.0 ms]
      [Ref Enq: 0.0 ms]
      [Redirty Cards: 0.0 ms]
      [Humongous Register: 0.1 ms]
      [Humongous Reclaim: 0.0 ms]
      [Free CSet: 0.0 ms]
   [Eden: 47.0M(47.0M)->0.0B(45.0M) Survivors: 4096.0K->6144.0K Heap: 289.5M(1024.0M)->244.0M(1024.0M)]
 [Times: user=0.02 sys=0.00, real=0.03 secs] 
2016-12-19T21:30:51.756+0100: 13286.227: [GC pause (G1 Evacuation Pause) (young), 0.0360489 secs]
   [Parallel Time: 35.0 ms, GC Workers: 1]
      [GC Worker Start (ms):  13286226.9]
      [Ext Root Scanning (ms):  1.4]
      [Update RS (ms):  6.1]
         [Processed Buffers:  34]
      [Scan RS (ms):  6.3]
      [Code Root Scanning (ms):  0.0]
      [Object Copy (ms):  21.2]
      [Termination (ms):  0.0]
         [Termination Attempts:  1]
      [GC Worker Other (ms):  0.0]
      [GC Worker Total (ms):  35.0]
      [GC Worker End (ms):  13286261.9]
   [Code Root Fixup: 0.1 ms]
   [Code Root Purge: 0.0 ms]
   [Clear CT: 0.0 ms]
   [Other: 0.9 ms]
      [Choose CSet: 0.0 ms]
      [Ref Proc: 0.0 ms]
      [Ref Enq: 0.0 ms]
      [Redirty Cards: 0.0 ms]
      [Humongous Register: 0.1 ms]
      [Humongous Reclaim: 0.0 ms]
      [Free CSet: 0.0 ms]
   [Eden: 45.0M(45.0M)->0.0B(46.0M) Survivors: 6144.0K->5120.0K Heap: 289.0M(1024.0M)->244.1M(1024.0M)]
 [Times: user=0.03 sys=0.00, real=0.04 secs] 
2016-12-19T21:31:18.995+0100: 13313.466: [GC pause (G1 Evacuation Pause) (young), 0.0210358 secs]
   [Parallel Time: 20.6 ms, GC Workers: 1]
      [GC Worker Start (ms):  13313465.7]
      [Ext Root Scanning (ms):  1.1]
      [Update RS (ms):  2.7]
         [Processed Buffers:  34]
      [Scan RS (ms):  3.2]
      [Code Root Scanning (ms):  0.0]
      [Object Copy (ms):  13.5]
      [Termination (ms):  0.0]
         [Termination Attempts:  1]
      [GC Worker Other (ms):  0.0]
      [GC Worker Total (ms):  20.5]
      [GC Worker End (ms):  13313486.3]
   [Code Root Fixup: 0.1 ms]
   [Code Root Purge: 0.0 ms]
   [Clear CT: 0.0 ms]
   [Other: 0.4 ms]
      [Choose CSet: 0.0 ms]
      [Ref Proc: 0.0 ms]
      [Ref Enq: 0.0 ms]
      [Redirty Cards: 0.0 ms]
      [Humongous Register: 0.1 ms]
      [Humongous Reclaim: 0.0 ms]
      [Free CSet: 0.0 ms]
   [Eden: 46.0M(46.0M)->0.0B(46.0M) Survivors: 5120.0K->5120.0K Heap: 290.1M(1024.0M)->246.0M(1024.0M)]
 [Times: user=0.02 sys=0.00, real=0.02 secs] 
2016-12-19T21:31:48.349+0100: 13342.820: [GC pause (G1 Evacuation Pause) (young), 0.0211359 secs]
   [Parallel Time: 20.7 ms, GC Workers: 1]
      [GC Worker Start (ms):  13342820.1]
      [Ext Root Scanning (ms):  2.1]
      [Update RS (ms):  3.0]
         [Processed Buffers:  33]
      [Scan RS (ms):  3.1]
      [Code Root Scanning (ms):  0.0]
      [Object Copy (ms):  12.5]
      [Termination (ms):  0.0]
         [Termination Attempts:  1]
      [GC Worker Other (ms):  0.0]
      [GC Worker Total (ms):  20.7]
      [GC Worker End (ms):  13342840.8]
   [Code Root Fixup: 0.0 ms]
   [Code Root Purge: 0.0 ms]
   [Clear CT: 0.0 ms]
   [Other: 0.4 ms]
      [Choose CSet: 0.0 ms]
      [Ref Proc: 0.0 ms]
      [Ref Enq: 0.0 ms]
      [Redirty Cards: 0.0 ms]
      [Humongous Register: 0.0 ms]
      [Humongous Reclaim: 0.0 ms]
      [Free CSet: 0.0 ms]
   [Eden: 46.0M(46.0M)->0.0B(47.0M) Survivors: 5120.0K->4096.0K Heap: 292.0M(1024.0M)->246.5M(1024.0M)]
 [Times: user=0.02 sys=0.00, real=0.02 secs] 
2016-12-19T21:32:18.735+0100: 13373.206: [GC pause (G1 Evacuation Pause) (young), 0.0159959 secs]
   [Parallel Time: 15.5 ms, GC Workers: 1]
      [GC Worker Start (ms):  13373206.0]
      [Ext Root Scanning (ms):  1.3]
      [Update RS (ms):  2.0]
         [Processed Buffers:  33]
      [Scan RS (ms):  3.2]
      [Code Root Scanning (ms):  0.0]
      [Object Copy (ms):  8.9]
      [Termination (ms):  0.0]
         [Termination Attempts:  1]
      [GC Worker Other (ms):  0.0]
      [GC Worker Total (ms):  15.4]
      [GC Worker End (ms):  13373221.5]
   [Code Root Fixup: 0.1 ms]
   [Code Root Purge: 0.0 ms]
   [Clear CT: 0.0 ms]
   [Other: 0.4 ms]
      [Choose CSet: 0.0 ms]
      [Ref Proc: 0.1 ms]
      [Ref Enq: 0.0 ms]
      [Redirty Cards: 0.0 ms]
      [Humongous Register: 0.1 ms]
      [Humongous Reclaim: 0.0 ms]
      [Free CSet: 0.1 ms]
   [Eden: 47.0M(47.0M)->0.0B(47.0M) Survivors: 4096.0K->4096.0K Heap: 293.5M(1024.0M)->246.5M(1024.0M)]
 [Times: user=0.02 sys=0.00, real=0.02 secs] 
2016-12-19T21:32:48.323+0100: 13402.794: [GC pause (G1 Evacuation Pause) (young), 0.0186742 secs]
   [Parallel Time: 18.3 ms, GC Workers: 1]
      [GC Worker Start (ms):  13402794.0]
      [Ext Root Scanning (ms):  1.2]
      [Update RS (ms):  2.3]
         [Processed Buffers:  32]
      [Scan RS (ms):  2.9]
      [Code Root Scanning (ms):  0.0]
      [Object Copy (ms):  11.8]
      [Termination (ms):  0.0]
         [Termination Attempts:  1]
      [GC Worker Other (ms):  0.0]
      [GC Worker Total (ms):  18.2]
      [GC Worker End (ms):  13402812.2]
   [Code Root Fixup: 0.0 ms]
   [Code Root Purge: 0.0 ms]
   [Clear CT: 0.0 ms]
   [Other: 0.3 ms]
      [Choose CSet: 0.0 ms]
      [Ref Proc: 0.0 ms]
      [Ref Enq: 0.0 ms]
      [Redirty Cards: 0.0 ms]
      [Humongous Register: 0.0 ms]
      [Humongous Reclaim: 0.0 ms]
      [Free CSet: 0.0 ms]
   [Eden: 47.0M(47.0M)->0.0B(45.0M) Survivors: 4096.0K->6144.0K Heap: 293.5M(1024.0M)->248.0M(1024.0M)]
 [Times: user=0.02 sys=0.00, real=0.01 secs] 
2016-12-19T21:33:15.439+0100: 13429.910: [GC pause (G1 Evacuation Pause) (young), 0.0179869 secs]
   [Parallel Time: 17.6 ms, GC Workers: 1]
      [GC Worker Start (ms):  13429909.8]
      [Ext Root Scanning (ms):  1.0]
      [Update RS (ms):  2.0]
         [Processed Buffers:  33]
      [Scan RS (ms):  2.9]
      [Code Root Scanning (ms):  0.0]
      [Object Copy (ms):  11.7]
      [Termination (ms):  0.0]
         [Termination Attempts:  1]
      [GC Worker Other (ms):  0.0]
      [GC Worker Total (ms):  17.6]
      [GC Worker End (ms):  13429927.4]
   [Code Root Fixup: 0.0 ms]
   [Code Root Purge: 0.0 ms]
   [Clear CT: 0.0 ms]
   [Other: 0.3 ms]
      [Choose CSet: 0.0 ms]
      [Ref Proc: 0.0 ms]
      [Ref Enq: 0.0 ms]
      [Redirty Cards: 0.0 ms]
      [Humongous Register: 0.0 ms]
      [Humongous Reclaim: 0.0 ms]
      [Free CSet: 0.0 ms]
   [Eden: 45.0M(45.0M)->0.0B(46.0M) Survivors: 6144.0K->5120.0K Heap: 293.0M(1024.0M)->248.3M(1024.0M)]
 [Times: user=0.02 sys=0.00, real=0.02 secs] 
2016-12-19T21:33:44.977+0100: 13459.448: [GC pause (G1 Evacuation Pause) (young), 0.0237300 secs]
   [Parallel Time: 23.3 ms, GC Workers: 1]
      [GC Worker Start (ms):  13459448.1]
      [Ext Root Scanning (ms):  1.3]
      [Update RS (ms):  2.9]
         [Processed Buffers:  34]
      [Scan RS (ms):  3.0]
      [Code Root Scanning (ms):  0.0]
      [Object Copy (ms):  16.0]
      [Termination (ms):  0.0]
         [Termination Attempts:  1]
      [GC Worker Other (ms):  0.0]
      [GC Worker Total (ms):  23.2]
      [GC Worker End (ms):  13459471.3]
   [Code Root Fixup: 0.0 ms]
   [Code Root Purge: 0.0 ms]
   [Clear CT: 0.0 ms]
   [Other: 0.4 ms]
      [Choose CSet: 0.0 ms]
      [Ref Proc: 0.0 ms]
      [Ref Enq: 0.0 ms]
      [Redirty Cards: 0.0 ms]
      [Humongous Register: 0.1 ms]
      [Humongous Reclaim: 0.0 ms]
      [Free CSet: 0.0 ms]
   [Eden: 46.0M(46.0M)->0.0B(46.0M) Survivors: 5120.0K->5120.0K Heap: 294.3M(1024.0M)->250.0M(1024.0M)]
 [Times: user=0.02 sys=0.00, real=0.02 secs] 
2016-12-19T21:34:13.054+0100: 13487.525: [GC pause (G1 Evacuation Pause) (young), 0.0177965 secs]
   [Parallel Time: 17.4 ms, GC Workers: 1]
      [GC Worker Start (ms):  13487524.8]
      [Ext Root Scanning (ms):  0.8]
      [Update RS (ms):  2.1]
         [Processed Buffers:  33]
      [Scan RS (ms):  3.1]
      [Code Root Scanning (ms):  0.0]
      [Object Copy (ms):  11.3]
      [Termination (ms):  0.0]
         [Termination Attempts:  1]
      [GC Worker Other (ms):  0.0]
      [GC Worker Total (ms):  17.4]
      [GC Worker End (ms):  13487542.2]
   [Code Root Fixup: 0.0 ms]
   [Code Root Purge: 0.0 ms]
   [Clear CT: 0.0 ms]
   [Other: 0.3 ms]
      [Choose CSet: 0.0 ms]
      [Ref Proc: 0.0 ms]
      [Ref Enq: 0.0 ms]
      [Redirty Cards: 0.0 ms]
      [Humongous Register: 0.0 ms]
      [Humongous Reclaim: 0.0 ms]
      [Free CSet: 0.0 ms]
   [Eden: 46.0M(46.0M)->0.0B(47.0M) Survivors: 5120.0K->4096.0K Heap: 296.0M(1024.0M)->250.5M(1024.0M)]
 [Times: user=0.02 sys=0.00, real=0.02 secs] 
2016-12-19T21:34:45.902+0100: 13520.373: [GC pause (G1 Evacuation Pause) (young), 0.0231125 secs]
   [Parallel Time: 22.5 ms, GC Workers: 1]
      [GC Worker Start (ms):  13520373.2]
      [Ext Root Scanning (ms):  1.3]
      [Update RS (ms):  7.5]
         [Processed Buffers:  33]
      [Scan RS (ms):  3.9]
      [Code Root Scanning (ms):  0.0]
      [Object Copy (ms):  9.8]
      [Termination (ms):  0.0]
         [Termination Attempts:  1]
      [GC Worker Other (ms):  0.0]
      [GC Worker Total (ms):  22.5]
      [GC Worker End (ms):  13520395.7]
   [Code Root Fixup: 0.0 ms]
   [Code Root Purge: 0.0 ms]
   [Clear CT: 0.0 ms]
   [Other: 0.5 ms]
      [Choose CSet: 0.0 ms]
      [Ref Proc: 0.0 ms]
      [Ref Enq: 0.0 ms]
      [Redirty Cards: 0.0 ms]
      [Humongous Register: 0.2 ms]
      [Humongous Reclaim: 0.0 ms]
      [Free CSet: 0.1 ms]
   [Eden: 47.0M(47.0M)->0.0B(47.0M) Survivors: 4096.0K->4096.0K Heap: 297.5M(1024.0M)->250.5M(1024.0M)]
 [Times: user=0.02 sys=0.00, real=0.03 secs] 
2016-12-19T21:35:16.546+0100: 13551.017: [GC pause (G1 Evacuation Pause) (young), 0.0222824 secs]
   [Parallel Time: 20.7 ms, GC Workers: 1]
      [GC Worker Start (ms):  13551017.8]
      [Ext Root Scanning (ms):  1.3]
      [Update RS (ms):  3.9]
         [Processed Buffers:  32]
      [Scan RS (ms):  3.0]
      [Code Root Scanning (ms):  0.0]
      [Object Copy (ms):  12.5]
      [Termination (ms):  0.0]
         [Termination Attempts:  1]
      [GC Worker Other (ms):  0.0]
      [GC Worker Total (ms):  20.7]
      [GC Worker End (ms):  13551038.5]
   [Code Root Fixup: 0.0 ms]
   [Code Root Purge: 0.0 ms]
   [Clear CT: 0.0 ms]
   [Other: 1.5 ms]
      [Choose CSet: 0.0 ms]
      [Ref Proc: 0.0 ms]
      [Ref Enq: 0.0 ms]
      [Redirty Cards: 0.0 ms]
      [Humongous Register: 0.1 ms]
      [Humongous Reclaim: 0.0 ms]
      [Free CSet: 0.0 ms]
   [Eden: 47.0M(47.0M)->0.0B(45.0M) Survivors: 4096.0K->6144.0K Heap: 297.5M(1024.0M)->252.0M(1024.0M)]
 [Times: user=0.02 sys=0.00, real=0.02 secs] 
2016-12-19T21:35:45.087+0100: 13579.557: [GC pause (G1 Evacuation Pause) (young), 0.0195547 secs]
   [Parallel Time: 19.1 ms, GC Workers: 1]
      [GC Worker Start (ms):  13579557.6]
      [Ext Root Scanning (ms):  1.1]
      [Update RS (ms):  2.1]
         [Processed Buffers:  34]
      [Scan RS (ms):  3.0]
      [Code Root Scanning (ms):  0.0]
      [Object Copy (ms):  12.8]
      [Termination (ms):  0.0]
         [Termination Attempts:  1]
      [GC Worker Other (ms):  0.0]
      [GC Worker Total (ms):  19.0]
      [GC Worker End (ms):  13579576.6]
   [Code Root Fixup: 0.0 ms]
   [Code Root Purge: 0.0 ms]
   [Clear CT: 0.0 ms]
   [Other: 0.4 ms]
      [Choose CSet: 0.0 ms]
      [Ref Proc: 0.0 ms]
      [Ref Enq: 0.0 ms]
      [Redirty Cards: 0.0 ms]
      [Humongous Register: 0.0 ms]
      [Humongous Reclaim: 0.0 ms]
      [Free CSet: 0.0 ms]
   [Eden: 45.0M(45.0M)->0.0B(47.0M) Survivors: 6144.0K->4096.0K Heap: 297.0M(1024.0M)->252.6M(1024.0M)]
 [Times: user=0.02 sys=0.00, real=0.02 secs] 
2016-12-19T21:36:18.276+0100: 13612.746: [GC pause (G1 Evacuation Pause) (young), 0.0243879 secs]
   [Parallel Time: 23.5 ms, GC Workers: 1]
      [GC Worker Start (ms):  13612746.5]
      [Ext Root Scanning (ms):  3.7]
      [Update RS (ms):  4.4]
         [Processed Buffers:  35]
      [Scan RS (ms):  4.0]
      [Code Root Scanning (ms):  0.0]
      [Object Copy (ms):  11.4]
      [Termination (ms):  0.0]
         [Termination Attempts:  1]
      [GC Worker Other (ms):  0.0]
      [GC Worker Total (ms):  23.5]
      [GC Worker End (ms):  13612770.0]
   [Code Root Fixup: 0.1 ms]
   [Code Root Purge: 0.0 ms]
   [Clear CT: 0.0 ms]
   [Other: 0.7 ms]
      [Choose CSet: 0.0 ms]
      [Ref Proc: 0.1 ms]
      [Ref Enq: 0.0 ms]
      [Redirty Cards: 0.0 ms]
      [Humongous Register: 0.1 ms]
      [Humongous Reclaim: 0.0 ms]
      [Free CSet: 0.1 ms]
   [Eden: 47.0M(47.0M)->0.0B(46.0M) Survivors: 4096.0K->5120.0K Heap: 299.6M(1024.0M)->253.6M(1024.0M)]
 [Times: user=0.02 sys=0.00, real=0.02 secs] 
2016-12-19T21:36:49.105+0100: 13643.575: [GC pause (G1 Evacuation Pause) (young), 0.0212487 secs]
   [Parallel Time: 20.8 ms, GC Workers: 1]
      [GC Worker Start (ms):  13643575.5]
      [Ext Root Scanning (ms):  1.2]
      [Update RS (ms):  4.4]
         [Processed Buffers:  32]
      [Scan RS (ms):  2.9]
      [Code Root Scanning (ms):  0.0]
      [Object Copy (ms):  12.2]
      [Termination (ms):  0.0]
         [Termination Attempts:  1]
      [GC Worker Other (ms):  0.0]
      [GC Worker Total (ms):  20.7]
      [GC Worker End (ms):  13643596.3]
   [Code Root Fixup: 0.0 ms]
   [Code Root Purge: 0.0 ms]
   [Clear CT: 0.0 ms]
   [Other: 0.4 ms]
      [Choose CSet: 0.0 ms]
      [Ref Proc: 0.0 ms]
      [Ref Enq: 0.0 ms]
      [Redirty Cards: 0.0 ms]
      [Humongous Register: 0.1 ms]
      [Humongous Reclaim: 0.0 ms]
      [Free CSet: 0.0 ms]
   [Eden: 46.0M(46.0M)->0.0B(47.0M) Survivors: 5120.0K->4096.0K Heap: 299.6M(1024.0M)->254.4M(1024.0M)]
 [Times: user=0.02 sys=0.01, real=0.02 secs] 
2016-12-19T21:37:17.295+0100: 13671.766: [GC pause (G1 Evacuation Pause) (young), 0.0204967 secs]
   [Parallel Time: 20.0 ms, GC Workers: 1]
      [GC Worker Start (ms):  13671765.9]
      [Ext Root Scanning (ms):  2.2]
      [Update RS (ms):  3.1]
         [Processed Buffers:  32]
      [Scan RS (ms):  3.8]
      [Code Root Scanning (ms):  0.0]
      [Object Copy (ms):  10.7]
      [Termination (ms):  0.0]
         [Termination Attempts:  1]
      [GC Worker Other (ms):  0.0]
      [GC Worker Total (ms):  19.9]
      [GC Worker End (ms):  13671785.8]
   [Code Root Fixup: 0.0 ms]
   [Code Root Purge: 0.0 ms]
   [Clear CT: 0.0 ms]
   [Other: 0.4 ms]
      [Choose CSet: 0.0 ms]
      [Ref Proc: 0.0 ms]
      [Ref Enq: 0.0 ms]
      [Redirty Cards: 0.0 ms]
      [Humongous Register: 0.1 ms]
      [Humongous Reclaim: 0.0 ms]
      [Free CSet: 0.1 ms]
   [Eden: 47.0M(47.0M)->0.0B(46.0M) Survivors: 4096.0K->5120.0K Heap: 301.4M(1024.0M)->254.9M(1024.0M)]
 [Times: user=0.01 sys=0.00, real=0.02 secs] 
2016-12-19T21:37:46.072+0100: 13700.543: [GC pause (G1 Evacuation Pause) (young), 0.0193418 secs]
   [Parallel Time: 18.9 ms, GC Workers: 1]
      [GC Worker Start (ms):  13700542.7]
      [Ext Root Scanning (ms):  1.2]
      [Update RS (ms):  2.7]
         [Processed Buffers:  34]
      [Scan RS (ms):  2.8]
      [Code Root Scanning (ms):  0.0]
      [Object Copy (ms):  12.2]
      [Termination (ms):  0.0]
         [Termination Attempts:  1]
      [GC Worker Other (ms):  0.0]
      [GC Worker Total (ms):  18.9]
      [GC Worker End (ms):  13700561.6]
   [Code Root Fixup: 0.0 ms]
   [Code Root Purge: 0.0 ms]
   [Clear CT: 0.0 ms]
   [Other: 0.4 ms]
      [Choose CSet: 0.0 ms]
      [Ref Proc: 0.0 ms]
      [Ref Enq: 0.0 ms]
      [Redirty Cards: 0.0 ms]
      [Humongous Register: 0.0 ms]
      [Humongous Reclaim: 0.0 ms]
      [Free CSet: 0.0 ms]
   [Eden: 46.0M(46.0M)->0.0B(46.0M) Survivors: 5120.0K->5120.0K Heap: 300.9M(1024.0M)->256.3M(1024.0M)]
 [Times: user=0.02 sys=0.00, real=0.02 secs] 
2016-12-19T21:38:13.801+0100: 13728.272: [GC pause (G1 Evacuation Pause) (young), 0.0178916 secs]
   [Parallel Time: 17.5 ms, GC Workers: 1]
      [GC Worker Start (ms):  13728271.7]
      [Ext Root Scanning (ms):  0.9]
      [Update RS (ms):  2.3]
         [Processed Buffers:  34]
      [Scan RS (ms):  3.2]
      [Code Root Scanning (ms):  0.0]
      [Object Copy (ms):  11.1]
      [Termination (ms):  0.0]
         [Termination Attempts:  1]
      [GC Worker Other (ms):  0.0]
      [GC Worker Total (ms):  17.5]
      [GC Worker End (ms):  13728289.1]
   [Code Root Fixup: 0.0 ms]
   [Code Root Purge: 0.0 ms]
   [Clear CT: 0.0 ms]
   [Other: 0.3 ms]
      [Choose CSet: 0.0 ms]
      [Ref Proc: 0.0 ms]
      [Ref Enq: 0.0 ms]
      [Redirty Cards: 0.0 ms]
      [Humongous Register: 0.0 ms]
      [Humongous Reclaim: 0.0 ms]
      [Free CSet: 0.0 ms]
   [Eden: 46.0M(46.0M)->0.0B(47.0M) Survivors: 5120.0K->4096.0K Heap: 302.3M(1024.0M)->257.0M(1024.0M)]
 [Times: user=0.01 sys=0.00, real=0.02 secs] 
2016-12-19T21:38:41.516+0100: 13755.987: [GC pause (G1 Evacuation Pause) (young), 0.0208907 secs]
   [Parallel Time: 19.3 ms, GC Workers: 1]
      [GC Worker Start (ms):  13755987.9]
      [Ext Root Scanning (ms):  1.3]
      [Update RS (ms):  3.0]
         [Processed Buffers:  33]
      [Scan RS (ms):  3.6]
      [Code Root Scanning (ms):  0.0]
      [Object Copy (ms):  11.3]
      [Termination (ms):  0.0]
         [Termination Attempts:  1]
      [GC Worker Other (ms):  0.0]
      [GC Worker Total (ms):  19.2]
      [GC Worker End (ms):  13756007.2]
   [Code Root Fixup: 0.0 ms]
   [Code Root Purge: 0.0 ms]
   [Clear CT: 0.0 ms]
   [Other: 1.5 ms]
      [Choose CSet: 0.0 ms]
      [Ref Proc: 0.0 ms]
      [Ref Enq: 0.0 ms]
      [Redirty Cards: 0.0 ms]
      [Humongous Register: 0.1 ms]
      [Humongous Reclaim: 0.0 ms]
      [Free CSet: 0.1 ms]
   [Eden: 47.0M(47.0M)->0.0B(46.0M) Survivors: 4096.0K->5120.0K Heap: 304.0M(1024.0M)->258.0M(1024.0M)]
 [Times: user=0.02 sys=0.00, real=0.02 secs] 
2016-12-19T21:39:08.984+0100: 13783.455: [GC pause (G1 Evacuation Pause) (young), 0.0256331 secs]
   [Parallel Time: 25.1 ms, GC Workers: 1]
      [GC Worker Start (ms):  13783454.9]
      [Ext Root Scanning (ms):  1.4]
      [Update RS (ms):  2.6]
         [Processed Buffers:  32]
      [Scan RS (ms):  3.4]
      [Code Root Scanning (ms):  0.0]
      [Object Copy (ms):  17.5]
      [Termination (ms):  0.0]
         [Termination Attempts:  1]
      [GC Worker Other (ms):  0.2]
      [GC Worker Total (ms):  25.1]
      [GC Worker End (ms):  13783480.0]
   [Code Root Fixup: 0.0 ms]
   [Code Root Purge: 0.0 ms]
   [Clear CT: 0.0 ms]
   [Other: 0.4 ms]
      [Choose CSet: 0.0 ms]
      [Ref Proc: 0.0 ms]
      [Ref Enq: 0.0 ms]
      [Redirty Cards: 0.0 ms]
      [Humongous Register: 0.1 ms]
      [Humongous Reclaim: 0.0 ms]
      [Free CSet: 0.0 ms]
   [Eden: 46.0M(46.0M)->0.0B(47.0M) Survivors: 5120.0K->4096.0K Heap: 304.0M(1024.0M)->258.6M(1024.0M)]
 [Times: user=0.01 sys=0.01, real=0.02 secs] 
2016-12-19T21:39:36.946+0100: 13811.417: [GC pause (G1 Evacuation Pause) (young), 0.0189406 secs]
   [Parallel Time: 18.4 ms, GC Workers: 1]
      [GC Worker Start (ms):  13811416.9]
      [Ext Root Scanning (ms):  1.0]
      [Update RS (ms):  2.1]
         [Processed Buffers:  37]
      [Scan RS (ms):  4.0]
      [Code Root Scanning (ms):  0.0]
      [Object Copy (ms):  11.2]
      [Termination (ms):  0.0]
         [Termination Attempts:  1]
      [GC Worker Other (ms):  0.0]
      [GC Worker Total (ms):  18.3]
      [GC Worker End (ms):  13811435.2]
   [Code Root Fixup: 0.0 ms]
   [Code Root Purge: 0.0 ms]
   [Clear CT: 0.1 ms]
   [Other: 0.4 ms]
      [Choose CSet: 0.0 ms]
      [Ref Proc: 0.0 ms]
      [Ref Enq: 0.0 ms]
      [Redirty Cards: 0.0 ms]
      [Humongous Register: 0.0 ms]
      [Humongous Reclaim: 0.0 ms]
      [Free CSet: 0.1 ms]
   [Eden: 47.0M(47.0M)->0.0B(46.0M) Survivors: 4096.0K->5120.0K Heap: 305.6M(1024.0M)->259.1M(1024.0M)]
 [Times: user=0.02 sys=0.00, real=0.02 secs] 
2016-12-19T21:40:04.702+0100: 13839.173: [GC pause (G1 Evacuation Pause) (young), 0.0485475 secs]
   [Parallel Time: 48.1 ms, GC Workers: 1]
      [GC Worker Start (ms):  13839173.0]
      [Ext Root Scanning (ms):  2.6]
      [Update RS (ms):  10.7]
         [Processed Buffers:  33]
      [Scan RS (ms):  4.4]
      [Code Root Scanning (ms):  0.0]
      [Object Copy (ms):  30.2]
      [Termination (ms):  0.0]
         [Termination Attempts:  1]
      [GC Worker Other (ms):  0.0]
      [GC Worker Total (ms):  48.0]
      [GC Worker End (ms):  13839221.1]
   [Code Root Fixup: 0.0 ms]
   [Code Root Purge: 0.0 ms]
   [Clear CT: 0.0 ms]
   [Other: 0.4 ms]
      [Choose CSet: 0.0 ms]
      [Ref Proc: 0.0 ms]
      [Ref Enq: 0.0 ms]
      [Redirty Cards: 0.0 ms]
      [Humongous Register: 0.0 ms]
      [Humongous Reclaim: 0.0 ms]
      [Free CSet: 0.0 ms]
   [Eden: 46.0M(46.0M)->0.0B(46.0M) Survivors: 5120.0K->5120.0K Heap: 305.1M(1024.0M)->260.5M(1024.0M)]
 [Times: user=0.04 sys=0.00, real=0.05 secs] 
2016-12-19T21:40:31.566+0100: 13866.036: [GC pause (G1 Evacuation Pause) (young), 0.0235169 secs]
   [Parallel Time: 23.1 ms, GC Workers: 1]
      [GC Worker Start (ms):  13866036.5]
      [Ext Root Scanning (ms):  1.2]
      [Update RS (ms):  2.3]
         [Processed Buffers:  33]
      [Scan RS (ms):  3.5]
      [Code Root Scanning (ms):  0.0]
      [Object Copy (ms):  16.0]
      [Termination (ms):  0.0]
         [Termination Attempts:  1]
      [GC Worker Other (ms):  0.0]
      [GC Worker Total (ms):  23.1]
      [GC Worker End (ms):  13866059.6]
   [Code Root Fixup: 0.1 ms]
   [Code Root Purge: 0.0 ms]
   [Clear CT: 0.0 ms]
   [Other: 0.3 ms]
      [Choose CSet: 0.0 ms]
      [Ref Proc: 0.0 ms]
      [Ref Enq: 0.0 ms]
      [Redirty Cards: 0.0 ms]
      [Humongous Register: 0.0 ms]
      [Humongous Reclaim: 0.0 ms]
      [Free CSet: 0.0 ms]
   [Eden: 46.0M(46.0M)->0.0B(47.0M) Survivors: 5120.0K->4096.0K Heap: 306.5M(1024.0M)->261.5M(1024.0M)]
 [Times: user=0.02 sys=0.00, real=0.02 secs] 
2016-12-19T21:40:59.967+0100: 13894.438: [GC pause (G1 Evacuation Pause) (young), 0.0169776 secs]
   [Parallel Time: 16.5 ms, GC Workers: 1]
      [GC Worker Start (ms):  13894437.6]
      [Ext Root Scanning (ms):  0.8]
      [Update RS (ms):  2.5]
         [Processed Buffers:  37]
      [Scan RS (ms):  4.0]
      [Code Root Scanning (ms):  0.0]
      [Object Copy (ms):  9.2]
      [Termination (ms):  0.0]
         [Termination Attempts:  1]
      [GC Worker Other (ms):  0.0]
      [GC Worker Total (ms):  16.5]
      [GC Worker End (ms):  13894454.2]
   [Code Root Fixup: 0.0 ms]
   [Code Root Purge: 0.0 ms]
   [Clear CT: 0.0 ms]
   [Other: 0.4 ms]
      [Choose CSet: 0.0 ms]
      [Ref Proc: 0.0 ms]
      [Ref Enq: 0.0 ms]
      [Redirty Cards: 0.0 ms]
      [Humongous Register: 0.1 ms]
      [Humongous Reclaim: 0.0 ms]
      [Free CSet: 0.1 ms]
   [Eden: 47.0M(47.0M)->0.0B(47.0M) Survivors: 4096.0K->4096.0K Heap: 308.5M(1024.0M)->261.5M(1024.0M)]
 [Times: user=0.01 sys=0.00, real=0.01 secs] 
2016-12-19T21:41:28.612+0100: 13923.082: [GC pause (G1 Evacuation Pause) (young), 0.0220599 secs]
   [Parallel Time: 21.6 ms, GC Workers: 1]
      [GC Worker Start (ms):  13923082.5]
      [Ext Root Scanning (ms):  1.0]
      [Update RS (ms):  3.7]
         [Processed Buffers:  33]
      [Scan RS (ms):  3.2]
      [Code Root Scanning (ms):  0.0]
      [Object Copy (ms):  13.7]
      [Termination (ms):  0.0]
         [Termination Attempts:  1]
      [GC Worker Other (ms):  0.0]
      [GC Worker Total (ms):  21.6]
      [GC Worker End (ms):  13923104.1]
   [Code Root Fixup: 0.0 ms]
   [Code Root Purge: 0.0 ms]
   [Clear CT: 0.0 ms]
   [Other: 0.3 ms]
      [Choose CSet: 0.0 ms]
      [Ref Proc: 0.0 ms]
      [Ref Enq: 0.0 ms]
      [Redirty Cards: 0.0 ms]
      [Humongous Register: 0.1 ms]
      [Humongous Reclaim: 0.0 ms]
      [Free CSet: 0.0 ms]
   [Eden: 47.0M(47.0M)->0.0B(45.0M) Survivors: 4096.0K->6144.0K Heap: 308.5M(1024.0M)->263.0M(1024.0M)]
 [Times: user=0.02 sys=0.00, real=0.02 secs] 
2016-12-19T21:41:56.052+0100: 13950.522: [GC pause (G1 Evacuation Pause) (young), 0.0285370 secs]
   [Parallel Time: 28.1 ms, GC Workers: 1]
      [GC Worker Start (ms):  13950522.6]
      [Ext Root Scanning (ms):  1.4]
      [Update RS (ms):  4.0]
         [Processed Buffers:  31]
      [Scan RS (ms):  3.6]
      [Code Root Scanning (ms):  0.0]
      [Object Copy (ms):  19.1]
      [Termination (ms):  0.0]
         [Termination Attempts:  1]
      [GC Worker Other (ms):  0.0]
      [GC Worker Total (ms):  28.0]
      [GC Worker End (ms):  13950550.6]
   [Code Root Fixup: 0.0 ms]
   [Code Root Purge: 0.0 ms]
   [Clear CT: 0.0 ms]
   [Other: 0.4 ms]
      [Choose CSet: 0.0 ms]
      [Ref Proc: 0.0 ms]
      [Ref Enq: 0.0 ms]
      [Redirty Cards: 0.0 ms]
      [Humongous Register: 0.1 ms]
      [Humongous Reclaim: 0.0 ms]
      [Free CSet: 0.0 ms]
   [Eden: 45.0M(45.0M)->0.0B(46.0M) Survivors: 6144.0K->5120.0K Heap: 308.0M(1024.0M)->263.3M(1024.0M)]
 [Times: user=0.01 sys=0.01, real=0.02 secs] 
2016-12-19T21:42:24.169+0100: 13978.640: [GC pause (G1 Evacuation Pause) (young), 0.0266171 secs]
   [Parallel Time: 25.7 ms, GC Workers: 1]
      [GC Worker Start (ms):  13978640.2]
      [Ext Root Scanning (ms):  1.4]
      [Update RS (ms):  2.9]
         [Processed Buffers:  36]
      [Scan RS (ms):  3.9]
      [Code Root Scanning (ms):  0.0]
      [Object Copy (ms):  17.4]
      [Termination (ms):  0.0]
         [Termination Attempts:  1]
      [GC Worker Other (ms):  0.0]
      [GC Worker Total (ms):  25.7]
      [GC Worker End (ms):  13978665.9]
   [Code Root Fixup: 0.0 ms]
   [Code Root Purge: 0.0 ms]
   [Clear CT: 0.0 ms]
   [Other: 0.8 ms]
      [Choose CSet: 0.0 ms]
      [Ref Proc: 0.0 ms]
      [Ref Enq: 0.0 ms]
      [Redirty Cards: 0.0 ms]
      [Humongous Register: 0.1 ms]
      [Humongous Reclaim: 0.0 ms]
      [Free CSet: 0.1 ms]
   [Eden: 46.0M(46.0M)->0.0B(46.0M) Survivors: 5120.0K->5120.0K Heap: 309.3M(1024.0M)->265.0M(1024.0M)]
 [Times: user=0.03 sys=0.00, real=0.03 secs] 
2016-12-19T21:42:52.915+0100: 14007.385: [GC pause (G1 Evacuation Pause) (young), 0.0255466 secs]
   [Parallel Time: 25.1 ms, GC Workers: 1]
      [GC Worker Start (ms):  14007385.4]
      [Ext Root Scanning (ms):  0.9]
      [Update RS (ms):  2.0]
         [Processed Buffers:  36]
      [Scan RS (ms):  4.3]
      [Code Root Scanning (ms):  0.0]
      [Object Copy (ms):  17.8]
      [Termination (ms):  0.0]
         [Termination Attempts:  1]
      [GC Worker Other (ms):  0.0]
      [GC Worker Total (ms):  25.1]
      [GC Worker End (ms):  14007410.4]
   [Code Root Fixup: 0.0 ms]
   [Code Root Purge: 0.0 ms]
   [Clear CT: 0.0 ms]
   [Other: 0.3 ms]
      [Choose CSet: 0.0 ms]
      [Ref Proc: 0.0 ms]
      [Ref Enq: 0.0 ms]
      [Redirty Cards: 0.0 ms]
      [Humongous Register: 0.0 ms]
      [Humongous Reclaim: 0.0 ms]
      [Free CSet: 0.1 ms]
   [Eden: 46.0M(46.0M)->0.0B(47.0M) Survivors: 5120.0K->4096.0K Heap: 311.0M(1024.0M)->265.5M(1024.0M)]
 [Times: user=0.02 sys=0.00, real=0.02 secs] 
2016-12-19T21:43:24.806+0100: 14039.276: [GC pause (G1 Evacuation Pause) (young), 0.0180578 secs]
   [Parallel Time: 17.7 ms, GC Workers: 1]
      [GC Worker Start (ms):  14039276.4]
      [Ext Root Scanning (ms):  0.9]
      [Update RS (ms):  2.3]
         [Processed Buffers:  36]
      [Scan RS (ms):  4.2]
      [Code Root Scanning (ms):  0.0]
      [Object Copy (ms):  10.2]
      [Termination (ms):  0.0]
         [Termination Attempts:  1]
      [GC Worker Other (ms):  0.0]
      [GC Worker Total (ms):  17.6]
      [GC Worker End (ms):  14039294.1]
   [Code Root Fixup: 0.0 ms]
   [Code Root Purge: 0.0 ms]
   [Clear CT: 0.0 ms]
   [Other: 0.3 ms]
      [Choose CSet: 0.0 ms]
      [Ref Proc: 0.0 ms]
      [Ref Enq: 0.0 ms]
      [Redirty Cards: 0.0 ms]
      [Humongous Register: 0.0 ms]
      [Humongous Reclaim: 0.0 ms]
      [Free CSet: 0.1 ms]
   [Eden: 47.0M(47.0M)->0.0B(47.0M) Survivors: 4096.0K->4096.0K Heap: 312.5M(1024.0M)->265.5M(1024.0M)]
 [Times: user=0.01 sys=0.00, real=0.02 secs] 
2016-12-19T21:43:56.118+0100: 14070.589: [GC pause (G1 Evacuation Pause) (young), 0.0190086 secs]
   [Parallel Time: 18.6 ms, GC Workers: 1]
      [GC Worker Start (ms):  14070588.9]
      [Ext Root Scanning (ms):  1.1]
      [Update RS (ms):  2.4]
         [Processed Buffers:  32]
      [Scan RS (ms):  3.2]
      [Code Root Scanning (ms):  0.0]
      [Object Copy (ms):  11.9]
      [Termination (ms):  0.0]
         [Termination Attempts:  1]
      [GC Worker Other (ms):  0.0]
      [GC Worker Total (ms):  18.5]
      [GC Worker End (ms):  14070607.5]
   [Code Root Fixup: 0.0 ms]
   [Code Root Purge: 0.0 ms]
   [Clear CT: 0.0 ms]
   [Other: 0.3 ms]
      [Choose CSet: 0.0 ms]
      [Ref Proc: 0.0 ms]
      [Ref Enq: 0.0 ms]
      [Redirty Cards: 0.0 ms]
      [Humongous Register: 0.0 ms]
      [Humongous Reclaim: 0.0 ms]
      [Free CSet: 0.0 ms]
   [Eden: 47.0M(47.0M)->0.0B(45.0M) Survivors: 4096.0K->6144.0K Heap: 312.5M(1024.0M)->267.0M(1024.0M)]
 [Times: user=0.02 sys=0.00, real=0.02 secs] 
2016-12-19T21:44:23.207+0100: 14097.678: [GC pause (G1 Evacuation Pause) (young), 0.0253968 secs]
   [Parallel Time: 24.7 ms, GC Workers: 1]
      [GC Worker Start (ms):  14097677.7]
      [Ext Root Scanning (ms):  0.8]
      [Update RS (ms):  2.2]
         [Processed Buffers:  33]
      [Scan RS (ms):  3.3]
      [Code Root Scanning (ms):  0.0]
      [Object Copy (ms):  18.3]
      [Termination (ms):  0.0]
         [Termination Attempts:  1]
      [GC Worker Other (ms):  0.0]
      [GC Worker Total (ms):  24.7]
      [GC Worker End (ms):  14097702.4]
   [Code Root Fixup: 0.0 ms]
   [Code Root Purge: 0.0 ms]
   [Clear CT: 0.0 ms]
   [Other: 0.6 ms]
      [Choose CSet: 0.0 ms]
      [Ref Proc: 0.0 ms]
      [Ref Enq: 0.0 ms]
      [Redirty Cards: 0.0 ms]
      [Humongous Register: 0.0 ms]
      [Humongous Reclaim: 0.0 ms]
      [Free CSet: 0.0 ms]
   [Eden: 45.0M(45.0M)->0.0B(46.0M) Survivors: 6144.0K->5120.0K Heap: 312.0M(1024.0M)->267.4M(1024.0M)]
 [Times: user=0.02 sys=0.00, real=0.03 secs] 
2016-12-19T21:44:52.102+0100: 14126.573: [GC pause (G1 Evacuation Pause) (young), 0.0239163 secs]
   [Parallel Time: 23.4 ms, GC Workers: 1]
      [GC Worker Start (ms):  14126572.9]
      [Ext Root Scanning (ms):  1.0]
      [Update RS (ms):  2.2]
         [Processed Buffers:  32]
      [Scan RS (ms):  4.0]
      [Code Root Scanning (ms):  0.0]
      [Object Copy (ms):  16.1]
      [Termination (ms):  0.0]
         [Termination Attempts:  1]
      [GC Worker Other (ms):  0.0]
      [GC Worker Total (ms):  23.4]
      [GC Worker End (ms):  14126596.3]
   [Code Root Fixup: 0.1 ms]
   [Code Root Purge: 0.0 ms]
   [Clear CT: 0.1 ms]
   [Other: 0.4 ms]
      [Choose CSet: 0.0 ms]
      [Ref Proc: 0.0 ms]
      [Ref Enq: 0.0 ms]
      [Redirty Cards: 0.0 ms]
      [Humongous Register: 0.0 ms]
      [Humongous Reclaim: 0.0 ms]
      [Free CSet: 0.1 ms]
   [Eden: 46.0M(46.0M)->0.0B(46.0M) Survivors: 5120.0K->5120.0K Heap: 313.4M(1024.0M)->269.0M(1024.0M)]
 [Times: user=0.02 sys=0.00, real=0.03 secs] 
2016-12-19T21:45:20.635+0100: 14155.106: [GC pause (G1 Evacuation Pause) (young), 0.0210430 secs]
   [Parallel Time: 20.6 ms, GC Workers: 1]
      [GC Worker Start (ms):  14155105.8]
      [Ext Root Scanning (ms):  0.8]
      [Update RS (ms):  2.6]
         [Processed Buffers:  34]
      [Scan RS (ms):  4.1]
      [Code Root Scanning (ms):  0.0]
      [Object Copy (ms):  13.0]
      [Termination (ms):  0.0]
         [Termination Attempts:  1]
      [GC Worker Other (ms):  0.0]
      [GC Worker Total (ms):  20.6]
      [GC Worker End (ms):  14155126.4]
   [Code Root Fixup: 0.0 ms]
   [Code Root Purge: 0.0 ms]
   [Clear CT: 0.0 ms]
   [Other: 0.3 ms]
      [Choose CSet: 0.0 ms]
      [Ref Proc: 0.0 ms]
      [Ref Enq: 0.0 ms]
      [Redirty Cards: 0.0 ms]
      [Humongous Register: 0.0 ms]
      [Humongous Reclaim: 0.0 ms]
      [Free CSet: 0.1 ms]
   [Eden: 46.0M(46.0M)->0.0B(47.0M) Survivors: 5120.0K->4096.0K Heap: 315.0M(1024.0M)->269.5M(1024.0M)]
 [Times: user=0.02 sys=0.00, real=0.02 secs] 
2016-12-19T21:45:50.286+0100: 14184.757: [GC pause (G1 Evacuation Pause) (young), 0.0201551 secs]
   [Parallel Time: 19.3 ms, GC Workers: 1]
      [GC Worker Start (ms):  14184757.2]
      [Ext Root Scanning (ms):  1.3]
      [Update RS (ms):  3.1]
         [Processed Buffers:  35]
      [Scan RS (ms):  5.2]
      [Code Root Scanning (ms):  0.0]
      [Object Copy (ms):  9.7]
      [Termination (ms):  0.0]
         [Termination Attempts:  1]
      [GC Worker Other (ms):  0.0]
      [GC Worker Total (ms):  19.3]
      [GC Worker End (ms):  14184776.4]
   [Code Root Fixup: 0.0 ms]
   [Code Root Purge: 0.0 ms]
   [Clear CT: 0.0 ms]
   [Other: 0.8 ms]
      [Choose CSet: 0.0 ms]
      [Ref Proc: 0.0 ms]
      [Ref Enq: 0.0 ms]
      [Redirty Cards: 0.0 ms]
      [Humongous Register: 0.0 ms]
      [Humongous Reclaim: 0.0 ms]
      [Free CSet: 0.1 ms]
   [Eden: 47.0M(47.0M)->0.0B(47.0M) Survivors: 4096.0K->4096.0K Heap: 316.5M(1024.0M)->269.5M(1024.0M)]
 [Times: user=0.02 sys=0.00, real=0.02 secs] 
2016-12-19T21:46:18.951+0100: 14213.421: [GC pause (G1 Evacuation Pause) (young), 0.0293435 secs]
   [Parallel Time: 28.3 ms, GC Workers: 1]
      [GC Worker Start (ms):  14213422.1]
      [Ext Root Scanning (ms):  1.2]
      [Update RS (ms):  5.1]
         [Processed Buffers:  32]
      [Scan RS (ms):  5.1]
      [Code Root Scanning (ms):  0.0]
      [Object Copy (ms):  16.8]
      [Termination (ms):  0.0]
         [Termination Attempts:  1]
      [GC Worker Other (ms):  0.0]
      [GC Worker Total (ms):  28.2]
      [GC Worker End (ms):  14213450.3]
   [Code Root Fixup: 0.1 ms]
   [Code Root Purge: 0.0 ms]
   [Clear CT: 0.0 ms]
   [Other: 1.0 ms]
      [Choose CSet: 0.0 ms]
      [Ref Proc: 0.0 ms]
      [Ref Enq: 0.0 ms]
      [Redirty Cards: 0.0 ms]
      [Humongous Register: 0.1 ms]
      [Humongous Reclaim: 0.0 ms]
      [Free CSet: 0.0 ms]
   [Eden: 47.0M(47.0M)->0.0B(45.0M) Survivors: 4096.0K->6144.0K Heap: 316.5M(1024.0M)->271.0M(1024.0M)]
 [Times: user=0.03 sys=0.00, real=0.02 secs] 
2016-12-19T21:46:44.747+0100: 14239.217: [GC pause (G1 Evacuation Pause) (young), 0.0200634 secs]
   [Parallel Time: 19.7 ms, GC Workers: 1]
      [GC Worker Start (ms):  14239217.3]
      [Ext Root Scanning (ms):  0.8]
      [Update RS (ms):  2.2]
         [Processed Buffers:  33]
      [Scan RS (ms):  3.7]
      [Code Root Scanning (ms):  0.0]
      [Object Copy (ms):  12.9]
      [Termination (ms):  0.0]
         [Termination Attempts:  1]
      [GC Worker Other (ms):  0.0]
      [GC Worker Total (ms):  19.6]
      [GC Worker End (ms):  14239237.0]
   [Code Root Fixup: 0.0 ms]
   [Code Root Purge: 0.0 ms]
   [Clear CT: 0.0 ms]
   [Other: 0.3 ms]
      [Choose CSet: 0.0 ms]
      [Ref Proc: 0.0 ms]
      [Ref Enq: 0.0 ms]
      [Redirty Cards: 0.0 ms]
      [Humongous Register: 0.0 ms]
      [Humongous Reclaim: 0.0 ms]
      [Free CSet: 0.0 ms]
   [Eden: 45.0M(45.0M)->0.0B(46.0M) Survivors: 6144.0K->5120.0K Heap: 316.0M(1024.0M)->271.4M(1024.0M)]
 [Times: user=0.02 sys=0.00, real=0.02 secs] 
2016-12-19T21:47:14.833+0100: 14269.303: [GC pause (G1 Evacuation Pause) (young), 0.0248294 secs]
   [Parallel Time: 24.3 ms, GC Workers: 1]
      [GC Worker Start (ms):  14269303.5]
      [Ext Root Scanning (ms):  4.5]
      [Update RS (ms):  3.0]
         [Processed Buffers:  33]
      [Scan RS (ms):  3.6]
      [Code Root Scanning (ms):  0.0]
      [Object Copy (ms):  13.0]
      [Termination (ms):  0.0]
         [Termination Attempts:  1]
      [GC Worker Other (ms):  0.0]
      [GC Worker Total (ms):  24.2]
      [GC Worker End (ms):  14269327.7]
   [Code Root Fixup: 0.0 ms]
   [Code Root Purge: 0.0 ms]
   [Clear CT: 0.0 ms]
   [Other: 0.5 ms]
      [Choose CSet: 0.0 ms]
      [Ref Proc: 0.0 ms]
      [Ref Enq: 0.0 ms]
      [Redirty Cards: 0.0 ms]
      [Humongous Register: 0.1 ms]
      [Humongous Reclaim: 0.0 ms]
      [Free CSet: 0.1 ms]
   [Eden: 46.0M(46.0M)->0.0B(46.0M) Survivors: 5120.0K->5120.0K Heap: 317.4M(1024.0M)->273.0M(1024.0M)]
 [Times: user=0.02 sys=0.00, real=0.02 secs] 
2016-12-19T21:47:43.650+0100: 14298.121: [GC pause (G1 Evacuation Pause) (young), 0.0208008 secs]
   [Parallel Time: 20.4 ms, GC Workers: 1]
      [GC Worker Start (ms):  14298121.2]
      [Ext Root Scanning (ms):  0.9]
      [Update RS (ms):  2.2]
         [Processed Buffers:  33]
      [Scan RS (ms):  3.9]
      [Code Root Scanning (ms):  0.0]
      [Object Copy (ms):  13.3]
      [Termination (ms):  0.0]
         [Termination Attempts:  1]
      [GC Worker Other (ms):  0.0]
      [GC Worker Total (ms):  20.3]
      [GC Worker End (ms):  14298141.5]
   [Code Root Fixup: 0.0 ms]
   [Code Root Purge: 0.0 ms]
   [Clear CT: 0.0 ms]
   [Other: 0.4 ms]
      [Choose CSet: 0.0 ms]
      [Ref Proc: 0.0 ms]
      [Ref Enq: 0.0 ms]
      [Redirty Cards: 0.0 ms]
      [Humongous Register: 0.0 ms]
      [Humongous Reclaim: 0.0 ms]
      [Free CSet: 0.1 ms]
   [Eden: 46.0M(46.0M)->0.0B(47.0M) Survivors: 5120.0K->4096.0K Heap: 319.0M(1024.0M)->273.5M(1024.0M)]
 [Times: user=0.02 sys=0.00, real=0.02 secs] 
2016-12-19T21:48:13.456+0100: 14327.926: [GC pause (G1 Evacuation Pause) (young), 0.0196322 secs]
   [Parallel Time: 19.1 ms, GC Workers: 1]
      [GC Worker Start (ms):  14327926.5]
      [Ext Root Scanning (ms):  1.3]
      [Update RS (ms):  3.0]
         [Processed Buffers:  33]
      [Scan RS (ms):  4.2]
      [Code Root Scanning (ms):  0.0]
      [Object Copy (ms):  10.6]
      [Termination (ms):  0.0]
         [Termination Attempts:  1]
      [GC Worker Other (ms):  0.0]
      [GC Worker Total (ms):  19.1]
      [GC Worker End (ms):  14327945.6]
   [Code Root Fixup: 0.0 ms]
   [Code Root Purge: 0.0 ms]
   [Clear CT: 0.0 ms]
   [Other: 0.4 ms]
      [Choose CSet: 0.0 ms]
      [Ref Proc: 0.0 ms]
      [Ref Enq: 0.0 ms]
      [Redirty Cards: 0.0 ms]
      [Humongous Register: 0.1 ms]
      [Humongous Reclaim: 0.0 ms]
      [Free CSet: 0.1 ms]
   [Eden: 47.0M(47.0M)->0.0B(47.0M) Survivors: 4096.0K->4096.0K Heap: 320.5M(1024.0M)->273.5M(1024.0M)]
 [Times: user=0.02 sys=0.00, real=0.02 secs] 
2016-12-19T21:48:41.832+0100: 14356.302: [GC pause (G1 Evacuation Pause) (young), 0.0228508 secs]
   [Parallel Time: 22.4 ms, GC Workers: 1]
      [GC Worker Start (ms):  14356302.6]
      [Ext Root Scanning (ms):  1.3]
      [Update RS (ms):  5.3]
         [Processed Buffers:  33]
      [Scan RS (ms):  3.4]
      [Code Root Scanning (ms):  0.0]
      [Object Copy (ms):  12.3]
      [Termination (ms):  0.0]
         [Termination Attempts:  1]
      [GC Worker Other (ms):  0.0]
      [GC Worker Total (ms):  22.3]
      [GC Worker End (ms):  14356325.0]
   [Code Root Fixup: 0.0 ms]
   [Code Root Purge: 0.0 ms]
   [Clear CT: 0.0 ms]
   [Other: 0.4 ms]
      [Choose CSet: 0.0 ms]
      [Ref Proc: 0.0 ms]
      [Ref Enq: 0.0 ms]
      [Redirty Cards: 0.0 ms]
      [Humongous Register: 0.1 ms]
      [Humongous Reclaim: 0.0 ms]
      [Free CSet: 0.0 ms]
   [Eden: 47.0M(47.0M)->0.0B(45.0M) Survivors: 4096.0K->6144.0K Heap: 320.5M(1024.0M)->275.0M(1024.0M)]
 [Times: user=0.02 sys=0.00, real=0.02 secs] 
2016-12-19T21:49:11.638+0100: 14386.108: [GC pause (G1 Evacuation Pause) (young), 0.0216577 secs]
   [Parallel Time: 21.2 ms, GC Workers: 1]
      [GC Worker Start (ms):  14386108.4]
      [Ext Root Scanning (ms):  1.6]
      [Update RS (ms):  3.3]
         [Processed Buffers:  33]
      [Scan RS (ms):  3.4]
      [Code Root Scanning (ms):  0.0]
      [Object Copy (ms):  12.9]
      [Termination (ms):  0.0]
         [Termination Attempts:  1]
      [GC Worker Other (ms):  0.0]
      [GC Worker Total (ms):  21.1]
      [GC Worker End (ms):  14386129.5]
   [Code Root Fixup: 0.0 ms]
   [Code Root Purge: 0.0 ms]
   [Clear CT: 0.1 ms]
   [Other: 0.3 ms]
      [Choose CSet: 0.0 ms]
      [Ref Proc: 0.0 ms]
      [Ref Enq: 0.0 ms]
      [Redirty Cards: 0.0 ms]
      [Humongous Register: 0.0 ms]
      [Humongous Reclaim: 0.0 ms]
      [Free CSet: 0.0 ms]
   [Eden: 45.0M(45.0M)->0.0B(47.0M) Survivors: 6144.0K->4096.0K Heap: 320.0M(1024.0M)->275.6M(1024.0M)]
 [Times: user=0.02 sys=0.00, real=0.02 secs] 
2016-12-19T21:49:40.336+0100: 14414.806: [GC pause (G1 Evacuation Pause) (young), 0.0218800 secs]
   [Parallel Time: 21.3 ms, GC Workers: 1]
      [GC Worker Start (ms):  14414806.3]
      [Ext Root Scanning (ms):  1.1]
      [Update RS (ms):  2.4]
         [Processed Buffers:  38]
      [Scan RS (ms):  3.4]
      [Code Root Scanning (ms):  0.0]
      [Object Copy (ms):  14.3]
      [Termination (ms):  0.0]
         [Termination Attempts:  1]
      [GC Worker Other (ms):  0.0]
      [GC Worker Total (ms):  21.3]
      [GC Worker End (ms):  14414827.6]
   [Code Root Fixup: 0.0 ms]
   [Code Root Purge: 0.0 ms]
   [Clear CT: 0.0 ms]
   [Other: 0.5 ms]
      [Choose CSet: 0.0 ms]
      [Ref Proc: 0.0 ms]
      [Ref Enq: 0.0 ms]
      [Redirty Cards: 0.0 ms]
      [Humongous Register: 0.0 ms]
      [Humongous Reclaim: 0.1 ms]
      [Free CSet: 0.1 ms]
   [Eden: 47.0M(47.0M)->0.0B(45.0M) Survivors: 4096.0K->6144.0K Heap: 322.6M(1024.0M)->277.6M(1024.0M)]
 [Times: user=0.02 sys=0.00, real=0.02 secs] 
2016-12-19T21:50:07.616+0100: 14442.086: [GC pause (G1 Evacuation Pause) (young), 0.0253615 secs]
   [Parallel Time: 24.7 ms, GC Workers: 1]
      [GC Worker Start (ms):  14442086.4]
      [Ext Root Scanning (ms):  1.2]
      [Update RS (ms):  3.8]
         [Processed Buffers:  33]
      [Scan RS (ms):  4.1]
      [Code Root Scanning (ms):  0.0]
      [Object Copy (ms):  15.6]
      [Termination (ms):  0.0]
         [Termination Attempts:  1]
      [GC Worker Other (ms):  0.0]
      [GC Worker Total (ms):  24.7]
      [GC Worker End (ms):  14442111.0]
   [Code Root Fixup: 0.1 ms]
   [Code Root Purge: 0.0 ms]
   [Clear CT: 0.1 ms]
   [Other: 0.4 ms]
      [Choose CSet: 0.0 ms]
      [Ref Proc: 0.0 ms]
      [Ref Enq: 0.0 ms]
      [Redirty Cards: 0.0 ms]
      [Humongous Register: 0.1 ms]
      [Humongous Reclaim: 0.0 ms]
      [Free CSet: 0.0 ms]
   [Eden: 45.0M(45.0M)->0.0B(47.0M) Survivors: 6144.0K->4096.0K Heap: 322.6M(1024.0M)->278.4M(1024.0M)]
 [Times: user=0.03 sys=0.00, real=0.02 secs] 
2016-12-19T21:50:37.001+0100: 14471.471: [GC pause (G1 Evacuation Pause) (young), 0.0153246 secs]
   [Parallel Time: 14.8 ms, GC Workers: 1]
      [GC Worker Start (ms):  14471471.4]
      [Ext Root Scanning (ms):  1.1]
      [Update RS (ms):  2.7]
         [Processed Buffers:  35]
      [Scan RS (ms):  3.3]
      [Code Root Scanning (ms):  0.0]
      [Object Copy (ms):  7.7]
      [Termination (ms):  0.0]
         [Termination Attempts:  1]
      [GC Worker Other (ms):  0.0]
      [GC Worker Total (ms):  14.8]
      [GC Worker End (ms):  14471486.2]
   [Code Root Fixup: 0.0 ms]
   [Code Root Purge: 0.0 ms]
   [Clear CT: 0.0 ms]
   [Other: 0.4 ms]
      [Choose CSet: 0.0 ms]
      [Ref Proc: 0.0 ms]
      [Ref Enq: 0.0 ms]
      [Redirty Cards: 0.0 ms]
      [Humongous Register: 0.1 ms]
      [Humongous Reclaim: 0.0 ms]
      [Free CSet: 0.1 ms]
   [Eden: 47.0M(47.0M)->0.0B(47.0M) Survivors: 4096.0K->4096.0K Heap: 325.4M(1024.0M)->278.4M(1024.0M)]
 [Times: user=0.01 sys=0.00, real=0.02 secs] 
2016-12-19T21:51:05.754+0100: 14500.225: [GC pause (G1 Evacuation Pause) (young), 0.0329289 secs]
   [Parallel Time: 32.5 ms, GC Workers: 1]
      [GC Worker Start (ms):  14500224.9]
      [Ext Root Scanning (ms):  3.4]
      [Update RS (ms):  2.2]
         [Processed Buffers:  31]
      [Scan RS (ms):  2.7]
      [Code Root Scanning (ms):  0.0]
      [Object Copy (ms):  24.1]
      [Termination (ms):  0.0]
         [Termination Attempts:  1]
      [GC Worker Other (ms):  0.0]
      [GC Worker Total (ms):  32.5]
      [GC Worker End (ms):  14500257.4]
   [Code Root Fixup: 0.0 ms]
   [Code Root Purge: 0.0 ms]
   [Clear CT: 0.0 ms]
   [Other: 0.3 ms]
      [Choose CSet: 0.0 ms]
      [Ref Proc: 0.0 ms]
      [Ref Enq: 0.0 ms]
      [Redirty Cards: 0.0 ms]
      [Humongous Register: 0.0 ms]
      [Humongous Reclaim: 0.0 ms]
      [Free CSet: 0.0 ms]
   [Eden: 47.0M(47.0M)->0.0B(46.0M) Survivors: 4096.0K->5120.0K Heap: 325.4M(1024.0M)->279.4M(1024.0M)]
 [Times: user=0.01 sys=0.00, real=0.03 secs] 
2016-12-19T21:51:33.667+0100: 14528.137: [GC pause (G1 Evacuation Pause) (young), 0.0186811 secs]
   [Parallel Time: 18.0 ms, GC Workers: 1]
      [GC Worker Start (ms):  14528137.4]
      [Ext Root Scanning (ms):  1.1]
      [Update RS (ms):  2.5]
         [Processed Buffers:  35]
      [Scan RS (ms):  4.6]
      [Code Root Scanning (ms):  0.0]
      [Object Copy (ms):  9.8]
      [Termination (ms):  0.0]
         [Termination Attempts:  1]
      [GC Worker Other (ms):  0.0]
      [GC Worker Total (ms):  18.0]
      [GC Worker End (ms):  14528155.4]
   [Code Root Fixup: 0.0 ms]
   [Code Root Purge: 0.0 ms]
   [Clear CT: 0.0 ms]
   [Other: 0.6 ms]
      [Choose CSet: 0.0 ms]
      [Ref Proc: 0.0 ms]
      [Ref Enq: 0.0 ms]
      [Redirty Cards: 0.0 ms]
      [Humongous Register: 0.0 ms]
      [Humongous Reclaim: 0.0 ms]
      [Free CSet: 0.0 ms]
   [Eden: 46.0M(46.0M)->0.0B(47.0M) Survivors: 5120.0K->4096.0K Heap: 325.4M(1024.0M)->279.1M(1024.0M)]
 [Times: user=0.02 sys=0.00, real=0.02 secs] 
2016-12-19T21:52:02.607+0100: 14557.078: [GC pause (G1 Evacuation Pause) (young), 0.0229160 secs]
   [Parallel Time: 22.4 ms, GC Workers: 1]
      [GC Worker Start (ms):  14557077.9]
      [Ext Root Scanning (ms):  1.3]
      [Update RS (ms):  5.2]
         [Processed Buffers:  34]
      [Scan RS (ms):  3.0]
      [Code Root Scanning (ms):  0.0]
      [Object Copy (ms):  12.9]
      [Termination (ms):  0.0]
         [Termination Attempts:  1]
      [GC Worker Other (ms):  0.0]
      [GC Worker Total (ms):  22.3]
      [GC Worker End (ms):  14557100.2]
   [Code Root Fixup: 0.0 ms]
   [Code Root Purge: 0.0 ms]
   [Clear CT: 0.0 ms]
   [Other: 0.5 ms]
      [Choose CSet: 0.0 ms]
      [Ref Proc: 0.0 ms]
      [Ref Enq: 0.0 ms]
      [Redirty Cards: 0.0 ms]
      [Humongous Register: 0.1 ms]
      [Humongous Reclaim: 0.0 ms]
      [Free CSet: 0.1 ms]
   [Eden: 47.0M(47.0M)->0.0B(46.0M) Survivors: 4096.0K->5120.0K Heap: 326.1M(1024.0M)->280.1M(1024.0M)]
 [Times: user=0.02 sys=0.00, real=0.02 secs] 
2016-12-19T21:52:30.594+0100: 14585.065: [GC pause (G1 Evacuation Pause) (young), 0.0183051 secs]
   [Parallel Time: 17.9 ms, GC Workers: 1]
      [GC Worker Start (ms):  14585064.9]
      [Ext Root Scanning (ms):  1.9]
      [Update RS (ms):  2.4]
         [Processed Buffers:  33]
      [Scan RS (ms):  3.5]
      [Code Root Scanning (ms):  0.0]
      [Object Copy (ms):  10.1]
      [Termination (ms):  0.0]
         [Termination Attempts:  1]
      [GC Worker Other (ms):  0.0]
      [GC Worker Total (ms):  17.9]
      [GC Worker End (ms):  14585082.7]
   [Code Root Fixup: 0.0 ms]
   [Code Root Purge: 0.0 ms]
   [Clear CT: 0.0 ms]
   [Other: 0.3 ms]
      [Choose CSet: 0.0 ms]
      [Ref Proc: 0.0 ms]
      [Ref Enq: 0.0 ms]
      [Redirty Cards: 0.0 ms]
      [Humongous Register: 0.0 ms]
      [Humongous Reclaim: 0.0 ms]
      [Free CSet: 0.0 ms]
   [Eden: 46.0M(46.0M)->0.0B(47.0M) Survivors: 5120.0K->4096.0K Heap: 326.1M(1024.0M)->280.1M(1024.0M)]
 [Times: user=0.02 sys=0.00, real=0.02 secs] 
2016-12-19T21:53:00.954+0100: 14615.424: [GC pause (G1 Evacuation Pause) (young), 0.0134016 secs]
   [Parallel Time: 13.0 ms, GC Workers: 1]
      [GC Worker Start (ms):  14615424.3]
      [Ext Root Scanning (ms):  0.8]
      [Update RS (ms):  2.2]
         [Processed Buffers:  34]
      [Scan RS (ms):  1.5]
      [Code Root Scanning (ms):  0.0]
      [Object Copy (ms):  8.5]
      [Termination (ms):  0.0]
         [Termination Attempts:  1]
      [GC Worker Other (ms):  0.0]
      [GC Worker Total (ms):  13.0]
      [GC Worker End (ms):  14615437.3]
   [Code Root Fixup: 0.0 ms]
   [Code Root Purge: 0.0 ms]
   [Clear CT: 0.0 ms]
   [Other: 0.3 ms]
      [Choose CSet: 0.0 ms]
      [Ref Proc: 0.0 ms]
      [Ref Enq: 0.0 ms]
      [Redirty Cards: 0.0 ms]
      [Humongous Register: 0.0 ms]
      [Humongous Reclaim: 0.0 ms]
      [Free CSet: 0.0 ms]
   [Eden: 47.0M(47.0M)->0.0B(47.0M) Survivors: 4096.0K->4096.0K Heap: 327.1M(1024.0M)->280.1M(1024.0M)]
 [Times: user=0.01 sys=0.00, real=0.01 secs] 
2016-12-19T21:53:29.561+0100: 14644.031: [GC pause (G1 Evacuation Pause) (young), 0.0207964 secs]
   [Parallel Time: 20.3 ms, GC Workers: 1]
      [GC Worker Start (ms):  14644031.4]
      [Ext Root Scanning (ms):  1.3]
      [Update RS (ms):  4.9]
         [Processed Buffers:  34]
      [Scan RS (ms):  1.4]
      [Code Root Scanning (ms):  0.0]
      [Object Copy (ms):  12.5]
      [Termination (ms):  0.0]
         [Termination Attempts:  1]
      [GC Worker Other (ms):  0.0]
      [GC Worker Total (ms):  20.2]
      [GC Worker End (ms):  14644051.6]
   [Code Root Fixup: 0.0 ms]
   [Code Root Purge: 0.0 ms]
   [Clear CT: 0.0 ms]
   [Other: 0.4 ms]
      [Choose CSet: 0.0 ms]
      [Ref Proc: 0.0 ms]
      [Ref Enq: 0.0 ms]
      [Redirty Cards: 0.0 ms]
      [Humongous Register: 0.1 ms]
      [Humongous Reclaim: 0.0 ms]
      [Free CSet: 0.0 ms]
   [Eden: 47.0M(47.0M)->0.0B(45.0M) Survivors: 4096.0K->6144.0K Heap: 327.1M(1024.0M)->281.6M(1024.0M)]
 [Times: user=0.01 sys=0.01, real=0.02 secs] 
2016-12-19T21:53:55.804+0100: 14670.275: [GC pause (G1 Evacuation Pause) (young), 0.0180732 secs]
   [Parallel Time: 17.7 ms, GC Workers: 1]
      [GC Worker Start (ms):  14670274.8]
      [Ext Root Scanning (ms):  2.3]
      [Update RS (ms):  2.5]
         [Processed Buffers:  32]
      [Scan RS (ms):  1.6]
      [Code Root Scanning (ms):  0.0]
      [Object Copy (ms):  11.3]
      [Termination (ms):  0.0]
         [Termination Attempts:  1]
      [GC Worker Other (ms):  0.0]
      [GC Worker Total (ms):  17.7]
      [GC Worker End (ms):  14670292.5]
   [Code Root Fixup: 0.0 ms]
   [Code Root Purge: 0.0 ms]
   [Clear CT: 0.0 ms]
   [Other: 0.3 ms]
      [Choose CSet: 0.0 ms]
      [Ref Proc: 0.0 ms]
      [Ref Enq: 0.0 ms]
      [Redirty Cards: 0.0 ms]
      [Humongous Register: 0.0 ms]
      [Humongous Reclaim: 0.0 ms]
      [Free CSet: 0.0 ms]
   [Eden: 45.0M(45.0M)->0.0B(47.0M) Survivors: 6144.0K->4096.0K Heap: 326.6M(1024.0M)->281.6M(1024.0M)]
 [Times: user=0.01 sys=0.00, real=0.01 secs] 
2016-12-19T21:54:24.915+0100: 14699.385: [GC pause (G1 Evacuation Pause) (young), 0.0327213 secs]
   [Parallel Time: 31.9 ms, GC Workers: 1]
      [GC Worker Start (ms):  14699385.3]
      [Ext Root Scanning (ms):  1.5]
      [Update RS (ms):  4.6]
         [Processed Buffers:  34]
      [Scan RS (ms):  5.5]
      [Code Root Scanning (ms):  0.0]
      [Object Copy (ms):  20.2]
      [Termination (ms):  0.0]
         [Termination Attempts:  1]
      [GC Worker Other (ms):  0.0]
      [GC Worker Total (ms):  31.9]
      [GC Worker End (ms):  14699417.1]
   [Code Root Fixup: 0.1 ms]
   [Code Root Purge: 0.0 ms]
   [Clear CT: 0.0 ms]
   [Other: 0.6 ms]
      [Choose CSet: 0.0 ms]
      [Ref Proc: 0.1 ms]
      [Ref Enq: 0.0 ms]
      [Redirty Cards: 0.0 ms]
      [Humongous Register: 0.1 ms]
      [Humongous Reclaim: 0.1 ms]
      [Free CSet: 0.1 ms]
   [Eden: 47.0M(47.0M)->0.0B(46.0M) Survivors: 4096.0K->5120.0K Heap: 328.6M(1024.0M)->282.1M(1024.0M)]
 [Times: user=0.03 sys=0.00, real=0.03 secs] 
2016-12-19T21:54:52.892+0100: 14727.362: [GC pause (G1 Evacuation Pause) (young), 0.0170129 secs]
   [Parallel Time: 16.6 ms, GC Workers: 1]
      [GC Worker Start (ms):  14727362.3]
      [Ext Root Scanning (ms):  1.0]
      [Update RS (ms):  2.1]
         [Processed Buffers:  32]
      [Scan RS (ms):  1.5]
      [Code Root Scanning (ms):  0.0]
      [Object Copy (ms):  12.0]
      [Termination (ms):  0.0]
         [Termination Attempts:  1]
      [GC Worker Other (ms):  0.0]
      [GC Worker Total (ms):  16.6]
      [GC Worker End (ms):  14727378.9]
   [Code Root Fixup: 0.0 ms]
   [Code Root Purge: 0.0 ms]
   [Clear CT: 0.0 ms]
   [Other: 0.3 ms]
      [Choose CSet: 0.0 ms]
      [Ref Proc: 0.0 ms]
      [Ref Enq: 0.0 ms]
      [Redirty Cards: 0.0 ms]
      [Humongous Register: 0.0 ms]
      [Humongous Reclaim: 0.0 ms]
      [Free CSet: 0.0 ms]
   [Eden: 46.0M(46.0M)->0.0B(45.0M) Survivors: 5120.0K->6144.0K Heap: 328.1M(1024.0M)->283.8M(1024.0M)]
 [Times: user=0.01 sys=0.00, real=0.01 secs] 
2016-12-19T21:55:21.172+0100: 14755.642: [GC pause (G1 Evacuation Pause) (young), 0.0187912 secs]
   [Parallel Time: 18.3 ms, GC Workers: 1]
      [GC Worker Start (ms):  14755642.2]
      [Ext Root Scanning (ms):  0.9]
      [Update RS (ms):  2.6]
         [Processed Buffers:  33]
      [Scan RS (ms):  1.9]
      [Code Root Scanning (ms):  0.0]
      [Object Copy (ms):  13.0]
      [Termination (ms):  0.0]
         [Termination Attempts:  1]
      [GC Worker Other (ms):  0.0]
      [GC Worker Total (ms):  18.3]
      [GC Worker End (ms):  14755660.5]
   [Code Root Fixup: 0.0 ms]
   [Code Root Purge: 0.0 ms]
   [Clear CT: 0.0 ms]
   [Other: 0.4 ms]
      [Choose CSet: 0.0 ms]
      [Ref Proc: 0.0 ms]
      [Ref Enq: 0.0 ms]
      [Redirty Cards: 0.0 ms]
      [Humongous Register: 0.0 ms]
      [Humongous Reclaim: 0.0 ms]
      [Free CSet: 0.0 ms]
   [Eden: 45.0M(45.0M)->0.0B(46.0M) Survivors: 6144.0K->5120.0K Heap: 328.8M(1024.0M)->284.3M(1024.0M)]
 [Times: user=0.02 sys=0.00, real=0.01 secs] 
2016-12-19T21:55:50.968+0100: 14785.439: [GC pause (G1 Evacuation Pause) (young), 0.0240464 secs]
   [Parallel Time: 23.3 ms, GC Workers: 1]
      [GC Worker Start (ms):  14785439.4]
      [Ext Root Scanning (ms):  1.9]
      [Update RS (ms):  4.0]
         [Processed Buffers:  33]
      [Scan RS (ms):  2.8]
      [Code Root Scanning (ms):  0.0]
      [Object Copy (ms):  14.4]
      [Termination (ms):  0.0]
         [Termination Attempts:  1]
      [GC Worker Other (ms):  0.0]
      [GC Worker Total (ms):  23.2]
      [GC Worker End (ms):  14785462.6]
   [Code Root Fixup: 0.0 ms]
   [Code Root Purge: 0.0 ms]
   [Clear CT: 0.0 ms]
   [Other: 0.7 ms]
      [Choose CSet: 0.0 ms]
      [Ref Proc: 0.0 ms]
      [Ref Enq: 0.0 ms]
      [Redirty Cards: 0.0 ms]
      [Humongous Register: 0.1 ms]
      [Humongous Reclaim: 0.0 ms]
      [Free CSet: 0.1 ms]
   [Eden: 46.0M(46.0M)->0.0B(46.0M) Survivors: 5120.0K->5120.0K Heap: 330.3M(1024.0M)->286.0M(1024.0M)]
 [Times: user=0.02 sys=0.00, real=0.03 secs] 
2016-12-19T21:56:20.624+0100: 14815.094: [GC pause (G1 Evacuation Pause) (young), 0.0173715 secs]
   [Parallel Time: 17.0 ms, GC Workers: 1]
      [GC Worker Start (ms):  14815094.5]
      [Ext Root Scanning (ms):  1.0]
      [Update RS (ms):  2.5]
         [Processed Buffers:  31]
      [Scan RS (ms):  2.5]
      [Code Root Scanning (ms):  0.0]
      [Object Copy (ms):  10.9]
      [Termination (ms):  0.0]
         [Termination Attempts:  1]
      [GC Worker Other (ms):  0.0]
      [GC Worker Total (ms):  16.9]
      [GC Worker End (ms):  14815111.4]
   [Code Root Fixup: 0.0 ms]
   [Code Root Purge: 0.0 ms]
   [Clear CT: 0.0 ms]
   [Other: 0.3 ms]
      [Choose CSet: 0.0 ms]
      [Ref Proc: 0.0 ms]
      [Ref Enq: 0.0 ms]
      [Redirty Cards: 0.0 ms]
      [Humongous Register: 0.0 ms]
      [Humongous Reclaim: 0.0 ms]
      [Free CSet: 0.0 ms]
   [Eden: 46.0M(46.0M)->0.0B(47.0M) Survivors: 5120.0K->4096.0K Heap: 332.0M(1024.0M)->286.5M(1024.0M)]
 [Times: user=0.02 sys=0.00, real=0.01 secs] 
2016-12-19T21:56:52.333+0100: 14846.804: [GC pause (G1 Evacuation Pause) (young), 0.0270319 secs]
   [Parallel Time: 26.5 ms, GC Workers: 1]
      [GC Worker Start (ms):  14846804.0]
      [Ext Root Scanning (ms):  3.4]
      [Update RS (ms):  2.7]
         [Processed Buffers:  32]
      [Scan RS (ms):  5.3]
      [Code Root Scanning (ms):  0.0]
      [Object Copy (ms):  15.0]
      [Termination (ms):  0.0]
         [Termination Attempts:  1]
      [GC Worker Other (ms):  0.0]
      [GC Worker Total (ms):  26.4]
      [GC Worker End (ms):  14846830.5]
   [Code Root Fixup: 0.1 ms]
   [Code Root Purge: 0.0 ms]
   [Clear CT: 0.0 ms]
   [Other: 0.5 ms]
      [Choose CSet: 0.0 ms]
      [Ref Proc: 0.0 ms]
      [Ref Enq: 0.0 ms]
      [Redirty Cards: 0.0 ms]
      [Humongous Register: 0.1 ms]
      [Humongous Reclaim: 0.0 ms]
      [Free CSet: 0.1 ms]
   [Eden: 47.0M(47.0M)->0.0B(47.0M) Survivors: 4096.0K->4096.0K Heap: 333.5M(1024.0M)->286.5M(1024.0M)]
 [Times: user=0.02 sys=0.00, real=0.02 secs] 
2016-12-19T21:57:21.572+0100: 14876.042: [GC pause (G1 Evacuation Pause) (young), 0.0197902 secs]
   [Parallel Time: 19.3 ms, GC Workers: 1]
      [GC Worker Start (ms):  14876042.6]
      [Ext Root Scanning (ms):  1.6]
      [Update RS (ms):  3.2]
         [Processed Buffers:  30]
      [Scan RS (ms):  2.7]
      [Code Root Scanning (ms):  0.0]
      [Object Copy (ms):  11.8]
      [Termination (ms):  0.0]
         [Termination Attempts:  1]
      [GC Worker Other (ms):  0.0]
      [GC Worker Total (ms):  19.3]
      [GC Worker End (ms):  14876061.9]
   [Code Root Fixup: 0.0 ms]
   [Code Root Purge: 0.0 ms]
   [Clear CT: 0.0 ms]
   [Other: 0.4 ms]
      [Choose CSet: 0.0 ms]
      [Ref Proc: 0.0 ms]
      [Ref Enq: 0.0 ms]
      [Redirty Cards: 0.0 ms]
      [Humongous Register: 0.1 ms]
      [Humongous Reclaim: 0.0 ms]
      [Free CSet: 0.0 ms]
   [Eden: 47.0M(47.0M)->0.0B(45.0M) Survivors: 4096.0K->6144.0K Heap: 333.5M(1024.0M)->288.0M(1024.0M)]
 [Times: user=0.02 sys=0.00, real=0.02 secs] 
2016-12-19T21:57:48.364+0100: 14902.834: [GC pause (G1 Evacuation Pause) (young), 0.0359411 secs]
   [Parallel Time: 35.3 ms, GC Workers: 1]
      [GC Worker Start (ms):  14902834.5]
      [Ext Root Scanning (ms):  1.1]
      [Update RS (ms):  4.2]
         [Processed Buffers:  29]
      [Scan RS (ms):  5.6]
      [Code Root Scanning (ms):  0.0]
      [Object Copy (ms):  24.3]
      [Termination (ms):  0.0]
         [Termination Attempts:  1]
      [GC Worker Other (ms):  0.0]
      [GC Worker Total (ms):  35.2]
      [GC Worker End (ms):  14902869.7]
   [Code Root Fixup: 0.1 ms]
   [Code Root Purge: 0.0 ms]
   [Clear CT: 0.0 ms]
   [Other: 0.6 ms]
      [Choose CSet: 0.0 ms]
      [Ref Proc: 0.0 ms]
      [Ref Enq: 0.0 ms]
      [Redirty Cards: 0.1 ms]
      [Humongous Register: 0.2 ms]
      [Humongous Reclaim: 0.0 ms]
      [Free CSet: 0.0 ms]
   [Eden: 45.0M(45.0M)->0.0B(46.0M) Survivors: 6144.0K->5120.0K Heap: 333.0M(1024.0M)->288.4M(1024.0M)]
 [Times: user=0.03 sys=0.01, real=0.03 secs] 
2016-12-19T21:58:17.213+0100: 14931.684: [GC pause (G1 Evacuation Pause) (young), 0.0199803 secs]
   [Parallel Time: 19.6 ms, GC Workers: 1]
      [GC Worker Start (ms):  14931684.0]
      [Ext Root Scanning (ms):  1.4]
      [Update RS (ms):  3.1]
         [Processed Buffers:  30]
      [Scan RS (ms):  3.0]
      [Code Root Scanning (ms):  0.0]
      [Object Copy (ms):  12.1]
      [Termination (ms):  0.0]
         [Termination Attempts:  1]
      [GC Worker Other (ms):  0.0]
      [GC Worker Total (ms):  19.6]
      [GC Worker End (ms):  14931703.6]
   [Code Root Fixup: 0.0 ms]
   [Code Root Purge: 0.0 ms]
   [Clear CT: 0.0 ms]
   [Other: 0.3 ms]
      [Choose CSet: 0.0 ms]
      [Ref Proc: 0.0 ms]
      [Ref Enq: 0.0 ms]
      [Redirty Cards: 0.0 ms]
      [Humongous Register: 0.0 ms]
      [Humongous Reclaim: 0.0 ms]
      [Free CSet: 0.0 ms]
   [Eden: 46.0M(46.0M)->0.0B(46.0M) Survivors: 5120.0K->5120.0K Heap: 334.4M(1024.0M)->290.0M(1024.0M)]
 [Times: user=0.02 sys=0.00, real=0.02 secs] 
2016-12-19T21:58:48.436+0100: 14962.906: [GC pause (G1 Evacuation Pause) (young), 0.0209139 secs]
   [Parallel Time: 19.1 ms, GC Workers: 1]
      [GC Worker Start (ms):  14962907.7]
      [Ext Root Scanning (ms):  1.1]
      [Update RS (ms):  3.4]
         [Processed Buffers:  29]
      [Scan RS (ms):  3.2]
      [Code Root Scanning (ms):  0.0]
      [Object Copy (ms):  11.4]
      [Termination (ms):  0.0]
         [Termination Attempts:  1]
      [GC Worker Other (ms):  0.0]
      [GC Worker Total (ms):  19.1]
      [GC Worker End (ms):  14962926.8]
   [Code Root Fixup: 0.0 ms]
   [Code Root Purge: 0.0 ms]
   [Clear CT: 0.0 ms]
   [Other: 1.7 ms]
      [Choose CSet: 0.0 ms]
      [Ref Proc: 0.0 ms]
      [Ref Enq: 0.0 ms]
      [Redirty Cards: 0.0 ms]
      [Humongous Register: 0.0 ms]
      [Humongous Reclaim: 0.0 ms]
      [Free CSet: 0.0 ms]
   [Eden: 46.0M(46.0M)->0.0B(47.0M) Survivors: 5120.0K->4096.0K Heap: 336.0M(1024.0M)->290.5M(1024.0M)]
 [Times: user=0.02 sys=0.00, real=0.02 secs] 
2016-12-19T21:59:17.592+0100: 14992.063: [GC pause (G1 Evacuation Pause) (young), 0.0169658 secs]
   [Parallel Time: 16.5 ms, GC Workers: 1]
      [GC Worker Start (ms):  14992062.9]
      [Ext Root Scanning (ms):  0.9]
      [Update RS (ms):  2.9]
         [Processed Buffers:  29]
      [Scan RS (ms):  3.5]
      [Code Root Scanning (ms):  0.0]
      [Object Copy (ms):  9.2]
      [Termination (ms):  0.0]
         [Termination Attempts:  1]
      [GC Worker Other (ms):  0.0]
      [GC Worker Total (ms):  16.5]
      [GC Worker End (ms):  14992079.4]
   [Code Root Fixup: 0.0 ms]
   [Code Root Purge: 0.0 ms]
   [Clear CT: 0.0 ms]
   [Other: 0.3 ms]
      [Choose CSet: 0.0 ms]
      [Ref Proc: 0.0 ms]
      [Ref Enq: 0.0 ms]
      [Redirty Cards: 0.0 ms]
      [Humongous Register: 0.0 ms]
      [Humongous Reclaim: 0.0 ms]
      [Free CSet: 0.1 ms]
   [Eden: 47.0M(47.0M)->0.0B(47.0M) Survivors: 4096.0K->4096.0K Heap: 337.5M(1024.0M)->290.5M(1024.0M)]
 [Times: user=0.02 sys=0.00, real=0.01 secs] 
2016-12-19T21:59:48.448+0100: 15022.918: [GC pause (G1 Evacuation Pause) (young), 0.0188955 secs]
   [Parallel Time: 18.4 ms, GC Workers: 1]
      [GC Worker Start (ms):  15022918.4]
      [Ext Root Scanning (ms):  0.9]
      [Update RS (ms):  2.2]
         [Processed Buffers:  32]
      [Scan RS (ms):  3.2]
      [Code Root Scanning (ms):  0.0]
      [Object Copy (ms):  12.1]
      [Termination (ms):  0.0]
         [Termination Attempts:  1]
      [GC Worker Other (ms):  0.0]
      [GC Worker Total (ms):  18.4]
      [GC Worker End (ms):  15022936.8]
   [Code Root Fixup: 0.0 ms]
   [Code Root Purge: 0.0 ms]
   [Clear CT: 0.0 ms]
   [Other: 0.4 ms]
      [Choose CSet: 0.0 ms]
      [Ref Proc: 0.0 ms]
      [Ref Enq: 0.0 ms]
      [Redirty Cards: 0.1 ms]
      [Humongous Register: 0.0 ms]
      [Humongous Reclaim: 0.0 ms]
      [Free CSet: 0.0 ms]
   [Eden: 47.0M(47.0M)->0.0B(45.0M) Survivors: 4096.0K->6144.0K Heap: 337.5M(1024.0M)->292.0M(1024.0M)]
 [Times: user=0.02 sys=0.00, real=0.02 secs] 
2016-12-19T22:00:16.342+0100: 15050.813: [GC pause (G1 Evacuation Pause) (young), 0.0187295 secs]
   [Parallel Time: 18.3 ms, GC Workers: 1]
      [GC Worker Start (ms):  15050813.2]
      [Ext Root Scanning (ms):  1.2]
      [Update RS (ms):  2.1]
         [Processed Buffers:  29]
      [Scan RS (ms):  3.0]
      [Code Root Scanning (ms):  0.0]
      [Object Copy (ms):  11.9]
      [Termination (ms):  0.0]
         [Termination Attempts:  1]
      [GC Worker Other (ms):  0.0]
      [GC Worker Total (ms):  18.3]
      [GC Worker End (ms):  15050831.5]
   [Code Root Fixup: 0.0 ms]
   [Code Root Purge: 0.0 ms]
   [Clear CT: 0.0 ms]
   [Other: 0.4 ms]
      [Choose CSet: 0.0 ms]
      [Ref Proc: 0.0 ms]
      [Ref Enq: 0.0 ms]
      [Redirty Cards: 0.0 ms]
      [Humongous Register: 0.1 ms]
      [Humongous Reclaim: 0.0 ms]
      [Free CSet: 0.0 ms]
   [Eden: 45.0M(45.0M)->0.0B(46.0M) Survivors: 6144.0K->5120.0K Heap: 337.0M(1024.0M)->292.4M(1024.0M)]
 [Times: user=0.02 sys=0.00, real=0.02 secs] 
2016-12-19T22:00:45.532+0100: 15080.003: [GC pause (G1 Evacuation Pause) (young), 0.0202187 secs]
   [Parallel Time: 19.8 ms, GC Workers: 1]
      [GC Worker Start (ms):  15080003.0]
      [Ext Root Scanning (ms):  1.5]
      [Update RS (ms):  2.9]
         [Processed Buffers:  30]
      [Scan RS (ms):  3.3]
      [Code Root Scanning (ms):  0.0]
      [Object Copy (ms):  12.0]
      [Termination (ms):  0.0]
         [Termination Attempts:  1]
      [GC Worker Other (ms):  0.0]
      [GC Worker Total (ms):  19.7]
      [GC Worker End (ms):  15080022.7]
   [Code Root Fixup: 0.0 ms]
   [Code Root Purge: 0.0 ms]
   [Clear CT: 0.0 ms]
   [Other: 0.4 ms]
      [Choose CSet: 0.0 ms]
      [Ref Proc: 0.0 ms]
      [Ref Enq: 0.0 ms]
      [Redirty Cards: 0.0 ms]
      [Humongous Register: 0.0 ms]
      [Humongous Reclaim: 0.0 ms]
      [Free CSet: 0.0 ms]
   [Eden: 46.0M(46.0M)->0.0B(46.0M) Survivors: 5120.0K->5120.0K Heap: 338.4M(1024.0M)->294.0M(1024.0M)]
 [Times: user=0.01 sys=0.01, real=0.02 secs] 
2016-12-19T22:01:14.038+0100: 15108.508: [GC pause (G1 Evacuation Pause) (young), 0.0197862 secs]
   [Parallel Time: 19.3 ms, GC Workers: 1]
      [GC Worker Start (ms):  15108509.4]
      [Ext Root Scanning (ms):  1.0]
      [Update RS (ms):  2.5]
         [Processed Buffers:  31]
      [Scan RS (ms):  3.3]
      [Code Root Scanning (ms):  0.0]
      [Object Copy (ms):  11.4]
      [Termination (ms):  0.0]
         [Termination Attempts:  1]
      [GC Worker Other (ms):  0.0]
      [GC Worker Total (ms):  18.2]
      [GC Worker End (ms):  15108527.7]
   [Code Root Fixup: 0.0 ms]
   [Code Root Purge: 0.0 ms]
   [Clear CT: 0.0 ms]
   [Other: 0.4 ms]
      [Choose CSet: 0.0 ms]
      [Ref Proc: 0.0 ms]
      [Ref Enq: 0.0 ms]
      [Redirty Cards: 0.0 ms]
      [Humongous Register: 0.1 ms]
      [Humongous Reclaim: 0.0 ms]
      [Free CSet: 0.0 ms]
   [Eden: 46.0M(46.0M)->0.0B(47.0M) Survivors: 5120.0K->4096.0K Heap: 340.0M(1024.0M)->294.5M(1024.0M)]
 [Times: user=0.02 sys=0.00, real=0.02 secs] 
2016-12-19T22:01:46.741+0100: 15141.211: [GC pause (G1 Evacuation Pause) (young), 0.0173880 secs]
   [Parallel Time: 16.9 ms, GC Workers: 1]
      [GC Worker Start (ms):  15141211.4]
      [Ext Root Scanning (ms):  0.9]
      [Update RS (ms):  2.4]
         [Processed Buffers:  29]
      [Scan RS (ms):  4.1]
      [Code Root Scanning (ms):  0.0]
      [Object Copy (ms):  9.5]
      [Termination (ms):  0.0]
         [Termination Attempts:  1]
      [GC Worker Other (ms):  0.0]
      [GC Worker Total (ms):  16.9]
      [GC Worker End (ms):  15141228.3]
   [Code Root Fixup: 0.0 ms]
   [Code Root Purge: 0.0 ms]
   [Clear CT: 0.0 ms]
   [Other: 0.4 ms]
      [Choose CSet: 0.0 ms]
      [Ref Proc: 0.0 ms]
      [Ref Enq: 0.0 ms]
      [Redirty Cards: 0.0 ms]
      [Humongous Register: 0.1 ms]
      [Humongous Reclaim: 0.0 ms]
      [Free CSet: 0.1 ms]
   [Eden: 47.0M(47.0M)->0.0B(47.0M) Survivors: 4096.0K->4096.0K Heap: 341.5M(1024.0M)->294.5M(1024.0M)]
 [Times: user=0.02 sys=0.00, real=0.02 secs] 
2016-12-19T22:02:21.098+0100: 15175.569: [GC pause (G1 Evacuation Pause) (young), 0.0195071 secs]
   [Parallel Time: 18.9 ms, GC Workers: 1]
      [GC Worker Start (ms):  15175569.1]
      [Ext Root Scanning (ms):  1.1]
      [Update RS (ms):  2.5]
         [Processed Buffers:  31]
      [Scan RS (ms):  3.7]
      [Code Root Scanning (ms):  0.0]
      [Object Copy (ms):  11.6]
      [Termination (ms):  0.0]
         [Termination Attempts:  1]
      [GC Worker Other (ms):  0.0]
      [GC Worker Total (ms):  18.9]
      [GC Worker End (ms):  15175588.0]
   [Code Root Fixup: 0.0 ms]
   [Code Root Purge: 0.0 ms]
   [Clear CT: 0.0 ms]
   [Other: 0.5 ms]
      [Choose CSet: 0.0 ms]
      [Ref Proc: 0.0 ms]
      [Ref Enq: 0.0 ms]
      [Redirty Cards: 0.0 ms]
      [Humongous Register: 0.1 ms]
      [Humongous Reclaim: 0.1 ms]
      [Free CSet: 0.0 ms]
   [Eden: 47.0M(47.0M)->0.0B(45.0M) Survivors: 4096.0K->6144.0K Heap: 341.5M(1024.0M)->296.0M(1024.0M)]
 [Times: user=0.02 sys=0.00, real=0.02 secs] 
2016-12-19T22:02:49.409+0100: 15203.879: [GC pause (G1 Evacuation Pause) (young), 0.0209284 secs]
   [Parallel Time: 20.5 ms, GC Workers: 1]
      [GC Worker Start (ms):  15203879.4]
      [Ext Root Scanning (ms):  1.1]
      [Update RS (ms):  3.3]
         [Processed Buffers:  30]
      [Scan RS (ms):  3.2]
      [Code Root Scanning (ms):  0.0]
      [Object Copy (ms):  12.9]
      [Termination (ms):  0.0]
         [Termination Attempts:  1]
      [GC Worker Other (ms):  0.0]
      [GC Worker Total (ms):  20.4]
      [GC Worker End (ms):  15203899.8]
   [Code Root Fixup: 0.0 ms]
   [Code Root Purge: 0.0 ms]
   [Clear CT: 0.0 ms]
   [Other: 0.4 ms]
      [Choose CSet: 0.0 ms]
      [Ref Proc: 0.0 ms]
      [Ref Enq: 0.0 ms]
      [Redirty Cards: 0.0 ms]
      [Humongous Register: 0.1 ms]
      [Humongous Reclaim: 0.0 ms]
      [Free CSet: 0.0 ms]
   [Eden: 45.0M(45.0M)->0.0B(46.0M) Survivors: 6144.0K->5120.0K Heap: 341.0M(1024.0M)->296.4M(1024.0M)]
 [Times: user=0.02 sys=0.00, real=0.02 secs] 
2016-12-19T22:03:17.278+0100: 15231.749: [GC pause (G1 Evacuation Pause) (young), 0.0242083 secs]
   [Parallel Time: 23.6 ms, GC Workers: 1]
      [GC Worker Start (ms):  15231748.9]
      [Ext Root Scanning (ms):  1.1]
      [Update RS (ms):  2.8]
         [Processed Buffers:  36]
      [Scan RS (ms):  3.4]
      [Code Root Scanning (ms):  0.0]
      [Object Copy (ms):  16.3]
      [Termination (ms):  0.0]
         [Termination Attempts:  1]
      [GC Worker Other (ms):  0.0]
      [GC Worker Total (ms):  23.6]
      [GC Worker End (ms):  15231772.5]
   [Code Root Fixup: 0.0 ms]
   [Code Root Purge: 0.0 ms]
   [Clear CT: 0.0 ms]
   [Other: 0.5 ms]
      [Choose CSet: 0.0 ms]
      [Ref Proc: 0.0 ms]
      [Ref Enq: 0.0 ms]
      [Redirty Cards: 0.0 ms]
      [Humongous Register: 0.0 ms]
      [Humongous Reclaim: 0.0 ms]
      [Free CSet: 0.1 ms]
   [Eden: 46.0M(46.0M)->0.0B(46.0M) Survivors: 5120.0K->5120.0K Heap: 342.4M(1024.0M)->298.0M(1024.0M)]
 [Times: user=0.02 sys=0.00, real=0.02 secs] 
2016-12-19T22:03:44.186+0100: 15258.657: [GC pause (G1 Evacuation Pause) (young), 0.0206669 secs]
   [Parallel Time: 20.2 ms, GC Workers: 1]
      [GC Worker Start (ms):  15258657.0]
      [Ext Root Scanning (ms):  0.9]
      [Update RS (ms):  2.1]
         [Processed Buffers:  32]
      [Scan RS (ms):  3.3]
      [Code Root Scanning (ms):  0.0]
      [Object Copy (ms):  13.9]
      [Termination (ms):  0.0]
         [Termination Attempts:  1]
      [GC Worker Other (ms):  0.0]
      [GC Worker Total (ms):  20.2]
      [GC Worker End (ms):  15258677.2]
   [Code Root Fixup: 0.0 ms]
   [Code Root Purge: 0.0 ms]
   [Clear CT: 0.0 ms]
   [Other: 0.3 ms]
      [Choose CSet: 0.0 ms]
      [Ref Proc: 0.0 ms]
      [Ref Enq: 0.0 ms]
      [Redirty Cards: 0.0 ms]
      [Humongous Register: 0.0 ms]
      [Humongous Reclaim: 0.0 ms]
      [Free CSet: 0.0 ms]
   [Eden: 46.0M(46.0M)->0.0B(47.0M) Survivors: 5120.0K->4096.0K Heap: 344.0M(1024.0M)->298.5M(1024.0M)]
 [Times: user=0.02 sys=0.00, real=0.02 secs] 
2016-12-19T22:04:12.687+0100: 15287.158: [GC pause (G1 Evacuation Pause) (young), 0.0242577 secs]
   [Parallel Time: 23.4 ms, GC Workers: 1]
      [GC Worker Start (ms):  15287158.2]
      [Ext Root Scanning (ms):  1.4]
      [Update RS (ms):  3.0]
         [Processed Buffers:  36]
      [Scan RS (ms):  4.2]
      [Code Root Scanning (ms):  0.0]
      [Object Copy (ms):  14.7]
      [Termination (ms):  0.0]
         [Termination Attempts:  1]
      [GC Worker Other (ms):  0.0]
      [GC Worker Total (ms):  23.3]
      [GC Worker End (ms):  15287181.6]
   [Code Root Fixup: 0.1 ms]
   [Code Root Purge: 0.0 ms]
   [Clear CT: 0.0 ms]
   [Other: 0.7 ms]
      [Choose CSet: 0.0 ms]
      [Ref Proc: 0.1 ms]
      [Ref Enq: 0.0 ms]
      [Redirty Cards: 0.1 ms]
      [Humongous Register: 0.1 ms]
      [Humongous Reclaim: 0.0 ms]
      [Free CSet: 0.1 ms]
   [Eden: 47.0M(47.0M)->0.0B(47.0M) Survivors: 4096.0K->4096.0K Heap: 345.5M(1024.0M)->298.5M(1024.0M)]
 [Times: user=0.02 sys=0.00, real=0.03 secs] 
2016-12-19T22:04:40.643+0100: 15315.114: [GC pause (G1 Evacuation Pause) (young), 0.0219219 secs]
   [Parallel Time: 21.5 ms, GC Workers: 1]
      [GC Worker Start (ms):  15315113.7]
      [Ext Root Scanning (ms):  1.9]
      [Update RS (ms):  2.6]
         [Processed Buffers:  31]
      [Scan RS (ms):  4.7]
      [Code Root Scanning (ms):  0.0]
      [Object Copy (ms):  12.3]
      [Termination (ms):  0.0]
         [Termination Attempts:  1]
      [GC Worker Other (ms):  0.0]
      [GC Worker Total (ms):  21.5]
      [GC Worker End (ms):  15315135.2]
   [Code Root Fixup: 0.0 ms]
   [Code Root Purge: 0.0 ms]
   [Clear CT: 0.0 ms]
   [Other: 0.3 ms]
      [Choose CSet: 0.0 ms]
      [Ref Proc: 0.0 ms]
      [Ref Enq: 0.0 ms]
      [Redirty Cards: 0.0 ms]
      [Humongous Register: 0.0 ms]
      [Humongous Reclaim: 0.0 ms]
      [Free CSet: 0.1 ms]
   [Eden: 47.0M(47.0M)->0.0B(45.0M) Survivors: 4096.0K->6144.0K Heap: 345.5M(1024.0M)->300.0M(1024.0M)]
 [Times: user=0.02 sys=0.00, real=0.02 secs] 
2016-12-19T22:05:07.541+0100: 15342.011: [GC pause (G1 Evacuation Pause) (young), 0.0198697 secs]
   [Parallel Time: 19.4 ms, GC Workers: 1]
      [GC Worker Start (ms):  15342011.6]
      [Ext Root Scanning (ms):  1.3]
      [Update RS (ms):  2.2]
         [Processed Buffers:  30]
      [Scan RS (ms):  3.4]
      [Code Root Scanning (ms):  0.0]
      [Object Copy (ms):  12.5]
      [Termination (ms):  0.0]
         [Termination Attempts:  1]
      [GC Worker Other (ms):  0.0]
      [GC Worker Total (ms):  19.4]
      [GC Worker End (ms):  15342030.9]
   [Code Root Fixup: 0.0 ms]
   [Code Root Purge: 0.0 ms]
   [Clear CT: 0.0 ms]
   [Other: 0.4 ms]
      [Choose CSet: 0.0 ms]
      [Ref Proc: 0.0 ms]
      [Ref Enq: 0.0 ms]
      [Redirty Cards: 0.1 ms]
      [Humongous Register: 0.1 ms]
      [Humongous Reclaim: 0.0 ms]
      [Free CSet: 0.0 ms]
   [Eden: 45.0M(45.0M)->0.0B(46.0M) Survivors: 6144.0K->5120.0K Heap: 345.0M(1024.0M)->300.4M(1024.0M)]
 [Times: user=0.02 sys=0.00, real=0.02 secs] 
2016-12-19T22:05:35.200+0100: 15369.670: [GC pause (G1 Evacuation Pause) (young), 0.0208369 secs]
   [Parallel Time: 20.3 ms, GC Workers: 1]
      [GC Worker Start (ms):  15369670.4]
      [Ext Root Scanning (ms):  1.1]
      [Update RS (ms):  2.9]
         [Processed Buffers:  31]
      [Scan RS (ms):  3.4]
      [Code Root Scanning (ms):  0.0]
      [Object Copy (ms):  12.9]
      [Termination (ms):  0.0]
         [Termination Attempts:  1]
      [GC Worker Other (ms):  0.0]
      [GC Worker Total (ms):  20.3]
      [GC Worker End (ms):  15369690.7]
   [Code Root Fixup: 0.0 ms]
   [Code Root Purge: 0.0 ms]
   [Clear CT: 0.0 ms]
   [Other: 0.4 ms]
      [Choose CSet: 0.0 ms]
      [Ref Proc: 0.0 ms]
      [Ref Enq: 0.0 ms]
      [Redirty Cards: 0.0 ms]
      [Humongous Register: 0.1 ms]
      [Humongous Reclaim: 0.0 ms]
      [Free CSet: 0.0 ms]
   [Eden: 46.0M(46.0M)->0.0B(46.0M) Survivors: 5120.0K->5120.0K Heap: 346.4M(1024.0M)->302.0M(1024.0M)]
 [Times: user=0.03 sys=0.00, real=0.02 secs] 
2016-12-19T22:06:04.241+0100: 15398.711: [GC pause (G1 Evacuation Pause) (young), 0.0192648 secs]
   [Parallel Time: 18.8 ms, GC Workers: 1]
      [GC Worker Start (ms):  15398711.5]
      [Ext Root Scanning (ms):  1.1]
      [Update RS (ms):  2.9]
         [Processed Buffers:  30]
      [Scan RS (ms):  3.3]
      [Code Root Scanning (ms):  0.0]
      [Object Copy (ms):  11.5]
      [Termination (ms):  0.0]
         [Termination Attempts:  1]
      [GC Worker Other (ms):  0.0]
      [GC Worker Total (ms):  18.8]
      [GC Worker End (ms):  15398730.3]
   [Code Root Fixup: 0.0 ms]
   [Code Root Purge: 0.0 ms]
   [Clear CT: 0.0 ms]
   [Other: 0.4 ms]
      [Choose CSet: 0.0 ms]
      [Ref Proc: 0.0 ms]
      [Ref Enq: 0.0 ms]
      [Redirty Cards: 0.0 ms]
      [Humongous Register: 0.0 ms]
      [Humongous Reclaim: 0.0 ms]
      [Free CSet: 0.0 ms]
   [Eden: 46.0M(46.0M)->0.0B(47.0M) Survivors: 5120.0K->4096.0K Heap: 348.0M(1024.0M)->302.5M(1024.0M)]
 [Times: user=0.02 sys=0.00, real=0.02 secs] 
2016-12-19T22:06:34.219+0100: 15428.690: [GC pause (G1 Evacuation Pause) (young), 0.0230310 secs]
   [Parallel Time: 22.5 ms, GC Workers: 1]
      [GC Worker Start (ms):  15428690.1]
      [Ext Root Scanning (ms):  1.2]
      [Update RS (ms):  3.2]
         [Processed Buffers:  31]
      [Scan RS (ms):  6.7]
      [Code Root Scanning (ms):  0.0]
      [Object Copy (ms):  11.3]
      [Termination (ms):  0.0]
         [Termination Attempts:  1]
      [GC Worker Other (ms):  0.0]
      [GC Worker Total (ms):  22.4]
      [GC Worker End (ms):  15428712.5]
   [Code Root Fixup: 0.0 ms]
   [Code Root Purge: 0.0 ms]
   [Clear CT: 0.0 ms]
   [Other: 0.5 ms]
      [Choose CSet: 0.0 ms]
      [Ref Proc: 0.0 ms]
      [Ref Enq: 0.0 ms]
      [Redirty Cards: 0.0 ms]
      [Humongous Register: 0.1 ms]
      [Humongous Reclaim: 0.0 ms]
      [Free CSet: 0.1 ms]
   [Eden: 47.0M(47.0M)->0.0B(47.0M) Survivors: 4096.0K->4096.0K Heap: 349.5M(1024.0M)->302.5M(1024.0M)]
 [Times: user=0.02 sys=0.00, real=0.02 secs] 
2016-12-19T22:07:03.011+0100: 15457.482: [GC pause (G1 Evacuation Pause) (young), 0.0216758 secs]
   [Parallel Time: 21.2 ms, GC Workers: 1]
      [GC Worker Start (ms):  15457481.9]
      [Ext Root Scanning (ms):  1.2]
      [Update RS (ms):  3.0]
         [Processed Buffers:  31]
      [Scan RS (ms):  3.4]
      [Code Root Scanning (ms):  0.0]
      [Object Copy (ms):  13.0]
      [Termination (ms):  0.0]
         [Termination Attempts:  1]
      [GC Worker Other (ms):  0.6]
      [GC Worker Total (ms):  21.2]
      [GC Worker End (ms):  15457503.1]
   [Code Root Fixup: 0.0 ms]
   [Code Root Purge: 0.0 ms]
   [Clear CT: 0.0 ms]
   [Other: 0.4 ms]
      [Choose CSet: 0.0 ms]
      [Ref Proc: 0.0 ms]
      [Ref Enq: 0.0 ms]
      [Redirty Cards: 0.0 ms]
      [Humongous Register: 0.1 ms]
      [Humongous Reclaim: 0.0 ms]
      [Free CSet: 0.0 ms]
   [Eden: 47.0M(47.0M)->0.0B(45.0M) Survivors: 4096.0K->6144.0K Heap: 349.5M(1024.0M)->304.0M(1024.0M)]
 [Times: user=0.02 sys=0.00, real=0.02 secs] 
2016-12-19T22:07:29.863+0100: 15484.333: [GC pause (G1 Evacuation Pause) (young), 0.0257457 secs]
   [Parallel Time: 25.2 ms, GC Workers: 1]
      [GC Worker Start (ms):  15484333.8]
      [Ext Root Scanning (ms):  3.3]
      [Update RS (ms):  3.6]
         [Processed Buffers:  31]
      [Scan RS (ms):  4.3]
      [Code Root Scanning (ms):  0.0]
      [Object Copy (ms):  13.8]
      [Termination (ms):  0.0]
         [Termination Attempts:  1]
      [GC Worker Other (ms):  0.0]
      [GC Worker Total (ms):  24.9]
      [GC Worker End (ms):  15484358.7]
   [Code Root Fixup: 0.0 ms]
   [Code Root Purge: 0.0 ms]
   [Clear CT: 0.0 ms]
   [Other: 0.5 ms]
      [Choose CSet: 0.0 ms]
      [Ref Proc: 0.0 ms]
      [Ref Enq: 0.0 ms]
      [Redirty Cards: 0.0 ms]
      [Humongous Register: 0.1 ms]
      [Humongous Reclaim: 0.0 ms]
      [Free CSet: 0.0 ms]
   [Eden: 45.0M(45.0M)->0.0B(46.0M) Survivors: 6144.0K->5120.0K Heap: 349.0M(1024.0M)->304.4M(1024.0M)]
 [Times: user=0.02 sys=0.00, real=0.02 secs] 
2016-12-19T22:07:57.801+0100: 15512.272: [GC pause (G1 Evacuation Pause) (young), 0.0231756 secs]
   [Parallel Time: 22.7 ms, GC Workers: 1]
      [GC Worker Start (ms):  15512272.2]
      [Ext Root Scanning (ms):  2.0]
      [Update RS (ms):  4.0]
         [Processed Buffers:  31]
      [Scan RS (ms):  3.3]
      [Code Root Scanning (ms):  0.0]
      [Object Copy (ms):  13.4]
      [Termination (ms):  0.0]
         [Termination Attempts:  1]
      [GC Worker Other (ms):  0.0]
      [GC Worker Total (ms):  22.6]
      [GC Worker End (ms):  15512294.8]
   [Code Root Fixup: 0.0 ms]
   [Code Root Purge: 0.0 ms]
   [Clear CT: 0.0 ms]
   [Other: 0.4 ms]
      [Choose CSet: 0.0 ms]
      [Ref Proc: 0.0 ms]
      [Ref Enq: 0.0 ms]
      [Redirty Cards: 0.0 ms]
      [Humongous Register: 0.1 ms]
      [Humongous Reclaim: 0.1 ms]
      [Free CSet: 0.0 ms]
   [Eden: 46.0M(46.0M)->0.0B(46.0M) Survivors: 5120.0K->5120.0K Heap: 350.4M(1024.0M)->306.0M(1024.0M)]
 [Times: user=0.02 sys=0.00, real=0.03 secs] 
2016-12-19T22:08:26.207+0100: 15540.677: [GC pause (G1 Evacuation Pause) (young), 0.0254687 secs]
   [Parallel Time: 25.0 ms, GC Workers: 1]
      [GC Worker Start (ms):  15540677.3]
      [Ext Root Scanning (ms):  2.1]
      [Update RS (ms):  3.5]
         [Processed Buffers:  31]
      [Scan RS (ms):  3.9]
      [Code Root Scanning (ms):  0.0]
      [Object Copy (ms):  15.4]
      [Termination (ms):  0.0]
         [Termination Attempts:  1]
      [GC Worker Other (ms):  0.0]
      [GC Worker Total (ms):  24.9]
      [GC Worker End (ms):  15540702.2]
   [Code Root Fixup: 0.0 ms]
   [Code Root Purge: 0.0 ms]
   [Clear CT: 0.0 ms]
   [Other: 0.4 ms]
      [Choose CSet: 0.0 ms]
      [Ref Proc: 0.0 ms]
      [Ref Enq: 0.0 ms]
      [Redirty Cards: 0.0 ms]
      [Humongous Register: 0.1 ms]
      [Humongous Reclaim: 0.0 ms]
      [Free CSet: 0.1 ms]
   [Eden: 46.0M(46.0M)->0.0B(47.0M) Survivors: 5120.0K->4096.0K Heap: 352.0M(1024.0M)->306.5M(1024.0M)]
 [Times: user=0.02 sys=0.00, real=0.02 secs] 
2016-12-19T22:08:57.269+0100: 15571.740: [GC pause (G1 Evacuation Pause) (young), 0.0194360 secs]
   [Parallel Time: 18.9 ms, GC Workers: 1]
      [GC Worker Start (ms):  15571740.0]
      [Ext Root Scanning (ms):  2.3]
      [Update RS (ms):  2.9]
         [Processed Buffers:  32]
      [Scan RS (ms):  4.0]
      [Code Root Scanning (ms):  0.0]
      [Object Copy (ms):  9.5]
      [Termination (ms):  0.0]
         [Termination Attempts:  1]
      [GC Worker Other (ms):  0.0]
      [GC Worker Total (ms):  18.9]
      [GC Worker End (ms):  15571758.9]
   [Code Root Fixup: 0.0 ms]
   [Code Root Purge: 0.0 ms]
   [Clear CT: 0.0 ms]
   [Other: 0.5 ms]
      [Choose CSet: 0.0 ms]
      [Ref Proc: 0.0 ms]
      [Ref Enq: 0.0 ms]
      [Redirty Cards: 0.0 ms]
      [Humongous Register: 0.0 ms]
      [Humongous Reclaim: 0.0 ms]
      [Free CSet: 0.1 ms]
   [Eden: 47.0M(47.0M)->0.0B(47.0M) Survivors: 4096.0K->4096.0K Heap: 353.5M(1024.0M)->306.5M(1024.0M)]
 [Times: user=0.02 sys=0.00, real=0.02 secs] 
2016-12-19T22:09:26.649+0100: 15601.120: [GC pause (G1 Evacuation Pause) (young), 0.0353156 secs]
   [Parallel Time: 34.6 ms, GC Workers: 1]
      [GC Worker Start (ms):  15601119.7]
      [Ext Root Scanning (ms):  3.0]
      [Update RS (ms):  9.7]
         [Processed Buffers:  29]
      [Scan RS (ms):  4.5]
      [Code Root Scanning (ms):  0.0]
      [Object Copy (ms):  17.3]
      [Termination (ms):  0.0]
         [Termination Attempts:  1]
      [GC Worker Other (ms):  0.0]
      [GC Worker Total (ms):  34.6]
      [GC Worker End (ms):  15601154.3]
   [Code Root Fixup: 0.1 ms]
   [Code Root Purge: 0.0 ms]
   [Clear CT: 0.0 ms]
   [Other: 0.6 ms]
      [Choose CSet: 0.0 ms]
      [Ref Proc: 0.1 ms]
      [Ref Enq: 0.0 ms]
      [Redirty Cards: 0.1 ms]
      [Humongous Register: 0.0 ms]
      [Humongous Reclaim: 0.1 ms]
      [Free CSet: 0.1 ms]
   [Eden: 47.0M(47.0M)->0.0B(45.0M) Survivors: 4096.0K->6144.0K Heap: 353.5M(1024.0M)->308.0M(1024.0M)]
 [Times: user=0.03 sys=0.00, real=0.04 secs] 
2016-12-19T22:09:55.276+0100: 15629.747: [GC pause (G1 Evacuation Pause) (young), 0.0262497 secs]
   [Parallel Time: 25.8 ms, GC Workers: 1]
      [GC Worker Start (ms):  15629746.9]
      [Ext Root Scanning (ms):  2.5]
      [Update RS (ms):  3.7]
         [Processed Buffers:  30]
      [Scan RS (ms):  4.5]
      [Code Root Scanning (ms):  0.0]
      [Object Copy (ms):  15.0]
      [Termination (ms):  0.0]
         [Termination Attempts:  1]
      [GC Worker Other (ms):  0.0]
      [GC Worker Total (ms):  25.7]
      [GC Worker End (ms):  15629772.7]
   [Code Root Fixup: 0.0 ms]
   [Code Root Purge: 0.0 ms]
   [Clear CT: 0.0 ms]
   [Other: 0.4 ms]
      [Choose CSet: 0.0 ms]
      [Ref Proc: 0.0 ms]
      [Ref Enq: 0.0 ms]
      [Redirty Cards: 0.0 ms]
      [Humongous Register: 0.1 ms]
      [Humongous Reclaim: 0.0 ms]
      [Free CSet: 0.0 ms]
   [Eden: 45.0M(45.0M)->0.0B(47.0M) Survivors: 6144.0K->4096.0K Heap: 353.0M(1024.0M)->308.6M(1024.0M)]
 [Times: user=0.02 sys=0.00, real=0.03 secs] 
2016-12-19T22:10:24.230+0100: 15658.701: [GC pause (G1 Evacuation Pause) (young), 0.0207715 secs]
   [Parallel Time: 20.3 ms, GC Workers: 1]
      [GC Worker Start (ms):  15658700.7]
      [Ext Root Scanning (ms):  1.0]
      [Update RS (ms):  2.5]
         [Processed Buffers:  34]
      [Scan RS (ms):  4.1]
      [Code Root Scanning (ms):  0.0]
      [Object Copy (ms):  12.7]
      [Termination (ms):  0.0]
         [Termination Attempts:  1]
      [GC Worker Other (ms):  0.0]
      [GC Worker Total (ms):  20.3]
      [GC Worker End (ms):  15658720.9]
   [Code Root Fixup: 0.1 ms]
   [Code Root Purge: 0.0 ms]
   [Clear CT: 0.0 ms]
   [Other: 0.4 ms]
      [Choose CSet: 0.0 ms]
      [Ref Proc: 0.0 ms]
      [Ref Enq: 0.0 ms]
      [Redirty Cards: 0.0 ms]
      [Humongous Register: 0.0 ms]
      [Humongous Reclaim: 0.0 ms]
      [Free CSet: 0.1 ms]
   [Eden: 47.0M(47.0M)->0.0B(46.0M) Survivors: 4096.0K->5120.0K Heap: 355.6M(1024.0M)->309.6M(1024.0M)]
 [Times: user=0.02 sys=0.00, real=0.03 secs] 
2016-12-19T22:10:52.186+0100: 15686.656: [GC pause (G1 Evacuation Pause) (young), 0.0197871 secs]
   [Parallel Time: 19.3 ms, GC Workers: 1]
      [GC Worker Start (ms):  15686656.5]
      [Ext Root Scanning (ms):  1.1]
      [Update RS (ms):  3.2]
         [Processed Buffers:  30]
      [Scan RS (ms):  3.1]
      [Code Root Scanning (ms):  0.0]
      [Object Copy (ms):  11.9]
      [Termination (ms):  0.0]
         [Termination Attempts:  1]
      [GC Worker Other (ms):  0.0]
      [GC Worker Total (ms):  19.3]
      [GC Worker End (ms):  15686675.8]
   [Code Root Fixup: 0.0 ms]
   [Code Root Purge: 0.0 ms]
   [Clear CT: 0.0 ms]
   [Other: 0.4 ms]
      [Choose CSet: 0.0 ms]
      [Ref Proc: 0.0 ms]
      [Ref Enq: 0.0 ms]
      [Redirty Cards: 0.0 ms]
      [Humongous Register: 0.1 ms]
      [Humongous Reclaim: 0.0 ms]
      [Free CSet: 0.0 ms]
   [Eden: 46.0M(46.0M)->0.0B(47.0M) Survivors: 5120.0K->4096.0K Heap: 355.6M(1024.0M)->310.4M(1024.0M)]
 [Times: user=0.02 sys=0.00, real=0.01 secs] 
2016-12-19T22:11:21.528+0100: 15715.998: [GC pause (G1 Evacuation Pause) (young), 0.0220445 secs]
   [Parallel Time: 21.5 ms, GC Workers: 1]
      [GC Worker Start (ms):  15715998.5]
      [Ext Root Scanning (ms):  1.8]
      [Update RS (ms):  4.2]
         [Processed Buffers:  35]
      [Scan RS (ms):  4.0]
      [Code Root Scanning (ms):  0.0]
      [Object Copy (ms):  11.4]
      [Termination (ms):  0.0]
         [Termination Attempts:  1]
      [GC Worker Other (ms):  0.0]
      [GC Worker Total (ms):  21.5]
      [GC Worker End (ms):  15716019.9]
   [Code Root Fixup: 0.0 ms]
   [Code Root Purge: 0.0 ms]
   [Clear CT: 0.0 ms]
   [Other: 0.5 ms]
      [Choose CSet: 0.0 ms]
      [Ref Proc: 0.0 ms]
      [Ref Enq: 0.0 ms]
      [Redirty Cards: 0.0 ms]
      [Humongous Register: 0.1 ms]
      [Humongous Reclaim: 0.0 ms]
      [Free CSet: 0.1 ms]
   [Eden: 47.0M(47.0M)->0.0B(46.0M) Survivors: 4096.0K->5120.0K Heap: 357.4M(1024.0M)->310.9M(1024.0M)]
 [Times: user=0.02 sys=0.00, real=0.02 secs] 
2016-12-19T22:11:49.279+0100: 15743.750: [GC pause (G1 Evacuation Pause) (young), 0.0227251 secs]
   [Parallel Time: 22.0 ms, GC Workers: 1]
      [GC Worker Start (ms):  15743749.7]
      [Ext Root Scanning (ms):  1.0]
      [Update RS (ms):  3.7]
         [Processed Buffers:  31]
      [Scan RS (ms):  3.8]
      [Code Root Scanning (ms):  0.0]
      [Object Copy (ms):  13.4]
      [Termination (ms):  0.0]
         [Termination Attempts:  1]
      [GC Worker Other (ms):  0.0]
      [GC Worker Total (ms):  22.0]
      [GC Worker End (ms):  15743771.7]
   [Code Root Fixup: 0.0 ms]
   [Code Root Purge: 0.0 ms]
   [Clear CT: 0.0 ms]
   [Other: 0.6 ms]
      [Choose CSet: 0.0 ms]
      [Ref Proc: 0.0 ms]
      [Ref Enq: 0.0 ms]
      [Redirty Cards: 0.0 ms]
      [Humongous Register: 0.0 ms]
      [Humongous Reclaim: 0.0 ms]
      [Free CSet: 0.2 ms]
   [Eden: 46.0M(46.0M)->0.0B(46.0M) Survivors: 5120.0K->5120.0K Heap: 356.9M(1024.0M)->312.3M(1024.0M)]
 [Times: user=0.02 sys=0.00, real=0.02 secs] 
2016-12-19T22:12:17.392+0100: 15771.863: [GC pause (G1 Evacuation Pause) (young), 0.0215205 secs]
   [Parallel Time: 21.0 ms, GC Workers: 1]
      [GC Worker Start (ms):  15771863.3]
      [Ext Root Scanning (ms):  2.3]
      [Update RS (ms):  2.7]
         [Processed Buffers:  33]
      [Scan RS (ms):  3.6]
      [Code Root Scanning (ms):  0.0]
      [Object Copy (ms):  12.2]
      [Termination (ms):  0.0]
         [Termination Attempts:  1]
      [GC Worker Other (ms):  0.0]
      [GC Worker Total (ms):  20.7]
      [GC Worker End (ms):  15771884.0]
   [Code Root Fixup: 0.0 ms]
   [Code Root Purge: 0.0 ms]
   [Clear CT: 0.1 ms]
   [Other: 0.5 ms]
      [Choose CSet: 0.0 ms]
      [Ref Proc: 0.0 ms]
      [Ref Enq: 0.0 ms]
      [Redirty Cards: 0.0 ms]
      [Humongous Register: 0.1 ms]
      [Humongous Reclaim: 0.0 ms]
      [Free CSet: 0.1 ms]
   [Eden: 46.0M(46.0M)->0.0B(47.0M) Survivors: 5120.0K->4096.0K Heap: 358.3M(1024.0M)->313.0M(1024.0M)]
 [Times: user=0.02 sys=0.00, real=0.02 secs] 
2016-12-19T22:12:45.100+0100: 15799.571: [GC pause (G1 Evacuation Pause) (young), 0.0246340 secs]
   [Parallel Time: 24.1 ms, GC Workers: 1]
      [GC Worker Start (ms):  15799571.2]
      [Ext Root Scanning (ms):  1.0]
      [Update RS (ms):  3.3]
         [Processed Buffers:  33]
      [Scan RS (ms):  7.9]
      [Code Root Scanning (ms):  0.0]
      [Object Copy (ms):  11.8]
      [Termination (ms):  0.0]
         [Termination Attempts:  1]
      [GC Worker Other (ms):  0.1]
      [GC Worker Total (ms):  24.1]
      [GC Worker End (ms):  15799595.3]
   [Code Root Fixup: 0.1 ms]
   [Code Root Purge: 0.0 ms]
   [Clear CT: 0.0 ms]
   [Other: 0.4 ms]
      [Choose CSet: 0.0 ms]
      [Ref Proc: 0.0 ms]
      [Ref Enq: 0.0 ms]
      [Redirty Cards: 0.0 ms]
      [Humongous Register: 0.1 ms]
      [Humongous Reclaim: 0.0 ms]
      [Free CSet: 0.1 ms]
   [Eden: 47.0M(47.0M)->0.0B(47.0M) Survivors: 4096.0K->4096.0K Heap: 360.0M(1024.0M)->313.0M(1024.0M)]
 [Times: user=0.03 sys=0.00, real=0.03 secs] 
2016-12-19T22:13:17.656+0100: 15832.127: [GC pause (G1 Evacuation Pause) (young), 0.0184563 secs]
   [Parallel Time: 17.5 ms, GC Workers: 1]
      [GC Worker Start (ms):  15832127.0]
      [Ext Root Scanning (ms):  0.9]
      [Update RS (ms):  2.3]
         [Processed Buffers:  31]
      [Scan RS (ms):  3.0]
      [Code Root Scanning (ms):  0.0]
      [Object Copy (ms):  11.3]
      [Termination (ms):  0.0]
         [Termination Attempts:  1]
      [GC Worker Other (ms):  0.0]
      [GC Worker Total (ms):  17.4]
      [GC Worker End (ms):  15832144.4]
   [Code Root Fixup: 0.0 ms]
   [Code Root Purge: 0.0 ms]
   [Clear CT: 0.0 ms]
   [Other: 0.9 ms]
      [Choose CSet: 0.0 ms]
      [Ref Proc: 0.0 ms]
      [Ref Enq: 0.0 ms]
      [Redirty Cards: 0.6 ms]
      [Humongous Register: 0.0 ms]
      [Humongous Reclaim: 0.0 ms]
      [Free CSet: 0.0 ms]
   [Eden: 47.0M(47.0M)->0.0B(45.0M) Survivors: 4096.0K->6144.0K Heap: 360.0M(1024.0M)->314.5M(1024.0M)]
 [Times: user=0.02 sys=0.00, real=0.02 secs] 
2016-12-19T22:13:45.101+0100: 15859.571: [GC pause (G1 Evacuation Pause) (young), 0.0223818 secs]
   [Parallel Time: 21.9 ms, GC Workers: 1]
      [GC Worker Start (ms):  15859571.4]
      [Ext Root Scanning (ms):  1.4]
      [Update RS (ms):  3.3]
         [Processed Buffers:  31]
      [Scan RS (ms):  4.2]
      [Code Root Scanning (ms):  0.0]
      [Object Copy (ms):  13.0]
      [Termination (ms):  0.0]
         [Termination Attempts:  1]
      [GC Worker Other (ms):  0.0]
      [GC Worker Total (ms):  21.9]
      [GC Worker End (ms):  15859593.2]
   [Code Root Fixup: 0.1 ms]
   [Code Root Purge: 0.0 ms]
   [Clear CT: 0.0 ms]
   [Other: 0.4 ms]
      [Choose CSet: 0.0 ms]
      [Ref Proc: 0.1 ms]
      [Ref Enq: 0.0 ms]
      [Redirty Cards: 0.0 ms]
      [Humongous Register: 0.0 ms]
      [Humongous Reclaim: 0.0 ms]
      [Free CSet: 0.0 ms]
   [Eden: 45.0M(45.0M)->0.0B(46.0M) Survivors: 6144.0K->5120.0K Heap: 359.5M(1024.0M)->314.8M(1024.0M)]
 [Times: user=0.02 sys=0.00, real=0.03 secs] 
2016-12-19T22:14:11.958+0100: 15886.428: [GC pause (G1 Evacuation Pause) (young), 0.0203993 secs]
   [Parallel Time: 19.9 ms, GC Workers: 1]
      [GC Worker Start (ms):  15886428.5]
      [Ext Root Scanning (ms):  0.9]
      [Update RS (ms):  2.3]
         [Processed Buffers:  34]
      [Scan RS (ms):  4.7]
      [Code Root Scanning (ms):  0.0]
      [Object Copy (ms):  12.0]
      [Termination (ms):  0.0]
         [Termination Attempts:  1]
      [GC Worker Other (ms):  0.0]
      [GC Worker Total (ms):  19.9]
      [GC Worker End (ms):  15886448.5]
   [Code Root Fixup: 0.1 ms]
   [Code Root Purge: 0.0 ms]
   [Clear CT: 0.0 ms]
   [Other: 0.4 ms]
      [Choose CSet: 0.0 ms]
      [Ref Proc: 0.0 ms]
      [Ref Enq: 0.0 ms]
      [Redirty Cards: 0.0 ms]
      [Humongous Register: 0.0 ms]
      [Humongous Reclaim: 0.0 ms]
      [Free CSet: 0.1 ms]
   [Eden: 46.0M(46.0M)->0.0B(46.0M) Survivors: 5120.0K->5120.0K Heap: 360.8M(1024.0M)->316.5M(1024.0M)]
 [Times: user=0.02 sys=0.00, real=0.02 secs] 
2016-12-19T22:14:39.819+0100: 15914.290: [GC pause (G1 Evacuation Pause) (young), 0.0242073 secs]
   [Parallel Time: 23.7 ms, GC Workers: 1]
      [GC Worker Start (ms):  15914289.9]
      [Ext Root Scanning (ms):  2.1]
      [Update RS (ms):  3.9]
         [Processed Buffers:  35]
      [Scan RS (ms):  3.9]
      [Code Root Scanning (ms):  0.0]
      [Object Copy (ms):  13.8]
      [Termination (ms):  0.0]
         [Termination Attempts:  1]
      [GC Worker Other (ms):  0.0]
      [GC Worker Total (ms):  23.7]
      [GC Worker End (ms):  15914313.6]
   [Code Root Fixup: 0.0 ms]
   [Code Root Purge: 0.0 ms]
   [Clear CT: 0.0 ms]
   [Other: 0.4 ms]
      [Choose CSet: 0.0 ms]
      [Ref Proc: 0.0 ms]
      [Ref Enq: 0.0 ms]
      [Redirty Cards: 0.0 ms]
      [Humongous Register: 0.1 ms]
      [Humongous Reclaim: 0.0 ms]
      [Free CSet: 0.0 ms]
   [Eden: 46.0M(46.0M)->0.0B(47.0M) Survivors: 5120.0K->4096.0K Heap: 362.5M(1024.0M)->317.0M(1024.0M)]
 [Times: user=0.02 sys=0.00, real=0.03 secs] 
2016-12-19T22:15:08.986+0100: 15943.457: [GC pause (G1 Evacuation Pause) (young), 0.0214348 secs]
   [Parallel Time: 20.9 ms, GC Workers: 1]
      [GC Worker Start (ms):  15943456.9]
      [Ext Root Scanning (ms):  2.7]
      [Update RS (ms):  3.8]
         [Processed Buffers:  35]
      [Scan RS (ms):  5.0]
      [Code Root Scanning (ms):  0.0]
      [Object Copy (ms):  9.4]
      [Termination (ms):  0.0]
         [Termination Attempts:  1]
      [GC Worker Other (ms):  0.0]
      [GC Worker Total (ms):  20.9]
      [GC Worker End (ms):  15943477.8]
   [Code Root Fixup: 0.0 ms]
   [Code Root Purge: 0.0 ms]
   [Clear CT: 0.0 ms]
   [Other: 0.4 ms]
      [Choose CSet: 0.0 ms]
      [Ref Proc: 0.0 ms]
      [Ref Enq: 0.0 ms]
      [Redirty Cards: 0.0 ms]
      [Humongous Register: 0.1 ms]
      [Humongous Reclaim: 0.0 ms]
      [Free CSet: 0.1 ms]
   [Eden: 47.0M(47.0M)->0.0B(47.0M) Survivors: 4096.0K->4096.0K Heap: 364.0M(1024.0M)->317.0M(1024.0M)]
 [Times: user=0.02 sys=0.00, real=0.02 secs] 
2016-12-19T22:15:37.190+0100: 15971.661: [GC pause (G1 Evacuation Pause) (young), 0.0198271 secs]
   [Parallel Time: 19.3 ms, GC Workers: 1]
      [GC Worker Start (ms):  15971661.1]
      [Ext Root Scanning (ms):  1.7]
      [Update RS (ms):  3.0]
         [Processed Buffers:  30]
      [Scan RS (ms):  3.1]
      [Code Root Scanning (ms):  0.0]
      [Object Copy (ms):  11.4]
      [Termination (ms):  0.0]
         [Termination Attempts:  1]
      [GC Worker Other (ms):  0.0]
      [GC Worker Total (ms):  19.3]
      [GC Worker End (ms):  15971680.4]
   [Code Root Fixup: 0.0 ms]
   [Code Root Purge: 0.0 ms]
   [Clear CT: 0.1 ms]
   [Other: 0.4 ms]
      [Choose CSet: 0.0 ms]
      [Ref Proc: 0.0 ms]
      [Ref Enq: 0.0 ms]
      [Redirty Cards: 0.0 ms]
      [Humongous Register: 0.1 ms]
      [Humongous Reclaim: 0.0 ms]
      [Free CSet: 0.0 ms]
   [Eden: 47.0M(47.0M)->0.0B(45.0M) Survivors: 4096.0K->6144.0K Heap: 364.0M(1024.0M)->318.5M(1024.0M)]
 [Times: user=0.02 sys=0.00, real=0.02 secs] 
2016-12-19T22:16:05.407+0100: 15999.877: [GC pause (G1 Evacuation Pause) (young), 0.0311577 secs]
   [Parallel Time: 30.5 ms, GC Workers: 1]
      [GC Worker Start (ms):  15999877.6]
      [Ext Root Scanning (ms):  1.0]
      [Update RS (ms):  4.2]
         [Processed Buffers:  30]
      [Scan RS (ms):  5.9]
      [Code Root Scanning (ms):  0.0]
      [Object Copy (ms):  19.3]
      [Termination (ms):  0.0]
         [Termination Attempts:  1]
      [GC Worker Other (ms):  0.0]
      [GC Worker Total (ms):  30.4]
      [GC Worker End (ms):  15999908.1]
   [Code Root Fixup: 0.1 ms]
   [Code Root Purge: 0.0 ms]
   [Clear CT: 0.1 ms]
   [Other: 0.5 ms]
      [Choose CSet: 0.0 ms]
      [Ref Proc: 0.1 ms]
      [Ref Enq: 0.0 ms]
      [Redirty Cards: 0.1 ms]
      [Humongous Register: 0.0 ms]
      [Humongous Reclaim: 0.1 ms]
      [Free CSet: 0.1 ms]
   [Eden: 45.0M(45.0M)->0.0B(46.0M) Survivors: 6144.0K->5120.0K Heap: 363.5M(1024.0M)->318.9M(1024.0M)]
 [Times: user=0.03 sys=0.00, real=0.03 secs] 
2016-12-19T22:16:33.077+0100: 16027.547: [GC pause (G1 Evacuation Pause) (young), 0.0242028 secs]
   [Parallel Time: 23.6 ms, GC Workers: 1]
      [GC Worker Start (ms):  16027547.7]
      [Ext Root Scanning (ms):  1.4]
      [Update RS (ms):  3.2]
         [Processed Buffers:  34]
      [Scan RS (ms):  4.0]
      [Code Root Scanning (ms):  0.0]
      [Object Copy (ms):  14.9]
      [Termination (ms):  0.0]
         [Termination Attempts:  1]
      [GC Worker Other (ms):  0.0]
      [GC Worker Total (ms):  23.6]
      [GC Worker End (ms):  16027571.2]
   [Code Root Fixup: 0.1 ms]
   [Code Root Purge: 0.0 ms]
   [Clear CT: 0.1 ms]
   [Other: 0.5 ms]
      [Choose CSet: 0.0 ms]
      [Ref Proc: 0.0 ms]
      [Ref Enq: 0.0 ms]
      [Redirty Cards: 0.0 ms]
      [Humongous Register: 0.1 ms]
      [Humongous Reclaim: 0.0 ms]
      [Free CSet: 0.1 ms]
   [Eden: 46.0M(46.0M)->0.0B(46.0M) Survivors: 5120.0K->5120.0K Heap: 364.9M(1024.0M)->320.5M(1024.0M)]
 [Times: user=0.02 sys=0.00, real=0.02 secs] 
2016-12-19T22:17:01.152+0100: 16055.623: [GC pause (G1 Evacuation Pause) (young), 0.0210760 secs]
   [Parallel Time: 20.5 ms, GC Workers: 1]
      [GC Worker Start (ms):  16055622.7]
      [Ext Root Scanning (ms):  0.9]
      [Update RS (ms):  2.0]
         [Processed Buffers:  33]
      [Scan RS (ms):  3.7]
      [Code Root Scanning (ms):  0.0]
      [Object Copy (ms):  13.8]
      [Termination (ms):  0.0]
         [Termination Attempts:  1]
      [GC Worker Other (ms):  0.0]
      [GC Worker Total (ms):  20.4]
      [GC Worker End (ms):  16055643.2]
   [Code Root Fixup: 0.0 ms]
   [Code Root Purge: 0.0 ms]
   [Clear CT: 0.0 ms]
   [Other: 0.5 ms]
      [Choose CSet: 0.0 ms]
      [Ref Proc: 0.0 ms]
      [Ref Enq: 0.0 ms]
      [Redirty Cards: 0.1 ms]
      [Humongous Register: 0.0 ms]
      [Humongous Reclaim: 0.0 ms]
      [Free CSet: 0.1 ms]
   [Eden: 46.0M(46.0M)->0.0B(47.0M) Survivors: 5120.0K->4096.0K Heap: 366.5M(1024.0M)->321.0M(1024.0M)]
 [Times: user=0.02 sys=0.00, real=0.02 secs] 
2016-12-19T22:17:32.626+0100: 16087.096: [GC pause (G1 Evacuation Pause) (young), 0.0189935 secs]
   [Parallel Time: 18.6 ms, GC Workers: 1]
      [GC Worker Start (ms):  16087096.6]
      [Ext Root Scanning (ms):  0.8]
      [Update RS (ms):  2.4]
         [Processed Buffers:  34]
      [Scan RS (ms):  4.3]
      [Code Root Scanning (ms):  0.0]
      [Object Copy (ms):  11.0]
      [Termination (ms):  0.0]
         [Termination Attempts:  1]
      [GC Worker Other (ms):  0.0]
      [GC Worker Total (ms):  18.5]
      [GC Worker End (ms):  16087115.1]
   [Code Root Fixup: 0.0 ms]
   [Code Root Purge: 0.0 ms]
   [Clear CT: 0.0 ms]
   [Other: 0.3 ms]
      [Choose CSet: 0.0 ms]
      [Ref Proc: 0.0 ms]
      [Ref Enq: 0.0 ms]
      [Redirty Cards: 0.0 ms]
      [Humongous Register: 0.0 ms]
      [Humongous Reclaim: 0.0 ms]
      [Free CSet: 0.1 ms]
   [Eden: 47.0M(47.0M)->0.0B(47.0M) Survivors: 4096.0K->4096.0K Heap: 368.0M(1024.0M)->321.0M(1024.0M)]
 [Times: user=0.02 sys=0.00, real=0.02 secs] 
2016-12-19T22:18:01.037+0100: 16115.508: [GC pause (G1 Evacuation Pause) (young), 0.0191799 secs]
   [Parallel Time: 18.7 ms, GC Workers: 1]
      [GC Worker Start (ms):  16115507.9]
      [Ext Root Scanning (ms):  1.5]
      [Update RS (ms):  2.3]
         [Processed Buffers:  35]
      [Scan RS (ms):  3.3]
      [Code Root Scanning (ms):  0.0]
      [Object Copy (ms):  11.6]
      [Termination (ms):  0.0]
         [Termination Attempts:  1]
      [GC Worker Other (ms):  0.0]
      [GC Worker Total (ms):  18.7]
      [GC Worker End (ms):  16115526.6]
   [Code Root Fixup: 0.0 ms]
   [Code Root Purge: 0.0 ms]
   [Clear CT: 0.0 ms]
   [Other: 0.4 ms]
      [Choose CSet: 0.0 ms]
      [Ref Proc: 0.0 ms]
      [Ref Enq: 0.0 ms]
      [Redirty Cards: 0.0 ms]
      [Humongous Register: 0.1 ms]
      [Humongous Reclaim: 0.0 ms]
      [Free CSet: 0.0 ms]
   [Eden: 47.0M(47.0M)->0.0B(45.0M) Survivors: 4096.0K->6144.0K Heap: 368.0M(1024.0M)->322.5M(1024.0M)]
 [Times: user=0.02 sys=0.00, real=0.02 secs] 
2016-12-19T22:18:28.422+0100: 16142.892: [GC pause (G1 Evacuation Pause) (young), 0.0199950 secs]
   [Parallel Time: 19.5 ms, GC Workers: 1]
      [GC Worker Start (ms):  16142892.3]
      [Ext Root Scanning (ms):  1.2]
      [Update RS (ms):  2.3]
         [Processed Buffers:  36]
      [Scan RS (ms):  3.5]
      [Code Root Scanning (ms):  0.0]
      [Object Copy (ms):  12.5]
      [Termination (ms):  0.0]
         [Termination Attempts:  1]
      [GC Worker Other (ms):  0.0]
      [GC Worker Total (ms):  19.5]
      [GC Worker End (ms):  16142911.8]
   [Code Root Fixup: 0.0 ms]
   [Code Root Purge: 0.0 ms]
   [Clear CT: 0.0 ms]
   [Other: 0.4 ms]
      [Choose CSet: 0.0 ms]
      [Ref Proc: 0.0 ms]
      [Ref Enq: 0.0 ms]
      [Redirty Cards: 0.0 ms]
      [Humongous Register: 0.1 ms]
      [Humongous Reclaim: 0.0 ms]
      [Free CSet: 0.0 ms]
   [Eden: 45.0M(45.0M)->0.0B(47.0M) Survivors: 6144.0K->4096.0K Heap: 367.5M(1024.0M)->323.1M(1024.0M)]
 [Times: user=0.02 sys=0.00, real=0.02 secs] 
2016-12-19T22:18:57.830+0100: 16172.301: [GC pause (G1 Evacuation Pause) (young), 0.0194714 secs]
   [Parallel Time: 19.1 ms, GC Workers: 1]
      [GC Worker Start (ms):  16172301.1]
      [Ext Root Scanning (ms):  1.1]
      [Update RS (ms):  2.3]
         [Processed Buffers:  37]
      [Scan RS (ms):  3.9]
      [Code Root Scanning (ms):  0.0]
      [Object Copy (ms):  11.7]
      [Termination (ms):  0.0]
         [Termination Attempts:  1]
      [GC Worker Other (ms):  0.0]
      [GC Worker Total (ms):  19.0]
      [GC Worker End (ms):  16172320.1]
   [Code Root Fixup: 0.0 ms]
   [Code Root Purge: 0.0 ms]
   [Clear CT: 0.0 ms]
   [Other: 0.3 ms]
      [Choose CSet: 0.0 ms]
      [Ref Proc: 0.0 ms]
      [Ref Enq: 0.0 ms]
      [Redirty Cards: 0.0 ms]
      [Humongous Register: 0.0 ms]
      [Humongous Reclaim: 0.0 ms]
      [Free CSet: 0.1 ms]
   [Eden: 47.0M(47.0M)->0.0B(46.0M) Survivors: 4096.0K->5120.0K Heap: 370.1M(1024.0M)->324.1M(1024.0M)]
 [Times: user=0.02 sys=0.00, real=0.02 secs] 
2016-12-19T22:19:28.165+0100: 16202.636: [GC pause (G1 Evacuation Pause) (young), 0.0196773 secs]
   [Parallel Time: 19.2 ms, GC Workers: 1]
      [GC Worker Start (ms):  16202635.8]
      [Ext Root Scanning (ms):  1.1]
      [Update RS (ms):  2.2]
         [Processed Buffers:  34]
      [Scan RS (ms):  3.6]
      [Code Root Scanning (ms):  0.0]
      [Object Copy (ms):  12.2]
      [Termination (ms):  0.0]
         [Termination Attempts:  1]
      [GC Worker Other (ms):  0.0]
      [GC Worker Total (ms):  19.1]
      [GC Worker End (ms):  16202655.0]
   [Code Root Fixup: 0.0 ms]
   [Code Root Purge: 0.0 ms]
   [Clear CT: 0.0 ms]
   [Other: 0.4 ms]
      [Choose CSet: 0.0 ms]
      [Ref Proc: 0.0 ms]
      [Ref Enq: 0.0 ms]
      [Redirty Cards: 0.0 ms]
      [Humongous Register: 0.1 ms]
      [Humongous Reclaim: 0.0 ms]
      [Free CSet: 0.1 ms]
   [Eden: 46.0M(46.0M)->0.0B(47.0M) Survivors: 5120.0K->4096.0K Heap: 370.1M(1024.0M)->324.7M(1024.0M)]
 [Times: user=0.02 sys=0.00, real=0.02 secs] 
2016-12-19T22:20:00.914+0100: 16235.385: [GC pause (G1 Evacuation Pause) (young), 0.0190770 secs]
   [Parallel Time: 18.6 ms, GC Workers: 1]
      [GC Worker Start (ms):  16235384.7]
      [Ext Root Scanning (ms):  1.8]
      [Update RS (ms):  3.5]
         [Processed Buffers:  36]
      [Scan RS (ms):  3.6]
      [Code Root Scanning (ms):  0.0]
      [Object Copy (ms):  9.6]
      [Termination (ms):  0.0]
         [Termination Attempts:  1]
      [GC Worker Other (ms):  0.0]
      [GC Worker Total (ms):  18.6]
      [GC Worker End (ms):  16235403.3]
   [Code Root Fixup: 0.0 ms]
   [Code Root Purge: 0.0 ms]
   [Clear CT: 0.0 ms]
   [Other: 0.4 ms]
      [Choose CSet: 0.0 ms]
      [Ref Proc: 0.0 ms]
      [Ref Enq: 0.0 ms]
      [Redirty Cards: 0.0 ms]
      [Humongous Register: 0.1 ms]
      [Humongous Reclaim: 0.0 ms]
      [Free CSet: 0.1 ms]
   [Eden: 47.0M(47.0M)->0.0B(46.0M) Survivors: 4096.0K->5120.0K Heap: 371.7M(1024.0M)->325.2M(1024.0M)]
 [Times: user=0.02 sys=0.00, real=0.02 secs] 
2016-12-19T22:20:28.824+0100: 16263.295: [GC pause (G1 Evacuation Pause) (young), 0.0605658 secs]
   [Parallel Time: 59.6 ms, GC Workers: 1]
      [GC Worker Start (ms):  16263295.4]
      [Ext Root Scanning (ms):  10.1]
      [Update RS (ms):  5.1]
         [Processed Buffers:  37]
      [Scan RS (ms):  11.4]
      [Code Root Scanning (ms):  0.0]
      [Object Copy (ms):  32.9]
      [Termination (ms):  0.0]
         [Termination Attempts:  1]
      [GC Worker Other (ms):  0.0]
      [GC Worker Total (ms):  59.5]
      [GC Worker End (ms):  16263354.9]
   [Code Root Fixup: 0.1 ms]
   [Code Root Purge: 0.0 ms]
   [Clear CT: 0.0 ms]
   [Other: 0.8 ms]
      [Choose CSet: 0.0 ms]
      [Ref Proc: 0.1 ms]
      [Ref Enq: 0.0 ms]
      [Redirty Cards: 0.1 ms]
      [Humongous Register: 0.2 ms]
      [Humongous Reclaim: 0.0 ms]
      [Free CSet: 0.1 ms]
   [Eden: 46.0M(46.0M)->0.0B(46.0M) Survivors: 5120.0K->5120.0K Heap: 371.2M(1024.0M)->326.5M(1024.0M)]
 [Times: user=0.06 sys=0.00, real=0.06 secs] 
2016-12-19T22:20:58.930+0100: 16293.401: [GC pause (G1 Evacuation Pause) (young), 0.0205590 secs]
   [Parallel Time: 20.0 ms, GC Workers: 1]
      [GC Worker Start (ms):  16293400.7]
      [Ext Root Scanning (ms):  1.1]
      [Update RS (ms):  3.1]
         [Processed Buffers:  36]
      [Scan RS (ms):  3.5]
      [Code Root Scanning (ms):  0.0]
      [Object Copy (ms):  12.3]
      [Termination (ms):  0.0]
         [Termination Attempts:  1]
      [GC Worker Other (ms):  0.0]
      [GC Worker Total (ms):  20.0]
      [GC Worker End (ms):  16293420.7]
   [Code Root Fixup: 0.0 ms]
   [Code Root Purge: 0.0 ms]
   [Clear CT: 0.0 ms]
   [Other: 0.4 ms]
      [Choose CSet: 0.0 ms]
      [Ref Proc: 0.0 ms]
      [Ref Enq: 0.0 ms]
      [Redirty Cards: 0.0 ms]
      [Humongous Register: 0.0 ms]
      [Humongous Reclaim: 0.0 ms]
      [Free CSet: 0.1 ms]
   [Eden: 46.0M(46.0M)->0.0B(47.0M) Survivors: 5120.0K->4096.0K Heap: 372.5M(1024.0M)->327.5M(1024.0M)]
 [Times: user=0.02 sys=0.00, real=0.03 secs] 
2016-12-19T22:21:26.177+0100: 16320.647: [GC pause (G1 Evacuation Pause) (young), 0.0252304 secs]
   [Parallel Time: 24.6 ms, GC Workers: 1]
      [GC Worker Start (ms):  16320647.5]
      [Ext Root Scanning (ms):  0.9]
      [Update RS (ms):  2.8]
         [Processed Buffers:  37]
      [Scan RS (ms):  5.1]
      [Code Root Scanning (ms):  0.0]
      [Object Copy (ms):  15.8]
      [Termination (ms):  0.0]
         [Termination Attempts:  1]
      [GC Worker Other (ms):  0.0]
      [GC Worker Total (ms):  24.5]
      [GC Worker End (ms):  16320672.0]
   [Code Root Fixup: 0.1 ms]
   [Code Root Purge: 0.0 ms]
   [Clear CT: 0.1 ms]
   [Other: 0.6 ms]
      [Choose CSet: 0.0 ms]
      [Ref Proc: 0.0 ms]
      [Ref Enq: 0.0 ms]
      [Redirty Cards: 0.0 ms]
      [Humongous Register: 0.0 ms]
      [Humongous Reclaim: 0.1 ms]
      [Free CSet: 0.1 ms]
   [Eden: 47.0M(47.0M)->0.0B(46.0M) Survivors: 4096.0K->5120.0K Heap: 374.5M(1024.0M)->328.5M(1024.0M)]
 [Times: user=0.02 sys=0.00, real=0.02 secs] 
2016-12-19T22:21:54.951+0100: 16349.421: [GC pause (G1 Evacuation Pause) (young), 0.0374236 secs]
   [Parallel Time: 36.9 ms, GC Workers: 1]
      [GC Worker Start (ms):  16349421.6]
      [Ext Root Scanning (ms):  1.5]
      [Update RS (ms):  4.0]
         [Processed Buffers:  36]
      [Scan RS (ms):  10.1]
      [Code Root Scanning (ms):  0.0]
      [Object Copy (ms):  21.2]
      [Termination (ms):  0.0]
         [Termination Attempts:  1]
      [GC Worker Other (ms):  0.0]
      [GC Worker Total (ms):  36.8]
      [GC Worker End (ms):  16349458.4]
   [Code Root Fixup: 0.0 ms]
   [Code Root Purge: 0.0 ms]
   [Clear CT: 0.0 ms]
   [Other: 0.5 ms]
      [Choose CSet: 0.0 ms]
      [Ref Proc: 0.0 ms]
      [Ref Enq: 0.0 ms]
      [Redirty Cards: 0.1 ms]
      [Humongous Register: 0.0 ms]
      [Humongous Reclaim: 0.0 ms]
      [Free CSet: 0.1 ms]
   [Eden: 46.0M(46.0M)->0.0B(47.0M) Survivors: 5120.0K->4096.0K Heap: 374.5M(1024.0M)->329.3M(1024.0M)]
 [Times: user=0.04 sys=0.00, real=0.03 secs] 
2016-12-19T22:22:21.696+0100: 16376.166: [GC pause (G1 Evacuation Pause) (young), 0.0659871 secs]
   [Parallel Time: 65.4 ms, GC Workers: 1]
      [GC Worker Start (ms):  16376166.5]
      [Ext Root Scanning (ms):  6.0]
      [Update RS (ms):  13.3]
         [Processed Buffers:  37]
      [Scan RS (ms):  13.8]
      [Code Root Scanning (ms):  0.0]
      [Object Copy (ms):  32.2]
      [Termination (ms):  0.0]
         [Termination Attempts:  1]
      [GC Worker Other (ms):  0.0]
      [GC Worker Total (ms):  65.3]
      [GC Worker End (ms):  16376231.8]
   [Code Root Fixup: 0.0 ms]
   [Code Root Purge: 0.0 ms]
   [Clear CT: 0.0 ms]
   [Other: 0.5 ms]
      [Choose CSet: 0.0 ms]
      [Ref Proc: 0.0 ms]
      [Ref Enq: 0.0 ms]
      [Redirty Cards: 0.0 ms]
      [Humongous Register: 0.1 ms]
      [Humongous Reclaim: 0.1 ms]
      [Free CSet: 0.1 ms]
   [Eden: 47.0M(47.0M)->0.0B(46.0M) Survivors: 4096.0K->5120.0K Heap: 376.3M(1024.0M)->330.3M(1024.0M)]
 [Times: user=0.06 sys=0.00, real=0.06 secs] 
2016-12-19T22:22:49.953+0100: 16404.424: [GC pause (G1 Evacuation Pause) (young), 0.0294450 secs]
   [Parallel Time: 29.1 ms, GC Workers: 1]
      [GC Worker Start (ms):  16404424.2]
      [Ext Root Scanning (ms):  1.4]
      [Update RS (ms):  2.6]
         [Processed Buffers:  35]
      [Scan RS (ms):  8.5]
      [Code Root Scanning (ms):  0.0]
      [Object Copy (ms):  16.5]
      [Termination (ms):  0.0]
         [Termination Attempts:  1]
      [GC Worker Other (ms):  0.0]
      [GC Worker Total (ms):  29.0]
      [GC Worker End (ms):  16404453.2]
   [Code Root Fixup: 0.0 ms]
   [Code Root Purge: 0.0 ms]
   [Clear CT: 0.0 ms]
   [Other: 0.3 ms]
      [Choose CSet: 0.0 ms]
      [Ref Proc: 0.0 ms]
      [Ref Enq: 0.0 ms]
      [Redirty Cards: 0.0 ms]
      [Humongous Register: 0.0 ms]
      [Humongous Reclaim: 0.0 ms]
      [Free CSet: 0.0 ms]
   [Eden: 46.0M(46.0M)->0.0B(46.0M) Survivors: 5120.0K->5120.0K Heap: 376.3M(1024.0M)->331.3M(1024.0M)]
 [Times: user=0.03 sys=0.00, real=0.02 secs] 
2016-12-19T22:23:17.620+0100: 16432.090: [GC pause (G1 Evacuation Pause) (young), 0.0238891 secs]
   [Parallel Time: 23.0 ms, GC Workers: 1]
      [GC Worker Start (ms):  16432090.5]
      [Ext Root Scanning (ms):  2.1]
      [Update RS (ms):  2.9]
         [Processed Buffers:  35]
      [Scan RS (ms):  4.2]
      [Code Root Scanning (ms):  0.0]
      [Object Copy (ms):  13.7]
      [Termination (ms):  0.0]
         [Termination Attempts:  1]
      [GC Worker Other (ms):  0.0]
      [GC Worker Total (ms):  23.0]
      [GC Worker End (ms):  16432113.4]
   [Code Root Fixup: 0.1 ms]
   [Code Root Purge: 0.0 ms]
   [Clear CT: 0.1 ms]
   [Other: 0.8 ms]
      [Choose CSet: 0.0 ms]
      [Ref Proc: 0.1 ms]
      [Ref Enq: 0.0 ms]
      [Redirty Cards: 0.1 ms]
      [Humongous Register: 0.1 ms]
      [Humongous Reclaim: 0.0 ms]
      [Free CSet: 0.1 ms]
   [Eden: 46.0M(46.0M)->0.0B(47.0M) Survivors: 5120.0K->4096.0K Heap: 377.3M(1024.0M)->332.0M(1024.0M)]
 [Times: user=0.02 sys=0.00, real=0.03 secs] 
2016-12-19T22:23:48.046+0100: 16462.516: [GC pause (G1 Evacuation Pause) (young), 0.0311875 secs]
   [Parallel Time: 28.2 ms, GC Workers: 1]
      [GC Worker Start (ms):  16462516.9]
      [Ext Root Scanning (ms):  1.5]
      [Update RS (ms):  4.0]
         [Processed Buffers:  34]
      [Scan RS (ms):  6.8]
      [Code Root Scanning (ms):  0.0]
      [Object Copy (ms):  15.7]
      [Termination (ms):  0.0]
         [Termination Attempts:  1]
      [GC Worker Other (ms):  0.0]
      [GC Worker Total (ms):  28.0]
      [GC Worker End (ms):  16462545.0]
   [Code Root Fixup: 0.1 ms]
   [Code Root Purge: 0.0 ms]
   [Clear CT: 0.1 ms]
   [Other: 2.8 ms]
      [Choose CSet: 0.0 ms]
      [Ref Proc: 0.1 ms]
      [Ref Enq: 0.0 ms]
      [Redirty Cards: 0.2 ms]
      [Humongous Register: 0.2 ms]
      [Humongous Reclaim: 1.3 ms]
      [Free CSet: 0.3 ms]
   [Eden: 47.0M(47.0M)->0.0B(47.0M) Survivors: 4096.0K->4096.0K Heap: 379.0M(1024.0M)->332.0M(1024.0M)]
 [Times: user=0.03 sys=0.00, real=0.03 secs] 
2016-12-19T22:24:17.023+0100: 16491.494: [GC pause (G1 Evacuation Pause) (young), 0.0742410 secs]
   [Parallel Time: 72.5 ms, GC Workers: 1]
      [GC Worker Start (ms):  16491494.2]
      [Ext Root Scanning (ms):  1.0]
      [Update RS (ms):  6.1]
         [Processed Buffers:  35]
      [Scan RS (ms):  14.9]
      [Code Root Scanning (ms):  0.0]
      [Object Copy (ms):  50.4]
      [Termination (ms):  0.0]
         [Termination Attempts:  1]
      [GC Worker Other (ms):  0.0]
      [GC Worker Total (ms):  72.4]
      [GC Worker End (ms):  16491566.6]
   [Code Root Fixup: 0.1 ms]
   [Code Root Purge: 0.0 ms]
   [Clear CT: 1.0 ms]
   [Other: 0.7 ms]
      [Choose CSet: 0.0 ms]
      [Ref Proc: 0.1 ms]
      [Ref Enq: 0.0 ms]
      [Redirty Cards: 0.1 ms]
      [Humongous Register: 0.1 ms]
      [Humongous Reclaim: 0.1 ms]
      [Free CSet: 0.1 ms]
   [Eden: 47.0M(47.0M)->0.0B(46.0M) Survivors: 4096.0K->5120.0K Heap: 379.0M(1024.0M)->333.0M(1024.0M)]
 [Times: user=0.08 sys=0.00, real=0.07 secs] 
2016-12-19T22:24:44.265+0100: 16518.736: [GC pause (G1 Evacuation Pause) (young), 0.0223382 secs]
   [Parallel Time: 21.9 ms, GC Workers: 1]
      [GC Worker Start (ms):  16518735.8]
      [Ext Root Scanning (ms):  1.2]
      [Update RS (ms):  3.0]
         [Processed Buffers:  36]
      [Scan RS (ms):  3.8]
      [Code Root Scanning (ms):  0.0]
      [Object Copy (ms):  13.7]
      [Termination (ms):  0.0]
         [Termination Attempts:  1]
      [GC Worker Other (ms):  0.0]
      [GC Worker Total (ms):  21.8]
      [GC Worker End (ms):  16518757.7]
   [Code Root Fixup: 0.1 ms]
   [Code Root Purge: 0.0 ms]
   [Clear CT: 0.0 ms]
   [Other: 0.4 ms]
      [Choose CSet: 0.0 ms]
      [Ref Proc: 0.0 ms]
      [Ref Enq: 0.0 ms]
      [Redirty Cards: 0.0 ms]
      [Humongous Register: 0.1 ms]
      [Humongous Reclaim: 0.0 ms]
      [Free CSet: 0.0 ms]
   [Eden: 46.0M(46.0M)->0.0B(47.0M) Survivors: 5120.0K->4096.0K Heap: 379.0M(1024.0M)->333.0M(1024.0M)]
 [Times: user=0.02 sys=0.00, real=0.02 secs] 
2016-12-19T22:25:12.276+0100: 16546.747: [GC pause (G1 Evacuation Pause) (young), 0.0435108 secs]
   [Parallel Time: 42.9 ms, GC Workers: 1]
      [GC Worker Start (ms):  16546746.8]
      [Ext Root Scanning (ms):  1.6]
      [Update RS (ms):  17.1]
         [Processed Buffers:  35]
      [Scan RS (ms):  5.3]
      [Code Root Scanning (ms):  0.0]
      [Object Copy (ms):  18.8]
      [Termination (ms):  0.0]
         [Termination Attempts:  1]
      [GC Worker Other (ms):  0.0]
      [GC Worker Total (ms):  42.8]
      [GC Worker End (ms):  16546789.6]
   [Code Root Fixup: 0.1 ms]
   [Code Root Purge: 0.0 ms]
   [Clear CT: 0.1 ms]
   [Other: 0.5 ms]
      [Choose CSet: 0.0 ms]
      [Ref Proc: 0.0 ms]
      [Ref Enq: 0.0 ms]
      [Redirty Cards: 0.0 ms]
      [Humongous Register: 0.1 ms]
      [Humongous Reclaim: 0.0 ms]
      [Free CSet: 0.0 ms]
   [Eden: 47.0M(47.0M)->0.0B(46.0M) Survivors: 4096.0K->5120.0K Heap: 380.0M(1024.0M)->334.5M(1024.0M)]
 [Times: user=0.04 sys=0.00, real=0.04 secs] 
2016-12-19T22:25:42.734+0100: 16577.205: [GC pause (G1 Evacuation Pause) (young), 0.0448549 secs]
   [Parallel Time: 44.2 ms, GC Workers: 1]
      [GC Worker Start (ms):  16577205.1]
      [Ext Root Scanning (ms):  2.6]
      [Update RS (ms):  9.8]
         [Processed Buffers:  36]
      [Scan RS (ms):  5.5]
      [Code Root Scanning (ms):  0.0]
      [Object Copy (ms):  26.2]
      [Termination (ms):  0.0]
         [Termination Attempts:  1]
      [GC Worker Other (ms):  0.0]
      [GC Worker Total (ms):  44.1]
      [GC Worker End (ms):  16577249.3]
   [Code Root Fixup: 0.1 ms]
   [Code Root Purge: 0.0 ms]
   [Clear CT: 0.0 ms]
   [Other: 0.6 ms]
      [Choose CSet: 0.0 ms]
      [Ref Proc: 0.1 ms]
      [Ref Enq: 0.0 ms]
      [Redirty Cards: 0.0 ms]
      [Humongous Register: 0.1 ms]
      [Humongous Reclaim: 0.0 ms]
      [Free CSet: 0.1 ms]
   [Eden: 46.0M(46.0M)->0.0B(47.0M) Survivors: 5120.0K->4096.0K Heap: 380.5M(1024.0M)->334.8M(1024.0M)]
 [Times: user=0.04 sys=0.00, real=0.04 secs] 
2016-12-19T22:26:14.952+0100: 16609.422: [GC pause (G1 Evacuation Pause) (young), 0.0272115 secs]
   [Parallel Time: 26.6 ms, GC Workers: 1]
      [GC Worker Start (ms):  16609422.5]
      [Ext Root Scanning (ms):  2.5]
      [Update RS (ms):  4.4]
         [Processed Buffers:  35]
      [Scan RS (ms):  3.7]
      [Code Root Scanning (ms):  0.0]
      [Object Copy (ms):  15.9]
      [Termination (ms):  0.0]
         [Termination Attempts:  1]
      [GC Worker Other (ms):  0.1]
      [GC Worker Total (ms):  26.6]
      [GC Worker End (ms):  16609449.1]
   [Code Root Fixup: 0.0 ms]
   [Code Root Purge: 0.0 ms]
   [Clear CT: 0.0 ms]
   [Other: 0.5 ms]
      [Choose CSet: 0.0 ms]
      [Ref Proc: 0.0 ms]
      [Ref Enq: 0.0 ms]
      [Redirty Cards: 0.0 ms]
      [Humongous Register: 0.1 ms]
      [Humongous Reclaim: 0.0 ms]
      [Free CSet: 0.1 ms]
   [Eden: 47.0M(47.0M)->0.0B(46.0M) Survivors: 4096.0K->5120.0K Heap: 381.8M(1024.0M)->335.3M(1024.0M)]
 [Times: user=0.03 sys=0.00, real=0.02 secs] 
2016-12-19T22:26:43.220+0100: 16637.690: [GC pause (G1 Evacuation Pause) (young), 0.0450308 secs]
   [Parallel Time: 44.0 ms, GC Workers: 1]
      [GC Worker Start (ms):  16637690.5]
      [Ext Root Scanning (ms):  3.3]
      [Update RS (ms):  4.3]
         [Processed Buffers:  35]
      [Scan RS (ms):  15.7]
      [Code Root Scanning (ms):  0.0]
      [Object Copy (ms):  20.6]
      [Termination (ms):  0.0]
         [Termination Attempts:  1]
      [GC Worker Other (ms):  0.0]
      [GC Worker Total (ms):  43.9]
      [GC Worker End (ms):  16637734.5]
   [Code Root Fixup: 0.1 ms]
   [Code Root Purge: 0.0 ms]
   [Clear CT: 0.1 ms]
   [Other: 0.8 ms]
      [Choose CSet: 0.0 ms]
      [Ref Proc: 0.3 ms]
      [Ref Enq: 0.0 ms]
      [Redirty Cards: 0.0 ms]
      [Humongous Register: 0.1 ms]
      [Humongous Reclaim: 0.0 ms]
      [Free CSet: 0.0 ms]
   [Eden: 46.0M(46.0M)->0.0B(45.0M) Survivors: 5120.0K->6144.0K Heap: 381.3M(1024.0M)->336.9M(1024.0M)]
 [Times: user=0.04 sys=0.01, real=0.05 secs] 
2016-12-19T22:27:12.671+0100: 16667.141: [GC pause (G1 Evacuation Pause) (young), 0.1008428 secs]
   [Parallel Time: 98.4 ms, GC Workers: 1]
      [GC Worker Start (ms):  16667141.7]
      [Ext Root Scanning (ms):  1.4]
      [Update RS (ms):  5.8]
         [Processed Buffers:  35]
      [Scan RS (ms):  11.2]
      [Code Root Scanning (ms):  0.0]
      [Object Copy (ms):  80.0]
      [Termination (ms):  0.0]
         [Termination Attempts:  1]
      [GC Worker Other (ms):  0.0]
      [GC Worker Total (ms):  98.4]
      [GC Worker End (ms):  16667240.1]
   [Code Root Fixup: 0.3 ms]
   [Code Root Purge: 0.0 ms]
   [Clear CT: 0.4 ms]
   [Other: 1.7 ms]
      [Choose CSet: 0.0 ms]
      [Ref Proc: 0.4 ms]
      [Ref Enq: 0.0 ms]
      [Redirty Cards: 0.4 ms]
      [Humongous Register: 0.1 ms]
      [Humongous Reclaim: 0.0 ms]
      [Free CSet: 0.1 ms]
   [Eden: 45.0M(45.0M)->0.0B(46.0M) Survivors: 6144.0K->5120.0K Heap: 381.9M(1024.0M)->337.3M(1024.0M)]
 [Times: user=0.09 sys=0.00, real=0.11 secs] 
2016-12-19T22:27:41.243+0100: 16695.714: [GC pause (G1 Evacuation Pause) (young), 0.0263456 secs]
   [Parallel Time: 25.8 ms, GC Workers: 1]
      [GC Worker Start (ms):  16695713.7]
      [Ext Root Scanning (ms):  1.5]
      [Update RS (ms):  5.1]
         [Processed Buffers:  35]
      [Scan RS (ms):  4.8]
      [Code Root Scanning (ms):  0.0]
      [Object Copy (ms):  14.4]
      [Termination (ms):  0.0]
         [Termination Attempts:  1]
      [GC Worker Other (ms):  0.0]
      [GC Worker Total (ms):  25.8]
      [GC Worker End (ms):  16695739.5]
   [Code Root Fixup: 0.0 ms]
   [Code Root Purge: 0.0 ms]
   [Clear CT: 0.0 ms]
   [Other: 0.4 ms]
      [Choose CSet: 0.0 ms]
      [Ref Proc: 0.0 ms]
      [Ref Enq: 0.0 ms]
      [Redirty Cards: 0.0 ms]
      [Humongous Register: 0.1 ms]
      [Humongous Reclaim: 0.0 ms]
      [Free CSet: 0.1 ms]
   [Eden: 46.0M(46.0M)->0.0B(46.0M) Survivors: 5120.0K->5120.0K Heap: 383.3M(1024.0M)->339.0M(1024.0M)]
 [Times: user=0.02 sys=0.00, real=0.02 secs] 
2016-12-19T22:28:07.637+0100: 16722.108: [GC pause (G1 Evacuation Pause) (young), 0.0290132 secs]
   [Parallel Time: 28.5 ms, GC Workers: 1]
      [GC Worker Start (ms):  16722107.8]
      [Ext Root Scanning (ms):  1.5]
      [Update RS (ms):  4.1]
         [Processed Buffers:  35]
      [Scan RS (ms):  5.4]
      [Code Root Scanning (ms):  0.0]
      [Object Copy (ms):  17.3]
      [Termination (ms):  0.0]
         [Termination Attempts:  1]
      [GC Worker Other (ms):  0.0]
      [GC Worker Total (ms):  28.4]
      [GC Worker End (ms):  16722136.2]
   [Code Root Fixup: 0.1 ms]
   [Code Root Purge: 0.0 ms]
   [Clear CT: 0.0 ms]
   [Other: 0.5 ms]
      [Choose CSet: 0.0 ms]
      [Ref Proc: 0.0 ms]
      [Ref Enq: 0.0 ms]
      [Redirty Cards: 0.1 ms]
      [Humongous Register: 0.0 ms]
      [Humongous Reclaim: 0.0 ms]
      [Free CSet: 0.1 ms]
   [Eden: 46.0M(46.0M)->0.0B(46.0M) Survivors: 5120.0K->5120.0K Heap: 385.0M(1024.0M)->340.0M(1024.0M)]
 [Times: user=0.02 sys=0.00, real=0.03 secs] 
2016-12-19T22:28:34.503+0100: 16748.973: [GC pause (G1 Evacuation Pause) (young), 0.0210146 secs]
   [Parallel Time: 20.4 ms, GC Workers: 1]
      [GC Worker Start (ms):  16748973.6]
      [Ext Root Scanning (ms):  0.9]
      [Update RS (ms):  2.4]
         [Processed Buffers:  35]
      [Scan RS (ms):  5.0]
      [Code Root Scanning (ms):  0.0]
      [Object Copy (ms):  12.0]
      [Termination (ms):  0.0]
         [Termination Attempts:  1]
      [GC Worker Other (ms):  0.0]
      [GC Worker Total (ms):  20.3]
      [GC Worker End (ms):  16748994.0]
   [Code Root Fixup: 0.1 ms]
   [Code Root Purge: 0.0 ms]
   [Clear CT: 0.0 ms]
   [Other: 0.6 ms]
      [Choose CSet: 0.0 ms]
      [Ref Proc: 0.0 ms]
      [Ref Enq: 0.0 ms]
      [Redirty Cards: 0.0 ms]
      [Humongous Register: 0.1 ms]
      [Humongous Reclaim: 0.0 ms]
      [Free CSet: 0.1 ms]
   [Eden: 46.0M(46.0M)->0.0B(47.0M) Survivors: 5120.0K->4096.0K Heap: 386.0M(1024.0M)->340.5M(1024.0M)]
 [Times: user=0.02 sys=0.00, real=0.02 secs] 
2016-12-19T22:29:02.158+0100: 16776.629: [GC pause (G1 Evacuation Pause) (young), 0.0406504 secs]
   [Parallel Time: 39.4 ms, GC Workers: 1]
      [GC Worker Start (ms):  16776629.4]
      [Ext Root Scanning (ms):  1.3]
      [Update RS (ms):  4.2]
         [Processed Buffers:  34]
      [Scan RS (ms):  8.3]
      [Code Root Scanning (ms):  0.0]
      [Object Copy (ms):  25.4]
      [Termination (ms):  0.0]
         [Termination Attempts:  1]
      [GC Worker Other (ms):  0.0]
      [GC Worker Total (ms):  39.3]
      [GC Worker End (ms):  16776668.7]
   [Code Root Fixup: 0.1 ms]
   [Code Root Purge: 0.0 ms]
   [Clear CT: 0.1 ms]
   [Other: 1.2 ms]
      [Choose CSet: 0.0 ms]
      [Ref Proc: 0.4 ms]
      [Ref Enq: 0.0 ms]
      [Redirty Cards: 0.1 ms]
      [Humongous Register: 0.1 ms]
      [Humongous Reclaim: 0.0 ms]
      [Free CSet: 0.2 ms]
   [Eden: 47.0M(47.0M)->0.0B(45.0M) Survivors: 4096.0K->6144.0K Heap: 387.5M(1024.0M)->342.0M(1024.0M)]
 [Times: user=0.04 sys=0.00, real=0.04 secs] 
2016-12-19T22:29:29.942+0100: 16804.413: [GC pause (G1 Evacuation Pause) (young), 0.0229061 secs]
   [Parallel Time: 22.4 ms, GC Workers: 1]
      [GC Worker Start (ms):  16804412.9]
      [Ext Root Scanning (ms):  1.3]
      [Update RS (ms):  3.9]
         [Processed Buffers:  35]
      [Scan RS (ms):  3.7]
      [Code Root Scanning (ms):  0.0]
      [Object Copy (ms):  13.4]
      [Termination (ms):  0.0]
         [Termination Attempts:  1]
      [GC Worker Other (ms):  0.0]
      [GC Worker Total (ms):  22.4]
      [GC Worker End (ms):  16804435.3]
   [Code Root Fixup: 0.0 ms]
   [Code Root Purge: 0.0 ms]
   [Clear CT: 0.0 ms]
   [Other: 0.4 ms]
      [Choose CSet: 0.0 ms]
      [Ref Proc: 0.0 ms]
      [Ref Enq: 0.0 ms]
      [Redirty Cards: 0.0 ms]
      [Humongous Register: 0.1 ms]
      [Humongous Reclaim: 0.0 ms]
      [Free CSet: 0.0 ms]
   [Eden: 45.0M(45.0M)->0.0B(47.0M) Survivors: 6144.0K->4096.0K Heap: 387.0M(1024.0M)->342.0M(1024.0M)]
 [Times: user=0.02 sys=0.00, real=0.03 secs] 
2016-12-19T22:29:59.607+0100: 16834.078: [GC pause (G1 Evacuation Pause) (young), 0.0356957 secs]
   [Parallel Time: 35.2 ms, GC Workers: 1]
      [GC Worker Start (ms):  16834078.0]
      [Ext Root Scanning (ms):  1.5]
      [Update RS (ms):  5.0]
         [Processed Buffers:  36]
      [Scan RS (ms):  6.0]
      [Code Root Scanning (ms):  0.0]
      [Object Copy (ms):  22.6]
      [Termination (ms):  0.0]
         [Termination Attempts:  1]
      [GC Worker Other (ms):  0.0]
      [GC Worker Total (ms):  35.1]
      [GC Worker End (ms):  16834113.1]
   [Code Root Fixup: 0.1 ms]
   [Code Root Purge: 0.0 ms]
   [Clear CT: 0.0 ms]
   [Other: 0.4 ms]
      [Choose CSet: 0.0 ms]
      [Ref Proc: 0.0 ms]
      [Ref Enq: 0.0 ms]
      [Redirty Cards: 0.0 ms]
      [Humongous Register: 0.0 ms]
      [Humongous Reclaim: 0.0 ms]
      [Free CSet: 0.1 ms]
   [Eden: 47.0M(47.0M)->0.0B(45.0M) Survivors: 4096.0K->6144.0K Heap: 389.0M(1024.0M)->343.5M(1024.0M)]
 [Times: user=0.04 sys=0.00, real=0.04 secs] 
2016-12-19T22:30:28.583+0100: 16863.054: [GC pause (G1 Evacuation Pause) (young), 0.0530152 secs]
   [Parallel Time: 52.2 ms, GC Workers: 1]
      [GC Worker Start (ms):  16863054.0]
      [Ext Root Scanning (ms):  2.5]
      [Update RS (ms):  6.3]
         [Processed Buffers:  33]
      [Scan RS (ms):  6.8]
      [Code Root Scanning (ms):  0.0]
      [Object Copy (ms):  36.5]
      [Termination (ms):  0.0]
         [Termination Attempts:  1]
      [GC Worker Other (ms):  0.0]
      [GC Worker Total (ms):  52.2]
      [GC Worker End (ms):  16863106.2]
   [Code Root Fixup: 0.1 ms]
   [Code Root Purge: 0.0 ms]
   [Clear CT: 0.1 ms]
   [Other: 0.7 ms]
      [Choose CSet: 0.0 ms]
      [Ref Proc: 0.1 ms]
      [Ref Enq: 0.0 ms]
      [Redirty Cards: 0.1 ms]
      [Humongous Register: 0.1 ms]
      [Humongous Reclaim: 0.1 ms]
      [Free CSet: 0.1 ms]
   [Eden: 45.0M(45.0M)->0.0B(47.0M) Survivors: 6144.0K->4096.0K Heap: 388.5M(1024.0M)->344.3M(1024.0M)]
 [Times: user=0.05 sys=0.00, real=0.05 secs] 
2016-12-19T22:30:56.328+0100: 16890.799: [GC pause (G1 Evacuation Pause) (young), 0.0203519 secs]
   [Parallel Time: 19.7 ms, GC Workers: 1]
      [GC Worker Start (ms):  16890798.7]
      [Ext Root Scanning (ms):  1.4]
      [Update RS (ms):  2.5]
         [Processed Buffers:  31]
      [Scan RS (ms):  4.9]
      [Code Root Scanning (ms):  0.0]
      [Object Copy (ms):  10.8]
      [Termination (ms):  0.0]
         [Termination Attempts:  1]
      [GC Worker Other (ms):  0.0]
      [GC Worker Total (ms):  19.7]
      [GC Worker End (ms):  16890818.4]
   [Code Root Fixup: 0.1 ms]
   [Code Root Purge: 0.0 ms]
   [Clear CT: 0.1 ms]
   [Other: 0.5 ms]
      [Choose CSet: 0.0 ms]
      [Ref Proc: 0.1 ms]
      [Ref Enq: 0.0 ms]
      [Redirty Cards: 0.0 ms]
      [Humongous Register: 0.1 ms]
      [Humongous Reclaim: 0.0 ms]
      [Free CSet: 0.1 ms]
   [Eden: 47.0M(47.0M)->0.0B(47.0M) Survivors: 4096.0K->4096.0K Heap: 391.3M(1024.0M)->344.3M(1024.0M)]
 [Times: user=0.02 sys=0.00, real=0.02 secs] 
2016-12-19T22:31:25.309+0100: 16919.780: [GC pause (G1 Evacuation Pause) (young), 0.0225697 secs]
   [Parallel Time: 21.9 ms, GC Workers: 1]
      [GC Worker Start (ms):  16919779.7]
      [Ext Root Scanning (ms):  0.9]
      [Update RS (ms):  2.7]
         [Processed Buffers:  32]
      [Scan RS (ms):  4.2]
      [Code Root Scanning (ms):  0.0]
      [Object Copy (ms):  14.0]
      [Termination (ms):  0.0]
         [Termination Attempts:  1]
      [GC Worker Other (ms):  0.0]
      [GC Worker Total (ms):  21.9]
      [GC Worker End (ms):  16919801.6]
   [Code Root Fixup: 0.1 ms]
   [Code Root Purge: 0.0 ms]
   [Clear CT: 0.1 ms]
   [Other: 0.6 ms]
      [Choose CSet: 0.0 ms]
      [Ref Proc: 0.0 ms]
      [Ref Enq: 0.0 ms]
      [Redirty Cards: 0.1 ms]
      [Humongous Register: 0.1 ms]
      [Humongous Reclaim: 0.0 ms]
      [Free CSet: 0.1 ms]
   [Eden: 47.0M(47.0M)->0.0B(45.0M) Survivors: 4096.0K->6144.0K Heap: 391.3M(1024.0M)->345.8M(1024.0M)]
 [Times: user=0.02 sys=0.00, real=0.03 secs] 
2016-12-19T22:31:52.425+0100: 16946.895: [GC pause (G1 Evacuation Pause) (young), 0.0230594 secs]
   [Parallel Time: 22.7 ms, GC Workers: 1]
      [GC Worker Start (ms):  16946895.6]
      [Ext Root Scanning (ms):  0.8]
      [Update RS (ms):  3.0]
         [Processed Buffers:  33]
      [Scan RS (ms):  3.0]
      [Code Root Scanning (ms):  0.0]
      [Object Copy (ms):  15.7]
      [Termination (ms):  0.0]
         [Termination Attempts:  1]
      [GC Worker Other (ms):  0.0]
      [GC Worker Total (ms):  22.6]
      [GC Worker End (ms):  16946918.2]
   [Code Root Fixup: 0.0 ms]
   [Code Root Purge: 0.0 ms]
   [Clear CT: 0.0 ms]
   [Other: 0.3 ms]
      [Choose CSet: 0.0 ms]
      [Ref Proc: 0.0 ms]
      [Ref Enq: 0.0 ms]
      [Redirty Cards: 0.0 ms]
      [Humongous Register: 0.0 ms]
      [Humongous Reclaim: 0.0 ms]
      [Free CSet: 0.0 ms]
   [Eden: 45.0M(45.0M)->0.0B(46.0M) Survivors: 6144.0K->5120.0K Heap: 390.8M(1024.0M)->346.2M(1024.0M)]
 [Times: user=0.02 sys=0.00, real=0.02 secs] 
2016-12-19T22:32:20.296+0100: 16974.766: [GC pause (G1 Evacuation Pause) (young), 0.0685989 secs]
   [Parallel Time: 67.4 ms, GC Workers: 1]
      [GC Worker Start (ms):  16974766.9]
      [Ext Root Scanning (ms):  2.9]
      [Update RS (ms):  8.0]
         [Processed Buffers:  34]
      [Scan RS (ms):  5.7]
      [Code Root Scanning (ms):  0.0]
      [Object Copy (ms):  50.6]
      [Termination (ms):  0.0]
         [Termination Attempts:  1]
      [GC Worker Other (ms):  0.0]
      [GC Worker Total (ms):  67.3]
      [GC Worker End (ms):  16974834.2]
   [Code Root Fixup: 0.1 ms]
   [Code Root Purge: 0.0 ms]
   [Clear CT: 0.1 ms]
   [Other: 1.1 ms]
      [Choose CSet: 0.0 ms]
      [Ref Proc: 0.1 ms]
      [Ref Enq: 0.0 ms]
      [Redirty Cards: 0.1 ms]
      [Humongous Register: 0.5 ms]
      [Humongous Reclaim: 0.1 ms]
      [Free CSet: 0.1 ms]
   [Eden: 46.0M(46.0M)->0.0B(46.0M) Survivors: 5120.0K->5120.0K Heap: 392.2M(1024.0M)->348.0M(1024.0M)]
 [Times: user=0.06 sys=0.00, real=0.07 secs] 
2016-12-19T22:32:48.063+0100: 17002.534: [GC pause (G1 Evacuation Pause) (young), 0.0217924 secs]
   [Parallel Time: 21.3 ms, GC Workers: 1]
      [GC Worker Start (ms):  17002533.9]
      [Ext Root Scanning (ms):  2.8]
      [Update RS (ms):  2.8]
         [Processed Buffers:  31]
      [Scan RS (ms):  3.3]
      [Code Root Scanning (ms):  0.0]
      [Object Copy (ms):  12.4]
      [Termination (ms):  0.0]
         [Termination Attempts:  1]
      [GC Worker Other (ms):  0.0]
      [GC Worker Total (ms):  21.3]
      [GC Worker End (ms):  17002555.2]
   [Code Root Fixup: 0.0 ms]
   [Code Root Purge: 0.0 ms]
   [Clear CT: 0.0 ms]
   [Other: 0.4 ms]
      [Choose CSet: 0.0 ms]
      [Ref Proc: 0.0 ms]
      [Ref Enq: 0.0 ms]
      [Redirty Cards: 0.0 ms]
      [Humongous Register: 0.0 ms]
      [Humongous Reclaim: 0.0 ms]
      [Free CSet: 0.0 ms]
   [Eden: 46.0M(46.0M)->0.0B(47.0M) Survivors: 5120.0K->4096.0K Heap: 394.0M(1024.0M)->348.5M(1024.0M)]
 [Times: user=0.02 sys=0.00, real=0.02 secs] 
2016-12-19T22:33:16.495+0100: 17030.966: [GC pause (G1 Evacuation Pause) (young), 0.0175691 secs]
   [Parallel Time: 17.1 ms, GC Workers: 1]
      [GC Worker Start (ms):  17030965.7]
      [Ext Root Scanning (ms):  0.9]
      [Update RS (ms):  1.9]
         [Processed Buffers:  31]
      [Scan RS (ms):  4.1]
      [Code Root Scanning (ms):  0.0]
      [Object Copy (ms):  10.2]
      [Termination (ms):  0.0]
         [Termination Attempts:  1]
      [GC Worker Other (ms):  0.0]
      [GC Worker Total (ms):  17.1]
      [GC Worker End (ms):  17030982.8]
   [Code Root Fixup: 0.0 ms]
   [Code Root Purge: 0.0 ms]
   [Clear CT: 0.0 ms]
   [Other: 0.4 ms]
      [Choose CSet: 0.0 ms]
      [Ref Proc: 0.0 ms]
      [Ref Enq: 0.0 ms]
      [Redirty Cards: 0.0 ms]
      [Humongous Register: 0.0 ms]
      [Humongous Reclaim: 0.0 ms]
      [Free CSet: 0.1 ms]
   [Eden: 47.0M(47.0M)->0.0B(47.0M) Survivors: 4096.0K->4096.0K Heap: 395.5M(1024.0M)->348.5M(1024.0M)]
 [Times: user=0.02 sys=0.00, real=0.02 secs] 
2016-12-19T22:33:44.521+0100: 17058.991: [GC pause (G1 Evacuation Pause) (young), 0.0469812 secs]
   [Parallel Time: 46.5 ms, GC Workers: 1]
      [GC Worker Start (ms):  17058991.4]
      [Ext Root Scanning (ms):  5.1]
      [Update RS (ms):  9.8]
         [Processed Buffers:  33]
      [Scan RS (ms):  4.9]
      [Code Root Scanning (ms):  0.0]
      [Object Copy (ms):  26.6]
      [Termination (ms):  0.0]
         [Termination Attempts:  1]
      [GC Worker Other (ms):  0.0]
      [GC Worker Total (ms):  46.4]
      [GC Worker End (ms):  17059037.8]
   [Code Root Fixup: 0.0 ms]
   [Code Root Purge: 0.0 ms]
   [Clear CT: 0.0 ms]
   [Other: 0.4 ms]
      [Choose CSet: 0.0 ms]
      [Ref Proc: 0.0 ms]
      [Ref Enq: 0.0 ms]
      [Redirty Cards: 0.0 ms]
      [Humongous Register: 0.1 ms]
      [Humongous Reclaim: 0.0 ms]
      [Free CSet: 0.0 ms]
   [Eden: 47.0M(47.0M)->0.0B(45.0M) Survivors: 4096.0K->6144.0K Heap: 395.5M(1024.0M)->350.0M(1024.0M)]
 [Times: user=0.04 sys=0.00, real=0.05 secs] 
2016-12-19T22:34:11.403+0100: 17085.873: [GC pause (G1 Evacuation Pause) (young), 0.0380610 secs]
   [Parallel Time: 37.5 ms, GC Workers: 1]
      [GC Worker Start (ms):  17085873.6]
      [Ext Root Scanning (ms):  2.2]
      [Update RS (ms):  5.0]
         [Processed Buffers:  33]
      [Scan RS (ms):  3.6]
      [Code Root Scanning (ms):  0.0]
      [Object Copy (ms):  26.7]
      [Termination (ms):  0.0]
         [Termination Attempts:  1]
      [GC Worker Other (ms):  0.0]
      [GC Worker Total (ms):  37.5]
      [GC Worker End (ms):  17085911.1]
   [Code Root Fixup: 0.0 ms]
   [Code Root Purge: 0.0 ms]
   [Clear CT: 0.0 ms]
   [Other: 0.4 ms]
      [Choose CSet: 0.0 ms]
      [Ref Proc: 0.0 ms]
      [Ref Enq: 0.0 ms]
      [Redirty Cards: 0.0 ms]
      [Humongous Register: 0.1 ms]
      [Humongous Reclaim: 0.0 ms]
      [Free CSet: 0.0 ms]
   [Eden: 45.0M(45.0M)->0.0B(47.0M) Survivors: 6144.0K->4096.0K Heap: 395.0M(1024.0M)->350.5M(1024.0M)]
 [Times: user=0.04 sys=0.00, real=0.03 secs] 
2016-12-19T22:34:43.096+0100: 17117.566: [GC pause (G1 Evacuation Pause) (young), 0.0427224 secs]
   [Parallel Time: 42.0 ms, GC Workers: 1]
      [GC Worker Start (ms):  17117566.4]
      [Ext Root Scanning (ms):  1.4]
      [Update RS (ms):  4.7]
         [Processed Buffers:  32]
      [Scan RS (ms):  8.6]
      [Code Root Scanning (ms):  0.0]
      [Object Copy (ms):  27.3]
      [Termination (ms):  0.0]
         [Termination Attempts:  1]
      [GC Worker Other (ms):  0.0]
      [GC Worker Total (ms):  42.0]
      [GC Worker End (ms):  17117608.4]
   [Code Root Fixup: 0.0 ms]
   [Code Root Purge: 0.0 ms]
   [Clear CT: 0.0 ms]
   [Other: 0.6 ms]
      [Choose CSet: 0.0 ms]
      [Ref Proc: 0.0 ms]
      [Ref Enq: 0.0 ms]
      [Redirty Cards: 0.0 ms]
      [Humongous Register: 0.1 ms]
      [Humongous Reclaim: 0.1 ms]
      [Free CSet: 0.1 ms]
   [Eden: 47.0M(47.0M)->0.0B(46.0M) Survivors: 4096.0K->5120.0K Heap: 397.5M(1024.0M)->351.5M(1024.0M)]
 [Times: user=0.04 sys=0.00, real=0.04 secs] 
2016-12-19T22:35:13.561+0100: 17148.031: [GC pause (G1 Evacuation Pause) (young), 0.0262932 secs]
   [Parallel Time: 25.7 ms, GC Workers: 1]
      [GC Worker Start (ms):  17148031.5]
      [Ext Root Scanning (ms):  1.4]
      [Update RS (ms):  4.8]
         [Processed Buffers:  33]
      [Scan RS (ms):  4.4]
      [Code Root Scanning (ms):  0.0]
      [Object Copy (ms):  15.1]
      [Termination (ms):  0.0]
         [Termination Attempts:  1]
      [GC Worker Other (ms):  0.0]
      [GC Worker Total (ms):  25.7]
      [GC Worker End (ms):  17148057.2]
   [Code Root Fixup: 0.0 ms]
   [Code Root Purge: 0.0 ms]
   [Clear CT: 0.0 ms]
   [Other: 0.5 ms]
      [Choose CSet: 0.0 ms]
      [Ref Proc: 0.0 ms]
      [Ref Enq: 0.0 ms]
      [Redirty Cards: 0.0 ms]
      [Humongous Register: 0.1 ms]
      [Humongous Reclaim: 0.0 ms]
      [Free CSet: 0.0 ms]
   [Eden: 46.0M(46.0M)->0.0B(47.0M) Survivors: 5120.0K->4096.0K Heap: 397.5M(1024.0M)->352.4M(1024.0M)]
 [Times: user=0.02 sys=0.00, real=0.03 secs] 
2016-12-19T22:35:42.550+0100: 17177.021: [GC pause (G1 Evacuation Pause) (young), 0.0361796 secs]
   [Parallel Time: 35.5 ms, GC Workers: 1]
      [GC Worker Start (ms):  17177021.1]
      [Ext Root Scanning (ms):  1.7]
      [Update RS (ms):  9.4]
         [Processed Buffers:  36]
      [Scan RS (ms):  6.5]
      [Code Root Scanning (ms):  0.0]
      [Object Copy (ms):  17.8]
      [Termination (ms):  0.0]
         [Termination Attempts:  1]
      [GC Worker Other (ms):  0.0]
      [GC Worker Total (ms):  35.4]
      [GC Worker End (ms):  17177056.4]
   [Code Root Fixup: 0.1 ms]
   [Code Root Purge: 0.0 ms]
   [Clear CT: 0.1 ms]
   [Other: 0.6 ms]
      [Choose CSet: 0.0 ms]
      [Ref Proc: 0.1 ms]
      [Ref Enq: 0.0 ms]
      [Redirty Cards: 0.0 ms]
      [Humongous Register: 0.1 ms]
      [Humongous Reclaim: 0.0 ms]
      [Free CSet: 0.1 ms]
   [Eden: 47.0M(47.0M)->0.0B(46.0M) Survivors: 4096.0K->5120.0K Heap: 399.4M(1024.0M)->352.9M(1024.0M)]
 [Times: user=0.04 sys=0.00, real=0.04 secs] 
2016-12-19T22:36:10.357+0100: 17204.827: [GC pause (G1 Evacuation Pause) (young), 0.0225448 secs]
   [Parallel Time: 22.0 ms, GC Workers: 1]
      [GC Worker Start (ms):  17204827.5]
      [Ext Root Scanning (ms):  1.6]
      [Update RS (ms):  2.8]
         [Processed Buffers:  34]
      [Scan RS (ms):  3.1]
      [Code Root Scanning (ms):  0.0]
      [Object Copy (ms):  14.4]
      [Termination (ms):  0.0]
         [Termination Attempts:  1]
      [GC Worker Other (ms):  0.0]
      [GC Worker Total (ms):  21.9]
      [GC Worker End (ms):  17204849.4]
   [Code Root Fixup: 0.0 ms]
   [Code Root Purge: 0.0 ms]
   [Clear CT: 0.0 ms]
   [Other: 0.5 ms]
      [Choose CSet: 0.0 ms]
      [Ref Proc: 0.0 ms]
      [Ref Enq: 0.0 ms]
      [Redirty Cards: 0.0 ms]
      [Humongous Register: 0.1 ms]
      [Humongous Reclaim: 0.0 ms]
      [Free CSet: 0.1 ms]
   [Eden: 46.0M(46.0M)->0.0B(46.0M) Survivors: 5120.0K->5120.0K Heap: 398.9M(1024.0M)->354.3M(1024.0M)]
 [Times: user=0.02 sys=0.00, real=0.02 secs] 
2016-12-19T22:36:37.936+0100: 17232.407: [GC pause (G1 Evacuation Pause) (young), 0.0264426 secs]
   [Parallel Time: 25.9 ms, GC Workers: 1]
      [GC Worker Start (ms):  17232407.3]
      [Ext Root Scanning (ms):  2.2]
      [Update RS (ms):  4.4]
         [Processed Buffers:  33]
      [Scan RS (ms):  3.6]
      [Code Root Scanning (ms):  0.0]
      [Object Copy (ms):  15.6]
      [Termination (ms):  0.0]
         [Termination Attempts:  1]
      [GC Worker Other (ms):  0.0]
      [GC Worker Total (ms):  25.8]
      [GC Worker End (ms):  17232433.1]
   [Code Root Fixup: 0.1 ms]
   [Code Root Purge: 0.0 ms]
   [Clear CT: 0.0 ms]
   [Other: 0.5 ms]
      [Choose CSet: 0.0 ms]
      [Ref Proc: 0.0 ms]
      [Ref Enq: 0.0 ms]
      [Redirty Cards: 0.0 ms]
      [Humongous Register: 0.1 ms]
      [Humongous Reclaim: 0.0 ms]
      [Free CSet: 0.0 ms]
   [Eden: 46.0M(46.0M)->0.0B(47.0M) Survivors: 5120.0K->4096.0K Heap: 400.3M(1024.0M)->355.0M(1024.0M)]
 [Times: user=0.03 sys=0.00, real=0.02 secs] 
2016-12-19T22:37:07.981+0100: 17262.452: [GC pause (G1 Evacuation Pause) (young), 0.0342385 secs]
   [Parallel Time: 33.7 ms, GC Workers: 1]
      [GC Worker Start (ms):  17262452.0]
      [Ext Root Scanning (ms):  4.0]
      [Update RS (ms):  4.9]
         [Processed Buffers:  36]
      [Scan RS (ms):  6.6]
      [Code Root Scanning (ms):  0.0]
      [Object Copy (ms):  18.2]
      [Termination (ms):  0.0]
         [Termination Attempts:  1]
      [GC Worker Other (ms):  0.0]
      [GC Worker Total (ms):  33.6]
      [GC Worker End (ms):  17262485.6]
   [Code Root Fixup: 0.0 ms]
   [Code Root Purge: 0.0 ms]
   [Clear CT: 0.0 ms]
   [Other: 0.5 ms]
      [Choose CSet: 0.0 ms]
      [Ref Proc: 0.0 ms]
      [Ref Enq: 0.0 ms]
      [Redirty Cards: 0.0 ms]
      [Humongous Register: 0.1 ms]
      [Humongous Reclaim: 0.0 ms]
      [Free CSet: 0.1 ms]
   [Eden: 47.0M(47.0M)->0.0B(47.0M) Survivors: 4096.0K->4096.0K Heap: 402.0M(1024.0M)->355.0M(1024.0M)]
 [Times: user=0.04 sys=0.00, real=0.04 secs] 
2016-12-19T22:37:38.734+0100: 17293.205: [GC pause (G1 Evacuation Pause) (young), 0.0209180 secs]
   [Parallel Time: 20.5 ms, GC Workers: 1]
      [GC Worker Start (ms):  17293204.8]
      [Ext Root Scanning (ms):  1.0]
      [Update RS (ms):  2.3]
         [Processed Buffers:  32]
      [Scan RS (ms):  2.8]
      [Code Root Scanning (ms):  0.0]
      [Object Copy (ms):  14.3]
      [Termination (ms):  0.0]
         [Termination Attempts:  1]
      [GC Worker Other (ms):  0.0]
      [GC Worker Total (ms):  20.5]
      [GC Worker End (ms):  17293225.3]
   [Code Root Fixup: 0.0 ms]
   [Code Root Purge: 0.0 ms]
   [Clear CT: 0.0 ms]
   [Other: 0.3 ms]
      [Choose CSet: 0.0 ms]
      [Ref Proc: 0.0 ms]
      [Ref Enq: 0.0 ms]
      [Redirty Cards: 0.0 ms]
      [Humongous Register: 0.0 ms]
      [Humongous Reclaim: 0.0 ms]
      [Free CSet: 0.0 ms]
   [Eden: 47.0M(47.0M)->0.0B(45.0M) Survivors: 4096.0K->6144.0K Heap: 402.0M(1024.0M)->356.5M(1024.0M)]
 [Times: user=0.02 sys=0.00, real=0.02 secs] 
2016-12-19T22:38:05.201+0100: 17319.671: [GC pause (G1 Evacuation Pause) (young), 0.0199069 secs]
   [Parallel Time: 19.5 ms, GC Workers: 1]
      [GC Worker Start (ms):  17319671.2]
      [Ext Root Scanning (ms):  1.0]
      [Update RS (ms):  2.4]
         [Processed Buffers:  32]
      [Scan RS (ms):  2.8]
      [Code Root Scanning (ms):  0.0]
      [Object Copy (ms):  13.2]
      [Termination (ms):  0.0]
         [Termination Attempts:  1]
      [GC Worker Other (ms):  0.0]
      [GC Worker Total (ms):  19.5]
      [GC Worker End (ms):  17319690.7]
   [Code Root Fixup: 0.0 ms]
   [Code Root Purge: 0.0 ms]
   [Clear CT: 0.0 ms]
   [Other: 0.3 ms]
      [Choose CSet: 0.0 ms]
      [Ref Proc: 0.0 ms]
      [Ref Enq: 0.0 ms]
      [Redirty Cards: 0.0 ms]
      [Humongous Register: 0.0 ms]
      [Humongous Reclaim: 0.0 ms]
      [Free CSet: 0.0 ms]
   [Eden: 45.0M(45.0M)->0.0B(46.0M) Survivors: 6144.0K->5120.0K Heap: 401.5M(1024.0M)->356.9M(1024.0M)]
 [Times: user=0.02 sys=0.00, real=0.02 secs] 
2016-12-19T22:38:33.517+0100: 17347.988: [GC pause (G1 Evacuation Pause) (young), 0.0380075 secs]
   [Parallel Time: 37.2 ms, GC Workers: 1]
      [GC Worker Start (ms):  17347987.8]
      [Ext Root Scanning (ms):  3.6]
      [Update RS (ms):  4.6]
         [Processed Buffers:  33]
      [Scan RS (ms):  4.0]
      [Code Root Scanning (ms):  0.0]
      [Object Copy (ms):  25.0]
      [Termination (ms):  0.0]
         [Termination Attempts:  1]
      [GC Worker Other (ms):  0.0]
      [GC Worker Total (ms):  37.1]
      [GC Worker End (ms):  17348025.0]
   [Code Root Fixup: 0.1 ms]
   [Code Root Purge: 0.0 ms]
   [Clear CT: 0.1 ms]
   [Other: 0.6 ms]
      [Choose CSet: 0.0 ms]
      [Ref Proc: 0.1 ms]
      [Ref Enq: 0.0 ms]
      [Redirty Cards: 0.1 ms]
      [Humongous Register: 0.1 ms]
      [Humongous Reclaim: 0.0 ms]
      [Free CSet: 0.1 ms]
   [Eden: 46.0M(46.0M)->0.0B(46.0M) Survivors: 5120.0K->5120.0K Heap: 402.9M(1024.0M)->358.5M(1024.0M)]
 [Times: user=0.03 sys=0.00, real=0.04 secs] 
2016-12-19T22:39:00.579+0100: 17375.049: [GC pause (G1 Evacuation Pause) (young), 0.0244894 secs]
   [Parallel Time: 23.8 ms, GC Workers: 1]
      [GC Worker Start (ms):  17375049.8]
      [Ext Root Scanning (ms):  1.2]
      [Update RS (ms):  2.6]
         [Processed Buffers:  31]
      [Scan RS (ms):  5.5]
      [Code Root Scanning (ms):  0.0]
      [Object Copy (ms):  14.4]
      [Termination (ms):  0.0]
         [Termination Attempts:  1]
      [GC Worker Other (ms):  0.0]
      [GC Worker Total (ms):  23.7]
      [GC Worker End (ms):  17375073.5]
   [Code Root Fixup: 0.0 ms]
   [Code Root Purge: 0.0 ms]
   [Clear CT: 0.0 ms]
   [Other: 0.6 ms]
      [Choose CSet: 0.0 ms]
      [Ref Proc: 0.0 ms]
      [Ref Enq: 0.0 ms]
      [Redirty Cards: 0.0 ms]
      [Humongous Register: 0.1 ms]
      [Humongous Reclaim: 0.0 ms]
      [Free CSet: 0.0 ms]
   [Eden: 46.0M(46.0M)->0.0B(47.0M) Survivors: 5120.0K->4096.0K Heap: 404.5M(1024.0M)->359.0M(1024.0M)]
 [Times: user=0.01 sys=0.01, real=0.02 secs] 
2016-12-19T22:39:28.470+0100: 17402.940: [GC pause (G1 Evacuation Pause) (young), 0.0208333 secs]
   [Parallel Time: 20.2 ms, GC Workers: 1]
      [GC Worker Start (ms):  17402940.6]
      [Ext Root Scanning (ms):  2.6]
      [Update RS (ms):  3.5]
         [Processed Buffers:  35]
      [Scan RS (ms):  4.5]
      [Code Root Scanning (ms):  0.0]
      [Object Copy (ms):  9.5]
      [Termination (ms):  0.0]
         [Termination Attempts:  1]
      [GC Worker Other (ms):  0.0]
      [GC Worker Total (ms):  20.2]
      [GC Worker End (ms):  17402960.8]
   [Code Root Fixup: 0.0 ms]
   [Code Root Purge: 0.0 ms]
   [Clear CT: 0.0 ms]
   [Other: 0.5 ms]
      [Choose CSet: 0.0 ms]
      [Ref Proc: 0.0 ms]
      [Ref Enq: 0.0 ms]
      [Redirty Cards: 0.0 ms]
      [Humongous Register: 0.1 ms]
      [Humongous Reclaim: 0.0 ms]
      [Free CSet: 0.1 ms]
   [Eden: 47.0M(47.0M)->0.0B(47.0M) Survivors: 4096.0K->4096.0K Heap: 406.0M(1024.0M)->359.0M(1024.0M)]
 [Times: user=0.02 sys=0.00, real=0.02 secs] 
2016-12-19T22:40:02.001+0100: 17436.471: [GC pause (G1 Evacuation Pause) (young), 0.0365002 secs]
   [Parallel Time: 35.9 ms, GC Workers: 1]
      [GC Worker Start (ms):  17436471.5]
      [Ext Root Scanning (ms):  1.4]
      [Update RS (ms):  7.5]
         [Processed Buffers:  37]
      [Scan RS (ms):  7.8]
      [Code Root Scanning (ms):  0.0]
      [Object Copy (ms):  19.1]
      [Termination (ms):  0.0]
         [Termination Attempts:  1]
      [GC Worker Other (ms):  0.0]
      [GC Worker Total (ms):  35.9]
      [GC Worker End (ms):  17436507.4]
   [Code Root Fixup: 0.0 ms]
   [Code Root Purge: 0.0 ms]
   [Clear CT: 0.0 ms]
   [Other: 0.5 ms]
      [Choose CSet: 0.0 ms]
      [Ref Proc: 0.0 ms]
      [Ref Enq: 0.0 ms]
      [Redirty Cards: 0.0 ms]
      [Humongous Register: 0.1 ms]
      [Humongous Reclaim: 0.0 ms]
      [Free CSet: 0.1 ms]
   [Eden: 47.0M(47.0M)->0.0B(45.0M) Survivors: 4096.0K->6144.0K Heap: 406.0M(1024.0M)->360.5M(1024.0M)]
 [Times: user=0.03 sys=0.00, real=0.04 secs] 
2016-12-19T22:40:32.210+0100: 17466.680: [GC pause (G1 Evacuation Pause) (young), 0.0268823 secs]
   [Parallel Time: 26.4 ms, GC Workers: 1]
      [GC Worker Start (ms):  17466680.5]
      [Ext Root Scanning (ms):  2.6]
      [Update RS (ms):  2.5]
         [Processed Buffers:  32]
      [Scan RS (ms):  3.2]
      [Code Root Scanning (ms):  0.0]
      [Object Copy (ms):  18.0]
      [Termination (ms):  0.0]
         [Termination Attempts:  1]
      [GC Worker Other (ms):  0.0]
      [GC Worker Total (ms):  26.3]
      [GC Worker End (ms):  17466706.8]
   [Code Root Fixup: 0.0 ms]
   [Code Root Purge: 0.0 ms]
   [Clear CT: 0.0 ms]
   [Other: 0.4 ms]
      [Choose CSet: 0.0 ms]
      [Ref Proc: 0.0 ms]
      [Ref Enq: 0.0 ms]
      [Redirty Cards: 0.0 ms]
      [Humongous Register: 0.1 ms]
      [Humongous Reclaim: 0.0 ms]
      [Free CSet: 0.0 ms]
   [Eden: 45.0M(45.0M)->0.0B(46.0M) Survivors: 6144.0K->5120.0K Heap: 405.5M(1024.0M)->360.9M(1024.0M)]
 [Times: user=0.02 sys=0.00, real=0.03 secs] 
2016-12-19T22:41:00.046+0100: 17494.516: [GC pause (G1 Evacuation Pause) (young), 0.0287952 secs]
   [Parallel Time: 28.2 ms, GC Workers: 1]
      [GC Worker Start (ms):  17494516.6]
      [Ext Root Scanning (ms):  5.1]
      [Update RS (ms):  4.8]
         [Processed Buffers:  33]
      [Scan RS (ms):  4.3]
      [Code Root Scanning (ms):  0.0]
      [Object Copy (ms):  14.0]
      [Termination (ms):  0.0]
         [Termination Attempts:  1]
      [GC Worker Other (ms):  0.0]
      [GC Worker Total (ms):  28.2]
      [GC Worker End (ms):  17494544.7]
   [Code Root Fixup: 0.1 ms]
   [Code Root Purge: 0.0 ms]
   [Clear CT: 0.0 ms]
   [Other: 0.5 ms]
      [Choose CSet: 0.0 ms]
      [Ref Proc: 0.0 ms]
      [Ref Enq: 0.0 ms]
      [Redirty Cards: 0.0 ms]
      [Humongous Register: 0.1 ms]
      [Humongous Reclaim: 0.0 ms]
      [Free CSet: 0.1 ms]
   [Eden: 46.0M(46.0M)->0.0B(46.0M) Survivors: 5120.0K->5120.0K Heap: 406.9M(1024.0M)->362.5M(1024.0M)]
 [Times: user=0.03 sys=0.00, real=0.03 secs] 
2016-12-19T22:41:31.572+0100: 17526.042: [GC pause (G1 Evacuation Pause) (young) (initial-mark), 0.0206496 secs]
   [Parallel Time: 20.1 ms, GC Workers: 1]
      [GC Worker Start (ms):  17526042.5]
      [Ext Root Scanning (ms):  1.6]
      [Update RS (ms):  3.0]
         [Processed Buffers:  31]
      [Scan RS (ms):  3.6]
      [Code Root Scanning (ms):  0.0]
      [Object Copy (ms):  11.9]
      [Termination (ms):  0.0]
         [Termination Attempts:  1]
      [GC Worker Other (ms):  0.0]
      [GC Worker Total (ms):  20.1]
      [GC Worker End (ms):  17526062.6]
   [Code Root Fixup: 0.0 ms]
   [Code Root Purge: 0.0 ms]
   [Clear CT: 0.0 ms]
   [Other: 0.4 ms]
      [Choose CSet: 0.0 ms]
      [Ref Proc: 0.0 ms]
      [Ref Enq: 0.0 ms]
      [Redirty Cards: 0.0 ms]
      [Humongous Register: 0.1 ms]
      [Humongous Reclaim: 0.0 ms]
      [Free CSet: 0.0 ms]
   [Eden: 46.0M(46.0M)->0.0B(47.0M) Survivors: 5120.0K->4096.0K Heap: 408.5M(1024.0M)->363.0M(1024.0M)]
 [Times: user=0.02 sys=0.00, real=0.02 secs] 
2016-12-19T22:41:31.592+0100: 17526.063: [GC concurrent-root-region-scan-start]
2016-12-19T22:41:31.605+0100: 17526.075: [GC concurrent-root-region-scan-end, 0.0121362 secs]
2016-12-19T22:41:31.605+0100: 17526.075: [GC concurrent-mark-start]
2016-12-19T22:41:31.626+0100: 17526.097: [GC concurrent-mark-end, 0.0214554 secs]
2016-12-19T22:41:31.626+0100: 17526.097: [GC remark 2016-12-19T22:41:31.626+0100: 17526.097: [Finalize Marking, 0.0001135 secs] 2016-12-19T22:41:31.626+0100: 17526.097: [GC ref-proc, 0.0001885 secs] 2016-12-19T22:41:31.627+0100: 17526.097: [Unloading, 0.0103611 secs], 0.0120657 secs]
 [Times: user=0.01 sys=0.00, real=0.01 secs] 
2016-12-19T22:41:31.639+0100: 17526.110: [GC cleanup 363M->291M(1024M), 0.0037253 secs]
 [Times: user=0.00 sys=0.00, real=0.01 secs] 
2016-12-19T22:41:31.647+0100: 17526.118: [GC concurrent-cleanup-start]
2016-12-19T22:41:31.648+0100: 17526.118: [GC concurrent-cleanup-end, 0.0003568 secs]
2016-12-19T22:42:00.998+0100: 17555.469: [GC pause (G1 Evacuation Pause) (young), 0.0386735 secs]
   [Parallel Time: 38.1 ms, GC Workers: 1]
      [GC Worker Start (ms):  17555468.9]
      [Ext Root Scanning (ms):  3.5]
      [Update RS (ms):  7.1]
         [Processed Buffers:  33]
      [Scan RS (ms):  7.9]
      [Code Root Scanning (ms):  0.0]
      [Object Copy (ms):  19.4]
      [Termination (ms):  0.0]
         [Termination Attempts:  1]
      [GC Worker Other (ms):  0.0]
      [GC Worker Total (ms):  38.0]
      [GC Worker End (ms):  17555506.9]
   [Code Root Fixup: 0.0 ms]
   [Code Root Purge: 0.0 ms]
   [Clear CT: 0.0 ms]
   [Other: 0.6 ms]
      [Choose CSet: 0.0 ms]
      [Ref Proc: 0.0 ms]
      [Ref Enq: 0.0 ms]
      [Redirty Cards: 0.0 ms]
      [Humongous Register: 0.1 ms]
      [Humongous Reclaim: 0.0 ms]
      [Free CSet: 0.1 ms]
   [Eden: 47.0M(47.0M)->0.0B(47.0M) Survivors: 4096.0K->4096.0K Heap: 338.0M(1024.0M)->291.0M(1024.0M)]
 [Times: user=0.03 sys=0.00, real=0.04 secs] 
2016-12-19T22:42:31.148+0100: 17585.618: [GC pause (G1 Evacuation Pause) (mixed), 0.0381578 secs]
   [Parallel Time: 36.7 ms, GC Workers: 1]
      [GC Worker Start (ms):  17585618.9]
      [Ext Root Scanning (ms):  1.6]
      [Update RS (ms):  4.5]
         [Processed Buffers:  32]
      [Scan RS (ms):  8.4]
      [Code Root Scanning (ms):  0.0]
      [Object Copy (ms):  22.1]
      [Termination (ms):  0.0]
         [Termination Attempts:  1]
      [GC Worker Other (ms):  0.0]
      [GC Worker Total (ms):  36.7]
      [GC Worker End (ms):  17585655.6]
   [Code Root Fixup: 0.0 ms]
   [Code Root Purge: 0.0 ms]
   [Clear CT: 0.2 ms]
   [Other: 1.2 ms]
      [Choose CSet: 0.1 ms]
      [Ref Proc: 0.1 ms]
      [Ref Enq: 0.0 ms]
      [Redirty Cards: 0.0 ms]
      [Humongous Register: 0.2 ms]
      [Humongous Reclaim: 0.0 ms]
      [Free CSet: 0.2 ms]
   [Eden: 47.0M(47.0M)->0.0B(45.0M) Survivors: 4096.0K->6144.0K Heap: 338.0M(1024.0M)->272.8M(1024.0M)]
 [Times: user=0.03 sys=0.00, real=0.04 secs] 
2016-12-19T22:42:59.439+0100: 17613.910: [GC pause (G1 Evacuation Pause) (mixed), 0.0233576 secs]
   [Parallel Time: 22.7 ms, GC Workers: 1]
      [GC Worker Start (ms):  17613910.0]
      [Ext Root Scanning (ms):  1.5]
      [Update RS (ms):  3.0]
         [Processed Buffers:  31]
      [Scan RS (ms):  4.4]
      [Code Root Scanning (ms):  0.0]
      [Object Copy (ms):  13.8]
      [Termination (ms):  0.0]
         [Termination Attempts:  1]
      [GC Worker Other (ms):  0.0]
      [GC Worker Total (ms):  22.6]
      [GC Worker End (ms):  17613932.6]
   [Code Root Fixup: 0.1 ms]
   [Code Root Purge: 0.0 ms]
   [Clear CT: 0.1 ms]
   [Other: 0.5 ms]
      [Choose CSet: 0.0 ms]
      [Ref Proc: 0.0 ms]
      [Ref Enq: 0.0 ms]
      [Redirty Cards: 0.0 ms]
      [Humongous Register: 0.0 ms]
      [Humongous Reclaim: 0.0 ms]
      [Free CSet: 0.1 ms]
   [Eden: 45.0M(45.0M)->0.0B(46.0M) Survivors: 6144.0K->5120.0K Heap: 317.8M(1024.0M)->253.2M(1024.0M)]
 [Times: user=0.03 sys=0.00, real=0.03 secs] 
2016-12-19T22:43:30.088+0100: 17644.559: [GC pause (G1 Evacuation Pause) (mixed), 0.0474779 secs]
   [Parallel Time: 44.1 ms, GC Workers: 1]
      [GC Worker Start (ms):  17644558.8]
      [Ext Root Scanning (ms):  2.0]
      [Update RS (ms):  3.1]
         [Processed Buffers:  35]
      [Scan RS (ms):  9.1]
      [Code Root Scanning (ms):  0.0]
      [Object Copy (ms):  29.7]
      [Termination (ms):  0.0]
         [Termination Attempts:  1]
      [GC Worker Other (ms):  0.0]
      [GC Worker Total (ms):  43.9]
      [GC Worker End (ms):  17644602.7]
   [Code Root Fixup: 0.4 ms]
   [Code Root Purge: 0.0 ms]
   [Clear CT: 0.1 ms]
   [Other: 2.8 ms]
      [Choose CSet: 0.1 ms]
      [Ref Proc: 0.8 ms]
      [Ref Enq: 0.0 ms]
      [Redirty Cards: 0.0 ms]
      [Humongous Register: 0.1 ms]
      [Humongous Reclaim: 0.0 ms]
      [Free CSet: 0.2 ms]
   [Eden: 46.0M(46.0M)->0.0B(46.0M) Survivors: 5120.0K->5120.0K Heap: 299.2M(1024.0M)->235.0M(1024.0M)]
 [Times: user=0.04 sys=0.00, real=0.05 secs] 
2016-12-19T22:43:58.806+0100: 17673.276: [GC pause (G1 Evacuation Pause) (mixed), 0.0832594 secs]
   [Parallel Time: 81.9 ms, GC Workers: 1]
      [GC Worker Start (ms):  17673276.8]
      [Ext Root Scanning (ms):  3.2]
      [Update RS (ms):  5.3]
         [Processed Buffers:  32]
      [Scan RS (ms):  24.1]
      [Code Root Scanning (ms):  0.0]
      [Object Copy (ms):  49.2]
      [Termination (ms):  0.0]
         [Termination Attempts:  1]
      [GC Worker Other (ms):  0.0]
      [GC Worker Total (ms):  81.9]
      [GC Worker End (ms):  17673358.7]
   [Code Root Fixup: 0.1 ms]
   [Code Root Purge: 0.0 ms]
   [Clear CT: 0.2 ms]
   [Other: 1.0 ms]
      [Choose CSet: 0.1 ms]
      [Ref Proc: 0.0 ms]
      [Ref Enq: 0.0 ms]
      [Redirty Cards: 0.1 ms]
      [Humongous Register: 0.2 ms]
      [Humongous Reclaim: 0.0 ms]
      [Free CSet: 0.3 ms]
   [Eden: 46.0M(46.0M)->0.0B(47.0M) Survivors: 5120.0K->4096.0K Heap: 281.0M(1024.0M)->215.5M(1024.0M)]
 [Times: user=0.07 sys=0.00, real=0.08 secs] 
2016-12-19T22:44:27.606+0100: 17702.076: [GC pause (G1 Evacuation Pause) (mixed), 0.0299821 secs]
   [Parallel Time: 29.0 ms, GC Workers: 1]
      [GC Worker Start (ms):  17702076.6]
      [Ext Root Scanning (ms):  2.2]
      [Update RS (ms):  3.9]
         [Processed Buffers:  33]
      [Scan RS (ms):  7.7]
      [Code Root Scanning (ms):  0.0]
      [Object Copy (ms):  15.2]
      [Termination (ms):  0.0]
         [Termination Attempts:  1]
      [GC Worker Other (ms):  0.0]
      [GC Worker Total (ms):  29.0]
      [GC Worker End (ms):  17702105.6]
   [Code Root Fixup: 0.0 ms]
   [Code Root Purge: 0.0 ms]
   [Clear CT: 0.1 ms]
   [Other: 0.8 ms]
      [Choose CSet: 0.1 ms]
      [Ref Proc: 0.0 ms]
      [Ref Enq: 0.0 ms]
      [Redirty Cards: 0.0 ms]
      [Humongous Register: 0.1 ms]
      [Humongous Reclaim: 0.0 ms]
      [Free CSet: 0.2 ms]
   [Eden: 47.0M(47.0M)->0.0B(47.0M) Survivors: 4096.0K->4096.0K Heap: 262.5M(1024.0M)->196.0M(1024.0M)]
 [Times: user=0.02 sys=0.00, real=0.03 secs] 
2016-12-19T22:44:54.682+0100: 17729.153: [GC pause (G1 Evacuation Pause) (mixed), 0.0259070 secs]
   [Parallel Time: 25.2 ms, GC Workers: 1]
      [GC Worker Start (ms):  17729152.9]
      [Ext Root Scanning (ms):  1.1]
      [Update RS (ms):  3.4]
         [Processed Buffers:  32]
      [Scan RS (ms):  5.1]
      [Code Root Scanning (ms):  0.0]
      [Object Copy (ms):  15.5]
      [Termination (ms):  0.0]
         [Termination Attempts:  1]
      [GC Worker Other (ms):  0.0]
      [GC Worker Total (ms):  25.2]
      [GC Worker End (ms):  17729178.1]
   [Code Root Fixup: 0.0 ms]
   [Code Root Purge: 0.0 ms]
   [Clear CT: 0.0 ms]
   [Other: 0.6 ms]
      [Choose CSet: 0.0 ms]
      [Ref Proc: 0.0 ms]
      [Ref Enq: 0.0 ms]
      [Redirty Cards: 0.0 ms]
      [Humongous Register: 0.1 ms]
      [Humongous Reclaim: 0.0 ms]
      [Free CSet: 0.1 ms]
   [Eden: 47.0M(47.0M)->0.0B(45.0M) Survivors: 4096.0K->6144.0K Heap: 243.0M(1024.0M)->196.8M(1024.0M)]
 [Times: user=0.03 sys=0.00, real=0.03 secs] 
2016-12-19T22:45:21.113+0100: 17755.584: [GC pause (G1 Evacuation Pause) (young), 0.0227644 secs]
   [Parallel Time: 22.2 ms, GC Workers: 1]
      [GC Worker Start (ms):  17755583.8]
      [Ext Root Scanning (ms):  1.2]
      [Update RS (ms):  2.8]
         [Processed Buffers:  32]
      [Scan RS (ms):  3.5]
      [Code Root Scanning (ms):  0.0]
      [Object Copy (ms):  14.7]
      [Termination (ms):  0.0]
         [Termination Attempts:  1]
      [GC Worker Other (ms):  0.0]
      [GC Worker Total (ms):  22.2]
      [GC Worker End (ms):  17755605.9]
   [Code Root Fixup: 0.0 ms]
   [Code Root Purge: 0.0 ms]
   [Clear CT: 0.1 ms]
   [Other: 0.4 ms]
      [Choose CSet: 0.0 ms]
      [Ref Proc: 0.0 ms]
      [Ref Enq: 0.0 ms]
      [Redirty Cards: 0.1 ms]
      [Humongous Register: 0.1 ms]
      [Humongous Reclaim: 0.0 ms]
      [Free CSet: 0.0 ms]
   [Eden: 45.0M(45.0M)->0.0B(46.0M) Survivors: 6144.0K->5120.0K Heap: 241.8M(1024.0M)->197.2M(1024.0M)]
 [Times: user=0.02 sys=0.00, real=0.02 secs] 
2016-12-19T22:45:48.427+0100: 17782.897: [GC pause (G1 Evacuation Pause) (young), 0.0465115 secs]
   [Parallel Time: 45.9 ms, GC Workers: 1]
      [GC Worker Start (ms):  17782897.3]
      [Ext Root Scanning (ms):  10.6]
      [Update RS (ms):  3.3]
         [Processed Buffers:  30]
      [Scan RS (ms):  10.1]
      [Code Root Scanning (ms):  0.0]
      [Object Copy (ms):  21.9]
      [Termination (ms):  0.0]
         [Termination Attempts:  1]
      [GC Worker Other (ms):  0.0]
      [GC Worker Total (ms):  45.8]
      [GC Worker End (ms):  17782943.1]
   [Code Root Fixup: 0.1 ms]
   [Code Root Purge: 0.0 ms]
   [Clear CT: 0.0 ms]
   [Other: 0.5 ms]
      [Choose CSet: 0.0 ms]
      [Ref Proc: 0.0 ms]
      [Ref Enq: 0.0 ms]
      [Redirty Cards: 0.1 ms]
      [Humongous Register: 0.1 ms]
      [Humongous Reclaim: 0.0 ms]
      [Free CSet: 0.1 ms]
   [Eden: 46.0M(46.0M)->0.0B(46.0M) Survivors: 5120.0K->5120.0K Heap: 243.2M(1024.0M)->199.0M(1024.0M)]
 [Times: user=0.04 sys=0.00, real=0.05 secs] 
2016-12-19T22:46:17.554+0100: 17812.024: [GC pause (G1 Evacuation Pause) (young), 0.0307626 secs]
   [Parallel Time: 29.2 ms, GC Workers: 1]
      [GC Worker Start (ms):  17812025.7]
      [Ext Root Scanning (ms):  1.5]
      [Update RS (ms):  4.8]
         [Processed Buffers:  32]
      [Scan RS (ms):  6.7]
      [Code Root Scanning (ms):  0.0]
      [Object Copy (ms):  16.0]
      [Termination (ms):  0.0]
         [Termination Attempts:  1]
      [GC Worker Other (ms):  0.0]
      [GC Worker Total (ms):  29.1]
      [GC Worker End (ms):  17812054.8]
   [Code Root Fixup: 0.0 ms]
   [Code Root Purge: 0.0 ms]
   [Clear CT: 0.0 ms]
   [Other: 1.5 ms]
      [Choose CSet: 0.0 ms]
      [Ref Proc: 0.0 ms]
      [Ref Enq: 0.0 ms]
      [Redirty Cards: 0.0 ms]
      [Humongous Register: 0.1 ms]
      [Humongous Reclaim: 0.0 ms]
      [Free CSet: 0.1 ms]
   [Eden: 46.0M(46.0M)->0.0B(47.0M) Survivors: 5120.0K->4096.0K Heap: 245.0M(1024.0M)->199.5M(1024.0M)]
 [Times: user=0.03 sys=0.00, real=0.03 secs] 
2016-12-19T22:46:47.092+0100: 17841.562: [GC pause (G1 Evacuation Pause) (young), 0.0225929 secs]
   [Parallel Time: 22.0 ms, GC Workers: 1]
      [GC Worker Start (ms):  17841562.7]
      [Ext Root Scanning (ms):  1.3]
      [Update RS (ms):  5.2]
         [Processed Buffers:  37]
      [Scan RS (ms):  5.2]
      [Code Root Scanning (ms):  0.0]
      [Object Copy (ms):  10.3]
      [Termination (ms):  0.0]
         [Termination Attempts:  1]
      [GC Worker Other (ms):  0.0]
      [GC Worker Total (ms):  22.0]
      [GC Worker End (ms):  17841584.7]
   [Code Root Fixup: 0.0 ms]
   [Code Root Purge: 0.0 ms]
   [Clear CT: 0.0 ms]
   [Other: 0.5 ms]
      [Choose CSet: 0.0 ms]
      [Ref Proc: 0.0 ms]
      [Ref Enq: 0.0 ms]
      [Redirty Cards: 0.0 ms]
      [Humongous Register: 0.1 ms]
      [Humongous Reclaim: 0.0 ms]
      [Free CSet: 0.1 ms]
   [Eden: 47.0M(47.0M)->0.0B(47.0M) Survivors: 4096.0K->4096.0K Heap: 246.5M(1024.0M)->199.5M(1024.0M)]
 [Times: user=0.02 sys=0.00, real=0.02 secs] 
2016-12-19T22:47:16.577+0100: 17871.048: [GC pause (G1 Evacuation Pause) (young), 0.0297395 secs]
   [Parallel Time: 29.2 ms, GC Workers: 1]
      [GC Worker Start (ms):  17871047.9]
      [Ext Root Scanning (ms):  1.3]
      [Update RS (ms):  4.3]
         [Processed Buffers:  33]
      [Scan RS (ms):  4.6]
      [Code Root Scanning (ms):  0.0]
      [Object Copy (ms):  19.0]
      [Termination (ms):  0.0]
         [Termination Attempts:  1]
      [GC Worker Other (ms):  0.0]
      [GC Worker Total (ms):  29.2]
      [GC Worker End (ms):  17871077.1]
   [Code Root Fixup: 0.0 ms]
   [Code Root Purge: 0.0 ms]
   [Clear CT: 0.1 ms]
   [Other: 0.4 ms]
      [Choose CSet: 0.0 ms]
      [Ref Proc: 0.0 ms]
      [Ref Enq: 0.0 ms]
      [Redirty Cards: 0.0 ms]
      [Humongous Register: 0.1 ms]
      [Humongous Reclaim: 0.0 ms]
      [Free CSet: 0.0 ms]
   [Eden: 47.0M(47.0M)->0.0B(45.0M) Survivors: 4096.0K->6144.0K Heap: 246.5M(1024.0M)->201.0M(1024.0M)]
 [Times: user=0.03 sys=0.00, real=0.03 secs] 
2016-12-19T22:47:45.401+0100: 17899.872: [GC pause (G1 Evacuation Pause) (young), 0.0194864 secs]
   [Parallel Time: 19.1 ms, GC Workers: 1]
      [GC Worker Start (ms):  17899872.1]
      [Ext Root Scanning (ms):  1.0]
      [Update RS (ms):  2.3]
         [Processed Buffers:  32]
      [Scan RS (ms):  3.1]
      [Code Root Scanning (ms):  0.0]
      [Object Copy (ms):  12.6]
      [Termination (ms):  0.0]
         [Termination Attempts:  1]
      [GC Worker Other (ms):  0.0]
      [GC Worker Total (ms):  19.0]
      [GC Worker End (ms):  17899891.2]
   [Code Root Fixup: 0.0 ms]
   [Code Root Purge: 0.0 ms]
   [Clear CT: 0.0 ms]
   [Other: 0.3 ms]
      [Choose CSet: 0.0 ms]
      [Ref Proc: 0.0 ms]
      [Ref Enq: 0.0 ms]
      [Redirty Cards: 0.0 ms]
      [Humongous Register: 0.0 ms]
      [Humongous Reclaim: 0.0 ms]
      [Free CSet: 0.0 ms]
   [Eden: 45.0M(45.0M)->0.0B(46.0M) Survivors: 6144.0K->5120.0K Heap: 246.0M(1024.0M)->201.4M(1024.0M)]
 [Times: user=0.02 sys=0.00, real=0.02 secs] 
2016-12-19T22:48:15.900+0100: 17930.371: [GC pause (G1 Evacuation Pause) (young), 0.0204471 secs]
   [Parallel Time: 19.9 ms, GC Workers: 1]
      [GC Worker Start (ms):  17930370.6]
      [Ext Root Scanning (ms):  1.0]
      [Update RS (ms):  2.4]
         [Processed Buffers:  36]
      [Scan RS (ms):  3.7]
      [Code Root Scanning (ms):  0.0]
      [Object Copy (ms):  12.8]
      [Termination (ms):  0.0]
         [Termination Attempts:  1]
      [GC Worker Other (ms):  0.0]
      [GC Worker Total (ms):  19.9]
      [GC Worker End (ms):  17930390.5]
   [Code Root Fixup: 0.0 ms]
   [Code Root Purge: 0.0 ms]
   [Clear CT: 0.0 ms]
   [Other: 0.4 ms]
      [Choose CSet: 0.0 ms]
      [Ref Proc: 0.0 ms]
      [Ref Enq: 0.0 ms]
      [Redirty Cards: 0.0 ms]
      [Humongous Register: 0.0 ms]
      [Humongous Reclaim: 0.0 ms]
      [Free CSet: 0.1 ms]
   [Eden: 46.0M(46.0M)->0.0B(46.0M) Survivors: 5120.0K->5120.0K Heap: 247.4M(1024.0M)->203.0M(1024.0M)]
 [Times: user=0.02 sys=0.00, real=0.02 secs] 
2016-12-19T22:48:44.472+0100: 17958.942: [GC pause (G1 Evacuation Pause) (young), 0.0259231 secs]
   [Parallel Time: 25.4 ms, GC Workers: 1]
      [GC Worker Start (ms):  17958942.3]
      [Ext Root Scanning (ms):  1.3]
      [Update RS (ms):  2.5]
         [Processed Buffers:  37]
      [Scan RS (ms):  6.1]
      [Code Root Scanning (ms):  0.0]
      [Object Copy (ms):  15.4]
      [Termination (ms):  0.0]
         [Termination Attempts:  1]
      [GC Worker Other (ms):  0.1]
      [GC Worker Total (ms):  25.3]
      [GC Worker End (ms):  17958967.6]
   [Code Root Fixup: 0.0 ms]
   [Code Root Purge: 0.0 ms]
   [Clear CT: 0.0 ms]
   [Other: 0.5 ms]
      [Choose CSet: 0.0 ms]
      [Ref Proc: 0.0 ms]
      [Ref Enq: 0.0 ms]
      [Redirty Cards: 0.0 ms]
      [Humongous Register: 0.1 ms]
      [Humongous Reclaim: 0.0 ms]
      [Free CSet: 0.1 ms]
   [Eden: 46.0M(46.0M)->0.0B(47.0M) Survivors: 5120.0K->4096.0K Heap: 249.0M(1024.0M)->203.5M(1024.0M)]
 [Times: user=0.03 sys=0.00, real=0.02 secs] 
2016-12-19T22:49:12.436+0100: 17986.907: [GC pause (G1 Evacuation Pause) (young), 0.0214818 secs]
   [Parallel Time: 20.1 ms, GC Workers: 1]
      [GC Worker Start (ms):  17986907.6]
      [Ext Root Scanning (ms):  1.2]
      [Update RS (ms):  3.8]
         [Processed Buffers:  35]
      [Scan RS (ms):  4.4]
      [Code Root Scanning (ms):  0.0]
      [Object Copy (ms):  10.6]
      [Termination (ms):  0.0]
         [Termination Attempts:  1]
      [GC Worker Other (ms):  0.0]
      [GC Worker Total (ms):  20.1]
      [GC Worker End (ms):  17986927.7]
   [Code Root Fixup: 0.0 ms]
   [Code Root Purge: 0.0 ms]
   [Clear CT: 0.0 ms]
   [Other: 1.3 ms]
      [Choose CSet: 0.0 ms]
      [Ref Proc: 0.0 ms]
      [Ref Enq: 0.0 ms]
      [Redirty Cards: 0.0 ms]
      [Humongous Register: 0.9 ms]
      [Humongous Reclaim: 0.0 ms]
      [Free CSet: 0.1 ms]
   [Eden: 47.0M(47.0M)->0.0B(47.0M) Survivors: 4096.0K->4096.0K Heap: 250.5M(1024.0M)->203.5M(1024.0M)]
 [Times: user=0.02 sys=0.00, real=0.02 secs] 
2016-12-19T22:49:40.022+0100: 18014.492: [GC pause (G1 Evacuation Pause) (young), 0.0300817 secs]
   [Parallel Time: 29.3 ms, GC Workers: 1]
      [GC Worker Start (ms):  18014492.5]
      [Ext Root Scanning (ms):  3.0]
      [Update RS (ms):  4.3]
         [Processed Buffers:  34]
      [Scan RS (ms):  4.6]
      [Code Root Scanning (ms):  0.0]
      [Object Copy (ms):  17.4]
      [Termination (ms):  0.0]
         [Termination Attempts:  1]
      [GC Worker Other (ms):  0.0]
      [GC Worker Total (ms):  29.3]
      [GC Worker End (ms):  18014521.8]
   [Code Root Fixup: 0.1 ms]
   [Code Root Purge: 0.0 ms]
   [Clear CT: 0.0 ms]
   [Other: 0.7 ms]
      [Choose CSet: 0.0 ms]
      [Ref Proc: 0.0 ms]
      [Ref Enq: 0.0 ms]
      [Redirty Cards: 0.0 ms]
      [Humongous Register: 0.1 ms]
      [Humongous Reclaim: 0.0 ms]
      [Free CSet: 0.1 ms]
   [Eden: 47.0M(47.0M)->0.0B(44.0M) Survivors: 4096.0K->7168.0K Heap: 250.5M(1024.0M)->206.0M(1024.0M)]
 [Times: user=0.03 sys=0.00, real=0.04 secs] 
2016-12-19T22:50:09.253+0100: 18043.724: [GC pause (G1 Evacuation Pause) (young), 0.0555624 secs]
   [Parallel Time: 54.8 ms, GC Workers: 1]
      [GC Worker Start (ms):  18043724.1]
      [Ext Root Scanning (ms):  1.2]
      [Update RS (ms):  4.1]
         [Processed Buffers:  33]
      [Scan RS (ms):  4.3]
      [Code Root Scanning (ms):  0.0]
      [Object Copy (ms):  45.0]
      [Termination (ms):  0.0]
         [Termination Attempts:  1]
      [GC Worker Other (ms):  0.0]
      [GC Worker Total (ms):  54.7]
      [GC Worker End (ms):  18043778.8]
   [Code Root Fixup: 0.0 ms]
   [Code Root Purge: 0.0 ms]
   [Clear CT: 0.0 ms]
   [Other: 0.7 ms]
      [Choose CSet: 0.0 ms]
      [Ref Proc: 0.0 ms]
      [Ref Enq: 0.0 ms]
      [Redirty Cards: 0.0 ms]
      [Humongous Register: 0.1 ms]
      [Humongous Reclaim: 0.0 ms]
      [Free CSet: 0.0 ms]
   [Eden: 44.0M(44.0M)->0.0B(47.0M) Survivors: 7168.0K->4096.0K Heap: 250.0M(1024.0M)->205.8M(1024.0M)]
 [Times: user=0.03 sys=0.01, real=0.05 secs] 
2016-12-19T22:50:38.266+0100: 18072.737: [GC pause (G1 Evacuation Pause) (young), 0.0312811 secs]
   [Parallel Time: 30.6 ms, GC Workers: 1]
      [GC Worker Start (ms):  18072737.0]
      [Ext Root Scanning (ms):  1.8]
      [Update RS (ms):  4.1]
         [Processed Buffers:  32]
      [Scan RS (ms):  5.3]
      [Code Root Scanning (ms):  0.0]
      [Object Copy (ms):  19.3]
      [Termination (ms):  0.0]
         [Termination Attempts:  1]
      [GC Worker Other (ms):  0.0]
      [GC Worker Total (ms):  30.5]
      [GC Worker End (ms):  18072767.5]
   [Code Root Fixup: 0.1 ms]
   [Code Root Purge: 0.0 ms]
   [Clear CT: 0.1 ms]
   [Other: 0.5 ms]
      [Choose CSet: 0.0 ms]
      [Ref Proc: 0.0 ms]
      [Ref Enq: 0.0 ms]
      [Redirty Cards: 0.0 ms]
      [Humongous Register: 0.1 ms]
      [Humongous Reclaim: 0.0 ms]
      [Free CSet: 0.1 ms]
   [Eden: 47.0M(47.0M)->0.0B(46.0M) Survivors: 4096.0K->5120.0K Heap: 252.8M(1024.0M)->206.8M(1024.0M)]
 [Times: user=0.03 sys=0.00, real=0.03 secs] 
2016-12-19T22:51:06.064+0100: 18100.534: [GC pause (G1 Evacuation Pause) (young), 0.0395037 secs]
   [Parallel Time: 38.8 ms, GC Workers: 1]
      [GC Worker Start (ms):  18100534.4]
      [Ext Root Scanning (ms):  4.4]
      [Update RS (ms):  2.4]
         [Processed Buffers:  34]
      [Scan RS (ms):  2.8]
      [Code Root Scanning (ms):  0.0]
      [Object Copy (ms):  24.7]
      [Termination (ms):  0.0]
         [Termination Attempts:  1]
      [GC Worker Other (ms):  0.0]
      [GC Worker Total (ms):  34.3]
      [GC Worker End (ms):  18100568.7]
   [Code Root Fixup: 0.0 ms]
   [Code Root Purge: 0.0 ms]
   [Clear CT: 0.0 ms]
   [Other: 0.6 ms]
      [Choose CSet: 0.0 ms]
      [Ref Proc: 0.0 ms]
      [Ref Enq: 0.0 ms]
      [Redirty Cards: 0.0 ms]
      [Humongous Register: 0.1 ms]
      [Humongous Reclaim: 0.1 ms]
      [Free CSet: 0.1 ms]
   [Eden: 46.0M(46.0M)->0.0B(47.0M) Survivors: 5120.0K->4096.0K Heap: 252.8M(1024.0M)->207.5M(1024.0M)]
 [Times: user=0.02 sys=0.00, real=0.04 secs] 
2016-12-19T22:51:35.301+0100: 18129.772: [GC pause (G1 Evacuation Pause) (young), 0.0184995 secs]
   [Parallel Time: 17.9 ms, GC Workers: 1]
      [GC Worker Start (ms):  18129772.3]
      [Ext Root Scanning (ms):  1.6]
      [Update RS (ms):  5.0]
         [Processed Buffers:  38]
      [Scan RS (ms):  3.6]
      [Code Root Scanning (ms):  0.0]
      [Object Copy (ms):  7.7]
      [Termination (ms):  0.0]
         [Termination Attempts:  1]
      [GC Worker Other (ms):  0.0]
      [GC Worker Total (ms):  17.9]
      [GC Worker End (ms):  18129790.2]
   [Code Root Fixup: 0.0 ms]
   [Code Root Purge: 0.0 ms]
   [Clear CT: 0.0 ms]
   [Other: 0.5 ms]
      [Choose CSet: 0.0 ms]
      [Ref Proc: 0.0 ms]
      [Ref Enq: 0.0 ms]
      [Redirty Cards: 0.0 ms]
      [Humongous Register: 0.1 ms]
      [Humongous Reclaim: 0.0 ms]
      [Free CSet: 0.1 ms]
   [Eden: 47.0M(47.0M)->0.0B(47.0M) Survivors: 4096.0K->4096.0K Heap: 254.5M(1024.0M)->207.5M(1024.0M)]
 [Times: user=0.02 sys=0.00, real=0.02 secs] 
2016-12-19T22:52:05.454+0100: 18159.925: [GC pause (G1 Evacuation Pause) (young), 0.0195045 secs]
   [Parallel Time: 18.9 ms, GC Workers: 1]
      [GC Worker Start (ms):  18159924.8]
      [Ext Root Scanning (ms):  1.2]
      [Update RS (ms):  2.4]
         [Processed Buffers:  36]
      [Scan RS (ms):  3.5]
      [Code Root Scanning (ms):  0.0]
      [Object Copy (ms):  11.7]
      [Termination (ms):  0.0]
         [Termination Attempts:  1]
      [GC Worker Other (ms):  0.0]
      [GC Worker Total (ms):  18.8]
      [GC Worker End (ms):  18159943.6]
   [Code Root Fixup: 0.1 ms]
   [Code Root Purge: 0.0 ms]
   [Clear CT: 0.0 ms]
   [Other: 0.5 ms]
      [Choose CSet: 0.0 ms]
      [Ref Proc: 0.0 ms]
      [Ref Enq: 0.0 ms]
      [Redirty Cards: 0.0 ms]
      [Humongous Register: 0.1 ms]
      [Humongous Reclaim: 0.0 ms]
      [Free CSet: 0.0 ms]
   [Eden: 47.0M(47.0M)->0.0B(46.0M) Survivors: 4096.0K->5120.0K Heap: 254.5M(1024.0M)->208.0M(1024.0M)]
 [Times: user=0.02 sys=0.00, real=0.02 secs] 
2016-12-19T22:52:33.809+0100: 18188.280: [GC pause (G1 Evacuation Pause) (young), 0.0170255 secs]
   [Parallel Time: 16.5 ms, GC Workers: 1]
      [GC Worker Start (ms):  18188280.1]
      [Ext Root Scanning (ms):  1.8]
      [Update RS (ms):  2.1]
         [Processed Buffers:  35]
      [Scan RS (ms):  3.0]
      [Code Root Scanning (ms):  0.0]
      [Object Copy (ms):  9.6]
      [Termination (ms):  0.0]
         [Termination Attempts:  1]
      [GC Worker Other (ms):  0.0]
      [GC Worker Total (ms):  16.5]
      [GC Worker End (ms):  18188296.6]
   [Code Root Fixup: 0.0 ms]
   [Code Root Purge: 0.0 ms]
   [Clear CT: 0.0 ms]
   [Other: 0.4 ms]
      [Choose CSet: 0.0 ms]
      [Ref Proc: 0.0 ms]
      [Ref Enq: 0.0 ms]
      [Redirty Cards: 0.0 ms]
      [Humongous Register: 0.0 ms]
      [Humongous Reclaim: 0.0 ms]
      [Free CSet: 0.0 ms]
   [Eden: 46.0M(46.0M)->0.0B(47.0M) Survivors: 5120.0K->4096.0K Heap: 254.0M(1024.0M)->207.9M(1024.0M)]
 [Times: user=0.01 sys=0.01, real=0.02 secs] 
2016-12-19T22:53:04.884+0100: 18219.355: [GC pause (G1 Evacuation Pause) (young), 0.0247050 secs]
   [Parallel Time: 24.2 ms, GC Workers: 1]
      [GC Worker Start (ms):  18219355.1]
      [Ext Root Scanning (ms):  1.4]
      [Update RS (ms):  3.6]
         [Processed Buffers:  35]
      [Scan RS (ms):  2.6]
      [Code Root Scanning (ms):  0.0]
      [Object Copy (ms):  16.6]
      [Termination (ms):  0.0]
         [Termination Attempts:  1]
      [GC Worker Other (ms):  0.0]
      [GC Worker Total (ms):  24.2]
      [GC Worker End (ms):  18219379.3]
   [Code Root Fixup: 0.0 ms]
   [Code Root Purge: 0.0 ms]
   [Clear CT: 0.0 ms]
   [Other: 0.4 ms]
      [Choose CSet: 0.0 ms]
      [Ref Proc: 0.0 ms]
      [Ref Enq: 0.0 ms]
      [Redirty Cards: 0.0 ms]
      [Humongous Register: 0.0 ms]
      [Humongous Reclaim: 0.0 ms]
      [Free CSet: 0.1 ms]
   [Eden: 47.0M(47.0M)->0.0B(46.0M) Survivors: 4096.0K->5120.0K Heap: 254.9M(1024.0M)->209.4M(1024.0M)]
 [Times: user=0.02 sys=0.00, real=0.02 secs] 
2016-12-19T22:53:34.185+0100: 18248.655: [GC pause (G1 Evacuation Pause) (young), 0.0281036 secs]
   [Parallel Time: 27.3 ms, GC Workers: 1]
      [GC Worker Start (ms):  18248655.5]
      [Ext Root Scanning (ms):  1.0]
      [Update RS (ms):  2.5]
         [Processed Buffers:  33]
      [Scan RS (ms):  1.9]
      [Code Root Scanning (ms):  0.0]
      [Object Copy (ms):  21.6]
      [Termination (ms):  0.0]
         [Termination Attempts:  1]
      [GC Worker Other (ms):  0.1]
      [GC Worker Total (ms):  27.2]
      [GC Worker End (ms):  18248682.8]
   [Code Root Fixup: 0.0 ms]
   [Code Root Purge: 0.0 ms]
   [Clear CT: 0.2 ms]
   [Other: 0.6 ms]
      [Choose CSet: 0.0 ms]
      [Ref Proc: 0.1 ms]
      [Ref Enq: 0.0 ms]
      [Redirty Cards: 0.1 ms]
      [Humongous Register: 0.1 ms]
      [Humongous Reclaim: 0.0 ms]
      [Free CSet: 0.0 ms]
   [Eden: 46.0M(46.0M)->0.0B(47.0M) Survivors: 5120.0K->4096.0K Heap: 255.4M(1024.0M)->209.5M(1024.0M)]
 [Times: user=0.02 sys=0.00, real=0.03 secs] 
2016-12-19T22:54:04.496+0100: 18278.966: [GC pause (G1 Evacuation Pause) (young), 0.0154450 secs]
   [Parallel Time: 14.8 ms, GC Workers: 1]
      [GC Worker Start (ms):  18278967.4]
      [Ext Root Scanning (ms):  1.0]
      [Update RS (ms):  2.4]
         [Processed Buffers:  34]
      [Scan RS (ms):  2.1]
      [Code Root Scanning (ms):  0.0]
      [Object Copy (ms):  8.5]
      [Termination (ms):  0.0]
         [Termination Attempts:  1]
      [GC Worker Other (ms):  0.0]
      [GC Worker Total (ms):  14.0]
      [GC Worker End (ms):  18278981.4]
   [Code Root Fixup: 0.0 ms]
   [Code Root Purge: 0.0 ms]
   [Clear CT: 0.0 ms]
   [Other: 0.5 ms]
      [Choose CSet: 0.0 ms]
      [Ref Proc: 0.0 ms]
      [Ref Enq: 0.0 ms]
      [Redirty Cards: 0.0 ms]
      [Humongous Register: 0.0 ms]
      [Humongous Reclaim: 0.0 ms]
      [Free CSet: 0.2 ms]
   [Eden: 47.0M(47.0M)->0.0B(46.0M) Survivors: 4096.0K->5120.0K Heap: 256.5M(1024.0M)->210.0M(1024.0M)]
 [Times: user=0.01 sys=0.00, real=0.02 secs] 
2016-12-19T22:54:32.237+0100: 18306.707: [GC pause (G1 Evacuation Pause) (young), 0.0464156 secs]
   [Parallel Time: 45.5 ms, GC Workers: 1]
      [GC Worker Start (ms):  18306707.7]
      [Ext Root Scanning (ms):  1.6]
      [Update RS (ms):  8.3]
         [Processed Buffers:  33]
      [Scan RS (ms):  4.9]
      [Code Root Scanning (ms):  0.0]
      [Object Copy (ms):  30.7]
      [Termination (ms):  0.0]
         [Termination Attempts:  1]
      [GC Worker Other (ms):  0.0]
      [GC Worker Total (ms):  45.5]
      [GC Worker End (ms):  18306753.1]
   [Code Root Fixup: 0.0 ms]
   [Code Root Purge: 0.0 ms]
   [Clear CT: 0.0 ms]
   [Other: 0.8 ms]
      [Choose CSet: 0.0 ms]
      [Ref Proc: 0.1 ms]
      [Ref Enq: 0.0 ms]
      [Redirty Cards: 0.0 ms]
      [Humongous Register: 0.1 ms]
      [Humongous Reclaim: 0.1 ms]
      [Free CSet: 0.1 ms]
   [Eden: 46.0M(46.0M)->0.0B(45.0M) Survivors: 5120.0K->6144.0K Heap: 256.0M(1024.0M)->211.7M(1024.0M)]
 [Times: user=0.04 sys=0.00, real=0.05 secs] 
2016-12-19T22:55:00.365+0100: 18334.836: [GC pause (G1 Evacuation Pause) (young), 0.0216027 secs]
   [Parallel Time: 21.0 ms, GC Workers: 1]
      [GC Worker Start (ms):  18334835.9]
      [Ext Root Scanning (ms):  0.9]
      [Update RS (ms):  2.5]
         [Processed Buffers:  34]
      [Scan RS (ms):  3.1]
      [Code Root Scanning (ms):  0.0]
      [Object Copy (ms):  14.5]
      [Termination (ms):  0.0]
         [Termination Attempts:  1]
      [GC Worker Other (ms):  0.0]
      [GC Worker Total (ms):  20.9]
      [GC Worker End (ms):  18334856.9]
   [Code Root Fixup: 0.0 ms]
   [Code Root Purge: 0.0 ms]
   [Clear CT: 0.0 ms]
   [Other: 0.6 ms]
      [Choose CSet: 0.0 ms]
      [Ref Proc: 0.0 ms]
      [Ref Enq: 0.0 ms]
      [Redirty Cards: 0.0 ms]
      [Humongous Register: 0.2 ms]
      [Humongous Reclaim: 0.0 ms]
      [Free CSet: 0.0 ms]
   [Eden: 45.0M(45.0M)->0.0B(47.0M) Survivors: 6144.0K->4096.0K Heap: 256.7M(1024.0M)->212.4M(1024.0M)]
 [Times: user=0.02 sys=0.00, real=0.02 secs] 
2016-12-19T22:55:27.917+0100: 18362.388: [GC pause (G1 Evacuation Pause) (young), 0.0207610 secs]
   [Parallel Time: 20.2 ms, GC Workers: 1]
      [GC Worker Start (ms):  18362387.9]
      [Ext Root Scanning (ms):  1.2]
      [Update RS (ms):  2.6]
         [Processed Buffers:  37]
      [Scan RS (ms):  3.7]
      [Code Root Scanning (ms):  0.0]
      [Object Copy (ms):  12.7]
      [Termination (ms):  0.0]
         [Termination Attempts:  1]
      [GC Worker Other (ms):  0.0]
      [GC Worker Total (ms):  20.2]
      [GC Worker End (ms):  18362408.1]
   [Code Root Fixup: 0.0 ms]
   [Code Root Purge: 0.0 ms]
   [Clear CT: 0.0 ms]
   [Other: 0.5 ms]
      [Choose CSet: 0.0 ms]
      [Ref Proc: 0.0 ms]
      [Ref Enq: 0.0 ms]
      [Redirty Cards: 0.0 ms]
      [Humongous Register: 0.1 ms]
      [Humongous Reclaim: 0.0 ms]
      [Free CSet: 0.1 ms]
   [Eden: 47.0M(47.0M)->0.0B(46.0M) Survivors: 4096.0K->5120.0K Heap: 259.4M(1024.0M)->213.4M(1024.0M)]
 [Times: user=0.02 sys=0.00, real=0.02 secs] 
2016-12-19T22:55:56.895+0100: 18391.366: [GC pause (G1 Evacuation Pause) (young), 0.0195882 secs]
   [Parallel Time: 18.4 ms, GC Workers: 1]
      [GC Worker Start (ms):  18391366.4]
      [Ext Root Scanning (ms):  1.0]
      [Update RS (ms):  2.6]
         [Processed Buffers:  31]
      [Scan RS (ms):  2.7]
      [Code Root Scanning (ms):  0.0]
      [Object Copy (ms):  12.1]
      [Termination (ms):  0.0]
         [Termination Attempts:  1]
      [GC Worker Other (ms):  0.0]
      [GC Worker Total (ms):  18.4]
      [GC Worker End (ms):  18391384.8]
   [Code Root Fixup: 0.0 ms]
   [Code Root Purge: 0.0 ms]
   [Clear CT: 0.0 ms]
   [Other: 1.1 ms]
      [Choose CSet: 0.0 ms]
      [Ref Proc: 0.0 ms]
      [Ref Enq: 0.0 ms]
      [Redirty Cards: 0.0 ms]
      [Humongous Register: 0.1 ms]
      [Humongous Reclaim: 0.0 ms]
      [Free CSet: 0.1 ms]
   [Eden: 46.0M(46.0M)->0.0B(47.0M) Survivors: 5120.0K->4096.0K Heap: 259.4M(1024.0M)->214.3M(1024.0M)]
 [Times: user=0.02 sys=0.01, real=0.02 secs] 
2016-12-19T22:56:25.306+0100: 18419.776: [GC pause (G1 Evacuation Pause) (young), 0.0311288 secs]
   [Parallel Time: 30.6 ms, GC Workers: 1]
      [GC Worker Start (ms):  18419776.4]
      [Ext Root Scanning (ms):  1.2]
      [Update RS (ms):  4.4]
         [Processed Buffers:  34]
      [Scan RS (ms):  3.2]
      [Code Root Scanning (ms):  0.0]
      [Object Copy (ms):  21.9]
      [Termination (ms):  0.0]
         [Termination Attempts:  1]
      [GC Worker Other (ms):  0.0]
      [GC Worker Total (ms):  30.6]
      [GC Worker End (ms):  18419806.9]
   [Code Root Fixup: 0.0 ms]
   [Code Root Purge: 0.0 ms]
   [Clear CT: 0.0 ms]
   [Other: 0.4 ms]
      [Choose CSet: 0.0 ms]
      [Ref Proc: 0.0 ms]
      [Ref Enq: 0.0 ms]
      [Redirty Cards: 0.0 ms]
      [Humongous Register: 0.1 ms]
      [Humongous Reclaim: 0.0 ms]
      [Free CSet: 0.1 ms]
   [Eden: 47.0M(47.0M)->0.0B(46.0M) Survivors: 4096.0K->5120.0K Heap: 261.3M(1024.0M)->214.8M(1024.0M)]
 [Times: user=0.02 sys=0.00, real=0.03 secs] 
2016-12-19T22:56:53.913+0100: 18448.384: [GC pause (G1 Evacuation Pause) (young), 0.0286201 secs]
   [Parallel Time: 28.0 ms, GC Workers: 1]
      [GC Worker Start (ms):  18448384.1]
      [Ext Root Scanning (ms):  2.1]
      [Update RS (ms):  5.2]
         [Processed Buffers:  32]
      [Scan RS (ms):  4.0]
      [Code Root Scanning (ms):  0.0]
      [Object Copy (ms):  16.6]
      [Termination (ms):  0.0]
         [Termination Attempts:  1]
      [GC Worker Other (ms):  0.0]
      [GC Worker Total (ms):  28.0]
      [GC Worker End (ms):  18448412.1]
   [Code Root Fixup: 0.1 ms]
   [Code Root Purge: 0.0 ms]
   [Clear CT: 0.1 ms]
   [Other: 0.5 ms]
      [Choose CSet: 0.0 ms]
      [Ref Proc: 0.0 ms]
      [Ref Enq: 0.0 ms]
      [Redirty Cards: 0.0 ms]
      [Humongous Register: 0.1 ms]
      [Humongous Reclaim: 0.0 ms]
      [Free CSet: 0.1 ms]
   [Eden: 46.0M(46.0M)->0.0B(46.0M) Survivors: 5120.0K->5120.0K Heap: 260.8M(1024.0M)->216.3M(1024.0M)]
 [Times: user=0.03 sys=0.00, real=0.02 secs] 
2016-12-19T22:57:23.749+0100: 18478.219: [GC pause (G1 Evacuation Pause) (young), 0.0252821 secs]
   [Parallel Time: 22.3 ms, GC Workers: 1]
      [GC Worker Start (ms):  18478221.6]
      [Ext Root Scanning (ms):  2.2]
      [Update RS (ms):  2.4]
         [Processed Buffers:  34]
      [Scan RS (ms):  3.2]
      [Code Root Scanning (ms):  0.0]
      [Object Copy (ms):  14.5]
      [Termination (ms):  0.0]
         [Termination Attempts:  1]
      [GC Worker Other (ms):  0.0]
      [GC Worker Total (ms):  22.3]
      [GC Worker End (ms):  18478243.9]
   [Code Root Fixup: 0.0 ms]
   [Code Root Purge: 0.0 ms]
   [Clear CT: 0.0 ms]
   [Other: 2.9 ms]
      [Choose CSet: 0.0 ms]
      [Ref Proc: 0.0 ms]
      [Ref Enq: 0.0 ms]
      [Redirty Cards: 0.0 ms]
      [Humongous Register: 0.3 ms]
      [Humongous Reclaim: 0.1 ms]
      [Free CSet: 0.1 ms]
   [Eden: 46.0M(46.0M)->0.0B(47.0M) Survivors: 5120.0K->4096.0K Heap: 262.3M(1024.0M)->217.0M(1024.0M)]
 [Times: user=0.02 sys=0.01, real=0.03 secs] 
2016-12-19T22:57:50.738+0100: 18505.208: [GC pause (G1 Evacuation Pause) (young), 0.0209322 secs]
   [Parallel Time: 20.4 ms, GC Workers: 1]
      [GC Worker Start (ms):  18505208.6]
      [Ext Root Scanning (ms):  1.5]
      [Update RS (ms):  4.2]
         [Processed Buffers:  34]
      [Scan RS (ms):  4.2]
      [Code Root Scanning (ms):  0.0]
      [Object Copy (ms):  10.6]
      [Termination (ms):  0.0]
         [Termination Attempts:  1]
      [GC Worker Other (ms):  0.0]
      [GC Worker Total (ms):  20.4]
      [GC Worker End (ms):  18505229.0]
   [Code Root Fixup: 0.0 ms]
   [Code Root Purge: 0.0 ms]
   [Clear CT: 0.0 ms]
   [Other: 0.4 ms]
      [Choose CSet: 0.0 ms]
      [Ref Proc: 0.0 ms]
      [Ref Enq: 0.0 ms]
      [Redirty Cards: 0.0 ms]
      [Humongous Register: 0.1 ms]
      [Humongous Reclaim: 0.0 ms]
      [Free CSet: 0.1 ms]
   [Eden: 47.0M(47.0M)->0.0B(47.0M) Survivors: 4096.0K->4096.0K Heap: 264.0M(1024.0M)->217.0M(1024.0M)]
 [Times: user=0.02 sys=0.00, real=0.02 secs] 
2016-12-19T22:58:19.014+0100: 18533.484: [GC pause (G1 Evacuation Pause) (young), 0.0314985 secs]
   [Parallel Time: 31.0 ms, GC Workers: 1]
      [GC Worker Start (ms):  18533484.3]
      [Ext Root Scanning (ms):  1.8]
      [Update RS (ms):  3.4]
         [Processed Buffers:  31]
      [Scan RS (ms):  4.6]
      [Code Root Scanning (ms):  0.0]
      [Object Copy (ms):  21.2]
      [Termination (ms):  0.0]
         [Termination Attempts:  1]
      [GC Worker Other (ms):  0.0]
      [GC Worker Total (ms):  30.9]
      [GC Worker End (ms):  18533515.3]
   [Code Root Fixup: 0.0 ms]
   [Code Root Purge: 0.0 ms]
   [Clear CT: 0.0 ms]
   [Other: 0.4 ms]
      [Choose CSet: 0.0 ms]
      [Ref Proc: 0.0 ms]
      [Ref Enq: 0.0 ms]
      [Redirty Cards: 0.0 ms]
      [Humongous Register: 0.0 ms]
      [Humongous Reclaim: 0.0 ms]
      [Free CSet: 0.1 ms]
   [Eden: 47.0M(47.0M)->0.0B(45.0M) Survivors: 4096.0K->6144.0K Heap: 264.0M(1024.0M)->218.5M(1024.0M)]
 [Times: user=0.03 sys=0.00, real=0.03 secs] 
2016-12-19T22:58:46.251+0100: 18560.722: [GC pause (G1 Evacuation Pause) (young), 0.0272783 secs]
   [Parallel Time: 26.8 ms, GC Workers: 1]
      [GC Worker Start (ms):  18560721.9]
      [Ext Root Scanning (ms):  1.3]
      [Update RS (ms):  6.4]
         [Processed Buffers:  31]
      [Scan RS (ms):  4.7]
      [Code Root Scanning (ms):  0.0]
      [Object Copy (ms):  14.4]
      [Termination (ms):  0.0]
         [Termination Attempts:  1]
      [GC Worker Other (ms):  0.0]
      [GC Worker Total (ms):  26.8]
      [GC Worker End (ms):  18560748.6]
   [Code Root Fixup: 0.0 ms]
   [Code Root Purge: 0.0 ms]
   [Clear CT: 0.0 ms]
   [Other: 0.4 ms]
      [Choose CSet: 0.0 ms]
      [Ref Proc: 0.0 ms]
      [Ref Enq: 0.0 ms]
      [Redirty Cards: 0.0 ms]
      [Humongous Register: 0.1 ms]
      [Humongous Reclaim: 0.0 ms]
      [Free CSet: 0.0 ms]
   [Eden: 45.0M(45.0M)->0.0B(46.0M) Survivors: 6144.0K->5120.0K Heap: 263.5M(1024.0M)->218.8M(1024.0M)]
 [Times: user=0.02 sys=0.00, real=0.02 secs] 
2016-12-19T22:59:12.955+0100: 18587.426: [GC pause (G1 Evacuation Pause) (young), 0.0513513 secs]
   [Parallel Time: 50.0 ms, GC Workers: 1]
      [GC Worker Start (ms):  18587426.3]
      [Ext Root Scanning (ms):  7.0]
      [Update RS (ms):  8.4]
         [Processed Buffers:  32]
      [Scan RS (ms):  9.5]
      [Code Root Scanning (ms):  0.0]
      [Object Copy (ms):  24.9]
      [Termination (ms):  0.0]
         [Termination Attempts:  1]
      [GC Worker Other (ms):  0.0]
      [GC Worker Total (ms):  49.9]
      [GC Worker End (ms):  18587476.2]
   [Code Root Fixup: 0.1 ms]
   [Code Root Purge: 0.0 ms]
   [Clear CT: 0.1 ms]
   [Other: 1.2 ms]
      [Choose CSet: 0.0 ms]
      [Ref Proc: 0.1 ms]
      [Ref Enq: 0.0 ms]
      [Redirty Cards: 0.1 ms]
      [Humongous Register: 0.1 ms]
      [Humongous Reclaim: 0.4 ms]
      [Free CSet: 0.1 ms]
   [Eden: 46.0M(46.0M)->0.0B(46.0M) Survivors: 5120.0K->5120.0K Heap: 264.8M(1024.0M)->220.5M(1024.0M)]
 [Times: user=0.04 sys=0.00, real=0.05 secs] 
2016-12-19T22:59:39.815+0100: 18614.286: [GC pause (G1 Evacuation Pause) (young), 0.0220141 secs]
   [Parallel Time: 21.6 ms, GC Workers: 1]
      [GC Worker Start (ms):  18614285.8]
      [Ext Root Scanning (ms):  2.1]
      [Update RS (ms):  3.3]
         [Processed Buffers:  33]
      [Scan RS (ms):  3.9]
      [Code Root Scanning (ms):  0.0]
      [Object Copy (ms):  12.2]
      [Termination (ms):  0.0]
         [Termination Attempts:  1]
      [GC Worker Other (ms):  0.0]
      [GC Worker Total (ms):  21.5]
      [GC Worker End (ms):  18614307.4]
   [Code Root Fixup: 0.0 ms]
   [Code Root Purge: 0.0 ms]
   [Clear CT: 0.0 ms]
   [Other: 0.4 ms]
      [Choose CSet: 0.0 ms]
      [Ref Proc: 0.0 ms]
      [Ref Enq: 0.0 ms]
      [Redirty Cards: 0.0 ms]
      [Humongous Register: 0.0 ms]
      [Humongous Reclaim: 0.0 ms]
      [Free CSet: 0.1 ms]
   [Eden: 46.0M(46.0M)->0.0B(47.0M) Survivors: 5120.0K->4096.0K Heap: 266.5M(1024.0M)->221.0M(1024.0M)]
 [Times: user=0.03 sys=0.00, real=0.02 secs] 
2016-12-19T23:00:08.695+0100: 18643.165: [GC pause (G1 Evacuation Pause) (young), 0.0171634 secs]
   [Parallel Time: 16.7 ms, GC Workers: 1]
      [GC Worker Start (ms):  18643165.3]
      [Ext Root Scanning (ms):  1.4]
      [Update RS (ms):  2.1]
         [Processed Buffers:  34]
      [Scan RS (ms):  3.7]
      [Code Root Scanning (ms):  0.0]
      [Object Copy (ms):  9.4]
      [Termination (ms):  0.0]
         [Termination Attempts:  1]
      [GC Worker Other (ms):  0.0]
      [GC Worker Total (ms):  16.7]
      [GC Worker End (ms):  18643181.9]
   [Code Root Fixup: 0.0 ms]
   [Code Root Purge: 0.0 ms]
   [Clear CT: 0.0 ms]
   [Other: 0.4 ms]
      [Choose CSet: 0.0 ms]
      [Ref Proc: 0.0 ms]
      [Ref Enq: 0.0 ms]
      [Redirty Cards: 0.0 ms]
      [Humongous Register: 0.1 ms]
      [Humongous Reclaim: 0.0 ms]
      [Free CSet: 0.1 ms]
   [Eden: 47.0M(47.0M)->0.0B(47.0M) Survivors: 4096.0K->4096.0K Heap: 268.0M(1024.0M)->221.0M(1024.0M)]
 [Times: user=0.01 sys=0.00, real=0.01 secs] 
2016-12-19T23:00:36.354+0100: 18670.824: [GC pause (G1 Evacuation Pause) (young), 0.0824598 secs]
   [Parallel Time: 81.9 ms, GC Workers: 1]
      [GC Worker Start (ms):  18670824.5]
      [Ext Root Scanning (ms):  1.8]
      [Update RS (ms):  5.2]
         [Processed Buffers:  31]
      [Scan RS (ms):  7.7]
      [Code Root Scanning (ms):  0.0]
      [Object Copy (ms):  67.1]
      [Termination (ms):  0.0]
         [Termination Attempts:  1]
      [GC Worker Other (ms):  0.0]
      [GC Worker Total (ms):  81.8]
      [GC Worker End (ms):  18670906.3]
   [Code Root Fixup: 0.0 ms]
   [Code Root Purge: 0.0 ms]
   [Clear CT: 0.0 ms]
   [Other: 0.5 ms]
      [Choose CSet: 0.0 ms]
      [Ref Proc: 0.0 ms]
      [Ref Enq: 0.0 ms]
      [Redirty Cards: 0.1 ms]
      [Humongous Register: 0.1 ms]
      [Humongous Reclaim: 0.0 ms]
      [Free CSet: 0.1 ms]
   [Eden: 47.0M(47.0M)->0.0B(45.0M) Survivors: 4096.0K->6144.0K Heap: 268.0M(1024.0M)->222.5M(1024.0M)]
 [Times: user=0.06 sys=0.00, real=0.08 secs] 
2016-12-19T23:01:03.583+0100: 18698.054: [GC pause (G1 Evacuation Pause) (young), 0.0380945 secs]
   [Parallel Time: 37.4 ms, GC Workers: 1]
      [GC Worker Start (ms):  18698054.3]
      [Ext Root Scanning (ms):  2.5]
      [Update RS (ms):  3.8]
         [Processed Buffers:  32]
      [Scan RS (ms):  4.2]
      [Code Root Scanning (ms):  0.0]
      [Object Copy (ms):  26.9]
      [Termination (ms):  0.0]
         [Termination Attempts:  1]
      [GC Worker Other (ms):  0.0]
      [GC Worker Total (ms):  37.4]
      [GC Worker End (ms):  18698091.7]
   [Code Root Fixup: 0.1 ms]
   [Code Root Purge: 0.0 ms]
   [Clear CT: 0.0 ms]
   [Other: 0.6 ms]
      [Choose CSet: 0.0 ms]
      [Ref Proc: 0.0 ms]
      [Ref Enq: 0.0 ms]
      [Redirty Cards: 0.0 ms]
      [Humongous Register: 0.1 ms]
      [Humongous Reclaim: 0.0 ms]
      [Free CSet: 0.0 ms]
   [Eden: 45.0M(45.0M)->0.0B(46.0M) Survivors: 6144.0K->5120.0K Heap: 267.5M(1024.0M)->222.9M(1024.0M)]
 [Times: user=0.03 sys=0.00, real=0.03 secs] 
2016-12-19T23:01:31.537+0100: 18726.007: [GC pause (G1 Evacuation Pause) (young), 0.0228012 secs]
   [Parallel Time: 22.1 ms, GC Workers: 1]
      [GC Worker Start (ms):  18726007.6]
      [Ext Root Scanning (ms):  1.2]
      [Update RS (ms):  3.5]
         [Processed Buffers:  35]
      [Scan RS (ms):  3.9]
      [Code Root Scanning (ms):  0.0]
      [Object Copy (ms):  13.4]
      [Termination (ms):  0.0]
         [Termination Attempts:  1]
      [GC Worker Other (ms):  0.0]
      [GC Worker Total (ms):  22.0]
      [GC Worker End (ms):  18726029.6]
   [Code Root Fixup: 0.0 ms]
   [Code Root Purge: 0.0 ms]
   [Clear CT: 0.0 ms]
   [Other: 0.6 ms]
      [Choose CSet: 0.0 ms]
      [Ref Proc: 0.0 ms]
      [Ref Enq: 0.0 ms]
      [Redirty Cards: 0.0 ms]
      [Humongous Register: 0.2 ms]
      [Humongous Reclaim: 0.0 ms]
      [Free CSet: 0.1 ms]
   [Eden: 46.0M(46.0M)->0.0B(46.0M) Survivors: 5120.0K->5120.0K Heap: 268.9M(1024.0M)->224.5M(1024.0M)]
 [Times: user=0.02 sys=0.00, real=0.02 secs] 
2016-12-19T23:01:58.595+0100: 18753.065: [GC pause (G1 Evacuation Pause) (young), 0.0231122 secs]
   [Parallel Time: 22.5 ms, GC Workers: 1]
      [GC Worker Start (ms):  18753065.7]
      [Ext Root Scanning (ms):  1.5]
      [Update RS (ms):  3.5]
         [Processed Buffers:  34]
      [Scan RS (ms):  3.9]
      [Code Root Scanning (ms):  0.0]
      [Object Copy (ms):  13.6]
      [Termination (ms):  0.0]
         [Termination Attempts:  1]
      [GC Worker Other (ms):  0.0]
      [GC Worker Total (ms):  22.5]
      [GC Worker End (ms):  18753088.2]
   [Code Root Fixup: 0.0 ms]
   [Code Root Purge: 0.0 ms]
   [Clear CT: 0.0 ms]
   [Other: 0.5 ms]
      [Choose CSet: 0.0 ms]
      [Ref Proc: 0.0 ms]
      [Ref Enq: 0.0 ms]
      [Redirty Cards: 0.0 ms]
      [Humongous Register: 0.1 ms]
      [Humongous Reclaim: 0.0 ms]
      [Free CSet: 0.1 ms]
   [Eden: 46.0M(46.0M)->0.0B(47.0M) Survivors: 5120.0K->4096.0K Heap: 270.5M(1024.0M)->225.0M(1024.0M)]
 [Times: user=0.02 sys=0.00, real=0.02 secs] 
2016-12-19T23:02:29.649+0100: 18784.120: [GC pause (G1 Evacuation Pause) (young), 0.0214409 secs]
   [Parallel Time: 20.8 ms, GC Workers: 1]
      [GC Worker Start (ms):  18784120.3]
      [Ext Root Scanning (ms):  2.6]
      [Update RS (ms):  4.0]
         [Processed Buffers:  34]
      [Scan RS (ms):  4.3]
      [Code Root Scanning (ms):  0.0]
      [Object Copy (ms):  9.9]
      [Termination (ms):  0.0]
         [Termination Attempts:  1]
      [GC Worker Other (ms):  0.0]
      [GC Worker Total (ms):  20.8]
      [GC Worker End (ms):  18784141.1]
   [Code Root Fixup: 0.0 ms]
   [Code Root Purge: 0.0 ms]
   [Clear CT: 0.0 ms]
   [Other: 0.5 ms]
      [Choose CSet: 0.0 ms]
      [Ref Proc: 0.0 ms]
      [Ref Enq: 0.0 ms]
      [Redirty Cards: 0.0 ms]
      [Humongous Register: 0.1 ms]
      [Humongous Reclaim: 0.0 ms]
      [Free CSet: 0.1 ms]
   [Eden: 47.0M(47.0M)->0.0B(47.0M) Survivors: 4096.0K->4096.0K Heap: 272.0M(1024.0M)->225.0M(1024.0M)]
 [Times: user=0.02 sys=0.00, real=0.02 secs] 
2016-12-19T23:02:58.265+0100: 18812.735: [GC pause (G1 Evacuation Pause) (young), 0.0232892 secs]
   [Parallel Time: 22.7 ms, GC Workers: 1]
      [GC Worker Start (ms):  18812735.6]
      [Ext Root Scanning (ms):  1.0]
      [Update RS (ms):  3.5]
         [Processed Buffers:  30]
      [Scan RS (ms):  3.3]
      [Code Root Scanning (ms):  0.0]
      [Object Copy (ms):  14.9]
      [Termination (ms):  0.0]
         [Termination Attempts:  1]
      [GC Worker Other (ms):  0.0]
      [GC Worker Total (ms):  22.7]
      [GC Worker End (ms):  18812758.3]
   [Code Root Fixup: 0.1 ms]
   [Code Root Purge: 0.0 ms]
   [Clear CT: 0.0 ms]
   [Other: 0.5 ms]
      [Choose CSet: 0.0 ms]
      [Ref Proc: 0.0 ms]
      [Ref Enq: 0.0 ms]
      [Redirty Cards: 0.0 ms]
      [Humongous Register: 0.1 ms]
      [Humongous Reclaim: 0.1 ms]
      [Free CSet: 0.1 ms]
   [Eden: 47.0M(47.0M)->0.0B(45.0M) Survivors: 4096.0K->6144.0K Heap: 272.0M(1024.0M)->226.5M(1024.0M)]
 [Times: user=0.02 sys=0.00, real=0.02 secs] 
2016-12-19T23:03:29.255+0100: 18843.726: [GC pause (G1 Evacuation Pause) (young), 0.0228570 secs]
   [Parallel Time: 22.4 ms, GC Workers: 1]
      [GC Worker Start (ms):  18843725.9]
      [Ext Root Scanning (ms):  0.9]
      [Update RS (ms):  3.2]
         [Processed Buffers:  31]
      [Scan RS (ms):  3.9]
      [Code Root Scanning (ms):  0.0]
      [Object Copy (ms):  14.2]
      [Termination (ms):  0.0]
         [Termination Attempts:  1]
      [GC Worker Other (ms):  0.0]
      [GC Worker Total (ms):  22.3]
      [GC Worker End (ms):  18843748.2]
   [Code Root Fixup: 0.0 ms]
   [Code Root Purge: 0.0 ms]
   [Clear CT: 0.0 ms]
   [Other: 0.4 ms]
      [Choose CSet: 0.0 ms]
      [Ref Proc: 0.0 ms]
      [Ref Enq: 0.0 ms]
      [Redirty Cards: 0.0 ms]
      [Humongous Register: 0.0 ms]
      [Humongous Reclaim: 0.0 ms]
      [Free CSet: 0.0 ms]
   [Eden: 45.0M(45.0M)->0.0B(47.0M) Survivors: 6144.0K->4096.0K Heap: 271.5M(1024.0M)->227.0M(1024.0M)]
 [Times: user=0.02 sys=0.00, real=0.02 secs] 
2016-12-19T23:03:56.582+0100: 18871.053: [GC pause (G1 Evacuation Pause) (young), 0.0191730 secs]
   [Parallel Time: 18.7 ms, GC Workers: 1]
      [GC Worker Start (ms):  18871052.7]
      [Ext Root Scanning (ms):  1.1]
      [Update RS (ms):  2.6]
         [Processed Buffers:  33]
      [Scan RS (ms):  3.7]
      [Code Root Scanning (ms):  0.0]
      [Object Copy (ms):  11.3]
      [Termination (ms):  0.0]
         [Termination Attempts:  1]
      [GC Worker Other (ms):  0.0]
      [GC Worker Total (ms):  18.7]
      [GC Worker End (ms):  18871071.3]
   [Code Root Fixup: 0.0 ms]
   [Code Root Purge: 0.0 ms]
   [Clear CT: 0.0 ms]
   [Other: 0.4 ms]
      [Choose CSet: 0.0 ms]
      [Ref Proc: 0.0 ms]
      [Ref Enq: 0.0 ms]
      [Redirty Cards: 0.0 ms]
      [Humongous Register: 0.0 ms]
      [Humongous Reclaim: 0.0 ms]
      [Free CSet: 0.1 ms]
   [Eden: 47.0M(47.0M)->0.0B(46.0M) Survivors: 4096.0K->5120.0K Heap: 274.0M(1024.0M)->228.0M(1024.0M)]
 [Times: user=0.02 sys=0.00, real=0.02 secs] 
2016-12-19T23:04:23.953+0100: 18898.424: [GC pause (G1 Evacuation Pause) (young), 0.0279205 secs]
   [Parallel Time: 27.4 ms, GC Workers: 1]
      [GC Worker Start (ms):  18898423.8]
      [Ext Root Scanning (ms):  4.5]
      [Update RS (ms):  4.3]
         [Processed Buffers:  33]
      [Scan RS (ms):  4.7]
      [Code Root Scanning (ms):  0.0]
      [Object Copy (ms):  13.8]
      [Termination (ms):  0.0]
         [Termination Attempts:  1]
      [GC Worker Other (ms):  0.0]
      [GC Worker Total (ms):  27.4]
      [GC Worker End (ms):  18898451.2]
   [Code Root Fixup: 0.1 ms]
   [Code Root Purge: 0.0 ms]
   [Clear CT: 0.0 ms]
   [Other: 0.4 ms]
      [Choose CSet: 0.0 ms]
      [Ref Proc: 0.0 ms]
      [Ref Enq: 0.0 ms]
      [Redirty Cards: 0.0 ms]
      [Humongous Register: 0.1 ms]
      [Humongous Reclaim: 0.0 ms]
      [Free CSet: 0.1 ms]
   [Eden: 46.0M(46.0M)->0.0B(47.0M) Survivors: 5120.0K->4096.0K Heap: 274.0M(1024.0M)->228.7M(1024.0M)]
 [Times: user=0.02 sys=0.00, real=0.02 secs] 
2016-12-19T23:04:52.091+0100: 18926.562: [GC pause (G1 Evacuation Pause) (young), 0.0169911 secs]
   [Parallel Time: 16.3 ms, GC Workers: 1]
      [GC Worker Start (ms):  18926562.1]
      [Ext Root Scanning (ms):  1.0]
      [Update RS (ms):  2.3]
         [Processed Buffers:  35]
      [Scan RS (ms):  4.0]
      [Code Root Scanning (ms):  0.0]
      [Object Copy (ms):  9.0]
      [Termination (ms):  0.0]
         [Termination Attempts:  1]
      [GC Worker Other (ms):  0.0]
      [GC Worker Total (ms):  16.2]
      [GC Worker End (ms):  18926578.4]
   [Code Root Fixup: 0.1 ms]
   [Code Root Purge: 0.0 ms]
   [Clear CT: 0.0 ms]
   [Other: 0.6 ms]
      [Choose CSet: 0.0 ms]
      [Ref Proc: 0.1 ms]
      [Ref Enq: 0.0 ms]
      [Redirty Cards: 0.0 ms]
      [Humongous Register: 0.1 ms]
      [Humongous Reclaim: 0.0 ms]
      [Free CSet: 0.1 ms]
   [Eden: 47.0M(47.0M)->0.0B(46.0M) Survivors: 4096.0K->5120.0K Heap: 275.7M(1024.0M)->229.2M(1024.0M)]
 [Times: user=0.01 sys=0.00, real=0.01 secs] 
2016-12-19T23:05:20.136+0100: 18954.607: [GC pause (G1 Evacuation Pause) (young), 0.0251491 secs]
   [Parallel Time: 24.6 ms, GC Workers: 1]
      [GC Worker Start (ms):  18954606.9]
      [Ext Root Scanning (ms):  0.9]
      [Update RS (ms):  3.4]
         [Processed Buffers:  33]
      [Scan RS (ms):  3.9]
      [Code Root Scanning (ms):  0.0]
      [Object Copy (ms):  16.2]
      [Termination (ms):  0.0]
         [Termination Attempts:  1]
      [GC Worker Other (ms):  0.0]
      [GC Worker Total (ms):  24.5]
      [GC Worker End (ms):  18954631.5]
   [Code Root Fixup: 0.0 ms]
   [Code Root Purge: 0.0 ms]
   [Clear CT: 0.0 ms]
   [Other: 0.5 ms]
      [Choose CSet: 0.0 ms]
      [Ref Proc: 0.1 ms]
      [Ref Enq: 0.0 ms]
      [Redirty Cards: 0.0 ms]
      [Humongous Register: 0.0 ms]
      [Humongous Reclaim: 0.0 ms]
      [Free CSet: 0.0 ms]
   [Eden: 46.0M(46.0M)->0.0B(46.0M) Survivors: 5120.0K->5120.0K Heap: 275.2M(1024.0M)->230.5M(1024.0M)]
 [Times: user=0.03 sys=0.00, real=0.02 secs] 
2016-12-19T23:05:47.383+0100: 18981.853: [GC pause (G1 Evacuation Pause) (young), 0.0220187 secs]
   [Parallel Time: 21.6 ms, GC Workers: 1]
      [GC Worker Start (ms):  18981853.6]
      [Ext Root Scanning (ms):  1.1]
      [Update RS (ms):  3.5]
         [Processed Buffers:  32]
      [Scan RS (ms):  3.7]
      [Code Root Scanning (ms):  0.0]
      [Object Copy (ms):  13.2]
      [Termination (ms):  0.0]
         [Termination Attempts:  1]
      [GC Worker Other (ms):  0.0]
      [GC Worker Total (ms):  21.5]
      [GC Worker End (ms):  18981875.1]
   [Code Root Fixup: 0.0 ms]
   [Code Root Purge: 0.0 ms]
   [Clear CT: 0.0 ms]
   [Other: 0.4 ms]
      [Choose CSet: 0.0 ms]
      [Ref Proc: 0.0 ms]
      [Ref Enq: 0.0 ms]
      [Redirty Cards: 0.0 ms]
      [Humongous Register: 0.1 ms]
      [Humongous Reclaim: 0.0 ms]
      [Free CSet: 0.0 ms]
   [Eden: 46.0M(46.0M)->0.0B(47.0M) Survivors: 5120.0K->4096.0K Heap: 276.5M(1024.0M)->231.5M(1024.0M)]
 [Times: user=0.02 sys=0.00, real=0.02 secs] 
2016-12-19T23:06:15.595+0100: 19010.066: [GC pause (G1 Evacuation Pause) (young), 0.0245121 secs]
   [Parallel Time: 23.9 ms, GC Workers: 1]
      [GC Worker Start (ms):  19010066.1]
      [Ext Root Scanning (ms):  1.2]
      [Update RS (ms):  5.3]
         [Processed Buffers:  35]
      [Scan RS (ms):  5.2]
      [Code Root Scanning (ms):  0.0]
      [Object Copy (ms):  12.2]
      [Termination (ms):  0.0]
         [Termination Attempts:  1]
      [GC Worker Other (ms):  0.0]
      [GC Worker Total (ms):  23.9]
      [GC Worker End (ms):  19010089.9]
   [Code Root Fixup: 0.1 ms]
   [Code Root Purge: 0.0 ms]
   [Clear CT: 0.1 ms]
   [Other: 0.5 ms]
      [Choose CSet: 0.0 ms]
      [Ref Proc: 0.0 ms]
      [Ref Enq: 0.0 ms]
      [Redirty Cards: 0.0 ms]
      [Humongous Register: 0.0 ms]
      [Humongous Reclaim: 0.0 ms]
      [Free CSet: 0.1 ms]
   [Eden: 47.0M(47.0M)->0.0B(47.0M) Survivors: 4096.0K->4096.0K Heap: 278.5M(1024.0M)->231.5M(1024.0M)]
 [Times: user=0.02 sys=0.00, real=0.02 secs] 
2016-12-19T23:06:43.829+0100: 19038.300: [GC pause (G1 Evacuation Pause) (young), 0.0191532 secs]
   [Parallel Time: 18.7 ms, GC Workers: 1]
      [GC Worker Start (ms):  19038299.9]
      [Ext Root Scanning (ms):  1.4]
      [Update RS (ms):  2.6]
         [Processed Buffers:  33]
      [Scan RS (ms):  3.1]
      [Code Root Scanning (ms):  0.0]
      [Object Copy (ms):  11.5]
      [Termination (ms):  0.0]
         [Termination Attempts:  1]
      [GC Worker Other (ms):  0.0]
      [GC Worker Total (ms):  18.7]
      [GC Worker End (ms):  19038318.6]
   [Code Root Fixup: 0.0 ms]
   [Code Root Purge: 0.0 ms]
   [Clear CT: 0.0 ms]
   [Other: 0.4 ms]
      [Choose CSet: 0.0 ms]
      [Ref Proc: 0.0 ms]
      [Ref Enq: 0.0 ms]
      [Redirty Cards: 0.0 ms]
      [Humongous Register: 0.1 ms]
      [Humongous Reclaim: 0.0 ms]
      [Free CSet: 0.0 ms]
   [Eden: 47.0M(47.0M)->0.0B(45.0M) Survivors: 4096.0K->6144.0K Heap: 278.5M(1024.0M)->233.0M(1024.0M)]
 [Times: user=0.01 sys=0.00, real=0.02 secs] 
2016-12-19T23:07:13.955+0100: 19068.426: [GC pause (G1 Evacuation Pause) (young), 0.0220251 secs]
   [Parallel Time: 20.9 ms, GC Workers: 1]
      [GC Worker Start (ms):  19068426.3]
      [Ext Root Scanning (ms):  1.3]
      [Update RS (ms):  3.6]
         [Processed Buffers:  33]
      [Scan RS (ms):  3.3]
      [Code Root Scanning (ms):  0.0]
      [Object Copy (ms):  12.7]
      [Termination (ms):  0.0]
         [Termination Attempts:  1]
      [GC Worker Other (ms):  0.0]
      [GC Worker Total (ms):  20.9]
      [GC Worker End (ms):  19068447.2]
   [Code Root Fixup: 0.0 ms]
   [Code Root Purge: 0.0 ms]
   [Clear CT: 0.0 ms]
   [Other: 1.1 ms]
      [Choose CSet: 0.0 ms]
      [Ref Proc: 0.0 ms]
      [Ref Enq: 0.0 ms]
      [Redirty Cards: 0.0 ms]
      [Humongous Register: 0.5 ms]
      [Humongous Reclaim: 0.0 ms]
      [Free CSet: 0.0 ms]
   [Eden: 45.0M(45.0M)->0.0B(46.0M) Survivors: 6144.0K->5120.0K Heap: 278.0M(1024.0M)->233.3M(1024.0M)]
 [Times: user=0.02 sys=0.00, real=0.02 secs] 
2016-12-19T23:07:42.502+0100: 19096.972: [GC pause (G1 Evacuation Pause) (young), 0.0268757 secs]
   [Parallel Time: 26.3 ms, GC Workers: 1]
      [GC Worker Start (ms):  19096972.8]
      [Ext Root Scanning (ms):  1.2]
      [Update RS (ms):  3.8]
         [Processed Buffers:  36]
      [Scan RS (ms):  3.9]
      [Code Root Scanning (ms):  0.0]
      [Object Copy (ms):  17.4]
      [Termination (ms):  0.0]
         [Termination Attempts:  1]
      [GC Worker Other (ms):  0.0]
      [GC Worker Total (ms):  26.3]
      [GC Worker End (ms):  19096999.0]
   [Code Root Fixup: 0.0 ms]
   [Code Root Purge: 0.0 ms]
   [Clear CT: 0.0 ms]
   [Other: 0.5 ms]
      [Choose CSet: 0.0 ms]
      [Ref Proc: 0.0 ms]
      [Ref Enq: 0.0 ms]
      [Redirty Cards: 0.0 ms]
      [Humongous Register: 0.1 ms]
      [Humongous Reclaim: 0.0 ms]
      [Free CSet: 0.1 ms]
   [Eden: 46.0M(46.0M)->0.0B(46.0M) Survivors: 5120.0K->5120.0K Heap: 279.3M(1024.0M)->235.0M(1024.0M)]
 [Times: user=0.02 sys=0.00, real=0.03 secs] 
2016-12-19T23:08:09.868+0100: 19124.338: [GC pause (G1 Evacuation Pause) (young), 0.0319955 secs]
   [Parallel Time: 31.4 ms, GC Workers: 1]
      [GC Worker Start (ms):  19124338.5]
      [Ext Root Scanning (ms):  1.5]
      [Update RS (ms):  6.9]
         [Processed Buffers:  35]
      [Scan RS (ms):  5.4]
      [Code Root Scanning (ms):  0.0]
      [Object Copy (ms):  17.5]
      [Termination (ms):  0.0]
         [Termination Attempts:  1]
      [GC Worker Other (ms):  0.0]
      [GC Worker Total (ms):  31.4]
      [GC Worker End (ms):  19124369.9]
   [Code Root Fixup: 0.0 ms]
   [Code Root Purge: 0.0 ms]
   [Clear CT: 0.0 ms]
   [Other: 0.5 ms]
      [Choose CSet: 0.0 ms]
      [Ref Proc: 0.0 ms]
      [Ref Enq: 0.0 ms]
      [Redirty Cards: 0.1 ms]
      [Humongous Register: 0.1 ms]
      [Humongous Reclaim: 0.0 ms]
      [Free CSet: 0.1 ms]
   [Eden: 46.0M(46.0M)->0.0B(47.0M) Survivors: 5120.0K->4096.0K Heap: 281.0M(1024.0M)->235.5M(1024.0M)]
 [Times: user=0.03 sys=0.00, real=0.03 secs] 
2016-12-19T23:08:39.584+0100: 19154.055: [GC pause (G1 Evacuation Pause) (young), 0.0177122 secs]
   [Parallel Time: 17.3 ms, GC Workers: 1]
      [GC Worker Start (ms):  19154055.1]
      [Ext Root Scanning (ms):  1.0]
      [Update RS (ms):  3.1]
         [Processed Buffers:  32]
      [Scan RS (ms):  4.1]
      [Code Root Scanning (ms):  0.0]
      [Object Copy (ms):  9.0]
      [Termination (ms):  0.0]
         [Termination Attempts:  1]
      [GC Worker Other (ms):  0.0]
      [GC Worker Total (ms):  17.2]
      [GC Worker End (ms):  19154072.3]
   [Code Root Fixup: 0.0 ms]
   [Code Root Purge: 0.0 ms]
   [Clear CT: 0.0 ms]
   [Other: 0.4 ms]
      [Choose CSet: 0.0 ms]
      [Ref Proc: 0.0 ms]
      [Ref Enq: 0.0 ms]
      [Redirty Cards: 0.0 ms]
      [Humongous Register: 0.0 ms]
      [Humongous Reclaim: 0.0 ms]
      [Free CSet: 0.1 ms]
   [Eden: 47.0M(47.0M)->0.0B(47.0M) Survivors: 4096.0K->4096.0K Heap: 282.5M(1024.0M)->235.5M(1024.0M)]
 [Times: user=0.02 sys=0.00, real=0.01 secs] 
2016-12-19T23:09:08.628+0100: 19183.098: [GC pause (G1 Evacuation Pause) (young), 0.0184005 secs]
   [Parallel Time: 18.0 ms, GC Workers: 1]
      [GC Worker Start (ms):  19183098.5]
      [Ext Root Scanning (ms):  1.0]
      [Update RS (ms):  2.4]
         [Processed Buffers:  31]
      [Scan RS (ms):  3.1]
      [Code Root Scanning (ms):  0.0]
      [Object Copy (ms):  11.4]
      [Termination (ms):  0.0]
         [Termination Attempts:  1]
      [GC Worker Other (ms):  0.0]
      [GC Worker Total (ms):  17.9]
      [GC Worker End (ms):  19183116.4]
   [Code Root Fixup: 0.0 ms]
   [Code Root Purge: 0.0 ms]
   [Clear CT: 0.0 ms]
   [Other: 0.4 ms]
      [Choose CSet: 0.0 ms]
      [Ref Proc: 0.0 ms]
      [Ref Enq: 0.0 ms]
      [Redirty Cards: 0.0 ms]
      [Humongous Register: 0.1 ms]
      [Humongous Reclaim: 0.0 ms]
      [Free CSet: 0.0 ms]
   [Eden: 47.0M(47.0M)->0.0B(45.0M) Survivors: 4096.0K->6144.0K Heap: 282.5M(1024.0M)->237.0M(1024.0M)]
 [Times: user=0.01 sys=0.00, real=0.02 secs] 
2016-12-19T23:09:36.701+0100: 19211.171: [GC pause (G1 Evacuation Pause) (young), 0.0243613 secs]
   [Parallel Time: 23.9 ms, GC Workers: 1]
      [GC Worker Start (ms):  19211171.3]
      [Ext Root Scanning (ms):  1.3]
      [Update RS (ms):  5.4]
         [Processed Buffers:  32]
      [Scan RS (ms):  3.5]
      [Code Root Scanning (ms):  0.0]
      [Object Copy (ms):  13.6]
      [Termination (ms):  0.0]
         [Termination Attempts:  1]
      [GC Worker Other (ms):  0.0]
      [GC Worker Total (ms):  23.8]
      [GC Worker End (ms):  19211195.1]
   [Code Root Fixup: 0.0 ms]
   [Code Root Purge: 0.0 ms]
   [Clear CT: 0.0 ms]
   [Other: 0.4 ms]
      [Choose CSet: 0.0 ms]
      [Ref Proc: 0.0 ms]
      [Ref Enq: 0.0 ms]
      [Redirty Cards: 0.0 ms]
      [Humongous Register: 0.1 ms]
      [Humongous Reclaim: 0.0 ms]
      [Free CSet: 0.0 ms]
   [Eden: 45.0M(45.0M)->0.0B(46.0M) Survivors: 6144.0K->5120.0K Heap: 282.0M(1024.0M)->237.3M(1024.0M)]
 [Times: user=0.02 sys=0.00, real=0.03 secs] 
2016-12-19T23:10:06.160+0100: 19240.631: [GC pause (G1 Evacuation Pause) (young), 0.0230895 secs]
   [Parallel Time: 22.6 ms, GC Workers: 1]
      [GC Worker Start (ms):  19240630.7]
      [Ext Root Scanning (ms):  1.0]
      [Update RS (ms):  4.5]
         [Processed Buffers:  37]
      [Scan RS (ms):  3.9]
      [Code Root Scanning (ms):  0.0]
      [Object Copy (ms):  13.2]
      [Termination (ms):  0.0]
         [Termination Attempts:  1]
      [GC Worker Other (ms):  0.0]
      [GC Worker Total (ms):  22.6]
      [GC Worker End (ms):  19240653.4]
   [Code Root Fixup: 0.0 ms]
   [Code Root Purge: 0.0 ms]
   [Clear CT: 0.0 ms]
   [Other: 0.4 ms]
      [Choose CSet: 0.0 ms]
      [Ref Proc: 0.0 ms]
      [Ref Enq: 0.0 ms]
      [Redirty Cards: 0.0 ms]
      [Humongous Register: 0.0 ms]
      [Humongous Reclaim: 0.0 ms]
      [Free CSet: 0.1 ms]
   [Eden: 46.0M(46.0M)->0.0B(46.0M) Survivors: 5120.0K->5120.0K Heap: 283.3M(1024.0M)->239.0M(1024.0M)]
 [Times: user=0.02 sys=0.00, real=0.02 secs] 
2016-12-19T23:10:33.792+0100: 19268.262: [GC pause (G1 Evacuation Pause) (young), 0.0236498 secs]
   [Parallel Time: 23.2 ms, GC Workers: 1]
      [GC Worker Start (ms):  19268262.3]
      [Ext Root Scanning (ms):  2.2]
      [Update RS (ms):  3.9]
         [Processed Buffers:  32]
      [Scan RS (ms):  4.2]
      [Code Root Scanning (ms):  0.0]
      [Object Copy (ms):  12.8]
      [Termination (ms):  0.0]
         [Termination Attempts:  1]
      [GC Worker Other (ms):  0.0]
      [GC Worker Total (ms):  23.1]
      [GC Worker End (ms):  19268285.5]
   [Code Root Fixup: 0.0 ms]
   [Code Root Purge: 0.0 ms]
   [Clear CT: 0.0 ms]
   [Other: 0.4 ms]
      [Choose CSet: 0.0 ms]
      [Ref Proc: 0.0 ms]
      [Ref Enq: 0.0 ms]
      [Redirty Cards: 0.0 ms]
      [Humongous Register: 0.1 ms]
      [Humongous Reclaim: 0.0 ms]
      [Free CSet: 0.1 ms]
   [Eden: 46.0M(46.0M)->0.0B(47.0M) Survivors: 5120.0K->4096.0K Heap: 285.0M(1024.0M)->239.5M(1024.0M)]
 [Times: user=0.03 sys=0.00, real=0.02 secs] 
2016-12-19T23:11:00.671+0100: 19295.142: [GC pause (G1 Evacuation Pause) (young), 0.0194475 secs]
   [Parallel Time: 18.9 ms, GC Workers: 1]
      [GC Worker Start (ms):  19295142.0]
      [Ext Root Scanning (ms):  1.2]
      [Update RS (ms):  3.6]
         [Processed Buffers:  33]
      [Scan RS (ms):  4.2]
      [Code Root Scanning (ms):  0.0]
      [Object Copy (ms):  9.8]
      [Termination (ms):  0.0]
         [Termination Attempts:  1]
      [GC Worker Other (ms):  0.0]
      [GC Worker Total (ms):  18.8]
      [GC Worker End (ms):  19295160.8]
   [Code Root Fixup: 0.0 ms]
   [Code Root Purge: 0.0 ms]
   [Clear CT: 0.0 ms]
   [Other: 0.5 ms]
      [Choose CSet: 0.0 ms]
      [Ref Proc: 0.0 ms]
      [Ref Enq: 0.0 ms]
      [Redirty Cards: 0.0 ms]
      [Humongous Register: 0.1 ms]
      [Humongous Reclaim: 0.0 ms]
      [Free CSet: 0.1 ms]
   [Eden: 47.0M(47.0M)->0.0B(47.0M) Survivors: 4096.0K->4096.0K Heap: 286.5M(1024.0M)->239.5M(1024.0M)]
 [Times: user=0.02 sys=0.00, real=0.02 secs] 
2016-12-19T23:11:28.130+0100: 19322.600: [GC pause (G1 Evacuation Pause) (young), 0.0300216 secs]
   [Parallel Time: 29.3 ms, GC Workers: 1]
      [GC Worker Start (ms):  19322600.5]
      [Ext Root Scanning (ms):  3.3]
      [Update RS (ms):  5.6]
         [Processed Buffers:  31]
      [Scan RS (ms):  4.0]
      [Code Root Scanning (ms):  0.0]
      [Object Copy (ms):  16.3]
      [Termination (ms):  0.0]
         [Termination Attempts:  1]
      [GC Worker Other (ms):  0.0]
      [GC Worker Total (ms):  29.3]
      [GC Worker End (ms):  19322629.8]
   [Code Root Fixup: 0.0 ms]
   [Code Root Purge: 0.0 ms]
   [Clear CT: 0.0 ms]
   [Other: 0.6 ms]
      [Choose CSet: 0.0 ms]
      [Ref Proc: 0.0 ms]
      [Ref Enq: 0.0 ms]
      [Redirty Cards: 0.0 ms]
      [Humongous Register: 0.1 ms]
      [Humongous Reclaim: 0.0 ms]
      [Free CSet: 0.1 ms]
   [Eden: 47.0M(47.0M)->0.0B(45.0M) Survivors: 4096.0K->6144.0K Heap: 286.5M(1024.0M)->241.0M(1024.0M)]
 [Times: user=0.03 sys=0.00, real=0.03 secs] 
2016-12-19T23:11:55.328+0100: 19349.799: [GC pause (G1 Evacuation Pause) (young), 0.0236623 secs]
   [Parallel Time: 23.1 ms, GC Workers: 1]
      [GC Worker Start (ms):  19349799.0]
      [Ext Root Scanning (ms):  1.8]
      [Update RS (ms):  3.3]
         [Processed Buffers:  31]
      [Scan RS (ms):  3.6]
      [Code Root Scanning (ms):  0.0]
      [Object Copy (ms):  14.3]
      [Termination (ms):  0.0]
         [Termination Attempts:  1]
      [GC Worker Other (ms):  0.0]
      [GC Worker Total (ms):  23.0]
      [GC Worker End (ms):  19349822.0]
   [Code Root Fixup: 0.0 ms]
   [Code Root Purge: 0.0 ms]
   [Clear CT: 0.0 ms]
   [Other: 0.5 ms]
      [Choose CSet: 0.0 ms]
      [Ref Proc: 0.0 ms]
      [Ref Enq: 0.0 ms]
      [Redirty Cards: 0.0 ms]
      [Humongous Register: 0.1 ms]
      [Humongous Reclaim: 0.0 ms]
      [Free CSet: 0.0 ms]
   [Eden: 45.0M(45.0M)->0.0B(46.0M) Survivors: 6144.0K->5120.0K Heap: 286.0M(1024.0M)->241.4M(1024.0M)]
 [Times: user=0.02 sys=0.01, real=0.03 secs] 
2016-12-19T23:12:23.694+0100: 19378.165: [GC pause (G1 Evacuation Pause) (young), 0.0261921 secs]
   [Parallel Time: 25.7 ms, GC Workers: 1]
      [GC Worker Start (ms):  19378164.8]
      [Ext Root Scanning (ms):  1.8]
      [Update RS (ms):  4.0]
         [Processed Buffers:  30]
      [Scan RS (ms):  4.3]
      [Code Root Scanning (ms):  0.0]
      [Object Copy (ms):  15.4]
      [Termination (ms):  0.0]
         [Termination Attempts:  1]
      [GC Worker Other (ms):  0.0]
      [GC Worker Total (ms):  25.7]
      [GC Worker End (ms):  19378190.5]
   [Code Root Fixup: 0.0 ms]
   [Code Root Purge: 0.0 ms]
   [Clear CT: 0.0 ms]
   [Other: 0.4 ms]
      [Choose CSet: 0.0 ms]
      [Ref Proc: 0.0 ms]
      [Ref Enq: 0.0 ms]
      [Redirty Cards: 0.0 ms]
      [Humongous Register: 0.1 ms]
      [Humongous Reclaim: 0.0 ms]
      [Free CSet: 0.1 ms]
   [Eden: 46.0M(46.0M)->0.0B(46.0M) Survivors: 5120.0K->5120.0K Heap: 287.4M(1024.0M)->243.0M(1024.0M)]
 [Times: user=0.02 sys=0.00, real=0.02 secs] 
2016-12-19T23:12:51.039+0100: 19405.509: [GC pause (G1 Evacuation Pause) (young), 0.0228095 secs]
   [Parallel Time: 21.9 ms, GC Workers: 1]
      [GC Worker Start (ms):  19405509.5]
      [Ext Root Scanning (ms):  1.2]
      [Update RS (ms):  2.9]
         [Processed Buffers:  29]
      [Scan RS (ms):  4.2]
      [Code Root Scanning (ms):  0.0]
      [Object Copy (ms):  13.4]
      [Termination (ms):  0.0]
         [Termination Attempts:  1]
      [GC Worker Other (ms):  0.0]
      [GC Worker Total (ms):  21.8]
      [GC Worker End (ms):  19405531.4]
   [Code Root Fixup: 0.1 ms]
   [Code Root Purge: 0.0 ms]
   [Clear CT: 0.1 ms]
   [Other: 0.8 ms]
      [Choose CSet: 0.0 ms]
      [Ref Proc: 0.1 ms]
      [Ref Enq: 0.0 ms]
      [Redirty Cards: 0.1 ms]
      [Humongous Register: 0.1 ms]
      [Humongous Reclaim: 0.1 ms]
      [Free CSet: 0.1 ms]
   [Eden: 46.0M(46.0M)->0.0B(47.0M) Survivors: 5120.0K->4096.0K Heap: 289.0M(1024.0M)->243.5M(1024.0M)]
 [Times: user=0.02 sys=0.00, real=0.02 secs] 
2016-12-19T23:13:22.750+0100: 19437.220: [GC pause (G1 Evacuation Pause) (young), 0.0225499 secs]
   [Parallel Time: 21.1 ms, GC Workers: 1]
      [GC Worker Start (ms):  19437221.5]
      [Ext Root Scanning (ms):  1.1]
      [Update RS (ms):  4.0]
         [Processed Buffers:  33]
      [Scan RS (ms):  4.3]
      [Code Root Scanning (ms):  0.0]
      [Object Copy (ms):  11.6]
      [Termination (ms):  0.0]
         [Termination Attempts:  1]
      [GC Worker Other (ms):  0.0]
      [GC Worker Total (ms):  21.1]
      [GC Worker End (ms):  19437242.6]
   [Code Root Fixup: 0.0 ms]
   [Code Root Purge: 0.0 ms]
   [Clear CT: 0.0 ms]
   [Other: 1.3 ms]
      [Choose CSet: 0.0 ms]
      [Ref Proc: 0.0 ms]
      [Ref Enq: 0.0 ms]
      [Redirty Cards: 0.0 ms]
      [Humongous Register: 0.6 ms]
      [Humongous Reclaim: 0.0 ms]
      [Free CSet: 0.1 ms]
   [Eden: 47.0M(47.0M)->0.0B(47.0M) Survivors: 4096.0K->4096.0K Heap: 290.5M(1024.0M)->243.5M(1024.0M)]
 [Times: user=0.03 sys=0.00, real=0.03 secs] 
2016-12-19T23:13:53.600+0100: 19468.071: [GC pause (G1 Evacuation Pause) (young), 0.0272244 secs]
   [Parallel Time: 26.8 ms, GC Workers: 1]
      [GC Worker Start (ms):  19468070.7]
      [Ext Root Scanning (ms):  1.0]
      [Update RS (ms):  4.1]
         [Processed Buffers:  32]
      [Scan RS (ms):  6.3]
      [Code Root Scanning (ms):  0.0]
      [Object Copy (ms):  15.4]
      [Termination (ms):  0.0]
         [Termination Attempts:  1]
      [GC Worker Other (ms):  0.0]
      [GC Worker Total (ms):  26.8]
      [GC Worker End (ms):  19468097.5]
   [Code Root Fixup: 0.0 ms]
   [Code Root Purge: 0.0 ms]
   [Clear CT: 0.0 ms]
   [Other: 0.3 ms]
      [Choose CSet: 0.0 ms]
      [Ref Proc: 0.0 ms]
      [Ref Enq: 0.0 ms]
      [Redirty Cards: 0.0 ms]
      [Humongous Register: 0.0 ms]
      [Humongous Reclaim: 0.0 ms]
      [Free CSet: 0.0 ms]
   [Eden: 47.0M(47.0M)->0.0B(45.0M) Survivors: 4096.0K->6144.0K Heap: 290.5M(1024.0M)->245.0M(1024.0M)]
 [Times: user=0.03 sys=0.00, real=0.03 secs] 
2016-12-19T23:14:21.054+0100: 19495.525: [GC pause (G1 Evacuation Pause) (young), 0.0320514 secs]
   [Parallel Time: 31.1 ms, GC Workers: 1]
      [GC Worker Start (ms):  19495525.3]
      [Ext Root Scanning (ms):  2.2]
      [Update RS (ms):  2.9]
         [Processed Buffers:  31]
      [Scan RS (ms):  4.1]
      [Code Root Scanning (ms):  0.0]
      [Object Copy (ms):  21.8]
      [Termination (ms):  0.0]
         [Termination Attempts:  1]
      [GC Worker Other (ms):  0.0]
      [GC Worker Total (ms):  31.0]
      [GC Worker End (ms):  19495556.3]
   [Code Root Fixup: 0.1 ms]
   [Code Root Purge: 0.0 ms]
   [Clear CT: 0.0 ms]
   [Other: 0.8 ms]
      [Choose CSet: 0.0 ms]
      [Ref Proc: 0.1 ms]
      [Ref Enq: 0.0 ms]
      [Redirty Cards: 0.1 ms]
      [Humongous Register: 0.3 ms]
      [Humongous Reclaim: 0.1 ms]
      [Free CSet: 0.1 ms]
   [Eden: 45.0M(45.0M)->0.0B(47.0M) Survivors: 6144.0K->4096.0K Heap: 290.0M(1024.0M)->245.6M(1024.0M)]
 [Times: user=0.03 sys=0.00, real=0.03 secs] 
2016-12-19T23:14:53.683+0100: 19528.153: [GC pause (G1 Evacuation Pause) (young), 0.0258475 secs]
   [Parallel Time: 25.4 ms, GC Workers: 1]
      [GC Worker Start (ms):  19528153.4]
      [Ext Root Scanning (ms):  1.0]
      [Update RS (ms):  2.3]
         [Processed Buffers:  31]
      [Scan RS (ms):  3.7]
      [Code Root Scanning (ms):  0.0]
      [Object Copy (ms):  18.5]
      [Termination (ms):  0.0]
         [Termination Attempts:  1]
      [GC Worker Other (ms):  0.0]
      [GC Worker Total (ms):  25.4]
      [GC Worker End (ms):  19528178.8]
   [Code Root Fixup: 0.0 ms]
   [Code Root Purge: 0.0 ms]
   [Clear CT: 0.0 ms]
   [Other: 0.3 ms]
      [Choose CSet: 0.0 ms]
      [Ref Proc: 0.0 ms]
      [Ref Enq: 0.0 ms]
      [Redirty Cards: 0.0 ms]
      [Humongous Register: 0.0 ms]
      [Humongous Reclaim: 0.0 ms]
      [Free CSet: 0.1 ms]
   [Eden: 47.0M(47.0M)->0.0B(46.0M) Survivors: 4096.0K->5120.0K Heap: 292.6M(1024.0M)->246.6M(1024.0M)]
 [Times: user=0.02 sys=0.00, real=0.02 secs] 
2016-12-19T23:15:21.287+0100: 19555.758: [GC pause (G1 Evacuation Pause) (young), 0.0203731 secs]
   [Parallel Time: 19.9 ms, GC Workers: 1]
      [GC Worker Start (ms):  19555757.7]
      [Ext Root Scanning (ms):  1.3]
      [Update RS (ms):  2.6]
         [Processed Buffers:  30]
      [Scan RS (ms):  3.1]
      [Code Root Scanning (ms):  0.0]
      [Object Copy (ms):  12.9]
      [Termination (ms):  0.0]
         [Termination Attempts:  1]
      [GC Worker Other (ms):  0.0]
      [GC Worker Total (ms):  19.9]
      [GC Worker End (ms):  19555777.6]
   [Code Root Fixup: 0.0 ms]
   [Code Root Purge: 0.0 ms]
   [Clear CT: 0.0 ms]
   [Other: 0.4 ms]
      [Choose CSet: 0.0 ms]
      [Ref Proc: 0.0 ms]
      [Ref Enq: 0.0 ms]
      [Redirty Cards: 0.0 ms]
      [Humongous Register: 0.0 ms]
      [Humongous Reclaim: 0.0 ms]
      [Free CSet: 0.0 ms]
   [Eden: 46.0M(46.0M)->0.0B(47.0M) Survivors: 5120.0K->4096.0K Heap: 292.6M(1024.0M)->247.4M(1024.0M)]
 [Times: user=0.02 sys=0.00, real=0.02 secs] 
2016-12-19T23:15:49.004+0100: 19583.475: [GC pause (G1 Evacuation Pause) (young), 0.0631616 secs]
   [Parallel Time: 61.4 ms, GC Workers: 1]
      [GC Worker Start (ms):  19583475.0]
      [Ext Root Scanning (ms):  1.4]
      [Update RS (ms):  13.8]
         [Processed Buffers:  32]
      [Scan RS (ms):  11.1]
      [Code Root Scanning (ms):  0.0]
      [Object Copy (ms):  34.9]
      [Termination (ms):  0.0]
         [Termination Attempts:  1]
      [GC Worker Other (ms):  0.1]
      [GC Worker Total (ms):  61.3]
      [GC Worker End (ms):  19583536.3]
   [Code Root Fixup: 0.1 ms]
   [Code Root Purge: 0.0 ms]
   [Clear CT: 0.1 ms]
   [Other: 1.6 ms]
      [Choose CSet: 0.0 ms]
      [Ref Proc: 0.1 ms]
      [Ref Enq: 0.0 ms]
      [Redirty Cards: 0.1 ms]
      [Humongous Register: 0.3 ms]
      [Humongous Reclaim: 0.7 ms]
      [Free CSet: 0.1 ms]
   [Eden: 47.0M(47.0M)->0.0B(46.0M) Survivors: 4096.0K->5120.0K Heap: 294.4M(1024.0M)->247.9M(1024.0M)]
 [Times: user=0.06 sys=0.00, real=0.06 secs] 
2016-12-19T23:16:17.107+0100: 19611.578: [GC pause (G1 Evacuation Pause) (young), 0.0206120 secs]
   [Parallel Time: 20.2 ms, GC Workers: 1]
      [GC Worker Start (ms):  19611578.0]
      [Ext Root Scanning (ms):  0.9]
      [Update RS (ms):  2.5]
         [Processed Buffers:  31]
      [Scan RS (ms):  3.2]
      [Code Root Scanning (ms):  0.0]
      [Object Copy (ms):  13.5]
      [Termination (ms):  0.0]
         [Termination Attempts:  1]
      [GC Worker Other (ms):  0.0]
      [GC Worker Total (ms):  20.1]
      [GC Worker End (ms):  19611598.1]
   [Code Root Fixup: 0.0 ms]
   [Code Root Purge: 0.0 ms]
   [Clear CT: 0.0 ms]
   [Other: 0.4 ms]
      [Choose CSet: 0.0 ms]
      [Ref Proc: 0.0 ms]
      [Ref Enq: 0.0 ms]
      [Redirty Cards: 0.0 ms]
      [Humongous Register: 0.0 ms]
      [Humongous Reclaim: 0.0 ms]
      [Free CSet: 0.0 ms]
   [Eden: 46.0M(46.0M)->0.0B(46.0M) Survivors: 5120.0K->5120.0K Heap: 293.9M(1024.0M)->249.3M(1024.0M)]
 [Times: user=0.02 sys=0.00, real=0.02 secs] 
2016-12-19T23:16:47.593+0100: 19642.063: [GC pause (G1 Evacuation Pause) (young), 0.0355104 secs]
   [Parallel Time: 34.8 ms, GC Workers: 1]
      [GC Worker Start (ms):  19642063.5]
      [Ext Root Scanning (ms):  2.4]
      [Update RS (ms):  6.6]
         [Processed Buffers:  31]
      [Scan RS (ms):  6.2]
      [Code Root Scanning (ms):  0.0]
      [Object Copy (ms):  19.6]
      [Termination (ms):  0.0]
         [Termination Attempts:  1]
      [GC Worker Other (ms):  0.0]
      [GC Worker Total (ms):  34.8]
      [GC Worker End (ms):  19642098.3]
   [Code Root Fixup: 0.1 ms]
   [Code Root Purge: 0.0 ms]
   [Clear CT: 0.1 ms]
   [Other: 0.6 ms]
      [Choose CSet: 0.0 ms]
      [Ref Proc: 0.0 ms]
      [Ref Enq: 0.0 ms]
      [Redirty Cards: 0.1 ms]
      [Humongous Register: 0.1 ms]
      [Humongous Reclaim: 0.0 ms]
      [Free CSet: 0.1 ms]
   [Eden: 46.0M(46.0M)->0.0B(47.0M) Survivors: 5120.0K->4096.0K Heap: 295.3M(1024.0M)->250.0M(1024.0M)]
 [Times: user=0.03 sys=0.00, real=0.03 secs] 
2016-12-19T23:17:16.847+0100: 19671.318: [GC pause (G1 Evacuation Pause) (young), 0.0305893 secs]
   [Parallel Time: 30.1 ms, GC Workers: 1]
      [GC Worker Start (ms):  19671318.1]
      [Ext Root Scanning (ms):  2.3]
      [Update RS (ms):  4.0]
         [Processed Buffers:  33]
      [Scan RS (ms):  5.7]
      [Code Root Scanning (ms):  0.0]
      [Object Copy (ms):  18.0]
      [Termination (ms):  0.0]
         [Termination Attempts:  1]
      [GC Worker Other (ms):  0.0]
      [GC Worker Total (ms):  30.0]
      [GC Worker End (ms):  19671348.1]
   [Code Root Fixup: 0.0 ms]
   [Code Root Purge: 0.0 ms]
   [Clear CT: 0.0 ms]
   [Other: 0.4 ms]
      [Choose CSet: 0.0 ms]
      [Ref Proc: 0.0 ms]
      [Ref Enq: 0.0 ms]
      [Redirty Cards: 0.0 ms]
      [Humongous Register: 0.1 ms]
      [Humongous Reclaim: 0.0 ms]
      [Free CSet: 0.1 ms]
   [Eden: 47.0M(47.0M)->0.0B(46.0M) Survivors: 4096.0K->5120.0K Heap: 297.0M(1024.0M)->251.0M(1024.0M)]
 [Times: user=0.03 sys=0.01, real=0.03 secs] 
2016-12-19T23:17:46.169+0100: 19700.640: [GC pause (G1 Evacuation Pause) (young), 0.0246464 secs]
   [Parallel Time: 24.0 ms, GC Workers: 1]
      [GC Worker Start (ms):  19700640.2]
      [Ext Root Scanning (ms):  1.1]
      [Update RS (ms):  2.9]
         [Processed Buffers:  30]
      [Scan RS (ms):  3.6]
      [Code Root Scanning (ms):  0.0]
      [Object Copy (ms):  16.3]
      [Termination (ms):  0.0]
         [Termination Attempts:  1]
      [GC Worker Other (ms):  0.0]
      [GC Worker Total (ms):  23.9]
      [GC Worker End (ms):  19700664.1]
   [Code Root Fixup: 0.1 ms]
   [Code Root Purge: 0.0 ms]
   [Clear CT: 0.0 ms]
   [Other: 0.6 ms]
      [Choose CSet: 0.0 ms]
      [Ref Proc: 0.0 ms]
      [Ref Enq: 0.0 ms]
      [Redirty Cards: 0.1 ms]
      [Humongous Register: 0.1 ms]
      [Humongous Reclaim: 0.0 ms]
      [Free CSet: 0.1 ms]
   [Eden: 46.0M(46.0M)->0.0B(47.0M) Survivors: 5120.0K->4096.0K Heap: 297.0M(1024.0M)->251.6M(1024.0M)]
 [Times: user=0.02 sys=0.00, real=0.03 secs] 
2016-12-19T23:18:14.430+0100: 19728.900: [GC pause (G1 Evacuation Pause) (young), 0.0194375 secs]
   [Parallel Time: 19.0 ms, GC Workers: 1]
      [GC Worker Start (ms):  19728900.5]
      [Ext Root Scanning (ms):  1.8]
      [Update RS (ms):  2.8]
         [Processed Buffers:  36]
      [Scan RS (ms):  3.8]
      [Code Root Scanning (ms):  0.0]
      [Object Copy (ms):  10.4]
      [Termination (ms):  0.0]
         [Termination Attempts:  1]
      [GC Worker Other (ms):  0.0]
      [GC Worker Total (ms):  18.9]
      [GC Worker End (ms):  19728919.5]
   [Code Root Fixup: 0.0 ms]
   [Code Root Purge: 0.0 ms]
   [Clear CT: 0.0 ms]
   [Other: 0.4 ms]
      [Choose CSet: 0.0 ms]
      [Ref Proc: 0.0 ms]
      [Ref Enq: 0.0 ms]
      [Redirty Cards: 0.0 ms]
      [Humongous Register: 0.1 ms]
      [Humongous Reclaim: 0.0 ms]
      [Free CSet: 0.1 ms]
   [Eden: 47.0M(47.0M)->0.0B(46.0M) Survivors: 4096.0K->5120.0K Heap: 298.6M(1024.0M)->252.1M(1024.0M)]
 [Times: user=0.02 sys=0.00, real=0.02 secs] 
2016-12-19T23:18:41.912+0100: 19756.382: [GC pause (G1 Evacuation Pause) (young), 0.0311681 secs]
   [Parallel Time: 30.6 ms, GC Workers: 1]
      [GC Worker Start (ms):  19756382.3]
      [Ext Root Scanning (ms):  1.0]
      [Update RS (ms):  4.4]
         [Processed Buffers:  30]
      [Scan RS (ms):  3.8]
      [Code Root Scanning (ms):  0.0]
      [Object Copy (ms):  21.3]
      [Termination (ms):  0.0]
         [Termination Attempts:  1]
      [GC Worker Other (ms):  0.0]
      [GC Worker Total (ms):  30.6]
      [GC Worker End (ms):  19756412.9]
   [Code Root Fixup: 0.1 ms]
   [Code Root Purge: 0.0 ms]
   [Clear CT: 0.1 ms]
   [Other: 0.5 ms]
      [Choose CSet: 0.0 ms]
      [Ref Proc: 0.0 ms]
      [Ref Enq: 0.0 ms]
      [Redirty Cards: 0.0 ms]
      [Humongous Register: 0.0 ms]
      [Humongous Reclaim: 0.0 ms]
      [Free CSet: 0.1 ms]
   [Eden: 46.0M(46.0M)->0.0B(46.0M) Survivors: 5120.0K->5120.0K Heap: 298.1M(1024.0M)->253.5M(1024.0M)]
 [Times: user=0.03 sys=0.00, real=0.02 secs] 
2016-12-19T23:19:08.743+0100: 19783.213: [GC pause (G1 Evacuation Pause) (young), 0.0273597 secs]
   [Parallel Time: 26.8 ms, GC Workers: 1]
      [GC Worker Start (ms):  19783213.7]
      [Ext Root Scanning (ms):  1.3]
      [Update RS (ms):  6.7]
         [Processed Buffers:  30]
      [Scan RS (ms):  3.9]
      [Code Root Scanning (ms):  0.0]
      [Object Copy (ms):  14.8]
      [Termination (ms):  0.0]
         [Termination Attempts:  1]
      [GC Worker Other (ms):  0.0]
      [GC Worker Total (ms):  26.7]
      [GC Worker End (ms):  19783240.4]
   [Code Root Fixup: 0.0 ms]
   [Code Root Purge: 0.0 ms]
   [Clear CT: 0.0 ms]
   [Other: 0.5 ms]
      [Choose CSet: 0.0 ms]
      [Ref Proc: 0.0 ms]
      [Ref Enq: 0.0 ms]
      [Redirty Cards: 0.0 ms]
      [Humongous Register: 0.1 ms]
      [Humongous Reclaim: 0.0 ms]
      [Free CSet: 0.1 ms]
   [Eden: 46.0M(46.0M)->0.0B(47.0M) Survivors: 5120.0K->4096.0K Heap: 299.5M(1024.0M)->254.5M(1024.0M)]
 [Times: user=0.03 sys=0.00, real=0.03 secs] 
2016-12-19T23:19:36.483+0100: 19810.954: [GC pause (G1 Evacuation Pause) (young), 0.0261043 secs]
   [Parallel Time: 25.3 ms, GC Workers: 1]
      [GC Worker Start (ms):  19810954.2]
      [Ext Root Scanning (ms):  1.4]
      [Update RS (ms):  6.6]
         [Processed Buffers:  32]
      [Scan RS (ms):  4.6]
      [Code Root Scanning (ms):  0.0]
      [Object Copy (ms):  12.7]
      [Termination (ms):  0.0]
         [Termination Attempts:  1]
      [GC Worker Other (ms):  0.0]
      [GC Worker Total (ms):  25.2]
      [GC Worker End (ms):  19810979.4]
   [Code Root Fixup: 0.1 ms]
   [Code Root Purge: 0.0 ms]
   [Clear CT: 0.1 ms]
   [Other: 0.6 ms]
      [Choose CSet: 0.0 ms]
      [Ref Proc: 0.1 ms]
      [Ref Enq: 0.0 ms]
      [Redirty Cards: 0.0 ms]
      [Humongous Register: 0.0 ms]
      [Humongous Reclaim: 0.1 ms]
      [Free CSet: 0.1 ms]
   [Eden: 47.0M(47.0M)->0.0B(47.0M) Survivors: 4096.0K->4096.0K Heap: 301.5M(1024.0M)->254.5M(1024.0M)]
 [Times: user=0.02 sys=0.00, real=0.02 secs] 
2016-12-19T23:20:05.362+0100: 19839.832: [GC pause (G1 Evacuation Pause) (young), 0.0529582 secs]
   [Parallel Time: 52.1 ms, GC Workers: 1]
      [GC Worker Start (ms):  19839832.8]
      [Ext Root Scanning (ms):  2.1]
      [Update RS (ms):  6.3]
         [Processed Buffers:  31]
      [Scan RS (ms):  12.5]
      [Code Root Scanning (ms):  0.0]
      [Object Copy (ms):  31.2]
      [Termination (ms):  0.0]
         [Termination Attempts:  1]
      [GC Worker Other (ms):  0.0]
      [GC Worker Total (ms):  52.1]
      [GC Worker End (ms):  19839884.9]
   [Code Root Fixup: 0.1 ms]
   [Code Root Purge: 0.0 ms]
   [Clear CT: 0.1 ms]
   [Other: 0.7 ms]
      [Choose CSet: 0.0 ms]
      [Ref Proc: 0.1 ms]
      [Ref Enq: 0.0 ms]
      [Redirty Cards: 0.0 ms]
      [Humongous Register: 0.1 ms]
      [Humongous Reclaim: 0.0 ms]
      [Free CSet: 0.1 ms]
   [Eden: 47.0M(47.0M)->0.0B(45.0M) Survivors: 4096.0K->6144.0K Heap: 301.5M(1024.0M)->256.0M(1024.0M)]
 [Times: user=0.05 sys=0.00, real=0.06 secs] 
2016-12-19T23:20:34.776+0100: 19869.246: [GC pause (G1 Evacuation Pause) (young), 0.0215498 secs]
   [Parallel Time: 21.0 ms, GC Workers: 1]
      [GC Worker Start (ms):  19869246.3]
      [Ext Root Scanning (ms):  1.2]
      [Update RS (ms):  3.3]
         [Processed Buffers:  30]
      [Scan RS (ms):  3.1]
      [Code Root Scanning (ms):  0.0]
      [Object Copy (ms):  13.2]
      [Termination (ms):  0.0]
         [Termination Attempts:  1]
      [GC Worker Other (ms):  0.0]
      [GC Worker Total (ms):  20.9]
      [GC Worker End (ms):  19869267.2]
   [Code Root Fixup: 0.0 ms]
   [Code Root Purge: 0.0 ms]
   [Clear CT: 0.1 ms]
   [Other: 0.5 ms]
      [Choose CSet: 0.0 ms]
      [Ref Proc: 0.0 ms]
      [Ref Enq: 0.0 ms]
      [Redirty Cards: 0.1 ms]
      [Humongous Register: 0.1 ms]
      [Humongous Reclaim: 0.0 ms]
      [Free CSet: 0.1 ms]
   [Eden: 45.0M(45.0M)->0.0B(46.0M) Survivors: 6144.0K->5120.0K Heap: 301.0M(1024.0M)->256.3M(1024.0M)]
 [Times: user=0.02 sys=0.00, real=0.02 secs] 
2016-12-19T23:21:02.023+0100: 19896.494: [GC pause (G1 Evacuation Pause) (young), 0.0285495 secs]
   [Parallel Time: 27.9 ms, GC Workers: 1]
      [GC Worker Start (ms):  19896494.0]
      [Ext Root Scanning (ms):  1.3]
      [Update RS (ms):  4.0]
         [Processed Buffers:  33]
      [Scan RS (ms):  5.3]
      [Code Root Scanning (ms):  0.0]
      [Object Copy (ms):  17.0]
      [Termination (ms):  0.0]
         [Termination Attempts:  1]
      [GC Worker Other (ms):  0.3]
      [GC Worker Total (ms):  27.8]
      [GC Worker End (ms):  19896521.9]
   [Code Root Fixup: 0.1 ms]
   [Code Root Purge: 0.0 ms]
   [Clear CT: 0.0 ms]
   [Other: 0.5 ms]
      [Choose CSet: 0.0 ms]
      [Ref Proc: 0.0 ms]
      [Ref Enq: 0.0 ms]
      [Redirty Cards: 0.0 ms]
      [Humongous Register: 0.1 ms]
      [Humongous Reclaim: 0.0 ms]
      [Free CSet: 0.1 ms]
   [Eden: 46.0M(46.0M)->0.0B(46.0M) Survivors: 5120.0K->5120.0K Heap: 302.3M(1024.0M)->258.0M(1024.0M)]
 [Times: user=0.03 sys=0.00, real=0.03 secs] 
2016-12-19T23:21:29.264+0100: 19923.735: [GC pause (G1 Evacuation Pause) (young), 0.0350140 secs]
   [Parallel Time: 34.4 ms, GC Workers: 1]
      [GC Worker Start (ms):  19923735.2]
      [Ext Root Scanning (ms):  1.2]
      [Update RS (ms):  3.2]
         [Processed Buffers:  31]
      [Scan RS (ms):  5.9]
      [Code Root Scanning (ms):  0.0]
      [Object Copy (ms):  24.1]
      [Termination (ms):  0.0]
         [Termination Attempts:  1]
      [GC Worker Other (ms):  0.0]
      [GC Worker Total (ms):  34.4]
      [GC Worker End (ms):  19923769.5]
   [Code Root Fixup: 0.1 ms]
   [Code Root Purge: 0.0 ms]
   [Clear CT: 0.0 ms]
   [Other: 0.5 ms]
      [Choose CSet: 0.0 ms]
      [Ref Proc: 0.0 ms]
      [Ref Enq: 0.0 ms]
      [Redirty Cards: 0.1 ms]
      [Humongous Register: 0.0 ms]
      [Humongous Reclaim: 0.0 ms]
      [Free CSet: 0.1 ms]
   [Eden: 46.0M(46.0M)->0.0B(47.0M) Survivors: 5120.0K->4096.0K Heap: 304.0M(1024.0M)->258.5M(1024.0M)]
 [Times: user=0.03 sys=0.00, real=0.03 secs] 
2016-12-19T23:21:57.859+0100: 19952.329: [GC pause (G1 Evacuation Pause) (young), 0.0243115 secs]
   [Parallel Time: 23.5 ms, GC Workers: 1]
      [GC Worker Start (ms):  19952329.6]
      [Ext Root Scanning (ms):  1.0]
      [Update RS (ms):  2.5]
         [Processed Buffers:  34]
      [Scan RS (ms):  4.9]
      [Code Root Scanning (ms):  0.0]
      [Object Copy (ms):  15.0]
      [Termination (ms):  0.0]
         [Termination Attempts:  1]
      [GC Worker Other (ms):  0.0]
      [GC Worker Total (ms):  23.5]
      [GC Worker End (ms):  19952353.1]
   [Code Root Fixup: 0.1 ms]
   [Code Root Purge: 0.0 ms]
   [Clear CT: 0.0 ms]
   [Other: 0.6 ms]
      [Choose CSet: 0.0 ms]
      [Ref Proc: 0.0 ms]
      [Ref Enq: 0.0 ms]
      [Redirty Cards: 0.0 ms]
      [Humongous Register: 0.1 ms]
      [Humongous Reclaim: 0.0 ms]
      [Free CSet: 0.1 ms]
   [Eden: 47.0M(47.0M)->0.0B(47.0M) Survivors: 4096.0K->4096.0K Heap: 305.5M(1024.0M)->258.5M(1024.0M)]
 [Times: user=0.02 sys=0.00, real=0.03 secs] 
2016-12-19T23:22:24.678+0100: 19979.149: [GC pause (G1 Evacuation Pause) (young), 0.0268011 secs]
   [Parallel Time: 26.2 ms, GC Workers: 1]
      [GC Worker Start (ms):  19979148.8]
      [Ext Root Scanning (ms):  1.6]
      [Update RS (ms):  3.3]
         [Processed Buffers:  32]
      [Scan RS (ms):  4.5]
      [Code Root Scanning (ms):  0.0]
      [Object Copy (ms):  16.7]
      [Termination (ms):  0.0]
         [Termination Attempts:  1]
      [GC Worker Other (ms):  0.0]
      [GC Worker Total (ms):  26.2]
      [GC Worker End (ms):  19979175.0]
   [Code Root Fixup: 0.0 ms]
   [Code Root Purge: 0.0 ms]
   [Clear CT: 0.0 ms]
   [Other: 0.5 ms]
      [Choose CSet: 0.0 ms]
      [Ref Proc: 0.0 ms]
      [Ref Enq: 0.0 ms]
      [Redirty Cards: 0.0 ms]
      [Humongous Register: 0.1 ms]
      [Humongous Reclaim: 0.0 ms]
      [Free CSet: 0.1 ms]
   [Eden: 47.0M(47.0M)->0.0B(45.0M) Survivors: 4096.0K->6144.0K Heap: 305.5M(1024.0M)->260.5M(1024.0M)]
 [Times: user=0.02 sys=0.00, real=0.03 secs] 
2016-12-19T23:22:52.981+0100: 20007.452: [GC pause (G1 Evacuation Pause) (young), 0.0495307 secs]
   [Parallel Time: 49.0 ms, GC Workers: 1]
      [GC Worker Start (ms):  20007451.9]
      [Ext Root Scanning (ms):  3.6]
      [Update RS (ms):  7.1]
         [Processed Buffers:  29]
      [Scan RS (ms):  6.0]
      [Code Root Scanning (ms):  0.0]
      [Object Copy (ms):  32.1]
      [Termination (ms):  0.0]
         [Termination Attempts:  1]
      [GC Worker Other (ms):  0.0]
      [GC Worker Total (ms):  48.9]
      [GC Worker End (ms):  20007500.9]
   [Code Root Fixup: 0.0 ms]
   [Code Root Purge: 0.0 ms]
   [Clear CT: 0.0 ms]
   [Other: 0.5 ms]
      [Choose CSet: 0.0 ms]
      [Ref Proc: 0.0 ms]
      [Ref Enq: 0.0 ms]
      [Redirty Cards: 0.0 ms]
      [Humongous Register: 0.1 ms]
      [Humongous Reclaim: 0.0 ms]
      [Free CSet: 0.0 ms]
   [Eden: 45.0M(45.0M)->0.0B(47.0M) Survivors: 6144.0K->4096.0K Heap: 305.5M(1024.0M)->260.6M(1024.0M)]
 [Times: user=0.04 sys=0.00, real=0.06 secs] 
2016-12-19T23:23:20.361+0100: 20034.832: [GC pause (G1 Evacuation Pause) (young), 0.0211543 secs]
   [Parallel Time: 20.6 ms, GC Workers: 1]
      [GC Worker Start (ms):  20034832.0]
      [Ext Root Scanning (ms):  1.5]
      [Update RS (ms):  2.7]
         [Processed Buffers:  31]
      [Scan RS (ms):  4.7]
      [Code Root Scanning (ms):  0.0]
      [Object Copy (ms):  11.7]
      [Termination (ms):  0.0]
         [Termination Attempts:  1]
      [GC Worker Other (ms):  0.0]
      [GC Worker Total (ms):  20.6]
      [GC Worker End (ms):  20034852.6]
   [Code Root Fixup: 0.0 ms]
   [Code Root Purge: 0.0 ms]
   [Clear CT: 0.0 ms]
   [Other: 0.5 ms]
      [Choose CSet: 0.0 ms]
      [Ref Proc: 0.0 ms]
      [Ref Enq: 0.0 ms]
      [Redirty Cards: 0.0 ms]
      [Humongous Register: 0.1 ms]
      [Humongous Reclaim: 0.0 ms]
      [Free CSet: 0.1 ms]
   [Eden: 47.0M(47.0M)->0.0B(46.0M) Survivors: 4096.0K->5120.0K Heap: 307.6M(1024.0M)->261.6M(1024.0M)]
 [Times: user=0.02 sys=0.00, real=0.02 secs] 
2016-12-19T23:23:47.976+0100: 20062.446: [GC pause (G1 Evacuation Pause) (young), 0.0540884 secs]
   [Parallel Time: 53.5 ms, GC Workers: 1]
      [GC Worker Start (ms):  20062446.6]
      [Ext Root Scanning (ms):  1.1]
      [Update RS (ms):  5.5]
         [Processed Buffers:  32]
      [Scan RS (ms):  7.4]
      [Code Root Scanning (ms):  0.0]
      [Object Copy (ms):  39.5]
      [Termination (ms):  0.0]
         [Termination Attempts:  1]
      [GC Worker Other (ms):  0.0]
      [GC Worker Total (ms):  53.4]
      [GC Worker End (ms):  20062500.1]
   [Code Root Fixup: 0.0 ms]
   [Code Root Purge: 0.0 ms]
   [Clear CT: 0.0 ms]
   [Other: 0.5 ms]
      [Choose CSet: 0.0 ms]
      [Ref Proc: 0.1 ms]
      [Ref Enq: 0.0 ms]
      [Redirty Cards: 0.0 ms]
      [Humongous Register: 0.1 ms]
      [Humongous Reclaim: 0.0 ms]
      [Free CSet: 0.1 ms]
   [Eden: 46.0M(46.0M)->0.0B(47.0M) Survivors: 5120.0K->4096.0K Heap: 307.6M(1024.0M)->261.9M(1024.0M)]
 [Times: user=0.05 sys=0.00, real=0.05 secs] 
2016-12-19T23:24:17.791+0100: 20092.262: [GC pause (G1 Evacuation Pause) (young), 0.0290996 secs]
   [Parallel Time: 28.5 ms, GC Workers: 1]
      [GC Worker Start (ms):  20092261.9]
      [Ext Root Scanning (ms):  1.2]
      [Update RS (ms):  2.6]
         [Processed Buffers:  32]
      [Scan RS (ms):  3.7]
      [Code Root Scanning (ms):  0.0]
      [Object Copy (ms):  15.4]
      [Termination (ms):  0.0]
         [Termination Attempts:  1]
      [GC Worker Other (ms):  0.0]
      [GC Worker Total (ms):  23.0]
      [GC Worker End (ms):  20092284.9]
   [Code Root Fixup: 0.0 ms]
   [Code Root Purge: 0.0 ms]
   [Clear CT: 0.1 ms]
   [Other: 0.5 ms]
      [Choose CSet: 0.0 ms]
      [Ref Proc: 0.0 ms]
      [Ref Enq: 0.0 ms]
      [Redirty Cards: 0.0 ms]
      [Humongous Register: 0.1 ms]
      [Humongous Reclaim: 0.0 ms]
      [Free CSet: 0.1 ms]
   [Eden: 47.0M(47.0M)->0.0B(47.0M) Survivors: 4096.0K->4096.0K Heap: 308.9M(1024.0M)->261.9M(1024.0M)]
 [Times: user=0.02 sys=0.00, real=0.02 secs] 
2016-12-19T23:24:49.268+0100: 20123.739: [GC pause (G1 Evacuation Pause) (young), 0.0265037 secs]
   [Parallel Time: 25.8 ms, GC Workers: 1]
      [GC Worker Start (ms):  20123738.9]
      [Ext Root Scanning (ms):  1.2]
      [Update RS (ms):  4.5]
         [Processed Buffers:  32]
      [Scan RS (ms):  4.3]
      [Code Root Scanning (ms):  0.0]
      [Object Copy (ms):  15.7]
      [Termination (ms):  0.0]
         [Termination Attempts:  1]
      [GC Worker Other (ms):  0.0]
      [GC Worker Total (ms):  25.8]
      [GC Worker End (ms):  20123764.7]
   [Code Root Fixup: 0.1 ms]
   [Code Root Purge: 0.0 ms]
   [Clear CT: 0.0 ms]
   [Other: 0.6 ms]
      [Choose CSet: 0.0 ms]
      [Ref Proc: 0.0 ms]
      [Ref Enq: 0.0 ms]
      [Redirty Cards: 0.0 ms]
      [Humongous Register: 0.1 ms]
      [Humongous Reclaim: 0.0 ms]
      [Free CSet: 0.0 ms]
   [Eden: 47.0M(47.0M)->0.0B(46.0M) Survivors: 4096.0K->5120.0K Heap: 308.9M(1024.0M)->263.4M(1024.0M)]
 [Times: user=0.02 sys=0.00, real=0.03 secs] 
2016-12-19T23:25:19.035+0100: 20153.506: [GC pause (G1 Evacuation Pause) (young), 0.0411351 secs]
   [Parallel Time: 40.5 ms, GC Workers: 1]
      [GC Worker Start (ms):  20153505.8]
      [Ext Root Scanning (ms):  5.8]
      [Update RS (ms):  4.3]
         [Processed Buffers:  31]
      [Scan RS (ms):  8.1]
      [Code Root Scanning (ms):  0.0]
      [Object Copy (ms):  22.2]
      [Termination (ms):  0.0]
         [Termination Attempts:  1]
      [GC Worker Other (ms):  0.0]
      [GC Worker Total (ms):  40.4]
      [GC Worker End (ms):  20153546.2]
   [Code Root Fixup: 0.1 ms]
   [Code Root Purge: 0.0 ms]
   [Clear CT: 0.1 ms]
   [Other: 0.5 ms]
      [Choose CSet: 0.0 ms]
      [Ref Proc: 0.1 ms]
      [Ref Enq: 0.0 ms]
      [Redirty Cards: 0.1 ms]
      [Humongous Register: 0.1 ms]
      [Humongous Reclaim: 0.0 ms]
      [Free CSet: 0.1 ms]
   [Eden: 46.0M(46.0M)->0.0B(47.0M) Survivors: 5120.0K->4096.0K Heap: 309.4M(1024.0M)->263.1M(1024.0M)]
 [Times: user=0.03 sys=0.00, real=0.04 secs] 
2016-12-19T23:25:48.171+0100: 20182.642: [GC pause (G1 Evacuation Pause) (young), 0.0554886 secs]
   [Parallel Time: 55.0 ms, GC Workers: 1]
      [GC Worker Start (ms):  20182641.7]
      [Ext Root Scanning (ms):  2.4]
      [Update RS (ms):  9.9]
         [Processed Buffers:  32]
      [Scan RS (ms):  8.3]
      [Code Root Scanning (ms):  0.0]
      [Object Copy (ms):  34.3]
      [Termination (ms):  0.0]
         [Termination Attempts:  1]
      [GC Worker Other (ms):  0.0]
      [GC Worker Total (ms):  55.0]
      [GC Worker End (ms):  20182696.7]
   [Code Root Fixup: 0.0 ms]
   [Code Root Purge: 0.0 ms]
   [Clear CT: 0.0 ms]
   [Other: 0.4 ms]
      [Choose CSet: 0.0 ms]
      [Ref Proc: 0.0 ms]
      [Ref Enq: 0.0 ms]
      [Redirty Cards: 0.0 ms]
      [Humongous Register: 0.0 ms]
      [Humongous Reclaim: 0.0 ms]
      [Free CSet: 0.1 ms]
   [Eden: 47.0M(47.0M)->0.0B(45.0M) Survivors: 4096.0K->6144.0K Heap: 310.1M(1024.0M)->264.6M(1024.0M)]
 [Times: user=0.03 sys=0.00, real=0.05 secs] 
2016-12-19T23:26:16.717+0100: 20211.187: [GC pause (G1 Evacuation Pause) (young), 0.0324916 secs]
   [Parallel Time: 31.8 ms, GC Workers: 1]
      [GC Worker Start (ms):  20211187.4]
      [Ext Root Scanning (ms):  4.1]
      [Update RS (ms):  3.3]
         [Processed Buffers:  32]
      [Scan RS (ms):  3.4]
      [Code Root Scanning (ms):  0.0]
      [Object Copy (ms):  20.9]
      [Termination (ms):  0.0]
         [Termination Attempts:  1]
      [GC Worker Other (ms):  0.0]
      [GC Worker Total (ms):  31.7]
      [GC Worker End (ms):  20211219.1]
   [Code Root Fixup: 0.1 ms]
   [Code Root Purge: 0.0 ms]
   [Clear CT: 0.1 ms]
   [Other: 0.6 ms]
      [Choose CSet: 0.0 ms]
      [Ref Proc: 0.1 ms]
      [Ref Enq: 0.0 ms]
      [Redirty Cards: 0.1 ms]
      [Humongous Register: 0.1 ms]
      [Humongous Reclaim: 0.0 ms]
      [Free CSet: 0.1 ms]
   [Eden: 45.0M(45.0M)->0.0B(46.0M) Survivors: 6144.0K->5120.0K Heap: 309.6M(1024.0M)->265.1M(1024.0M)]
 [Times: user=0.02 sys=0.00, real=0.03 secs] 
2016-12-19T23:26:45.679+0100: 20240.150: [GC pause (G1 Evacuation Pause) (young), 0.0185163 secs]
   [Parallel Time: 18.0 ms, GC Workers: 1]
      [GC Worker Start (ms):  20240149.9]
      [Ext Root Scanning (ms):  1.8]
      [Update RS (ms):  3.8]
         [Processed Buffers:  32]
      [Scan RS (ms):  3.1]
      [Code Root Scanning (ms):  0.0]
      [Object Copy (ms):  9.3]
      [Termination (ms):  0.0]
         [Termination Attempts:  1]
      [GC Worker Other (ms):  0.0]
      [GC Worker Total (ms):  18.0]
      [GC Worker End (ms):  20240168.0]
   [Code Root Fixup: 0.0 ms]
   [Code Root Purge: 0.0 ms]
   [Clear CT: 0.0 ms]
   [Other: 0.4 ms]
      [Choose CSet: 0.0 ms]
      [Ref Proc: 0.0 ms]
      [Ref Enq: 0.0 ms]
      [Redirty Cards: 0.0 ms]
      [Humongous Register: 0.1 ms]
      [Humongous Reclaim: 0.0 ms]
      [Free CSet: 0.1 ms]
   [Eden: 46.0M(46.0M)->0.0B(47.0M) Survivors: 5120.0K->4096.0K Heap: 311.1M(1024.0M)->265.5M(1024.0M)]
 [Times: user=0.02 sys=0.00, real=0.02 secs] 
2016-12-19T23:27:15.870+0100: 20270.341: [GC pause (G1 Evacuation Pause) (young), 0.0205743 secs]
   [Parallel Time: 20.2 ms, GC Workers: 1]
      [GC Worker Start (ms):  20270340.7]
      [Ext Root Scanning (ms):  0.9]
      [Update RS (ms):  3.5]
         [Processed Buffers:  31]
      [Scan RS (ms):  2.6]
      [Code Root Scanning (ms):  0.0]
      [Object Copy (ms):  13.1]
      [Termination (ms):  0.0]
         [Termination Attempts:  1]
      [GC Worker Other (ms):  0.0]
      [GC Worker Total (ms):  20.1]
      [GC Worker End (ms):  20270360.8]
   [Code Root Fixup: 0.0 ms]
   [Code Root Purge: 0.0 ms]
   [Clear CT: 0.0 ms]
   [Other: 0.4 ms]
      [Choose CSet: 0.0 ms]
      [Ref Proc: 0.0 ms]
      [Ref Enq: 0.0 ms]
      [Redirty Cards: 0.0 ms]
      [Humongous Register: 0.0 ms]
      [Humongous Reclaim: 0.0 ms]
      [Free CSet: 0.1 ms]
   [Eden: 47.0M(47.0M)->0.0B(45.0M) Survivors: 4096.0K->6144.0K Heap: 312.5M(1024.0M)->267.0M(1024.0M)]
 [Times: user=0.02 sys=0.00, real=0.02 secs] 
2016-12-19T23:27:41.895+0100: 20296.366: [GC pause (G1 Evacuation Pause) (young), 0.0219530 secs]
   [Parallel Time: 21.5 ms, GC Workers: 1]
      [GC Worker Start (ms):  20296365.9]
      [Ext Root Scanning (ms):  1.1]
      [Update RS (ms):  2.4]
         [Processed Buffers:  31]
      [Scan RS (ms):  2.4]
      [Code Root Scanning (ms):  0.0]
      [Object Copy (ms):  15.5]
      [Termination (ms):  0.0]
         [Termination Attempts:  1]
      [GC Worker Other (ms):  0.0]
      [GC Worker Total (ms):  21.5]
      [GC Worker End (ms):  20296387.3]
   [Code Root Fixup: 0.0 ms]
   [Code Root Purge: 0.0 ms]
   [Clear CT: 0.0 ms]
   [Other: 0.4 ms]
      [Choose CSet: 0.0 ms]
      [Ref Proc: 0.0 ms]
      [Ref Enq: 0.0 ms]
      [Redirty Cards: 0.0 ms]
      [Humongous Register: 0.1 ms]
      [Humongous Reclaim: 0.0 ms]
      [Free CSet: 0.0 ms]
   [Eden: 45.0M(45.0M)->0.0B(47.0M) Survivors: 6144.0K->4096.0K Heap: 312.0M(1024.0M)->267.5M(1024.0M)]
 [Times: user=0.02 sys=0.00, real=0.02 secs] 
2016-12-19T23:28:09.596+0100: 20324.067: [GC pause (G1 Evacuation Pause) (young), 0.0239197 secs]
   [Parallel Time: 23.4 ms, GC Workers: 1]
      [GC Worker Start (ms):  20324067.1]
      [Ext Root Scanning (ms):  1.0]
      [Update RS (ms):  3.3]
         [Processed Buffers:  33]
      [Scan RS (ms):  3.9]
      [Code Root Scanning (ms):  0.0]
      [Object Copy (ms):  15.2]
      [Termination (ms):  0.0]
         [Termination Attempts:  1]
      [GC Worker Other (ms):  0.0]
      [GC Worker Total (ms):  23.4]
      [GC Worker End (ms):  20324090.4]
   [Code Root Fixup: 0.0 ms]
   [Code Root Purge: 0.0 ms]
   [Clear CT: 0.1 ms]
   [Other: 0.4 ms]
      [Choose CSet: 0.0 ms]
      [Ref Proc: 0.0 ms]
      [Ref Enq: 0.0 ms]
      [Redirty Cards: 0.0 ms]
      [Humongous Register: 0.0 ms]
      [Humongous Reclaim: 0.0 ms]
      [Free CSet: 0.1 ms]
   [Eden: 47.0M(47.0M)->0.0B(45.0M) Survivors: 4096.0K->6144.0K Heap: 314.5M(1024.0M)->269.0M(1024.0M)]
 [Times: user=0.03 sys=0.00, real=0.02 secs] 
2016-12-19T23:28:37.899+0100: 20352.369: [GC pause (G1 Evacuation Pause) (young), 0.0227273 secs]
   [Parallel Time: 22.2 ms, GC Workers: 1]
      [GC Worker Start (ms):  20352369.6]
      [Ext Root Scanning (ms):  1.1]
      [Update RS (ms):  2.1]
         [Processed Buffers:  31]
      [Scan RS (ms):  3.0]
      [Code Root Scanning (ms):  0.0]
      [Object Copy (ms):  16.0]
      [Termination (ms):  0.0]
         [Termination Attempts:  1]
      [GC Worker Other (ms):  0.0]
      [GC Worker Total (ms):  22.2]
      [GC Worker End (ms):  20352391.7]
   [Code Root Fixup: 0.1 ms]
   [Code Root Purge: 0.0 ms]
   [Clear CT: 0.0 ms]
   [Other: 0.4 ms]
      [Choose CSet: 0.0 ms]
      [Ref Proc: 0.0 ms]
      [Ref Enq: 0.0 ms]
      [Redirty Cards: 0.0 ms]
      [Humongous Register: 0.1 ms]
      [Humongous Reclaim: 0.0 ms]
      [Free CSet: 0.1 ms]
   [Eden: 45.0M(45.0M)->0.0B(47.0M) Survivors: 6144.0K->4096.0K Heap: 314.0M(1024.0M)->270.3M(1024.0M)]
 [Times: user=0.02 sys=0.00, real=0.02 secs] 
2016-12-19T23:29:06.264+0100: 20380.735: [GC pause (G1 Evacuation Pause) (young), 0.0178800 secs]
   [Parallel Time: 17.4 ms, GC Workers: 1]
      [GC Worker Start (ms):  20380734.7]
      [Ext Root Scanning (ms):  0.9]
      [Update RS (ms):  3.2]
         [Processed Buffers:  34]
      [Scan RS (ms):  4.1]
      [Code Root Scanning (ms):  0.0]
      [Object Copy (ms):  9.2]
      [Termination (ms):  0.0]
         [Termination Attempts:  1]
      [GC Worker Other (ms):  0.0]
      [GC Worker Total (ms):  17.4]
      [GC Worker End (ms):  20380752.0]
   [Code Root Fixup: 0.1 ms]
   [Code Root Purge: 0.0 ms]
   [Clear CT: 0.0 ms]
   [Other: 0.4 ms]
      [Choose CSet: 0.0 ms]
      [Ref Proc: 0.0 ms]
      [Ref Enq: 0.0 ms]
      [Redirty Cards: 0.0 ms]
      [Humongous Register: 0.0 ms]
      [Humongous Reclaim: 0.0 ms]
      [Free CSet: 0.1 ms]
   [Eden: 47.0M(47.0M)->0.0B(47.0M) Survivors: 4096.0K->4096.0K Heap: 317.3M(1024.0M)->270.3M(1024.0M)]
 [Times: user=0.02 sys=0.00, real=0.01 secs] 
2016-12-19T23:29:36.092+0100: 20410.562: [GC pause (G1 Evacuation Pause) (young), 0.0264255 secs]
   [Parallel Time: 25.8 ms, GC Workers: 1]
      [GC Worker Start (ms):  20410563.7]
      [Ext Root Scanning (ms):  1.1]
      [Update RS (ms):  2.8]
         [Processed Buffers:  34]
      [Scan RS (ms):  4.2]
      [Code Root Scanning (ms):  0.0]
      [Object Copy (ms):  16.5]
      [Termination (ms):  0.0]
         [Termination Attempts:  1]
      [GC Worker Other (ms):  0.0]
      [GC Worker Total (ms):  24.6]
      [GC Worker End (ms):  20410588.3]
   [Code Root Fixup: 0.1 ms]
   [Code Root Purge: 0.0 ms]
   [Clear CT: 0.1 ms]
   [Other: 0.5 ms]
      [Choose CSet: 0.0 ms]
      [Ref Proc: 0.1 ms]
      [Ref Enq: 0.0 ms]
      [Redirty Cards: 0.1 ms]
      [Humongous Register: 0.0 ms]
      [Humongous Reclaim: 0.0 ms]
      [Free CSet: 0.1 ms]
   [Eden: 47.0M(47.0M)->0.0B(45.0M) Survivors: 4096.0K->6144.0K Heap: 317.3M(1024.0M)->271.8M(1024.0M)]
 [Times: user=0.02 sys=0.00, real=0.02 secs] 
2016-12-19T23:30:04.622+0100: 20439.093: [GC pause (G1 Evacuation Pause) (young), 0.0233304 secs]
   [Parallel Time: 22.7 ms, GC Workers: 1]
      [GC Worker Start (ms):  20439093.2]
      [Ext Root Scanning (ms):  1.3]
      [Update RS (ms):  4.3]
         [Processed Buffers:  32]
      [Scan RS (ms):  3.5]
      [Code Root Scanning (ms):  0.0]
      [Object Copy (ms):  13.4]
      [Termination (ms):  0.0]
         [Termination Attempts:  1]
      [GC Worker Other (ms):  0.0]
      [GC Worker Total (ms):  22.5]
      [GC Worker End (ms):  20439115.8]
   [Code Root Fixup: 0.0 ms]
   [Code Root Purge: 0.0 ms]
   [Clear CT: 0.0 ms]
   [Other: 0.5 ms]
      [Choose CSet: 0.0 ms]
      [Ref Proc: 0.0 ms]
      [Ref Enq: 0.0 ms]
      [Redirty Cards: 0.0 ms]
      [Humongous Register: 0.1 ms]
      [Humongous Reclaim: 0.0 ms]
      [Free CSet: 0.1 ms]
   [Eden: 45.0M(45.0M)->0.0B(47.0M) Survivors: 6144.0K->4096.0K Heap: 316.8M(1024.0M)->272.2M(1024.0M)]
 [Times: user=0.03 sys=0.00, real=0.03 secs] 
2016-12-19T23:30:34.101+0100: 20468.571: [GC pause (G1 Evacuation Pause) (young), 0.0429461 secs]
   [Parallel Time: 42.2 ms, GC Workers: 1]
      [GC Worker Start (ms):  20468571.5]
      [Ext Root Scanning (ms):  1.6]
      [Update RS (ms):  14.3]
         [Processed Buffers:  34]
      [Scan RS (ms):  5.3]
      [Code Root Scanning (ms):  0.0]
      [Object Copy (ms):  21.1]
      [Termination (ms):  0.0]
         [Termination Attempts:  1]
      [GC Worker Other (ms):  0.0]
      [GC Worker Total (ms):  42.2]
      [GC Worker End (ms):  20468613.7]
   [Code Root Fixup: 0.1 ms]
   [Code Root Purge: 0.0 ms]
   [Clear CT: 0.1 ms]
   [Other: 0.6 ms]
      [Choose CSet: 0.0 ms]
      [Ref Proc: 0.0 ms]
      [Ref Enq: 0.0 ms]
      [Redirty Cards: 0.0 ms]
      [Humongous Register: 0.1 ms]
      [Humongous Reclaim: 0.0 ms]
      [Free CSet: 0.1 ms]
   [Eden: 47.0M(47.0M)->0.0B(46.0M) Survivors: 4096.0K->5120.0K Heap: 319.2M(1024.0M)->273.2M(1024.0M)]
 [Times: user=0.04 sys=0.00, real=0.05 secs] 
2016-12-19T23:31:04.359+0100: 20498.829: [GC pause (G1 Evacuation Pause) (young), 0.0272276 secs]
   [Parallel Time: 26.6 ms, GC Workers: 1]
      [GC Worker Start (ms):  20498829.6]
      [Ext Root Scanning (ms):  2.4]
      [Update RS (ms):  3.8]
         [Processed Buffers:  33]
      [Scan RS (ms):  5.7]
      [Code Root Scanning (ms):  0.0]
      [Object Copy (ms):  14.6]
      [Termination (ms):  0.0]
         [Termination Attempts:  1]
      [GC Worker Other (ms):  0.0]
      [GC Worker Total (ms):  26.6]
      [GC Worker End (ms):  20498856.2]
   [Code Root Fixup: 0.0 ms]
   [Code Root Purge: 0.0 ms]
   [Clear CT: 0.0 ms]
   [Other: 0.6 ms]
      [Choose CSet: 0.0 ms]
      [Ref Proc: 0.0 ms]
      [Ref Enq: 0.0 ms]
      [Redirty Cards: 0.0 ms]
      [Humongous Register: 0.2 ms]
      [Humongous Reclaim: 0.0 ms]
      [Free CSet: 0.1 ms]
   [Eden: 46.0M(46.0M)->0.0B(47.0M) Survivors: 5120.0K->4096.0K Heap: 319.2M(1024.0M)->274.0M(1024.0M)]
 [Times: user=0.02 sys=0.00, real=0.03 secs] 
2016-12-19T23:31:31.862+0100: 20526.332: [GC pause (G1 Evacuation Pause) (young), 0.0360446 secs]
   [Parallel Time: 35.3 ms, GC Workers: 1]
      [GC Worker Start (ms):  20526332.7]
      [Ext Root Scanning (ms):  1.4]
      [Update RS (ms):  17.5]
         [Processed Buffers:  33]
      [Scan RS (ms):  4.4]
      [Code Root Scanning (ms):  0.0]
      [Object Copy (ms):  12.0]
      [Termination (ms):  0.0]
         [Termination Attempts:  1]
      [GC Worker Other (ms):  0.0]
      [GC Worker Total (ms):  35.3]
      [GC Worker End (ms):  20526368.0]
   [Code Root Fixup: 0.0 ms]
   [Code Root Purge: 0.0 ms]
   [Clear CT: 0.1 ms]
   [Other: 0.6 ms]
      [Choose CSet: 0.0 ms]
      [Ref Proc: 0.0 ms]
      [Ref Enq: 0.0 ms]
      [Redirty Cards: 0.0 ms]
      [Humongous Register: 0.1 ms]
      [Humongous Reclaim: 0.0 ms]
      [Free CSet: 0.1 ms]
   [Eden: 47.0M(47.0M)->0.0B(47.0M) Survivors: 4096.0K->4096.0K Heap: 321.0M(1024.0M)->274.0M(1024.0M)]
 [Times: user=0.03 sys=0.00, real=0.04 secs] 
2016-12-19T23:32:01.381+0100: 20555.852: [GC pause (G1 Evacuation Pause) (young), 0.0182047 secs]
   [Parallel Time: 17.6 ms, GC Workers: 1]
      [GC Worker Start (ms):  20555852.2]
      [Ext Root Scanning (ms):  1.1]
      [Update RS (ms):  2.1]
         [Processed Buffers:  32]
      [Scan RS (ms):  2.6]
      [Code Root Scanning (ms):  0.0]
      [Object Copy (ms):  11.8]
      [Termination (ms):  0.0]
         [Termination Attempts:  1]
      [GC Worker Other (ms):  0.0]
      [GC Worker Total (ms):  17.6]
      [GC Worker End (ms):  20555869.7]
   [Code Root Fixup: 0.0 ms]
   [Code Root Purge: 0.0 ms]
   [Clear CT: 0.0 ms]
   [Other: 0.5 ms]
      [Choose CSet: 0.0 ms]
      [Ref Proc: 0.0 ms]
      [Ref Enq: 0.0 ms]
      [Redirty Cards: 0.0 ms]
      [Humongous Register: 0.0 ms]
      [Humongous Reclaim: 0.0 ms]
      [Free CSet: 0.1 ms]
   [Eden: 47.0M(47.0M)->0.0B(45.0M) Survivors: 4096.0K->6144.0K Heap: 321.0M(1024.0M)->275.5M(1024.0M)]
 [Times: user=0.02 sys=0.00, real=0.02 secs] 
2016-12-19T23:32:27.770+0100: 20582.241: [GC pause (G1 Evacuation Pause) (young), 0.0544827 secs]
   [Parallel Time: 53.6 ms, GC Workers: 1]
      [GC Worker Start (ms):  20582240.8]
      [Ext Root Scanning (ms):  1.3]
      [Update RS (ms):  14.4]
         [Processed Buffers:  31]
      [Scan RS (ms):  12.1]
      [Code Root Scanning (ms):  0.0]
      [Object Copy (ms):  25.7]
      [Termination (ms):  0.0]
         [Termination Attempts:  1]
      [GC Worker Other (ms):  0.0]
      [GC Worker Total (ms):  53.5]
      [GC Worker End (ms):  20582294.3]
   [Code Root Fixup: 0.1 ms]
   [Code Root Purge: 0.0 ms]
   [Clear CT: 0.0 ms]
   [Other: 0.7 ms]
      [Choose CSet: 0.0 ms]
      [Ref Proc: 0.1 ms]
      [Ref Enq: 0.0 ms]
      [Redirty Cards: 0.1 ms]
      [Humongous Register: 0.1 ms]
      [Humongous Reclaim: 0.0 ms]
      [Free CSet: 0.1 ms]
   [Eden: 45.0M(45.0M)->0.0B(47.0M) Survivors: 6144.0K->4096.0K Heap: 320.5M(1024.0M)->276.0M(1024.0M)]
 [Times: user=0.05 sys=0.00, real=0.06 secs] 
2016-12-19T23:32:54.977+0100: 20609.447: [GC pause (G1 Evacuation Pause) (young), 0.0210507 secs]
   [Parallel Time: 20.3 ms, GC Workers: 1]
      [GC Worker Start (ms):  20609447.7]
      [Ext Root Scanning (ms):  1.1]
      [Update RS (ms):  2.9]
         [Processed Buffers:  32]
      [Scan RS (ms):  3.0]
      [Code Root Scanning (ms):  0.0]
      [Object Copy (ms):  13.3]
      [Termination (ms):  0.0]
         [Termination Attempts:  1]
      [GC Worker Other (ms):  0.0]
      [GC Worker Total (ms):  20.3]
      [GC Worker End (ms):  20609467.9]
   [Code Root Fixup: 0.1 ms]
   [Code Root Purge: 0.0 ms]
   [Clear CT: 0.0 ms]
   [Other: 0.6 ms]
      [Choose CSet: 0.0 ms]
      [Ref Proc: 0.0 ms]
      [Ref Enq: 0.0 ms]
      [Redirty Cards: 0.0 ms]
      [Humongous Register: 0.2 ms]
      [Humongous Reclaim: 0.0 ms]
      [Free CSet: 0.1 ms]
   [Eden: 47.0M(47.0M)->0.0B(46.0M) Survivors: 4096.0K->5120.0K Heap: 323.0M(1024.0M)->277.0M(1024.0M)]
 [Times: user=0.02 sys=0.00, real=0.02 secs] 
2016-12-19T23:33:24.476+0100: 20638.946: [GC pause (G1 Evacuation Pause) (young), 0.0334075 secs]
   [Parallel Time: 32.3 ms, GC Workers: 1]
      [GC Worker Start (ms):  20638946.4]
      [Ext Root Scanning (ms):  6.6]
      [Update RS (ms):  6.3]
         [Processed Buffers:  30]
      [Scan RS (ms):  3.1]
      [Code Root Scanning (ms):  0.0]
      [Object Copy (ms):  16.2]
      [Termination (ms):  0.0]
         [Termination Attempts:  1]
      [GC Worker Other (ms):  0.0]
      [GC Worker Total (ms):  32.3]
      [GC Worker End (ms):  20638978.7]
   [Code Root Fixup: 0.1 ms]
   [Code Root Purge: 0.0 ms]
   [Clear CT: 0.0 ms]
   [Other: 0.9 ms]
      [Choose CSet: 0.0 ms]
      [Ref Proc: 0.1 ms]
      [Ref Enq: 0.0 ms]
      [Redirty Cards: 0.1 ms]
      [Humongous Register: 0.1 ms]
      [Humongous Reclaim: 0.1 ms]
      [Free CSet: 0.2 ms]
   [Eden: 46.0M(46.0M)->0.0B(47.0M) Survivors: 5120.0K->4096.0K Heap: 323.0M(1024.0M)->277.7M(1024.0M)]
 [Times: user=0.03 sys=0.00, real=0.03 secs] 
2016-12-19T23:33:51.909+0100: 20666.380: [GC pause (G1 Evacuation Pause) (young), 0.0183551 secs]
   [Parallel Time: 17.9 ms, GC Workers: 1]
      [GC Worker Start (ms):  20666380.0]
      [Ext Root Scanning (ms):  0.9]
      [Update RS (ms):  2.2]
         [Processed Buffers:  32]
      [Scan RS (ms):  3.4]
      [Code Root Scanning (ms):  0.0]
      [Object Copy (ms):  11.4]
      [Termination (ms):  0.0]
         [Termination Attempts:  1]
      [GC Worker Other (ms):  0.0]
      [GC Worker Total (ms):  17.9]
      [GC Worker End (ms):  20666397.9]
   [Code Root Fixup: 0.0 ms]
   [Code Root Purge: 0.0 ms]
   [Clear CT: 0.0 ms]
   [Other: 0.4 ms]
      [Choose CSet: 0.0 ms]
      [Ref Proc: 0.0 ms]
      [Ref Enq: 0.0 ms]
      [Redirty Cards: 0.0 ms]
      [Humongous Register: 0.0 ms]
      [Humongous Reclaim: 0.0 ms]
      [Free CSet: 0.1 ms]
   [Eden: 47.0M(47.0M)->0.0B(46.0M) Survivors: 4096.0K->5120.0K Heap: 324.7M(1024.0M)->278.2M(1024.0M)]
 [Times: user=0.02 sys=0.00, real=0.02 secs] 
2016-12-19T23:34:19.480+0100: 20693.951: [GC pause (G1 Evacuation Pause) (young), 0.0204475 secs]
   [Parallel Time: 20.0 ms, GC Workers: 1]
      [GC Worker Start (ms):  20693951.1]
      [Ext Root Scanning (ms):  1.4]
      [Update RS (ms):  3.2]
         [Processed Buffers:  30]
      [Scan RS (ms):  2.7]
      [Code Root Scanning (ms):  0.0]
      [Object Copy (ms):  12.5]
      [Termination (ms):  0.0]
         [Termination Attempts:  1]
      [GC Worker Other (ms):  0.0]
      [GC Worker Total (ms):  19.9]
      [GC Worker End (ms):  20693971.0]
   [Code Root Fixup: 0.0 ms]
   [Code Root Purge: 0.0 ms]
   [Clear CT: 0.0 ms]
   [Other: 0.4 ms]
      [Choose CSet: 0.0 ms]
      [Ref Proc: 0.0 ms]
      [Ref Enq: 0.0 ms]
      [Redirty Cards: 0.0 ms]
      [Humongous Register: 0.1 ms]
      [Humongous Reclaim: 0.0 ms]
      [Free CSet: 0.0 ms]
   [Eden: 46.0M(46.0M)->0.0B(46.0M) Survivors: 5120.0K->5120.0K Heap: 324.2M(1024.0M)->279.5M(1024.0M)]
 [Times: user=0.02 sys=0.00, real=0.02 secs] 
2016-12-19T23:34:46.357+0100: 20720.828: [GC pause (G1 Evacuation Pause) (young), 0.0400412 secs]
   [Parallel Time: 37.7 ms, GC Workers: 1]
      [GC Worker Start (ms):  20720828.2]
      [Ext Root Scanning (ms):  3.7]
      [Update RS (ms):  5.1]
         [Processed Buffers:  31]
      [Scan RS (ms):  5.0]
      [Code Root Scanning (ms):  0.0]
      [Object Copy (ms):  23.7]
      [Termination (ms):  0.0]
         [Termination Attempts:  1]
      [GC Worker Other (ms):  0.0]
      [GC Worker Total (ms):  37.6]
      [GC Worker End (ms):  20720865.8]
   [Code Root Fixup: 0.1 ms]
   [Code Root Purge: 0.0 ms]
   [Clear CT: 0.2 ms]
   [Other: 2.1 ms]
      [Choose CSet: 0.0 ms]
      [Ref Proc: 0.1 ms]
      [Ref Enq: 0.0 ms]
      [Redirty Cards: 0.1 ms]
      [Humongous Register: 0.2 ms]
      [Humongous Reclaim: 0.0 ms]
      [Free CSet: 0.6 ms]
   [Eden: 46.0M(46.0M)->0.0B(47.0M) Survivors: 5120.0K->4096.0K Heap: 325.5M(1024.0M)->280.5M(1024.0M)]
 [Times: user=0.04 sys=0.00, real=0.04 secs] 
2016-12-19T23:35:16.383+0100: 20750.853: [GC pause (G1 Evacuation Pause) (young), 0.0256230 secs]
   [Parallel Time: 23.2 ms, GC Workers: 1]
      [GC Worker Start (ms):  20750853.6]
      [Ext Root Scanning (ms):  1.6]
      [Update RS (ms):  3.8]
         [Processed Buffers:  31]
      [Scan RS (ms):  3.6]
      [Code Root Scanning (ms):  0.0]
      [Object Copy (ms):  14.2]
      [Termination (ms):  0.0]
         [Termination Attempts:  1]
      [GC Worker Other (ms):  0.0]
      [GC Worker Total (ms):  23.1]
      [GC Worker End (ms):  20750876.7]
   [Code Root Fixup: 0.0 ms]
   [Code Root Purge: 0.0 ms]
   [Clear CT: 0.0 ms]
   [Other: 2.3 ms]
      [Choose CSet: 0.0 ms]
      [Ref Proc: 0.0 ms]
      [Ref Enq: 0.0 ms]
      [Redirty Cards: 0.0 ms]
      [Humongous Register: 0.1 ms]
      [Humongous Reclaim: 0.1 ms]
      [Free CSet: 1.8 ms]
   [Eden: 47.0M(47.0M)->0.0B(47.0M) Survivors: 4096.0K->4096.0K Heap: 327.5M(1024.0M)->280.5M(1024.0M)]
 [Times: user=0.03 sys=0.00, real=0.03 secs] 
2016-12-19T23:35:44.333+0100: 20778.804: [GC pause (G1 Evacuation Pause) (young), 0.0249573 secs]
   [Parallel Time: 24.4 ms, GC Workers: 1]
      [GC Worker Start (ms):  20778803.8]
      [Ext Root Scanning (ms):  1.2]
      [Update RS (ms):  4.8]
         [Processed Buffers:  31]
      [Scan RS (ms):  2.8]
      [Code Root Scanning (ms):  0.0]
      [Object Copy (ms):  15.6]
      [Termination (ms):  0.0]
         [Termination Attempts:  1]
      [GC Worker Other (ms):  0.0]
      [GC Worker Total (ms):  24.4]
      [GC Worker End (ms):  20778828.2]
   [Code Root Fixup: 0.0 ms]
   [Code Root Purge: 0.0 ms]
   [Clear CT: 0.0 ms]
   [Other: 0.5 ms]
      [Choose CSet: 0.0 ms]
      [Ref Proc: 0.0 ms]
      [Ref Enq: 0.0 ms]
      [Redirty Cards: 0.0 ms]
      [Humongous Register: 0.0 ms]
      [Humongous Reclaim: 0.1 ms]
      [Free CSet: 0.1 ms]
   [Eden: 47.0M(47.0M)->0.0B(45.0M) Survivors: 4096.0K->6144.0K Heap: 327.5M(1024.0M)->282.0M(1024.0M)]
 [Times: user=0.02 sys=0.00, real=0.02 secs] 
2016-12-19T23:36:11.692+0100: 20806.163: [GC pause (G1 Evacuation Pause) (young), 0.0395537 secs]
   [Parallel Time: 39.0 ms, GC Workers: 1]
      [GC Worker Start (ms):  20806163.1]
      [Ext Root Scanning (ms):  1.9]
      [Update RS (ms):  4.8]
         [Processed Buffers:  31]
      [Scan RS (ms):  4.5]
      [Code Root Scanning (ms):  0.0]
      [Object Copy (ms):  27.8]
      [Termination (ms):  0.0]
         [Termination Attempts:  1]
      [GC Worker Other (ms):  0.0]
      [GC Worker Total (ms):  38.9]
      [GC Worker End (ms):  20806202.0]
   [Code Root Fixup: 0.0 ms]
   [Code Root Purge: 0.0 ms]
   [Clear CT: 0.1 ms]
   [Other: 0.5 ms]
      [Choose CSet: 0.0 ms]
      [Ref Proc: 0.0 ms]
      [Ref Enq: 0.0 ms]
      [Redirty Cards: 0.1 ms]
      [Humongous Register: 0.1 ms]
      [Humongous Reclaim: 0.0 ms]
      [Free CSet: 0.1 ms]
   [Eden: 45.0M(45.0M)->0.0B(46.0M) Survivors: 6144.0K->5120.0K Heap: 327.0M(1024.0M)->282.3M(1024.0M)]
 [Times: user=0.04 sys=0.00, real=0.04 secs] 
2016-12-19T23:36:41.756+0100: 20836.227: [GC pause (G1 Evacuation Pause) (young), 0.0391027 secs]
   [Parallel Time: 38.4 ms, GC Workers: 1]
      [GC Worker Start (ms):  20836227.0]
      [Ext Root Scanning (ms):  1.3]
      [Update RS (ms):  5.5]
         [Processed Buffers:  29]
      [Scan RS (ms):  7.6]
      [Code Root Scanning (ms):  0.0]
      [Object Copy (ms):  24.0]
      [Termination (ms):  0.0]
         [Termination Attempts:  1]
      [GC Worker Other (ms):  0.0]
      [GC Worker Total (ms):  38.4]
      [GC Worker End (ms):  20836265.4]
   [Code Root Fixup: 0.1 ms]
   [Code Root Purge: 0.0 ms]
   [Clear CT: 0.1 ms]
   [Other: 0.5 ms]
      [Choose CSet: 0.0 ms]
      [Ref Proc: 0.1 ms]
      [Ref Enq: 0.0 ms]
      [Redirty Cards: 0.1 ms]
      [Humongous Register: 0.1 ms]
      [Humongous Reclaim: 0.0 ms]
      [Free CSet: 0.0 ms]
   [Eden: 46.0M(46.0M)->0.0B(46.0M) Survivors: 5120.0K->5120.0K Heap: 328.3M(1024.0M)->284.0M(1024.0M)]
 [Times: user=0.04 sys=0.00, real=0.04 secs] 
2016-12-19T23:37:09.286+0100: 20863.757: [GC pause (G1 Evacuation Pause) (young), 0.0223946 secs]
   [Parallel Time: 21.9 ms, GC Workers: 1]
      [GC Worker Start (ms):  20863756.9]
      [Ext Root Scanning (ms):  1.6]
      [Update RS (ms):  4.6]
         [Processed Buffers:  31]
      [Scan RS (ms):  3.7]
      [Code Root Scanning (ms):  0.0]
      [Object Copy (ms):  11.9]
      [Termination (ms):  0.0]
         [Termination Attempts:  1]
      [GC Worker Other (ms):  0.0]
      [GC Worker Total (ms):  21.9]
      [GC Worker End (ms):  20863778.8]
   [Code Root Fixup: 0.0 ms]
   [Code Root Purge: 0.0 ms]
   [Clear CT: 0.0 ms]
   [Other: 0.4 ms]
      [Choose CSet: 0.0 ms]
      [Ref Proc: 0.0 ms]
      [Ref Enq: 0.0 ms]
      [Redirty Cards: 0.0 ms]
      [Humongous Register: 0.1 ms]
      [Humongous Reclaim: 0.0 ms]
      [Free CSet: 0.1 ms]
   [Eden: 46.0M(46.0M)->0.0B(47.0M) Survivors: 5120.0K->4096.0K Heap: 330.0M(1024.0M)->284.5M(1024.0M)]
 [Times: user=0.02 sys=0.00, real=0.02 secs] 
2016-12-19T23:37:38.124+0100: 20892.594: [GC pause (G1 Evacuation Pause) (young), 0.0294433 secs]
   [Parallel Time: 28.8 ms, GC Workers: 1]
      [GC Worker Start (ms):  20892594.4]
      [Ext Root Scanning (ms):  1.9]
      [Update RS (ms):  8.0]
         [Processed Buffers:  31]
      [Scan RS (ms):  5.7]
      [Code Root Scanning (ms):  0.0]
      [Object Copy (ms):  13.1]
      [Termination (ms):  0.0]
         [Termination Attempts:  1]
      [GC Worker Other (ms):  0.0]
      [GC Worker Total (ms):  28.7]
      [GC Worker End (ms):  20892623.1]
   [Code Root Fixup: 0.1 ms]
   [Code Root Purge: 0.0 ms]
   [Clear CT: 0.0 ms]
   [Other: 0.5 ms]
      [Choose CSet: 0.0 ms]
      [Ref Proc: 0.1 ms]
      [Ref Enq: 0.0 ms]
      [Redirty Cards: 0.0 ms]
      [Humongous Register: 0.1 ms]
      [Humongous Reclaim: 0.0 ms]
      [Free CSet: 0.1 ms]
   [Eden: 47.0M(47.0M)->0.0B(47.0M) Survivors: 4096.0K->4096.0K Heap: 331.5M(1024.0M)->284.5M(1024.0M)]
 [Times: user=0.03 sys=0.00, real=0.03 secs] 
2016-12-19T23:38:07.748+0100: 20922.219: [GC pause (G1 Evacuation Pause) (young), 0.0254780 secs]
   [Parallel Time: 24.8 ms, GC Workers: 1]
      [GC Worker Start (ms):  20922218.9]
      [Ext Root Scanning (ms):  1.4]
      [Update RS (ms):  3.6]
         [Processed Buffers:  32]
      [Scan RS (ms):  4.2]
      [Code Root Scanning (ms):  0.0]
      [Object Copy (ms):  15.6]
      [Termination (ms):  0.0]
         [Termination Attempts:  1]
      [GC Worker Other (ms):  0.0]
      [GC Worker Total (ms):  24.8]
      [GC Worker End (ms):  20922243.6]
   [Code Root Fixup: 0.0 ms]
   [Code Root Purge: 0.0 ms]
   [Clear CT: 0.0 ms]
   [Other: 0.6 ms]
      [Choose CSet: 0.0 ms]
      [Ref Proc: 0.0 ms]
      [Ref Enq: 0.0 ms]
      [Redirty Cards: 0.0 ms]
      [Humongous Register: 0.2 ms]
      [Humongous Reclaim: 0.0 ms]
      [Free CSet: 0.0 ms]
   [Eden: 47.0M(47.0M)->0.0B(45.0M) Survivors: 4096.0K->6144.0K Heap: 331.5M(1024.0M)->286.0M(1024.0M)]
 [Times: user=0.03 sys=0.00, real=0.03 secs] 
2016-12-19T23:38:35.428+0100: 20949.898: [GC pause (G1 Evacuation Pause) (young), 0.0623467 secs]
   [Parallel Time: 61.8 ms, GC Workers: 1]
      [GC Worker Start (ms):  20949898.5]
      [Ext Root Scanning (ms):  1.5]
      [Update RS (ms):  8.5]
         [Processed Buffers:  31]
      [Scan RS (ms):  20.6]
      [Code Root Scanning (ms):  0.0]
      [Object Copy (ms):  31.1]
      [Termination (ms):  0.0]
         [Termination Attempts:  1]
      [GC Worker Other (ms):  0.0]
      [GC Worker Total (ms):  61.8]
      [GC Worker End (ms):  20949960.3]
   [Code Root Fixup: 0.1 ms]
   [Code Root Purge: 0.0 ms]
   [Clear CT: 0.0 ms]
   [Other: 0.4 ms]
      [Choose CSet: 0.0 ms]
      [Ref Proc: 0.0 ms]
      [Ref Enq: 0.0 ms]
      [Redirty Cards: 0.0 ms]
      [Humongous Register: 0.1 ms]
      [Humongous Reclaim: 0.0 ms]
      [Free CSet: 0.0 ms]
   [Eden: 45.0M(45.0M)->0.0B(46.0M) Survivors: 6144.0K->5120.0K Heap: 331.0M(1024.0M)->286.3M(1024.0M)]
 [Times: user=0.06 sys=0.00, real=0.06 secs] 
2016-12-19T23:39:03.003+0100: 20977.474: [GC pause (G1 Evacuation Pause) (young), 0.0247094 secs]
   [Parallel Time: 24.2 ms, GC Workers: 1]
      [GC Worker Start (ms):  20977474.0]
      [Ext Root Scanning (ms):  1.0]
      [Update RS (ms):  4.2]
         [Processed Buffers:  32]
      [Scan RS (ms):  4.2]
      [Code Root Scanning (ms):  0.0]
      [Object Copy (ms):  14.8]
      [Termination (ms):  0.0]
         [Termination Attempts:  1]
      [GC Worker Other (ms):  0.0]
      [GC Worker Total (ms):  24.2]
      [GC Worker End (ms):  20977498.2]
   [Code Root Fixup: 0.0 ms]
   [Code Root Purge: 0.0 ms]
   [Clear CT: 0.0 ms]
   [Other: 0.4 ms]
      [Choose CSet: 0.0 ms]
      [Ref Proc: 0.0 ms]
      [Ref Enq: 0.0 ms]
      [Redirty Cards: 0.0 ms]
      [Humongous Register: 0.1 ms]
      [Humongous Reclaim: 0.0 ms]
      [Free CSet: 0.1 ms]
   [Eden: 46.0M(46.0M)->0.0B(46.0M) Survivors: 5120.0K->5120.0K Heap: 332.3M(1024.0M)->288.0M(1024.0M)]
 [Times: user=0.02 sys=0.00, real=0.02 secs] 
2016-12-19T23:39:31.478+0100: 21005.948: [GC pause (G1 Evacuation Pause) (young), 0.0237524 secs]
   [Parallel Time: 23.2 ms, GC Workers: 1]
      [GC Worker Start (ms):  21005948.6]
      [Ext Root Scanning (ms):  1.4]
      [Update RS (ms):  4.3]
         [Processed Buffers:  33]
      [Scan RS (ms):  5.0]
      [Code Root Scanning (ms):  0.0]
      [Object Copy (ms):  12.5]
      [Termination (ms):  0.0]
         [Termination Attempts:  1]
      [GC Worker Other (ms):  0.0]
      [GC Worker Total (ms):  23.2]
      [GC Worker End (ms):  21005971.8]
   [Code Root Fixup: 0.0 ms]
   [Code Root Purge: 0.0 ms]
   [Clear CT: 0.0 ms]
   [Other: 0.4 ms]
      [Choose CSet: 0.0 ms]
      [Ref Proc: 0.0 ms]
      [Ref Enq: 0.0 ms]
      [Redirty Cards: 0.0 ms]
      [Humongous Register: 0.1 ms]
      [Humongous Reclaim: 0.0 ms]
      [Free CSet: 0.1 ms]
   [Eden: 46.0M(46.0M)->0.0B(47.0M) Survivors: 5120.0K->4096.0K Heap: 334.0M(1024.0M)->288.5M(1024.0M)]
 [Times: user=0.02 sys=0.00, real=0.02 secs] 
2016-12-19T23:40:00.401+0100: 21034.871: [GC pause (G1 Evacuation Pause) (young), 0.0217578 secs]
   [Parallel Time: 21.2 ms, GC Workers: 1]
      [GC Worker Start (ms):  21034871.4]
      [Ext Root Scanning (ms):  1.9]
      [Update RS (ms):  3.0]
         [Processed Buffers:  31]
      [Scan RS (ms):  4.7]
      [Code Root Scanning (ms):  0.0]
      [Object Copy (ms):  11.5]
      [Termination (ms):  0.0]
         [Termination Attempts:  1]
      [GC Worker Other (ms):  0.0]
      [GC Worker Total (ms):  21.1]
      [GC Worker End (ms):  21034892.5]
   [Code Root Fixup: 0.0 ms]
   [Code Root Purge: 0.0 ms]
   [Clear CT: 0.1 ms]
   [Other: 0.5 ms]
      [Choose CSet: 0.0 ms]
      [Ref Proc: 0.0 ms]
      [Ref Enq: 0.0 ms]
      [Redirty Cards: 0.1 ms]
      [Humongous Register: 0.0 ms]
      [Humongous Reclaim: 0.0 ms]
      [Free CSet: 0.1 ms]
   [Eden: 47.0M(47.0M)->0.0B(47.0M) Survivors: 4096.0K->4096.0K Heap: 335.5M(1024.0M)->288.5M(1024.0M)]
 [Times: user=0.02 sys=0.00, real=0.03 secs] 
2016-12-19T23:40:30.607+0100: 21065.078: [GC pause (G1 Evacuation Pause) (young), 0.0196738 secs]
   [Parallel Time: 19.1 ms, GC Workers: 1]
      [GC Worker Start (ms):  21065077.9]
      [Ext Root Scanning (ms):  1.0]
      [Update RS (ms):  3.0]
         [Processed Buffers:  30]
      [Scan RS (ms):  3.3]
      [Code Root Scanning (ms):  0.0]
      [Object Copy (ms):  11.8]
      [Termination (ms):  0.0]
         [Termination Attempts:  1]
      [GC Worker Other (ms):  0.0]
      [GC Worker Total (ms):  19.1]
      [GC Worker End (ms):  21065097.0]
   [Code Root Fixup: 0.1 ms]
   [Code Root Purge: 0.0 ms]
   [Clear CT: 0.1 ms]
   [Other: 0.4 ms]
      [Choose CSet: 0.0 ms]
      [Ref Proc: 0.1 ms]
      [Ref Enq: 0.0 ms]
      [Redirty Cards: 0.0 ms]
      [Humongous Register: 0.0 ms]
      [Humongous Reclaim: 0.0 ms]
      [Free CSet: 0.1 ms]
   [Eden: 47.0M(47.0M)->0.0B(45.0M) Survivors: 4096.0K->6144.0K Heap: 335.5M(1024.0M)->290.0M(1024.0M)]
 [Times: user=0.02 sys=0.00, real=0.02 secs] 
2016-12-19T23:41:00.481+0100: 21094.951: [GC pause (G1 Evacuation Pause) (young), 0.0192795 secs]
   [Parallel Time: 18.8 ms, GC Workers: 1]
      [GC Worker Start (ms):  21094951.2]
      [Ext Root Scanning (ms):  1.1]
      [Update RS (ms):  2.3]
         [Processed Buffers:  30]
      [Scan RS (ms):  3.1]
      [Code Root Scanning (ms):  0.0]
      [Object Copy (ms):  12.2]
      [Termination (ms):  0.0]
         [Termination Attempts:  1]
      [GC Worker Other (ms):  0.0]
      [GC Worker Total (ms):  18.8]
      [GC Worker End (ms):  21094970.0]
   [Code Root Fixup: 0.0 ms]
   [Code Root Purge: 0.0 ms]
   [Clear CT: 0.0 ms]
   [Other: 0.4 ms]
      [Choose CSet: 0.0 ms]
      [Ref Proc: 0.0 ms]
      [Ref Enq: 0.0 ms]
      [Redirty Cards: 0.0 ms]
      [Humongous Register: 0.0 ms]
      [Humongous Reclaim: 0.0 ms]
      [Free CSet: 0.0 ms]
   [Eden: 45.0M(45.0M)->0.0B(46.0M) Survivors: 6144.0K->5120.0K Heap: 335.0M(1024.0M)->290.4M(1024.0M)]
 [Times: user=0.02 sys=0.01, real=0.02 secs] 
2016-12-19T23:41:28.452+0100: 21122.923: [GC pause (G1 Evacuation Pause) (young), 0.0260077 secs]
   [Parallel Time: 25.5 ms, GC Workers: 1]
      [GC Worker Start (ms):  21122923.4]
      [Ext Root Scanning (ms):  1.5]
      [Update RS (ms):  4.8]
         [Processed Buffers:  32]
      [Scan RS (ms):  3.7]
      [Code Root Scanning (ms):  0.0]
      [Object Copy (ms):  14.9]
      [Termination (ms):  0.0]
         [Termination Attempts:  1]
      [GC Worker Other (ms):  0.0]
      [GC Worker Total (ms):  24.8]
      [GC Worker End (ms):  21122948.2]
   [Code Root Fixup: 0.0 ms]
   [Code Root Purge: 0.0 ms]
   [Clear CT: 0.0 ms]
   [Other: 0.4 ms]
      [Choose CSet: 0.0 ms]
      [Ref Proc: 0.0 ms]
      [Ref Enq: 0.0 ms]
      [Redirty Cards: 0.0 ms]
      [Humongous Register: 0.0 ms]
      [Humongous Reclaim: 0.0 ms]
      [Free CSet: 0.1 ms]
   [Eden: 46.0M(46.0M)->0.0B(46.0M) Survivors: 5120.0K->5120.0K Heap: 336.4M(1024.0M)->292.0M(1024.0M)]
 [Times: user=0.03 sys=0.00, real=0.02 secs] 
2016-12-19T23:41:56.660+0100: 21151.130: [GC pause (G1 Evacuation Pause) (young), 0.0283920 secs]
   [Parallel Time: 27.8 ms, GC Workers: 1]
      [GC Worker Start (ms):  21151130.4]
      [Ext Root Scanning (ms):  1.9]
      [Update RS (ms):  4.2]
         [Processed Buffers:  36]
      [Scan RS (ms):  6.1]
      [Code Root Scanning (ms):  0.0]
      [Object Copy (ms):  15.4]
      [Termination (ms):  0.0]
         [Termination Attempts:  1]
      [GC Worker Other (ms):  0.1]
      [GC Worker Total (ms):  27.8]
      [GC Worker End (ms):  21151158.2]
   [Code Root Fixup: 0.0 ms]
   [Code Root Purge: 0.0 ms]
   [Clear CT: 0.0 ms]
   [Other: 0.5 ms]
      [Choose CSet: 0.0 ms]
      [Ref Proc: 0.0 ms]
      [Ref Enq: 0.0 ms]
      [Redirty Cards: 0.0 ms]
      [Humongous Register: 0.1 ms]
      [Humongous Reclaim: 0.0 ms]
      [Free CSet: 0.1 ms]
   [Eden: 46.0M(46.0M)->0.0B(47.0M) Survivors: 5120.0K->4096.0K Heap: 338.0M(1024.0M)->292.5M(1024.0M)]
 [Times: user=0.03 sys=0.00, real=0.03 secs] 
2016-12-19T23:42:29.451+0100: 21183.922: [GC pause (G1 Evacuation Pause) (young), 0.0419113 secs]
   [Parallel Time: 41.3 ms, GC Workers: 1]
      [GC Worker Start (ms):  21183922.0]
      [Ext Root Scanning (ms):  1.3]
      [Update RS (ms):  2.5]
         [Processed Buffers:  35]
      [Scan RS (ms):  14.6]
      [Code Root Scanning (ms):  0.0]
      [Object Copy (ms):  22.9]
      [Termination (ms):  0.0]
         [Termination Attempts:  1]
      [GC Worker Other (ms):  0.0]
      [GC Worker Total (ms):  41.3]
      [GC Worker End (ms):  21183963.3]
   [Code Root Fixup: 0.0 ms]
   [Code Root Purge: 0.0 ms]
   [Clear CT: 0.1 ms]
   [Other: 0.5 ms]
      [Choose CSet: 0.0 ms]
      [Ref Proc: 0.0 ms]
      [Ref Enq: 0.0 ms]
      [Redirty Cards: 0.0 ms]
      [Humongous Register: 0.0 ms]
      [Humongous Reclaim: 0.1 ms]
      [Free CSet: 0.1 ms]
   [Eden: 47.0M(47.0M)->0.0B(47.0M) Survivors: 4096.0K->4096.0K Heap: 339.5M(1024.0M)->292.5M(1024.0M)]
 [Times: user=0.04 sys=0.00, real=0.04 secs] 
2016-12-19T23:43:00.179+0100: 21214.649: [GC pause (G1 Evacuation Pause) (young), 0.0229937 secs]
   [Parallel Time: 22.5 ms, GC Workers: 1]
      [GC Worker Start (ms):  21214649.5]
      [Ext Root Scanning (ms):  0.9]
      [Update RS (ms):  2.3]
         [Processed Buffers:  33]
      [Scan RS (ms):  3.8]
      [Code Root Scanning (ms):  0.0]
      [Object Copy (ms):  15.5]
      [Termination (ms):  0.0]
         [Termination Attempts:  1]
      [GC Worker Other (ms):  0.0]
      [GC Worker Total (ms):  22.5]
      [GC Worker End (ms):  21214671.9]
   [Code Root Fixup: 0.0 ms]
   [Code Root Purge: 0.0 ms]
   [Clear CT: 0.0 ms]
   [Other: 0.4 ms]
      [Choose CSet: 0.0 ms]
      [Ref Proc: 0.0 ms]
      [Ref Enq: 0.0 ms]
      [Redirty Cards: 0.0 ms]
      [Humongous Register: 0.0 ms]
      [Humongous Reclaim: 0.0 ms]
      [Free CSet: 0.1 ms]
   [Eden: 47.0M(47.0M)->0.0B(45.0M) Survivors: 4096.0K->6144.0K Heap: 339.5M(1024.0M)->294.0M(1024.0M)]
 [Times: user=0.02 sys=0.00, real=0.02 secs] 
2016-12-19T23:43:27.747+0100: 21242.217: [GC pause (G1 Evacuation Pause) (young), 0.0278216 secs]
   [Parallel Time: 27.2 ms, GC Workers: 1]
      [GC Worker Start (ms):  21242217.3]
      [Ext Root Scanning (ms):  1.8]
      [Update RS (ms):  5.3]
         [Processed Buffers:  31]
      [Scan RS (ms):  3.5]
      [Code Root Scanning (ms):  0.0]
      [Object Copy (ms):  16.5]
      [Termination (ms):  0.0]
         [Termination Attempts:  1]
      [GC Worker Other (ms):  0.0]
      [GC Worker Total (ms):  27.1]
      [GC Worker End (ms):  21242244.4]
   [Code Root Fixup: 0.1 ms]
   [Code Root Purge: 0.0 ms]
   [Clear CT: 0.0 ms]
   [Other: 0.4 ms]
      [Choose CSet: 0.0 ms]
      [Ref Proc: 0.0 ms]
      [Ref Enq: 0.0 ms]
      [Redirty Cards: 0.1 ms]
      [Humongous Register: 0.1 ms]
      [Humongous Reclaim: 0.0 ms]
      [Free CSet: 0.0 ms]
   [Eden: 45.0M(45.0M)->0.0B(47.0M) Survivors: 6144.0K->4096.0K Heap: 339.0M(1024.0M)->294.6M(1024.0M)]
 [Times: user=0.03 sys=0.00, real=0.03 secs] 
2016-12-19T23:43:56.039+0100: 21270.510: [GC pause (G1 Evacuation Pause) (young), 0.0243003 secs]
   [Parallel Time: 23.6 ms, GC Workers: 1]
      [GC Worker Start (ms):  21270509.8]
      [Ext Root Scanning (ms):  1.3]
      [Update RS (ms):  3.0]
         [Processed Buffers:  34]
      [Scan RS (ms):  3.9]
      [Code Root Scanning (ms):  0.0]
      [Object Copy (ms):  15.4]
      [Termination (ms):  0.0]
         [Termination Attempts:  1]
      [GC Worker Other (ms):  0.0]
      [GC Worker Total (ms):  23.6]
      [GC Worker End (ms):  21270533.4]
   [Code Root Fixup: 0.1 ms]
   [Code Root Purge: 0.0 ms]
   [Clear CT: 0.1 ms]
   [Other: 0.4 ms]
      [Choose CSet: 0.0 ms]
      [Ref Proc: 0.0 ms]
      [Ref Enq: 0.0 ms]
      [Redirty Cards: 0.0 ms]
      [Humongous Register: 0.0 ms]
      [Humongous Reclaim: 0.0 ms]
      [Free CSet: 0.1 ms]
   [Eden: 47.0M(47.0M)->0.0B(46.0M) Survivors: 4096.0K->5120.0K Heap: 341.6M(1024.0M)->295.6M(1024.0M)]
 [Times: user=0.03 sys=0.00, real=0.03 secs] 
2016-12-19T23:44:22.234+0100: 21296.704: [GC pause (G1 Evacuation Pause) (young), 0.0276852 secs]
   [Parallel Time: 27.0 ms, GC Workers: 1]
      [GC Worker Start (ms):  21296704.5]
      [Ext Root Scanning (ms):  1.4]
      [Update RS (ms):  4.2]
         [Processed Buffers:  33]
      [Scan RS (ms):  4.1]
      [Code Root Scanning (ms):  0.0]
      [Object Copy (ms):  17.3]
      [Termination (ms):  0.0]
         [Termination Attempts:  1]
      [GC Worker Other (ms):  0.0]
      [GC Worker Total (ms):  27.0]
      [GC Worker End (ms):  21296731.5]
   [Code Root Fixup: 0.1 ms]
   [Code Root Purge: 0.0 ms]
   [Clear CT: 0.0 ms]
   [Other: 0.5 ms]
      [Choose CSet: 0.0 ms]
      [Ref Proc: 0.1 ms]
      [Ref Enq: 0.0 ms]
      [Redirty Cards: 0.0 ms]
      [Humongous Register: 0.1 ms]
      [Humongous Reclaim: 0.0 ms]
      [Free CSet: 0.1 ms]
   [Eden: 46.0M(46.0M)->0.0B(47.0M) Survivors: 5120.0K->4096.0K Heap: 341.6M(1024.0M)->296.4M(1024.0M)]
 [Times: user=0.02 sys=0.00, real=0.02 secs] 
2016-12-19T23:44:50.309+0100: 21324.780: [GC pause (G1 Evacuation Pause) (young), 0.0352760 secs]
   [Parallel Time: 34.7 ms, GC Workers: 1]
      [GC Worker Start (ms):  21324779.8]
      [Ext Root Scanning (ms):  1.3]
      [Update RS (ms):  3.2]
         [Processed Buffers:  31]
      [Scan RS (ms):  5.8]
      [Code Root Scanning (ms):  0.0]
      [Object Copy (ms):  24.2]
      [Termination (ms):  0.0]
         [Termination Attempts:  1]
      [GC Worker Other (ms):  0.0]
      [GC Worker Total (ms):  34.6]
      [GC Worker End (ms):  21324814.5]
   [Code Root Fixup: 0.0 ms]
   [Code Root Purge: 0.0 ms]
   [Clear CT: 0.0 ms]
   [Other: 0.5 ms]
      [Choose CSet: 0.0 ms]
      [Ref Proc: 0.0 ms]
      [Ref Enq: 0.0 ms]
      [Redirty Cards: 0.0 ms]
      [Humongous Register: 0.1 ms]
      [Humongous Reclaim: 0.0 ms]
      [Free CSet: 0.1 ms]
   [Eden: 47.0M(47.0M)->0.0B(46.0M) Survivors: 4096.0K->5120.0K Heap: 343.4M(1024.0M)->296.9M(1024.0M)]
 [Times: user=0.04 sys=0.00, real=0.04 secs] 
2016-12-19T23:45:19.013+0100: 21353.484: [GC pause (G1 Evacuation Pause) (young), 0.0712805 secs]
   [Parallel Time: 66.9 ms, GC Workers: 1]
      [GC Worker Start (ms):  21353484.0]
      [Ext Root Scanning (ms):  2.0]
      [Update RS (ms):  6.8]
         [Processed Buffers:  33]
      [Scan RS (ms):  6.9]
      [Code Root Scanning (ms):  0.0]
      [Object Copy (ms):  48.7]
      [Termination (ms):  0.0]
         [Termination Attempts:  1]
      [GC Worker Other (ms):  0.0]
      [GC Worker Total (ms):  64.6]
      [GC Worker End (ms):  21353548.6]
   [Code Root Fixup: 2.3 ms]
   [Code Root Purge: 0.0 ms]
   [Clear CT: 0.1 ms]
   [Other: 2.0 ms]
      [Choose CSet: 0.0 ms]
      [Ref Proc: 0.3 ms]
      [Ref Enq: 0.0 ms]
      [Redirty Cards: 0.1 ms]
      [Humongous Register: 0.1 ms]
      [Humongous Reclaim: 0.1 ms]
      [Free CSet: 0.1 ms]
   [Eden: 46.0M(46.0M)->0.0B(46.0M) Survivors: 5120.0K->5120.0K Heap: 342.9M(1024.0M)->298.3M(1024.0M)]
 [Times: user=0.07 sys=0.00, real=0.07 secs] 
2016-12-19T23:45:46.422+0100: 21380.893: [GC pause (G1 Evacuation Pause) (young), 0.0211684 secs]
   [Parallel Time: 19.9 ms, GC Workers: 1]
      [GC Worker Start (ms):  21380893.5]
      [Ext Root Scanning (ms):  1.3]
      [Update RS (ms):  2.6]
         [Processed Buffers:  32]
      [Scan RS (ms):  3.5]
      [Code Root Scanning (ms):  0.0]
      [Object Copy (ms):  12.4]
      [Termination (ms):  0.0]
         [Termination Attempts:  1]
      [GC Worker Other (ms):  0.0]
      [GC Worker Total (ms):  19.9]
      [GC Worker End (ms):  21380913.4]
   [Code Root Fixup: 0.0 ms]
   [Code Root Purge: 0.0 ms]
   [Clear CT: 0.1 ms]
   [Other: 1.1 ms]
      [Choose CSet: 0.0 ms]
      [Ref Proc: 0.0 ms]
      [Ref Enq: 0.0 ms]
      [Redirty Cards: 0.0 ms]
      [Humongous Register: 0.8 ms]
      [Humongous Reclaim: 0.0 ms]
      [Free CSet: 0.1 ms]
   [Eden: 46.0M(46.0M)->0.0B(47.0M) Survivors: 5120.0K->4096.0K Heap: 344.3M(1024.0M)->299.0M(1024.0M)]
 [Times: user=0.02 sys=0.00, real=0.03 secs] 
2016-12-19T23:46:14.642+0100: 21409.112: [GC pause (G1 Evacuation Pause) (young), 0.0158814 secs]
   [Parallel Time: 15.1 ms, GC Workers: 1]
      [GC Worker Start (ms):  21409112.6]
      [Ext Root Scanning (ms):  0.9]
      [Update RS (ms):  2.0]
         [Processed Buffers:  33]
      [Scan RS (ms):  3.6]
      [Code Root Scanning (ms):  0.0]
      [Object Copy (ms):  8.5]
      [Termination (ms):  0.0]
         [Termination Attempts:  1]
      [GC Worker Other (ms):  0.0]
      [GC Worker Total (ms):  15.1]
      [GC Worker End (ms):  21409127.6]
   [Code Root Fixup: 0.0 ms]
   [Code Root Purge: 0.0 ms]
   [Clear CT: 0.0 ms]
   [Other: 0.7 ms]
      [Choose CSet: 0.0 ms]
      [Ref Proc: 0.0 ms]
      [Ref Enq: 0.0 ms]
      [Redirty Cards: 0.0 ms]
      [Humongous Register: 0.0 ms]
      [Humongous Reclaim: 0.3 ms]
      [Free CSet: 0.1 ms]
   [Eden: 47.0M(47.0M)->0.0B(47.0M) Survivors: 4096.0K->4096.0K Heap: 346.0M(1024.0M)->299.0M(1024.0M)]
 [Times: user=0.01 sys=0.00, real=0.02 secs] 
2016-12-19T23:46:43.468+0100: 21437.939: [GC pause (G1 Evacuation Pause) (young), 0.0201916 secs]
   [Parallel Time: 19.8 ms, GC Workers: 1]
      [GC Worker Start (ms):  21437939.1]
      [Ext Root Scanning (ms):  0.9]
      [Update RS (ms):  2.3]
         [Processed Buffers:  32]
      [Scan RS (ms):  3.1]
      [Code Root Scanning (ms):  0.0]
      [Object Copy (ms):  13.5]
      [Termination (ms):  0.0]
         [Termination Attempts:  1]
      [GC Worker Other (ms):  0.0]
      [GC Worker Total (ms):  19.8]
      [GC Worker End (ms):  21437958.9]
   [Code Root Fixup: 0.0 ms]
   [Code Root Purge: 0.0 ms]
   [Clear CT: 0.0 ms]
   [Other: 0.3 ms]
      [Choose CSet: 0.0 ms]
      [Ref Proc: 0.0 ms]
      [Ref Enq: 0.0 ms]
      [Redirty Cards: 0.0 ms]
      [Humongous Register: 0.0 ms]
      [Humongous Reclaim: 0.0 ms]
      [Free CSet: 0.0 ms]
   [Eden: 47.0M(47.0M)->0.0B(45.0M) Survivors: 4096.0K->6144.0K Heap: 346.0M(1024.0M)->300.5M(1024.0M)]
 [Times: user=0.02 sys=0.00, real=0.02 secs] 
2016-12-19T23:47:12.612+0100: 21467.082: [GC pause (G1 Evacuation Pause) (young), 0.0476689 secs]
   [Parallel Time: 47.0 ms, GC Workers: 1]
      [GC Worker Start (ms):  21467082.5]
      [Ext Root Scanning (ms):  3.5]
      [Update RS (ms):  10.5]
         [Processed Buffers:  34]
      [Scan RS (ms):  4.9]
      [Code Root Scanning (ms):  0.0]
      [Object Copy (ms):  28.0]
      [Termination (ms):  0.0]
         [Termination Attempts:  1]
      [GC Worker Other (ms):  0.0]
      [GC Worker Total (ms):  47.0]
      [GC Worker End (ms):  21467129.5]
   [Code Root Fixup: 0.1 ms]
   [Code Root Purge: 0.0 ms]
   [Clear CT: 0.1 ms]
   [Other: 0.5 ms]
      [Choose CSet: 0.0 ms]
      [Ref Proc: 0.1 ms]
      [Ref Enq: 0.0 ms]
      [Redirty Cards: 0.0 ms]
      [Humongous Register: 0.1 ms]
      [Humongous Reclaim: 0.0 ms]
      [Free CSet: 0.1 ms]
   [Eden: 45.0M(45.0M)->0.0B(46.0M) Survivors: 6144.0K->5120.0K Heap: 345.5M(1024.0M)->300.8M(1024.0M)]
 [Times: user=0.04 sys=0.00, real=0.04 secs] 
2016-12-19T23:47:40.183+0100: 21494.653: [GC pause (G1 Evacuation Pause) (young), 0.0252323 secs]
   [Parallel Time: 24.5 ms, GC Workers: 1]
      [GC Worker Start (ms):  21494654.3]
      [Ext Root Scanning (ms):  1.4]
      [Update RS (ms):  4.8]
         [Processed Buffers:  31]
      [Scan RS (ms):  3.4]
      [Code Root Scanning (ms):  0.0]
      [Object Copy (ms):  14.2]
      [Termination (ms):  0.0]
         [Termination Attempts:  1]
      [GC Worker Other (ms):  0.0]
      [GC Worker Total (ms):  23.9]
      [GC Worker End (ms):  21494678.1]
   [Code Root Fixup: 0.0 ms]
   [Code Root Purge: 0.0 ms]
   [Clear CT: 0.0 ms]
   [Other: 0.7 ms]
      [Choose CSet: 0.0 ms]
      [Ref Proc: 0.0 ms]
      [Ref Enq: 0.0 ms]
      [Redirty Cards: 0.0 ms]
      [Humongous Register: 0.1 ms]
      [Humongous Reclaim: 0.0 ms]
      [Free CSet: 0.0 ms]
   [Eden: 46.0M(46.0M)->0.0B(46.0M) Survivors: 5120.0K->5120.0K Heap: 346.8M(1024.0M)->302.5M(1024.0M)]
 [Times: user=0.03 sys=0.00, real=0.02 secs] 
2016-12-19T23:48:07.546+0100: 21522.016: [GC pause (G1 Evacuation Pause) (young), 0.0197844 secs]
   [Parallel Time: 19.3 ms, GC Workers: 1]
      [GC Worker Start (ms):  21522016.6]
      [Ext Root Scanning (ms):  0.9]
      [Update RS (ms):  1.8]
         [Processed Buffers:  33]
      [Scan RS (ms):  4.1]
      [Code Root Scanning (ms):  0.0]
      [Object Copy (ms):  12.5]
      [Termination (ms):  0.0]
         [Termination Attempts:  1]
      [GC Worker Other (ms):  0.0]
      [GC Worker Total (ms):  19.3]
      [GC Worker End (ms):  21522035.9]
   [Code Root Fixup: 0.0 ms]
   [Code Root Purge: 0.0 ms]
   [Clear CT: 0.0 ms]
   [Other: 0.4 ms]
      [Choose CSet: 0.0 ms]
      [Ref Proc: 0.0 ms]
      [Ref Enq: 0.0 ms]
      [Redirty Cards: 0.0 ms]
      [Humongous Register: 0.0 ms]
      [Humongous Reclaim: 0.0 ms]
      [Free CSet: 0.1 ms]
   [Eden: 46.0M(46.0M)->0.0B(47.0M) Survivors: 5120.0K->4096.0K Heap: 348.5M(1024.0M)->303.0M(1024.0M)]
 [Times: user=0.02 sys=0.00, real=0.02 secs] 
2016-12-19T23:48:35.572+0100: 21550.042: [GC pause (G1 Evacuation Pause) (young), 0.0265340 secs]
   [Parallel Time: 25.8 ms, GC Workers: 1]
      [GC Worker Start (ms):  21550042.8]
      [Ext Root Scanning (ms):  1.9]
      [Update RS (ms):  4.3]
         [Processed Buffers:  33]
      [Scan RS (ms):  5.2]
      [Code Root Scanning (ms):  0.0]
      [Object Copy (ms):  14.2]
      [Termination (ms):  0.0]
         [Termination Attempts:  1]
      [GC Worker Other (ms):  0.0]
      [GC Worker Total (ms):  25.7]
      [GC Worker End (ms):  21550068.4]
   [Code Root Fixup: 0.1 ms]
   [Code Root Purge: 0.0 ms]
   [Clear CT: 0.1 ms]
   [Other: 0.6 ms]
      [Choose CSet: 0.0 ms]
      [Ref Proc: 0.0 ms]
      [Ref Enq: 0.0 ms]
      [Redirty Cards: 0.0 ms]
      [Humongous Register: 0.2 ms]
      [Humongous Reclaim: 0.0 ms]
      [Free CSet: 0.1 ms]
   [Eden: 47.0M(47.0M)->0.0B(47.0M) Survivors: 4096.0K->4096.0K Heap: 350.0M(1024.0M)->303.0M(1024.0M)]
 [Times: user=0.03 sys=0.00, real=0.02 secs] 
2016-12-19T23:49:03.694+0100: 21578.164: [GC pause (G1 Evacuation Pause) (young), 0.0197422 secs]
   [Parallel Time: 19.3 ms, GC Workers: 1]
      [GC Worker Start (ms):  21578164.6]
      [Ext Root Scanning (ms):  1.1]
      [Update RS (ms):  2.7]
         [Processed Buffers:  32]
      [Scan RS (ms):  3.3]
      [Code Root Scanning (ms):  0.0]
      [Object Copy (ms):  12.2]
      [Termination (ms):  0.0]
         [Termination Attempts:  1]
      [GC Worker Other (ms):  0.0]
      [GC Worker Total (ms):  19.3]
      [GC Worker End (ms):  21578183.9]
   [Code Root Fixup: 0.1 ms]
   [Code Root Purge: 0.0 ms]
   [Clear CT: 0.0 ms]
   [Other: 0.3 ms]
      [Choose CSet: 0.0 ms]
      [Ref Proc: 0.0 ms]
      [Ref Enq: 0.0 ms]
      [Redirty Cards: 0.0 ms]
      [Humongous Register: 0.0 ms]
      [Humongous Reclaim: 0.0 ms]
      [Free CSet: 0.0 ms]
   [Eden: 47.0M(47.0M)->0.0B(45.0M) Survivors: 4096.0K->6144.0K Heap: 350.0M(1024.0M)->304.5M(1024.0M)]
 [Times: user=0.02 sys=0.00, real=0.02 secs] 
2016-12-19T23:49:30.009+0100: 21604.480: [GC pause (G1 Evacuation Pause) (young), 0.0234900 secs]
   [Parallel Time: 22.9 ms, GC Workers: 1]
      [GC Worker Start (ms):  21604479.9]
      [Ext Root Scanning (ms):  1.4]
      [Update RS (ms):  4.7]
         [Processed Buffers:  33]
      [Scan RS (ms):  3.2]
      [Code Root Scanning (ms):  0.0]
      [Object Copy (ms):  13.5]
      [Termination (ms):  0.0]
         [Termination Attempts:  1]
      [GC Worker Other (ms):  0.0]
      [GC Worker Total (ms):  22.9]
      [GC Worker End (ms):  21604502.7]
   [Code Root Fixup: 0.1 ms]
   [Code Root Purge: 0.0 ms]
   [Clear CT: 0.0 ms]
   [Other: 0.4 ms]
      [Choose CSet: 0.0 ms]
      [Ref Proc: 0.1 ms]
      [Ref Enq: 0.0 ms]
      [Redirty Cards: 0.0 ms]
      [Humongous Register: 0.1 ms]
      [Humongous Reclaim: 0.0 ms]
      [Free CSet: 0.0 ms]
   [Eden: 45.0M(45.0M)->0.0B(46.0M) Survivors: 6144.0K->5120.0K Heap: 349.5M(1024.0M)->304.8M(1024.0M)]
 [Times: user=0.03 sys=0.00, real=0.03 secs] 
2016-12-19T23:49:58.464+0100: 21632.934: [GC pause (G1 Evacuation Pause) (young), 0.0266983 secs]
   [Parallel Time: 26.2 ms, GC Workers: 1]
      [GC Worker Start (ms):  21632934.6]
      [Ext Root Scanning (ms):  0.8]
      [Update RS (ms):  2.4]
         [Processed Buffers:  35]
      [Scan RS (ms):  3.3]
      [Code Root Scanning (ms):  0.0]
      [Object Copy (ms):  19.7]
      [Termination (ms):  0.0]
         [Termination Attempts:  1]
      [GC Worker Other (ms):  0.0]
      [GC Worker Total (ms):  26.2]
      [GC Worker End (ms):  21632960.8]
   [Code Root Fixup: 0.0 ms]
   [Code Root Purge: 0.0 ms]
   [Clear CT: 0.0 ms]
   [Other: 0.4 ms]
      [Choose CSet: 0.0 ms]
      [Ref Proc: 0.0 ms]
      [Ref Enq: 0.0 ms]
      [Redirty Cards: 0.0 ms]
      [Humongous Register: 0.0 ms]
      [Humongous Reclaim: 0.0 ms]
      [Free CSet: 0.1 ms]
   [Eden: 46.0M(46.0M)->0.0B(45.0M) Survivors: 5120.0K->6144.0K Heap: 350.8M(1024.0M)->307.5M(1024.0M)]
 [Times: user=0.03 sys=0.00, real=0.02 secs] 
2016-12-19T23:50:26.697+0100: 21661.168: [GC pause (G1 Evacuation Pause) (young), 0.0190140 secs]
   [Parallel Time: 18.6 ms, GC Workers: 1]
      [GC Worker Start (ms):  21661167.7]
      [Ext Root Scanning (ms):  0.9]
      [Update RS (ms):  2.2]
         [Processed Buffers:  31]
      [Scan RS (ms):  3.4]
      [Code Root Scanning (ms):  0.0]
      [Object Copy (ms):  12.0]
      [Termination (ms):  0.0]
         [Termination Attempts:  1]
      [GC Worker Other (ms):  0.0]
      [GC Worker Total (ms):  18.6]
      [GC Worker End (ms):  21661186.2]
   [Code Root Fixup: 0.0 ms]
   [Code Root Purge: 0.0 ms]
   [Clear CT: 0.0 ms]
   [Other: 0.4 ms]
      [Choose CSet: 0.0 ms]
      [Ref Proc: 0.0 ms]
      [Ref Enq: 0.0 ms]
      [Redirty Cards: 0.0 ms]
      [Humongous Register: 0.0 ms]
      [Humongous Reclaim: 0.0 ms]
      [Free CSet: 0.0 ms]
   [Eden: 45.0M(45.0M)->0.0B(47.0M) Survivors: 6144.0K->4096.0K Heap: 352.5M(1024.0M)->307.0M(1024.0M)]
 [Times: user=0.02 sys=0.00, real=0.02 secs] 
2016-12-19T23:50:54.831+0100: 21689.301: [GC pause (G1 Evacuation Pause) (young), 0.0233325 secs]
   [Parallel Time: 22.3 ms, GC Workers: 1]
      [GC Worker Start (ms):  21689301.7]
      [Ext Root Scanning (ms):  1.5]
      [Update RS (ms):  4.6]
         [Processed Buffers:  34]
      [Scan RS (ms):  4.5]
      [Code Root Scanning (ms):  0.0]
      [Object Copy (ms):  11.6]
      [Termination (ms):  0.0]
         [Termination Attempts:  1]
      [GC Worker Other (ms):  0.1]
      [GC Worker Total (ms):  22.2]
      [GC Worker End (ms):  21689323.9]
   [Code Root Fixup: 0.1 ms]
   [Code Root Purge: 0.0 ms]
   [Clear CT: 0.1 ms]
   [Other: 0.9 ms]
      [Choose CSet: 0.0 ms]
      [Ref Proc: 0.1 ms]
      [Ref Enq: 0.0 ms]
      [Redirty Cards: 0.0 ms]
      [Humongous Register: 0.0 ms]
      [Humongous Reclaim: 0.0 ms]
      [Free CSet: 0.1 ms]
   [Eden: 47.0M(47.0M)->0.0B(47.0M) Survivors: 4096.0K->4096.0K Heap: 354.0M(1024.0M)->307.0M(1024.0M)]
 [Times: user=0.02 sys=0.00, real=0.03 secs] 
2016-12-19T23:51:23.106+0100: 21717.577: [GC pause (G1 Evacuation Pause) (young), 0.1190994 secs]
   [Parallel Time: 118.3 ms, GC Workers: 1]
      [GC Worker Start (ms):  21717576.9]
      [Ext Root Scanning (ms):  1.4]
      [Update RS (ms):  14.2]
         [Processed Buffers:  32]
      [Scan RS (ms):  14.4]
      [Code Root Scanning (ms):  0.0]
      [Object Copy (ms):  88.1]
      [Termination (ms):  0.0]
         [Termination Attempts:  1]
      [GC Worker Other (ms):  0.0]
      [GC Worker Total (ms):  118.2]
      [GC Worker End (ms):  21717695.1]
   [Code Root Fixup: 0.1 ms]
   [Code Root Purge: 0.0 ms]
   [Clear CT: 0.0 ms]
   [Other: 0.7 ms]
      [Choose CSet: 0.0 ms]
      [Ref Proc: 0.1 ms]
      [Ref Enq: 0.0 ms]
      [Redirty Cards: 0.0 ms]
      [Humongous Register: 0.2 ms]
      [Humongous Reclaim: 0.0 ms]
      [Free CSet: 0.1 ms]
   [Eden: 47.0M(47.0M)->0.0B(46.0M) Survivors: 4096.0K->5120.0K Heap: 354.0M(1024.0M)->308.0M(1024.0M)]
 [Times: user=0.11 sys=0.01, real=0.12 secs] 
2016-12-19T23:51:52.618+0100: 21747.088: [GC pause (G1 Evacuation Pause) (young), 0.0623001 secs]
   [Parallel Time: 61.6 ms, GC Workers: 1]
      [GC Worker Start (ms):  21747088.7]
      [Ext Root Scanning (ms):  3.8]
      [Update RS (ms):  4.5]
         [Processed Buffers:  33]
      [Scan RS (ms):  10.0]
      [Code Root Scanning (ms):  0.0]
      [Object Copy (ms):  43.2]
      [Termination (ms):  0.0]
         [Termination Attempts:  1]
      [GC Worker Other (ms):  0.0]
      [GC Worker Total (ms):  61.5]
      [GC Worker End (ms):  21747150.2]
   [Code Root Fixup: 0.1 ms]
   [Code Root Purge: 0.0 ms]
   [Clear CT: 0.1 ms]
   [Other: 0.6 ms]
      [Choose CSet: 0.0 ms]
      [Ref Proc: 0.1 ms]
      [Ref Enq: 0.0 ms]
      [Redirty Cards: 0.0 ms]
      [Humongous Register: 0.1 ms]
      [Humongous Reclaim: 0.0 ms]
      [Free CSet: 0.1 ms]
   [Eden: 46.0M(46.0M)->0.0B(47.0M) Survivors: 5120.0K->4096.0K Heap: 354.0M(1024.0M)->308.2M(1024.0M)]
 [Times: user=0.04 sys=0.00, real=0.06 secs] 
2016-12-19T23:52:20.919+0100: 21775.390: [GC pause (G1 Evacuation Pause) (young), 0.0562194 secs]
   [Parallel Time: 55.5 ms, GC Workers: 1]
      [GC Worker Start (ms):  21775389.9]
      [Ext Root Scanning (ms):  2.9]
      [Update RS (ms):  13.0]
         [Processed Buffers:  31]
      [Scan RS (ms):  4.6]
      [Code Root Scanning (ms):  0.0]
      [Object Copy (ms):  35.0]
      [Termination (ms):  0.0]
         [Termination Attempts:  1]
      [GC Worker Other (ms):  0.0]
      [GC Worker Total (ms):  55.5]
      [GC Worker End (ms):  21775445.4]
   [Code Root Fixup: 0.0 ms]
   [Code Root Purge: 0.0 ms]
   [Clear CT: 0.0 ms]
   [Other: 0.7 ms]
      [Choose CSet: 0.0 ms]
      [Ref Proc: 0.0 ms]
      [Ref Enq: 0.0 ms]
      [Redirty Cards: 0.0 ms]
      [Humongous Register: 0.1 ms]
      [Humongous Reclaim: 0.1 ms]
      [Free CSet: 0.0 ms]
   [Eden: 47.0M(47.0M)->0.0B(46.0M) Survivors: 4096.0K->5120.0K Heap: 355.2M(1024.0M)->308.7M(1024.0M)]
 [Times: user=0.05 sys=0.00, real=0.06 secs] 
2016-12-19T23:52:47.742+0100: 21802.213: [GC pause (G1 Evacuation Pause) (young), 0.0159569 secs]
   [Parallel Time: 15.4 ms, GC Workers: 1]
      [GC Worker Start (ms):  21802213.2]
      [Ext Root Scanning (ms):  1.2]
      [Update RS (ms):  2.1]
         [Processed Buffers:  30]
      [Scan RS (ms):  2.8]
      [Code Root Scanning (ms):  0.0]
      [Object Copy (ms):  9.2]
      [Termination (ms):  0.0]
         [Termination Attempts:  1]
      [GC Worker Other (ms):  0.0]
      [GC Worker Total (ms):  15.3]
      [GC Worker End (ms):  21802228.5]
   [Code Root Fixup: 0.0 ms]
   [Code Root Purge: 0.0 ms]
   [Clear CT: 0.0 ms]
   [Other: 0.5 ms]
      [Choose CSet: 0.0 ms]
      [Ref Proc: 0.0 ms]
      [Ref Enq: 0.0 ms]
      [Redirty Cards: 0.0 ms]
      [Humongous Register: 0.1 ms]
      [Humongous Reclaim: 0.0 ms]
      [Free CSet: 0.0 ms]
   [Eden: 46.0M(46.0M)->0.0B(47.0M) Survivors: 5120.0K->4096.0K Heap: 354.7M(1024.0M)->308.9M(1024.0M)]
 [Times: user=0.02 sys=0.00, real=0.02 secs] 
2016-12-19T23:53:17.102+0100: 21831.572: [GC pause (G1 Evacuation Pause) (young), 0.0145281 secs]
   [Parallel Time: 14.1 ms, GC Workers: 1]
      [GC Worker Start (ms):  21831572.4]
      [Ext Root Scanning (ms):  0.9]
      [Update RS (ms):  3.0]
         [Processed Buffers:  31]
      [Scan RS (ms):  1.9]
      [Code Root Scanning (ms):  0.0]
      [Object Copy (ms):  8.4]
      [Termination (ms):  0.0]
         [Termination Attempts:  1]
      [GC Worker Other (ms):  0.0]
      [GC Worker Total (ms):  14.1]
      [GC Worker End (ms):  21831586.5]
   [Code Root Fixup: 0.0 ms]
   [Code Root Purge: 0.0 ms]
   [Clear CT: 0.0 ms]
   [Other: 0.3 ms]
      [Choose CSet: 0.0 ms]
      [Ref Proc: 0.0 ms]
      [Ref Enq: 0.0 ms]
      [Redirty Cards: 0.0 ms]
      [Humongous Register: 0.0 ms]
      [Humongous Reclaim: 0.0 ms]
      [Free CSet: 0.0 ms]
   [Eden: 47.0M(47.0M)->0.0B(47.0M) Survivors: 4096.0K->4096.0K Heap: 355.9M(1024.0M)->308.9M(1024.0M)]
 [Times: user=0.02 sys=0.00, real=0.02 secs] 
2016-12-19T23:53:44.469+0100: 21858.940: [GC pause (G1 Evacuation Pause) (young), 0.0226148 secs]
   [Parallel Time: 22.1 ms, GC Workers: 1]
      [GC Worker Start (ms):  21858940.1]
      [Ext Root Scanning (ms):  2.2]
      [Update RS (ms):  4.2]
         [Processed Buffers:  31]
      [Scan RS (ms):  2.4]
      [Code Root Scanning (ms):  0.0]
      [Object Copy (ms):  13.2]
      [Termination (ms):  0.0]
         [Termination Attempts:  1]
      [GC Worker Other (ms):  0.0]
      [GC Worker Total (ms):  22.0]
      [GC Worker End (ms):  21858962.1]
   [Code Root Fixup: 0.0 ms]
   [Code Root Purge: 0.0 ms]
   [Clear CT: 0.0 ms]
   [Other: 0.5 ms]
      [Choose CSet: 0.0 ms]
      [Ref Proc: 0.0 ms]
      [Ref Enq: 0.0 ms]
      [Redirty Cards: 0.0 ms]
      [Humongous Register: 0.2 ms]
      [Humongous Reclaim: 0.0 ms]
      [Free CSet: 0.0 ms]
   [Eden: 47.0M(47.0M)->0.0B(45.0M) Survivors: 4096.0K->6144.0K Heap: 355.9M(1024.0M)->310.4M(1024.0M)]
 [Times: user=0.02 sys=0.00, real=0.03 secs] 
2016-12-19T23:54:11.093+0100: 21885.564: [GC pause (G1 Evacuation Pause) (young), 0.0174908 secs]
   [Parallel Time: 17.0 ms, GC Workers: 1]
      [GC Worker Start (ms):  21885564.0]
      [Ext Root Scanning (ms):  1.3]
      [Update RS (ms):  2.5]
         [Processed Buffers:  32]
      [Scan RS (ms):  1.8]
      [Code Root Scanning (ms):  0.0]
      [Object Copy (ms):  11.4]
      [Termination (ms):  0.0]
         [Termination Attempts:  1]
      [GC Worker Other (ms):  0.0]
      [GC Worker Total (ms):  17.0]
      [GC Worker End (ms):  21885581.0]
   [Code Root Fixup: 0.0 ms]
   [Code Root Purge: 0.0 ms]
   [Clear CT: 0.0 ms]
   [Other: 0.4 ms]
      [Choose CSet: 0.0 ms]
      [Ref Proc: 0.0 ms]
      [Ref Enq: 0.0 ms]
      [Redirty Cards: 0.0 ms]
      [Humongous Register: 0.1 ms]
      [Humongous Reclaim: 0.0 ms]
      [Free CSet: 0.0 ms]
   [Eden: 45.0M(45.0M)->0.0B(47.0M) Survivors: 6144.0K->4096.0K Heap: 355.4M(1024.0M)->310.4M(1024.0M)]
 [Times: user=0.02 sys=0.00, real=0.01 secs] 
2016-12-19T23:54:38.948+0100: 21913.418: [GC pause (G1 Evacuation Pause) (young), 0.0272502 secs]
   [Parallel Time: 26.7 ms, GC Workers: 1]
      [GC Worker Start (ms):  21913418.4]
      [Ext Root Scanning (ms):  2.8]
      [Update RS (ms):  4.4]
         [Processed Buffers:  32]
      [Scan RS (ms):  2.7]
      [Code Root Scanning (ms):  0.0]
      [Object Copy (ms):  16.7]
      [Termination (ms):  0.0]
         [Termination Attempts:  1]
      [GC Worker Other (ms):  0.0]
      [GC Worker Total (ms):  26.7]
      [GC Worker End (ms):  21913445.0]
   [Code Root Fixup: 0.0 ms]
   [Code Root Purge: 0.0 ms]
   [Clear CT: 0.0 ms]
   [Other: 0.5 ms]
      [Choose CSet: 0.0 ms]
      [Ref Proc: 0.1 ms]
      [Ref Enq: 0.0 ms]
      [Redirty Cards: 0.0 ms]
      [Humongous Register: 0.1 ms]
      [Humongous Reclaim: 0.0 ms]
      [Free CSet: 0.1 ms]
   [Eden: 47.0M(47.0M)->0.0B(45.0M) Survivors: 4096.0K->6144.0K Heap: 357.4M(1024.0M)->311.9M(1024.0M)]
 [Times: user=0.02 sys=0.00, real=0.03 secs] 
2016-12-19T23:55:06.855+0100: 21941.325: [GC pause (G1 Evacuation Pause) (young), 0.0306427 secs]
   [Parallel Time: 29.9 ms, GC Workers: 1]
      [GC Worker Start (ms):  21941325.6]
      [Ext Root Scanning (ms):  1.4]
      [Update RS (ms):  4.5]
         [Processed Buffers:  31]
      [Scan RS (ms):  2.9]
      [Code Root Scanning (ms):  0.0]
      [Object Copy (ms):  20.9]
      [Termination (ms):  0.0]
         [Termination Attempts:  1]
      [GC Worker Other (ms):  0.0]
      [GC Worker Total (ms):  29.8]
      [GC Worker End (ms):  21941355.4]
   [Code Root Fixup: 0.1 ms]
   [Code Root Purge: 0.0 ms]
   [Clear CT: 0.0 ms]
   [Other: 0.7 ms]
      [Choose CSet: 0.0 ms]
      [Ref Proc: 0.1 ms]
      [Ref Enq: 0.0 ms]
      [Redirty Cards: 0.1 ms]
      [Humongous Register: 0.2 ms]
      [Humongous Reclaim: 0.1 ms]
      [Free CSet: 0.1 ms]
   [Eden: 45.0M(45.0M)->0.0B(47.0M) Survivors: 6144.0K->4096.0K Heap: 356.9M(1024.0M)->312.3M(1024.0M)]
 [Times: user=0.03 sys=0.00, real=0.03 secs] 
2016-12-19T23:55:35.397+0100: 21969.867: [GC pause (G1 Evacuation Pause) (young), 0.0200490 secs]
   [Parallel Time: 19.5 ms, GC Workers: 1]
      [GC Worker Start (ms):  21969867.7]
      [Ext Root Scanning (ms):  2.3]
      [Update RS (ms):  2.5]
         [Processed Buffers:  31]
      [Scan RS (ms):  3.3]
      [Code Root Scanning (ms):  0.0]
      [Object Copy (ms):  11.0]
      [Termination (ms):  0.0]
         [Termination Attempts:  1]
      [GC Worker Other (ms):  0.0]
      [GC Worker Total (ms):  19.2]
      [GC Worker End (ms):  21969886.9]
   [Code Root Fixup: 0.0 ms]
   [Code Root Purge: 0.0 ms]
   [Clear CT: 0.0 ms]
   [Other: 0.5 ms]
      [Choose CSet: 0.0 ms]
      [Ref Proc: 0.0 ms]
      [Ref Enq: 0.0 ms]
      [Redirty Cards: 0.0 ms]
      [Humongous Register: 0.1 ms]
      [Humongous Reclaim: 0.0 ms]
      [Free CSet: 0.1 ms]
   [Eden: 47.0M(47.0M)->0.0B(47.0M) Survivors: 4096.0K->4096.0K Heap: 359.3M(1024.0M)->312.3M(1024.0M)]
 [Times: user=0.02 sys=0.00, real=0.02 secs] 
2016-12-19T23:56:04.332+0100: 21998.803: [GC pause (G1 Evacuation Pause) (young), 0.0452290 secs]
   [Parallel Time: 44.7 ms, GC Workers: 1]
      [GC Worker Start (ms):  21998803.0]
      [Ext Root Scanning (ms):  1.5]
      [Update RS (ms):  8.3]
         [Processed Buffers:  32]
      [Scan RS (ms):  5.8]
      [Code Root Scanning (ms):  0.0]
      [Object Copy (ms):  29.0]
      [Termination (ms):  0.0]
         [Termination Attempts:  1]
      [GC Worker Other (ms):  0.0]
      [GC Worker Total (ms):  44.6]
      [GC Worker End (ms):  21998847.6]
   [Code Root Fixup: 0.0 ms]
   [Code Root Purge: 0.0 ms]
   [Clear CT: 0.0 ms]
   [Other: 0.5 ms]
      [Choose CSet: 0.0 ms]
      [Ref Proc: 0.0 ms]
      [Ref Enq: 0.0 ms]
      [Redirty Cards: 0.0 ms]
      [Humongous Register: 0.1 ms]
      [Humongous Reclaim: 0.1 ms]
      [Free CSet: 0.1 ms]
   [Eden: 47.0M(47.0M)->0.0B(45.0M) Survivors: 4096.0K->6144.0K Heap: 359.3M(1024.0M)->313.8M(1024.0M)]
 [Times: user=0.04 sys=0.00, real=0.04 secs] 
2016-12-19T23:56:33.982+0100: 22028.453: [GC pause (G1 Evacuation Pause) (young), 0.0263157 secs]
   [Parallel Time: 25.7 ms, GC Workers: 1]
      [GC Worker Start (ms):  22028453.0]
      [Ext Root Scanning (ms):  1.0]
      [Update RS (ms):  2.1]
         [Processed Buffers:  31]
      [Scan RS (ms):  2.6]
      [Code Root Scanning (ms):  0.0]
      [Object Copy (ms):  20.0]
      [Termination (ms):  0.0]
         [Termination Attempts:  1]
      [GC Worker Other (ms):  0.0]
      [GC Worker Total (ms):  25.7]
      [GC Worker End (ms):  22028478.7]
   [Code Root Fixup: 0.1 ms]
   [Code Root Purge: 0.0 ms]
   [Clear CT: 0.0 ms]
   [Other: 0.5 ms]
      [Choose CSet: 0.0 ms]
      [Ref Proc: 0.0 ms]
      [Ref Enq: 0.0 ms]
      [Redirty Cards: 0.1 ms]
      [Humongous Register: 0.0 ms]
      [Humongous Reclaim: 0.0 ms]
      [Free CSet: 0.1 ms]
   [Eden: 45.0M(45.0M)->0.0B(47.0M) Survivors: 6144.0K->4096.0K Heap: 358.8M(1024.0M)->314.3M(1024.0M)]
 [Times: user=0.03 sys=0.00, real=0.03 secs] 
2016-12-19T23:57:03.793+0100: 22058.263: [GC pause (G1 Evacuation Pause) (young), 0.0258944 secs]
   [Parallel Time: 25.4 ms, GC Workers: 1]
      [GC Worker Start (ms):  22058263.3]
      [Ext Root Scanning (ms):  2.4]
      [Update RS (ms):  3.5]
         [Processed Buffers:  36]
      [Scan RS (ms):  5.0]
      [Code Root Scanning (ms):  0.0]
      [Object Copy (ms):  14.4]
      [Termination (ms):  0.0]
         [Termination Attempts:  1]
      [GC Worker Other (ms):  0.0]
      [GC Worker Total (ms):  25.3]
      [GC Worker End (ms):  22058288.7]
   [Code Root Fixup: 0.0 ms]
   [Code Root Purge: 0.0 ms]
   [Clear CT: 0.0 ms]
   [Other: 0.4 ms]
      [Choose CSet: 0.0 ms]
      [Ref Proc: 0.1 ms]
      [Ref Enq: 0.0 ms]
      [Redirty Cards: 0.0 ms]
      [Humongous Register: 0.0 ms]
      [Humongous Reclaim: 0.0 ms]
      [Free CSet: 0.1 ms]
   [Eden: 47.0M(47.0M)->0.0B(47.0M) Survivors: 4096.0K->4096.0K Heap: 361.3M(1024.0M)->314.3M(1024.0M)]
 [Times: user=0.03 sys=0.00, real=0.02 secs] 
2016-12-19T23:57:32.830+0100: 22087.301: [GC pause (G1 Evacuation Pause) (young), 0.0193901 secs]
   [Parallel Time: 18.9 ms, GC Workers: 1]
      [GC Worker Start (ms):  22087300.9]
      [Ext Root Scanning (ms):  1.2]
      [Update RS (ms):  2.6]
         [Processed Buffers:  32]
      [Scan RS (ms):  2.7]
      [Code Root Scanning (ms):  0.0]
      [Object Copy (ms):  12.2]
      [Termination (ms):  0.0]
         [Termination Attempts:  1]
      [GC Worker Other (ms):  0.0]
      [GC Worker Total (ms):  18.8]
      [GC Worker End (ms):  22087319.8]
   [Code Root Fixup: 0.1 ms]
   [Code Root Purge: 0.0 ms]
   [Clear CT: 0.0 ms]
   [Other: 0.4 ms]
      [Choose CSet: 0.0 ms]
      [Ref Proc: 0.0 ms]
      [Ref Enq: 0.0 ms]
      [Redirty Cards: 0.0 ms]
      [Humongous Register: 0.1 ms]
      [Humongous Reclaim: 0.0 ms]
      [Free CSet: 0.0 ms]
   [Eden: 47.0M(47.0M)->0.0B(45.0M) Survivors: 4096.0K->6144.0K Heap: 361.3M(1024.0M)->315.8M(1024.0M)]
 [Times: user=0.01 sys=0.00, real=0.02 secs] 
2016-12-19T23:58:00.088+0100: 22114.559: [GC pause (G1 Evacuation Pause) (young), 0.0208468 secs]
   [Parallel Time: 20.4 ms, GC Workers: 1]
      [GC Worker Start (ms):  22114559.1]
      [Ext Root Scanning (ms):  1.9]
      [Update RS (ms):  2.8]
         [Processed Buffers:  32]
      [Scan RS (ms):  2.3]
      [Code Root Scanning (ms):  0.0]
      [Object Copy (ms):  13.4]
      [Termination (ms):  0.0]
         [Termination Attempts:  1]
      [GC Worker Other (ms):  0.0]
      [GC Worker Total (ms):  20.4]
      [GC Worker End (ms):  22114579.5]
   [Code Root Fixup: 0.0 ms]
   [Code Root Purge: 0.0 ms]
   [Clear CT: 0.0 ms]
   [Other: 0.3 ms]
      [Choose CSet: 0.0 ms]
      [Ref Proc: 0.0 ms]
      [Ref Enq: 0.0 ms]
      [Redirty Cards: 0.0 ms]
      [Humongous Register: 0.0 ms]
      [Humongous Reclaim: 0.0 ms]
      [Free CSet: 0.0 ms]
   [Eden: 45.0M(45.0M)->0.0B(47.0M) Survivors: 6144.0K->4096.0K Heap: 360.8M(1024.0M)->315.7M(1024.0M)]
 [Times: user=0.02 sys=0.00, real=0.02 secs] 
2016-12-19T23:58:29.220+0100: 22143.691: [GC pause (G1 Evacuation Pause) (young), 0.0894395 secs]
   [Parallel Time: 67.4 ms, GC Workers: 1]
      [GC Worker Start (ms):  22143691.1]
      [Ext Root Scanning (ms):  1.7]
      [Update RS (ms):  6.6]
         [Processed Buffers:  31]
      [Scan RS (ms):  5.6]
      [Code Root Scanning (ms):  0.0]
      [Object Copy (ms):  53.3]
      [Termination (ms):  0.0]
         [Termination Attempts:  1]
      [GC Worker Other (ms):  0.0]
      [GC Worker Total (ms):  67.3]
      [GC Worker End (ms):  22143758.4]
   [Code Root Fixup: 0.3 ms]
   [Code Root Purge: 0.0 ms]
   [Clear CT: 0.1 ms]
   [Other: 21.7 ms]
      [Choose CSet: 0.0 ms]
      [Ref Proc: 21.1 ms]
      [Ref Enq: 0.0 ms]
      [Redirty Cards: 0.0 ms]
      [Humongous Register: 0.2 ms]
      [Humongous Reclaim: 0.1 ms]
      [Free CSet: 0.1 ms]
   [Eden: 47.0M(47.0M)->0.0B(45.0M) Survivors: 4096.0K->6144.0K Heap: 362.7M(1024.0M)->317.2M(1024.0M)]
 [Times: user=0.07 sys=0.00, real=0.09 secs] 
2016-12-19T23:58:58.125+0100: 22172.596: [GC pause (G1 Evacuation Pause) (young), 0.0221542 secs]
   [Parallel Time: 21.7 ms, GC Workers: 1]
      [GC Worker Start (ms):  22172596.1]
      [Ext Root Scanning (ms):  1.5]
      [Update RS (ms):  4.8]
         [Processed Buffers:  30]
      [Scan RS (ms):  2.9]
      [Code Root Scanning (ms):  0.0]
      [Object Copy (ms):  12.4]
      [Termination (ms):  0.0]
         [Termination Attempts:  1]
      [GC Worker Other (ms):  0.0]
      [GC Worker Total (ms):  21.6]
      [GC Worker End (ms):  22172617.7]
   [Code Root Fixup: 0.0 ms]
   [Code Root Purge: 0.0 ms]
   [Clear CT: 0.0 ms]
   [Other: 0.4 ms]
      [Choose CSet: 0.0 ms]
      [Ref Proc: 0.0 ms]
      [Ref Enq: 0.0 ms]
      [Redirty Cards: 0.1 ms]
      [Humongous Register: 0.1 ms]
      [Humongous Reclaim: 0.0 ms]
      [Free CSet: 0.0 ms]
   [Eden: 45.0M(45.0M)->0.0B(47.0M) Survivors: 6144.0K->4096.0K Heap: 362.2M(1024.0M)->317.7M(1024.0M)]
 [Times: user=0.02 sys=0.01, real=0.02 secs] 
2016-12-19T23:59:27.596+0100: 22202.067: [GC pause (G1 Evacuation Pause) (young), 0.0174800 secs]
   [Parallel Time: 17.0 ms, GC Workers: 1]
      [GC Worker Start (ms):  22202067.2]
      [Ext Root Scanning (ms):  1.4]
      [Update RS (ms):  3.3]
         [Processed Buffers:  32]
      [Scan RS (ms):  3.4]
      [Code Root Scanning (ms):  0.0]
      [Object Copy (ms):  8.8]
      [Termination (ms):  0.0]
         [Termination Attempts:  1]
      [GC Worker Other (ms):  0.0]
      [GC Worker Total (ms):  17.0]
      [GC Worker End (ms):  22202084.1]
   [Code Root Fixup: 0.0 ms]
   [Code Root Purge: 0.0 ms]
   [Clear CT: 0.0 ms]
   [Other: 0.4 ms]
      [Choose CSet: 0.0 ms]
      [Ref Proc: 0.0 ms]
      [Ref Enq: 0.0 ms]
      [Redirty Cards: 0.0 ms]
      [Humongous Register: 0.1 ms]
      [Humongous Reclaim: 0.0 ms]
      [Free CSet: 0.1 ms]
   [Eden: 47.0M(47.0M)->0.0B(47.0M) Survivors: 4096.0K->4096.0K Heap: 364.7M(1024.0M)->317.7M(1024.0M)]
 [Times: user=0.02 sys=0.00, real=0.02 secs] 
2016-12-19T23:59:57.035+0100: 22231.506: [GC pause (G1 Evacuation Pause) (young), 0.0228655 secs]
   [Parallel Time: 22.3 ms, GC Workers: 1]
      [GC Worker Start (ms):  22231506.0]
      [Ext Root Scanning (ms):  1.2]
      [Update RS (ms):  3.0]
         [Processed Buffers:  32]
      [Scan RS (ms):  3.6]
      [Code Root Scanning (ms):  0.0]
      [Object Copy (ms):  14.4]
      [Termination (ms):  0.0]
         [Termination Attempts:  1]
      [GC Worker Other (ms):  0.0]
      [GC Worker Total (ms):  22.3]
      [GC Worker End (ms):  22231528.3]
   [Code Root Fixup: 0.1 ms]
   [Code Root Purge: 0.0 ms]
   [Clear CT: 0.0 ms]
   [Other: 0.5 ms]
      [Choose CSet: 0.0 ms]
      [Ref Proc: 0.0 ms]
      [Ref Enq: 0.0 ms]
      [Redirty Cards: 0.0 ms]
      [Humongous Register: 0.1 ms]
      [Humongous Reclaim: 0.0 ms]
      [Free CSet: 0.1 ms]
   [Eden: 47.0M(47.0M)->0.0B(45.0M) Survivors: 4096.0K->6144.0K Heap: 364.7M(1024.0M)->319.2M(1024.0M)]
 [Times: user=0.02 sys=0.00, real=0.02 secs] 
2016-12-20T00:00:25.963+0100: 22260.434: [GC pause (G1 Evacuation Pause) (young), 0.0274043 secs]
   [Parallel Time: 26.9 ms, GC Workers: 1]
      [GC Worker Start (ms):  22260434.1]
      [Ext Root Scanning (ms):  2.4]
      [Update RS (ms):  4.5]
         [Processed Buffers:  31]
      [Scan RS (ms):  2.9]
      [Code Root Scanning (ms):  0.0]
      [Object Copy (ms):  17.1]
      [Termination (ms):  0.0]
         [Termination Attempts:  1]
      [GC Worker Other (ms):  0.0]
      [GC Worker Total (ms):  26.9]
      [GC Worker End (ms):  22260461.0]
   [Code Root Fixup: 0.0 ms]
   [Code Root Purge: 0.0 ms]
   [Clear CT: 0.0 ms]
   [Other: 0.4 ms]
      [Choose CSet: 0.0 ms]
      [Ref Proc: 0.0 ms]
      [Ref Enq: 0.0 ms]
      [Redirty Cards: 0.0 ms]
      [Humongous Register: 0.1 ms]
      [Humongous Reclaim: 0.0 ms]
      [Free CSet: 0.0 ms]
   [Eden: 45.0M(45.0M)->0.0B(46.0M) Survivors: 6144.0K->5120.0K Heap: 364.2M(1024.0M)->319.7M(1024.0M)]
 [Times: user=0.03 sys=0.00, real=0.02 secs] 
2016-12-20T00:00:55.793+0100: 22290.263: [GC pause (G1 Evacuation Pause) (young), 0.0228578 secs]
   [Parallel Time: 22.4 ms, GC Workers: 1]
      [GC Worker Start (ms):  22290263.5]
      [Ext Root Scanning (ms):  1.0]
      [Update RS (ms):  4.6]
         [Processed Buffers:  31]
      [Scan RS (ms):  3.8]
      [Code Root Scanning (ms):  0.0]
      [Object Copy (ms):  12.9]
      [Termination (ms):  0.0]
         [Termination Attempts:  1]
      [GC Worker Other (ms):  0.0]
      [GC Worker Total (ms):  22.3]
      [GC Worker End (ms):  22290285.8]
   [Code Root Fixup: 0.0 ms]
   [Code Root Purge: 0.0 ms]
   [Clear CT: 0.0 ms]
   [Other: 0.4 ms]
      [Choose CSet: 0.0 ms]
      [Ref Proc: 0.0 ms]
      [Ref Enq: 0.0 ms]
      [Redirty Cards: 0.1 ms]
      [Humongous Register: 0.0 ms]
      [Humongous Reclaim: 0.0 ms]
      [Free CSet: 0.1 ms]
   [Eden: 46.0M(46.0M)->0.0B(46.0M) Survivors: 5120.0K->5120.0K Heap: 365.7M(1024.0M)->321.5M(1024.0M)]
 [Times: user=0.02 sys=0.00, real=0.02 secs] 
2016-12-20T00:01:24.152+0100: 22318.622: [GC pause (G1 Evacuation Pause) (young), 0.0190940 secs]
   [Parallel Time: 18.6 ms, GC Workers: 1]
      [GC Worker Start (ms):  22318622.3]
      [Ext Root Scanning (ms):  0.9]
      [Update RS (ms):  3.4]
         [Processed Buffers:  31]
      [Scan RS (ms):  2.7]
      [Code Root Scanning (ms):  0.0]
      [Object Copy (ms):  11.5]
      [Termination (ms):  0.0]
         [Termination Attempts:  1]
      [GC Worker Other (ms):  0.0]
      [GC Worker Total (ms):  18.6]
      [GC Worker End (ms):  22318640.8]
   [Code Root Fixup: 0.0 ms]
   [Code Root Purge: 0.0 ms]
   [Clear CT: 0.0 ms]
   [Other: 0.4 ms]
      [Choose CSet: 0.0 ms]
      [Ref Proc: 0.0 ms]
      [Ref Enq: 0.0 ms]
      [Redirty Cards: 0.0 ms]
      [Humongous Register: 0.0 ms]
      [Humongous Reclaim: 0.0 ms]
      [Free CSet: 0.0 ms]
   [Eden: 46.0M(46.0M)->0.0B(47.0M) Survivors: 5120.0K->4096.0K Heap: 367.5M(1024.0M)->322.0M(1024.0M)]
 [Times: user=0.02 sys=0.00, real=0.02 secs] 
2016-12-20T00:01:53.895+0100: 22348.366: [GC pause (G1 Evacuation Pause) (young), 0.0171528 secs]
   [Parallel Time: 16.7 ms, GC Workers: 1]
      [GC Worker Start (ms):  22348365.8]
      [Ext Root Scanning (ms):  1.4]
      [Update RS (ms):  3.0]
         [Processed Buffers:  30]
      [Scan RS (ms):  3.4]
      [Code Root Scanning (ms):  0.0]
      [Object Copy (ms):  8.7]
      [Termination (ms):  0.0]
         [Termination Attempts:  1]
      [GC Worker Other (ms):  0.0]
      [GC Worker Total (ms):  16.6]
      [GC Worker End (ms):  22348382.4]
   [Code Root Fixup: 0.1 ms]
   [Code Root Purge: 0.0 ms]
   [Clear CT: 0.0 ms]
   [Other: 0.4 ms]
      [Choose CSet: 0.0 ms]
      [Ref Proc: 0.0 ms]
      [Ref Enq: 0.0 ms]
      [Redirty Cards: 0.0 ms]
      [Humongous Register: 0.1 ms]
      [Humongous Reclaim: 0.0 ms]
      [Free CSet: 0.1 ms]
   [Eden: 47.0M(47.0M)->0.0B(47.0M) Survivors: 4096.0K->4096.0K Heap: 369.0M(1024.0M)->322.0M(1024.0M)]
 [Times: user=0.02 sys=0.00, real=0.02 secs] 
2016-12-20T00:02:22.201+0100: 22376.672: [GC pause (G1 Evacuation Pause) (young), 0.0210590 secs]
   [Parallel Time: 20.7 ms, GC Workers: 1]
      [GC Worker Start (ms):  22376672.0]
      [Ext Root Scanning (ms):  1.2]
      [Update RS (ms):  2.3]
         [Processed Buffers:  32]
      [Scan RS (ms):  3.4]
      [Code Root Scanning (ms):  0.0]
      [Object Copy (ms):  13.7]
      [Termination (ms):  0.0]
         [Termination Attempts:  1]
      [GC Worker Other (ms):  0.0]
      [GC Worker Total (ms):  20.7]
      [GC Worker End (ms):  22376692.7]
   [Code Root Fixup: 0.0 ms]
   [Code Root Purge: 0.0 ms]
   [Clear CT: 0.0 ms]
   [Other: 0.3 ms]
      [Choose CSet: 0.0 ms]
      [Ref Proc: 0.0 ms]
      [Ref Enq: 0.0 ms]
      [Redirty Cards: 0.0 ms]
      [Humongous Register: 0.0 ms]
      [Humongous Reclaim: 0.0 ms]
      [Free CSet: 0.0 ms]
   [Eden: 47.0M(47.0M)->0.0B(45.0M) Survivors: 4096.0K->6144.0K Heap: 369.0M(1024.0M)->323.5M(1024.0M)]
 [Times: user=0.02 sys=0.00, real=0.03 secs] 
2016-12-20T00:02:49.906+0100: 22404.377: [GC pause (G1 Evacuation Pause) (young), 0.0222373 secs]
   [Parallel Time: 21.6 ms, GC Workers: 1]
      [GC Worker Start (ms):  22404377.2]
      [Ext Root Scanning (ms):  1.1]
      [Update RS (ms):  2.0]
         [Processed Buffers:  32]
      [Scan RS (ms):  3.9]
      [Code Root Scanning (ms):  0.0]
      [Object Copy (ms):  14.6]
      [Termination (ms):  0.0]
         [Termination Attempts:  1]
      [GC Worker Other (ms):  0.0]
      [GC Worker Total (ms):  21.6]
      [GC Worker End (ms):  22404398.8]
   [Code Root Fixup: 0.0 ms]
   [Code Root Purge: 0.0 ms]
   [Clear CT: 0.0 ms]
   [Other: 0.5 ms]
      [Choose CSet: 0.0 ms]
      [Ref Proc: 0.0 ms]
      [Ref Enq: 0.0 ms]
      [Redirty Cards: 0.0 ms]
      [Humongous Register: 0.2 ms]
      [Humongous Reclaim: 0.0 ms]
      [Free CSet: 0.0 ms]
   [Eden: 45.0M(45.0M)->0.0B(46.0M) Survivors: 6144.0K->5120.0K Heap: 368.5M(1024.0M)->323.9M(1024.0M)]
 [Times: user=0.02 sys=0.00, real=0.02 secs] 
2016-12-20T00:03:17.318+0100: 22431.789: [GC pause (G1 Evacuation Pause) (young), 0.0191724 secs]
   [Parallel Time: 18.7 ms, GC Workers: 1]
      [GC Worker Start (ms):  22431788.7]
      [Ext Root Scanning (ms):  1.1]
      [Update RS (ms):  2.5]
         [Processed Buffers:  32]
      [Scan RS (ms):  2.8]
      [Code Root Scanning (ms):  0.0]
      [Object Copy (ms):  12.4]
      [Termination (ms):  0.0]
         [Termination Attempts:  1]
      [GC Worker Other (ms):  0.0]
      [GC Worker Total (ms):  18.7]
      [GC Worker End (ms):  22431807.4]
   [Code Root Fixup: 0.0 ms]
   [Code Root Purge: 0.0 ms]
   [Clear CT: 0.0 ms]
   [Other: 0.4 ms]
      [Choose CSet: 0.0 ms]
      [Ref Proc: 0.0 ms]
      [Ref Enq: 0.0 ms]
      [Redirty Cards: 0.0 ms]
      [Humongous Register: 0.1 ms]
      [Humongous Reclaim: 0.0 ms]
      [Free CSet: 0.0 ms]
   [Eden: 46.0M(46.0M)->0.0B(46.0M) Survivors: 5120.0K->5120.0K Heap: 369.9M(1024.0M)->325.5M(1024.0M)]
 [Times: user=0.01 sys=0.00, real=0.02 secs] 
2016-12-20T00:03:44.681+0100: 22459.152: [GC pause (G1 Evacuation Pause) (young), 0.0290225 secs]
   [Parallel Time: 28.1 ms, GC Workers: 1]
      [GC Worker Start (ms):  22459151.9]
      [Ext Root Scanning (ms):  1.4]
      [Update RS (ms):  6.1]
         [Processed Buffers:  33]
      [Scan RS (ms):  3.0]
      [Code Root Scanning (ms):  0.0]
      [Object Copy (ms):  17.5]
      [Termination (ms):  0.0]
         [Termination Attempts:  1]
      [GC Worker Other (ms):  0.0]
      [GC Worker Total (ms):  28.0]
      [GC Worker End (ms):  22459179.9]
   [Code Root Fixup: 0.2 ms]
   [Code Root Purge: 0.0 ms]
   [Clear CT: 0.0 ms]
   [Other: 0.7 ms]
      [Choose CSet: 0.0 ms]
      [Ref Proc: 0.1 ms]
      [Ref Enq: 0.0 ms]
      [Redirty Cards: 0.0 ms]
      [Humongous Register: 0.1 ms]
      [Humongous Reclaim: 0.0 ms]
      [Free CSet: 0.1 ms]
   [Eden: 46.0M(46.0M)->0.0B(47.0M) Survivors: 5120.0K->4096.0K Heap: 371.5M(1024.0M)->326.0M(1024.0M)]
 [Times: user=0.03 sys=0.00, real=0.03 secs] 
2016-12-20T00:04:17.327+0100: 22491.797: [GC pause (G1 Evacuation Pause) (young), 0.0797014 secs]
   [Parallel Time: 78.5 ms, GC Workers: 1]
      [GC Worker Start (ms):  22491798.2]
      [Ext Root Scanning (ms):  2.8]
      [Update RS (ms):  12.2]
         [Processed Buffers:  32]
      [Scan RS (ms):  28.5]
      [Code Root Scanning (ms):  0.0]
      [Object Copy (ms):  34.6]
      [Termination (ms):  0.0]
         [Termination Attempts:  1]
      [GC Worker Other (ms):  0.0]
      [GC Worker Total (ms):  78.1]
      [GC Worker End (ms):  22491876.3]
   [Code Root Fixup: 0.0 ms]
   [Code Root Purge: 0.0 ms]
   [Clear CT: 0.0 ms]
   [Other: 1.1 ms]
      [Choose CSet: 0.0 ms]
      [Ref Proc: 0.0 ms]
      [Ref Enq: 0.0 ms]
      [Redirty Cards: 0.0 ms]
      [Humongous Register: 0.3 ms]
      [Humongous Reclaim: 0.1 ms]
      [Free CSet: 0.1 ms]
   [Eden: 47.0M(47.0M)->0.0B(47.0M) Survivors: 4096.0K->4096.0K Heap: 373.0M(1024.0M)->326.0M(1024.0M)]
 [Times: user=0.08 sys=0.01, real=0.08 secs] 
2016-12-20T00:04:47.961+0100: 22522.431: [GC pause (G1 Evacuation Pause) (young), 0.0326930 secs]
   [Parallel Time: 32.1 ms, GC Workers: 1]
      [GC Worker Start (ms):  22522431.5]
      [Ext Root Scanning (ms):  1.8]
      [Update RS (ms):  4.7]
         [Processed Buffers:  31]
      [Scan RS (ms):  3.8]
      [Code Root Scanning (ms):  0.0]
      [Object Copy (ms):  21.7]
      [Termination (ms):  0.0]
         [Termination Attempts:  1]
      [GC Worker Other (ms):  0.0]
      [GC Worker Total (ms):  32.1]
      [GC Worker End (ms):  22522463.5]
   [Code Root Fixup: 0.1 ms]
   [Code Root Purge: 0.0 ms]
   [Clear CT: 0.0 ms]
   [Other: 0.5 ms]
      [Choose CSet: 0.0 ms]
      [Ref Proc: 0.0 ms]
      [Ref Enq: 0.0 ms]
      [Redirty Cards: 0.0 ms]
      [Humongous Register: 0.1 ms]
      [Humongous Reclaim: 0.0 ms]
      [Free CSet: 0.1 ms]
   [Eden: 47.0M(47.0M)->0.0B(45.0M) Survivors: 4096.0K->6144.0K Heap: 373.0M(1024.0M)->327.5M(1024.0M)]
 [Times: user=0.04 sys=0.00, real=0.04 secs] 
2016-12-20T00:05:14.194+0100: 22548.664: [GC pause (G1 Evacuation Pause) (young), 0.0217092 secs]
   [Parallel Time: 21.2 ms, GC Workers: 1]
      [GC Worker Start (ms):  22548664.5]
      [Ext Root Scanning (ms):  1.4]
      [Update RS (ms):  3.5]
         [Processed Buffers:  33]
      [Scan RS (ms):  3.4]
      [Code Root Scanning (ms):  0.0]
      [Object Copy (ms):  12.9]
      [Termination (ms):  0.0]
         [Termination Attempts:  1]
      [GC Worker Other (ms):  0.0]
      [GC Worker Total (ms):  21.1]
      [GC Worker End (ms):  22548685.6]
   [Code Root Fixup: 0.0 ms]
   [Code Root Purge: 0.0 ms]
   [Clear CT: 0.0 ms]
   [Other: 0.5 ms]
      [Choose CSet: 0.0 ms]
      [Ref Proc: 0.0 ms]
      [Ref Enq: 0.0 ms]
      [Redirty Cards: 0.0 ms]
      [Humongous Register: 0.0 ms]
      [Humongous Reclaim: 0.0 ms]
      [Free CSet: 0.1 ms]
   [Eden: 45.0M(45.0M)->0.0B(46.0M) Survivors: 6144.0K->5120.0K Heap: 372.5M(1024.0M)->327.9M(1024.0M)]
 [Times: user=0.02 sys=0.00, real=0.02 secs] 
2016-12-20T00:05:43.287+0100: 22577.757: [GC pause (G1 Evacuation Pause) (young), 0.0236227 secs]
   [Parallel Time: 23.1 ms, GC Workers: 1]
      [GC Worker Start (ms):  22577757.3]
      [Ext Root Scanning (ms):  1.2]
      [Update RS (ms):  3.2]
         [Processed Buffers:  32]
      [Scan RS (ms):  3.7]
      [Code Root Scanning (ms):  0.0]
      [Object Copy (ms):  15.0]
      [Termination (ms):  0.0]
         [Termination Attempts:  1]
      [GC Worker Other (ms):  0.0]
      [GC Worker Total (ms):  23.0]
      [GC Worker End (ms):  22577780.4]
   [Code Root Fixup: 0.1 ms]
   [Code Root Purge: 0.0 ms]
   [Clear CT: 0.1 ms]
   [Other: 0.5 ms]
      [Choose CSet: 0.0 ms]
      [Ref Proc: 0.1 ms]
      [Ref Enq: 0.0 ms]
      [Redirty Cards: 0.1 ms]
      [Humongous Register: 0.0 ms]
      [Humongous Reclaim: 0.0 ms]
      [Free CSet: 0.1 ms]
   [Eden: 46.0M(46.0M)->0.0B(46.0M) Survivors: 5120.0K->5120.0K Heap: 373.9M(1024.0M)->329.5M(1024.0M)]
 [Times: user=0.03 sys=0.00, real=0.02 secs] 
2016-12-20T00:06:11.421+0100: 22605.892: [GC pause (G1 Evacuation Pause) (young), 0.0348780 secs]
   [Parallel Time: 34.3 ms, GC Workers: 1]
      [GC Worker Start (ms):  22605892.2]
      [Ext Root Scanning (ms):  1.8]
      [Update RS (ms):  6.1]
         [Processed Buffers:  33]
      [Scan RS (ms):  8.0]
      [Code Root Scanning (ms):  0.0]
      [Object Copy (ms):  18.0]
      [Termination (ms):  0.0]
         [Termination Attempts:  1]
      [GC Worker Other (ms):  0.0]
      [GC Worker Total (ms):  34.0]
      [GC Worker End (ms):  22605926.2]
   [Code Root Fixup: 0.0 ms]
   [Code Root Purge: 0.0 ms]
   [Clear CT: 0.0 ms]
   [Other: 0.5 ms]
      [Choose CSet: 0.0 ms]
      [Ref Proc: 0.0 ms]
      [Ref Enq: 0.0 ms]
      [Redirty Cards: 0.0 ms]
      [Humongous Register: 0.1 ms]
      [Humongous Reclaim: 0.0 ms]
      [Free CSet: 0.1 ms]
   [Eden: 46.0M(46.0M)->0.0B(47.0M) Survivors: 5120.0K->4096.0K Heap: 375.5M(1024.0M)->330.0M(1024.0M)]
 [Times: user=0.03 sys=0.00, real=0.04 secs] 
2016-12-20T00:06:40.388+0100: 22634.859: [GC pause (G1 Evacuation Pause) (young), 0.0238294 secs]
   [Parallel Time: 23.4 ms, GC Workers: 1]
      [GC Worker Start (ms):  22634859.0]
      [Ext Root Scanning (ms):  2.8]
      [Update RS (ms):  3.6]
         [Processed Buffers:  33]
      [Scan RS (ms):  4.1]
      [Code Root Scanning (ms):  0.0]
      [Object Copy (ms):  12.8]
      [Termination (ms):  0.0]
         [Termination Attempts:  1]
      [GC Worker Other (ms):  0.0]
      [GC Worker Total (ms):  23.3]
      [GC Worker End (ms):  22634882.3]
   [Code Root Fixup: 0.0 ms]
   [Code Root Purge: 0.0 ms]
   [Clear CT: 0.0 ms]
   [Other: 0.3 ms]
      [Choose CSet: 0.0 ms]
      [Ref Proc: 0.0 ms]
      [Ref Enq: 0.0 ms]
      [Redirty Cards: 0.0 ms]
      [Humongous Register: 0.0 ms]
      [Humongous Reclaim: 0.0 ms]
      [Free CSet: 0.1 ms]
   [Eden: 47.0M(47.0M)->0.0B(47.0M) Survivors: 4096.0K->4096.0K Heap: 377.0M(1024.0M)->330.0M(1024.0M)]
 [Times: user=0.02 sys=0.00, real=0.03 secs] 
2016-12-20T00:07:08.683+0100: 22663.154: [GC pause (G1 Evacuation Pause) (young), 0.0331057 secs]
   [Parallel Time: 32.4 ms, GC Workers: 1]
      [GC Worker Start (ms):  22663153.8]
      [Ext Root Scanning (ms):  1.5]
      [Update RS (ms):  4.4]
         [Processed Buffers:  31]
      [Scan RS (ms):  8.0]
      [Code Root Scanning (ms):  0.0]
      [Object Copy (ms):  18.5]
      [Termination (ms):  0.0]
         [Termination Attempts:  1]
      [GC Worker Other (ms):  0.0]
      [GC Worker Total (ms):  32.4]
      [GC Worker End (ms):  22663186.2]
   [Code Root Fixup: 0.1 ms]
   [Code Root Purge: 0.0 ms]
   [Clear CT: 0.0 ms]
   [Other: 0.6 ms]
      [Choose CSet: 0.0 ms]
      [Ref Proc: 0.1 ms]
      [Ref Enq: 0.0 ms]
      [Redirty Cards: 0.1 ms]
      [Humongous Register: 0.1 ms]
      [Humongous Reclaim: 0.0 ms]
      [Free CSet: 0.1 ms]
   [Eden: 47.0M(47.0M)->0.0B(45.0M) Survivors: 4096.0K->6144.0K Heap: 377.0M(1024.0M)->331.5M(1024.0M)]
 [Times: user=0.03 sys=0.00, real=0.04 secs] 
2016-12-20T00:07:35.819+0100: 22690.290: [GC pause (G1 Evacuation Pause) (young), 0.0203567 secs]
   [Parallel Time: 19.7 ms, GC Workers: 1]
      [GC Worker Start (ms):  22690289.8]
      [Ext Root Scanning (ms):  0.9]
      [Update RS (ms):  2.5]
         [Processed Buffers:  32]
      [Scan RS (ms):  3.0]
      [Code Root Scanning (ms):  0.0]
      [Object Copy (ms):  13.3]
      [Termination (ms):  0.0]
         [Termination Attempts:  1]
      [GC Worker Other (ms):  0.0]
      [GC Worker Total (ms):  19.7]
      [GC Worker End (ms):  22690309.5]
   [Code Root Fixup: 0.1 ms]
   [Code Root Purge: 0.0 ms]
   [Clear CT: 0.1 ms]
   [Other: 0.5 ms]
      [Choose CSet: 0.0 ms]
      [Ref Proc: 0.0 ms]
      [Ref Enq: 0.0 ms]
      [Redirty Cards: 0.1 ms]
      [Humongous Register: 0.0 ms]
      [Humongous Reclaim: 0.1 ms]
      [Free CSet: 0.1 ms]
   [Eden: 45.0M(45.0M)->0.0B(46.0M) Survivors: 6144.0K->5120.0K Heap: 376.5M(1024.0M)->331.9M(1024.0M)]
 [Times: user=0.02 sys=0.00, real=0.02 secs] 
2016-12-20T00:08:05.080+0100: 22719.550: [GC pause (G1 Evacuation Pause) (young), 0.0247341 secs]
   [Parallel Time: 23.9 ms, GC Workers: 1]
      [GC Worker Start (ms):  22719550.4]
      [Ext Root Scanning (ms):  1.9]
      [Update RS (ms):  3.9]
         [Processed Buffers:  31]
      [Scan RS (ms):  3.5]
      [Code Root Scanning (ms):  0.0]
      [Object Copy (ms):  14.4]
      [Termination (ms):  0.0]
         [Termination Attempts:  1]
      [GC Worker Other (ms):  0.0]
      [GC Worker Total (ms):  23.8]
      [GC Worker End (ms):  22719574.2]
   [Code Root Fixup: 0.1 ms]
   [Code Root Purge: 0.0 ms]
   [Clear CT: 0.1 ms]
   [Other: 0.7 ms]
      [Choose CSet: 0.0 ms]
      [Ref Proc: 0.2 ms]
      [Ref Enq: 0.0 ms]
      [Redirty Cards: 0.0 ms]
      [Humongous Register: 0.0 ms]
      [Humongous Reclaim: 0.1 ms]
      [Free CSet: 0.1 ms]
   [Eden: 46.0M(46.0M)->0.0B(46.0M) Survivors: 5120.0K->5120.0K Heap: 377.9M(1024.0M)->333.5M(1024.0M)]
 [Times: user=0.02 sys=0.00, real=0.03 secs] 
2016-12-20T00:08:34.118+0100: 22748.588: [GC pause (G1 Evacuation Pause) (young), 0.0357314 secs]
   [Parallel Time: 34.6 ms, GC Workers: 1]
      [GC Worker Start (ms):  22748588.4]
      [Ext Root Scanning (ms):  4.0]
      [Update RS (ms):  5.5]
         [Processed Buffers:  32]
      [Scan RS (ms):  5.3]
      [Code Root Scanning (ms):  0.0]
      [Object Copy (ms):  19.7]
      [Termination (ms):  0.0]
         [Termination Attempts:  1]
      [GC Worker Other (ms):  0.0]
      [GC Worker Total (ms):  34.5]
      [GC Worker End (ms):  22748623.0]
   [Code Root Fixup: 0.2 ms]
   [Code Root Purge: 0.0 ms]
   [Clear CT: 0.1 ms]
   [Other: 0.9 ms]
      [Choose CSet: 0.0 ms]
      [Ref Proc: 0.0 ms]
      [Ref Enq: 0.0 ms]
      [Redirty Cards: 0.2 ms]
      [Humongous Register: 0.1 ms]
      [Humongous Reclaim: 0.0 ms]
      [Free CSet: 0.1 ms]
   [Eden: 46.0M(46.0M)->0.0B(47.0M) Survivors: 5120.0K->4096.0K Heap: 379.5M(1024.0M)->334.0M(1024.0M)]
 [Times: user=0.03 sys=0.00, real=0.04 secs] 
2016-12-20T00:09:02.708+0100: 22777.178: [GC pause (G1 Evacuation Pause) (young), 0.0217023 secs]
   [Parallel Time: 21.1 ms, GC Workers: 1]
      [GC Worker Start (ms):  22777178.7]
      [Ext Root Scanning (ms):  2.4]
      [Update RS (ms):  2.7]
         [Processed Buffers:  37]
      [Scan RS (ms):  4.2]
      [Code Root Scanning (ms):  0.0]
      [Object Copy (ms):  11.7]
      [Termination (ms):  0.0]
         [Termination Attempts:  1]
      [GC Worker Other (ms):  0.0]
      [GC Worker Total (ms):  21.0]
      [GC Worker End (ms):  22777199.7]
   [Code Root Fixup: 0.1 ms]
   [Code Root Purge: 0.0 ms]
   [Clear CT: 0.1 ms]
   [Other: 0.5 ms]
      [Choose CSet: 0.0 ms]
      [Ref Proc: 0.0 ms]
      [Ref Enq: 0.0 ms]
      [Redirty Cards: 0.0 ms]
      [Humongous Register: 0.0 ms]
      [Humongous Reclaim: 0.0 ms]
      [Free CSet: 0.1 ms]
   [Eden: 47.0M(47.0M)->0.0B(47.0M) Survivors: 4096.0K->4096.0K Heap: 381.0M(1024.0M)->334.0M(1024.0M)]
 [Times: user=0.02 sys=0.00, real=0.02 secs] 
2016-12-20T00:09:32.685+0100: 22807.156: [GC pause (G1 Evacuation Pause) (young), 0.0210440 secs]
   [Parallel Time: 20.6 ms, GC Workers: 1]
      [GC Worker Start (ms):  22807156.0]
      [Ext Root Scanning (ms):  1.0]
      [Update RS (ms):  2.4]
         [Processed Buffers:  34]
      [Scan RS (ms):  3.3]
      [Code Root Scanning (ms):  0.0]
      [Object Copy (ms):  13.8]
      [Termination (ms):  0.0]
         [Termination Attempts:  1]
      [GC Worker Other (ms):  0.0]
      [GC Worker Total (ms):  20.6]
      [GC Worker End (ms):  22807176.6]
   [Code Root Fixup: 0.0 ms]
   [Code Root Purge: 0.0 ms]
   [Clear CT: 0.0 ms]
   [Other: 0.4 ms]
      [Choose CSet: 0.0 ms]
      [Ref Proc: 0.1 ms]
      [Ref Enq: 0.0 ms]
      [Redirty Cards: 0.0 ms]
      [Humongous Register: 0.0 ms]
      [Humongous Reclaim: 0.0 ms]
      [Free CSet: 0.0 ms]
   [Eden: 47.0M(47.0M)->0.0B(45.0M) Survivors: 4096.0K->6144.0K Heap: 381.0M(1024.0M)->335.5M(1024.0M)]
 [Times: user=0.02 sys=0.00, real=0.02 secs] 
2016-12-20T00:10:02.068+0100: 22836.538: [GC pause (G1 Evacuation Pause) (young), 0.0225035 secs]
   [Parallel Time: 21.8 ms, GC Workers: 1]
      [GC Worker Start (ms):  22836538.4]
      [Ext Root Scanning (ms):  1.4]
      [Update RS (ms):  2.6]
         [Processed Buffers:  33]
      [Scan RS (ms):  3.4]
      [Code Root Scanning (ms):  0.0]
      [Object Copy (ms):  14.4]
      [Termination (ms):  0.0]
         [Termination Attempts:  1]
      [GC Worker Other (ms):  0.0]
      [GC Worker Total (ms):  21.7]
      [GC Worker End (ms):  22836560.1]
   [Code Root Fixup: 0.1 ms]
   [Code Root Purge: 0.0 ms]
   [Clear CT: 0.1 ms]
   [Other: 0.6 ms]
      [Choose CSet: 0.0 ms]
      [Ref Proc: 0.1 ms]
      [Ref Enq: 0.0 ms]
      [Redirty Cards: 0.1 ms]
      [Humongous Register: 0.1 ms]
      [Humongous Reclaim: 0.0 ms]
      [Free CSet: 0.1 ms]
   [Eden: 45.0M(45.0M)->0.0B(46.0M) Survivors: 6144.0K->5120.0K Heap: 380.5M(1024.0M)->335.9M(1024.0M)]
 [Times: user=0.02 sys=0.00, real=0.02 secs] 
2016-12-20T00:10:31.165+0100: 22865.635: [GC pause (G1 Evacuation Pause) (young), 0.0281759 secs]
   [Parallel Time: 27.7 ms, GC Workers: 1]
      [GC Worker Start (ms):  22865635.6]
      [Ext Root Scanning (ms):  1.4]
      [Update RS (ms):  6.3]
         [Processed Buffers:  35]
      [Scan RS (ms):  4.4]
      [Code Root Scanning (ms):  0.0]
      [Object Copy (ms):  15.4]
      [Termination (ms):  0.0]
         [Termination Attempts:  1]
      [GC Worker Other (ms):  0.1]
      [GC Worker Total (ms):  27.6]
      [GC Worker End (ms):  22865663.2]
   [Code Root Fixup: 0.0 ms]
   [Code Root Purge: 0.0 ms]
   [Clear CT: 0.0 ms]
   [Other: 0.4 ms]
      [Choose CSet: 0.0 ms]
      [Ref Proc: 0.0 ms]
      [Ref Enq: 0.0 ms]
      [Redirty Cards: 0.0 ms]
      [Humongous Register: 0.1 ms]
      [Humongous Reclaim: 0.0 ms]
      [Free CSet: 0.1 ms]
   [Eden: 46.0M(46.0M)->0.0B(46.0M) Survivors: 5120.0K->5120.0K Heap: 381.9M(1024.0M)->337.5M(1024.0M)]
 [Times: user=0.03 sys=0.00, real=0.03 secs] 
2016-12-20T00:11:00.400+0100: 22894.870: [GC pause (G1 Evacuation Pause) (young), 0.0195492 secs]
   [Parallel Time: 19.1 ms, GC Workers: 1]
      [GC Worker Start (ms):  22894870.5]
      [Ext Root Scanning (ms):  0.9]
      [Update RS (ms):  2.4]
         [Processed Buffers:  33]
      [Scan RS (ms):  3.4]
      [Code Root Scanning (ms):  0.0]
      [Object Copy (ms):  12.3]
      [Termination (ms):  0.0]
         [Termination Attempts:  1]
      [GC Worker Other (ms):  0.0]
      [GC Worker Total (ms):  19.1]
      [GC Worker End (ms):  22894889.6]
   [Code Root Fixup: 0.0 ms]
   [Code Root Purge: 0.0 ms]
   [Clear CT: 0.0 ms]
   [Other: 0.4 ms]
      [Choose CSet: 0.0 ms]
      [Ref Proc: 0.0 ms]
      [Ref Enq: 0.0 ms]
      [Redirty Cards: 0.0 ms]
      [Humongous Register: 0.0 ms]
      [Humongous Reclaim: 0.0 ms]
      [Free CSet: 0.0 ms]
   [Eden: 46.0M(46.0M)->0.0B(47.0M) Survivors: 5120.0K->4096.0K Heap: 383.5M(1024.0M)->338.0M(1024.0M)]
 [Times: user=0.01 sys=0.00, real=0.02 secs] 
2016-12-20T00:11:28.448+0100: 22922.919: [GC pause (G1 Evacuation Pause) (young), 0.0166991 secs]
   [Parallel Time: 16.3 ms, GC Workers: 1]
      [GC Worker Start (ms):  22922918.7]
      [Ext Root Scanning (ms):  0.8]
      [Update RS (ms):  2.2]
         [Processed Buffers:  36]
      [Scan RS (ms):  3.6]
      [Code Root Scanning (ms):  0.0]
      [Object Copy (ms):  9.6]
      [Termination (ms):  0.0]
         [Termination Attempts:  1]
      [GC Worker Other (ms):  0.0]
      [GC Worker Total (ms):  16.2]
      [GC Worker End (ms):  22922935.0]
   [Code Root Fixup: 0.0 ms]
   [Code Root Purge: 0.0 ms]
   [Clear CT: 0.0 ms]
   [Other: 0.4 ms]
      [Choose CSet: 0.0 ms]
      [Ref Proc: 0.0 ms]
      [Ref Enq: 0.0 ms]
      [Redirty Cards: 0.1 ms]
      [Humongous Register: 0.0 ms]
      [Humongous Reclaim: 0.0 ms]
      [Free CSet: 0.1 ms]
   [Eden: 47.0M(47.0M)->0.0B(47.0M) Survivors: 4096.0K->4096.0K Heap: 385.0M(1024.0M)->338.0M(1024.0M)]
 [Times: user=0.01 sys=0.00, real=0.02 secs] 
