OpenJDK 64-Bit Server VM (25.111-b14) for linux-amd64 JRE (1.8.0_111-8u111-b14-2ubuntu0.16.10.2-b14), built on Oct 27 2016 14:16:18 by "buildd" with gcc 6.2.0 20161005
Memory: 4k page, physical 1015660k(420736k free), swap 1046524k(1046524k free)
CommandLine flags: -XX:+DisableExplicitGC -XX:InitialHeapSize=1073741824 -XX:InitiatingHeapOccupancyPercent=35 -XX:+ManagementServer -XX:MaxGCPauseMillis=20 -XX:MaxHeapSize=1073741824 -XX:+PrintGC -XX:+PrintGCDateStamps -XX:+PrintGCDetails -XX:+PrintGCTimeStamps -XX:+UseCompressedClassPointers -XX:+UseCompressedOops -XX:+UseG1GC 
2016-12-19T16:31:46.725+0100: 1.595: [GC pause (G1 Evacuation Pause) (young), 0.0096173 secs]
   [Parallel Time: 7.2 ms, GC Workers: 1]
      [GC Worker Start (ms):  1595.1]
      [Ext Root Scanning (ms):  2.1]
      [Update RS (ms):  0.0]
         [Processed Buffers:  0]
      [Scan RS (ms):  0.0]
      [Code Root Scanning (ms):  0.3]
      [Object Copy (ms):  4.7]
      [Termination (ms):  0.0]
         [Termination Attempts:  1]
      [GC Worker Other (ms):  0.0]
      [GC Worker Total (ms):  7.2]
      [GC Worker End (ms):  1602.2]
   [Code Root Fixup: 0.1 ms]
   [Code Root Purge: 0.0 ms]
   [Clear CT: 0.0 ms]
   [Other: 2.3 ms]
      [Choose CSet: 0.0 ms]
      [Ref Proc: 1.9 ms]
      [Ref Enq: 0.0 ms]
      [Redirty Cards: 0.0 ms]
      [Humongous Register: 0.1 ms]
      [Humongous Reclaim: 0.0 ms]
      [Free CSet: 0.1 ms]
   [Eden: 51.0M(51.0M)->0.0B(44.0M) Survivors: 0.0B->7168.0K Heap: 51.0M(1024.0M)->7888.0K(1024.0M)]
 [Times: user=0.01 sys=0.00, real=0.01 secs] 
2016-12-19T16:31:47.632+0100: 2.503: [GC pause (G1 Evacuation Pause) (young), 0.0135690 secs]
   [Parallel Time: 11.8 ms, GC Workers: 1]
      [GC Worker Start (ms):  2502.9]
      [Ext Root Scanning (ms):  1.7]
      [Update RS (ms):  0.1]
         [Processed Buffers:  1]
      [Scan RS (ms):  0.0]
      [Code Root Scanning (ms):  0.9]
      [Object Copy (ms):  4.8]
      [Termination (ms):  0.0]
         [Termination Attempts:  1]
      [GC Worker Other (ms):  0.0]
      [GC Worker Total (ms):  7.5]
      [GC Worker End (ms):  2510.4]
   [Code Root Fixup: 0.4 ms]
   [Code Root Purge: 0.0 ms]
   [Clear CT: 0.1 ms]
   [Other: 1.3 ms]
      [Choose CSet: 0.0 ms]
      [Ref Proc: 0.8 ms]
      [Ref Enq: 0.0 ms]
      [Redirty Cards: 0.0 ms]
      [Humongous Register: 0.1 ms]
      [Humongous Reclaim: 0.0 ms]
      [Free CSet: 0.1 ms]
   [Eden: 44.0M(44.0M)->0.0B(44.0M) Survivors: 7168.0K->7168.0K Heap: 179.7M(1024.0M)->135.2M(1024.0M)]
 [Times: user=0.02 sys=0.00, real=0.02 secs] 
2016-12-19T16:31:47.956+0100: 2.827: [GC pause (G1 Evacuation Pause) (young), 0.0117017 secs]
   [Parallel Time: 10.9 ms, GC Workers: 1]
      [GC Worker Start (ms):  2827.0]
      [Ext Root Scanning (ms):  1.4]
      [Update RS (ms):  0.1]
         [Processed Buffers:  1]
      [Scan RS (ms):  0.0]
      [Code Root Scanning (ms):  1.0]
      [Object Copy (ms):  7.9]
      [Termination (ms):  0.0]
         [Termination Attempts:  1]
      [GC Worker Other (ms):  0.0]
      [GC Worker Total (ms):  10.5]
      [GC Worker End (ms):  2837.5]
   [Code Root Fixup: 0.3 ms]
   [Code Root Purge: 0.0 ms]
   [Clear CT: 0.0 ms]
   [Other: 0.5 ms]
      [Choose CSet: 0.0 ms]
      [Ref Proc: 0.1 ms]
      [Ref Enq: 0.0 ms]
      [Redirty Cards: 0.0 ms]
      [Humongous Register: 0.1 ms]
      [Humongous Reclaim: 0.0 ms]
      [Free CSet: 0.1 ms]
   [Eden: 44.0M(44.0M)->0.0B(48.0M) Survivors: 7168.0K->3072.0K Heap: 179.2M(1024.0M)->133.7M(1024.0M)]
 [Times: user=0.01 sys=0.00, real=0.01 secs] 
2016-12-19T16:31:48.298+0100: 3.168: [GC pause (G1 Evacuation Pause) (young), 0.0057198 secs]
   [Parallel Time: 3.2 ms, GC Workers: 1]
      [GC Worker Start (ms):  3168.6]
      [Ext Root Scanning (ms):  1.2]
      [Update RS (ms):  0.1]
         [Processed Buffers:  8]
      [Scan RS (ms):  0.3]
      [Code Root Scanning (ms):  0.2]
      [Object Copy (ms):  1.4]
      [Termination (ms):  0.0]
         [Termination Attempts:  1]
      [GC Worker Other (ms):  0.0]
      [GC Worker Total (ms):  3.2]
      [GC Worker End (ms):  3171.7]
   [Code Root Fixup: 0.1 ms]
   [Code Root Purge: 0.0 ms]
   [Clear CT: 0.0 ms]
   [Other: 2.4 ms]
      [Choose CSet: 0.0 ms]
      [Ref Proc: 2.1 ms]
      [Ref Enq: 0.0 ms]
      [Redirty Cards: 0.0 ms]
      [Humongous Register: 0.1 ms]
      [Humongous Reclaim: 0.0 ms]
      [Free CSet: 0.0 ms]
   [Eden: 48.0M(48.0M)->0.0B(48.0M) Survivors: 3072.0K->3072.0K Heap: 181.7M(1024.0M)->133.7M(1024.0M)]
 [Times: user=0.00 sys=0.00, real=0.01 secs] 
2016-12-19T16:31:48.591+0100: 3.462: [GC pause (G1 Evacuation Pause) (young), 0.0029179 secs]
   [Parallel Time: 2.5 ms, GC Workers: 1]
      [GC Worker Start (ms):  3462.0]
      [Ext Root Scanning (ms):  0.8]
      [Update RS (ms):  0.2]
         [Processed Buffers:  7]
      [Scan RS (ms):  0.0]
      [Code Root Scanning (ms):  0.2]
      [Object Copy (ms):  1.2]
      [Termination (ms):  0.0]
         [Termination Attempts:  1]
      [GC Worker Other (ms):  0.0]
      [GC Worker Total (ms):  2.5]
      [GC Worker End (ms):  3464.4]
   [Code Root Fixup: 0.1 ms]
   [Code Root Purge: 0.0 ms]
   [Clear CT: 0.0 ms]
   [Other: 0.3 ms]
      [Choose CSet: 0.0 ms]
      [Ref Proc: 0.0 ms]
      [Ref Enq: 0.0 ms]
      [Redirty Cards: 0.0 ms]
      [Humongous Register: 0.1 ms]
      [Humongous Reclaim: 0.0 ms]
      [Free CSet: 0.0 ms]
   [Eden: 48.0M(48.0M)->0.0B(48.0M) Survivors: 3072.0K->3072.0K Heap: 181.7M(1024.0M)->134.2M(1024.0M)]
 [Times: user=0.00 sys=0.00, real=0.00 secs] 
2016-12-19T16:31:48.884+0100: 3.754: [GC pause (Metadata GC Threshold) (young) (initial-mark), 0.0063478 secs]
   [Parallel Time: 5.5 ms, GC Workers: 1]
      [GC Worker Start (ms):  3754.4]
      [Ext Root Scanning (ms):  3.0]
      [Update RS (ms):  0.4]
         [Processed Buffers:  10]
      [Scan RS (ms):  0.0]
      [Code Root Scanning (ms):  0.2]
      [Object Copy (ms):  1.9]
      [Termination (ms):  0.0]
         [Termination Attempts:  1]
      [GC Worker Other (ms):  0.0]
      [GC Worker Total (ms):  5.5]
      [GC Worker End (ms):  3759.9]
   [Code Root Fixup: 0.1 ms]
   [Code Root Purge: 0.0 ms]
   [Clear CT: 0.0 ms]
   [Other: 0.7 ms]
      [Choose CSet: 0.0 ms]
      [Ref Proc: 0.4 ms]
      [Ref Enq: 0.0 ms]
      [Redirty Cards: 0.0 ms]
      [Humongous Register: 0.0 ms]
      [Humongous Reclaim: 0.0 ms]
      [Free CSet: 0.0 ms]
   [Eden: 26.0M(48.0M)->0.0B(47.0M) Survivors: 3072.0K->4096.0K Heap: 160.0M(1024.0M)->134.7M(1024.0M)]
 [Times: user=0.01 sys=0.00, real=0.00 secs] 
2016-12-19T16:31:48.890+0100: 3.761: [GC concurrent-root-region-scan-start]
2016-12-19T16:31:48.895+0100: 3.765: [GC concurrent-root-region-scan-end, 0.0045281 secs]
2016-12-19T16:31:48.895+0100: 3.765: [GC concurrent-mark-start]
2016-12-19T16:31:48.908+0100: 3.779: [GC concurrent-mark-end, 0.0134409 secs]
2016-12-19T16:31:48.908+0100: 3.779: [GC remark 2016-12-19T16:31:48.908+0100: 3.779: [Finalize Marking, 0.0000504 secs] 2016-12-19T16:31:48.908+0100: 3.779: [GC ref-proc, 0.0000538 secs] 2016-12-19T16:31:48.908+0100: 3.779: [Unloading, 0.0109172 secs], 0.0195860 secs]
 [Times: user=0.02 sys=0.00, real=0.02 secs] 
2016-12-19T16:31:48.929+0100: 3.799: [GC cleanup 135M->135M(1024M), 0.0013005 secs]
 [Times: user=0.00 sys=0.00, real=0.00 secs] 
2016-12-19T16:31:49.310+0100: 4.180: [GC pause (G1 Evacuation Pause) (young), 0.0062686 secs]
   [Parallel Time: 5.6 ms, GC Workers: 1]
      [GC Worker Start (ms):  4180.2]
      [Ext Root Scanning (ms):  1.6]
      [Update RS (ms):  0.4]
         [Processed Buffers:  13]
      [Scan RS (ms):  0.0]
      [Code Root Scanning (ms):  0.3]
      [Object Copy (ms):  3.3]
      [Termination (ms):  0.0]
         [Termination Attempts:  1]
      [GC Worker Other (ms):  0.0]
      [GC Worker Total (ms):  5.6]
      [GC Worker End (ms):  4185.8]
   [Code Root Fixup: 0.1 ms]
   [Code Root Purge: 0.0 ms]
   [Clear CT: 0.0 ms]
   [Other: 0.5 ms]
      [Choose CSet: 0.0 ms]
      [Ref Proc: 0.2 ms]
      [Ref Enq: 0.0 ms]
      [Redirty Cards: 0.0 ms]
      [Humongous Register: 0.1 ms]
      [Humongous Reclaim: 0.0 ms]
      [Free CSet: 0.0 ms]
   [Eden: 47.0M(47.0M)->0.0B(47.0M) Survivors: 4096.0K->4096.0K Heap: 181.7M(1024.0M)->135.2M(1024.0M)]
 [Times: user=0.01 sys=0.00, real=0.01 secs] 
2016-12-19T16:31:49.500+0100: 4.371: [GC pause (G1 Evacuation Pause) (young), 0.0076033 secs]
   [Parallel Time: 4.4 ms, GC Workers: 1]
      [GC Worker Start (ms):  4370.7]
      [Ext Root Scanning (ms):  1.2]
      [Update RS (ms):  0.3]
         [Processed Buffers:  7]
      [Scan RS (ms):  0.0]
      [Code Root Scanning (ms):  0.3]
      [Object Copy (ms):  2.5]
      [Termination (ms):  0.0]
         [Termination Attempts:  1]
      [GC Worker Other (ms):  0.0]
      [GC Worker Total (ms):  4.3]
      [GC Worker End (ms):  4375.0]
   [Code Root Fixup: 0.1 ms]
   [Code Root Purge: 0.0 ms]
   [Clear CT: 0.0 ms]
   [Other: 3.1 ms]
      [Choose CSet: 0.0 ms]
      [Ref Proc: 2.8 ms]
      [Ref Enq: 0.0 ms]
      [Redirty Cards: 0.0 ms]
      [Humongous Register: 0.1 ms]
      [Humongous Reclaim: 0.0 ms]
      [Free CSet: 0.0 ms]
   [Eden: 47.0M(47.0M)->0.0B(47.0M) Survivors: 4096.0K->4096.0K Heap: 182.2M(1024.0M)->134.7M(1024.0M)]
 [Times: user=0.00 sys=0.00, real=0.00 secs] 
2016-12-19T16:31:49.688+0100: 4.558: [GC pause (G1 Evacuation Pause) (young), 0.0055419 secs]
   [Parallel Time: 5.0 ms, GC Workers: 1]
      [GC Worker Start (ms):  4558.1]
      [Ext Root Scanning (ms):  1.2]
      [Update RS (ms):  0.5]
         [Processed Buffers:  6]
      [Scan RS (ms):  0.0]
      [Code Root Scanning (ms):  0.3]
      [Object Copy (ms):  2.9]
      [Termination (ms):  0.0]
         [Termination Attempts:  1]
      [GC Worker Other (ms):  0.0]
      [GC Worker Total (ms):  5.0]
      [GC Worker End (ms):  4563.1]
   [Code Root Fixup: 0.1 ms]
   [Code Root Purge: 0.0 ms]
   [Clear CT: 0.0 ms]
   [Other: 0.4 ms]
      [Choose CSet: 0.0 ms]
      [Ref Proc: 0.1 ms]
      [Ref Enq: 0.0 ms]
      [Redirty Cards: 0.0 ms]
      [Humongous Register: 0.1 ms]
      [Humongous Reclaim: 0.0 ms]
      [Free CSet: 0.0 ms]
   [Eden: 47.0M(47.0M)->0.0B(47.0M) Survivors: 4096.0K->4096.0K Heap: 181.7M(1024.0M)->134.7M(1024.0M)]
 [Times: user=0.01 sys=0.00, real=0.01 secs] 
2016-12-19T16:31:50.156+0100: 5.027: [GC pause (G1 Humongous Allocation) (young) (initial-mark), 0.0058198 secs]
   [Parallel Time: 4.8 ms, GC Workers: 1]
      [GC Worker Start (ms):  5027.2]
      [Ext Root Scanning (ms):  1.3]
      [Update RS (ms):  0.4]
         [Processed Buffers:  10]
      [Scan RS (ms):  0.0]
      [Code Root Scanning (ms):  0.3]
      [Object Copy (ms):  2.8]
      [Termination (ms):  0.0]
         [Termination Attempts:  1]
      [GC Worker Other (ms):  0.0]
      [GC Worker Total (ms):  4.8]
      [GC Worker End (ms):  5031.9]
   [Code Root Fixup: 0.1 ms]
   [Code Root Purge: 0.0 ms]
   [Clear CT: 0.0 ms]
   [Other: 0.9 ms]
      [Choose CSet: 0.0 ms]
      [Ref Proc: 0.1 ms]
      [Ref Enq: 0.0 ms]
      [Redirty Cards: 0.0 ms]
      [Humongous Register: 0.0 ms]
      [Humongous Reclaim: 0.3 ms]
      [Free CSet: 0.1 ms]
   [Eden: 36.0M(47.0M)->0.0B(47.0M) Survivors: 4096.0K->4096.0K Heap: 355.2M(1024.0M)->134.7M(1024.0M)]
 [Times: user=0.01 sys=0.00, real=0.01 secs] 
2016-12-19T16:31:50.162+0100: 5.033: [GC concurrent-root-region-scan-start]
2016-12-19T16:31:50.169+0100: 5.040: [GC concurrent-root-region-scan-end, 0.0067879 secs]
2016-12-19T16:31:50.169+0100: 5.040: [GC concurrent-mark-start]
2016-12-19T16:31:50.192+0100: 5.062: [GC concurrent-mark-end, 0.0224997 secs]
2016-12-19T16:31:50.192+0100: 5.062: [GC remark 2016-12-19T16:31:50.192+0100: 5.062: [Finalize Marking, 0.0000555 secs] 2016-12-19T16:31:50.192+0100: 5.062: [GC ref-proc, 0.0000522 secs] 2016-12-19T16:31:50.192+0100: 5.062: [Unloading, 0.0116444 secs], 0.0151165 secs]
 [Times: user=0.01 sys=0.00, real=0.01 secs] 
2016-12-19T16:31:50.208+0100: 5.078: [GC cleanup 170M->170M(1024M), 0.0011877 secs]
 [Times: user=0.00 sys=0.00, real=0.00 secs] 
2016-12-19T16:32:09.971+0100: 24.841: [GC pause (G1 Evacuation Pause) (young), 0.0096340 secs]
   [Parallel Time: 8.8 ms, GC Workers: 1]
      [GC Worker Start (ms):  24841.1]
      [Ext Root Scanning (ms):  1.2]
      [Update RS (ms):  0.4]
         [Processed Buffers:  14]
      [Scan RS (ms):  0.0]
      [Code Root Scanning (ms):  0.4]
      [Object Copy (ms):  6.7]
      [Termination (ms):  0.0]
         [Termination Attempts:  1]
      [GC Worker Other (ms):  0.0]
      [GC Worker Total (ms):  8.8]
      [GC Worker End (ms):  24849.8]
   [Code Root Fixup: 0.1 ms]
   [Code Root Purge: 0.0 ms]
   [Clear CT: 0.0 ms]
   [Other: 0.6 ms]
      [Choose CSet: 0.0 ms]
      [Ref Proc: 0.3 ms]
      [Ref Enq: 0.0 ms]
      [Redirty Cards: 0.0 ms]
      [Humongous Register: 0.1 ms]
      [Humongous Reclaim: 0.1 ms]
      [Free CSet: 0.0 ms]
   [Eden: 47.0M(47.0M)->0.0B(47.0M) Survivors: 4096.0K->4096.0K Heap: 246.7M(1024.0M)->135.2M(1024.0M)]
 [Times: user=0.00 sys=0.00, real=0.02 secs] 
2016-12-19T16:32:19.323+0100: 34.194: [GC pause (G1 Evacuation Pause) (young), 0.0080882 secs]
   [Parallel Time: 7.4 ms, GC Workers: 1]
      [GC Worker Start (ms):  34194.0]
      [Ext Root Scanning (ms):  1.4]
      [Update RS (ms):  0.4]
         [Processed Buffers:  10]
      [Scan RS (ms):  0.0]
      [Code Root Scanning (ms):  0.5]
      [Object Copy (ms):  5.0]
      [Termination (ms):  0.0]
         [Termination Attempts:  1]
      [GC Worker Other (ms):  0.0]
      [GC Worker Total (ms):  7.4]
      [GC Worker End (ms):  34201.3]
   [Code Root Fixup: 0.2 ms]
   [Code Root Purge: 0.0 ms]
   [Clear CT: 0.0 ms]
   [Other: 0.5 ms]
      [Choose CSet: 0.0 ms]
      [Ref Proc: 0.1 ms]
      [Ref Enq: 0.0 ms]
      [Redirty Cards: 0.0 ms]
      [Humongous Register: 0.1 ms]
      [Humongous Reclaim: 0.0 ms]
      [Free CSet: 0.1 ms]
   [Eden: 47.0M(47.0M)->0.0B(53.0M) Survivors: 4096.0K->4096.0K Heap: 182.2M(1024.0M)->135.2M(1024.0M)]
 [Times: user=0.01 sys=0.00, real=0.01 secs] 
2016-12-19T16:32:27.485+0100: 42.355: [GC pause (G1 Evacuation Pause) (young), 0.0076799 secs]
   [Parallel Time: 7.1 ms, GC Workers: 1]
      [GC Worker Start (ms):  42355.2]
      [Ext Root Scanning (ms):  1.0]
      [Update RS (ms):  0.4]
         [Processed Buffers:  8]
      [Scan RS (ms):  0.0]
      [Code Root Scanning (ms):  0.5]
      [Object Copy (ms):  5.2]
      [Termination (ms):  0.0]
         [Termination Attempts:  1]
      [GC Worker Other (ms):  0.0]
      [GC Worker Total (ms):  7.1]
      [GC Worker End (ms):  42362.3]
   [Code Root Fixup: 0.2 ms]
   [Code Root Purge: 0.0 ms]
   [Clear CT: 0.0 ms]
   [Other: 0.4 ms]
      [Choose CSet: 0.0 ms]
      [Ref Proc: 0.0 ms]
      [Ref Enq: 0.0 ms]
      [Redirty Cards: 0.0 ms]
      [Humongous Register: 0.1 ms]
      [Humongous Reclaim: 0.0 ms]
      [Free CSet: 0.0 ms]
   [Eden: 53.0M(53.0M)->0.0B(63.0M) Survivors: 4096.0K->5120.0K Heap: 188.2M(1024.0M)->135.7M(1024.0M)]
 [Times: user=0.00 sys=0.00, real=0.01 secs] 
2016-12-19T16:32:47.424+0100: 62.295: [GC pause (G1 Evacuation Pause) (young), 0.0148930 secs]
   [Parallel Time: 14.3 ms, GC Workers: 1]
      [GC Worker Start (ms):  62294.7]
      [Ext Root Scanning (ms):  1.3]
      [Update RS (ms):  0.4]
         [Processed Buffers:  6]
      [Scan RS (ms):  0.0]
      [Code Root Scanning (ms):  0.5]
      [Object Copy (ms):  12.1]
      [Termination (ms):  0.0]
         [Termination Attempts:  1]
      [GC Worker Other (ms):  0.0]
      [GC Worker Total (ms):  14.3]
      [GC Worker End (ms):  62309.0]
   [Code Root Fixup: 0.2 ms]
   [Code Root Purge: 0.0 ms]
   [Clear CT: 0.0 ms]
   [Other: 0.4 ms]
      [Choose CSet: 0.0 ms]
      [Ref Proc: 0.0 ms]
      [Ref Enq: 0.0 ms]
      [Redirty Cards: 0.0 ms]
      [Humongous Register: 0.1 ms]
      [Humongous Reclaim: 0.0 ms]
      [Free CSet: 0.0 ms]
   [Eden: 63.0M(63.0M)->0.0B(126.0M) Survivors: 5120.0K->5120.0K Heap: 198.7M(1024.0M)->136.2M(1024.0M)]
 [Times: user=0.01 sys=0.00, real=0.01 secs] 
2016-12-19T16:34:07.970+0100: 142.841: [GC pause (G1 Evacuation Pause) (young), 0.0280277 secs]
   [Parallel Time: 27.2 ms, GC Workers: 1]
      [GC Worker Start (ms):  142840.9]
      [Ext Root Scanning (ms):  1.9]
      [Update RS (ms):  0.6]
         [Processed Buffers:  8]
      [Scan RS (ms):  0.1]
      [Code Root Scanning (ms):  0.7]
      [Object Copy (ms):  23.9]
      [Termination (ms):  0.0]
         [Termination Attempts:  1]
      [GC Worker Other (ms):  0.0]
      [GC Worker Total (ms):  27.1]
      [GC Worker End (ms):  142868.1]
   [Code Root Fixup: 0.2 ms]
   [Code Root Purge: 0.0 ms]
   [Clear CT: 0.1 ms]
   [Other: 0.6 ms]
      [Choose CSet: 0.0 ms]
      [Ref Proc: 0.1 ms]
      [Ref Enq: 0.0 ms]
      [Redirty Cards: 0.0 ms]
      [Humongous Register: 0.1 ms]
      [Humongous Reclaim: 0.0 ms]
      [Free CSet: 0.1 ms]
   [Eden: 126.0M(126.0M)->0.0B(43.0M) Survivors: 5120.0K->8192.0K Heap: 262.2M(1024.0M)->139.2M(1024.0M)]
 [Times: user=0.02 sys=0.01, real=0.03 secs] 
2016-12-19T16:34:35.193+0100: 170.063: [GC pause (G1 Evacuation Pause) (young), 0.0173818 secs]
   [Parallel Time: 16.7 ms, GC Workers: 1]
      [GC Worker Start (ms):  170063.5]
      [Ext Root Scanning (ms):  1.1]
      [Update RS (ms):  0.4]
         [Processed Buffers:  6]
      [Scan RS (ms):  0.0]
      [Code Root Scanning (ms):  0.8]
      [Object Copy (ms):  14.4]
      [Termination (ms):  0.0]
         [Termination Attempts:  1]
      [GC Worker Other (ms):  0.0]
      [GC Worker Total (ms):  16.7]
      [GC Worker End (ms):  170080.2]
   [Code Root Fixup: 0.2 ms]
   [Code Root Purge: 0.0 ms]
   [Clear CT: 0.0 ms]
   [Other: 0.4 ms]
      [Choose CSet: 0.0 ms]
      [Ref Proc: 0.0 ms]
      [Ref Enq: 0.0 ms]
      [Redirty Cards: 0.0 ms]
      [Humongous Register: 0.1 ms]
      [Humongous Reclaim: 0.0 ms]
      [Free CSet: 0.0 ms]
   [Eden: 43.0M(43.0M)->0.0B(46.0M) Survivors: 8192.0K->5120.0K Heap: 182.2M(1024.0M)->140.1M(1024.0M)]
 [Times: user=0.01 sys=0.00, real=0.01 secs] 
2016-12-19T16:35:04.374+0100: 199.244: [GC pause (G1 Evacuation Pause) (young), 0.0148760 secs]
   [Parallel Time: 14.5 ms, GC Workers: 1]
      [GC Worker Start (ms):  199244.3]
      [Ext Root Scanning (ms):  0.8]
      [Update RS (ms):  2.3]
         [Processed Buffers:  44]
      [Scan RS (ms):  0.2]
      [Code Root Scanning (ms):  0.0]
      [Object Copy (ms):  11.1]
      [Termination (ms):  0.0]
         [Termination Attempts:  1]
      [GC Worker Other (ms):  0.0]
      [GC Worker Total (ms):  14.4]
      [GC Worker End (ms):  199258.7]
   [Code Root Fixup: 0.0 ms]
   [Code Root Purge: 0.0 ms]
   [Clear CT: 0.0 ms]
   [Other: 0.4 ms]
      [Choose CSet: 0.0 ms]
      [Ref Proc: 0.0 ms]
      [Ref Enq: 0.0 ms]
      [Redirty Cards: 0.0 ms]
      [Humongous Register: 0.1 ms]
      [Humongous Reclaim: 0.0 ms]
      [Free CSet: 0.0 ms]
   [Eden: 46.0M(46.0M)->0.0B(55.0M) Survivors: 5120.0K->3072.0K Heap: 186.1M(1024.0M)->142.0M(1024.0M)]
 [Times: user=0.01 sys=0.00, real=0.01 secs] 
2016-12-19T16:35:34.818+0100: 229.688: [GC pause (G1 Evacuation Pause) (young), 0.0104594 secs]
   [Parallel Time: 10.0 ms, GC Workers: 1]
      [GC Worker Start (ms):  229688.2]
      [Ext Root Scanning (ms):  1.0]
      [Update RS (ms):  2.0]
         [Processed Buffers:  43]
      [Scan RS (ms):  0.3]
      [Code Root Scanning (ms):  0.0]
      [Object Copy (ms):  6.7]
      [Termination (ms):  0.0]
         [Termination Attempts:  1]
      [GC Worker Other (ms):  0.0]
      [GC Worker Total (ms):  10.0]
      [GC Worker End (ms):  229698.2]
   [Code Root Fixup: 0.0 ms]
   [Code Root Purge: 0.0 ms]
   [Clear CT: 0.0 ms]
   [Other: 0.4 ms]
      [Choose CSet: 0.0 ms]
      [Ref Proc: 0.0 ms]
      [Ref Enq: 0.0 ms]
      [Redirty Cards: 0.0 ms]
      [Humongous Register: 0.1 ms]
      [Humongous Reclaim: 0.0 ms]
      [Free CSet: 0.0 ms]
   [Eden: 48.0M(48.0M)->0.0B(47.0M) Survivors: 3072.0K->4096.0K Heap: 190.0M(1024.0M)->143.0M(1024.0M)]
 [Times: user=0.01 sys=0.00, real=0.01 secs] 
2016-12-19T16:36:04.711+0100: 259.582: [GC pause (G1 Evacuation Pause) (young), 0.0186082 secs]
   [Parallel Time: 17.7 ms, GC Workers: 1]
      [GC Worker Start (ms):  259582.2]
      [Ext Root Scanning (ms):  1.6]
      [Update RS (ms):  1.4]
         [Processed Buffers:  26]
      [Scan RS (ms):  0.0]
      [Code Root Scanning (ms):  0.0]
      [Object Copy (ms):  14.7]
      [Termination (ms):  0.0]
         [Termination Attempts:  1]
      [GC Worker Other (ms):  0.0]
      [GC Worker Total (ms):  17.7]
      [GC Worker End (ms):  259599.9]
   [Code Root Fixup: 0.0 ms]
   [Code Root Purge: 0.0 ms]
   [Clear CT: 0.0 ms]
   [Other: 0.8 ms]
      [Choose CSet: 0.1 ms]
      [Ref Proc: 0.0 ms]
      [Ref Enq: 0.0 ms]
      [Redirty Cards: 0.0 ms]
      [Humongous Register: 0.1 ms]
      [Humongous Reclaim: 0.0 ms]
      [Free CSet: 0.0 ms]
   [Eden: 47.0M(47.0M)->0.0B(46.0M) Survivors: 4096.0K->5120.0K Heap: 190.0M(1024.0M)->144.0M(1024.0M)]
 [Times: user=0.02 sys=0.00, real=0.02 secs] 
2016-12-19T16:36:34.060+0100: 288.931: [GC pause (G1 Evacuation Pause) (young), 0.0043217 secs]
   [Parallel Time: 3.9 ms, GC Workers: 1]
      [GC Worker Start (ms):  288931.0]
      [Ext Root Scanning (ms):  0.8]
      [Update RS (ms):  0.7]
         [Processed Buffers:  28]
      [Scan RS (ms):  0.0]
      [Code Root Scanning (ms):  0.0]
      [Object Copy (ms):  2.2]
      [Termination (ms):  0.0]
         [Termination Attempts:  1]
      [GC Worker Other (ms):  0.0]
      [GC Worker Total (ms):  3.8]
      [GC Worker End (ms):  288934.8]
   [Code Root Fixup: 0.0 ms]
   [Code Root Purge: 0.0 ms]
   [Clear CT: 0.0 ms]
   [Other: 0.4 ms]
      [Choose CSet: 0.0 ms]
      [Ref Proc: 0.0 ms]
      [Ref Enq: 0.0 ms]
      [Redirty Cards: 0.0 ms]
      [Humongous Register: 0.1 ms]
      [Humongous Reclaim: 0.0 ms]
      [Free CSet: 0.0 ms]
   [Eden: 46.0M(46.0M)->0.0B(139.0M) Survivors: 5120.0K->2048.0K Heap: 190.0M(1024.0M)->140.7M(1024.0M)]
 [Times: user=0.00 sys=0.00, real=0.00 secs] 
2016-12-19T16:37:50.888+0100: 365.758: [GC pause (G1 Evacuation Pause) (young), 0.0125259 secs]
   [Parallel Time: 11.7 ms, GC Workers: 1]
      [GC Worker Start (ms):  365758.6]
      [Ext Root Scanning (ms):  1.0]
      [Update RS (ms):  2.0]
         [Processed Buffers:  41]
      [Scan RS (ms):  0.0]
      [Code Root Scanning (ms):  0.1]
      [Object Copy (ms):  8.5]
      [Termination (ms):  0.0]
         [Termination Attempts:  1]
      [GC Worker Other (ms):  0.0]
      [GC Worker Total (ms):  11.7]
      [GC Worker End (ms):  365770.3]
   [Code Root Fixup: 0.0 ms]
   [Code Root Purge: 0.0 ms]
   [Clear CT: 0.1 ms]
   [Other: 0.7 ms]
      [Choose CSet: 0.0 ms]
      [Ref Proc: 0.3 ms]
      [Ref Enq: 0.0 ms]
      [Redirty Cards: 0.0 ms]
      [Humongous Register: 0.1 ms]
      [Humongous Reclaim: 0.0 ms]
      [Free CSet: 0.1 ms]
   [Eden: 139.0M(139.0M)->0.0B(118.0M) Survivors: 2048.0K->4096.0K Heap: 279.7M(1024.0M)->142.7M(1024.0M)]
 [Times: user=0.01 sys=0.00, real=0.02 secs] 
2016-12-19T16:40:30.776+0100: 525.647: [GC pause (G1 Evacuation Pause) (young), 0.0100366 secs]
   [Parallel Time: 8.8 ms, GC Workers: 1]
      [GC Worker Start (ms):  525646.9]
      [Ext Root Scanning (ms):  1.4]
      [Update RS (ms):  2.1]
         [Processed Buffers:  33]
      [Scan RS (ms):  0.0]
      [Code Root Scanning (ms):  0.2]
      [Object Copy (ms):  5.0]
      [Termination (ms):  0.0]
         [Termination Attempts:  1]
      [GC Worker Other (ms):  0.0]
      [GC Worker Total (ms):  8.7]
      [GC Worker End (ms):  525655.7]
   [Code Root Fixup: 0.1 ms]
   [Code Root Purge: 0.0 ms]
   [Clear CT: 0.1 ms]
   [Other: 1.1 ms]
      [Choose CSet: 0.0 ms]
      [Ref Proc: 0.0 ms]
      [Ref Enq: 0.0 ms]
      [Redirty Cards: 0.0 ms]
      [Humongous Register: 0.3 ms]
      [Humongous Reclaim: 0.0 ms]
      [Free CSet: 0.5 ms]
   [Eden: 118.0M(118.0M)->0.0B(157.0M) Survivors: 4096.0K->3072.0K Heap: 260.7M(1024.0M)->141.7M(1024.0M)]
 [Times: user=0.01 sys=0.00, real=0.01 secs] 
2016-12-19T16:44:05.998+0100: 740.868: [GC pause (G1 Evacuation Pause) (young), 0.0257119 secs]
   [Parallel Time: 21.3 ms, GC Workers: 1]
      [GC Worker Start (ms):  740868.1]
      [Ext Root Scanning (ms):  2.2]
      [Update RS (ms):  1.4]
         [Processed Buffers:  37]
      [Scan RS (ms):  0.1]
      [Code Root Scanning (ms):  0.1]
      [Object Copy (ms):  17.4]
      [Termination (ms):  0.0]
         [Termination Attempts:  1]
      [GC Worker Other (ms):  0.0]
      [GC Worker Total (ms):  21.3]
      [GC Worker End (ms):  740889.4]
   [Code Root Fixup: 0.1 ms]
   [Code Root Purge: 0.0 ms]
   [Clear CT: 0.1 ms]
   [Other: 4.3 ms]
      [Choose CSet: 0.0 ms]
      [Ref Proc: 0.1 ms]
      [Ref Enq: 0.0 ms]
      [Redirty Cards: 0.0 ms]
      [Humongous Register: 0.1 ms]
      [Humongous Reclaim: 0.0 ms]
      [Free CSet: 3.9 ms]
   [Eden: 157.0M(157.0M)->0.0B(94.0M) Survivors: 3072.0K->7168.0K Heap: 298.7M(1024.0M)->145.7M(1024.0M)]
 [Times: user=0.03 sys=0.00, real=0.03 secs] 
2016-12-19T16:46:16.262+0100: 871.132: [GC pause (G1 Evacuation Pause) (young), 0.0249965 secs]
   [Parallel Time: 21.3 ms, GC Workers: 1]
      [GC Worker Start (ms):  871132.6]
      [Ext Root Scanning (ms):  3.1]
      [Update RS (ms):  1.3]
         [Processed Buffers:  35]
      [Scan RS (ms):  0.1]
      [Code Root Scanning (ms):  0.1]
      [Object Copy (ms):  16.6]
      [Termination (ms):  0.0]
         [Termination Attempts:  1]
      [GC Worker Other (ms):  0.0]
      [GC Worker Total (ms):  21.3]
      [GC Worker End (ms):  871153.8]
   [Code Root Fixup: 0.1 ms]
   [Code Root Purge: 0.0 ms]
   [Clear CT: 0.1 ms]
   [Other: 3.5 ms]
      [Choose CSet: 0.0 ms]
      [Ref Proc: 0.2 ms]
      [Ref Enq: 0.0 ms]
      [Redirty Cards: 0.0 ms]
      [Humongous Register: 0.1 ms]
      [Humongous Reclaim: 0.1 ms]
      [Free CSet: 2.5 ms]
   [Eden: 94.0M(94.0M)->0.0B(60.0M) Survivors: 7168.0K->6144.0K Heap: 239.7M(1024.0M)->144.7M(1024.0M)]
 [Times: user=0.02 sys=0.00, real=0.02 secs] 
2016-12-19T16:47:38.617+0100: 953.487: [GC pause (G1 Evacuation Pause) (young), 0.0175548 secs]
   [Parallel Time: 17.0 ms, GC Workers: 1]
      [GC Worker Start (ms):  953487.2]
      [Ext Root Scanning (ms):  1.0]
      [Update RS (ms):  1.5]
         [Processed Buffers:  34]
      [Scan RS (ms):  0.0]
      [Code Root Scanning (ms):  0.1]
      [Object Copy (ms):  14.4]
      [Termination (ms):  0.0]
         [Termination Attempts:  1]
      [GC Worker Other (ms):  0.0]
      [GC Worker Total (ms):  17.0]
      [GC Worker End (ms):  953504.2]
   [Code Root Fixup: 0.1 ms]
   [Code Root Purge: 0.0 ms]
   [Clear CT: 0.0 ms]
   [Other: 0.4 ms]
      [Choose CSet: 0.0 ms]
      [Ref Proc: 0.0 ms]
      [Ref Enq: 0.0 ms]
      [Redirty Cards: 0.0 ms]
      [Humongous Register: 0.1 ms]
      [Humongous Reclaim: 0.0 ms]
      [Free CSet: 0.0 ms]
   [Eden: 60.0M(60.0M)->0.0B(44.0M) Survivors: 6144.0K->7168.0K Heap: 204.7M(1024.0M)->146.0M(1024.0M)]
 [Times: user=0.02 sys=0.00, real=0.02 secs] 
2016-12-19T16:48:39.372+0100: 1014.242: [GC pause (G1 Evacuation Pause) (young), 0.0237672 secs]
   [Parallel Time: 23.2 ms, GC Workers: 1]
      [GC Worker Start (ms):  1014242.6]
      [Ext Root Scanning (ms):  1.2]
      [Update RS (ms):  2.1]
         [Processed Buffers:  37]
      [Scan RS (ms):  0.0]
      [Code Root Scanning (ms):  0.1]
      [Object Copy (ms):  19.6]
      [Termination (ms):  0.0]
         [Termination Attempts:  1]
      [GC Worker Other (ms):  0.1]
      [GC Worker Total (ms):  23.1]
      [GC Worker End (ms):  1014265.8]
   [Code Root Fixup: 0.1 ms]
   [Code Root Purge: 0.0 ms]
   [Clear CT: 0.0 ms]
   [Other: 0.5 ms]
      [Choose CSet: 0.0 ms]
      [Ref Proc: 0.0 ms]
      [Ref Enq: 0.0 ms]
      [Redirty Cards: 0.0 ms]
      [Humongous Register: 0.1 ms]
      [Humongous Reclaim: 0.0 ms]
      [Free CSet: 0.0 ms]
   [Eden: 44.0M(44.0M)->0.0B(81.0M) Survivors: 7168.0K->4096.0K Heap: 190.0M(1024.0M)->148.1M(1024.0M)]
 [Times: user=0.03 sys=0.00, real=0.02 secs] 
2016-12-19T16:49:44.255+0100: 1079.125: [GC pause (G1 Evacuation Pause) (young), 0.0113803 secs]
   [Parallel Time: 10.8 ms, GC Workers: 1]
      [GC Worker Start (ms):  1079125.6]
      [Ext Root Scanning (ms):  1.7]
      [Update RS (ms):  4.2]
         [Processed Buffers:  51]
      [Scan RS (ms):  0.6]
      [Code Root Scanning (ms):  0.0]
      [Object Copy (ms):  4.3]
      [Termination (ms):  0.0]
         [Termination Attempts:  1]
      [GC Worker Other (ms):  0.0]
      [GC Worker Total (ms):  10.8]
      [GC Worker End (ms):  1079136.4]
   [Code Root Fixup: 0.0 ms]
   [Code Root Purge: 0.0 ms]
   [Clear CT: 0.0 ms]
   [Other: 0.5 ms]
      [Choose CSet: 0.0 ms]
      [Ref Proc: 0.0 ms]
      [Ref Enq: 0.0 ms]
      [Redirty Cards: 0.0 ms]
      [Humongous Register: 0.1 ms]
      [Humongous Reclaim: 0.0 ms]
      [Free CSet: 0.0 ms]
   [Eden: 47.0M(47.0M)->0.0B(106.0M) Survivors: 4096.0K->3072.0K Heap: 195.1M(1024.0M)->147.1M(1024.0M)]
 [Times: user=0.02 sys=0.00, real=0.01 secs] 
2016-12-19T16:52:09.971+0100: 1224.841: [GC pause (G1 Evacuation Pause) (young), 0.0156480 secs]
   [Parallel Time: 14.7 ms, GC Workers: 1]
      [GC Worker Start (ms):  1224841.4]
      [Ext Root Scanning (ms):  0.9]
      [Update RS (ms):  2.1]
         [Processed Buffers:  39]
      [Scan RS (ms):  0.0]
      [Code Root Scanning (ms):  0.0]
      [Object Copy (ms):  11.6]
      [Termination (ms):  0.0]
         [Termination Attempts:  1]
      [GC Worker Other (ms):  0.0]
      [GC Worker Total (ms):  14.7]
      [GC Worker End (ms):  1224856.0]
   [Code Root Fixup: 0.1 ms]
   [Code Root Purge: 0.0 ms]
   [Clear CT: 0.1 ms]
   [Other: 0.8 ms]
      [Choose CSet: 0.0 ms]
      [Ref Proc: 0.1 ms]
      [Ref Enq: 0.0 ms]
      [Redirty Cards: 0.1 ms]
      [Humongous Register: 0.2 ms]
      [Humongous Reclaim: 0.0 ms]
      [Free CSet: 0.1 ms]
   [Eden: 106.0M(106.0M)->0.0B(65.0M) Survivors: 3072.0K->5120.0K Heap: 253.1M(1024.0M)->149.6M(1024.0M)]
 [Times: user=0.02 sys=0.00, real=0.02 secs] 
2016-12-19T16:53:39.895+0100: 1314.765: [GC pause (G1 Evacuation Pause) (young), 0.0090761 secs]
   [Parallel Time: 8.6 ms, GC Workers: 1]
      [GC Worker Start (ms):  1314765.5]
      [Ext Root Scanning (ms):  1.1]
      [Update RS (ms):  1.2]
         [Processed Buffers:  33]
      [Scan RS (ms):  0.2]
      [Code Root Scanning (ms):  0.0]
      [Object Copy (ms):  6.1]
      [Termination (ms):  0.0]
         [Termination Attempts:  1]
      [GC Worker Other (ms):  0.0]
      [GC Worker Total (ms):  8.6]
      [GC Worker End (ms):  1314774.1]
   [Code Root Fixup: 0.0 ms]
   [Code Root Purge: 0.0 ms]
   [Clear CT: 0.0 ms]
   [Other: 0.4 ms]
      [Choose CSet: 0.0 ms]
      [Ref Proc: 0.0 ms]
      [Ref Enq: 0.0 ms]
      [Redirty Cards: 0.0 ms]
      [Humongous Register: 0.1 ms]
      [Humongous Reclaim: 0.0 ms]
      [Free CSet: 0.0 ms]
   [Eden: 65.0M(65.0M)->0.0B(147.0M) Survivors: 5120.0K->4096.0K Heap: 214.6M(1024.0M)->148.1M(1024.0M)]
 [Times: user=0.01 sys=0.00, real=0.01 secs] 
2016-12-19T16:57:03.942+0100: 1518.812: [GC pause (G1 Evacuation Pause) (young), 0.0195524 secs]
   [Parallel Time: 19.0 ms, GC Workers: 1]
      [GC Worker Start (ms):  1518812.4]
      [Ext Root Scanning (ms):  1.0]
      [Update RS (ms):  2.0]
         [Processed Buffers:  35]
      [Scan RS (ms):  0.1]
      [Code Root Scanning (ms):  0.0]
      [Object Copy (ms):  15.8]
      [Termination (ms):  0.0]
         [Termination Attempts:  1]
      [GC Worker Other (ms):  0.0]
      [GC Worker Total (ms):  19.0]
      [GC Worker End (ms):  1518831.3]
   [Code Root Fixup: 0.0 ms]
   [Code Root Purge: 0.0 ms]
   [Clear CT: 0.1 ms]
   [Other: 0.5 ms]
      [Choose CSet: 0.0 ms]
      [Ref Proc: 0.0 ms]
      [Ref Enq: 0.0 ms]
      [Redirty Cards: 0.0 ms]
      [Humongous Register: 0.1 ms]
      [Humongous Reclaim: 0.0 ms]
      [Free CSet: 0.1 ms]
   [Eden: 147.0M(147.0M)->0.0B(95.0M) Survivors: 4096.0K->7168.0K Heap: 295.1M(1024.0M)->151.6M(1024.0M)]
 [Times: user=0.02 sys=0.00, real=0.02 secs] 
2016-12-19T16:58:39.439+0100: 1614.310: [GC pause (G1 Evacuation Pause) (young), 0.0129377 secs]
   [Parallel Time: 12.5 ms, GC Workers: 1]
      [GC Worker Start (ms):  1614309.7]
      [Ext Root Scanning (ms):  0.9]
      [Update RS (ms):  1.1]
         [Processed Buffers:  36]
      [Scan RS (ms):  0.2]
      [Code Root Scanning (ms):  0.0]
      [Object Copy (ms):  10.2]
      [Termination (ms):  0.0]
         [Termination Attempts:  1]
      [GC Worker Other (ms):  0.0]
      [GC Worker Total (ms):  12.5]
      [GC Worker End (ms):  1614322.1]
   [Code Root Fixup: 0.0 ms]
   [Code Root Purge: 0.0 ms]
   [Clear CT: 0.0 ms]
   [Other: 0.4 ms]
      [Choose CSet: 0.0 ms]
      [Ref Proc: 0.0 ms]
      [Ref Enq: 0.0 ms]
      [Redirty Cards: 0.0 ms]
      [Humongous Register: 0.1 ms]
      [Humongous Reclaim: 0.0 ms]
      [Free CSet: 0.0 ms]
   [Eden: 69.0M(69.0M)->0.0B(174.0M) Survivors: 7168.0K->4096.0K Heap: 220.6M(1024.0M)->150.2M(1024.0M)]
 [Times: user=0.01 sys=0.00, real=0.02 secs] 
2016-12-19T16:59:42.805+0100: 1677.675: [GC pause (G1 Evacuation Pause) (young), 0.0222393 secs]
   [Parallel Time: 21.1 ms, GC Workers: 1]
      [GC Worker Start (ms):  1677676.0]
      [Ext Root Scanning (ms):  2.9]
      [Update RS (ms):  2.6]
         [Processed Buffers:  43]
      [Scan RS (ms):  1.6]
      [Code Root Scanning (ms):  0.0]
      [Object Copy (ms):  13.9]
      [Termination (ms):  0.0]
         [Termination Attempts:  1]
      [GC Worker Other (ms):  0.0]
      [GC Worker Total (ms):  21.0]
      [GC Worker End (ms):  1677697.0]
   [Code Root Fixup: 0.0 ms]
   [Code Root Purge: 0.0 ms]
   [Clear CT: 0.0 ms]
   [Other: 1.1 ms]
      [Choose CSet: 0.0 ms]
      [Ref Proc: 0.0 ms]
      [Ref Enq: 0.0 ms]
      [Redirty Cards: 0.0 ms]
      [Humongous Register: 0.4 ms]
      [Humongous Reclaim: 0.0 ms]
      [Free CSet: 0.0 ms]
   [Eden: 47.0M(47.0M)->0.0B(51.0M) Survivors: 4096.0K->5120.0K Heap: 197.2M(1024.0M)->151.2M(1024.0M)]
 [Times: user=0.02 sys=0.00, real=0.02 secs] 
2016-12-19T17:00:54.183+0100: 1749.053: [GC pause (G1 Evacuation Pause) (young), 0.0172276 secs]
   [Parallel Time: 16.8 ms, GC Workers: 1]
      [GC Worker Start (ms):  1749053.1]
      [Ext Root Scanning (ms):  1.2]
      [Update RS (ms):  1.7]
         [Processed Buffers:  35]
      [Scan RS (ms):  0.2]
      [Code Root Scanning (ms):  0.0]
      [Object Copy (ms):  13.7]
      [Termination (ms):  0.0]
         [Termination Attempts:  1]
      [GC Worker Other (ms):  0.0]
      [GC Worker Total (ms):  16.7]
      [GC Worker End (ms):  1749069.8]
   [Code Root Fixup: 0.0 ms]
   [Code Root Purge: 0.0 ms]
   [Clear CT: 0.0 ms]
   [Other: 0.4 ms]
      [Choose CSet: 0.0 ms]
      [Ref Proc: 0.0 ms]
      [Ref Enq: 0.0 ms]
      [Redirty Cards: 0.0 ms]
      [Humongous Register: 0.1 ms]
      [Humongous Reclaim: 0.0 ms]
      [Free CSet: 0.0 ms]
   [Eden: 51.0M(51.0M)->0.0B(58.0M) Survivors: 5120.0K->5120.0K Heap: 202.2M(1024.0M)->152.9M(1024.0M)]
 [Times: user=0.01 sys=0.00, real=0.02 secs] 
2016-12-19T17:01:57.489+0100: 1812.359: [GC pause (G1 Evacuation Pause) (young), 0.0152844 secs]
   [Parallel Time: 14.7 ms, GC Workers: 1]
      [GC Worker Start (ms):  1812359.3]
      [Ext Root Scanning (ms):  1.3]
      [Update RS (ms):  2.4]
         [Processed Buffers:  43]
      [Scan RS (ms):  0.8]
      [Code Root Scanning (ms):  0.0]
      [Object Copy (ms):  10.1]
      [Termination (ms):  0.0]
         [Termination Attempts:  1]
      [GC Worker Other (ms):  0.0]
      [GC Worker Total (ms):  14.6]
      [GC Worker End (ms):  1812373.9]
   [Code Root Fixup: 0.0 ms]
   [Code Root Purge: 0.0 ms]
   [Clear CT: 0.0 ms]
   [Other: 0.5 ms]
      [Choose CSet: 0.0 ms]
      [Ref Proc: 0.0 ms]
      [Ref Enq: 0.0 ms]
      [Redirty Cards: 0.0 ms]
      [Humongous Register: 0.2 ms]
      [Humongous Reclaim: 0.0 ms]
      [Free CSet: 0.0 ms]
   [Eden: 46.0M(46.0M)->0.0B(103.0M) Survivors: 5120.0K->2048.0K Heap: 198.9M(1024.0M)->150.5M(1024.0M)]
 [Times: user=0.01 sys=0.00, real=0.02 secs] 
2016-12-19T17:04:20.707+0100: 1955.577: [GC pause (G1 Evacuation Pause) (young), 0.0165504 secs]
   [Parallel Time: 16.0 ms, GC Workers: 1]
      [GC Worker Start (ms):  1955577.4]
      [Ext Root Scanning (ms):  1.5]
      [Update RS (ms):  2.5]
         [Processed Buffers:  35]
      [Scan RS (ms):  0.5]
      [Code Root Scanning (ms):  0.0]
      [Object Copy (ms):  11.4]
      [Termination (ms):  0.0]
         [Termination Attempts:  1]
      [GC Worker Other (ms):  0.0]
      [GC Worker Total (ms):  16.0]
      [GC Worker End (ms):  1955593.4]
   [Code Root Fixup: 0.0 ms]
   [Code Root Purge: 0.0 ms]
   [Clear CT: 0.0 ms]
   [Other: 0.5 ms]
      [Choose CSet: 0.0 ms]
      [Ref Proc: 0.0 ms]
      [Ref Enq: 0.0 ms]
      [Redirty Cards: 0.0 ms]
      [Humongous Register: 0.1 ms]
      [Humongous Reclaim: 0.0 ms]
      [Free CSet: 0.0 ms]
   [Eden: 103.0M(103.0M)->0.0B(49.0M) Survivors: 2048.0K->5120.0K Heap: 253.5M(1024.0M)->153.5M(1024.0M)]
 [Times: user=0.01 sys=0.00, real=0.02 secs] 
2016-12-19T17:05:29.021+0100: 2023.891: [GC pause (G1 Evacuation Pause) (young), 0.0153478 secs]
   [Parallel Time: 14.9 ms, GC Workers: 1]
      [GC Worker Start (ms):  2023891.3]
      [Ext Root Scanning (ms):  0.9]
      [Update RS (ms):  1.4]
         [Processed Buffers:  33]
      [Scan RS (ms):  0.3]
      [Code Root Scanning (ms):  0.0]
      [Object Copy (ms):  12.2]
      [Termination (ms):  0.0]
         [Termination Attempts:  1]
      [GC Worker Other (ms):  0.0]
      [GC Worker Total (ms):  14.9]
      [GC Worker End (ms):  2023906.2]
   [Code Root Fixup: 0.0 ms]
   [Code Root Purge: 0.0 ms]
   [Clear CT: 0.0 ms]
   [Other: 0.4 ms]
      [Choose CSet: 0.0 ms]
      [Ref Proc: 0.0 ms]
      [Ref Enq: 0.0 ms]
      [Redirty Cards: 0.0 ms]
      [Humongous Register: 0.1 ms]
      [Humongous Reclaim: 0.0 ms]
      [Free CSet: 0.0 ms]
   [Eden: 49.0M(49.0M)->0.0B(51.0M) Survivors: 5120.0K->6144.0K Heap: 202.5M(1024.0M)->154.8M(1024.0M)]
 [Times: user=0.01 sys=0.00, real=0.01 secs] 
2016-12-19T17:06:31.832+0100: 2086.702: [GC pause (G1 Evacuation Pause) (young), 0.0095079 secs]
   [Parallel Time: 9.0 ms, GC Workers: 1]
      [GC Worker Start (ms):  2086702.4]
      [Ext Root Scanning (ms):  1.0]
      [Update RS (ms):  1.7]
         [Processed Buffers:  32]
      [Scan RS (ms):  0.9]
      [Code Root Scanning (ms):  0.0]
      [Object Copy (ms):  5.5]
      [Termination (ms):  0.0]
         [Termination Attempts:  1]
      [GC Worker Other (ms):  0.0]
      [GC Worker Total (ms):  9.0]
      [GC Worker End (ms):  2086711.4]
   [Code Root Fixup: 0.0 ms]
   [Code Root Purge: 0.0 ms]
   [Clear CT: 0.0 ms]
   [Other: 0.4 ms]
      [Choose CSet: 0.0 ms]
      [Ref Proc: 0.0 ms]
      [Ref Enq: 0.0 ms]
      [Redirty Cards: 0.0 ms]
      [Humongous Register: 0.1 ms]
      [Humongous Reclaim: 0.0 ms]
      [Free CSet: 0.0 ms]
   [Eden: 45.0M(45.0M)->0.0B(173.0M) Survivors: 6144.0K->2048.0K Heap: 199.8M(1024.0M)->152.5M(1024.0M)]
 [Times: user=0.01 sys=0.00, real=0.01 secs] 
2016-12-19T17:09:50.282+0100: 2285.152: [GC pause (G1 Evacuation Pause) (young), 0.0250634 secs]
   [Parallel Time: 23.8 ms, GC Workers: 1]
      [GC Worker Start (ms):  2285152.5]
      [Ext Root Scanning (ms):  2.1]
      [Update RS (ms):  6.2]
         [Processed Buffers:  41]
      [Scan RS (ms):  1.7]
      [Code Root Scanning (ms):  0.1]
      [Object Copy (ms):  13.5]
      [Termination (ms):  0.0]
         [Termination Attempts:  1]
      [GC Worker Other (ms):  0.0]
      [GC Worker Total (ms):  23.7]
      [GC Worker End (ms):  2285176.2]
   [Code Root Fixup: 0.1 ms]
   [Code Root Purge: 0.0 ms]
   [Clear CT: 0.1 ms]
   [Other: 1.1 ms]
      [Choose CSet: 0.0 ms]
      [Ref Proc: 0.1 ms]
      [Ref Enq: 0.0 ms]
      [Redirty Cards: 0.0 ms]
      [Humongous Register: 0.2 ms]
      [Humongous Reclaim: 0.1 ms]
      [Free CSet: 0.1 ms]
   [Eden: 143.0M(143.0M)->0.0B(67.0M) Survivors: 2048.0K->3072.0K Heap: 295.5M(1024.0M)->153.0M(1024.0M)]
 [Times: user=0.02 sys=0.00, real=0.02 secs] 
2016-12-19T17:11:23.312+0100: 2378.183: [GC pause (G1 Evacuation Pause) (young), 0.0106774 secs]
   [Parallel Time: 10.1 ms, GC Workers: 1]
      [GC Worker Start (ms):  2378183.0]
      [Ext Root Scanning (ms):  0.8]
      [Update RS (ms):  1.7]
         [Processed Buffers:  35]
      [Scan RS (ms):  0.4]
      [Code Root Scanning (ms):  0.0]
      [Object Copy (ms):  7.2]
      [Termination (ms):  0.0]
         [Termination Attempts:  1]
      [GC Worker Other (ms):  0.0]
      [GC Worker Total (ms):  10.1]
      [GC Worker End (ms):  2378193.1]
   [Code Root Fixup: 0.0 ms]
   [Code Root Purge: 0.0 ms]
   [Clear CT: 0.0 ms]
   [Other: 0.5 ms]
      [Choose CSet: 0.0 ms]
      [Ref Proc: 0.0 ms]
      [Ref Enq: 0.0 ms]
      [Redirty Cards: 0.1 ms]
      [Humongous Register: 0.1 ms]
      [Humongous Reclaim: 0.0 ms]
      [Free CSet: 0.1 ms]
   [Eden: 67.0M(67.0M)->0.0B(62.0M) Survivors: 3072.0K->4096.0K Heap: 220.0M(1024.0M)->154.5M(1024.0M)]
 [Times: user=0.01 sys=0.00, real=0.01 secs] 
2016-12-19T17:12:49.002+0100: 2463.872: [GC pause (G1 Evacuation Pause) (young), 0.0185108 secs]
   [Parallel Time: 18.0 ms, GC Workers: 1]
      [GC Worker Start (ms):  2463872.1]
      [Ext Root Scanning (ms):  1.0]
      [Update RS (ms):  2.0]
         [Processed Buffers:  38]
      [Scan RS (ms):  0.2]
      [Code Root Scanning (ms):  0.0]
      [Object Copy (ms):  14.7]
      [Termination (ms):  0.0]
         [Termination Attempts:  1]
      [GC Worker Other (ms):  0.0]
      [GC Worker Total (ms):  18.0]
      [GC Worker End (ms):  2463890.1]
   [Code Root Fixup: 0.0 ms]
   [Code Root Purge: 0.0 ms]
   [Clear CT: 0.0 ms]
   [Other: 0.5 ms]
      [Choose CSet: 0.0 ms]
      [Ref Proc: 0.0 ms]
      [Ref Enq: 0.0 ms]
      [Redirty Cards: 0.0 ms]
      [Humongous Register: 0.1 ms]
      [Humongous Reclaim: 0.0 ms]
      [Free CSet: 0.0 ms]
   [Eden: 62.0M(62.0M)->0.0B(45.0M) Survivors: 4096.0K->6144.0K Heap: 216.5M(1024.0M)->156.0M(1024.0M)]
 [Times: user=0.02 sys=0.00, real=0.02 secs] 
2016-12-19T17:13:51.853+0100: 2526.723: [GC pause (G1 Evacuation Pause) (young), 0.0187721 secs]
   [Parallel Time: 17.8 ms, GC Workers: 1]
      [GC Worker Start (ms):  2526723.6]
      [Ext Root Scanning (ms):  1.4]
      [Update RS (ms):  1.4]
         [Processed Buffers:  33]
      [Scan RS (ms):  0.3]
      [Code Root Scanning (ms):  0.0]
      [Object Copy (ms):  14.6]
      [Termination (ms):  0.0]
         [Termination Attempts:  1]
      [GC Worker Other (ms):  0.0]
      [GC Worker Total (ms):  17.7]
      [GC Worker End (ms):  2526741.3]
   [Code Root Fixup: 0.0 ms]
   [Code Root Purge: 0.0 ms]
   [Clear CT: 0.1 ms]
   [Other: 0.8 ms]
      [Choose CSet: 0.0 ms]
      [Ref Proc: 0.1 ms]
      [Ref Enq: 0.0 ms]
      [Redirty Cards: 0.1 ms]
      [Humongous Register: 0.1 ms]
      [Humongous Reclaim: 0.1 ms]
      [Free CSet: 0.1 ms]
   [Eden: 45.0M(45.0M)->0.0B(45.0M) Survivors: 6144.0K->6144.0K Heap: 201.0M(1024.0M)->157.5M(1024.0M)]
 [Times: user=0.01 sys=0.00, real=0.02 secs] 
2016-12-19T17:14:54.621+0100: 2589.492: [GC pause (G1 Evacuation Pause) (young), 0.0105403 secs]
   [Parallel Time: 10.0 ms, GC Workers: 1]
      [GC Worker Start (ms):  2589491.8]
      [Ext Root Scanning (ms):  1.0]
      [Update RS (ms):  2.2]
         [Processed Buffers:  35]
      [Scan RS (ms):  1.7]
      [Code Root Scanning (ms):  0.0]
      [Object Copy (ms):  5.2]
      [Termination (ms):  0.0]
         [Termination Attempts:  1]
      [GC Worker Other (ms):  0.0]
      [GC Worker Total (ms):  10.0]
      [GC Worker End (ms):  2589501.8]
   [Code Root Fixup: 0.0 ms]
   [Code Root Purge: 0.0 ms]
   [Clear CT: 0.1 ms]
   [Other: 0.4 ms]
      [Choose CSet: 0.0 ms]
      [Ref Proc: 0.0 ms]
      [Ref Enq: 0.0 ms]
      [Redirty Cards: 0.0 ms]
      [Humongous Register: 0.1 ms]
      [Humongous Reclaim: 0.0 ms]
      [Free CSet: 0.0 ms]
   [Eden: 45.0M(45.0M)->0.0B(133.0M) Survivors: 6144.0K->3072.0K Heap: 202.5M(1024.0M)->155.0M(1024.0M)]
 [Times: user=0.01 sys=0.00, real=0.01 secs] 
2016-12-19T17:17:59.446+0100: 2774.317: [GC pause (G1 Evacuation Pause) (young), 0.0267161 secs]
   [Parallel Time: 26.0 ms, GC Workers: 1]
      [GC Worker Start (ms):  2774317.0]
      [Ext Root Scanning (ms):  0.9]
      [Update RS (ms):  2.0]
         [Processed Buffers:  36]
      [Scan RS (ms):  0.6]
      [Code Root Scanning (ms):  0.0]
      [Object Copy (ms):  22.4]
      [Termination (ms):  0.0]
         [Termination Attempts:  1]
      [GC Worker Other (ms):  0.0]
      [GC Worker Total (ms):  26.0]
      [GC Worker End (ms):  2774342.9]
   [Code Root Fixup: 0.0 ms]
   [Code Root Purge: 0.0 ms]
   [Clear CT: 0.1 ms]
   [Other: 0.6 ms]
      [Choose CSet: 0.0 ms]
      [Ref Proc: 0.1 ms]
      [Ref Enq: 0.0 ms]
      [Redirty Cards: 0.0 ms]
      [Humongous Register: 0.1 ms]
      [Humongous Reclaim: 0.0 ms]
      [Free CSet: 0.1 ms]
   [Eden: 133.0M(133.0M)->0.0B(52.0M) Survivors: 3072.0K->6144.0K Heap: 288.0M(1024.0M)->158.5M(1024.0M)]
 [Times: user=0.03 sys=0.00, real=0.03 secs] 
2016-12-19T17:19:11.929+0100: 2846.800: [GC pause (G1 Evacuation Pause) (young), 0.0095916 secs]
   [Parallel Time: 9.2 ms, GC Workers: 1]
      [GC Worker Start (ms):  2846799.7]
      [Ext Root Scanning (ms):  1.1]
      [Update RS (ms):  1.2]
         [Processed Buffers:  32]
      [Scan RS (ms):  0.4]
      [Code Root Scanning (ms):  0.0]
      [Object Copy (ms):  6.5]
      [Termination (ms):  0.0]
         [Termination Attempts:  1]
      [GC Worker Other (ms):  0.0]
      [GC Worker Total (ms):  9.1]
      [GC Worker End (ms):  2846808.8]
   [Code Root Fixup: 0.1 ms]
   [Code Root Purge: 0.0 ms]
   [Clear CT: 0.0 ms]
   [Other: 0.4 ms]
      [Choose CSet: 0.0 ms]
      [Ref Proc: 0.0 ms]
      [Ref Enq: 0.0 ms]
      [Redirty Cards: 0.0 ms]
      [Humongous Register: 0.1 ms]
      [Humongous Reclaim: 0.0 ms]
      [Free CSet: 0.0 ms]
   [Eden: 52.0M(52.0M)->0.0B(142.0M) Survivors: 6144.0K->3072.0K Heap: 210.5M(1024.0M)->156.6M(1024.0M)]
 [Times: user=0.01 sys=0.00, real=0.01 secs] 
2016-12-19T17:22:28.296+0100: 3043.167: [GC pause (G1 Evacuation Pause) (young), 0.0104366 secs]
   [Parallel Time: 9.8 ms, GC Workers: 1]
      [GC Worker Start (ms):  3043166.8]
      [Ext Root Scanning (ms):  0.8]
      [Update RS (ms):  2.7]
         [Processed Buffers:  42]
      [Scan RS (ms):  0.3]
      [Code Root Scanning (ms):  0.0]
      [Object Copy (ms):  5.9]
      [Termination (ms):  0.0]
         [Termination Attempts:  1]
      [GC Worker Other (ms):  0.0]
      [GC Worker Total (ms):  9.8]
      [GC Worker End (ms):  3043176.6]
   [Code Root Fixup: 0.0 ms]
   [Code Root Purge: 0.0 ms]
   [Clear CT: 0.1 ms]
   [Other: 0.5 ms]
      [Choose CSet: 0.0 ms]
      [Ref Proc: 0.0 ms]
      [Ref Enq: 0.0 ms]
      [Redirty Cards: 0.0 ms]
      [Humongous Register: 0.1 ms]
      [Humongous Reclaim: 0.0 ms]
      [Free CSet: 0.1 ms]
   [Eden: 142.0M(142.0M)->0.0B(186.0M) Survivors: 3072.0K->3072.0K Heap: 298.6M(1024.0M)->156.6M(1024.0M)]
 [Times: user=0.01 sys=0.00, real=0.01 secs] 
2016-12-19T17:26:46.904+0100: 3301.774: [GC pause (G1 Evacuation Pause) (young), 0.0142549 secs]
   [Parallel Time: 13.2 ms, GC Workers: 1]
      [GC Worker Start (ms):  3301774.2]
      [Ext Root Scanning (ms):  0.9]
      [Update RS (ms):  1.3]
         [Processed Buffers:  36]
      [Scan RS (ms):  0.5]
      [Code Root Scanning (ms):  0.0]
      [Object Copy (ms):  10.5]
      [Termination (ms):  0.0]
         [Termination Attempts:  1]
      [GC Worker Other (ms):  0.0]
      [GC Worker Total (ms):  13.2]
      [GC Worker End (ms):  3301787.4]
   [Code Root Fixup: 0.0 ms]
   [Code Root Purge: 0.0 ms]
   [Clear CT: 0.1 ms]
   [Other: 0.9 ms]
      [Choose CSet: 0.0 ms]
      [Ref Proc: 0.1 ms]
      [Ref Enq: 0.0 ms]
      [Redirty Cards: 0.0 ms]
      [Humongous Register: 0.1 ms]
      [Humongous Reclaim: 0.0 ms]
      [Free CSet: 0.6 ms]
   [Eden: 186.0M(186.0M)->0.0B(188.0M) Survivors: 3072.0K->4096.0K Heap: 342.6M(1024.0M)->157.6M(1024.0M)]
 [Times: user=0.00 sys=0.01, real=0.01 secs] 
2016-12-19T17:31:07.435+0100: 3562.305: [GC pause (G1 Evacuation Pause) (young), 0.0172424 secs]
   [Parallel Time: 15.4 ms, GC Workers: 1]
      [GC Worker Start (ms):  3562305.4]
      [Ext Root Scanning (ms):  0.9]
      [Update RS (ms):  1.4]
         [Processed Buffers:  35]
      [Scan RS (ms):  0.3]
      [Code Root Scanning (ms):  0.0]
      [Object Copy (ms):  12.6]
      [Termination (ms):  0.0]
         [Termination Attempts:  1]
      [GC Worker Other (ms):  0.0]
      [GC Worker Total (ms):  15.3]
      [GC Worker End (ms):  3562320.8]
   [Code Root Fixup: 0.0 ms]
   [Code Root Purge: 0.0 ms]
   [Clear CT: 0.1 ms]
   [Other: 1.8 ms]
      [Choose CSet: 0.0 ms]
      [Ref Proc: 0.0 ms]
      [Ref Enq: 0.0 ms]
      [Redirty Cards: 0.0 ms]
      [Humongous Register: 0.1 ms]
      [Humongous Reclaim: 0.0 ms]
      [Free CSet: 1.4 ms]
   [Eden: 188.0M(188.0M)->0.0B(154.0M) Survivors: 4096.0K->6144.0K Heap: 345.6M(1024.0M)->159.1M(1024.0M)]
 [Times: user=0.02 sys=0.00, real=0.02 secs] 
2016-12-19T17:34:39.331+0100: 3774.202: [GC pause (G1 Evacuation Pause) (young), 0.0254662 secs]
   [Parallel Time: 24.8 ms, GC Workers: 1]
      [GC Worker Start (ms):  3774201.8]
      [Ext Root Scanning (ms):  0.8]
      [Update RS (ms):  1.7]
         [Processed Buffers:  39]
      [Scan RS (ms):  0.2]
      [Code Root Scanning (ms):  0.0]
      [Object Copy (ms):  22.0]
      [Termination (ms):  0.0]
         [Termination Attempts:  1]
      [GC Worker Other (ms):  0.0]
      [GC Worker Total (ms):  24.8]
      [GC Worker End (ms):  3774226.6]
   [Code Root Fixup: 0.0 ms]
   [Code Root Purge: 0.0 ms]
   [Clear CT: 0.1 ms]
   [Other: 0.5 ms]
      [Choose CSet: 0.0 ms]
      [Ref Proc: 0.1 ms]
      [Ref Enq: 0.0 ms]
      [Redirty Cards: 0.0 ms]
      [Humongous Register: 0.1 ms]
      [Humongous Reclaim: 0.0 ms]
      [Free CSet: 0.1 ms]
   [Eden: 154.0M(154.0M)->0.0B(55.0M) Survivors: 6144.0K->10.0M Heap: 313.1M(1024.0M)->163.6M(1024.0M)]
 [Times: user=0.03 sys=0.00, real=0.03 secs] 
2016-12-19T17:35:55.534+0100: 3850.404: [GC pause (G1 Evacuation Pause) (young), 0.0173228 secs]
   [Parallel Time: 16.8 ms, GC Workers: 1]
      [GC Worker Start (ms):  3850404.4]
      [Ext Root Scanning (ms):  0.9]
      [Update RS (ms):  1.9]
         [Processed Buffers:  35]
      [Scan RS (ms):  0.0]
      [Code Root Scanning (ms):  0.0]
      [Object Copy (ms):  14.0]
      [Termination (ms):  0.0]
         [Termination Attempts:  1]
      [GC Worker Other (ms):  0.0]
      [GC Worker Total (ms):  16.8]
      [GC Worker End (ms):  3850421.2]
   [Code Root Fixup: 0.0 ms]
   [Code Root Purge: 0.0 ms]
   [Clear CT: 0.0 ms]
   [Other: 0.4 ms]
      [Choose CSet: 0.0 ms]
      [Ref Proc: 0.0 ms]
      [Ref Enq: 0.0 ms]
      [Redirty Cards: 0.0 ms]
      [Humongous Register: 0.1 ms]
      [Humongous Reclaim: 0.0 ms]
      [Free CSet: 0.0 ms]
   [Eden: 55.0M(55.0M)->0.0B(204.0M) Survivors: 10.0M->3072.0K Heap: 218.6M(1024.0M)->161.0M(1024.0M)]
 [Times: user=0.02 sys=0.00, real=0.01 secs] 
2016-12-19T17:39:54.060+0100: 4088.931: [GC pause (G1 Evacuation Pause) (young), 0.0167836 secs]
   [Parallel Time: 16.0 ms, GC Workers: 1]
      [GC Worker Start (ms):  4088930.9]
      [Ext Root Scanning (ms):  1.5]
      [Update RS (ms):  3.6]
         [Processed Buffers:  42]
      [Scan RS (ms):  1.3]
      [Code Root Scanning (ms):  0.0]
      [Object Copy (ms):  9.4]
      [Termination (ms):  0.0]
         [Termination Attempts:  1]
      [GC Worker Other (ms):  0.0]
      [GC Worker Total (ms):  15.8]
      [GC Worker End (ms):  4088946.7]
   [Code Root Fixup: 0.0 ms]
   [Code Root Purge: 0.0 ms]
   [Clear CT: 0.1 ms]
   [Other: 0.6 ms]
      [Choose CSet: 0.0 ms]
      [Ref Proc: 0.1 ms]
      [Ref Enq: 0.0 ms]
      [Redirty Cards: 0.0 ms]
      [Humongous Register: 0.1 ms]
      [Humongous Reclaim: 0.0 ms]
      [Free CSet: 0.1 ms]
   [Eden: 172.0M(172.0M)->0.0B(183.0M) Survivors: 3072.0K->3072.0K Heap: 333.0M(1024.0M)->161.0M(1024.0M)]
 [Times: user=0.02 sys=0.00, real=0.01 secs] 
2016-12-19T17:44:08.762+0100: 4343.632: [GC pause (G1 Evacuation Pause) (young), 0.0237687 secs]
   [Parallel Time: 22.9 ms, GC Workers: 1]
      [GC Worker Start (ms):  4343632.5]
      [Ext Root Scanning (ms):  1.6]
      [Update RS (ms):  2.9]
         [Processed Buffers:  36]
      [Scan RS (ms):  0.1]
      [Code Root Scanning (ms):  0.0]
      [Object Copy (ms):  18.1]
      [Termination (ms):  0.0]
         [Termination Attempts:  1]
      [GC Worker Other (ms):  0.0]
      [GC Worker Total (ms):  22.8]
      [GC Worker End (ms):  4343655.3]
   [Code Root Fixup: 0.1 ms]
   [Code Root Purge: 0.0 ms]
   [Clear CT: 0.1 ms]
   [Other: 0.7 ms]
      [Choose CSet: 0.0 ms]
      [Ref Proc: 0.1 ms]
      [Ref Enq: 0.0 ms]
      [Redirty Cards: 0.0 ms]
      [Humongous Register: 0.3 ms]
      [Humongous Reclaim: 0.0 ms]
      [Free CSet: 0.1 ms]
   [Eden: 183.0M(183.0M)->0.0B(84.0M) Survivors: 3072.0K->3072.0K Heap: 344.0M(1024.0M)->161.0M(1024.0M)]
 [Times: user=0.02 sys=0.00, real=0.02 secs] 
2016-12-19T17:46:05.329+0100: 4460.199: [GC pause (G1 Evacuation Pause) (young), 0.0105115 secs]
   [Parallel Time: 10.1 ms, GC Workers: 1]
      [GC Worker Start (ms):  4460199.1]
      [Ext Root Scanning (ms):  0.9]
      [Update RS (ms):  1.2]
         [Processed Buffers:  36]
      [Scan RS (ms):  0.0]
      [Code Root Scanning (ms):  0.0]
      [Object Copy (ms):  7.9]
      [Termination (ms):  0.0]
         [Termination Attempts:  1]
      [GC Worker Other (ms):  0.0]
      [GC Worker Total (ms):  10.1]
      [GC Worker End (ms):  4460209.1]
   [Code Root Fixup: 0.0 ms]
   [Code Root Purge: 0.0 ms]
   [Clear CT: 0.0 ms]
   [Other: 0.3 ms]
      [Choose CSet: 0.0 ms]
      [Ref Proc: 0.0 ms]
      [Ref Enq: 0.0 ms]
      [Redirty Cards: 0.0 ms]
      [Humongous Register: 0.0 ms]
      [Humongous Reclaim: 0.0 ms]
      [Free CSet: 0.0 ms]
   [Eden: 84.0M(84.0M)->0.0B(74.0M) Survivors: 3072.0K->5120.0K Heap: 245.0M(1024.0M)->162.5M(1024.0M)]
 [Times: user=0.01 sys=0.00, real=0.01 secs] 
2016-12-19T17:47:47.752+0100: 4562.622: [GC pause (G1 Evacuation Pause) (young), 0.0064161 secs]
   [Parallel Time: 6.0 ms, GC Workers: 1]
      [GC Worker Start (ms):  4562622.3]
      [Ext Root Scanning (ms):  0.8]
      [Update RS (ms):  1.1]
         [Processed Buffers:  36]
      [Scan RS (ms):  0.0]
      [Code Root Scanning (ms):  0.0]
      [Object Copy (ms):  4.0]
      [Termination (ms):  0.0]
         [Termination Attempts:  1]
      [GC Worker Other (ms):  0.0]
      [GC Worker Total (ms):  6.0]
      [GC Worker End (ms):  4562628.3]
   [Code Root Fixup: 0.0 ms]
   [Code Root Purge: 0.0 ms]
   [Clear CT: 0.0 ms]
   [Other: 0.3 ms]
      [Choose CSet: 0.0 ms]
      [Ref Proc: 0.0 ms]
      [Ref Enq: 0.0 ms]
      [Redirty Cards: 0.0 ms]
      [Humongous Register: 0.0 ms]
      [Humongous Reclaim: 0.0 ms]
      [Free CSet: 0.0 ms]
   [Eden: 74.0M(74.0M)->0.0B(198.0M) Survivors: 5120.0K->3072.0K Heap: 236.5M(1024.0M)->160.5M(1024.0M)]
 [Times: user=0.00 sys=0.00, real=0.00 secs] 
2016-12-19T17:52:22.851+0100: 4837.722: [GC pause (G1 Evacuation Pause) (young), 0.0191995 secs]
   [Parallel Time: 16.9 ms, GC Workers: 1]
      [GC Worker Start (ms):  4837721.7]
      [Ext Root Scanning (ms):  1.0]
      [Update RS (ms):  1.6]
         [Processed Buffers:  37]
      [Scan RS (ms):  0.1]
      [Code Root Scanning (ms):  0.0]
      [Object Copy (ms):  14.1]
      [Termination (ms):  0.0]
         [Termination Attempts:  1]
      [GC Worker Other (ms):  0.1]
      [GC Worker Total (ms):  16.9]
      [GC Worker End (ms):  4837738.5]
   [Code Root Fixup: 0.1 ms]
   [Code Root Purge: 0.0 ms]
   [Clear CT: 0.1 ms]
   [Other: 2.1 ms]
      [Choose CSet: 0.0 ms]
      [Ref Proc: 0.1 ms]
      [Ref Enq: 0.0 ms]
      [Redirty Cards: 0.0 ms]
      [Humongous Register: 0.0 ms]
      [Humongous Reclaim: 0.0 ms]
      [Free CSet: 1.6 ms]
   [Eden: 198.0M(198.0M)->0.0B(152.0M) Survivors: 3072.0K->3072.0K Heap: 358.5M(1024.0M)->161.0M(1024.0M)]
 [Times: user=0.02 sys=0.00, real=0.02 secs] 
2016-12-19T17:55:53.974+0100: 5048.844: [GC pause (G1 Evacuation Pause) (young), 0.0233394 secs]
   [Parallel Time: 22.6 ms, GC Workers: 1]
      [GC Worker Start (ms):  5048844.6]
      [Ext Root Scanning (ms):  1.9]
      [Update RS (ms):  1.4]
         [Processed Buffers:  35]
      [Scan RS (ms):  0.1]
      [Code Root Scanning (ms):  0.0]
      [Object Copy (ms):  19.2]
      [Termination (ms):  0.0]
         [Termination Attempts:  1]
      [GC Worker Other (ms):  0.0]
      [GC Worker Total (ms):  22.5]
      [GC Worker End (ms):  5048867.1]
   [Code Root Fixup: 0.0 ms]
   [Code Root Purge: 0.0 ms]
   [Clear CT: 0.1 ms]
   [Other: 0.6 ms]
      [Choose CSet: 0.0 ms]
      [Ref Proc: 0.0 ms]
      [Ref Enq: 0.0 ms]
      [Redirty Cards: 0.0 ms]
      [Humongous Register: 0.1 ms]
      [Humongous Reclaim: 0.0 ms]
      [Free CSet: 0.1 ms]
   [Eden: 152.0M(152.0M)->0.0B(91.0M) Survivors: 3072.0K->6144.0K Heap: 313.0M(1024.0M)->163.5M(1024.0M)]
 [Times: user=0.02 sys=0.00, real=0.02 secs] 
2016-12-19T17:57:59.928+0100: 5174.798: [GC pause (G1 Evacuation Pause) (young), 0.0119686 secs]
   [Parallel Time: 11.4 ms, GC Workers: 1]
      [GC Worker Start (ms):  5174798.6]
      [Ext Root Scanning (ms):  1.6]
      [Update RS (ms):  1.7]
         [Processed Buffers:  36]
      [Scan RS (ms):  0.0]
      [Code Root Scanning (ms):  0.0]
      [Object Copy (ms):  8.0]
      [Termination (ms):  0.0]
         [Termination Attempts:  1]
      [GC Worker Other (ms):  0.0]
      [GC Worker Total (ms):  11.3]
      [GC Worker End (ms):  5174809.9]
   [Code Root Fixup: 0.0 ms]
   [Code Root Purge: 0.0 ms]
   [Clear CT: 0.0 ms]
   [Other: 0.5 ms]
      [Choose CSet: 0.0 ms]
      [Ref Proc: 0.0 ms]
      [Ref Enq: 0.0 ms]
      [Redirty Cards: 0.0 ms]
      [Humongous Register: 0.1 ms]
      [Humongous Reclaim: 0.1 ms]
      [Free CSet: 0.1 ms]
   [Eden: 91.0M(91.0M)->0.0B(120.0M) Survivors: 6144.0K->4096.0K Heap: 254.5M(1024.0M)->162.0M(1024.0M)]
 [Times: user=0.02 sys=0.00, real=0.02 secs] 
2016-12-19T18:00:47.165+0100: 5342.035: [GC pause (G1 Evacuation Pause) (young), 0.0076568 secs]
   [Parallel Time: 7.2 ms, GC Workers: 1]
      [GC Worker Start (ms):  5342035.2]
      [Ext Root Scanning (ms):  0.9]
      [Update RS (ms):  1.2]
         [Processed Buffers:  35]
      [Scan RS (ms):  0.0]
      [Code Root Scanning (ms):  0.0]
      [Object Copy (ms):  5.1]
      [Termination (ms):  0.0]
         [Termination Attempts:  1]
      [GC Worker Other (ms):  0.0]
      [GC Worker Total (ms):  7.2]
      [GC Worker End (ms):  5342042.4]
   [Code Root Fixup: 0.0 ms]
   [Code Root Purge: 0.0 ms]
   [Clear CT: 0.1 ms]
   [Other: 0.3 ms]
      [Choose CSet: 0.0 ms]
      [Ref Proc: 0.0 ms]
      [Ref Enq: 0.0 ms]
      [Redirty Cards: 0.0 ms]
      [Humongous Register: 0.0 ms]
      [Humongous Reclaim: 0.0 ms]
      [Free CSet: 0.1 ms]
   [Eden: 120.0M(120.0M)->0.0B(178.0M) Survivors: 4096.0K->3072.0K Heap: 282.0M(1024.0M)->161.0M(1024.0M)]
 [Times: user=0.01 sys=0.00, real=0.01 secs] 
2016-12-19T18:04:25.053+0100: 5559.924: [GC pause (G1 Evacuation Pause) (young), 0.0100328 secs]
   [Parallel Time: 9.3 ms, GC Workers: 1]
      [GC Worker Start (ms):  5559923.7]
      [Ext Root Scanning (ms):  1.6]
      [Update RS (ms):  2.4]
         [Processed Buffers:  48]
      [Scan RS (ms):  0.1]
      [Code Root Scanning (ms):  0.0]
      [Object Copy (ms):  5.2]
      [Termination (ms):  0.0]
         [Termination Attempts:  1]
      [GC Worker Other (ms):  0.0]
      [GC Worker Total (ms):  9.3]
      [GC Worker End (ms):  5559933.0]
   [Code Root Fixup: 0.0 ms]
   [Code Root Purge: 0.0 ms]
   [Clear CT: 0.1 ms]
   [Other: 0.6 ms]
      [Choose CSet: 0.0 ms]
      [Ref Proc: 0.1 ms]
      [Ref Enq: 0.0 ms]
      [Redirty Cards: 0.0 ms]
      [Humongous Register: 0.0 ms]
      [Humongous Reclaim: 0.0 ms]
      [Free CSet: 0.2 ms]
   [Eden: 178.0M(178.0M)->0.0B(230.0M) Survivors: 3072.0K->3072.0K Heap: 339.0M(1024.0M)->160.5M(1024.0M)]
 [Times: user=0.01 sys=0.00, real=0.01 secs] 
2016-12-19T18:08:31.477+0100: 5806.347: [GC pause (G1 Evacuation Pause) (young), 0.0210417 secs]
   [Parallel Time: 16.9 ms, GC Workers: 1]
      [GC Worker Start (ms):  5806347.2]
      [Ext Root Scanning (ms):  1.2]
      [Update RS (ms):  2.2]
         [Processed Buffers:  41]
      [Scan RS (ms):  0.1]
      [Code Root Scanning (ms):  0.1]
      [Object Copy (ms):  13.2]
      [Termination (ms):  0.0]
         [Termination Attempts:  1]
      [GC Worker Other (ms):  0.0]
      [GC Worker Total (ms):  16.9]
      [GC Worker End (ms):  5806364.1]
   [Code Root Fixup: 0.1 ms]
   [Code Root Purge: 0.0 ms]
   [Clear CT: 0.1 ms]
   [Other: 3.9 ms]
      [Choose CSet: 0.0 ms]
      [Ref Proc: 0.7 ms]
      [Ref Enq: 0.0 ms]
      [Redirty Cards: 0.0 ms]
      [Humongous Register: 0.0 ms]
      [Humongous Reclaim: 0.0 ms]
      [Free CSet: 2.9 ms]
   [Eden: 230.0M(230.0M)->0.0B(196.0M) Survivors: 3072.0K->5120.0K Heap: 390.5M(1024.0M)->162.5M(1024.0M)]
 [Times: user=0.01 sys=0.00, real=0.03 secs] 
2016-12-19T18:11:34.169+0100: 5989.040: [GC pause (G1 Evacuation Pause) (young), 0.0222991 secs]
   [Parallel Time: 20.3 ms, GC Workers: 1]
      [GC Worker Start (ms):  5989040.1]
      [Ext Root Scanning (ms):  2.2]
      [Update RS (ms):  4.4]
         [Processed Buffers:  40]
      [Scan RS (ms):  0.1]
      [Code Root Scanning (ms):  0.2]
      [Object Copy (ms):  13.3]
      [Termination (ms):  0.0]
         [Termination Attempts:  1]
      [GC Worker Other (ms):  0.0]
      [GC Worker Total (ms):  20.3]
      [GC Worker End (ms):  5989060.4]
   [Code Root Fixup: 0.1 ms]
   [Code Root Purge: 0.0 ms]
   [Clear CT: 0.1 ms]
   [Other: 1.8 ms]
      [Choose CSet: 0.0 ms]
      [Ref Proc: 0.1 ms]
      [Ref Enq: 0.0 ms]
      [Redirty Cards: 0.0 ms]
      [Humongous Register: 0.1 ms]
      [Humongous Reclaim: 0.0 ms]
      [Free CSet: 1.4 ms]
   [Eden: 196.0M(196.0M)->0.0B(161.0M) Survivors: 5120.0K->5120.0K Heap: 358.5M(1024.0M)->162.5M(1024.0M)]
 [Times: user=0.02 sys=0.00, real=0.03 secs] 
2016-12-19T18:12:55.568+0100: 6070.438: [GC pause (G1 Evacuation Pause) (young), 0.0374563 secs]
   [Parallel Time: 36.5 ms, GC Workers: 1]
      [GC Worker Start (ms):  6070438.2]
      [Ext Root Scanning (ms):  2.1]
      [Update RS (ms):  3.3]
         [Processed Buffers:  42]
      [Scan RS (ms):  0.5]
      [Code Root Scanning (ms):  0.3]
      [Object Copy (ms):  30.2]
      [Termination (ms):  0.0]
         [Termination Attempts:  1]
      [GC Worker Other (ms):  0.0]
      [GC Worker Total (ms):  36.4]
      [GC Worker End (ms):  6070474.6]
   [Code Root Fixup: 0.1 ms]
   [Code Root Purge: 0.0 ms]
   [Clear CT: 0.1 ms]
   [Other: 0.8 ms]
      [Choose CSet: 0.0 ms]
      [Ref Proc: 0.1 ms]
      [Ref Enq: 0.0 ms]
      [Redirty Cards: 0.1 ms]
      [Humongous Register: 0.1 ms]
      [Humongous Reclaim: 0.1 ms]
      [Free CSet: 0.1 ms]
   [Eden: 152.0M(152.0M)->0.0B(47.0M) Survivors: 5120.0K->4096.0K Heap: 314.5M(1024.0M)->162.0M(1024.0M)]
 [Times: user=0.04 sys=0.00, real=0.04 secs] 
2016-12-19T18:13:19.577+0100: 6094.447: [GC pause (G1 Evacuation Pause) (young), 0.0133589 secs]
   [Parallel Time: 12.9 ms, GC Workers: 1]
      [GC Worker Start (ms):  6094447.5]
      [Ext Root Scanning (ms):  1.1]
      [Update RS (ms):  1.8]
         [Processed Buffers:  35]
      [Scan RS (ms):  0.3]
      [Code Root Scanning (ms):  0.2]
      [Object Copy (ms):  9.4]
      [Termination (ms):  0.0]
         [Termination Attempts:  1]
      [GC Worker Other (ms):  0.0]
      [GC Worker Total (ms):  12.9]
      [GC Worker End (ms):  6094460.4]
   [Code Root Fixup: 0.1 ms]
   [Code Root Purge: 0.0 ms]
   [Clear CT: 0.0 ms]
   [Other: 0.3 ms]
      [Choose CSet: 0.0 ms]
      [Ref Proc: 0.0 ms]
      [Ref Enq: 0.0 ms]
      [Redirty Cards: 0.0 ms]
      [Humongous Register: 0.0 ms]
      [Humongous Reclaim: 0.0 ms]
      [Free CSet: 0.0 ms]
   [Eden: 47.0M(47.0M)->0.0B(46.0M) Survivors: 4096.0K->5120.0K Heap: 209.0M(1024.0M)->163.0M(1024.0M)]
 [Times: user=0.01 sys=0.00, real=0.01 secs] 
2016-12-19T18:13:42.981+0100: 6117.852: [GC pause (G1 Evacuation Pause) (young), 0.0291132 secs]
   [Parallel Time: 28.6 ms, GC Workers: 1]
      [GC Worker Start (ms):  6117851.9]
      [Ext Root Scanning (ms):  3.9]
      [Update RS (ms):  7.4]
         [Processed Buffers:  37]
      [Scan RS (ms):  0.3]
      [Code Root Scanning (ms):  0.4]
      [Object Copy (ms):  16.6]
      [Termination (ms):  0.0]
         [Termination Attempts:  1]
      [GC Worker Other (ms):  0.0]
      [GC Worker Total (ms):  28.6]
      [GC Worker End (ms):  6117880.5]
   [Code Root Fixup: 0.1 ms]
   [Code Root Purge: 0.0 ms]
   [Clear CT: 0.0 ms]
   [Other: 0.4 ms]
      [Choose CSet: 0.0 ms]
      [Ref Proc: 0.0 ms]
      [Ref Enq: 0.0 ms]
      [Redirty Cards: 0.0 ms]
      [Humongous Register: 0.1 ms]
      [Humongous Reclaim: 0.0 ms]
      [Free CSet: 0.0 ms]
   [Eden: 46.0M(46.0M)->0.0B(47.0M) Survivors: 5120.0K->4096.0K Heap: 209.0M(1024.0M)->162.3M(1024.0M)]
 [Times: user=0.02 sys=0.00, real=0.02 secs] 
2016-12-19T18:14:08.903+0100: 6143.773: [GC pause (G1 Evacuation Pause) (young), 0.0086756 secs]
   [Parallel Time: 8.0 ms, GC Workers: 1]
      [GC Worker Start (ms):  6143773.1]
      [Ext Root Scanning (ms):  1.0]
      [Update RS (ms):  1.9]
         [Processed Buffers:  35]
      [Scan RS (ms):  0.3]
      [Code Root Scanning (ms):  0.2]
      [Object Copy (ms):  4.6]
      [Termination (ms):  0.0]
         [Termination Attempts:  1]
      [GC Worker Other (ms):  0.0]
      [GC Worker Total (ms):  8.0]
      [GC Worker End (ms):  6143781.1]
   [Code Root Fixup: 0.1 ms]
   [Code Root Purge: 0.0 ms]
   [Clear CT: 0.1 ms]
   [Other: 0.5 ms]
      [Choose CSet: 0.0 ms]
      [Ref Proc: 0.0 ms]
      [Ref Enq: 0.0 ms]
      [Redirty Cards: 0.0 ms]
      [Humongous Register: 0.0 ms]
      [Humongous Reclaim: 0.0 ms]
      [Free CSet: 0.1 ms]
   [Eden: 47.0M(47.0M)->0.0B(56.0M) Survivors: 4096.0K->3072.0K Heap: 209.3M(1024.0M)->161.8M(1024.0M)]
 [Times: user=0.01 sys=0.00, real=0.01 secs] 
2016-12-19T18:14:38.680+0100: 6173.550: [GC pause (G1 Evacuation Pause) (young), 0.0203245 secs]
   [Parallel Time: 18.2 ms, GC Workers: 1]
      [GC Worker Start (ms):  6173551.2]
      [Ext Root Scanning (ms):  5.8]
      [Update RS (ms):  3.3]
         [Processed Buffers:  78]
      [Scan RS (ms):  0.0]
      [Code Root Scanning (ms):  0.3]
      [Object Copy (ms):  8.7]
      [Termination (ms):  0.0]
         [Termination Attempts:  1]
      [GC Worker Other (ms):  0.0]
      [GC Worker Total (ms):  18.2]
      [GC Worker End (ms):  6173569.4]
   [Code Root Fixup: 0.1 ms]
   [Code Root Purge: 0.0 ms]
   [Clear CT: 0.0 ms]
   [Other: 1.9 ms]
      [Choose CSet: 0.0 ms]
      [Ref Proc: 0.1 ms]
      [Ref Enq: 0.0 ms]
      [Redirty Cards: 0.0 ms]
      [Humongous Register: 0.1 ms]
      [Humongous Reclaim: 0.8 ms]
      [Free CSet: 0.0 ms]
   [Eden: 56.0M(56.0M)->0.0B(47.0M) Survivors: 3072.0K->4096.0K Heap: 222.8M(1024.0M)->162.8M(1024.0M)]
 [Times: user=0.01 sys=0.00, real=0.02 secs] 
2016-12-19T18:14:39.854+0100: 6174.724: [GC pause (G1 Evacuation Pause) (young), 0.0135251 secs]
   [Parallel Time: 11.8 ms, GC Workers: 1]
      [GC Worker Start (ms):  6174724.3]
      [Ext Root Scanning (ms):  2.7]
      [Update RS (ms):  1.3]
         [Processed Buffers:  39]
      [Scan RS (ms):  0.5]
      [Code Root Scanning (ms):  0.3]
      [Object Copy (ms):  7.0]
      [Termination (ms):  0.0]
         [Termination Attempts:  1]
      [GC Worker Other (ms):  0.0]
      [GC Worker Total (ms):  11.8]
      [GC Worker End (ms):  6174736.1]
   [Code Root Fixup: 0.1 ms]
   [Code Root Purge: 0.0 ms]
   [Clear CT: 0.0 ms]
   [Other: 1.6 ms]
      [Choose CSet: 0.0 ms]
      [Ref Proc: 0.1 ms]
      [Ref Enq: 0.0 ms]
      [Redirty Cards: 0.0 ms]
      [Humongous Register: 0.0 ms]
      [Humongous Reclaim: 1.2 ms]
      [Free CSet: 0.0 ms]
   [Eden: 47.0M(47.0M)->0.0B(47.0M) Survivors: 4096.0K->4096.0K Heap: 234.8M(1024.0M)->167.8M(1024.0M)]
 [Times: user=0.01 sys=0.00, real=0.01 secs] 
2016-12-19T18:14:43.508+0100: 6178.378: [GC pause (G1 Evacuation Pause) (young), 0.0197002 secs]
   [Parallel Time: 17.8 ms, GC Workers: 1]
      [GC Worker Start (ms):  6178378.3]
      [Ext Root Scanning (ms):  1.9]
      [Update RS (ms):  2.7]
         [Processed Buffers:  80]
      [Scan RS (ms):  0.4]
      [Code Root Scanning (ms):  0.3]
      [Object Copy (ms):  12.5]
      [Termination (ms):  0.0]
         [Termination Attempts:  1]
      [GC Worker Other (ms):  0.0]
      [GC Worker Total (ms):  17.8]
      [GC Worker End (ms):  6178396.0]
   [Code Root Fixup: 0.1 ms]
   [Code Root Purge: 0.0 ms]
   [Clear CT: 0.0 ms]
   [Other: 1.7 ms]
      [Choose CSet: 0.0 ms]
      [Ref Proc: 0.1 ms]
      [Ref Enq: 0.0 ms]
      [Redirty Cards: 0.0 ms]
      [Humongous Register: 0.1 ms]
      [Humongous Reclaim: 1.1 ms]
      [Free CSet: 0.1 ms]
   [Eden: 47.0M(47.0M)->0.0B(47.0M) Survivors: 4096.0K->4096.0K Heap: 229.8M(1024.0M)->162.8M(1024.0M)]
 [Times: user=0.01 sys=0.00, real=0.02 secs] 
2016-12-19T18:14:49.867+0100: 6184.738: [GC pause (G1 Evacuation Pause) (young), 0.0206499 secs]
   [Parallel Time: 19.8 ms, GC Workers: 1]
      [GC Worker Start (ms):  6184738.0]
      [Ext Root Scanning (ms):  1.5]
      [Update RS (ms):  1.4]
         [Processed Buffers:  32]
      [Scan RS (ms):  0.0]
      [Code Root Scanning (ms):  0.3]
      [Object Copy (ms):  16.3]
      [Termination (ms):  0.0]
         [Termination Attempts:  1]
      [GC Worker Other (ms):  0.0]
      [GC Worker Total (ms):  19.6]
      [GC Worker End (ms):  6184757.6]
   [Code Root Fixup: 0.2 ms]
   [Code Root Purge: 0.0 ms]
   [Clear CT: 0.0 ms]
   [Other: 0.6 ms]
      [Choose CSet: 0.0 ms]
      [Ref Proc: 0.1 ms]
      [Ref Enq: 0.0 ms]
      [Redirty Cards: 0.0 ms]
      [Humongous Register: 0.1 ms]
      [Humongous Reclaim: 0.0 ms]
      [Free CSet: 0.1 ms]
   [Eden: 47.0M(47.0M)->0.0B(46.0M) Survivors: 4096.0K->5120.0K Heap: 209.8M(1024.0M)->163.3M(1024.0M)]
 [Times: user=0.02 sys=0.00, real=0.02 secs] 
2016-12-19T18:15:15.200+0100: 6210.070: [GC pause (G1 Evacuation Pause) (young), 0.0107526 secs]
   [Parallel Time: 10.3 ms, GC Workers: 1]
      [GC Worker Start (ms):  6210070.4]
      [Ext Root Scanning (ms):  1.9]
      [Update RS (ms):  1.1]
         [Processed Buffers:  33]
      [Scan RS (ms):  0.0]
      [Code Root Scanning (ms):  0.8]
      [Object Copy (ms):  6.5]
      [Termination (ms):  0.0]
         [Termination Attempts:  1]
      [GC Worker Other (ms):  0.0]
      [GC Worker Total (ms):  10.3]
      [GC Worker End (ms):  6210080.6]
   [Code Root Fixup: 0.1 ms]
   [Code Root Purge: 0.0 ms]
   [Clear CT: 0.0 ms]
   [Other: 0.3 ms]
      [Choose CSet: 0.0 ms]
      [Ref Proc: 0.0 ms]
      [Ref Enq: 0.0 ms]
      [Redirty Cards: 0.0 ms]
      [Humongous Register: 0.0 ms]
      [Humongous Reclaim: 0.0 ms]
      [Free CSet: 0.0 ms]
   [Eden: 46.0M(46.0M)->0.0B(53.0M) Survivors: 5120.0K->4096.0K Heap: 209.3M(1024.0M)->162.6M(1024.0M)]
 [Times: user=0.01 sys=0.00, real=0.00 secs] 
2016-12-19T18:15:45.248+0100: 6240.118: [GC pause (G1 Evacuation Pause) (young), 0.0158500 secs]
   [Parallel Time: 15.1 ms, GC Workers: 1]
      [GC Worker Start (ms):  6240118.5]
      [Ext Root Scanning (ms):  2.1]
      [Update RS (ms):  4.5]
         [Processed Buffers:  35]
      [Scan RS (ms):  0.0]
      [Code Root Scanning (ms):  0.1]
      [Object Copy (ms):  8.3]
      [Termination (ms):  0.0]
         [Termination Attempts:  1]
      [GC Worker Other (ms):  0.0]
      [GC Worker Total (ms):  15.0]
      [GC Worker End (ms):  6240133.5]
   [Code Root Fixup: 0.1 ms]
   [Code Root Purge: 0.0 ms]
   [Clear CT: 0.0 ms]
   [Other: 0.6 ms]
      [Choose CSet: 0.0 ms]
      [Ref Proc: 0.1 ms]
      [Ref Enq: 0.0 ms]
      [Redirty Cards: 0.0 ms]
      [Humongous Register: 0.1 ms]
      [Humongous Reclaim: 0.1 ms]
      [Free CSet: 0.1 ms]
   [Eden: 53.0M(53.0M)->0.0B(46.0M) Survivors: 4096.0K->5120.0K Heap: 215.6M(1024.0M)->163.6M(1024.0M)]
 [Times: user=0.01 sys=0.00, real=0.02 secs] 
2016-12-19T18:16:12.222+0100: 6267.092: [GC pause (G1 Evacuation Pause) (young), 0.0109013 secs]
   [Parallel Time: 10.3 ms, GC Workers: 1]
      [GC Worker Start (ms):  6267092.4]
      [Ext Root Scanning (ms):  1.1]
      [Update RS (ms):  1.2]
         [Processed Buffers:  31]
      [Scan RS (ms):  0.0]
      [Code Root Scanning (ms):  0.1]
      [Object Copy (ms):  7.9]
      [Termination (ms):  0.0]
         [Termination Attempts:  1]
      [GC Worker Other (ms):  0.0]
      [GC Worker Total (ms):  10.3]
      [GC Worker End (ms):  6267102.6]
   [Code Root Fixup: 0.1 ms]
   [Code Root Purge: 0.0 ms]
   [Clear CT: 0.0 ms]
   [Other: 0.5 ms]
      [Choose CSet: 0.0 ms]
      [Ref Proc: 0.0 ms]
      [Ref Enq: 0.0 ms]
      [Redirty Cards: 0.0 ms]
      [Humongous Register: 0.1 ms]
      [Humongous Reclaim: 0.0 ms]
      [Free CSet: 0.0 ms]
   [Eden: 46.0M(46.0M)->0.0B(58.0M) Survivors: 5120.0K->4096.0K Heap: 209.6M(1024.0M)->163.4M(1024.0M)]
 [Times: user=0.02 sys=0.00, real=0.01 secs] 
2016-12-19T18:16:44.518+0100: 6299.388: [GC pause (G1 Evacuation Pause) (young), 0.0186545 secs]
   [Parallel Time: 18.3 ms, GC Workers: 1]
      [GC Worker Start (ms):  6299388.1]
      [Ext Root Scanning (ms):  4.3]
      [Update RS (ms):  6.1]
         [Processed Buffers:  36]
      [Scan RS (ms):  0.0]
      [Code Root Scanning (ms):  0.1]
      [Object Copy (ms):  7.8]
      [Termination (ms):  0.0]
         [Termination Attempts:  1]
      [GC Worker Other (ms):  0.0]
      [GC Worker Total (ms):  18.2]
      [GC Worker End (ms):  6299406.4]
   [Code Root Fixup: 0.1 ms]
   [Code Root Purge: 0.0 ms]
   [Clear CT: 0.0 ms]
   [Other: 0.3 ms]
      [Choose CSet: 0.0 ms]
      [Ref Proc: 0.0 ms]
      [Ref Enq: 0.0 ms]
      [Redirty Cards: 0.0 ms]
      [Humongous Register: 0.0 ms]
      [Humongous Reclaim: 0.0 ms]
      [Free CSet: 0.0 ms]
   [Eden: 58.0M(58.0M)->0.0B(46.0M) Survivors: 4096.0K->5120.0K Heap: 221.4M(1024.0M)->163.9M(1024.0M)]
 [Times: user=0.02 sys=0.00, real=0.02 secs] 
2016-12-19T18:17:09.998+0100: 6324.868: [GC pause (G1 Evacuation Pause) (young), 0.0123210 secs]
   [Parallel Time: 11.9 ms, GC Workers: 1]
      [GC Worker Start (ms):  6324868.2]
      [Ext Root Scanning (ms):  1.0]
      [Update RS (ms):  1.1]
         [Processed Buffers:  35]
      [Scan RS (ms):  0.0]
      [Code Root Scanning (ms):  0.1]
      [Object Copy (ms):  9.7]
      [Termination (ms):  0.0]
         [Termination Attempts:  1]
      [GC Worker Other (ms):  0.0]
      [GC Worker Total (ms):  11.9]
      [GC Worker End (ms):  6324880.1]
   [Code Root Fixup: 0.1 ms]
   [Code Root Purge: 0.0 ms]
   [Clear CT: 0.0 ms]
   [Other: 0.3 ms]
      [Choose CSet: 0.0 ms]
      [Ref Proc: 0.0 ms]
      [Ref Enq: 0.0 ms]
      [Redirty Cards: 0.0 ms]
      [Humongous Register: 0.0 ms]
      [Humongous Reclaim: 0.0 ms]
      [Free CSet: 0.0 ms]
   [Eden: 46.0M(46.0M)->0.0B(53.0M) Survivors: 5120.0K->5120.0K Heap: 209.9M(1024.0M)->164.6M(1024.0M)]
 [Times: user=0.01 sys=0.00, real=0.01 secs] 
2016-12-19T18:17:40.810+0100: 6355.681: [GC pause (G1 Evacuation Pause) (young), 0.0129820 secs]
   [Parallel Time: 12.6 ms, GC Workers: 1]
      [GC Worker Start (ms):  6355680.8]
      [Ext Root Scanning (ms):  0.9]
      [Update RS (ms):  1.7]
         [Processed Buffers:  34]
      [Scan RS (ms):  0.0]
      [Code Root Scanning (ms):  0.1]
      [Object Copy (ms):  10.0]
      [Termination (ms):  0.0]
         [Termination Attempts:  1]
      [GC Worker Other (ms):  0.0]
      [GC Worker Total (ms):  12.6]
      [GC Worker End (ms):  6355693.4]
   [Code Root Fixup: 0.0 ms]
   [Code Root Purge: 0.0 ms]
   [Clear CT: 0.0 ms]
   [Other: 0.3 ms]
      [Choose CSet: 0.0 ms]
      [Ref Proc: 0.0 ms]
      [Ref Enq: 0.0 ms]
      [Redirty Cards: 0.0 ms]
      [Humongous Register: 0.0 ms]
      [Humongous Reclaim: 0.0 ms]
      [Free CSet: 0.0 ms]
   [Eden: 53.0M(53.0M)->0.0B(102.0M) Survivors: 5120.0K->5120.0K Heap: 217.6M(1024.0M)->165.1M(1024.0M)]
 [Times: user=0.01 sys=0.00, real=0.02 secs] 
2016-12-19T18:18:39.582+0100: 6414.452: [GC pause (G1 Evacuation Pause) (young), 0.0187228 secs]
   [Parallel Time: 18.3 ms, GC Workers: 1]
      [GC Worker Start (ms):  6414452.2]
      [Ext Root Scanning (ms):  0.9]
      [Update RS (ms):  3.9]
         [Processed Buffers:  40]
      [Scan RS (ms):  0.0]
      [Code Root Scanning (ms):  0.1]
      [Object Copy (ms):  13.3]
      [Termination (ms):  0.0]
         [Termination Attempts:  1]
      [GC Worker Other (ms):  0.0]
      [GC Worker Total (ms):  18.3]
      [GC Worker End (ms):  6414470.4]
   [Code Root Fixup: 0.0 ms]
   [Code Root Purge: 0.0 ms]
   [Clear CT: 0.0 ms]
   [Other: 0.3 ms]
      [Choose CSet: 0.0 ms]
      [Ref Proc: 0.0 ms]
      [Ref Enq: 0.0 ms]
      [Redirty Cards: 0.0 ms]
      [Humongous Register: 0.0 ms]
      [Humongous Reclaim: 0.0 ms]
      [Free CSet: 0.1 ms]
   [Eden: 102.0M(102.0M)->0.0B(74.0M) Survivors: 5120.0K->6144.0K Heap: 267.1M(1024.0M)->166.6M(1024.0M)]
 [Times: user=0.02 sys=0.00, real=0.02 secs] 
2016-12-19T18:19:21.560+0100: 6456.430: [GC pause (G1 Evacuation Pause) (young), 0.0192043 secs]
   [Parallel Time: 18.8 ms, GC Workers: 1]
      [GC Worker Start (ms):  6456430.3]
      [Ext Root Scanning (ms):  1.1]
      [Update RS (ms):  2.8]
         [Processed Buffers:  38]
      [Scan RS (ms):  0.0]
      [Code Root Scanning (ms):  0.1]
      [Object Copy (ms):  14.8]
      [Termination (ms):  0.0]
         [Termination Attempts:  1]
      [GC Worker Other (ms):  0.0]
      [GC Worker Total (ms):  18.7]
      [GC Worker End (ms):  6456449.1]
   [Code Root Fixup: 0.0 ms]
   [Code Root Purge: 0.0 ms]
   [Clear CT: 0.0 ms]
   [Other: 0.3 ms]
      [Choose CSet: 0.0 ms]
      [Ref Proc: 0.0 ms]
      [Ref Enq: 0.0 ms]
      [Redirty Cards: 0.0 ms]
      [Humongous Register: 0.0 ms]
      [Humongous Reclaim: 0.0 ms]
      [Free CSet: 0.1 ms]
   [Eden: 74.0M(74.0M)->0.0B(53.0M) Survivors: 6144.0K->7168.0K Heap: 240.6M(1024.0M)->167.8M(1024.0M)]
 [Times: user=0.02 sys=0.00, real=0.01 secs] 
2016-12-19T18:19:46.536+0100: 6481.406: [GC pause (G1 Evacuation Pause) (young), 0.0236770 secs]
   [Parallel Time: 23.2 ms, GC Workers: 1]
      [GC Worker Start (ms):  6481406.2]
      [Ext Root Scanning (ms):  1.6]
      [Update RS (ms):  3.3]
         [Processed Buffers:  39]
      [Scan RS (ms):  1.0]
      [Code Root Scanning (ms):  0.0]
      [Object Copy (ms):  17.2]
      [Termination (ms):  0.0]
         [Termination Attempts:  1]
      [GC Worker Other (ms):  0.0]
      [GC Worker Total (ms):  23.2]
      [GC Worker End (ms):  6481429.4]
   [Code Root Fixup: 0.1 ms]
   [Code Root Purge: 0.0 ms]
   [Clear CT: 0.0 ms]
   [Other: 0.4 ms]
      [Choose CSet: 0.0 ms]
      [Ref Proc: 0.0 ms]
      [Ref Enq: 0.0 ms]
      [Redirty Cards: 0.0 ms]
      [Humongous Register: 0.1 ms]
      [Humongous Reclaim: 0.0 ms]
      [Free CSet: 0.0 ms]
   [Eden: 44.0M(44.0M)->0.0B(46.0M) Survivors: 7168.0K->5120.0K Heap: 211.8M(1024.0M)->168.9M(1024.0M)]
 [Times: user=0.02 sys=0.00, real=0.02 secs] 
2016-12-19T18:20:13.334+0100: 6508.205: [GC pause (G1 Evacuation Pause) (young), 0.0393461 secs]
   [Parallel Time: 38.3 ms, GC Workers: 1]
      [GC Worker Start (ms):  6508204.6]
      [Ext Root Scanning (ms):  1.5]
      [Update RS (ms):  4.4]
         [Processed Buffers:  38]
      [Scan RS (ms):  2.8]
      [Code Root Scanning (ms):  0.0]
      [Object Copy (ms):  29.6]
      [Termination (ms):  0.0]
         [Termination Attempts:  1]
      [GC Worker Other (ms):  0.0]
      [GC Worker Total (ms):  38.3]
      [GC Worker End (ms):  6508242.9]
   [Code Root Fixup: 0.1 ms]
   [Code Root Purge: 0.0 ms]
   [Clear CT: 0.0 ms]
   [Other: 0.9 ms]
      [Choose CSet: 0.0 ms]
      [Ref Proc: 0.1 ms]
      [Ref Enq: 0.0 ms]
      [Redirty Cards: 0.1 ms]
      [Humongous Register: 0.1 ms]
      [Humongous Reclaim: 0.0 ms]
      [Free CSet: 0.3 ms]
   [Eden: 46.0M(46.0M)->0.0B(47.0M) Survivors: 5120.0K->4096.0K Heap: 214.9M(1024.0M)->170.0M(1024.0M)]
 [Times: user=0.03 sys=0.00, real=0.04 secs] 
2016-12-19T18:20:40.206+0100: 6535.077: [GC pause (G1 Evacuation Pause) (young), 0.0461425 secs]
   [Parallel Time: 45.7 ms, GC Workers: 1]
      [GC Worker Start (ms):  6535077.0]
      [Ext Root Scanning (ms):  1.3]
      [Update RS (ms):  5.1]
         [Processed Buffers:  37]
      [Scan RS (ms):  3.6]
      [Code Root Scanning (ms):  0.0]
      [Object Copy (ms):  35.6]
      [Termination (ms):  0.0]
         [Termination Attempts:  1]
      [GC Worker Other (ms):  0.0]
      [GC Worker Total (ms):  45.7]
      [GC Worker End (ms):  6535122.6]
   [Code Root Fixup: 0.0 ms]
   [Code Root Purge: 0.0 ms]
   [Clear CT: 0.0 ms]
   [Other: 0.4 ms]
      [Choose CSet: 0.0 ms]
      [Ref Proc: 0.0 ms]
      [Ref Enq: 0.0 ms]
      [Redirty Cards: 0.0 ms]
      [Humongous Register: 0.0 ms]
      [Humongous Reclaim: 0.0 ms]
      [Free CSet: 0.0 ms]
   [Eden: 47.0M(47.0M)->0.0B(46.0M) Survivors: 4096.0K->5120.0K Heap: 217.0M(1024.0M)->171.0M(1024.0M)]
 [Times: user=0.05 sys=0.00, real=0.05 secs] 
2016-12-19T18:21:05.926+0100: 6560.796: [GC pause (G1 Evacuation Pause) (young), 0.0283466 secs]
   [Parallel Time: 27.8 ms, GC Workers: 1]
      [GC Worker Start (ms):  6560796.3]
      [Ext Root Scanning (ms):  1.6]
      [Update RS (ms):  3.8]
         [Processed Buffers:  37]
      [Scan RS (ms):  3.2]
      [Code Root Scanning (ms):  0.0]
      [Object Copy (ms):  19.1]
      [Termination (ms):  0.0]
         [Termination Attempts:  1]
      [GC Worker Other (ms):  0.0]
      [GC Worker Total (ms):  27.7]
      [GC Worker End (ms):  6560824.1]
   [Code Root Fixup: 0.1 ms]
   [Code Root Purge: 0.0 ms]
   [Clear CT: 0.0 ms]
   [Other: 0.5 ms]
      [Choose CSet: 0.0 ms]
      [Ref Proc: 0.0 ms]
      [Ref Enq: 0.0 ms]
      [Redirty Cards: 0.0 ms]
      [Humongous Register: 0.1 ms]
      [Humongous Reclaim: 0.0 ms]
      [Free CSet: 0.1 ms]
   [Eden: 46.0M(46.0M)->0.0B(47.0M) Survivors: 5120.0K->4096.0K Heap: 217.0M(1024.0M)->171.0M(1024.0M)]
 [Times: user=0.02 sys=0.00, real=0.03 secs] 
2016-12-19T18:21:33.677+0100: 6588.548: [GC pause (G1 Evacuation Pause) (young), 0.0189069 secs]
   [Parallel Time: 18.5 ms, GC Workers: 1]
      [GC Worker Start (ms):  6588547.7]
      [Ext Root Scanning (ms):  1.1]
      [Update RS (ms):  4.0]
         [Processed Buffers:  34]
      [Scan RS (ms):  2.7]
      [Code Root Scanning (ms):  0.0]
      [Object Copy (ms):  10.8]
      [Termination (ms):  0.0]
         [Termination Attempts:  1]
      [GC Worker Other (ms):  0.0]
      [GC Worker Total (ms):  18.5]
      [GC Worker End (ms):  6588566.2]
   [Code Root Fixup: 0.0 ms]
   [Code Root Purge: 0.0 ms]
   [Clear CT: 0.0 ms]
   [Other: 0.3 ms]
      [Choose CSet: 0.0 ms]
      [Ref Proc: 0.0 ms]
      [Ref Enq: 0.0 ms]
      [Redirty Cards: 0.0 ms]
      [Humongous Register: 0.0 ms]
      [Humongous Reclaim: 0.0 ms]
      [Free CSet: 0.0 ms]
   [Eden: 47.0M(47.0M)->0.0B(46.0M) Survivors: 4096.0K->5120.0K Heap: 218.0M(1024.0M)->172.5M(1024.0M)]
 [Times: user=0.02 sys=0.00, real=0.02 secs] 
2016-12-19T18:22:00.407+0100: 6615.277: [GC pause (G1 Evacuation Pause) (young), 0.0177847 secs]
   [Parallel Time: 17.4 ms, GC Workers: 1]
      [GC Worker Start (ms):  6615277.5]
      [Ext Root Scanning (ms):  1.5]
      [Update RS (ms):  2.4]
         [Processed Buffers:  37]
      [Scan RS (ms):  2.6]
      [Code Root Scanning (ms):  0.0]
      [Object Copy (ms):  10.7]
      [Termination (ms):  0.0]
         [Termination Attempts:  1]
      [GC Worker Other (ms):  0.0]
      [GC Worker Total (ms):  17.3]
      [GC Worker End (ms):  6615294.8]
   [Code Root Fixup: 0.1 ms]
   [Code Root Purge: 0.0 ms]
   [Clear CT: 0.0 ms]
   [Other: 0.3 ms]
      [Choose CSet: 0.0 ms]
      [Ref Proc: 0.0 ms]
      [Ref Enq: 0.0 ms]
      [Redirty Cards: 0.0 ms]
      [Humongous Register: 0.0 ms]
      [Humongous Reclaim: 0.0 ms]
      [Free CSet: 0.0 ms]
   [Eden: 46.0M(46.0M)->0.0B(46.0M) Survivors: 5120.0K->5120.0K Heap: 218.5M(1024.0M)->172.7M(1024.0M)]
 [Times: user=0.01 sys=0.00, real=0.02 secs] 
2016-12-19T18:22:28.078+0100: 6642.948: [GC pause (G1 Evacuation Pause) (young), 0.0193529 secs]
   [Parallel Time: 19.0 ms, GC Workers: 1]
      [GC Worker Start (ms):  6642948.6]
      [Ext Root Scanning (ms):  1.6]
      [Update RS (ms):  2.5]
         [Processed Buffers:  31]
      [Scan RS (ms):  3.1]
      [Code Root Scanning (ms):  0.0]
      [Object Copy (ms):  11.7]
      [Termination (ms):  0.0]
         [Termination Attempts:  1]
      [GC Worker Other (ms):  0.0]
      [GC Worker Total (ms):  18.9]
      [GC Worker End (ms):  6642967.5]
   [Code Root Fixup: 0.0 ms]
   [Code Root Purge: 0.0 ms]
   [Clear CT: 0.0 ms]
   [Other: 0.3 ms]
      [Choose CSet: 0.0 ms]
      [Ref Proc: 0.0 ms]
      [Ref Enq: 0.0 ms]
      [Redirty Cards: 0.0 ms]
      [Humongous Register: 0.1 ms]
      [Humongous Reclaim: 0.0 ms]
      [Free CSet: 0.0 ms]
   [Eden: 46.0M(46.0M)->0.0B(46.0M) Survivors: 5120.0K->5120.0K Heap: 218.7M(1024.0M)->174.5M(1024.0M)]
 [Times: user=0.02 sys=0.00, real=0.02 secs] 
2016-12-19T18:22:55.207+0100: 6670.078: [GC pause (G1 Evacuation Pause) (young), 0.0211760 secs]
   [Parallel Time: 20.1 ms, GC Workers: 1]
      [GC Worker Start (ms):  6670077.7]
      [Ext Root Scanning (ms):  1.0]
      [Update RS (ms):  2.2]
         [Processed Buffers:  30]
      [Scan RS (ms):  3.1]
      [Code Root Scanning (ms):  0.0]
      [Object Copy (ms):  13.7]
      [Termination (ms):  0.0]
         [Termination Attempts:  1]
      [GC Worker Other (ms):  0.1]
      [GC Worker Total (ms):  20.0]
      [GC Worker End (ms):  6670097.7]
   [Code Root Fixup: 0.0 ms]
   [Code Root Purge: 0.0 ms]
   [Clear CT: 0.0 ms]
   [Other: 1.1 ms]
      [Choose CSet: 0.0 ms]
      [Ref Proc: 0.0 ms]
      [Ref Enq: 0.0 ms]
      [Redirty Cards: 0.0 ms]
      [Humongous Register: 0.0 ms]
      [Humongous Reclaim: 0.0 ms]
      [Free CSet: 0.1 ms]
   [Eden: 46.0M(46.0M)->0.0B(46.0M) Survivors: 5120.0K->5120.0K Heap: 220.5M(1024.0M)->175.0M(1024.0M)]
 [Times: user=0.02 sys=0.00, real=0.02 secs] 
2016-12-19T18:23:22.170+0100: 6697.040: [GC pause (G1 Evacuation Pause) (young), 0.0408554 secs]
   [Parallel Time: 40.5 ms, GC Workers: 1]
      [GC Worker Start (ms):  6697040.3]
      [Ext Root Scanning (ms):  0.9]
      [Update RS (ms):  1.9]
         [Processed Buffers:  30]
      [Scan RS (ms):  7.4]
      [Code Root Scanning (ms):  0.0]
      [Object Copy (ms):  30.2]
      [Termination (ms):  0.0]
         [Termination Attempts:  1]
      [GC Worker Other (ms):  0.0]
      [GC Worker Total (ms):  40.4]
      [GC Worker End (ms):  6697080.7]
   [Code Root Fixup: 0.0 ms]
   [Code Root Purge: 0.0 ms]
   [Clear CT: 0.0 ms]
   [Other: 0.3 ms]
      [Choose CSet: 0.0 ms]
      [Ref Proc: 0.0 ms]
      [Ref Enq: 0.0 ms]
      [Redirty Cards: 0.0 ms]
      [Humongous Register: 0.0 ms]
      [Humongous Reclaim: 0.0 ms]
      [Free CSet: 0.1 ms]
   [Eden: 46.0M(46.0M)->0.0B(46.0M) Survivors: 5120.0K->5120.0K Heap: 221.0M(1024.0M)->176.5M(1024.0M)]
 [Times: user=0.02 sys=0.00, real=0.04 secs] 
2016-12-19T18:23:48.203+0100: 6723.073: [GC pause (G1 Evacuation Pause) (young), 0.0336031 secs]
   [Parallel Time: 32.1 ms, GC Workers: 1]
      [GC Worker Start (ms):  6723073.5]
      [Ext Root Scanning (ms):  2.5]
      [Update RS (ms):  5.6]
         [Processed Buffers:  32]
      [Scan RS (ms):  3.9]
      [Code Root Scanning (ms):  0.0]
      [Object Copy (ms):  19.9]
      [Termination (ms):  0.0]
         [Termination Attempts:  1]
      [GC Worker Other (ms):  0.0]
      [GC Worker Total (ms):  32.0]
      [GC Worker End (ms):  6723105.5]
   [Code Root Fixup: 0.0 ms]
   [Code Root Purge: 0.0 ms]
   [Clear CT: 0.0 ms]
   [Other: 1.4 ms]
      [Choose CSet: 0.0 ms]
      [Ref Proc: 0.1 ms]
      [Ref Enq: 0.0 ms]
      [Redirty Cards: 0.1 ms]
      [Humongous Register: 0.0 ms]
      [Humongous Reclaim: 0.1 ms]
      [Free CSet: 0.2 ms]
   [Eden: 46.0M(46.0M)->0.0B(46.0M) Survivors: 5120.0K->5120.0K Heap: 222.5M(1024.0M)->177.0M(1024.0M)]
 [Times: user=0.04 sys=0.00, real=0.03 secs] 
2016-12-19T18:24:14.038+0100: 6748.909: [GC pause (G1 Evacuation Pause) (young), 0.0259566 secs]
   [Parallel Time: 25.3 ms, GC Workers: 1]
      [GC Worker Start (ms):  6748908.9]
      [Ext Root Scanning (ms):  1.1]
      [Update RS (ms):  3.9]
         [Processed Buffers:  33]
      [Scan RS (ms):  5.5]
      [Code Root Scanning (ms):  0.0]
      [Object Copy (ms):  14.8]
      [Termination (ms):  0.0]
         [Termination Attempts:  1]
      [GC Worker Other (ms):  0.0]
      [GC Worker Total (ms):  25.2]
      [GC Worker End (ms):  6748934.2]
   [Code Root Fixup: 0.0 ms]
   [Code Root Purge: 0.0 ms]
   [Clear CT: 0.1 ms]
   [Other: 0.5 ms]
      [Choose CSet: 0.0 ms]
      [Ref Proc: 0.0 ms]
      [Ref Enq: 0.0 ms]
      [Redirty Cards: 0.1 ms]
      [Humongous Register: 0.0 ms]
      [Humongous Reclaim: 0.0 ms]
      [Free CSet: 0.1 ms]
   [Eden: 46.0M(46.0M)->0.0B(46.0M) Survivors: 5120.0K->5120.0K Heap: 223.0M(1024.0M)->178.5M(1024.0M)]
 [Times: user=0.03 sys=0.00, real=0.03 secs] 
2016-12-19T18:24:39.519+0100: 6774.390: [GC pause (G1 Evacuation Pause) (young), 0.0271661 secs]
   [Parallel Time: 26.5 ms, GC Workers: 1]
      [GC Worker Start (ms):  6774389.9]
      [Ext Root Scanning (ms):  1.8]
      [Update RS (ms):  2.8]
         [Processed Buffers:  35]
      [Scan RS (ms):  6.2]
      [Code Root Scanning (ms):  0.0]
      [Object Copy (ms):  15.8]
      [Termination (ms):  0.0]
         [Termination Attempts:  1]
      [GC Worker Other (ms):  0.0]
      [GC Worker Total (ms):  26.5]
      [GC Worker End (ms):  6774416.3]
   [Code Root Fixup: 0.1 ms]
   [Code Root Purge: 0.0 ms]
   [Clear CT: 0.0 ms]
   [Other: 0.5 ms]
      [Choose CSet: 0.0 ms]
      [Ref Proc: 0.0 ms]
      [Ref Enq: 0.0 ms]
      [Redirty Cards: 0.0 ms]
      [Humongous Register: 0.1 ms]
      [Humongous Reclaim: 0.0 ms]
      [Free CSet: 0.1 ms]
   [Eden: 46.0M(46.0M)->0.0B(46.0M) Survivors: 5120.0K->5120.0K Heap: 224.5M(1024.0M)->179.0M(1024.0M)]
 [Times: user=0.03 sys=0.00, real=0.03 secs] 
2016-12-19T18:25:04.088+0100: 6798.958: [GC pause (G1 Evacuation Pause) (young), 0.0233018 secs]
   [Parallel Time: 22.9 ms, GC Workers: 1]
      [GC Worker Start (ms):  6798958.6]
      [Ext Root Scanning (ms):  1.1]
      [Update RS (ms):  2.6]
         [Processed Buffers:  34]
      [Scan RS (ms):  4.8]
      [Code Root Scanning (ms):  0.0]
      [Object Copy (ms):  14.2]
      [Termination (ms):  0.0]
         [Termination Attempts:  1]
      [GC Worker Other (ms):  0.0]
      [GC Worker Total (ms):  22.8]
      [GC Worker End (ms):  6798981.4]
   [Code Root Fixup: 0.1 ms]
   [Code Root Purge: 0.0 ms]
   [Clear CT: 0.0 ms]
   [Other: 0.3 ms]
      [Choose CSet: 0.0 ms]
      [Ref Proc: 0.0 ms]
      [Ref Enq: 0.0 ms]
      [Redirty Cards: 0.0 ms]
      [Humongous Register: 0.0 ms]
      [Humongous Reclaim: 0.0 ms]
      [Free CSet: 0.1 ms]
   [Eden: 46.0M(46.0M)->0.0B(46.0M) Survivors: 5120.0K->5120.0K Heap: 225.0M(1024.0M)->180.5M(1024.0M)]
 [Times: user=0.02 sys=0.00, real=0.02 secs] 
2016-12-19T18:25:31.744+0100: 6826.614: [GC pause (G1 Evacuation Pause) (young), 0.0299192 secs]
   [Parallel Time: 28.6 ms, GC Workers: 1]
      [GC Worker Start (ms):  6826614.2]
      [Ext Root Scanning (ms):  1.3]
      [Update RS (ms):  4.3]
         [Processed Buffers:  35]
      [Scan RS (ms):  6.5]
      [Code Root Scanning (ms):  0.0]
      [Object Copy (ms):  16.4]
      [Termination (ms):  0.0]
         [Termination Attempts:  1]
      [GC Worker Other (ms):  0.0]
      [GC Worker Total (ms):  28.5]
      [GC Worker End (ms):  6826642.8]
   [Code Root Fixup: 0.0 ms]
   [Code Root Purge: 0.0 ms]
   [Clear CT: 0.0 ms]
   [Other: 1.3 ms]
      [Choose CSet: 0.0 ms]
      [Ref Proc: 0.0 ms]
      [Ref Enq: 0.0 ms]
      [Redirty Cards: 0.0 ms]
      [Humongous Register: 0.0 ms]
      [Humongous Reclaim: 0.0 ms]
      [Free CSet: 0.1 ms]
   [Eden: 46.0M(46.0M)->0.0B(46.0M) Survivors: 5120.0K->5120.0K Heap: 226.5M(1024.0M)->181.0M(1024.0M)]
 [Times: user=0.03 sys=0.00, real=0.03 secs] 
2016-12-19T18:25:59.999+0100: 6854.869: [GC pause (G1 Evacuation Pause) (young), 0.0424515 secs]
   [Parallel Time: 41.9 ms, GC Workers: 1]
      [GC Worker Start (ms):  6854869.2]
      [Ext Root Scanning (ms):  2.8]
      [Update RS (ms):  5.4]
         [Processed Buffers:  35]
      [Scan RS (ms):  7.0]
      [Code Root Scanning (ms):  0.0]
      [Object Copy (ms):  26.6]
      [Termination (ms):  0.0]
         [Termination Attempts:  1]
      [GC Worker Other (ms):  0.0]
      [GC Worker Total (ms):  41.8]
      [GC Worker End (ms):  6854911.0]
   [Code Root Fixup: 0.0 ms]
   [Code Root Purge: 0.0 ms]
   [Clear CT: 0.0 ms]
   [Other: 0.5 ms]
      [Choose CSet: 0.0 ms]
      [Ref Proc: 0.0 ms]
      [Ref Enq: 0.0 ms]
      [Redirty Cards: 0.0 ms]
      [Humongous Register: 0.1 ms]
      [Humongous Reclaim: 0.0 ms]
      [Free CSet: 0.1 ms]
   [Eden: 46.0M(46.0M)->0.0B(46.0M) Survivors: 5120.0K->5120.0K Heap: 227.0M(1024.0M)->182.5M(1024.0M)]
 [Times: user=0.04 sys=0.00, real=0.05 secs] 
2016-12-19T18:26:28.474+0100: 6883.344: [GC pause (G1 Evacuation Pause) (young), 0.0257358 secs]
   [Parallel Time: 25.0 ms, GC Workers: 1]
      [GC Worker Start (ms):  6883344.4]
      [Ext Root Scanning (ms):  1.0]
      [Update RS (ms):  2.3]
         [Processed Buffers:  36]
      [Scan RS (ms):  7.6]
      [Code Root Scanning (ms):  0.0]
      [Object Copy (ms):  14.0]
      [Termination (ms):  0.0]
         [Termination Attempts:  1]
      [GC Worker Other (ms):  0.0]
      [GC Worker Total (ms):  25.0]
      [GC Worker End (ms):  6883369.4]
   [Code Root Fixup: 0.0 ms]
   [Code Root Purge: 0.0 ms]
   [Clear CT: 0.0 ms]
   [Other: 0.6 ms]
      [Choose CSet: 0.0 ms]
      [Ref Proc: 0.0 ms]
      [Ref Enq: 0.0 ms]
      [Redirty Cards: 0.1 ms]
      [Humongous Register: 0.0 ms]
      [Humongous Reclaim: 0.1 ms]
      [Free CSet: 0.1 ms]
   [Eden: 46.0M(46.0M)->0.0B(47.0M) Survivors: 5120.0K->4096.0K Heap: 228.5M(1024.0M)->183.0M(1024.0M)]
 [Times: user=0.02 sys=0.00, real=0.03 secs] 
2016-12-19T18:26:56.545+0100: 6911.415: [GC pause (G1 Evacuation Pause) (young), 0.0958635 secs]
   [Parallel Time: 95.2 ms, GC Workers: 1]
      [GC Worker Start (ms):  6911415.6]
      [Ext Root Scanning (ms):  2.0]
      [Update RS (ms):  4.4]
         [Processed Buffers:  41]
      [Scan RS (ms):  36.1]
      [Code Root Scanning (ms):  0.0]
      [Object Copy (ms):  52.6]
      [Termination (ms):  0.0]
         [Termination Attempts:  1]
      [GC Worker Other (ms):  0.0]
      [GC Worker Total (ms):  95.2]
      [GC Worker End (ms):  6911510.7]
   [Code Root Fixup: 0.1 ms]
   [Code Root Purge: 0.0 ms]
   [Clear CT: 0.0 ms]
   [Other: 0.6 ms]
      [Choose CSet: 0.0 ms]
      [Ref Proc: 0.0 ms]
      [Ref Enq: 0.0 ms]
      [Redirty Cards: 0.1 ms]
      [Humongous Register: 0.1 ms]
      [Humongous Reclaim: 0.0 ms]
      [Free CSet: 0.1 ms]
   [Eden: 47.0M(47.0M)->0.0B(46.0M) Survivors: 4096.0K->5120.0K Heap: 230.0M(1024.0M)->184.0M(1024.0M)]
 [Times: user=0.08 sys=0.00, real=0.10 secs] 
2016-12-19T18:27:24.447+0100: 6939.318: [GC pause (G1 Evacuation Pause) (young), 0.0290143 secs]
   [Parallel Time: 28.5 ms, GC Workers: 1]
      [GC Worker Start (ms):  6939318.0]
      [Ext Root Scanning (ms):  1.4]
      [Update RS (ms):  4.3]
         [Processed Buffers:  37]
      [Scan RS (ms):  7.3]
      [Code Root Scanning (ms):  0.0]
      [Object Copy (ms):  15.3]
      [Termination (ms):  0.0]
         [Termination Attempts:  1]
      [GC Worker Other (ms):  0.0]
      [GC Worker Total (ms):  28.4]
      [GC Worker End (ms):  6939346.4]
   [Code Root Fixup: 0.1 ms]
   [Code Root Purge: 0.0 ms]
   [Clear CT: 0.0 ms]
   [Other: 0.5 ms]
      [Choose CSet: 0.0 ms]
      [Ref Proc: 0.0 ms]
      [Ref Enq: 0.0 ms]
      [Redirty Cards: 0.0 ms]
      [Humongous Register: 0.0 ms]
      [Humongous Reclaim: 0.0 ms]
      [Free CSet: 0.1 ms]
   [Eden: 46.0M(46.0M)->0.0B(47.0M) Survivors: 5120.0K->4096.0K Heap: 230.0M(1024.0M)->184.5M(1024.0M)]
 [Times: user=0.03 sys=0.00, real=0.03 secs] 
2016-12-19T18:27:52.495+0100: 6967.365: [GC pause (G1 Evacuation Pause) (young), 0.0312801 secs]
   [Parallel Time: 30.6 ms, GC Workers: 1]
      [GC Worker Start (ms):  6967365.2]
      [Ext Root Scanning (ms):  1.4]
      [Update RS (ms):  3.6]
         [Processed Buffers:  38]
      [Scan RS (ms):  9.9]
      [Code Root Scanning (ms):  0.0]
      [Object Copy (ms):  15.7]
      [Termination (ms):  0.0]
         [Termination Attempts:  1]
      [GC Worker Other (ms):  0.0]
      [GC Worker Total (ms):  30.6]
      [GC Worker End (ms):  6967395.7]
   [Code Root Fixup: 0.1 ms]
   [Code Root Purge: 0.0 ms]
   [Clear CT: 0.0 ms]
   [Other: 0.6 ms]
      [Choose CSet: 0.0 ms]
      [Ref Proc: 0.0 ms]
      [Ref Enq: 0.0 ms]
      [Redirty Cards: 0.1 ms]
      [Humongous Register: 0.1 ms]
      [Humongous Reclaim: 0.0 ms]
      [Free CSet: 0.1 ms]
   [Eden: 47.0M(47.0M)->0.0B(46.0M) Survivors: 4096.0K->5120.0K Heap: 231.5M(1024.0M)->185.5M(1024.0M)]
 [Times: user=0.03 sys=0.00, real=0.03 secs] 
2016-12-19T18:28:18.701+0100: 6993.571: [GC pause (G1 Evacuation Pause) (young), 0.0349321 secs]
   [Parallel Time: 33.7 ms, GC Workers: 1]
      [GC Worker Start (ms):  6993571.7]
      [Ext Root Scanning (ms):  3.1]
      [Update RS (ms):  4.9]
         [Processed Buffers:  38]
      [Scan RS (ms):  7.7]
      [Code Root Scanning (ms):  0.0]
      [Object Copy (ms):  17.9]
      [Termination (ms):  0.0]
         [Termination Attempts:  1]
      [GC Worker Other (ms):  0.0]
      [GC Worker Total (ms):  33.6]
      [GC Worker End (ms):  6993605.3]
   [Code Root Fixup: 0.0 ms]
   [Code Root Purge: 0.0 ms]
   [Clear CT: 0.1 ms]
   [Other: 1.2 ms]
      [Choose CSet: 0.0 ms]
      [Ref Proc: 0.0 ms]
      [Ref Enq: 0.0 ms]
      [Redirty Cards: 0.1 ms]
      [Humongous Register: 0.1 ms]
      [Humongous Reclaim: 0.0 ms]
      [Free CSet: 0.1 ms]
   [Eden: 46.0M(46.0M)->0.0B(47.0M) Survivors: 5120.0K->4096.0K Heap: 231.5M(1024.0M)->186.2M(1024.0M)]
 [Times: user=0.03 sys=0.00, real=0.03 secs] 
2016-12-19T18:28:47.714+0100: 7022.585: [GC pause (G1 Evacuation Pause) (young), 0.0262345 secs]
   [Parallel Time: 25.1 ms, GC Workers: 1]
      [GC Worker Start (ms):  7022586.5]
      [Ext Root Scanning (ms):  1.5]
      [Update RS (ms):  2.7]
         [Processed Buffers:  38]
      [Scan RS (ms):  5.9]
      [Code Root Scanning (ms):  0.0]
      [Object Copy (ms):  13.6]
      [Termination (ms):  0.0]
         [Termination Attempts:  1]
      [GC Worker Other (ms):  0.0]
      [GC Worker Total (ms):  23.7]
      [GC Worker End (ms):  7022610.1]
   [Code Root Fixup: 0.1 ms]
   [Code Root Purge: 0.0 ms]
   [Clear CT: 0.0 ms]
   [Other: 1.1 ms]
      [Choose CSet: 0.0 ms]
      [Ref Proc: 0.0 ms]
      [Ref Enq: 0.0 ms]
      [Redirty Cards: 0.0 ms]
      [Humongous Register: 0.1 ms]
      [Humongous Reclaim: 0.1 ms]
      [Free CSet: 0.5 ms]
   [Eden: 47.0M(47.0M)->0.0B(46.0M) Survivors: 4096.0K->5120.0K Heap: 233.2M(1024.0M)->187.2M(1024.0M)]
 [Times: user=0.03 sys=0.00, real=0.03 secs] 
2016-12-19T18:29:15.082+0100: 7049.952: [GC pause (G1 Evacuation Pause) (young), 0.0315632 secs]
   [Parallel Time: 31.1 ms, GC Workers: 1]
      [GC Worker Start (ms):  7049952.4]
      [Ext Root Scanning (ms):  1.1]
      [Update RS (ms):  2.7]
         [Processed Buffers:  36]
      [Scan RS (ms):  6.2]
      [Code Root Scanning (ms):  0.0]
      [Object Copy (ms):  21.0]
      [Termination (ms):  0.0]
         [Termination Attempts:  1]
      [GC Worker Other (ms):  0.0]
      [GC Worker Total (ms):  31.1]
      [GC Worker End (ms):  7049983.5]
   [Code Root Fixup: 0.0 ms]
   [Code Root Purge: 0.0 ms]
   [Clear CT: 0.0 ms]
   [Other: 0.4 ms]
      [Choose CSet: 0.0 ms]
      [Ref Proc: 0.0 ms]
      [Ref Enq: 0.0 ms]
      [Redirty Cards: 0.0 ms]
      [Humongous Register: 0.0 ms]
      [Humongous Reclaim: 0.0 ms]
      [Free CSet: 0.1 ms]
   [Eden: 46.0M(46.0M)->0.0B(47.0M) Survivors: 5120.0K->4096.0K Heap: 233.2M(1024.0M)->188.3M(1024.0M)]
 [Times: user=0.03 sys=0.00, real=0.03 secs] 
2016-12-19T18:29:45.083+0100: 7079.953: [GC pause (G1 Evacuation Pause) (young), 0.0284404 secs]
   [Parallel Time: 27.8 ms, GC Workers: 1]
      [GC Worker Start (ms):  7079953.5]
      [Ext Root Scanning (ms):  1.1]
      [Update RS (ms):  3.0]
         [Processed Buffers:  39]
      [Scan RS (ms):  6.2]
      [Code Root Scanning (ms):  0.0]
      [Object Copy (ms):  17.4]
      [Termination (ms):  0.0]
         [Termination Attempts:  1]
      [GC Worker Other (ms):  0.0]
      [GC Worker Total (ms):  27.8]
      [GC Worker End (ms):  7079981.3]
   [Code Root Fixup: 0.1 ms]
   [Code Root Purge: 0.0 ms]
   [Clear CT: 0.0 ms]
   [Other: 0.5 ms]
      [Choose CSet: 0.0 ms]
      [Ref Proc: 0.0 ms]
      [Ref Enq: 0.0 ms]
      [Redirty Cards: 0.1 ms]
      [Humongous Register: 0.0 ms]
      [Humongous Reclaim: 0.0 ms]
      [Free CSet: 0.1 ms]
   [Eden: 47.0M(47.0M)->0.0B(46.0M) Survivors: 4096.0K->5120.0K Heap: 235.3M(1024.0M)->189.3M(1024.0M)]
 [Times: user=0.02 sys=0.00, real=0.03 secs] 
2016-12-19T18:30:13.414+0100: 7108.284: [GC pause (G1 Evacuation Pause) (young), 0.0332452 secs]
   [Parallel Time: 32.6 ms, GC Workers: 1]
      [GC Worker Start (ms):  7108285.8]
      [Ext Root Scanning (ms):  2.8]
      [Update RS (ms):  3.9]
         [Processed Buffers:  39]
      [Scan RS (ms):  6.7]
      [Code Root Scanning (ms):  0.0]
      [Object Copy (ms):  17.6]
      [Termination (ms):  0.0]
         [Termination Attempts:  1]
      [GC Worker Other (ms):  0.0]
      [GC Worker Total (ms):  31.0]
      [GC Worker End (ms):  7108316.8]
   [Code Root Fixup: 0.1 ms]
   [Code Root Purge: 0.0 ms]
   [Clear CT: 0.0 ms]
   [Other: 0.6 ms]
      [Choose CSet: 0.0 ms]
      [Ref Proc: 0.0 ms]
      [Ref Enq: 0.0 ms]
      [Redirty Cards: 0.1 ms]
      [Humongous Register: 0.1 ms]
      [Humongous Reclaim: 0.0 ms]
      [Free CSet: 0.1 ms]
   [Eden: 46.0M(46.0M)->0.0B(47.0M) Survivors: 5120.0K->4096.0K Heap: 235.3M(1024.0M)->189.8M(1024.0M)]
 [Times: user=0.03 sys=0.00, real=0.03 secs] 
2016-12-19T18:30:40.087+0100: 7134.957: [GC pause (G1 Evacuation Pause) (young), 0.0259426 secs]
   [Parallel Time: 25.5 ms, GC Workers: 1]
      [GC Worker Start (ms):  7134957.5]
      [Ext Root Scanning (ms):  1.0]
      [Update RS (ms):  2.9]
         [Processed Buffers:  39]
      [Scan RS (ms):  6.6]
      [Code Root Scanning (ms):  0.0]
      [Object Copy (ms):  14.9]
      [Termination (ms):  0.0]
         [Termination Attempts:  1]
      [GC Worker Other (ms):  0.0]
      [GC Worker Total (ms):  25.5]
      [GC Worker End (ms):  7134983.0]
   [Code Root Fixup: 0.0 ms]
   [Code Root Purge: 0.0 ms]
   [Clear CT: 0.0 ms]
   [Other: 0.4 ms]
      [Choose CSet: 0.0 ms]
      [Ref Proc: 0.0 ms]
      [Ref Enq: 0.0 ms]
      [Redirty Cards: 0.0 ms]
      [Humongous Register: 0.0 ms]
      [Humongous Reclaim: 0.0 ms]
      [Free CSet: 0.1 ms]
   [Eden: 47.0M(47.0M)->0.0B(46.0M) Survivors: 4096.0K->5120.0K Heap: 236.8M(1024.0M)->190.8M(1024.0M)]
 [Times: user=0.02 sys=0.00, real=0.03 secs] 
2016-12-19T18:31:06.557+0100: 7161.427: [GC pause (G1 Evacuation Pause) (young), 0.0289254 secs]
   [Parallel Time: 28.3 ms, GC Workers: 1]
      [GC Worker Start (ms):  7161427.7]
      [Ext Root Scanning (ms):  1.5]
      [Update RS (ms):  3.6]
         [Processed Buffers:  39]
      [Scan RS (ms):  6.2]
      [Code Root Scanning (ms):  0.0]
      [Object Copy (ms):  16.9]
      [Termination (ms):  0.0]
         [Termination Attempts:  1]
      [GC Worker Other (ms):  0.0]
      [GC Worker Total (ms):  28.2]
      [GC Worker End (ms):  7161455.9]
   [Code Root Fixup: 0.1 ms]
   [Code Root Purge: 0.0 ms]
   [Clear CT: 0.1 ms]
   [Other: 0.5 ms]
      [Choose CSet: 0.0 ms]
      [Ref Proc: 0.0 ms]
      [Ref Enq: 0.0 ms]
      [Redirty Cards: 0.1 ms]
      [Humongous Register: 0.1 ms]
      [Humongous Reclaim: 0.0 ms]
      [Free CSet: 0.1 ms]
   [Eden: 46.0M(46.0M)->0.0B(47.0M) Survivors: 5120.0K->4096.0K Heap: 236.8M(1024.0M)->191.8M(1024.0M)]
 [Times: user=0.03 sys=0.00, real=0.03 secs] 
2016-12-19T18:31:33.338+0100: 7188.208: [GC pause (G1 Evacuation Pause) (young), 0.0245916 secs]
   [Parallel Time: 24.1 ms, GC Workers: 1]
      [GC Worker Start (ms):  7188208.6]
      [Ext Root Scanning (ms):  4.2]
      [Update RS (ms):  3.5]
         [Processed Buffers:  39]
      [Scan RS (ms):  6.0]
      [Code Root Scanning (ms):  0.0]
      [Object Copy (ms):  10.3]
      [Termination (ms):  0.0]
         [Termination Attempts:  1]
      [GC Worker Other (ms):  0.0]
      [GC Worker Total (ms):  24.0]
      [GC Worker End (ms):  7188232.7]
   [Code Root Fixup: 0.1 ms]
   [Code Root Purge: 0.0 ms]
   [Clear CT: 0.0 ms]
   [Other: 0.4 ms]
      [Choose CSet: 0.0 ms]
      [Ref Proc: 0.0 ms]
      [Ref Enq: 0.0 ms]
      [Redirty Cards: 0.0 ms]
      [Humongous Register: 0.1 ms]
      [Humongous Reclaim: 0.0 ms]
      [Free CSet: 0.1 ms]
   [Eden: 47.0M(47.0M)->0.0B(47.0M) Survivors: 4096.0K->4096.0K Heap: 238.8M(1024.0M)->191.8M(1024.0M)]
 [Times: user=0.02 sys=0.00, real=0.03 secs] 
2016-12-19T18:32:00.181+0100: 7215.052: [GC pause (G1 Evacuation Pause) (young), 0.0357307 secs]
   [Parallel Time: 35.0 ms, GC Workers: 1]
      [GC Worker Start (ms):  7215052.3]
      [Ext Root Scanning (ms):  1.8]
      [Update RS (ms):  2.2]
         [Processed Buffers:  40]
      [Scan RS (ms):  11.5]
      [Code Root Scanning (ms):  0.0]
      [Object Copy (ms):  19.4]
      [Termination (ms):  0.0]
         [Termination Attempts:  1]
      [GC Worker Other (ms):  0.0]
      [GC Worker Total (ms):  34.9]
      [GC Worker End (ms):  7215087.2]
   [Code Root Fixup: 0.0 ms]
   [Code Root Purge: 0.0 ms]
   [Clear CT: 0.0 ms]
   [Other: 0.6 ms]
      [Choose CSet: 0.0 ms]
      [Ref Proc: 0.0 ms]
      [Ref Enq: 0.0 ms]
      [Redirty Cards: 0.0 ms]
      [Humongous Register: 0.0 ms]
      [Humongous Reclaim: 0.0 ms]
      [Free CSet: 0.1 ms]
   [Eden: 47.0M(47.0M)->0.0B(44.0M) Survivors: 4096.0K->7168.0K Heap: 238.8M(1024.0M)->194.3M(1024.0M)]
 [Times: user=0.03 sys=0.00, real=0.03 secs] 
2016-12-19T18:32:28.436+0100: 7243.307: [GC pause (G1 Evacuation Pause) (young), 0.0962543 secs]
   [Parallel Time: 95.2 ms, GC Workers: 1]
      [GC Worker Start (ms):  7243306.7]
      [Ext Root Scanning (ms):  1.2]
      [Update RS (ms):  3.6]
         [Processed Buffers:  36]
      [Scan RS (ms):  11.4]
      [Code Root Scanning (ms):  0.0]
      [Object Copy (ms):  78.9]
      [Termination (ms):  0.0]
         [Termination Attempts:  1]
      [GC Worker Other (ms):  0.0]
      [GC Worker Total (ms):  95.2]
      [GC Worker End (ms):  7243401.9]
   [Code Root Fixup: 0.1 ms]
   [Code Root Purge: 0.0 ms]
   [Clear CT: 0.1 ms]
   [Other: 0.9 ms]
      [Choose CSet: 0.0 ms]
      [Ref Proc: 0.1 ms]
      [Ref Enq: 0.0 ms]
      [Redirty Cards: 0.1 ms]
      [Humongous Register: 0.1 ms]
      [Humongous Reclaim: 0.0 ms]
      [Free CSet: 0.1 ms]
   [Eden: 44.0M(44.0M)->0.0B(46.0M) Survivors: 7168.0K->5120.0K Heap: 238.3M(1024.0M)->195.0M(1024.0M)]
 [Times: user=0.04 sys=0.02, real=0.10 secs] 
2016-12-19T18:32:55.394+0100: 7270.264: [GC pause (G1 Evacuation Pause) (young), 0.0949283 secs]
   [Parallel Time: 93.1 ms, GC Workers: 1]
      [GC Worker Start (ms):  7270264.3]
      [Ext Root Scanning (ms):  2.7]
      [Update RS (ms):  2.9]
         [Processed Buffers:  39]
      [Scan RS (ms):  7.9]
      [Code Root Scanning (ms):  0.0]
      [Object Copy (ms):  79.4]
      [Termination (ms):  0.0]
         [Termination Attempts:  1]
      [GC Worker Other (ms):  0.1]
      [GC Worker Total (ms):  93.0]
      [GC Worker End (ms):  7270357.3]
   [Code Root Fixup: 0.1 ms]
   [Code Root Purge: 0.0 ms]
   [Clear CT: 0.0 ms]
   [Other: 1.7 ms]
      [Choose CSet: 0.0 ms]
      [Ref Proc: 0.1 ms]
      [Ref Enq: 0.0 ms]
      [Redirty Cards: 0.0 ms]
      [Humongous Register: 0.1 ms]
      [Humongous Reclaim: 0.0 ms]
      [Free CSet: 0.1 ms]
   [Eden: 46.0M(46.0M)->0.0B(47.0M) Survivors: 5120.0K->4096.0K Heap: 241.0M(1024.0M)->195.5M(1024.0M)]
 [Times: user=0.06 sys=0.00, real=0.09 secs] 
2016-12-19T18:33:22.636+0100: 7297.507: [GC pause (G1 Evacuation Pause) (young), 0.0590776 secs]
   [Parallel Time: 58.5 ms, GC Workers: 1]
      [GC Worker Start (ms):  7297506.9]
      [Ext Root Scanning (ms):  1.1]
      [Update RS (ms):  7.6]
         [Processed Buffers:  38]
      [Scan RS (ms):  28.5]
      [Code Root Scanning (ms):  0.0]
      [Object Copy (ms):  21.3]
      [Termination (ms):  0.0]
         [Termination Attempts:  1]
      [GC Worker Other (ms):  0.0]
      [GC Worker Total (ms):  58.4]
      [GC Worker End (ms):  7297565.3]
   [Code Root Fixup: 0.0 ms]
   [Code Root Purge: 0.0 ms]
   [Clear CT: 0.0 ms]
   [Other: 0.5 ms]
      [Choose CSet: 0.0 ms]
      [Ref Proc: 0.0 ms]
      [Ref Enq: 0.0 ms]
      [Redirty Cards: 0.0 ms]
      [Humongous Register: 0.0 ms]
      [Humongous Reclaim: 0.0 ms]
      [Free CSet: 0.1 ms]
   [Eden: 47.0M(47.0M)->0.0B(47.0M) Survivors: 4096.0K->4096.0K Heap: 242.5M(1024.0M)->195.5M(1024.0M)]
 [Times: user=0.04 sys=0.00, real=0.06 secs] 
2016-12-19T18:33:51.731+0100: 7326.601: [GC pause (G1 Evacuation Pause) (young), 0.0414772 secs]
   [Parallel Time: 40.8 ms, GC Workers: 1]
      [GC Worker Start (ms):  7326601.5]
      [Ext Root Scanning (ms):  1.1]
      [Update RS (ms):  3.2]
         [Processed Buffers:  39]
      [Scan RS (ms):  6.7]
      [Code Root Scanning (ms):  0.0]
      [Object Copy (ms):  29.8]
      [Termination (ms):  0.0]
         [Termination Attempts:  1]
      [GC Worker Other (ms):  0.0]
      [GC Worker Total (ms):  40.8]
      [GC Worker End (ms):  7326642.3]
   [Code Root Fixup: 0.0 ms]
   [Code Root Purge: 0.0 ms]
   [Clear CT: 0.0 ms]
   [Other: 0.6 ms]
      [Choose CSet: 0.0 ms]
      [Ref Proc: 0.1 ms]
      [Ref Enq: 0.0 ms]
      [Redirty Cards: 0.0 ms]
      [Humongous Register: 0.1 ms]
      [Humongous Reclaim: 0.0 ms]
      [Free CSet: 0.1 ms]
   [Eden: 47.0M(47.0M)->0.0B(46.0M) Survivors: 4096.0K->5120.0K Heap: 242.5M(1024.0M)->196.5M(1024.0M)]
 [Times: user=0.04 sys=0.00, real=0.05 secs] 
2016-12-19T18:34:18.526+0100: 7353.396: [GC pause (G1 Evacuation Pause) (young), 0.0389002 secs]
   [Parallel Time: 37.9 ms, GC Workers: 1]
      [GC Worker Start (ms):  7353396.3]
      [Ext Root Scanning (ms):  2.0]
      [Update RS (ms):  3.2]
         [Processed Buffers:  39]
      [Scan RS (ms):  4.8]
      [Code Root Scanning (ms):  0.0]
      [Object Copy (ms):  27.8]
      [Termination (ms):  0.0]
         [Termination Attempts:  1]
      [GC Worker Other (ms):  0.0]
      [GC Worker Total (ms):  37.8]
      [GC Worker End (ms):  7353434.1]
   [Code Root Fixup: 0.1 ms]
   [Code Root Purge: 0.0 ms]
   [Clear CT: 0.1 ms]
   [Other: 0.8 ms]
      [Choose CSet: 0.0 ms]
      [Ref Proc: 0.1 ms]
      [Ref Enq: 0.0 ms]
      [Redirty Cards: 0.1 ms]
      [Humongous Register: 0.0 ms]
      [Humongous Reclaim: 0.0 ms]
      [Free CSet: 0.1 ms]
   [Eden: 46.0M(46.0M)->0.0B(48.0M) Survivors: 5120.0K->3072.0K Heap: 242.5M(1024.0M)->196.1M(1024.0M)]
 [Times: user=0.02 sys=0.00, real=0.04 secs] 
2016-12-19T18:34:46.340+0100: 7381.211: [GC pause (G1 Evacuation Pause) (young), 0.0308194 secs]
   [Parallel Time: 30.1 ms, GC Workers: 1]
      [GC Worker Start (ms):  7381210.9]
      [Ext Root Scanning (ms):  1.7]
      [Update RS (ms):  4.4]
         [Processed Buffers:  40]
      [Scan RS (ms):  4.9]
      [Code Root Scanning (ms):  0.0]
      [Object Copy (ms):  18.8]
      [Termination (ms):  0.0]
         [Termination Attempts:  1]
      [GC Worker Other (ms):  0.0]
      [GC Worker Total (ms):  29.9]
      [GC Worker End (ms):  7381240.8]
   [Code Root Fixup: 0.1 ms]
   [Code Root Purge: 0.0 ms]
   [Clear CT: 0.0 ms]
   [Other: 0.6 ms]
      [Choose CSet: 0.0 ms]
      [Ref Proc: 0.0 ms]
      [Ref Enq: 0.0 ms]
      [Redirty Cards: 0.0 ms]
      [Humongous Register: 0.0 ms]
      [Humongous Reclaim: 0.1 ms]
      [Free CSet: 0.1 ms]
   [Eden: 48.0M(48.0M)->0.0B(46.0M) Survivors: 3072.0K->5120.0K Heap: 244.1M(1024.0M)->197.6M(1024.0M)]
 [Times: user=0.02 sys=0.00, real=0.02 secs] 
2016-12-19T18:35:14.431+0100: 7409.301: [GC pause (G1 Evacuation Pause) (young), 0.0555148 secs]
   [Parallel Time: 53.7 ms, GC Workers: 1]
      [GC Worker Start (ms):  7409301.7]
      [Ext Root Scanning (ms):  1.8]
      [Update RS (ms):  3.4]
         [Processed Buffers:  38]
      [Scan RS (ms):  3.4]
      [Code Root Scanning (ms):  0.0]
      [Object Copy (ms):  45.0]
      [Termination (ms):  0.0]
         [Termination Attempts:  1]
      [GC Worker Other (ms):  0.0]
      [GC Worker Total (ms):  53.6]
      [GC Worker End (ms):  7409355.4]
   [Code Root Fixup: 0.1 ms]
   [Code Root Purge: 0.0 ms]
   [Clear CT: 0.1 ms]
   [Other: 1.7 ms]
      [Choose CSet: 0.0 ms]
      [Ref Proc: 0.1 ms]
      [Ref Enq: 0.0 ms]
      [Redirty Cards: 0.1 ms]
      [Humongous Register: 0.1 ms]
      [Humongous Reclaim: 0.0 ms]
      [Free CSet: 0.1 ms]
   [Eden: 46.0M(46.0M)->0.0B(47.0M) Survivors: 5120.0K->4096.0K Heap: 243.6M(1024.0M)->197.7M(1024.0M)]
 [Times: user=0.05 sys=0.00, real=0.06 secs] 
2016-12-19T18:35:42.002+0100: 7436.872: [GC pause (G1 Evacuation Pause) (young), 0.0264699 secs]
   [Parallel Time: 25.9 ms, GC Workers: 1]
      [GC Worker Start (ms):  7436872.2]
      [Ext Root Scanning (ms):  1.0]
      [Update RS (ms):  3.2]
         [Processed Buffers:  39]
      [Scan RS (ms):  4.2]
      [Code Root Scanning (ms):  0.0]
      [Object Copy (ms):  17.5]
      [Termination (ms):  0.0]
         [Termination Attempts:  1]
      [GC Worker Other (ms):  0.0]
      [GC Worker Total (ms):  25.9]
      [GC Worker End (ms):  7436898.1]
   [Code Root Fixup: 0.0 ms]
   [Code Root Purge: 0.0 ms]
   [Clear CT: 0.0 ms]
   [Other: 0.4 ms]
      [Choose CSet: 0.0 ms]
      [Ref Proc: 0.0 ms]
      [Ref Enq: 0.0 ms]
      [Redirty Cards: 0.0 ms]
      [Humongous Register: 0.0 ms]
      [Humongous Reclaim: 0.0 ms]
      [Free CSet: 0.1 ms]
   [Eden: 47.0M(47.0M)->0.0B(45.0M) Survivors: 4096.0K->6144.0K Heap: 244.7M(1024.0M)->199.2M(1024.0M)]
 [Times: user=0.02 sys=0.00, real=0.02 secs] 
2016-12-19T18:36:06.987+0100: 7461.858: [GC pause (G1 Evacuation Pause) (young), 0.0550589 secs]
   [Parallel Time: 54.6 ms, GC Workers: 1]
      [GC Worker Start (ms):  7461857.9]
      [Ext Root Scanning (ms):  1.3]
      [Update RS (ms):  3.3]
         [Processed Buffers:  39]
      [Scan RS (ms):  5.0]
      [Code Root Scanning (ms):  0.0]
      [Object Copy (ms):  45.0]
      [Termination (ms):  0.0]
         [Termination Attempts:  1]
      [GC Worker Other (ms):  0.0]
      [GC Worker Total (ms):  54.6]
      [GC Worker End (ms):  7461912.5]
   [Code Root Fixup: 0.0 ms]
   [Code Root Purge: 0.0 ms]
   [Clear CT: 0.0 ms]
   [Other: 0.4 ms]
      [Choose CSet: 0.0 ms]
      [Ref Proc: 0.0 ms]
      [Ref Enq: 0.0 ms]
      [Redirty Cards: 0.0 ms]
      [Humongous Register: 0.0 ms]
      [Humongous Reclaim: 0.0 ms]
      [Free CSet: 0.1 ms]
   [Eden: 45.0M(45.0M)->0.0B(47.0M) Survivors: 6144.0K->4096.0K Heap: 244.2M(1024.0M)->199.2M(1024.0M)]
 [Times: user=0.04 sys=0.00, real=0.06 secs] 
2016-12-19T18:36:33.564+0100: 7488.435: [GC pause (G1 Evacuation Pause) (young), 0.0655067 secs]
   [Parallel Time: 64.9 ms, GC Workers: 1]
      [GC Worker Start (ms):  7488434.8]
      [Ext Root Scanning (ms):  1.3]
      [Update RS (ms):  8.5]
         [Processed Buffers:  39]
      [Scan RS (ms):  18.5]
      [Code Root Scanning (ms):  0.0]
      [Object Copy (ms):  36.5]
      [Termination (ms):  0.0]
         [Termination Attempts:  1]
      [GC Worker Other (ms):  0.0]
      [GC Worker Total (ms):  64.9]
      [GC Worker End (ms):  7488499.7]
   [Code Root Fixup: 0.0 ms]
   [Code Root Purge: 0.0 ms]
   [Clear CT: 0.0 ms]
   [Other: 0.5 ms]
      [Choose CSet: 0.0 ms]
      [Ref Proc: 0.0 ms]
      [Ref Enq: 0.0 ms]
      [Redirty Cards: 0.0 ms]
      [Humongous Register: 0.0 ms]
      [Humongous Reclaim: 0.0 ms]
      [Free CSet: 0.1 ms]
   [Eden: 47.0M(47.0M)->0.0B(45.0M) Survivors: 4096.0K->6144.0K Heap: 246.2M(1024.0M)->200.7M(1024.0M)]
 [Times: user=0.04 sys=0.00, real=0.06 secs] 
2016-12-19T18:36:58.745+0100: 7513.615: [GC pause (G1 Evacuation Pause) (young), 0.0462358 secs]
   [Parallel Time: 45.5 ms, GC Workers: 1]
      [GC Worker Start (ms):  7513615.3]
      [Ext Root Scanning (ms):  1.4]
      [Update RS (ms):  5.5]
         [Processed Buffers:  39]
      [Scan RS (ms):  6.1]
      [Code Root Scanning (ms):  0.0]
      [Object Copy (ms):  32.4]
      [Termination (ms):  0.0]
         [Termination Attempts:  1]
      [GC Worker Other (ms):  0.0]
      [GC Worker Total (ms):  45.5]
      [GC Worker End (ms):  7513660.8]
   [Code Root Fixup: 0.0 ms]
   [Code Root Purge: 0.0 ms]
   [Clear CT: 0.0 ms]
   [Other: 0.6 ms]
      [Choose CSet: 0.0 ms]
      [Ref Proc: 0.0 ms]
      [Ref Enq: 0.0 ms]
      [Redirty Cards: 0.0 ms]
      [Humongous Register: 0.0 ms]
      [Humongous Reclaim: 0.0 ms]
      [Free CSet: 0.1 ms]
   [Eden: 45.0M(45.0M)->0.0B(47.0M) Survivors: 6144.0K->4096.0K Heap: 245.7M(1024.0M)->200.5M(1024.0M)]
 [Times: user=0.02 sys=0.00, real=0.04 secs] 
2016-12-19T18:37:25.226+0100: 7540.096: [GC pause (G1 Evacuation Pause) (young), 0.0370537 secs]
   [Parallel Time: 36.3 ms, GC Workers: 1]
      [GC Worker Start (ms):  7540096.5]
      [Ext Root Scanning (ms):  1.1]
      [Update RS (ms):  2.9]
         [Processed Buffers:  37]
      [Scan RS (ms):  6.3]
      [Code Root Scanning (ms):  0.0]
      [Object Copy (ms):  26.0]
      [Termination (ms):  0.0]
         [Termination Attempts:  1]
      [GC Worker Other (ms):  0.0]
      [GC Worker Total (ms):  36.3]
      [GC Worker End (ms):  7540132.8]
   [Code Root Fixup: 0.1 ms]
   [Code Root Purge: 0.0 ms]
   [Clear CT: 0.0 ms]
   [Other: 0.6 ms]
      [Choose CSet: 0.0 ms]
      [Ref Proc: 0.1 ms]
      [Ref Enq: 0.0 ms]
      [Redirty Cards: 0.1 ms]
      [Humongous Register: 0.0 ms]
      [Humongous Reclaim: 0.1 ms]
      [Free CSet: 0.1 ms]
   [Eden: 47.0M(47.0M)->0.0B(45.0M) Survivors: 4096.0K->6144.0K Heap: 247.5M(1024.0M)->202.0M(1024.0M)]
 [Times: user=0.03 sys=0.00, real=0.04 secs] 
2016-12-19T18:37:52.426+0100: 7567.296: [GC pause (G1 Evacuation Pause) (young), 0.1123647 secs]
   [Parallel Time: 111.3 ms, GC Workers: 1]
      [GC Worker Start (ms):  7567296.4]
      [Ext Root Scanning (ms):  1.6]
      [Update RS (ms):  4.4]
         [Processed Buffers:  39]
      [Scan RS (ms):  10.8]
      [Code Root Scanning (ms):  0.0]
      [Object Copy (ms):  94.5]
      [Termination (ms):  0.0]
         [Termination Attempts:  1]
      [GC Worker Other (ms):  0.0]
      [GC Worker Total (ms):  111.2]
      [GC Worker End (ms):  7567407.6]
   [Code Root Fixup: 0.0 ms]
   [Code Root Purge: 0.0 ms]
   [Clear CT: 0.1 ms]
   [Other: 1.0 ms]
      [Choose CSet: 0.0 ms]
      [Ref Proc: 0.0 ms]
      [Ref Enq: 0.0 ms]
      [Redirty Cards: 0.0 ms]
      [Humongous Register: 0.1 ms]
      [Humongous Reclaim: 0.0 ms]
      [Free CSet: 0.1 ms]
   [Eden: 45.0M(45.0M)->0.0B(47.0M) Survivors: 6144.0K->4096.0K Heap: 247.0M(1024.0M)->202.2M(1024.0M)]
 [Times: user=0.06 sys=0.03, real=0.11 secs] 
2016-12-19T18:38:23.093+0100: 7597.964: [GC pause (G1 Evacuation Pause) (young), 0.0244129 secs]
   [Parallel Time: 23.8 ms, GC Workers: 1]
      [GC Worker Start (ms):  7597963.8]
      [Ext Root Scanning (ms):  1.1]
      [Update RS (ms):  3.9]
         [Processed Buffers:  38]
      [Scan RS (ms):  4.7]
      [Code Root Scanning (ms):  0.0]
      [Object Copy (ms):  14.0]
      [Termination (ms):  0.0]
         [Termination Attempts:  1]
      [GC Worker Other (ms):  0.0]
      [GC Worker Total (ms):  23.7]
      [GC Worker End (ms):  7597987.5]
   [Code Root Fixup: 0.0 ms]
   [Code Root Purge: 0.0 ms]
   [Clear CT: 0.0 ms]
   [Other: 0.6 ms]
      [Choose CSet: 0.0 ms]
      [Ref Proc: 0.2 ms]
      [Ref Enq: 0.0 ms]
      [Redirty Cards: 0.0 ms]
      [Humongous Register: 0.0 ms]
      [Humongous Reclaim: 0.0 ms]
      [Free CSet: 0.1 ms]
   [Eden: 47.0M(47.0M)->0.0B(45.0M) Survivors: 4096.0K->6144.0K Heap: 249.2M(1024.0M)->203.7M(1024.0M)]
 [Times: user=0.03 sys=0.00, real=0.02 secs] 
2016-12-19T18:38:49.335+0100: 7624.206: [GC pause (G1 Evacuation Pause) (young), 0.0646353 secs]
   [Parallel Time: 63.4 ms, GC Workers: 1]
      [GC Worker Start (ms):  7624205.9]
      [Ext Root Scanning (ms):  2.3]
      [Update RS (ms):  3.2]
         [Processed Buffers:  39]
      [Scan RS (ms):  5.8]
      [Code Root Scanning (ms):  0.0]
      [Object Copy (ms):  52.0]
      [Termination (ms):  0.0]
         [Termination Attempts:  1]
      [GC Worker Other (ms):  0.0]
      [GC Worker Total (ms):  63.4]
      [GC Worker End (ms):  7624269.2]
   [Code Root Fixup: 0.0 ms]
   [Code Root Purge: 0.0 ms]
   [Clear CT: 0.1 ms]
   [Other: 1.1 ms]
      [Choose CSet: 0.0 ms]
      [Ref Proc: 0.0 ms]
      [Ref Enq: 0.0 ms]
      [Redirty Cards: 0.1 ms]
      [Humongous Register: 0.1 ms]
      [Humongous Reclaim: 0.0 ms]
      [Free CSet: 0.1 ms]
   [Eden: 45.0M(45.0M)->0.0B(47.0M) Survivors: 6144.0K->4096.0K Heap: 248.7M(1024.0M)->203.8M(1024.0M)]
 [Times: user=0.03 sys=0.01, real=0.07 secs] 
2016-12-19T18:39:20.040+0100: 7654.911: [GC pause (G1 Evacuation Pause) (young), 0.0392709 secs]
   [Parallel Time: 38.5 ms, GC Workers: 1]
      [GC Worker Start (ms):  7654910.7]
      [Ext Root Scanning (ms):  1.6]
      [Update RS (ms):  7.6]
         [Processed Buffers:  39]
      [Scan RS (ms):  14.9]
      [Code Root Scanning (ms):  0.0]
      [Object Copy (ms):  14.2]
      [Termination (ms):  0.0]
         [Termination Attempts:  1]
      [GC Worker Other (ms):  0.0]
      [GC Worker Total (ms):  38.4]
      [GC Worker End (ms):  7654949.2]
   [Code Root Fixup: 0.0 ms]
   [Code Root Purge: 0.0 ms]
   [Clear CT: 0.0 ms]
   [Other: 0.7 ms]
      [Choose CSet: 0.0 ms]
      [Ref Proc: 0.0 ms]
      [Ref Enq: 0.0 ms]
      [Redirty Cards: 0.0 ms]
      [Humongous Register: 0.1 ms]
      [Humongous Reclaim: 0.1 ms]
      [Free CSet: 0.2 ms]
   [Eden: 47.0M(47.0M)->0.0B(45.0M) Survivors: 4096.0K->6144.0K Heap: 250.8M(1024.0M)->205.3M(1024.0M)]
 [Times: user=0.03 sys=0.00, real=0.04 secs] 
2016-12-19T18:39:48.004+0100: 7682.874: [GC pause (G1 Evacuation Pause) (young), 0.0689730 secs]
   [Parallel Time: 68.1 ms, GC Workers: 1]
      [GC Worker Start (ms):  7682874.5]
      [Ext Root Scanning (ms):  1.1]
      [Update RS (ms):  2.7]
         [Processed Buffers:  39]
      [Scan RS (ms):  5.2]
      [Code Root Scanning (ms):  0.0]
      [Object Copy (ms):  58.9]
      [Termination (ms):  0.0]
         [Termination Attempts:  1]
      [GC Worker Other (ms):  0.0]
      [GC Worker Total (ms):  68.0]
      [GC Worker End (ms):  7682942.6]
   [Code Root Fixup: 0.0 ms]
   [Code Root Purge: 0.0 ms]
   [Clear CT: 0.1 ms]
   [Other: 0.8 ms]
      [Choose CSet: 0.0 ms]
      [Ref Proc: 0.1 ms]
      [Ref Enq: 0.0 ms]
      [Redirty Cards: 0.1 ms]
      [Humongous Register: 0.0 ms]
      [Humongous Reclaim: 0.0 ms]
      [Free CSet: 0.1 ms]
   [Eden: 45.0M(45.0M)->0.0B(47.0M) Survivors: 6144.0K->4096.0K Heap: 250.3M(1024.0M)->205.5M(1024.0M)]
 [Times: user=0.03 sys=0.00, real=0.07 secs] 
2016-12-19T18:40:14.064+0100: 7708.934: [GC pause (G1 Evacuation Pause) (young), 0.0246294 secs]
   [Parallel Time: 24.0 ms, GC Workers: 1]
      [GC Worker Start (ms):  7708934.7]
      [Ext Root Scanning (ms):  1.0]
      [Update RS (ms):  2.2]
         [Processed Buffers:  37]
      [Scan RS (ms):  6.1]
      [Code Root Scanning (ms):  0.0]
      [Object Copy (ms):  14.7]
      [Termination (ms):  0.0]
         [Termination Attempts:  1]
      [GC Worker Other (ms):  0.0]
      [GC Worker Total (ms):  24.0]
      [GC Worker End (ms):  7708958.7]
   [Code Root Fixup: 0.0 ms]
   [Code Root Purge: 0.0 ms]
   [Clear CT: 0.0 ms]
   [Other: 0.5 ms]
      [Choose CSet: 0.0 ms]
      [Ref Proc: 0.0 ms]
      [Ref Enq: 0.0 ms]
      [Redirty Cards: 0.0 ms]
      [Humongous Register: 0.1 ms]
      [Humongous Reclaim: 0.0 ms]
      [Free CSet: 0.1 ms]
   [Eden: 47.0M(47.0M)->0.0B(46.0M) Survivors: 4096.0K->5120.0K Heap: 252.5M(1024.0M)->207.0M(1024.0M)]
 [Times: user=0.02 sys=0.00, real=0.02 secs] 
2016-12-19T18:40:40.241+0100: 7735.112: [GC pause (G1 Evacuation Pause) (young), 0.0586380 secs]
   [Parallel Time: 57.4 ms, GC Workers: 1]
      [GC Worker Start (ms):  7735111.9]
      [Ext Root Scanning (ms):  1.3]
      [Update RS (ms):  3.5]
         [Processed Buffers:  38]
      [Scan RS (ms):  5.7]
      [Code Root Scanning (ms):  0.0]
      [Object Copy (ms):  46.8]
      [Termination (ms):  0.0]
         [Termination Attempts:  1]
      [GC Worker Other (ms):  0.0]
      [GC Worker Total (ms):  57.4]
      [GC Worker End (ms):  7735169.3]
   [Code Root Fixup: 0.0 ms]
   [Code Root Purge: 0.0 ms]
   [Clear CT: 0.1 ms]
   [Other: 1.1 ms]
      [Choose CSet: 0.0 ms]
      [Ref Proc: 0.0 ms]
      [Ref Enq: 0.0 ms]
      [Redirty Cards: 0.0 ms]
      [Humongous Register: 0.0 ms]
      [Humongous Reclaim: 0.0 ms]
      [Free CSet: 0.1 ms]
   [Eden: 46.0M(46.0M)->0.0B(47.0M) Survivors: 5120.0K->4096.0K Heap: 253.0M(1024.0M)->207.2M(1024.0M)]
 [Times: user=0.03 sys=0.01, real=0.06 secs] 
2016-12-19T18:41:07.403+0100: 7762.273: [GC pause (G1 Evacuation Pause) (young), 0.0334454 secs]
   [Parallel Time: 32.4 ms, GC Workers: 1]
      [GC Worker Start (ms):  7762274.1]
      [Ext Root Scanning (ms):  3.1]
      [Update RS (ms):  4.8]
         [Processed Buffers:  39]
      [Scan RS (ms):  6.6]
      [Code Root Scanning (ms):  0.0]
      [Object Copy (ms):  17.9]
      [Termination (ms):  0.0]
         [Termination Attempts:  1]
      [GC Worker Other (ms):  0.0]
      [GC Worker Total (ms):  32.4]
      [GC Worker End (ms):  7762306.4]
   [Code Root Fixup: 0.1 ms]
   [Code Root Purge: 0.0 ms]
   [Clear CT: 0.0 ms]
   [Other: 0.9 ms]
      [Choose CSet: 0.0 ms]
      [Ref Proc: 0.0 ms]
      [Ref Enq: 0.0 ms]
      [Redirty Cards: 0.0 ms]
      [Humongous Register: 0.1 ms]
      [Humongous Reclaim: 0.0 ms]
      [Free CSet: 0.1 ms]
   [Eden: 47.0M(47.0M)->0.0B(46.0M) Survivors: 4096.0K->5120.0K Heap: 254.2M(1024.0M)->208.7M(1024.0M)]
 [Times: user=0.03 sys=0.00, real=0.03 secs] 
2016-12-19T18:41:34.267+0100: 7789.137: [GC pause (G1 Evacuation Pause) (young), 0.0496275 secs]
   [Parallel Time: 49.0 ms, GC Workers: 1]
      [GC Worker Start (ms):  7789137.4]
      [Ext Root Scanning (ms):  1.6]
      [Update RS (ms):  4.7]
         [Processed Buffers:  39]
      [Scan RS (ms):  7.6]
      [Code Root Scanning (ms):  0.0]
      [Object Copy (ms):  35.1]
      [Termination (ms):  0.0]
         [Termination Attempts:  1]
      [GC Worker Other (ms):  0.0]
      [GC Worker Total (ms):  49.0]
      [GC Worker End (ms):  7789186.4]
   [Code Root Fixup: 0.0 ms]
   [Code Root Purge: 0.0 ms]
   [Clear CT: 0.0 ms]
   [Other: 0.5 ms]
      [Choose CSet: 0.0 ms]
      [Ref Proc: 0.0 ms]
      [Ref Enq: 0.0 ms]
      [Redirty Cards: 0.1 ms]
      [Humongous Register: 0.1 ms]
      [Humongous Reclaim: 0.0 ms]
      [Free CSet: 0.1 ms]
   [Eden: 46.0M(46.0M)->0.0B(47.0M) Survivors: 5120.0K->4096.0K Heap: 254.7M(1024.0M)->208.8M(1024.0M)]
 [Times: user=0.04 sys=0.00, real=0.05 secs] 
2016-12-19T18:42:00.485+0100: 7815.356: [GC pause (G1 Evacuation Pause) (young), 0.0326105 secs]
   [Parallel Time: 32.1 ms, GC Workers: 1]
      [GC Worker Start (ms):  7815356.1]
      [Ext Root Scanning (ms):  1.7]
      [Update RS (ms):  7.3]
         [Processed Buffers:  41]
      [Scan RS (ms):  8.8]
      [Code Root Scanning (ms):  0.0]
      [Object Copy (ms):  14.1]
      [Termination (ms):  0.0]
         [Termination Attempts:  1]
      [GC Worker Other (ms):  0.0]
      [GC Worker Total (ms):  32.0]
      [GC Worker End (ms):  7815388.1]
   [Code Root Fixup: 0.1 ms]
   [Code Root Purge: 0.0 ms]
   [Clear CT: 0.0 ms]
   [Other: 0.4 ms]
      [Choose CSet: 0.0 ms]
      [Ref Proc: 0.0 ms]
      [Ref Enq: 0.0 ms]
      [Redirty Cards: 0.0 ms]
      [Humongous Register: 0.1 ms]
      [Humongous Reclaim: 0.0 ms]
      [Free CSet: 0.1 ms]
   [Eden: 47.0M(47.0M)->0.0B(46.0M) Survivors: 4096.0K->5120.0K Heap: 255.8M(1024.0M)->210.3M(1024.0M)]
 [Times: user=0.03 sys=0.00, real=0.03 secs] 
2016-12-19T18:42:28.219+0100: 7843.089: [GC pause (G1 Evacuation Pause) (young), 0.0252605 secs]
   [Parallel Time: 24.6 ms, GC Workers: 1]
      [GC Worker Start (ms):  7843089.3]
      [Ext Root Scanning (ms):  1.5]
      [Update RS (ms):  3.0]
         [Processed Buffers:  36]
      [Scan RS (ms):  6.0]
      [Code Root Scanning (ms):  0.0]
      [Object Copy (ms):  14.0]
      [Termination (ms):  0.0]
         [Termination Attempts:  1]
      [GC Worker Other (ms):  0.0]
      [GC Worker Total (ms):  24.5]
      [GC Worker End (ms):  7843113.8]
   [Code Root Fixup: 0.1 ms]
   [Code Root Purge: 0.0 ms]
   [Clear CT: 0.0 ms]
   [Other: 0.6 ms]
      [Choose CSet: 0.0 ms]
      [Ref Proc: 0.0 ms]
      [Ref Enq: 0.0 ms]
      [Redirty Cards: 0.0 ms]
      [Humongous Register: 0.1 ms]
      [Humongous Reclaim: 0.0 ms]
      [Free CSet: 0.1 ms]
   [Eden: 46.0M(46.0M)->0.0B(47.0M) Survivors: 5120.0K->4096.0K Heap: 256.3M(1024.0M)->210.8M(1024.0M)]
 [Times: user=0.02 sys=0.00, real=0.03 secs] 
2016-12-19T18:42:55.749+0100: 7870.619: [GC pause (G1 Evacuation Pause) (young), 0.0442805 secs]
   [Parallel Time: 42.5 ms, GC Workers: 1]
      [GC Worker Start (ms):  7870619.6]
      [Ext Root Scanning (ms):  3.0]
      [Update RS (ms):  6.2]
         [Processed Buffers:  36]
      [Scan RS (ms):  8.8]
      [Code Root Scanning (ms):  0.0]
      [Object Copy (ms):  24.4]
      [Termination (ms):  0.0]
         [Termination Attempts:  1]
      [GC Worker Other (ms):  0.0]
      [GC Worker Total (ms):  42.5]
      [GC Worker End (ms):  7870662.0]
   [Code Root Fixup: 0.1 ms]
   [Code Root Purge: 0.0 ms]
   [Clear CT: 0.3 ms]
   [Other: 1.4 ms]
      [Choose CSet: 0.0 ms]
      [Ref Proc: 0.1 ms]
      [Ref Enq: 0.0 ms]
      [Redirty Cards: 0.1 ms]
      [Humongous Register: 0.0 ms]
      [Humongous Reclaim: 0.3 ms]
      [Free CSet: 0.2 ms]
   [Eden: 47.0M(47.0M)->0.0B(46.0M) Survivors: 4096.0K->5120.0K Heap: 257.8M(1024.0M)->211.8M(1024.0M)]
 [Times: user=0.05 sys=0.00, real=0.05 secs] 
2016-12-19T18:43:23.783+0100: 7898.654: [GC pause (G1 Evacuation Pause) (young), 0.0260555 secs]
   [Parallel Time: 25.4 ms, GC Workers: 1]
      [GC Worker Start (ms):  7898653.8]
      [Ext Root Scanning (ms):  1.3]
      [Update RS (ms):  2.6]
         [Processed Buffers:  39]
      [Scan RS (ms):  7.5]
      [Code Root Scanning (ms):  0.0]
      [Object Copy (ms):  14.0]
      [Termination (ms):  0.0]
         [Termination Attempts:  1]
      [GC Worker Other (ms):  0.0]
      [GC Worker Total (ms):  25.4]
      [GC Worker End (ms):  7898679.2]
   [Code Root Fixup: 0.0 ms]
   [Code Root Purge: 0.0 ms]
   [Clear CT: 0.0 ms]
   [Other: 0.6 ms]
      [Choose CSet: 0.0 ms]
      [Ref Proc: 0.0 ms]
      [Ref Enq: 0.0 ms]
      [Redirty Cards: 0.0 ms]
      [Humongous Register: 0.1 ms]
      [Humongous Reclaim: 0.0 ms]
      [Free CSet: 0.1 ms]
   [Eden: 46.0M(46.0M)->0.0B(47.0M) Survivors: 5120.0K->4096.0K Heap: 257.8M(1024.0M)->212.5M(1024.0M)]
 [Times: user=0.03 sys=0.00, real=0.02 secs] 
2016-12-19T18:43:53.023+0100: 7927.894: [GC pause (G1 Evacuation Pause) (young), 0.0294029 secs]
   [Parallel Time: 28.3 ms, GC Workers: 1]
      [GC Worker Start (ms):  7927894.0]
      [Ext Root Scanning (ms):  2.0]
      [Update RS (ms):  4.7]
         [Processed Buffers:  39]
      [Scan RS (ms):  6.4]
      [Code Root Scanning (ms):  0.0]
      [Object Copy (ms):  15.1]
      [Termination (ms):  0.0]
         [Termination Attempts:  1]
      [GC Worker Other (ms):  0.0]
      [GC Worker Total (ms):  28.3]
      [GC Worker End (ms):  7927922.3]
   [Code Root Fixup: 0.0 ms]
   [Code Root Purge: 0.0 ms]
   [Clear CT: 0.1 ms]
   [Other: 0.9 ms]
      [Choose CSet: 0.0 ms]
      [Ref Proc: 0.1 ms]
      [Ref Enq: 0.0 ms]
      [Redirty Cards: 0.1 ms]
      [Humongous Register: 0.2 ms]
      [Humongous Reclaim: 0.1 ms]
      [Free CSet: 0.1 ms]
   [Eden: 47.0M(47.0M)->0.0B(46.0M) Survivors: 4096.0K->5120.0K Heap: 259.5M(1024.0M)->213.5M(1024.0M)]
 [Times: user=0.03 sys=0.00, real=0.03 secs] 
2016-12-19T18:44:19.559+0100: 7954.429: [GC pause (G1 Evacuation Pause) (young), 0.0393170 secs]
   [Parallel Time: 38.3 ms, GC Workers: 1]
      [GC Worker Start (ms):  7954429.2]
      [Ext Root Scanning (ms):  1.1]
      [Update RS (ms):  2.2]
         [Processed Buffers:  39]
      [Scan RS (ms):  4.9]
      [Code Root Scanning (ms):  0.0]
      [Object Copy (ms):  30.0]
      [Termination (ms):  0.0]
         [Termination Attempts:  1]
      [GC Worker Other (ms):  0.0]
      [GC Worker Total (ms):  38.3]
      [GC Worker End (ms):  7954467.5]
   [Code Root Fixup: 0.0 ms]
   [Code Root Purge: 0.0 ms]
   [Clear CT: 0.0 ms]
   [Other: 0.9 ms]
      [Choose CSet: 0.0 ms]
      [Ref Proc: 0.0 ms]
      [Ref Enq: 0.0 ms]
      [Redirty Cards: 0.1 ms]
      [Humongous Register: 0.1 ms]
      [Humongous Reclaim: 0.0 ms]
      [Free CSet: 0.1 ms]
   [Eden: 46.0M(46.0M)->0.0B(47.0M) Survivors: 5120.0K->4096.0K Heap: 259.5M(1024.0M)->214.5M(1024.0M)]
 [Times: user=0.02 sys=0.01, real=0.04 secs] 
2016-12-19T18:44:48.052+0100: 7982.922: [GC pause (G1 Evacuation Pause) (young), 0.0238241 secs]
   [Parallel Time: 23.3 ms, GC Workers: 1]
      [GC Worker Start (ms):  7982922.2]
      [Ext Root Scanning (ms):  1.1]
      [Update RS (ms):  3.5]
         [Processed Buffers:  39]
      [Scan RS (ms):  5.4]
      [Code Root Scanning (ms):  0.0]
      [Object Copy (ms):  13.1]
      [Termination (ms):  0.0]
         [Termination Attempts:  1]
      [GC Worker Other (ms):  0.0]
      [GC Worker Total (ms):  23.2]
      [GC Worker End (ms):  7982945.4]
   [Code Root Fixup: 0.0 ms]
   [Code Root Purge: 0.0 ms]
   [Clear CT: 0.0 ms]
   [Other: 0.5 ms]
      [Choose CSet: 0.0 ms]
      [Ref Proc: 0.0 ms]
      [Ref Enq: 0.0 ms]
      [Redirty Cards: 0.0 ms]
      [Humongous Register: 0.0 ms]
      [Humongous Reclaim: 0.0 ms]
      [Free CSet: 0.1 ms]
   [Eden: 47.0M(47.0M)->0.0B(46.0M) Survivors: 4096.0K->5120.0K Heap: 261.5M(1024.0M)->215.5M(1024.0M)]
 [Times: user=0.03 sys=0.00, real=0.02 secs] 
2016-12-19T18:45:17.416+0100: 8012.287: [GC pause (G1 Evacuation Pause) (young), 0.0740954 secs]
   [Parallel Time: 72.9 ms, GC Workers: 1]
      [GC Worker Start (ms):  8012287.0]
      [Ext Root Scanning (ms):  2.3]
      [Update RS (ms):  4.7]
         [Processed Buffers:  38]
      [Scan RS (ms):  8.5]
      [Code Root Scanning (ms):  0.0]
      [Object Copy (ms):  57.2]
      [Termination (ms):  0.0]
         [Termination Attempts:  1]
      [GC Worker Other (ms):  0.0]
      [GC Worker Total (ms):  72.8]
      [GC Worker End (ms):  8012359.8]
   [Code Root Fixup: 0.1 ms]
   [Code Root Purge: 0.0 ms]
   [Clear CT: 0.1 ms]
   [Other: 1.1 ms]
      [Choose CSet: 0.0 ms]
      [Ref Proc: 0.1 ms]
      [Ref Enq: 0.0 ms]
      [Redirty Cards: 0.1 ms]
      [Humongous Register: 0.0 ms]
      [Humongous Reclaim: 0.0 ms]
      [Free CSet: 0.1 ms]
   [Eden: 46.0M(46.0M)->0.0B(47.0M) Survivors: 5120.0K->4096.0K Heap: 261.5M(1024.0M)->216.5M(1024.0M)]
 [Times: user=0.05 sys=0.00, real=0.07 secs] 
2016-12-19T18:45:45.207+0100: 8040.077: [GC pause (G1 Evacuation Pause) (young), 0.0216104 secs]
   [Parallel Time: 21.1 ms, GC Workers: 1]
      [GC Worker Start (ms):  8040077.2]
      [Ext Root Scanning (ms):  1.0]
      [Update RS (ms):  2.9]
         [Processed Buffers:  37]
      [Scan RS (ms):  5.0]
      [Code Root Scanning (ms):  0.0]
      [Object Copy (ms):  12.2]
      [Termination (ms):  0.0]
         [Termination Attempts:  1]
      [GC Worker Other (ms):  0.0]
      [GC Worker Total (ms):  21.1]
      [GC Worker End (ms):  8040098.3]
   [Code Root Fixup: 0.0 ms]
   [Code Root Purge: 0.0 ms]
   [Clear CT: 0.0 ms]
   [Other: 0.4 ms]
      [Choose CSet: 0.0 ms]
      [Ref Proc: 0.0 ms]
      [Ref Enq: 0.0 ms]
      [Redirty Cards: 0.0 ms]
      [Humongous Register: 0.0 ms]
      [Humongous Reclaim: 0.0 ms]
      [Free CSet: 0.1 ms]
   [Eden: 47.0M(47.0M)->0.0B(46.0M) Survivors: 4096.0K->5120.0K Heap: 263.5M(1024.0M)->217.5M(1024.0M)]
 [Times: user=0.02 sys=0.00, real=0.02 secs] 
2016-12-19T18:46:10.498+0100: 8065.368: [GC pause (G1 Evacuation Pause) (young), 0.0451738 secs]
   [Parallel Time: 44.0 ms, GC Workers: 1]
      [GC Worker Start (ms):  8065368.1]
      [Ext Root Scanning (ms):  1.1]
      [Update RS (ms):  3.5]
         [Processed Buffers:  37]
      [Scan RS (ms):  5.3]
      [Code Root Scanning (ms):  0.0]
      [Object Copy (ms):  34.0]
      [Termination (ms):  0.0]
         [Termination Attempts:  1]
      [GC Worker Other (ms):  0.0]
      [GC Worker Total (ms):  44.0]
      [GC Worker End (ms):  8065412.1]
   [Code Root Fixup: 0.0 ms]
   [Code Root Purge: 0.0 ms]
   [Clear CT: 0.1 ms]
   [Other: 1.0 ms]
      [Choose CSet: 0.0 ms]
      [Ref Proc: 0.0 ms]
      [Ref Enq: 0.0 ms]
      [Redirty Cards: 0.1 ms]
      [Humongous Register: 0.0 ms]
      [Humongous Reclaim: 0.0 ms]
      [Free CSet: 0.1 ms]
   [Eden: 46.0M(46.0M)->0.0B(47.0M) Survivors: 5120.0K->4096.0K Heap: 263.5M(1024.0M)->218.5M(1024.0M)]
 [Times: user=0.02 sys=0.01, real=0.05 secs] 
2016-12-19T18:46:38.530+0100: 8093.400: [GC pause (G1 Evacuation Pause) (young), 0.0261375 secs]
   [Parallel Time: 25.7 ms, GC Workers: 1]
      [GC Worker Start (ms):  8093400.6]
      [Ext Root Scanning (ms):  1.0]
      [Update RS (ms):  4.4]
         [Processed Buffers:  38]
      [Scan RS (ms):  8.0]
      [Code Root Scanning (ms):  0.0]
      [Object Copy (ms):  12.3]
      [Termination (ms):  0.0]
         [Termination Attempts:  1]
      [GC Worker Other (ms):  0.0]
      [GC Worker Total (ms):  25.7]
      [GC Worker End (ms):  8093426.3]
   [Code Root Fixup: 0.0 ms]
   [Code Root Purge: 0.0 ms]
   [Clear CT: 0.0 ms]
   [Other: 0.4 ms]
      [Choose CSet: 0.0 ms]
      [Ref Proc: 0.0 ms]
      [Ref Enq: 0.0 ms]
      [Redirty Cards: 0.0 ms]
      [Humongous Register: 0.0 ms]
      [Humongous Reclaim: 0.0 ms]
      [Free CSet: 0.1 ms]
   [Eden: 47.0M(47.0M)->0.0B(46.0M) Survivors: 4096.0K->5120.0K Heap: 265.5M(1024.0M)->219.5M(1024.0M)]
 [Times: user=0.03 sys=0.00, real=0.03 secs] 
2016-12-19T18:47:05.281+0100: 8120.152: [GC pause (G1 Evacuation Pause) (young), 0.0520060 secs]
   [Parallel Time: 50.9 ms, GC Workers: 1]
      [GC Worker Start (ms):  8120152.3]
      [Ext Root Scanning (ms):  1.8]
      [Update RS (ms):  5.4]
         [Processed Buffers:  39]
      [Scan RS (ms):  8.8]
      [Code Root Scanning (ms):  0.0]
      [Object Copy (ms):  34.8]
      [Termination (ms):  0.0]
         [Termination Attempts:  1]
      [GC Worker Other (ms):  0.0]
      [GC Worker Total (ms):  50.9]
      [GC Worker End (ms):  8120203.2]
   [Code Root Fixup: 0.1 ms]
   [Code Root Purge: 0.0 ms]
   [Clear CT: 0.0 ms]
   [Other: 1.0 ms]
      [Choose CSet: 0.0 ms]
      [Ref Proc: 0.0 ms]
      [Ref Enq: 0.0 ms]
      [Redirty Cards: 0.1 ms]
      [Humongous Register: 0.1 ms]
      [Humongous Reclaim: 0.1 ms]
      [Free CSet: 0.1 ms]
   [Eden: 46.0M(46.0M)->0.0B(47.0M) Survivors: 5120.0K->4096.0K Heap: 265.5M(1024.0M)->220.3M(1024.0M)]
 [Times: user=0.04 sys=0.00, real=0.05 secs] 
2016-12-19T18:47:33.421+0100: 8148.291: [GC pause (G1 Evacuation Pause) (young), 0.0234294 secs]
   [Parallel Time: 22.9 ms, GC Workers: 1]
      [GC Worker Start (ms):  8148291.6]
      [Ext Root Scanning (ms):  1.2]
      [Update RS (ms):  2.5]
         [Processed Buffers:  38]
      [Scan RS (ms):  5.7]
      [Code Root Scanning (ms):  0.0]
      [Object Copy (ms):  13.4]
      [Termination (ms):  0.0]
         [Termination Attempts:  1]
      [GC Worker Other (ms):  0.0]
      [GC Worker Total (ms):  22.8]
      [GC Worker End (ms):  8148314.4]
   [Code Root Fixup: 0.0 ms]
   [Code Root Purge: 0.0 ms]
   [Clear CT: 0.0 ms]
   [Other: 0.5 ms]
      [Choose CSet: 0.0 ms]
      [Ref Proc: 0.0 ms]
      [Ref Enq: 0.0 ms]
      [Redirty Cards: 0.0 ms]
      [Humongous Register: 0.0 ms]
      [Humongous Reclaim: 0.0 ms]
      [Free CSet: 0.1 ms]
   [Eden: 47.0M(47.0M)->0.0B(46.0M) Survivors: 4096.0K->5120.0K Heap: 267.3M(1024.0M)->221.3M(1024.0M)]
 [Times: user=0.03 sys=0.00, real=0.02 secs] 
2016-12-19T18:48:00.703+0100: 8175.573: [GC pause (G1 Evacuation Pause) (young), 0.0445837 secs]
   [Parallel Time: 43.6 ms, GC Workers: 1]
      [GC Worker Start (ms):  8175573.6]
      [Ext Root Scanning (ms):  1.1]
      [Update RS (ms):  2.4]
         [Processed Buffers:  38]
      [Scan RS (ms):  5.7]
      [Code Root Scanning (ms):  0.0]
      [Object Copy (ms):  34.2]
      [Termination (ms):  0.0]
         [Termination Attempts:  1]
      [GC Worker Other (ms):  0.0]
      [GC Worker Total (ms):  43.6]
      [GC Worker End (ms):  8175617.2]
   [Code Root Fixup: 0.0 ms]
   [Code Root Purge: 0.0 ms]
   [Clear CT: 0.1 ms]
   [Other: 0.9 ms]
      [Choose CSet: 0.0 ms]
      [Ref Proc: 0.0 ms]
      [Ref Enq: 0.0 ms]
      [Redirty Cards: 0.0 ms]
      [Humongous Register: 0.0 ms]
      [Humongous Reclaim: 0.0 ms]
      [Free CSet: 0.1 ms]
   [Eden: 46.0M(46.0M)->0.0B(47.0M) Survivors: 5120.0K->4096.0K Heap: 267.3M(1024.0M)->221.8M(1024.0M)]
 [Times: user=0.03 sys=0.00, real=0.04 secs] 
2016-12-19T18:48:27.967+0100: 8202.838: [GC pause (G1 Evacuation Pause) (young), 0.0463114 secs]
   [Parallel Time: 45.8 ms, GC Workers: 1]
      [GC Worker Start (ms):  8202837.7]
      [Ext Root Scanning (ms):  1.1]
      [Update RS (ms):  3.4]
         [Processed Buffers:  37]
      [Scan RS (ms):  11.0]
      [Code Root Scanning (ms):  0.0]
      [Object Copy (ms):  29.8]
      [Termination (ms):  0.0]
         [Termination Attempts:  1]
      [GC Worker Other (ms):  0.0]
      [GC Worker Total (ms):  45.4]
      [GC Worker End (ms):  8202883.1]
   [Code Root Fixup: 0.1 ms]
   [Code Root Purge: 0.0 ms]
   [Clear CT: 0.0 ms]
   [Other: 0.4 ms]
      [Choose CSet: 0.0 ms]
      [Ref Proc: 0.0 ms]
      [Ref Enq: 0.0 ms]
      [Redirty Cards: 0.0 ms]
      [Humongous Register: 0.1 ms]
      [Humongous Reclaim: 0.0 ms]
      [Free CSet: 0.1 ms]
   [Eden: 47.0M(47.0M)->0.0B(47.0M) Survivors: 4096.0K->4096.0K Heap: 268.8M(1024.0M)->221.8M(1024.0M)]
 [Times: user=0.04 sys=0.00, real=0.05 secs] 
2016-12-19T18:48:55.298+0100: 8230.169: [GC pause (G1 Evacuation Pause) (young), 0.0244171 secs]
   [Parallel Time: 23.7 ms, GC Workers: 1]
      [GC Worker Start (ms):  8230169.0]
      [Ext Root Scanning (ms):  1.3]
      [Update RS (ms):  3.4]
         [Processed Buffers:  38]
      [Scan RS (ms):  5.7]
      [Code Root Scanning (ms):  0.0]
      [Object Copy (ms):  13.3]
      [Termination (ms):  0.0]
         [Termination Attempts:  1]
      [GC Worker Other (ms):  0.0]
      [GC Worker Total (ms):  23.6]
      [GC Worker End (ms):  8230192.6]
   [Code Root Fixup: 0.0 ms]
   [Code Root Purge: 0.0 ms]
   [Clear CT: 0.0 ms]
   [Other: 0.6 ms]
      [Choose CSet: 0.0 ms]
      [Ref Proc: 0.0 ms]
      [Ref Enq: 0.0 ms]
      [Redirty Cards: 0.0 ms]
      [Humongous Register: 0.1 ms]
      [Humongous Reclaim: 0.1 ms]
      [Free CSet: 0.1 ms]
   [Eden: 47.0M(47.0M)->0.0B(45.0M) Survivors: 4096.0K->6144.0K Heap: 268.8M(1024.0M)->223.3M(1024.0M)]
 [Times: user=0.03 sys=0.00, real=0.03 secs] 
2016-12-19T18:49:23.092+0100: 8257.963: [GC pause (G1 Evacuation Pause) (young), 0.0350308 secs]
   [Parallel Time: 34.5 ms, GC Workers: 1]
      [GC Worker Start (ms):  8257962.7]
      [Ext Root Scanning (ms):  1.2]
      [Update RS (ms):  2.8]
         [Processed Buffers:  38]
      [Scan RS (ms):  4.9]
      [Code Root Scanning (ms):  0.0]
      [Object Copy (ms):  25.5]
      [Termination (ms):  0.0]
         [Termination Attempts:  1]
      [GC Worker Other (ms):  0.0]
      [GC Worker Total (ms):  34.5]
      [GC Worker End (ms):  8257997.2]
   [Code Root Fixup: 0.0 ms]
   [Code Root Purge: 0.0 ms]
   [Clear CT: 0.0 ms]
   [Other: 0.4 ms]
      [Choose CSet: 0.0 ms]
      [Ref Proc: 0.1 ms]
      [Ref Enq: 0.0 ms]
      [Redirty Cards: 0.0 ms]
      [Humongous Register: 0.1 ms]
      [Humongous Reclaim: 0.0 ms]
      [Free CSet: 0.1 ms]
   [Eden: 45.0M(45.0M)->0.0B(47.0M) Survivors: 6144.0K->4096.0K Heap: 268.3M(1024.0M)->223.1M(1024.0M)]
 [Times: user=0.02 sys=0.01, real=0.03 secs] 
2016-12-19T18:49:51.622+0100: 8286.492: [GC pause (G1 Evacuation Pause) (young), 0.0243063 secs]
   [Parallel Time: 23.8 ms, GC Workers: 1]
      [GC Worker Start (ms):  8286492.2]
      [Ext Root Scanning (ms):  1.9]
      [Update RS (ms):  3.1]
         [Processed Buffers:  39]
      [Scan RS (ms):  5.4]
      [Code Root Scanning (ms):  0.0]
      [Object Copy (ms):  13.4]
      [Termination (ms):  0.0]
         [Termination Attempts:  1]
      [GC Worker Other (ms):  0.0]
      [GC Worker Total (ms):  23.8]
      [GC Worker End (ms):  8286516.0]
   [Code Root Fixup: 0.0 ms]
   [Code Root Purge: 0.0 ms]
   [Clear CT: 0.0 ms]
   [Other: 0.4 ms]
      [Choose CSet: 0.0 ms]
      [Ref Proc: 0.0 ms]
      [Ref Enq: 0.0 ms]
      [Redirty Cards: 0.0 ms]
      [Humongous Register: 0.1 ms]
      [Humongous Reclaim: 0.0 ms]
      [Free CSet: 0.1 ms]
   [Eden: 47.0M(47.0M)->0.0B(45.0M) Survivors: 4096.0K->6144.0K Heap: 270.1M(1024.0M)->224.6M(1024.0M)]
 [Times: user=0.03 sys=0.00, real=0.02 secs] 
2016-12-19T18:50:17.990+0100: 8312.860: [GC pause (G1 Evacuation Pause) (young), 0.0321152 secs]
   [Parallel Time: 31.3 ms, GC Workers: 1]
      [GC Worker Start (ms):  8312860.5]
      [Ext Root Scanning (ms):  1.6]
      [Update RS (ms):  2.7]
         [Processed Buffers:  39]
      [Scan RS (ms):  5.5]
      [Code Root Scanning (ms):  0.0]
      [Object Copy (ms):  21.4]
      [Termination (ms):  0.0]
         [Termination Attempts:  1]
      [GC Worker Other (ms):  0.0]
      [GC Worker Total (ms):  31.2]
      [GC Worker End (ms):  8312891.8]
   [Code Root Fixup: 0.0 ms]
   [Code Root Purge: 0.0 ms]
   [Clear CT: 0.0 ms]
   [Other: 0.8 ms]
      [Choose CSet: 0.0 ms]
      [Ref Proc: 0.0 ms]
      [Ref Enq: 0.0 ms]
      [Redirty Cards: 0.0 ms]
      [Humongous Register: 0.1 ms]
      [Humongous Reclaim: 0.0 ms]
      [Free CSet: 0.1 ms]
   [Eden: 45.0M(45.0M)->0.0B(47.0M) Survivors: 6144.0K->4096.0K Heap: 269.6M(1024.0M)->224.7M(1024.0M)]
 [Times: user=0.02 sys=0.01, real=0.04 secs] 
2016-12-19T18:50:46.379+0100: 8341.249: [GC pause (G1 Evacuation Pause) (young), 0.0237246 secs]
   [Parallel Time: 23.3 ms, GC Workers: 1]
      [GC Worker Start (ms):  8341249.4]
      [Ext Root Scanning (ms):  1.1]
      [Update RS (ms):  3.6]
         [Processed Buffers:  39]
      [Scan RS (ms):  5.4]
      [Code Root Scanning (ms):  0.0]
      [Object Copy (ms):  13.1]
      [Termination (ms):  0.0]
         [Termination Attempts:  1]
      [GC Worker Other (ms):  0.0]
      [GC Worker Total (ms):  23.2]
      [GC Worker End (ms):  8341272.6]
   [Code Root Fixup: 0.0 ms]
   [Code Root Purge: 0.0 ms]
   [Clear CT: 0.0 ms]
   [Other: 0.4 ms]
      [Choose CSet: 0.0 ms]
      [Ref Proc: 0.0 ms]
      [Ref Enq: 0.0 ms]
      [Redirty Cards: 0.0 ms]
      [Humongous Register: 0.0 ms]
      [Humongous Reclaim: 0.0 ms]
      [Free CSet: 0.1 ms]
   [Eden: 47.0M(47.0M)->0.0B(45.0M) Survivors: 4096.0K->6144.0K Heap: 271.7M(1024.0M)->226.2M(1024.0M)]
 [Times: user=0.02 sys=0.00, real=0.03 secs] 
2016-12-19T18:51:12.924+0100: 8367.795: [GC pause (G1 Evacuation Pause) (young), 0.0525143 secs]
   [Parallel Time: 51.2 ms, GC Workers: 1]
      [GC Worker Start (ms):  8367795.0]
      [Ext Root Scanning (ms):  1.8]
      [Update RS (ms):  4.1]
         [Processed Buffers:  36]
      [Scan RS (ms):  5.7]
      [Code Root Scanning (ms):  0.0]
      [Object Copy (ms):  39.4]
      [Termination (ms):  0.0]
         [Termination Attempts:  1]
      [GC Worker Other (ms):  0.0]
      [GC Worker Total (ms):  51.1]
      [GC Worker End (ms):  8367846.1]
   [Code Root Fixup: 0.0 ms]
   [Code Root Purge: 0.0 ms]
   [Clear CT: 0.1 ms]
   [Other: 1.2 ms]
      [Choose CSet: 0.0 ms]
      [Ref Proc: 0.0 ms]
      [Ref Enq: 0.0 ms]
      [Redirty Cards: 0.2 ms]
      [Humongous Register: 0.1 ms]
      [Humongous Reclaim: 0.1 ms]
      [Free CSet: 0.1 ms]
   [Eden: 45.0M(45.0M)->0.0B(47.0M) Survivors: 6144.0K->4096.0K Heap: 271.2M(1024.0M)->226.5M(1024.0M)]
 [Times: user=0.02 sys=0.01, real=0.05 secs] 
2016-12-19T18:51:43.667+0100: 8398.538: [GC pause (G1 Evacuation Pause) (young), 0.0334844 secs]
   [Parallel Time: 32.7 ms, GC Workers: 1]
      [GC Worker Start (ms):  8398538.1]
      [Ext Root Scanning (ms):  1.2]
      [Update RS (ms):  3.2]
         [Processed Buffers:  37]
      [Scan RS (ms):  6.1]
      [Code Root Scanning (ms):  0.0]
      [Object Copy (ms):  22.2]
      [Termination (ms):  0.0]
         [Termination Attempts:  1]
      [GC Worker Other (ms):  0.0]
      [GC Worker Total (ms):  32.7]
      [GC Worker End (ms):  8398570.8]
   [Code Root Fixup: 0.1 ms]
   [Code Root Purge: 0.0 ms]
   [Clear CT: 0.1 ms]
   [Other: 0.6 ms]
      [Choose CSet: 0.0 ms]
      [Ref Proc: 0.0 ms]
      [Ref Enq: 0.0 ms]
      [Redirty Cards: 0.0 ms]
      [Humongous Register: 0.2 ms]
      [Humongous Reclaim: 0.0 ms]
      [Free CSet: 0.1 ms]
   [Eden: 47.0M(47.0M)->0.0B(45.0M) Survivors: 4096.0K->6144.0K Heap: 273.5M(1024.0M)->228.0M(1024.0M)]
 [Times: user=0.04 sys=0.00, real=0.04 secs] 
2016-12-19T18:52:09.208+0100: 8424.079: [GC pause (G1 Evacuation Pause) (young), 0.0469960 secs]
   [Parallel Time: 45.9 ms, GC Workers: 1]
      [GC Worker Start (ms):  8424078.8]
      [Ext Root Scanning (ms):  1.8]
      [Update RS (ms):  4.1]
         [Processed Buffers:  39]
      [Scan RS (ms):  5.1]
      [Code Root Scanning (ms):  0.0]
      [Object Copy (ms):  34.7]
      [Termination (ms):  0.0]
         [Termination Attempts:  1]
      [GC Worker Other (ms):  0.0]
      [GC Worker Total (ms):  45.8]
      [GC Worker End (ms):  8424124.6]
   [Code Root Fixup: 0.1 ms]
   [Code Root Purge: 0.0 ms]
   [Clear CT: 0.1 ms]
   [Other: 1.0 ms]
      [Choose CSet: 0.0 ms]
      [Ref Proc: 0.0 ms]
      [Ref Enq: 0.0 ms]
      [Redirty Cards: 0.0 ms]
      [Humongous Register: 0.1 ms]
      [Humongous Reclaim: 0.0 ms]
      [Free CSet: 0.1 ms]
   [Eden: 45.0M(45.0M)->0.0B(47.0M) Survivors: 6144.0K->4096.0K Heap: 273.0M(1024.0M)->228.5M(1024.0M)]
 [Times: user=0.03 sys=0.01, real=0.05 secs] 
2016-12-19T18:52:35.906+0100: 8450.776: [GC pause (G1 Evacuation Pause) (young), 0.0225034 secs]
   [Parallel Time: 22.0 ms, GC Workers: 1]
      [GC Worker Start (ms):  8450776.6]
      [Ext Root Scanning (ms):  1.5]
      [Update RS (ms):  2.8]
         [Processed Buffers:  39]
      [Scan RS (ms):  5.8]
      [Code Root Scanning (ms):  0.0]
      [Object Copy (ms):  11.8]
      [Termination (ms):  0.0]
         [Termination Attempts:  1]
      [GC Worker Other (ms):  0.0]
      [GC Worker Total (ms):  22.0]
      [GC Worker End (ms):  8450798.5]
   [Code Root Fixup: 0.0 ms]
   [Code Root Purge: 0.0 ms]
   [Clear CT: 0.0 ms]
   [Other: 0.4 ms]
      [Choose CSet: 0.0 ms]
      [Ref Proc: 0.0 ms]
      [Ref Enq: 0.0 ms]
      [Redirty Cards: 0.0 ms]
      [Humongous Register: 0.1 ms]
      [Humongous Reclaim: 0.0 ms]
      [Free CSet: 0.1 ms]
   [Eden: 47.0M(47.0M)->0.0B(45.0M) Survivors: 4096.0K->6144.0K Heap: 275.5M(1024.0M)->230.0M(1024.0M)]
 [Times: user=0.02 sys=0.00, real=0.02 secs] 
2016-12-19T18:53:02.551+0100: 8477.421: [GC pause (G1 Evacuation Pause) (young), 0.0396407 secs]
   [Parallel Time: 39.1 ms, GC Workers: 1]
      [GC Worker Start (ms):  8477421.7]
      [Ext Root Scanning (ms):  2.3]
      [Update RS (ms):  2.3]
         [Processed Buffers:  38]
      [Scan RS (ms):  5.6]
      [Code Root Scanning (ms):  0.0]
      [Object Copy (ms):  28.7]
      [Termination (ms):  0.0]
         [Termination Attempts:  1]
      [GC Worker Other (ms):  0.0]
      [GC Worker Total (ms):  39.0]
      [GC Worker End (ms):  8477460.7]
   [Code Root Fixup: 0.0 ms]
   [Code Root Purge: 0.0 ms]
   [Clear CT: 0.0 ms]
   [Other: 0.5 ms]
      [Choose CSet: 0.0 ms]
      [Ref Proc: 0.0 ms]
      [Ref Enq: 0.0 ms]
      [Redirty Cards: 0.0 ms]
      [Humongous Register: 0.1 ms]
      [Humongous Reclaim: 0.0 ms]
      [Free CSet: 0.1 ms]
   [Eden: 45.0M(45.0M)->0.0B(47.0M) Survivors: 6144.0K->4096.0K Heap: 275.0M(1024.0M)->230.3M(1024.0M)]
 [Times: user=0.02 sys=0.00, real=0.04 secs] 
2016-12-19T18:53:28.831+0100: 8503.702: [GC pause (G1 Evacuation Pause) (young), 0.0315708 secs]
   [Parallel Time: 31.0 ms, GC Workers: 1]
      [GC Worker Start (ms):  8503702.0]
      [Ext Root Scanning (ms):  1.0]
      [Update RS (ms):  2.8]
         [Processed Buffers:  39]
      [Scan RS (ms):  6.8]
      [Code Root Scanning (ms):  0.0]
      [Object Copy (ms):  20.4]
      [Termination (ms):  0.0]
         [Termination Attempts:  1]
      [GC Worker Other (ms):  0.0]
      [GC Worker Total (ms):  31.0]
      [GC Worker End (ms):  8503732.9]
   [Code Root Fixup: 0.1 ms]
   [Code Root Purge: 0.0 ms]
   [Clear CT: 0.1 ms]
   [Other: 0.5 ms]
      [Choose CSet: 0.0 ms]
      [Ref Proc: 0.0 ms]
      [Ref Enq: 0.0 ms]
      [Redirty Cards: 0.0 ms]
      [Humongous Register: 0.0 ms]
      [Humongous Reclaim: 0.0 ms]
      [Free CSet: 0.1 ms]
   [Eden: 47.0M(47.0M)->0.0B(45.0M) Survivors: 4096.0K->6144.0K Heap: 277.3M(1024.0M)->231.8M(1024.0M)]
 [Times: user=0.04 sys=0.00, real=0.04 secs] 
2016-12-19T18:53:56.220+0100: 8531.090: [GC pause (G1 Evacuation Pause) (young), 0.0372943 secs]
   [Parallel Time: 36.5 ms, GC Workers: 1]
      [GC Worker Start (ms):  8531090.3]
      [Ext Root Scanning (ms):  1.1]
      [Update RS (ms):  2.6]
         [Processed Buffers:  39]
      [Scan RS (ms):  4.6]
      [Code Root Scanning (ms):  0.0]
      [Object Copy (ms):  28.3]
      [Termination (ms):  0.0]
         [Termination Attempts:  1]
      [GC Worker Other (ms):  0.0]
      [GC Worker Total (ms):  36.5]
      [GC Worker End (ms):  8531126.8]
   [Code Root Fixup: 0.0 ms]
   [Code Root Purge: 0.0 ms]
   [Clear CT: 0.0 ms]
   [Other: 0.7 ms]
      [Choose CSet: 0.0 ms]
      [Ref Proc: 0.0 ms]
      [Ref Enq: 0.0 ms]
      [Redirty Cards: 0.0 ms]
      [Humongous Register: 0.0 ms]
      [Humongous Reclaim: 0.0 ms]
      [Free CSet: 0.1 ms]
   [Eden: 45.0M(45.0M)->0.0B(47.0M) Survivors: 6144.0K->4096.0K Heap: 276.8M(1024.0M)->232.3M(1024.0M)]
 [Times: user=0.01 sys=0.01, real=0.03 secs] 
2016-12-19T18:54:23.732+0100: 8558.603: [GC pause (G1 Evacuation Pause) (young), 0.0302273 secs]
   [Parallel Time: 29.6 ms, GC Workers: 1]
      [GC Worker Start (ms):  8558603.0]
      [Ext Root Scanning (ms):  1.8]
      [Update RS (ms):  4.6]
         [Processed Buffers:  38]
      [Scan RS (ms):  5.8]
      [Code Root Scanning (ms):  0.0]
      [Object Copy (ms):  17.4]
      [Termination (ms):  0.0]
         [Termination Attempts:  1]
      [GC Worker Other (ms):  0.0]
      [GC Worker Total (ms):  29.6]
      [GC Worker End (ms):  8558632.6]
   [Code Root Fixup: 0.0 ms]
   [Code Root Purge: 0.0 ms]
   [Clear CT: 0.0 ms]
   [Other: 0.5 ms]
      [Choose CSet: 0.0 ms]
      [Ref Proc: 0.0 ms]
      [Ref Enq: 0.0 ms]
      [Redirty Cards: 0.0 ms]
      [Humongous Register: 0.1 ms]
      [Humongous Reclaim: 0.0 ms]
      [Free CSet: 0.1 ms]
   [Eden: 47.0M(47.0M)->0.0B(45.0M) Survivors: 4096.0K->6144.0K Heap: 279.3M(1024.0M)->233.8M(1024.0M)]
 [Times: user=0.03 sys=0.00, real=0.03 secs] 
2016-12-19T18:54:49.665+0100: 8584.536: [GC pause (G1 Evacuation Pause) (young), 0.0434123 secs]
   [Parallel Time: 42.1 ms, GC Workers: 1]
      [GC Worker Start (ms):  8584535.8]
      [Ext Root Scanning (ms):  2.5]
      [Update RS (ms):  5.0]
         [Processed Buffers:  38]
      [Scan RS (ms):  5.2]
      [Code Root Scanning (ms):  0.0]
      [Object Copy (ms):  29.4]
      [Termination (ms):  0.0]
         [Termination Attempts:  1]
      [GC Worker Other (ms):  0.0]
      [GC Worker Total (ms):  42.1]
      [GC Worker End (ms):  8584577.9]
   [Code Root Fixup: 0.1 ms]
   [Code Root Purge: 0.0 ms]
   [Clear CT: 0.1 ms]
   [Other: 1.1 ms]
      [Choose CSet: 0.0 ms]
      [Ref Proc: 0.0 ms]
      [Ref Enq: 0.0 ms]
      [Redirty Cards: 0.1 ms]
      [Humongous Register: 0.1 ms]
      [Humongous Reclaim: 0.0 ms]
      [Free CSet: 0.1 ms]
   [Eden: 45.0M(45.0M)->0.0B(47.0M) Survivors: 6144.0K->4096.0K Heap: 278.8M(1024.0M)->233.8M(1024.0M)]
 [Times: user=0.03 sys=0.00, real=0.04 secs] 
2016-12-19T18:55:17.937+0100: 8612.807: [GC pause (G1 Evacuation Pause) (young), 0.0315958 secs]
   [Parallel Time: 29.8 ms, GC Workers: 1]
      [GC Worker Start (ms):  8612808.5]
      [Ext Root Scanning (ms):  1.8]
      [Update RS (ms):  3.8]
         [Processed Buffers:  38]
      [Scan RS (ms):  5.7]
      [Code Root Scanning (ms):  0.0]
      [Object Copy (ms):  18.4]
      [Termination (ms):  0.0]
         [Termination Attempts:  1]
      [GC Worker Other (ms):  0.0]
      [GC Worker Total (ms):  29.7]
      [GC Worker End (ms):  8612838.3]
   [Code Root Fixup: 0.0 ms]
   [Code Root Purge: 0.0 ms]
   [Clear CT: 0.1 ms]
   [Other: 1.7 ms]
      [Choose CSet: 0.0 ms]
      [Ref Proc: 0.0 ms]
      [Ref Enq: 0.0 ms]
      [Redirty Cards: 0.0 ms]
      [Humongous Register: 1.3 ms]
      [Humongous Reclaim: 0.0 ms]
      [Free CSet: 0.1 ms]
   [Eden: 47.0M(47.0M)->0.0B(45.0M) Survivors: 4096.0K->6144.0K Heap: 280.8M(1024.0M)->235.3M(1024.0M)]
 [Times: user=0.02 sys=0.00, real=0.03 secs] 
2016-12-19T18:55:43.703+0100: 8638.574: [GC pause (G1 Evacuation Pause) (young), 0.0385244 secs]
   [Parallel Time: 37.7 ms, GC Workers: 1]
      [GC Worker Start (ms):  8638573.9]
      [Ext Root Scanning (ms):  1.2]
      [Update RS (ms):  2.5]
         [Processed Buffers:  38]
      [Scan RS (ms):  4.6]
      [Code Root Scanning (ms):  0.0]
      [Object Copy (ms):  29.4]
      [Termination (ms):  0.0]
         [Termination Attempts:  1]
      [GC Worker Other (ms):  0.0]
      [GC Worker Total (ms):  37.7]
      [GC Worker End (ms):  8638611.6]
   [Code Root Fixup: 0.0 ms]
   [Code Root Purge: 0.0 ms]
   [Clear CT: 0.0 ms]
   [Other: 0.7 ms]
      [Choose CSet: 0.0 ms]
      [Ref Proc: 0.0 ms]
      [Ref Enq: 0.0 ms]
      [Redirty Cards: 0.0 ms]
      [Humongous Register: 0.0 ms]
      [Humongous Reclaim: 0.0 ms]
      [Free CSet: 0.1 ms]
   [Eden: 45.0M(45.0M)->0.0B(47.0M) Survivors: 6144.0K->4096.0K Heap: 280.3M(1024.0M)->235.5M(1024.0M)]
 [Times: user=0.02 sys=0.00, real=0.04 secs] 
2016-12-19T18:56:11.935+0100: 8666.806: [GC pause (G1 Evacuation Pause) (young), 0.0287279 secs]
   [Parallel Time: 28.0 ms, GC Workers: 1]
      [GC Worker Start (ms):  8666805.9]
      [Ext Root Scanning (ms):  1.2]
      [Update RS (ms):  3.8]
         [Processed Buffers:  38]
      [Scan RS (ms):  5.7]
      [Code Root Scanning (ms):  0.0]
      [Object Copy (ms):  17.1]
      [Termination (ms):  0.0]
         [Termination Attempts:  1]
      [GC Worker Other (ms):  0.0]
      [GC Worker Total (ms):  27.9]
      [GC Worker End (ms):  8666833.8]
   [Code Root Fixup: 0.0 ms]
   [Code Root Purge: 0.0 ms]
   [Clear CT: 0.0 ms]
   [Other: 0.7 ms]
      [Choose CSet: 0.0 ms]
      [Ref Proc: 0.0 ms]
      [Ref Enq: 0.0 ms]
      [Redirty Cards: 0.1 ms]
      [Humongous Register: 0.2 ms]
      [Humongous Reclaim: 0.0 ms]
      [Free CSet: 0.1 ms]
   [Eden: 47.0M(47.0M)->0.0B(45.0M) Survivors: 4096.0K->6144.0K Heap: 282.5M(1024.0M)->237.0M(1024.0M)]
 [Times: user=0.03 sys=0.00, real=0.03 secs] 
2016-12-19T18:56:38.205+0100: 8693.075: [GC pause (G1 Evacuation Pause) (young), 0.0429334 secs]
   [Parallel Time: 41.6 ms, GC Workers: 1]
      [GC Worker Start (ms):  8693075.6]
      [Ext Root Scanning (ms):  1.9]
      [Update RS (ms):  3.2]
         [Processed Buffers:  38]
      [Scan RS (ms):  5.5]
      [Code Root Scanning (ms):  0.0]
      [Object Copy (ms):  31.0]
      [Termination (ms):  0.0]
         [Termination Attempts:  1]
      [GC Worker Other (ms):  0.0]
      [GC Worker Total (ms):  41.5]
      [GC Worker End (ms):  8693117.2]
   [Code Root Fixup: 0.0 ms]
   [Code Root Purge: 0.0 ms]
   [Clear CT: 0.1 ms]
   [Other: 1.3 ms]
      [Choose CSet: 0.0 ms]
      [Ref Proc: 0.0 ms]
      [Ref Enq: 0.0 ms]
      [Redirty Cards: 0.0 ms]
      [Humongous Register: 0.1 ms]
      [Humongous Reclaim: 0.0 ms]
      [Free CSet: 0.1 ms]
   [Eden: 45.0M(45.0M)->0.0B(47.0M) Survivors: 6144.0K->4096.0K Heap: 282.0M(1024.0M)->237.5M(1024.0M)]
 [Times: user=0.02 sys=0.00, real=0.04 secs] 
2016-12-19T18:57:05.364+0100: 8720.235: [GC pause (G1 Evacuation Pause) (young), 0.0257498 secs]
   [Parallel Time: 25.3 ms, GC Workers: 1]
      [GC Worker Start (ms):  8720235.0]
      [Ext Root Scanning (ms):  1.1]
      [Update RS (ms):  3.1]
         [Processed Buffers:  38]
      [Scan RS (ms):  6.9]
      [Code Root Scanning (ms):  0.0]
      [Object Copy (ms):  14.2]
      [Termination (ms):  0.0]
         [Termination Attempts:  1]
      [GC Worker Other (ms):  0.0]
      [GC Worker Total (ms):  25.2]
      [GC Worker End (ms):  8720260.2]
   [Code Root Fixup: 0.1 ms]
   [Code Root Purge: 0.0 ms]
   [Clear CT: 0.0 ms]
   [Other: 0.4 ms]
      [Choose CSet: 0.0 ms]
      [Ref Proc: 0.0 ms]
      [Ref Enq: 0.0 ms]
      [Redirty Cards: 0.0 ms]
      [Humongous Register: 0.0 ms]
      [Humongous Reclaim: 0.0 ms]
      [Free CSet: 0.1 ms]
   [Eden: 47.0M(47.0M)->0.0B(45.0M) Survivors: 4096.0K->6144.0K Heap: 284.5M(1024.0M)->239.0M(1024.0M)]
 [Times: user=0.03 sys=0.00, real=0.02 secs] 
2016-12-19T18:57:31.964+0100: 8746.834: [GC pause (G1 Evacuation Pause) (young), 0.0511288 secs]
   [Parallel Time: 50.0 ms, GC Workers: 1]
      [GC Worker Start (ms):  8746834.2]
      [Ext Root Scanning (ms):  1.7]
      [Update RS (ms):  5.5]
         [Processed Buffers:  37]
      [Scan RS (ms):  5.5]
      [Code Root Scanning (ms):  0.0]
      [Object Copy (ms):  37.3]
      [Termination (ms):  0.0]
         [Termination Attempts:  1]
      [GC Worker Other (ms):  0.0]
      [GC Worker Total (ms):  50.0]
      [GC Worker End (ms):  8746884.2]
   [Code Root Fixup: 0.0 ms]
   [Code Root Purge: 0.0 ms]
   [Clear CT: 0.1 ms]
   [Other: 1.0 ms]
      [Choose CSet: 0.0 ms]
      [Ref Proc: 0.0 ms]
      [Ref Enq: 0.0 ms]
      [Redirty Cards: 0.0 ms]
      [Humongous Register: 0.0 ms]
      [Humongous Reclaim: 0.0 ms]
      [Free CSet: 0.1 ms]
   [Eden: 45.0M(45.0M)->0.0B(47.0M) Survivors: 6144.0K->4096.0K Heap: 284.0M(1024.0M)->239.3M(1024.0M)]
 [Times: user=0.02 sys=0.01, real=0.05 secs] 
2016-12-19T18:57:59.362+0100: 8774.232: [GC pause (G1 Evacuation Pause) (young), 0.0222733 secs]
   [Parallel Time: 21.8 ms, GC Workers: 1]
      [GC Worker Start (ms):  8774232.1]
      [Ext Root Scanning (ms):  1.0]
      [Update RS (ms):  3.4]
         [Processed Buffers:  36]
      [Scan RS (ms):  5.2]
      [Code Root Scanning (ms):  0.0]
      [Object Copy (ms):  12.1]
      [Termination (ms):  0.0]
         [Termination Attempts:  1]
      [GC Worker Other (ms):  0.0]
      [GC Worker Total (ms):  21.8]
      [GC Worker End (ms):  8774253.9]
   [Code Root Fixup: 0.0 ms]
   [Code Root Purge: 0.0 ms]
   [Clear CT: 0.0 ms]
   [Other: 0.4 ms]
      [Choose CSet: 0.0 ms]
      [Ref Proc: 0.0 ms]
      [Ref Enq: 0.0 ms]
      [Redirty Cards: 0.0 ms]
      [Humongous Register: 0.0 ms]
      [Humongous Reclaim: 0.0 ms]
      [Free CSet: 0.1 ms]
   [Eden: 47.0M(47.0M)->0.0B(45.0M) Survivors: 4096.0K->6144.0K Heap: 286.3M(1024.0M)->240.8M(1024.0M)]
 [Times: user=0.02 sys=0.00, real=0.02 secs] 
2016-12-19T18:58:24.458+0100: 8799.329: [GC pause (G1 Evacuation Pause) (young), 0.0358190 secs]
   [Parallel Time: 34.9 ms, GC Workers: 1]
      [GC Worker Start (ms):  8799328.9]
      [Ext Root Scanning (ms):  1.6]
      [Update RS (ms):  3.0]
         [Processed Buffers:  37]
      [Scan RS (ms):  4.9]
      [Code Root Scanning (ms):  0.0]
      [Object Copy (ms):  25.3]
      [Termination (ms):  0.0]
         [Termination Attempts:  1]
      [GC Worker Other (ms):  0.0]
      [GC Worker Total (ms):  34.8]
      [GC Worker End (ms):  8799363.7]
   [Code Root Fixup: 0.0 ms]
   [Code Root Purge: 0.0 ms]
   [Clear CT: 0.0 ms]
   [Other: 0.8 ms]
      [Choose CSet: 0.0 ms]
      [Ref Proc: 0.0 ms]
      [Ref Enq: 0.0 ms]
      [Redirty Cards: 0.0 ms]
      [Humongous Register: 0.0 ms]
      [Humongous Reclaim: 0.0 ms]
      [Free CSet: 0.1 ms]
   [Eden: 45.0M(45.0M)->0.0B(47.0M) Survivors: 6144.0K->4096.0K Heap: 285.8M(1024.0M)->240.8M(1024.0M)]
 [Times: user=0.01 sys=0.01, real=0.04 secs] 
2016-12-19T18:58:50.375+0100: 8825.246: [GC pause (G1 Evacuation Pause) (young), 0.0421869 secs]
   [Parallel Time: 41.5 ms, GC Workers: 1]
      [GC Worker Start (ms):  8825246.1]
      [Ext Root Scanning (ms):  1.6]
      [Update RS (ms):  4.3]
         [Processed Buffers:  38]
      [Scan RS (ms):  7.6]
      [Code Root Scanning (ms):  0.0]
      [Object Copy (ms):  27.8]
      [Termination (ms):  0.0]
         [Termination Attempts:  1]
      [GC Worker Other (ms):  0.0]
      [GC Worker Total (ms):  41.4]
      [GC Worker End (ms):  8825287.5]
   [Code Root Fixup: 0.1 ms]
   [Code Root Purge: 0.0 ms]
   [Clear CT: 0.1 ms]
   [Other: 0.6 ms]
      [Choose CSet: 0.0 ms]
      [Ref Proc: 0.1 ms]
      [Ref Enq: 0.0 ms]
      [Redirty Cards: 0.1 ms]
      [Humongous Register: 0.1 ms]
      [Humongous Reclaim: 0.0 ms]
      [Free CSet: 0.1 ms]
   [Eden: 47.0M(47.0M)->0.0B(45.0M) Survivors: 4096.0K->6144.0K Heap: 287.8M(1024.0M)->242.3M(1024.0M)]
 [Times: user=0.04 sys=0.00, real=0.04 secs] 
2016-12-19T18:59:19.993+0100: 8854.863: [GC pause (G1 Evacuation Pause) (young), 0.0380632 secs]
   [Parallel Time: 37.2 ms, GC Workers: 1]
      [GC Worker Start (ms):  8854863.4]
      [Ext Root Scanning (ms):  1.1]
      [Update RS (ms):  2.2]
         [Processed Buffers:  38]
      [Scan RS (ms):  4.9]
      [Code Root Scanning (ms):  0.0]
      [Object Copy (ms):  29.0]
      [Termination (ms):  0.0]
         [Termination Attempts:  1]
      [GC Worker Other (ms):  0.0]
      [GC Worker Total (ms):  37.2]
      [GC Worker End (ms):  8854900.6]
   [Code Root Fixup: 0.0 ms]
   [Code Root Purge: 0.0 ms]
   [Clear CT: 0.0 ms]
   [Other: 0.8 ms]
      [Choose CSet: 0.0 ms]
      [Ref Proc: 0.0 ms]
      [Ref Enq: 0.0 ms]
      [Redirty Cards: 0.1 ms]
      [Humongous Register: 0.0 ms]
      [Humongous Reclaim: 0.0 ms]
      [Free CSet: 0.1 ms]
   [Eden: 45.0M(45.0M)->0.0B(47.0M) Survivors: 6144.0K->4096.0K Heap: 287.3M(1024.0M)->242.8M(1024.0M)]
 [Times: user=0.02 sys=0.00, real=0.03 secs] 
2016-12-19T18:59:47.729+0100: 8882.600: [GC pause (G1 Evacuation Pause) (young), 0.0312217 secs]
   [Parallel Time: 30.6 ms, GC Workers: 1]
      [GC Worker Start (ms):  8882599.7]
      [Ext Root Scanning (ms):  1.2]
      [Update RS (ms):  2.7]
         [Processed Buffers:  38]
      [Scan RS (ms):  5.8]
      [Code Root Scanning (ms):  0.0]
      [Object Copy (ms):  20.9]
      [Termination (ms):  0.0]
         [Termination Attempts:  1]
      [GC Worker Other (ms):  0.0]
      [GC Worker Total (ms):  30.6]
      [GC Worker End (ms):  8882630.2]
   [Code Root Fixup: 0.1 ms]
   [Code Root Purge: 0.0 ms]
   [Clear CT: 0.1 ms]
   [Other: 0.5 ms]
      [Choose CSet: 0.0 ms]
      [Ref Proc: 0.0 ms]
      [Ref Enq: 0.0 ms]
      [Redirty Cards: 0.1 ms]
      [Humongous Register: 0.0 ms]
      [Humongous Reclaim: 0.0 ms]
      [Free CSet: 0.1 ms]
   [Eden: 47.0M(47.0M)->0.0B(45.0M) Survivors: 4096.0K->6144.0K Heap: 289.8M(1024.0M)->244.3M(1024.0M)]
 [Times: user=0.04 sys=0.00, real=0.04 secs] 
2016-12-19T19:00:14.709+0100: 8909.579: [GC pause (G1 Evacuation Pause) (young), 0.2745943 secs]
   [Parallel Time: 269.2 ms, GC Workers: 1]
      [GC Worker Start (ms):  8909579.3]
      [Ext Root Scanning (ms):  1.6]
      [Update RS (ms):  3.7]
         [Processed Buffers:  36]
      [Scan RS (ms):  15.0]
      [Code Root Scanning (ms):  0.0]
      [Object Copy (ms):  248.8]
      [Termination (ms):  0.0]
         [Termination Attempts:  1]
      [GC Worker Other (ms):  0.0]
      [GC Worker Total (ms):  269.2]
      [GC Worker End (ms):  8909848.4]
   [Code Root Fixup: 0.1 ms]
   [Code Root Purge: 0.0 ms]
   [Clear CT: 0.4 ms]
   [Other: 4.9 ms]
      [Choose CSet: 0.0 ms]
      [Ref Proc: 0.1 ms]
      [Ref Enq: 0.0 ms]
      [Redirty Cards: 0.1 ms]
      [Humongous Register: 0.1 ms]
      [Humongous Reclaim: 0.0 ms]
      [Free CSet: 0.5 ms]
   [Eden: 45.0M(45.0M)->0.0B(47.0M) Survivors: 6144.0K->4096.0K Heap: 289.3M(1024.0M)->244.5M(1024.0M)]
 [Times: user=0.07 sys=0.02, real=0.28 secs] 
2016-12-19T19:00:41.861+0100: 8936.732: [GC pause (G1 Evacuation Pause) (young), 0.0636863 secs]
   [Parallel Time: 62.7 ms, GC Workers: 1]
      [GC Worker Start (ms):  8936733.3]
      [Ext Root Scanning (ms):  4.0]
      [Update RS (ms):  9.0]
         [Processed Buffers:  38]
      [Scan RS (ms):  11.8]
      [Code Root Scanning (ms):  0.0]
      [Object Copy (ms):  36.1]
      [Termination (ms):  0.0]
         [Termination Attempts:  1]
      [GC Worker Other (ms):  0.0]
      [GC Worker Total (ms):  61.0]
      [GC Worker End (ms):  8936794.4]
   [Code Root Fixup: 0.1 ms]
   [Code Root Purge: 0.0 ms]
   [Clear CT: 0.1 ms]
   [Other: 0.8 ms]
      [Choose CSet: 0.0 ms]
      [Ref Proc: 0.1 ms]
      [Ref Enq: 0.0 ms]
      [Redirty Cards: 0.1 ms]
      [Humongous Register: 0.1 ms]
      [Humongous Reclaim: 0.1 ms]
      [Free CSet: 0.2 ms]
   [Eden: 47.0M(47.0M)->0.0B(45.0M) Survivors: 4096.0K->6144.0K Heap: 291.5M(1024.0M)->246.0M(1024.0M)]
 [Times: user=0.06 sys=0.00, real=0.06 secs] 
2016-12-19T19:01:07.140+0100: 8962.011: [GC pause (G1 Evacuation Pause) (young), 0.0718125 secs]
   [Parallel Time: 70.7 ms, GC Workers: 1]
      [GC Worker Start (ms):  8962011.0]
      [Ext Root Scanning (ms):  1.6]
      [Update RS (ms):  7.0]
         [Processed Buffers:  38]
      [Scan RS (ms):  8.4]
      [Code Root Scanning (ms):  0.0]
      [Object Copy (ms):  53.5]
      [Termination (ms):  0.0]
         [Termination Attempts:  1]
      [GC Worker Other (ms):  0.0]
      [GC Worker Total (ms):  70.6]
      [GC Worker End (ms):  8962081.6]
   [Code Root Fixup: 0.1 ms]
   [Code Root Purge: 0.0 ms]
   [Clear CT: 0.1 ms]
   [Other: 1.0 ms]
      [Choose CSet: 0.0 ms]
      [Ref Proc: 0.0 ms]
      [Ref Enq: 0.0 ms]
      [Redirty Cards: 0.0 ms]
      [Humongous Register: 0.1 ms]
      [Humongous Reclaim: 0.0 ms]
      [Free CSet: 0.1 ms]
   [Eden: 45.0M(45.0M)->0.0B(47.0M) Survivors: 6144.0K->4096.0K Heap: 291.0M(1024.0M)->246.3M(1024.0M)]
 [Times: user=0.04 sys=0.00, real=0.07 secs] 
2016-12-19T19:01:33.699+0100: 8988.569: [GC pause (G1 Evacuation Pause) (young), 0.0247798 secs]
   [Parallel Time: 24.2 ms, GC Workers: 1]
      [GC Worker Start (ms):  8988569.4]
      [Ext Root Scanning (ms):  1.3]
      [Update RS (ms):  3.6]
         [Processed Buffers:  38]
      [Scan RS (ms):  5.7]
      [Code Root Scanning (ms):  0.0]
      [Object Copy (ms):  13.6]
      [Termination (ms):  0.0]
         [Termination Attempts:  1]
      [GC Worker Other (ms):  0.0]
      [GC Worker Total (ms):  24.2]
      [GC Worker End (ms):  8988593.5]
   [Code Root Fixup: 0.0 ms]
   [Code Root Purge: 0.0 ms]
   [Clear CT: 0.0 ms]
   [Other: 0.5 ms]
      [Choose CSet: 0.0 ms]
      [Ref Proc: 0.0 ms]
      [Ref Enq: 0.0 ms]
      [Redirty Cards: 0.0 ms]
      [Humongous Register: 0.0 ms]
      [Humongous Reclaim: 0.0 ms]
      [Free CSet: 0.1 ms]
   [Eden: 47.0M(47.0M)->0.0B(45.0M) Survivors: 4096.0K->6144.0K Heap: 293.3M(1024.0M)->247.8M(1024.0M)]
 [Times: user=0.03 sys=0.00, real=0.03 secs] 
2016-12-19T19:01:59.370+0100: 9014.241: [GC pause (G1 Evacuation Pause) (young), 0.0429658 secs]
   [Parallel Time: 41.6 ms, GC Workers: 1]
      [GC Worker Start (ms):  9014240.8]
      [Ext Root Scanning (ms):  1.2]
      [Update RS (ms):  3.5]
         [Processed Buffers:  41]
      [Scan RS (ms):  5.5]
      [Code Root Scanning (ms):  0.0]
      [Object Copy (ms):  31.3]
      [Termination (ms):  0.0]
         [Termination Attempts:  1]
      [GC Worker Other (ms):  0.0]
      [GC Worker Total (ms):  41.5]
      [GC Worker End (ms):  9014282.3]
   [Code Root Fixup: 0.0 ms]
   [Code Root Purge: 0.0 ms]
   [Clear CT: 0.1 ms]
   [Other: 1.3 ms]
      [Choose CSet: 0.0 ms]
      [Ref Proc: 0.0 ms]
      [Ref Enq: 0.0 ms]
      [Redirty Cards: 0.1 ms]
      [Humongous Register: 0.0 ms]
      [Humongous Reclaim: 0.0 ms]
      [Free CSet: 0.1 ms]
   [Eden: 45.0M(45.0M)->0.0B(46.0M) Survivors: 6144.0K->5120.0K Heap: 292.8M(1024.0M)->248.2M(1024.0M)]
 [Times: user=0.02 sys=0.00, real=0.05 secs] 
2016-12-19T19:02:25.400+0100: 9040.271: [GC pause (G1 Evacuation Pause) (young), 0.0527595 secs]
   [Parallel Time: 51.5 ms, GC Workers: 1]
      [GC Worker Start (ms):  9040270.9]
      [Ext Root Scanning (ms):  1.5]
      [Update RS (ms):  7.8]
         [Processed Buffers:  39]
      [Scan RS (ms):  5.9]
      [Code Root Scanning (ms):  0.0]
      [Object Copy (ms):  36.2]
      [Termination (ms):  0.0]
         [Termination Attempts:  1]
      [GC Worker Other (ms):  0.0]
      [GC Worker Total (ms):  51.4]
      [GC Worker End (ms):  9040322.3]
   [Code Root Fixup: 0.1 ms]
   [Code Root Purge: 0.0 ms]
   [Clear CT: 0.1 ms]
   [Other: 1.2 ms]
      [Choose CSet: 0.0 ms]
      [Ref Proc: 0.1 ms]
      [Ref Enq: 0.0 ms]
      [Redirty Cards: 0.0 ms]
      [Humongous Register: 0.2 ms]
      [Humongous Reclaim: 0.0 ms]
      [Free CSet: 0.1 ms]
   [Eden: 46.0M(46.0M)->0.0B(46.0M) Survivors: 5120.0K->5120.0K Heap: 294.2M(1024.0M)->250.0M(1024.0M)]
 [Times: user=0.03 sys=0.00, real=0.05 secs] 
2016-12-19T19:02:52.424+0100: 9067.294: [GC pause (G1 Evacuation Pause) (young), 0.0369409 secs]
   [Parallel Time: 36.3 ms, GC Workers: 1]
      [GC Worker Start (ms):  9067294.2]
      [Ext Root Scanning (ms):  1.4]
      [Update RS (ms):  4.8]
         [Processed Buffers:  37]
      [Scan RS (ms):  14.7]
      [Code Root Scanning (ms):  0.0]
      [Object Copy (ms):  15.4]
      [Termination (ms):  0.0]
         [Termination Attempts:  1]
      [GC Worker Other (ms):  0.0]
      [GC Worker Total (ms):  36.3]
      [GC Worker End (ms):  9067330.5]
   [Code Root Fixup: 0.1 ms]
   [Code Root Purge: 0.0 ms]
   [Clear CT: 0.1 ms]
   [Other: 0.5 ms]
      [Choose CSet: 0.0 ms]
      [Ref Proc: 0.0 ms]
      [Ref Enq: 0.0 ms]
      [Redirty Cards: 0.0 ms]
      [Humongous Register: 0.1 ms]
      [Humongous Reclaim: 0.0 ms]
      [Free CSet: 0.1 ms]
   [Eden: 46.0M(46.0M)->0.0B(46.0M) Survivors: 5120.0K->5120.0K Heap: 296.0M(1024.0M)->250.5M(1024.0M)]
 [Times: user=0.04 sys=0.00, real=0.04 secs] 
2016-12-19T19:03:19.414+0100: 9094.285: [GC pause (G1 Evacuation Pause) (young), 0.0528385 secs]
   [Parallel Time: 51.4 ms, GC Workers: 1]
      [GC Worker Start (ms):  9094284.9]
      [Ext Root Scanning (ms):  1.8]
      [Update RS (ms):  4.8]
         [Processed Buffers:  39]
      [Scan RS (ms):  5.7]
      [Code Root Scanning (ms):  0.0]
      [Object Copy (ms):  39.1]
      [Termination (ms):  0.0]
         [Termination Attempts:  1]
      [GC Worker Other (ms):  0.0]
      [GC Worker Total (ms):  51.4]
      [GC Worker End (ms):  9094336.3]
   [Code Root Fixup: 0.1 ms]
   [Code Root Purge: 0.0 ms]
   [Clear CT: 0.1 ms]
   [Other: 1.3 ms]
      [Choose CSet: 0.0 ms]
      [Ref Proc: 0.0 ms]
      [Ref Enq: 0.0 ms]
      [Redirty Cards: 0.1 ms]
      [Humongous Register: 0.1 ms]
      [Humongous Reclaim: 0.0 ms]
      [Free CSet: 0.2 ms]
   [Eden: 46.0M(46.0M)->0.0B(46.0M) Survivors: 5120.0K->5120.0K Heap: 296.5M(1024.0M)->252.0M(1024.0M)]
 [Times: user=0.03 sys=0.00, real=0.05 secs] 
2016-12-19T19:03:45.687+0100: 9120.557: [GC pause (G1 Evacuation Pause) (young), 0.1707590 secs]
   [Parallel Time: 166.0 ms, GC Workers: 1]
      [GC Worker Start (ms):  9120557.6]
      [Ext Root Scanning (ms):  3.0]
      [Update RS (ms):  3.9]
         [Processed Buffers:  38]
      [Scan RS (ms):  49.4]
      [Code Root Scanning (ms):  0.0]
      [Object Copy (ms):  109.4]
      [Termination (ms):  0.0]
         [Termination Attempts:  1]
      [GC Worker Other (ms):  0.0]
      [GC Worker Total (ms):  165.7]
      [GC Worker End (ms):  9120723.3]
   [Code Root Fixup: 0.1 ms]
   [Code Root Purge: 0.0 ms]
   [Clear CT: 0.8 ms]
   [Other: 3.9 ms]
      [Choose CSet: 0.0 ms]
      [Ref Proc: 0.1 ms]
      [Ref Enq: 0.2 ms]
      [Redirty Cards: 0.3 ms]
      [Humongous Register: 0.1 ms]
      [Humongous Reclaim: 0.0 ms]
      [Free CSet: 1.6 ms]
   [Eden: 46.0M(46.0M)->0.0B(46.0M) Survivors: 5120.0K->5120.0K Heap: 298.0M(1024.0M)->252.5M(1024.0M)]
 [Times: user=0.08 sys=0.02, real=0.17 secs] 
2016-12-19T19:04:11.203+0100: 9146.073: [GC pause (G1 Evacuation Pause) (young), 0.0451465 secs]
   [Parallel Time: 44.0 ms, GC Workers: 1]
      [GC Worker Start (ms):  9146073.6]
      [Ext Root Scanning (ms):  1.3]
      [Update RS (ms):  3.5]
         [Processed Buffers:  37]
      [Scan RS (ms):  13.4]
      [Code Root Scanning (ms):  0.0]
      [Object Copy (ms):  25.6]
      [Termination (ms):  0.0]
         [Termination Attempts:  1]
      [GC Worker Other (ms):  0.0]
      [GC Worker Total (ms):  43.9]
      [GC Worker End (ms):  9146117.6]
   [Code Root Fixup: 0.0 ms]
   [Code Root Purge: 0.0 ms]
   [Clear CT: 0.0 ms]
   [Other: 1.1 ms]
      [Choose CSet: 0.0 ms]
      [Ref Proc: 0.1 ms]
      [Ref Enq: 0.0 ms]
      [Redirty Cards: 0.1 ms]
      [Humongous Register: 0.1 ms]
      [Humongous Reclaim: 0.0 ms]
      [Free CSet: 0.1 ms]
   [Eden: 46.0M(46.0M)->0.0B(46.0M) Survivors: 5120.0K->5120.0K Heap: 298.5M(1024.0M)->254.0M(1024.0M)]
 [Times: user=0.04 sys=0.00, real=0.04 secs] 
2016-12-19T19:04:38.757+0100: 9173.627: [GC pause (G1 Evacuation Pause) (young), 0.0379769 secs]
   [Parallel Time: 37.1 ms, GC Workers: 1]
      [GC Worker Start (ms):  9173627.5]
      [Ext Root Scanning (ms):  0.9]
      [Update RS (ms):  2.7]
         [Processed Buffers:  39]
      [Scan RS (ms):  5.6]
      [Code Root Scanning (ms):  0.0]
      [Object Copy (ms):  27.9]
      [Termination (ms):  0.0]
         [Termination Attempts:  1]
      [GC Worker Other (ms):  0.0]
      [GC Worker Total (ms):  37.1]
      [GC Worker End (ms):  9173664.6]
   [Code Root Fixup: 0.1 ms]
   [Code Root Purge: 0.0 ms]
   [Clear CT: 0.0 ms]
   [Other: 0.7 ms]
      [Choose CSet: 0.0 ms]
      [Ref Proc: 0.0 ms]
      [Ref Enq: 0.0 ms]
      [Redirty Cards: 0.0 ms]
      [Humongous Register: 0.0 ms]
      [Humongous Reclaim: 0.0 ms]
      [Free CSet: 0.1 ms]
   [Eden: 46.0M(46.0M)->0.0B(47.0M) Survivors: 5120.0K->4096.0K Heap: 300.0M(1024.0M)->254.0M(1024.0M)]
 [Times: user=0.02 sys=0.00, real=0.04 secs] 
2016-12-19T19:05:05.400+0100: 9200.270: [GC pause (G1 Evacuation Pause) (young), 0.0348625 secs]
   [Parallel Time: 34.1 ms, GC Workers: 1]
      [GC Worker Start (ms):  9200270.3]
      [Ext Root Scanning (ms):  2.6]
      [Update RS (ms):  4.0]
         [Processed Buffers:  38]
      [Scan RS (ms):  7.4]
      [Code Root Scanning (ms):  0.0]
      [Object Copy (ms):  20.0]
      [Termination (ms):  0.0]
         [Termination Attempts:  1]
      [GC Worker Other (ms):  0.0]
      [GC Worker Total (ms):  34.0]
      [GC Worker End (ms):  9200304.3]
   [Code Root Fixup: 0.0 ms]
   [Code Root Purge: 0.0 ms]
   [Clear CT: 0.1 ms]
   [Other: 0.7 ms]
      [Choose CSet: 0.0 ms]
      [Ref Proc: 0.1 ms]
      [Ref Enq: 0.0 ms]
      [Redirty Cards: 0.1 ms]
      [Humongous Register: 0.0 ms]
      [Humongous Reclaim: 0.1 ms]
      [Free CSet: 0.2 ms]
   [Eden: 47.0M(47.0M)->0.0B(45.0M) Survivors: 4096.0K->6144.0K Heap: 301.0M(1024.0M)->256.5M(1024.0M)]
 [Times: user=0.03 sys=0.00, real=0.03 secs] 
2016-12-19T19:05:30.419+0100: 9225.289: [GC pause (G1 Evacuation Pause) (young), 0.0483715 secs]
   [Parallel Time: 47.5 ms, GC Workers: 1]
      [GC Worker Start (ms):  9225289.0]
      [Ext Root Scanning (ms):  1.2]
      [Update RS (ms):  2.6]
         [Processed Buffers:  38]
      [Scan RS (ms):  7.4]
      [Code Root Scanning (ms):  0.0]
      [Object Copy (ms):  36.3]
      [Termination (ms):  0.0]
         [Termination Attempts:  1]
      [GC Worker Other (ms):  0.0]
      [GC Worker Total (ms):  47.5]
      [GC Worker End (ms):  9225336.5]
   [Code Root Fixup: 0.0 ms]
   [Code Root Purge: 0.0 ms]
   [Clear CT: 0.1 ms]
   [Other: 0.8 ms]
      [Choose CSet: 0.0 ms]
      [Ref Proc: 0.0 ms]
      [Ref Enq: 0.0 ms]
      [Redirty Cards: 0.1 ms]
      [Humongous Register: 0.0 ms]
      [Humongous Reclaim: 0.0 ms]
      [Free CSet: 0.1 ms]
   [Eden: 45.0M(45.0M)->0.0B(46.0M) Survivors: 6144.0K->5120.0K Heap: 301.5M(1024.0M)->257.3M(1024.0M)]
 [Times: user=0.02 sys=0.00, real=0.05 secs] 
2016-12-19T19:05:56.015+0100: 9250.886: [GC pause (G1 Evacuation Pause) (young), 0.0447262 secs]
   [Parallel Time: 44.0 ms, GC Workers: 1]
      [GC Worker Start (ms):  9250886.1]
      [Ext Root Scanning (ms):  1.7]
      [Update RS (ms):  17.7]
         [Processed Buffers:  83]
      [Scan RS (ms):  0.4]
      [Code Root Scanning (ms):  0.0]
      [Object Copy (ms):  24.2]
      [Termination (ms):  0.0]
         [Termination Attempts:  1]
      [GC Worker Other (ms):  0.0]
      [GC Worker Total (ms):  44.0]
      [GC Worker End (ms):  9250930.0]
   [Code Root Fixup: 0.0 ms]
   [Code Root Purge: 0.0 ms]
   [Clear CT: 0.0 ms]
   [Other: 0.7 ms]
      [Choose CSet: 0.0 ms]
      [Ref Proc: 0.0 ms]
      [Ref Enq: 0.0 ms]
      [Redirty Cards: 0.1 ms]
      [Humongous Register: 0.1 ms]
      [Humongous Reclaim: 0.0 ms]
      [Free CSet: 0.0 ms]
   [Eden: 46.0M(46.0M)->0.0B(46.0M) Survivors: 5120.0K->5120.0K Heap: 303.3M(1024.0M)->259.0M(1024.0M)]
 [Times: user=0.04 sys=0.00, real=0.05 secs] 
2016-12-19T19:06:23.759+0100: 9278.629: [GC pause (G1 Evacuation Pause) (young), 0.2017608 secs]
   [Parallel Time: 199.8 ms, GC Workers: 1]
      [GC Worker Start (ms):  9278629.8]
      [Ext Root Scanning (ms):  13.0]
      [Update RS (ms):  23.1]
         [Processed Buffers:  34]
      [Scan RS (ms):  27.9]
      [Code Root Scanning (ms):  0.0]
      [Object Copy (ms):  135.7]
      [Termination (ms):  0.0]
         [Termination Attempts:  1]
      [GC Worker Other (ms):  0.0]
      [GC Worker Total (ms):  199.8]
      [GC Worker End (ms):  9278829.6]
   [Code Root Fixup: 0.1 ms]
   [Code Root Purge: 0.0 ms]
   [Clear CT: 0.1 ms]
   [Other: 1.8 ms]
      [Choose CSet: 0.0 ms]
      [Ref Proc: 0.1 ms]
      [Ref Enq: 0.0 ms]
      [Redirty Cards: 0.2 ms]
      [Humongous Register: 0.2 ms]
      [Humongous Reclaim: 0.1 ms]
      [Free CSet: 0.1 ms]
   [Eden: 46.0M(46.0M)->0.0B(48.0M) Survivors: 5120.0K->3072.0K Heap: 305.0M(1024.0M)->258.5M(1024.0M)]
 [Times: user=0.10 sys=0.02, real=0.21 secs] 
2016-12-19T19:06:51.403+0100: 9306.274: [GC pause (G1 Evacuation Pause) (young), 0.0269733 secs]
   [Parallel Time: 26.1 ms, GC Workers: 1]
      [GC Worker Start (ms):  9306274.4]
      [Ext Root Scanning (ms):  1.2]
      [Update RS (ms):  5.8]
         [Processed Buffers:  32]
      [Scan RS (ms):  7.2]
      [Code Root Scanning (ms):  0.0]
      [Object Copy (ms):  11.9]
      [Termination (ms):  0.0]
         [Termination Attempts:  1]
      [GC Worker Other (ms):  0.0]
      [GC Worker Total (ms):  26.1]
      [GC Worker End (ms):  9306300.4]
   [Code Root Fixup: 0.1 ms]
   [Code Root Purge: 0.0 ms]
   [Clear CT: 0.1 ms]
   [Other: 0.7 ms]
      [Choose CSet: 0.0 ms]
      [Ref Proc: 0.0 ms]
      [Ref Enq: 0.0 ms]
      [Redirty Cards: 0.0 ms]
      [Humongous Register: 0.1 ms]
      [Humongous Reclaim: 0.0 ms]
      [Free CSet: 0.1 ms]
   [Eden: 48.0M(48.0M)->0.0B(46.0M) Survivors: 3072.0K->5120.0K Heap: 306.5M(1024.0M)->260.0M(1024.0M)]
 [Times: user=0.02 sys=0.00, real=0.02 secs] 
2016-12-19T19:07:16.936+0100: 9331.807: [GC pause (G1 Evacuation Pause) (young), 0.0414777 secs]
   [Parallel Time: 40.3 ms, GC Workers: 1]
      [GC Worker Start (ms):  9331806.9]
      [Ext Root Scanning (ms):  1.5]
      [Update RS (ms):  6.8]
         [Processed Buffers:  34]
      [Scan RS (ms):  6.2]
      [Code Root Scanning (ms):  0.0]
      [Object Copy (ms):  25.8]
      [Termination (ms):  0.0]
         [Termination Attempts:  1]
      [GC Worker Other (ms):  0.0]
      [GC Worker Total (ms):  40.3]
      [GC Worker End (ms):  9331847.2]
   [Code Root Fixup: 0.1 ms]
   [Code Root Purge: 0.0 ms]
   [Clear CT: 0.1 ms]
   [Other: 1.0 ms]
      [Choose CSet: 0.0 ms]
      [Ref Proc: 0.0 ms]
      [Ref Enq: 0.0 ms]
      [Redirty Cards: 0.1 ms]
      [Humongous Register: 0.1 ms]
      [Humongous Reclaim: 0.1 ms]
      [Free CSet: 0.1 ms]
   [Eden: 46.0M(46.0M)->0.0B(47.0M) Survivors: 5120.0K->4096.0K Heap: 306.0M(1024.0M)->260.4M(1024.0M)]
 [Times: user=0.02 sys=0.01, real=0.04 secs] 
2016-12-19T19:07:43.156+0100: 9358.026: [GC pause (G1 Evacuation Pause) (young), 0.0411333 secs]
   [Parallel Time: 40.3 ms, GC Workers: 1]
      [GC Worker Start (ms):  9358026.3]
      [Ext Root Scanning (ms):  1.8]
      [Update RS (ms):  5.3]
         [Processed Buffers:  34]
      [Scan RS (ms):  7.8]
      [Code Root Scanning (ms):  0.0]
      [Object Copy (ms):  25.4]
      [Termination (ms):  0.0]
         [Termination Attempts:  1]
      [GC Worker Other (ms):  0.0]
      [GC Worker Total (ms):  40.3]
      [GC Worker End (ms):  9358066.6]
   [Code Root Fixup: 0.1 ms]
   [Code Root Purge: 0.0 ms]
   [Clear CT: 0.1 ms]
   [Other: 0.6 ms]
      [Choose CSet: 0.0 ms]
      [Ref Proc: 0.1 ms]
      [Ref Enq: 0.0 ms]
      [Redirty Cards: 0.1 ms]
      [Humongous Register: 0.1 ms]
      [Humongous Reclaim: 0.1 ms]
      [Free CSet: 0.1 ms]
   [Eden: 47.0M(47.0M)->0.0B(46.0M) Survivors: 4096.0K->5120.0K Heap: 307.4M(1024.0M)->261.9M(1024.0M)]
 [Times: user=0.03 sys=0.00, real=0.04 secs] 
2016-12-19T19:08:11.974+0100: 9386.844: [GC pause (G1 Evacuation Pause) (young), 0.0367053 secs]
   [Parallel Time: 35.5 ms, GC Workers: 1]
      [GC Worker Start (ms):  9386844.8]
      [Ext Root Scanning (ms):  4.3]
      [Update RS (ms):  4.3]
         [Processed Buffers:  37]
      [Scan RS (ms):  7.6]
      [Code Root Scanning (ms):  0.0]
      [Object Copy (ms):  19.3]
      [Termination (ms):  0.0]
         [Termination Attempts:  1]
      [GC Worker Other (ms):  0.0]
      [GC Worker Total (ms):  35.5]
      [GC Worker End (ms):  9386880.3]
   [Code Root Fixup: 0.0 ms]
   [Code Root Purge: 0.0 ms]
   [Clear CT: 0.1 ms]
   [Other: 1.1 ms]
      [Choose CSet: 0.0 ms]
      [Ref Proc: 0.0 ms]
      [Ref Enq: 0.0 ms]
      [Redirty Cards: 0.0 ms]
      [Humongous Register: 0.1 ms]
      [Humongous Reclaim: 0.0 ms]
      [Free CSet: 0.1 ms]
   [Eden: 46.0M(46.0M)->0.0B(47.0M) Survivors: 5120.0K->4096.0K Heap: 307.9M(1024.0M)->262.2M(1024.0M)]
 [Times: user=0.03 sys=0.00, real=0.03 secs] 
2016-12-19T19:08:38.779+0100: 9413.650: [GC pause (G1 Evacuation Pause) (young), 0.0316240 secs]
   [Parallel Time: 31.0 ms, GC Workers: 1]
      [GC Worker Start (ms):  9413650.1]
      [Ext Root Scanning (ms):  1.0]
      [Update RS (ms):  4.2]
         [Processed Buffers:  38]
      [Scan RS (ms):  9.6]
      [Code Root Scanning (ms):  0.0]
      [Object Copy (ms):  16.2]
      [Termination (ms):  0.0]
         [Termination Attempts:  1]
      [GC Worker Other (ms):  0.0]
      [GC Worker Total (ms):  30.9]
      [GC Worker End (ms):  9413681.0]
   [Code Root Fixup: 0.1 ms]
   [Code Root Purge: 0.0 ms]
   [Clear CT: 0.0 ms]
   [Other: 0.6 ms]
      [Choose CSet: 0.0 ms]
      [Ref Proc: 0.0 ms]
      [Ref Enq: 0.0 ms]
      [Redirty Cards: 0.0 ms]
      [Humongous Register: 0.1 ms]
      [Humongous Reclaim: 0.0 ms]
      [Free CSet: 0.1 ms]
   [Eden: 47.0M(47.0M)->0.0B(46.0M) Survivors: 4096.0K->5120.0K Heap: 309.2M(1024.0M)->263.2M(1024.0M)]
 [Times: user=0.03 sys=0.00, real=0.03 secs] 
2016-12-19T19:09:05.898+0100: 9440.768: [GC pause (G1 Evacuation Pause) (young), 0.0636186 secs]
   [Parallel Time: 57.5 ms, GC Workers: 1]
      [GC Worker Start (ms):  9440768.3]
      [Ext Root Scanning (ms):  1.1]
      [Update RS (ms):  3.3]
         [Processed Buffers:  37]
      [Scan RS (ms):  4.7]
      [Code Root Scanning (ms):  0.0]
      [Object Copy (ms):  48.2]
      [Termination (ms):  0.0]
         [Termination Attempts:  1]
      [GC Worker Other (ms):  0.0]
      [GC Worker Total (ms):  57.4]
      [GC Worker End (ms):  9440825.7]
   [Code Root Fixup: 0.0 ms]
   [Code Root Purge: 0.0 ms]
   [Clear CT: 0.1 ms]
   [Other: 6.0 ms]
      [Choose CSet: 0.0 ms]
      [Ref Proc: 0.0 ms]
      [Ref Enq: 0.0 ms]
      [Redirty Cards: 0.0 ms]
      [Humongous Register: 0.0 ms]
      [Humongous Reclaim: 0.0 ms]
      [Free CSet: 0.1 ms]
   [Eden: 46.0M(46.0M)->0.0B(47.0M) Survivors: 5120.0K->4096.0K Heap: 309.2M(1024.0M)->263.8M(1024.0M)]
 [Times: user=0.01 sys=0.01, real=0.07 secs] 
2016-12-19T19:09:34.646+0100: 9469.517: [GC pause (G1 Evacuation Pause) (young), 0.0194367 secs]
   [Parallel Time: 18.9 ms, GC Workers: 1]
      [GC Worker Start (ms):  9469516.7]
      [Ext Root Scanning (ms):  1.0]
      [Update RS (ms):  3.3]
         [Processed Buffers:  39]
      [Scan RS (ms):  5.0]
      [Code Root Scanning (ms):  0.0]
      [Object Copy (ms):  9.6]
      [Termination (ms):  0.0]
         [Termination Attempts:  1]
      [GC Worker Other (ms):  0.0]
      [GC Worker Total (ms):  18.9]
      [GC Worker End (ms):  9469535.6]
   [Code Root Fixup: 0.1 ms]
   [Code Root Purge: 0.0 ms]
   [Clear CT: 0.0 ms]
   [Other: 0.4 ms]
      [Choose CSet: 0.0 ms]
      [Ref Proc: 0.0 ms]
      [Ref Enq: 0.0 ms]
      [Redirty Cards: 0.0 ms]
      [Humongous Register: 0.0 ms]
      [Humongous Reclaim: 0.0 ms]
      [Free CSet: 0.1 ms]
   [Eden: 47.0M(47.0M)->0.0B(47.0M) Survivors: 4096.0K->4096.0K Heap: 310.8M(1024.0M)->263.8M(1024.0M)]
 [Times: user=0.02 sys=0.00, real=0.02 secs] 
2016-12-19T19:10:02.602+0100: 9497.473: [GC pause (G1 Evacuation Pause) (young), 0.0208785 secs]
   [Parallel Time: 20.4 ms, GC Workers: 1]
      [GC Worker Start (ms):  9497472.8]
      [Ext Root Scanning (ms):  0.9]
      [Update RS (ms):  2.3]
         [Processed Buffers:  39]
      [Scan RS (ms):  5.1]
      [Code Root Scanning (ms):  0.0]
      [Object Copy (ms):  12.0]
      [Termination (ms):  0.0]
         [Termination Attempts:  1]
      [GC Worker Other (ms):  0.0]
      [GC Worker Total (ms):  20.3]
      [GC Worker End (ms):  9497493.1]
   [Code Root Fixup: 0.0 ms]
   [Code Root Purge: 0.0 ms]
   [Clear CT: 0.0 ms]
   [Other: 0.4 ms]
      [Choose CSet: 0.0 ms]
      [Ref Proc: 0.0 ms]
      [Ref Enq: 0.0 ms]
      [Redirty Cards: 0.0 ms]
      [Humongous Register: 0.0 ms]
      [Humongous Reclaim: 0.0 ms]
      [Free CSet: 0.1 ms]
   [Eden: 47.0M(47.0M)->0.0B(46.0M) Survivors: 4096.0K->5120.0K Heap: 310.8M(1024.0M)->264.8M(1024.0M)]
 [Times: user=0.02 sys=0.00, real=0.02 secs] 
2016-12-19T19:10:29.164+0100: 9524.034: [GC pause (G1 Evacuation Pause) (young), 0.0782479 secs]
   [Parallel Time: 77.7 ms, GC Workers: 1]
      [GC Worker Start (ms):  9524034.4]
      [Ext Root Scanning (ms):  2.2]
      [Update RS (ms):  2.8]
         [Processed Buffers:  38]
      [Scan RS (ms):  6.8]
      [Code Root Scanning (ms):  0.0]
      [Object Copy (ms):  65.9]
      [Termination (ms):  0.0]
         [Termination Attempts:  1]
      [GC Worker Other (ms):  0.0]
      [GC Worker Total (ms):  77.7]
      [GC Worker End (ms):  9524112.1]
   [Code Root Fixup: 0.0 ms]
   [Code Root Purge: 0.0 ms]
   [Clear CT: 0.0 ms]
   [Other: 0.4 ms]
      [Choose CSet: 0.0 ms]
      [Ref Proc: 0.0 ms]
      [Ref Enq: 0.0 ms]
      [Redirty Cards: 0.1 ms]
      [Humongous Register: 0.1 ms]
      [Humongous Reclaim: 0.0 ms]
      [Free CSet: 0.1 ms]
   [Eden: 46.0M(46.0M)->0.0B(47.0M) Survivors: 5120.0K->4096.0K Heap: 310.8M(1024.0M)->265.1M(1024.0M)]
 [Times: user=0.02 sys=0.01, real=0.08 secs] 
2016-12-19T19:10:55.783+0100: 9550.653: [GC pause (G1 Evacuation Pause) (young), 0.0268069 secs]
   [Parallel Time: 26.3 ms, GC Workers: 1]
      [GC Worker Start (ms):  9550653.5]
      [Ext Root Scanning (ms):  1.2]
      [Update RS (ms):  3.9]
         [Processed Buffers:  38]
      [Scan RS (ms):  6.0]
      [Code Root Scanning (ms):  0.0]
      [Object Copy (ms):  15.2]
      [Termination (ms):  0.0]
         [Termination Attempts:  1]
      [GC Worker Other (ms):  0.0]
      [GC Worker Total (ms):  26.2]
      [GC Worker End (ms):  9550679.7]
   [Code Root Fixup: 0.0 ms]
   [Code Root Purge: 0.0 ms]
   [Clear CT: 0.0 ms]
   [Other: 0.4 ms]
      [Choose CSet: 0.0 ms]
      [Ref Proc: 0.0 ms]
      [Ref Enq: 0.0 ms]
      [Redirty Cards: 0.0 ms]
      [Humongous Register: 0.1 ms]
      [Humongous Reclaim: 0.0 ms]
      [Free CSet: 0.1 ms]
   [Eden: 47.0M(47.0M)->0.0B(45.0M) Survivors: 4096.0K->6144.0K Heap: 312.1M(1024.0M)->267.1M(1024.0M)]
 [Times: user=0.02 sys=0.00, real=0.02 secs] 
2016-12-19T19:11:22.400+0100: 9577.271: [GC pause (G1 Evacuation Pause) (young), 0.0545416 secs]
   [Parallel Time: 53.8 ms, GC Workers: 1]
      [GC Worker Start (ms):  9577270.8]
      [Ext Root Scanning (ms):  1.8]
      [Update RS (ms):  3.1]
         [Processed Buffers:  32]
      [Scan RS (ms):  5.4]
      [Code Root Scanning (ms):  0.0]
      [Object Copy (ms):  43.4]
      [Termination (ms):  0.0]
         [Termination Attempts:  1]
      [GC Worker Other (ms):  0.0]
      [GC Worker Total (ms):  53.7]
      [GC Worker End (ms):  9577324.5]
   [Code Root Fixup: 0.1 ms]
   [Code Root Purge: 0.0 ms]
   [Clear CT: 0.0 ms]
   [Other: 0.6 ms]
      [Choose CSet: 0.0 ms]
      [Ref Proc: 0.0 ms]
      [Ref Enq: 0.0 ms]
      [Redirty Cards: 0.1 ms]
      [Humongous Register: 0.2 ms]
      [Humongous Reclaim: 0.1 ms]
      [Free CSet: 0.1 ms]
   [Eden: 45.0M(45.0M)->0.0B(47.0M) Survivors: 6144.0K->4096.0K Heap: 312.1M(1024.0M)->267.5M(1024.0M)]
 [Times: user=0.02 sys=0.01, real=0.05 secs] 
2016-12-19T19:11:48.810+0100: 9603.681: [GC pause (G1 Evacuation Pause) (young), 0.0224237 secs]
   [Parallel Time: 21.9 ms, GC Workers: 1]
      [GC Worker Start (ms):  9603680.9]
      [Ext Root Scanning (ms):  1.1]
      [Update RS (ms):  2.3]
         [Processed Buffers:  34]
      [Scan RS (ms):  4.9]
      [Code Root Scanning (ms):  0.0]
      [Object Copy (ms):  13.7]
      [Termination (ms):  0.0]
         [Termination Attempts:  1]
      [GC Worker Other (ms):  0.0]
      [GC Worker Total (ms):  21.9]
      [GC Worker End (ms):  9603702.9]
   [Code Root Fixup: 0.0 ms]
   [Code Root Purge: 0.0 ms]
   [Clear CT: 0.1 ms]
   [Other: 0.4 ms]
      [Choose CSet: 0.0 ms]
      [Ref Proc: 0.0 ms]
      [Ref Enq: 0.0 ms]
      [Redirty Cards: 0.0 ms]
      [Humongous Register: 0.0 ms]
      [Humongous Reclaim: 0.0 ms]
      [Free CSet: 0.1 ms]
   [Eden: 47.0M(47.0M)->0.0B(46.0M) Survivors: 4096.0K->5120.0K Heap: 314.5M(1024.0M)->268.5M(1024.0M)]
 [Times: user=0.02 sys=0.00, real=0.03 secs] 
2016-12-19T19:12:15.284+0100: 9630.154: [GC pause (G1 Evacuation Pause) (young), 0.0367669 secs]
   [Parallel Time: 36.2 ms, GC Workers: 1]
      [GC Worker Start (ms):  9630154.2]
      [Ext Root Scanning (ms):  2.0]
      [Update RS (ms):  3.1]
         [Processed Buffers:  32]
      [Scan RS (ms):  4.9]
      [Code Root Scanning (ms):  0.0]
      [Object Copy (ms):  26.0]
      [Termination (ms):  0.0]
         [Termination Attempts:  1]
      [GC Worker Other (ms):  0.0]
      [GC Worker Total (ms):  36.1]
      [GC Worker End (ms):  9630190.4]
   [Code Root Fixup: 0.0 ms]
   [Code Root Purge: 0.0 ms]
   [Clear CT: 0.0 ms]
   [Other: 0.5 ms]
      [Choose CSet: 0.0 ms]
      [Ref Proc: 0.0 ms]
      [Ref Enq: 0.0 ms]
      [Redirty Cards: 0.0 ms]
      [Humongous Register: 0.1 ms]
      [Humongous Reclaim: 0.0 ms]
      [Free CSet: 0.1 ms]
   [Eden: 46.0M(46.0M)->0.0B(47.0M) Survivors: 5120.0K->4096.0K Heap: 314.5M(1024.0M)->269.4M(1024.0M)]
 [Times: user=0.02 sys=0.00, real=0.04 secs] 
2016-12-19T19:12:42.126+0100: 9656.997: [GC pause (G1 Evacuation Pause) (young), 0.0318444 secs]
   [Parallel Time: 31.2 ms, GC Workers: 1]
      [GC Worker Start (ms):  9656998.9]
      [Ext Root Scanning (ms):  3.1]
      [Update RS (ms):  5.5]
         [Processed Buffers:  35]
      [Scan RS (ms):  6.4]
      [Code Root Scanning (ms):  0.0]
      [Object Copy (ms):  14.4]
      [Termination (ms):  0.0]
         [Termination Attempts:  1]
      [GC Worker Other (ms):  0.0]
      [GC Worker Total (ms):  29.4]
      [GC Worker End (ms):  9657028.3]
   [Code Root Fixup: 0.1 ms]
   [Code Root Purge: 0.0 ms]
   [Clear CT: 0.0 ms]
   [Other: 0.5 ms]
      [Choose CSet: 0.0 ms]
      [Ref Proc: 0.1 ms]
      [Ref Enq: 0.0 ms]
      [Redirty Cards: 0.0 ms]
      [Humongous Register: 0.1 ms]
      [Humongous Reclaim: 0.0 ms]
      [Free CSet: 0.1 ms]
   [Eden: 47.0M(47.0M)->0.0B(46.0M) Survivors: 4096.0K->5120.0K Heap: 316.4M(1024.0M)->270.4M(1024.0M)]
 [Times: user=0.03 sys=0.00, real=0.03 secs] 
2016-12-19T19:13:07.420+0100: 9682.291: [GC pause (G1 Evacuation Pause) (young), 0.0366409 secs]
   [Parallel Time: 36.1 ms, GC Workers: 1]
      [GC Worker Start (ms):  9682291.0]
      [Ext Root Scanning (ms):  1.4]
      [Update RS (ms):  3.0]
         [Processed Buffers:  36]
      [Scan RS (ms):  10.5]
      [Code Root Scanning (ms):  0.0]
      [Object Copy (ms):  21.1]
      [Termination (ms):  0.0]
         [Termination Attempts:  1]
      [GC Worker Other (ms):  0.0]
      [GC Worker Total (ms):  36.1]
      [GC Worker End (ms):  9682327.1]
   [Code Root Fixup: 0.0 ms]
   [Code Root Purge: 0.0 ms]
   [Clear CT: 0.0 ms]
   [Other: 0.4 ms]
      [Choose CSet: 0.0 ms]
      [Ref Proc: 0.0 ms]
      [Ref Enq: 0.0 ms]
      [Redirty Cards: 0.0 ms]
      [Humongous Register: 0.0 ms]
      [Humongous Reclaim: 0.0 ms]
      [Free CSet: 0.1 ms]
   [Eden: 46.0M(46.0M)->0.0B(47.0M) Survivors: 5120.0K->4096.0K Heap: 316.4M(1024.0M)->270.5M(1024.0M)]
 [Times: user=0.04 sys=0.00, real=0.03 secs] 
2016-12-19T19:13:34.942+0100: 9709.812: [GC pause (G1 Evacuation Pause) (young), 0.0228888 secs]
   [Parallel Time: 22.4 ms, GC Workers: 1]
      [GC Worker Start (ms):  9709812.5]
      [Ext Root Scanning (ms):  1.1]
      [Update RS (ms):  2.8]
         [Processed Buffers:  36]
      [Scan RS (ms):  4.1]
      [Code Root Scanning (ms):  0.0]
      [Object Copy (ms):  14.3]
      [Termination (ms):  0.0]
         [Termination Attempts:  1]
      [GC Worker Other (ms):  0.0]
      [GC Worker Total (ms):  22.3]
      [GC Worker End (ms):  9709834.9]
   [Code Root Fixup: 0.0 ms]
   [Code Root Purge: 0.0 ms]
   [Clear CT: 0.0 ms]
   [Other: 0.4 ms]
      [Choose CSet: 0.0 ms]
      [Ref Proc: 0.0 ms]
      [Ref Enq: 0.0 ms]
      [Redirty Cards: 0.0 ms]
      [Humongous Register: 0.0 ms]
      [Humongous Reclaim: 0.0 ms]
      [Free CSet: 0.1 ms]
   [Eden: 47.0M(47.0M)->0.0B(46.0M) Survivors: 4096.0K->5120.0K Heap: 317.5M(1024.0M)->271.5M(1024.0M)]
 [Times: user=0.02 sys=0.00, real=0.02 secs] 
2016-12-19T19:14:01.699+0100: 9736.569: [GC pause (G1 Evacuation Pause) (young), 0.0308880 secs]
   [Parallel Time: 30.3 ms, GC Workers: 1]
      [GC Worker Start (ms):  9736569.8]
      [Ext Root Scanning (ms):  1.6]
      [Update RS (ms):  4.9]
         [Processed Buffers:  36]
      [Scan RS (ms):  5.9]
      [Code Root Scanning (ms):  0.0]
      [Object Copy (ms):  17.6]
      [Termination (ms):  0.0]
         [Termination Attempts:  1]
      [GC Worker Other (ms):  0.0]
      [GC Worker Total (ms):  30.1]
      [GC Worker End (ms):  9736599.9]
   [Code Root Fixup: 0.0 ms]
   [Code Root Purge: 0.0 ms]
   [Clear CT: 0.0 ms]
   [Other: 0.5 ms]
      [Choose CSet: 0.0 ms]
      [Ref Proc: 0.0 ms]
      [Ref Enq: 0.0 ms]
      [Redirty Cards: 0.0 ms]
      [Humongous Register: 0.1 ms]
      [Humongous Reclaim: 0.0 ms]
      [Free CSet: 0.1 ms]
   [Eden: 46.0M(46.0M)->0.0B(47.0M) Survivors: 5120.0K->4096.0K Heap: 317.5M(1024.0M)->271.9M(1024.0M)]
 [Times: user=0.03 sys=0.00, real=0.03 secs] 
2016-12-19T19:14:30.486+0100: 9765.356: [GC pause (G1 Evacuation Pause) (young), 0.0232378 secs]
   [Parallel Time: 22.8 ms, GC Workers: 1]
      [GC Worker Start (ms):  9765356.3]
      [Ext Root Scanning (ms):  1.0]
      [Update RS (ms):  2.0]
         [Processed Buffers:  37]
      [Scan RS (ms):  4.4]
      [Code Root Scanning (ms):  0.0]
      [Object Copy (ms):  15.4]
      [Termination (ms):  0.0]
         [Termination Attempts:  1]
      [GC Worker Other (ms):  0.0]
      [GC Worker Total (ms):  22.8]
      [GC Worker End (ms):  9765379.1]
   [Code Root Fixup: 0.0 ms]
   [Code Root Purge: 0.0 ms]
   [Clear CT: 0.0 ms]
   [Other: 0.3 ms]
      [Choose CSet: 0.0 ms]
      [Ref Proc: 0.0 ms]
      [Ref Enq: 0.0 ms]
      [Redirty Cards: 0.0 ms]
      [Humongous Register: 0.0 ms]
      [Humongous Reclaim: 0.0 ms]
      [Free CSet: 0.1 ms]
   [Eden: 47.0M(47.0M)->0.0B(45.0M) Survivors: 4096.0K->6144.0K Heap: 318.9M(1024.0M)->273.4M(1024.0M)]
 [Times: user=0.03 sys=0.00, real=0.02 secs] 
2016-12-19T19:14:56.662+0100: 9791.533: [GC pause (G1 Evacuation Pause) (young), 0.0285475 secs]
   [Parallel Time: 27.8 ms, GC Workers: 1]
      [GC Worker Start (ms):  9791533.3]
      [Ext Root Scanning (ms):  1.9]
      [Update RS (ms):  3.1]
         [Processed Buffers:  35]
      [Scan RS (ms):  4.4]
      [Code Root Scanning (ms):  0.0]
      [Object Copy (ms):  18.3]
      [Termination (ms):  0.0]
         [Termination Attempts:  1]
      [GC Worker Other (ms):  0.0]
      [GC Worker Total (ms):  27.7]
      [GC Worker End (ms):  9791561.0]
   [Code Root Fixup: 0.1 ms]
   [Code Root Purge: 0.0 ms]
   [Clear CT: 0.1 ms]
   [Other: 0.7 ms]
      [Choose CSet: 0.0 ms]
      [Ref Proc: 0.0 ms]
      [Ref Enq: 0.0 ms]
      [Redirty Cards: 0.1 ms]
      [Humongous Register: 0.1 ms]
      [Humongous Reclaim: 0.0 ms]
      [Free CSet: 0.1 ms]
   [Eden: 45.0M(45.0M)->0.0B(47.0M) Survivors: 6144.0K->4096.0K Heap: 318.4M(1024.0M)->273.5M(1024.0M)]
 [Times: user=0.03 sys=0.00, real=0.02 secs] 
2016-12-19T19:15:23.836+0100: 9818.707: [GC pause (G1 Evacuation Pause) (young), 0.0275779 secs]
   [Parallel Time: 27.0 ms, GC Workers: 1]
      [GC Worker Start (ms):  9818706.7]
      [Ext Root Scanning (ms):  1.3]
      [Update RS (ms):  4.1]
         [Processed Buffers:  35]
      [Scan RS (ms):  5.6]
      [Code Root Scanning (ms):  0.0]
      [Object Copy (ms):  16.0]
      [Termination (ms):  0.0]
         [Termination Attempts:  1]
      [GC Worker Other (ms):  0.0]
      [GC Worker Total (ms):  27.0]
      [GC Worker End (ms):  9818733.7]
   [Code Root Fixup: 0.0 ms]
   [Code Root Purge: 0.0 ms]
   [Clear CT: 0.0 ms]
   [Other: 0.5 ms]
      [Choose CSet: 0.0 ms]
      [Ref Proc: 0.0 ms]
      [Ref Enq: 0.0 ms]
      [Redirty Cards: 0.0 ms]
      [Humongous Register: 0.0 ms]
      [Humongous Reclaim: 0.0 ms]
      [Free CSet: 0.1 ms]
   [Eden: 47.0M(47.0M)->0.0B(45.0M) Survivors: 4096.0K->6144.0K Heap: 320.5M(1024.0M)->275.0M(1024.0M)]
 [Times: user=0.02 sys=0.00, real=0.03 secs] 
2016-12-19T19:15:50.442+0100: 9845.313: [GC pause (G1 Evacuation Pause) (young), 0.0462871 secs]
   [Parallel Time: 45.4 ms, GC Workers: 1]
      [GC Worker Start (ms):  9845313.0]
      [Ext Root Scanning (ms):  1.6]
      [Update RS (ms):  4.3]
         [Processed Buffers:  34]
      [Scan RS (ms):  6.7]
      [Code Root Scanning (ms):  0.0]
      [Object Copy (ms):  32.8]
      [Termination (ms):  0.0]
         [Termination Attempts:  1]
      [GC Worker Other (ms):  0.0]
      [GC Worker Total (ms):  45.4]
      [GC Worker End (ms):  9845358.4]
   [Code Root Fixup: 0.1 ms]
   [Code Root Purge: 0.0 ms]
   [Clear CT: 0.0 ms]
   [Other: 0.8 ms]
      [Choose CSet: 0.0 ms]
      [Ref Proc: 0.0 ms]
      [Ref Enq: 0.0 ms]
      [Redirty Cards: 0.0 ms]
      [Humongous Register: 0.1 ms]
      [Humongous Reclaim: 0.0 ms]
      [Free CSet: 0.1 ms]
   [Eden: 45.0M(45.0M)->0.0B(47.0M) Survivors: 6144.0K->4096.0K Heap: 320.0M(1024.0M)->274.7M(1024.0M)]
 [Times: user=0.03 sys=0.00, real=0.04 secs] 
2016-12-19T19:16:17.925+0100: 9872.795: [GC pause (G1 Evacuation Pause) (young), 0.0237751 secs]
   [Parallel Time: 23.4 ms, GC Workers: 1]
      [GC Worker Start (ms):  9872795.1]
      [Ext Root Scanning (ms):  1.2]
      [Update RS (ms):  2.4]
         [Processed Buffers:  39]
      [Scan RS (ms):  4.7]
      [Code Root Scanning (ms):  0.0]
      [Object Copy (ms):  15.0]
      [Termination (ms):  0.0]
         [Termination Attempts:  1]
      [GC Worker Other (ms):  0.0]
      [GC Worker Total (ms):  23.3]
      [GC Worker End (ms):  9872818.5]
   [Code Root Fixup: 0.0 ms]
   [Code Root Purge: 0.0 ms]
   [Clear CT: 0.0 ms]
   [Other: 0.3 ms]
      [Choose CSet: 0.0 ms]
      [Ref Proc: 0.0 ms]
      [Ref Enq: 0.0 ms]
      [Redirty Cards: 0.0 ms]
      [Humongous Register: 0.0 ms]
      [Humongous Reclaim: 0.0 ms]
      [Free CSet: 0.1 ms]
   [Eden: 47.0M(47.0M)->0.0B(45.0M) Survivors: 4096.0K->6144.0K Heap: 321.7M(1024.0M)->276.2M(1024.0M)]
 [Times: user=0.03 sys=0.00, real=0.02 secs] 
2016-12-19T19:16:44.697+0100: 9899.568: [GC pause (G1 Evacuation Pause) (young), 0.0313242 secs]
   [Parallel Time: 29.2 ms, GC Workers: 1]
      [GC Worker Start (ms):  9899569.5]
      [Ext Root Scanning (ms):  2.1]
      [Update RS (ms):  3.1]
         [Processed Buffers:  33]
      [Scan RS (ms):  4.9]
      [Code Root Scanning (ms):  0.0]
      [Object Copy (ms):  19.1]
      [Termination (ms):  0.0]
         [Termination Attempts:  1]
      [GC Worker Other (ms):  0.0]
      [GC Worker Total (ms):  29.2]
      [GC Worker End (ms):  9899598.6]
   [Code Root Fixup: 0.0 ms]
   [Code Root Purge: 0.0 ms]
   [Clear CT: 0.1 ms]
   [Other: 2.0 ms]
      [Choose CSet: 0.0 ms]
      [Ref Proc: 0.0 ms]
      [Ref Enq: 0.0 ms]
      [Redirty Cards: 0.0 ms]
      [Humongous Register: 0.1 ms]
      [Humongous Reclaim: 0.0 ms]
      [Free CSet: 0.1 ms]
   [Eden: 45.0M(45.0M)->0.0B(47.0M) Survivors: 6144.0K->4096.0K Heap: 321.2M(1024.0M)->276.2M(1024.0M)]
 [Times: user=0.03 sys=0.00, real=0.03 secs] 
2016-12-19T19:17:11.673+0100: 9926.543: [GC pause (G1 Evacuation Pause) (young), 0.0230374 secs]
   [Parallel Time: 22.1 ms, GC Workers: 1]
      [GC Worker Start (ms):  9926543.2]
      [Ext Root Scanning (ms):  1.4]
      [Update RS (ms):  2.1]
         [Processed Buffers:  37]
      [Scan RS (ms):  5.3]
      [Code Root Scanning (ms):  0.0]
      [Object Copy (ms):  13.2]
      [Termination (ms):  0.0]
         [Termination Attempts:  1]
      [GC Worker Other (ms):  0.0]
      [GC Worker Total (ms):  22.1]
      [GC Worker End (ms):  9926565.2]
   [Code Root Fixup: 0.0 ms]
   [Code Root Purge: 0.0 ms]
   [Clear CT: 0.1 ms]
   [Other: 0.8 ms]
      [Choose CSet: 0.0 ms]
      [Ref Proc: 0.0 ms]
      [Ref Enq: 0.0 ms]
      [Redirty Cards: 0.0 ms]
      [Humongous Register: 0.0 ms]
      [Humongous Reclaim: 0.0 ms]
      [Free CSet: 0.1 ms]
   [Eden: 47.0M(47.0M)->0.0B(45.0M) Survivors: 4096.0K->6144.0K Heap: 323.2M(1024.0M)->277.7M(1024.0M)]
 [Times: user=0.02 sys=0.00, real=0.02 secs] 
2016-12-19T19:17:38.869+0100: 9953.739: [GC pause (G1 Evacuation Pause) (young), 0.0490374 secs]
   [Parallel Time: 48.6 ms, GC Workers: 1]
      [GC Worker Start (ms):  9953739.5]
      [Ext Root Scanning (ms):  1.2]
      [Update RS (ms):  3.9]
         [Processed Buffers:  34]
      [Scan RS (ms):  4.8]
      [Code Root Scanning (ms):  0.0]
      [Object Copy (ms):  38.6]
      [Termination (ms):  0.0]
         [Termination Attempts:  1]
      [GC Worker Other (ms):  0.0]
      [GC Worker Total (ms):  48.6]
      [GC Worker End (ms):  9953788.1]
   [Code Root Fixup: 0.0 ms]
   [Code Root Purge: 0.0 ms]
   [Clear CT: 0.0 ms]
   [Other: 0.4 ms]
      [Choose CSet: 0.0 ms]
      [Ref Proc: 0.0 ms]
      [Ref Enq: 0.0 ms]
      [Redirty Cards: 0.0 ms]
      [Humongous Register: 0.0 ms]
      [Humongous Reclaim: 0.0 ms]
      [Free CSet: 0.1 ms]
   [Eden: 45.0M(45.0M)->0.0B(46.0M) Survivors: 6144.0K->5120.0K Heap: 322.7M(1024.0M)->278.3M(1024.0M)]
 [Times: user=0.03 sys=0.01, real=0.05 secs] 
2016-12-19T19:18:04.708+0100: 9979.579: [GC pause (G1 Evacuation Pause) (young), 0.3874752 secs]
   [Parallel Time: 382.6 ms, GC Workers: 1]
      [GC Worker Start (ms):  9979579.4]
      [Ext Root Scanning (ms):  5.0]
      [Update RS (ms):  20.0]
         [Processed Buffers:  36]
      [Scan RS (ms):  12.2]
      [Code Root Scanning (ms):  0.0]
      [Object Copy (ms):  345.3]
      [Termination (ms):  0.0]
         [Termination Attempts:  1]
      [GC Worker Other (ms):  0.0]
      [GC Worker Total (ms):  382.5]
      [GC Worker End (ms):  9979962.0]
   [Code Root Fixup: 0.1 ms]
   [Code Root Purge: 0.0 ms]
   [Clear CT: 0.1 ms]
   [Other: 4.8 ms]
      [Choose CSet: 0.0 ms]
      [Ref Proc: 0.1 ms]
      [Ref Enq: 0.0 ms]
      [Redirty Cards: 0.4 ms]
      [Humongous Register: 0.1 ms]
      [Humongous Reclaim: 0.1 ms]
      [Free CSet: 0.1 ms]
   [Eden: 46.0M(46.0M)->0.0B(46.0M) Survivors: 5120.0K->5120.0K Heap: 324.3M(1024.0M)->280.0M(1024.0M)]
 [Times: user=0.14 sys=0.06, real=0.39 secs] 
2016-12-19T19:18:31.299+0100: 10006.169: [GC pause (G1 Evacuation Pause) (young), 0.0591561 secs]
   [Parallel Time: 58.3 ms, GC Workers: 1]
      [GC Worker Start (ms):  10006169.6]
      [Ext Root Scanning (ms):  3.1]
      [Update RS (ms):  5.2]
         [Processed Buffers:  37]
      [Scan RS (ms):  7.8]
      [Code Root Scanning (ms):  0.0]
      [Object Copy (ms):  42.0]
      [Termination (ms):  0.0]
         [Termination Attempts:  1]
      [GC Worker Other (ms):  0.0]
      [GC Worker Total (ms):  58.2]
      [GC Worker End (ms):  10006227.8]
   [Code Root Fixup: 0.1 ms]
   [Code Root Purge: 0.0 ms]
   [Clear CT: 0.1 ms]
   [Other: 0.7 ms]
      [Choose CSet: 0.0 ms]
      [Ref Proc: 0.2 ms]
      [Ref Enq: 0.0 ms]
      [Redirty Cards: 0.1 ms]
      [Humongous Register: 0.1 ms]
      [Humongous Reclaim: 0.0 ms]
      [Free CSet: 0.1 ms]
   [Eden: 46.0M(46.0M)->0.0B(46.0M) Survivors: 5120.0K->5120.0K Heap: 326.0M(1024.0M)->280.5M(1024.0M)]
 [Times: user=0.04 sys=0.00, real=0.06 secs] 
2016-12-19T19:18:57.740+0100: 10032.611: [GC pause (G1 Evacuation Pause) (young), 0.0402817 secs]
   [Parallel Time: 39.3 ms, GC Workers: 1]
      [GC Worker Start (ms):  10032610.8]
      [Ext Root Scanning (ms):  2.1]
      [Update RS (ms):  4.5]
         [Processed Buffers:  37]
      [Scan RS (ms):  4.8]
      [Code Root Scanning (ms):  0.0]
      [Object Copy (ms):  28.0]
      [Termination (ms):  0.0]
         [Termination Attempts:  1]
      [GC Worker Other (ms):  0.0]
      [GC Worker Total (ms):  39.3]
      [GC Worker End (ms):  10032650.0]
   [Code Root Fixup: 0.0 ms]
   [Code Root Purge: 0.0 ms]
   [Clear CT: 0.0 ms]
   [Other: 0.9 ms]
      [Choose CSet: 0.0 ms]
      [Ref Proc: 0.0 ms]
      [Ref Enq: 0.0 ms]
      [Redirty Cards: 0.0 ms]
      [Humongous Register: 0.0 ms]
      [Humongous Reclaim: 0.0 ms]
      [Free CSet: 0.1 ms]
   [Eden: 46.0M(46.0M)->0.0B(46.0M) Survivors: 5120.0K->5120.0K Heap: 326.5M(1024.0M)->282.0M(1024.0M)]
 [Times: user=0.02 sys=0.00, real=0.04 secs] 
2016-12-19T19:19:25.464+0100: 10060.335: [GC pause (G1 Evacuation Pause) (young), 0.0261467 secs]
   [Parallel Time: 25.6 ms, GC Workers: 1]
      [GC Worker Start (ms):  10060334.9]
      [Ext Root Scanning (ms):  0.9]
      [Update RS (ms):  2.4]
         [Processed Buffers:  38]
      [Scan RS (ms):  8.3]
      [Code Root Scanning (ms):  0.0]
      [Object Copy (ms):  13.9]
      [Termination (ms):  0.0]
         [Termination Attempts:  1]
      [GC Worker Other (ms):  0.0]
      [GC Worker Total (ms):  25.5]
      [GC Worker End (ms):  10060360.4]
   [Code Root Fixup: 0.1 ms]
   [Code Root Purge: 0.0 ms]
   [Clear CT: 0.1 ms]
   [Other: 0.5 ms]
      [Choose CSet: 0.0 ms]
      [Ref Proc: 0.0 ms]
      [Ref Enq: 0.0 ms]
      [Redirty Cards: 0.0 ms]
      [Humongous Register: 0.0 ms]
      [Humongous Reclaim: 0.0 ms]
      [Free CSet: 0.1 ms]
   [Eden: 46.0M(46.0M)->0.0B(46.0M) Survivors: 5120.0K->5120.0K Heap: 328.0M(1024.0M)->282.5M(1024.0M)]
 [Times: user=0.02 sys=0.00, real=0.02 secs] 
2016-12-19T19:19:53.316+0100: 10088.186: [GC pause (G1 Evacuation Pause) (young), 0.0627738 secs]
   [Parallel Time: 61.7 ms, GC Workers: 1]
      [GC Worker Start (ms):  10088186.3]
      [Ext Root Scanning (ms):  1.4]
      [Update RS (ms):  4.0]
         [Processed Buffers:  38]
      [Scan RS (ms):  10.8]
      [Code Root Scanning (ms):  0.0]
      [Object Copy (ms):  45.3]
      [Termination (ms):  0.0]
         [Termination Attempts:  1]
      [GC Worker Other (ms):  0.0]
      [GC Worker Total (ms):  61.7]
      [GC Worker End (ms):  10088248.0]
   [Code Root Fixup: 0.1 ms]
   [Code Root Purge: 0.0 ms]
   [Clear CT: 0.2 ms]
   [Other: 0.8 ms]
      [Choose CSet: 0.0 ms]
      [Ref Proc: 0.1 ms]
      [Ref Enq: 0.0 ms]
      [Redirty Cards: 0.1 ms]
      [Humongous Register: 0.1 ms]
      [Humongous Reclaim: 0.0 ms]
      [Free CSet: 0.2 ms]
   [Eden: 46.0M(46.0M)->0.0B(46.0M) Survivors: 5120.0K->5120.0K Heap: 328.5M(1024.0M)->284.0M(1024.0M)]
 [Times: user=0.06 sys=0.00, real=0.06 secs] 
2016-12-19T19:20:20.587+0100: 10115.457: [GC pause (G1 Evacuation Pause) (young), 0.0483187 secs]
   [Parallel Time: 47.9 ms, GC Workers: 1]
      [GC Worker Start (ms):  10115457.1]
      [Ext Root Scanning (ms):  3.5]
      [Update RS (ms):  16.0]
         [Processed Buffers:  39]
      [Scan RS (ms):  9.5]
      [Code Root Scanning (ms):  0.0]
      [Object Copy (ms):  18.8]
      [Termination (ms):  0.0]
         [Termination Attempts:  1]
      [GC Worker Other (ms):  0.0]
      [GC Worker Total (ms):  47.8]
      [GC Worker End (ms):  10115504.9]
   [Code Root Fixup: 0.0 ms]
   [Code Root Purge: 0.0 ms]
   [Clear CT: 0.0 ms]
   [Other: 0.4 ms]
      [Choose CSet: 0.0 ms]
      [Ref Proc: 0.0 ms]
      [Ref Enq: 0.0 ms]
      [Redirty Cards: 0.0 ms]
      [Humongous Register: 0.0 ms]
      [Humongous Reclaim: 0.0 ms]
      [Free CSet: 0.1 ms]
   [Eden: 46.0M(46.0M)->0.0B(46.0M) Survivors: 5120.0K->5120.0K Heap: 330.0M(1024.0M)->284.5M(1024.0M)]
 [Times: user=0.04 sys=0.00, real=0.05 secs] 
2016-12-19T19:20:47.081+0100: 10141.952: [GC pause (G1 Evacuation Pause) (young), 0.0326434 secs]
   [Parallel Time: 32.0 ms, GC Workers: 1]
      [GC Worker Start (ms):  10141951.6]
      [Ext Root Scanning (ms):  1.0]
      [Update RS (ms):  5.1]
         [Processed Buffers:  38]
      [Scan RS (ms):  6.0]
      [Code Root Scanning (ms):  0.0]
      [Object Copy (ms):  19.9]
      [Termination (ms):  0.0]
         [Termination Attempts:  1]
      [GC Worker Other (ms):  0.0]
      [GC Worker Total (ms):  32.0]
      [GC Worker End (ms):  10141983.6]
   [Code Root Fixup: 0.1 ms]
   [Code Root Purge: 0.0 ms]
   [Clear CT: 0.1 ms]
   [Other: 0.5 ms]
      [Choose CSet: 0.0 ms]
      [Ref Proc: 0.0 ms]
      [Ref Enq: 0.0 ms]
      [Redirty Cards: 0.1 ms]
      [Humongous Register: 0.0 ms]
      [Humongous Reclaim: 0.1 ms]
      [Free CSet: 0.1 ms]
   [Eden: 46.0M(46.0M)->0.0B(46.0M) Survivors: 5120.0K->5120.0K Heap: 330.5M(1024.0M)->286.0M(1024.0M)]
 [Times: user=0.03 sys=0.00, real=0.03 secs] 
2016-12-19T19:21:15.209+0100: 10170.080: [GC pause (G1 Evacuation Pause) (young), 0.0243112 secs]
   [Parallel Time: 23.8 ms, GC Workers: 1]
      [GC Worker Start (ms):  10170079.9]
      [Ext Root Scanning (ms):  1.1]
      [Update RS (ms):  2.7]
         [Processed Buffers:  37]
      [Scan RS (ms):  6.5]
      [Code Root Scanning (ms):  0.0]
      [Object Copy (ms):  13.4]
      [Termination (ms):  0.0]
         [Termination Attempts:  1]
      [GC Worker Other (ms):  0.0]
      [GC Worker Total (ms):  23.8]
      [GC Worker End (ms):  10170103.6]
   [Code Root Fixup: 0.0 ms]
   [Code Root Purge: 0.0 ms]
   [Clear CT: 0.0 ms]
   [Other: 0.4 ms]
      [Choose CSet: 0.0 ms]
      [Ref Proc: 0.0 ms]
      [Ref Enq: 0.0 ms]
      [Redirty Cards: 0.0 ms]
      [Humongous Register: 0.1 ms]
      [Humongous Reclaim: 0.0 ms]
      [Free CSet: 0.1 ms]
   [Eden: 46.0M(46.0M)->0.0B(46.0M) Survivors: 5120.0K->5120.0K Heap: 332.0M(1024.0M)->286.5M(1024.0M)]
 [Times: user=0.03 sys=0.00, real=0.03 secs] 
2016-12-19T19:21:43.855+0100: 10198.725: [GC pause (G1 Evacuation Pause) (young), 0.0443231 secs]
   [Parallel Time: 42.5 ms, GC Workers: 1]
      [GC Worker Start (ms):  10198725.4]
      [Ext Root Scanning (ms):  1.6]
      [Update RS (ms):  4.3]
         [Processed Buffers:  38]
      [Scan RS (ms):  9.7]
      [Code Root Scanning (ms):  0.0]
      [Object Copy (ms):  26.8]
      [Termination (ms):  0.0]
         [Termination Attempts:  1]
      [GC Worker Other (ms):  0.0]
      [GC Worker Total (ms):  42.4]
      [GC Worker End (ms):  10198767.8]
   [Code Root Fixup: 0.1 ms]
   [Code Root Purge: 0.0 ms]
   [Clear CT: 0.1 ms]
   [Other: 1.7 ms]
      [Choose CSet: 0.0 ms]
      [Ref Proc: 0.1 ms]
      [Ref Enq: 0.0 ms]
      [Redirty Cards: 0.1 ms]
      [Humongous Register: 0.1 ms]
      [Humongous Reclaim: 0.1 ms]
      [Free CSet: 0.1 ms]
   [Eden: 46.0M(46.0M)->0.0B(46.0M) Survivors: 5120.0K->5120.0K Heap: 332.5M(1024.0M)->288.0M(1024.0M)]
 [Times: user=0.03 sys=0.00, real=0.04 secs] 
2016-12-19T19:22:09.660+0100: 10224.530: [GC pause (G1 Evacuation Pause) (young), 0.0529607 secs]
   [Parallel Time: 51.7 ms, GC Workers: 1]
      [GC Worker Start (ms):  10224530.5]
      [Ext Root Scanning (ms):  1.6]
      [Update RS (ms):  11.7]
         [Processed Buffers:  56]
      [Scan RS (ms):  1.3]
      [Code Root Scanning (ms):  0.0]
      [Object Copy (ms):  37.1]
      [Termination (ms):  0.0]
         [Termination Attempts:  1]
      [GC Worker Other (ms):  0.0]
      [GC Worker Total (ms):  51.7]
      [GC Worker End (ms):  10224582.2]
   [Code Root Fixup: 0.0 ms]
   [Code Root Purge: 0.0 ms]
   [Clear CT: 0.0 ms]
   [Other: 1.1 ms]
      [Choose CSet: 0.0 ms]
      [Ref Proc: 0.0 ms]
      [Ref Enq: 0.0 ms]
      [Redirty Cards: 0.0 ms]
      [Humongous Register: 0.1 ms]
      [Humongous Reclaim: 0.0 ms]
      [Free CSet: 0.0 ms]
   [Eden: 46.0M(46.0M)->0.0B(47.0M) Survivors: 5120.0K->4096.0K Heap: 334.0M(1024.0M)->288.5M(1024.0M)]
 [Times: user=0.03 sys=0.00, real=0.06 secs] 
2016-12-19T19:22:36.537+0100: 10251.408: [GC pause (G1 Evacuation Pause) (young), 0.0271792 secs]
   [Parallel Time: 26.6 ms, GC Workers: 1]
      [GC Worker Start (ms):  10251407.9]
      [Ext Root Scanning (ms):  1.2]
      [Update RS (ms):  4.3]
         [Processed Buffers:  37]
      [Scan RS (ms):  7.2]
      [Code Root Scanning (ms):  0.0]
      [Object Copy (ms):  13.8]
      [Termination (ms):  0.0]
         [Termination Attempts:  1]
      [GC Worker Other (ms):  0.0]
      [GC Worker Total (ms):  26.6]
      [GC Worker End (ms):  10251434.5]
   [Code Root Fixup: 0.0 ms]
   [Code Root Purge: 0.0 ms]
   [Clear CT: 0.0 ms]
   [Other: 0.5 ms]
      [Choose CSet: 0.0 ms]
      [Ref Proc: 0.0 ms]
      [Ref Enq: 0.0 ms]
      [Redirty Cards: 0.0 ms]
      [Humongous Register: 0.0 ms]
      [Humongous Reclaim: 0.0 ms]
      [Free CSet: 0.1 ms]
   [Eden: 47.0M(47.0M)->0.0B(46.0M) Survivors: 4096.0K->5120.0K Heap: 335.5M(1024.0M)->289.5M(1024.0M)]
 [Times: user=0.02 sys=0.00, real=0.03 secs] 
2016-12-19T20:39:55.156+0100: 10260.415: [GC pause (G1 Evacuation Pause) (young), 0.1161548 secs]
   [Parallel Time: 113.5 ms, GC Workers: 1]
      [GC Worker Start (ms):  10260415.6]
      [Ext Root Scanning (ms):  2.8]
      [Update RS (ms):  11.6]
         [Processed Buffers:  37]
      [Scan RS (ms):  15.0]
      [Code Root Scanning (ms):  0.0]
      [Object Copy (ms):  84.1]
      [Termination (ms):  0.0]
         [Termination Attempts:  1]
      [GC Worker Other (ms):  0.0]
      [GC Worker Total (ms):  113.5]
      [GC Worker End (ms):  10260529.1]
   [Code Root Fixup: 0.1 ms]
   [Code Root Purge: 0.0 ms]
   [Clear CT: 0.1 ms]
   [Other: 2.5 ms]
      [Choose CSet: 0.0 ms]
      [Ref Proc: 0.1 ms]
      [Ref Enq: 0.0 ms]
      [Redirty Cards: 0.1 ms]
      [Humongous Register: 0.1 ms]
      [Humongous Reclaim: 0.0 ms]
      [Free CSet: 0.1 ms]
   [Eden: 46.0M(46.0M)->0.0B(47.0M) Survivors: 5120.0K->4096.0K Heap: 335.5M(1024.0M)->289.8M(1024.0M)]
 [Times: user=0.04 sys=0.01, real=0.12 secs] 
2016-12-19T20:40:03.043+0100: 10268.303: [GC pause (G1 Evacuation Pause) (young), 0.0570517 secs]
   [Parallel Time: 56.5 ms, GC Workers: 1]
      [GC Worker Start (ms):  10268302.8]
      [Ext Root Scanning (ms):  1.2]
      [Update RS (ms):  9.7]
         [Processed Buffers:  37]
      [Scan RS (ms):  17.2]
      [Code Root Scanning (ms):  0.0]
      [Object Copy (ms):  25.4]
      [Termination (ms):  0.0]
         [Termination Attempts:  1]
      [GC Worker Other (ms):  0.0]
      [GC Worker Total (ms):  53.5]
      [GC Worker End (ms):  10268356.3]
   [Code Root Fixup: 0.0 ms]
   [Code Root Purge: 0.0 ms]
   [Clear CT: 0.1 ms]
   [Other: 0.4 ms]
      [Choose CSet: 0.0 ms]
      [Ref Proc: 0.0 ms]
      [Ref Enq: 0.0 ms]
      [Redirty Cards: 0.0 ms]
      [Humongous Register: 0.1 ms]
      [Humongous Reclaim: 0.0 ms]
      [Free CSet: 0.1 ms]
   [Eden: 47.0M(47.0M)->0.0B(46.0M) Survivors: 4096.0K->5120.0K Heap: 336.8M(1024.0M)->290.8M(1024.0M)]
 [Times: user=0.03 sys=0.00, real=0.05 secs] 
2016-12-19T20:40:09.530+0100: 10274.789: [GC pause (G1 Evacuation Pause) (young), 0.0759257 secs]
   [Parallel Time: 73.1 ms, GC Workers: 1]
      [GC Worker Start (ms):  10274791.1]
      [Ext Root Scanning (ms):  11.5]
      [Update RS (ms):  7.0]
         [Processed Buffers:  34]
      [Scan RS (ms):  11.4]
      [Code Root Scanning (ms):  0.0]
      [Object Copy (ms):  41.5]
      [Termination (ms):  0.0]
         [Termination Attempts:  1]
      [GC Worker Other (ms):  0.0]
      [GC Worker Total (ms):  71.4]
      [GC Worker End (ms):  10274862.6]
   [Code Root Fixup: 0.0 ms]
   [Code Root Purge: 0.0 ms]
   [Clear CT: 2.1 ms]
   [Other: 0.7 ms]
      [Choose CSet: 0.0 ms]
      [Ref Proc: 0.0 ms]
      [Ref Enq: 0.0 ms]
      [Redirty Cards: 0.1 ms]
      [Humongous Register: 0.1 ms]
      [Humongous Reclaim: 0.0 ms]
      [Free CSet: 0.1 ms]
   [Eden: 46.0M(46.0M)->0.0B(46.0M) Survivors: 5120.0K->5120.0K Heap: 336.8M(1024.0M)->291.8M(1024.0M)]
 [Times: user=0.04 sys=0.00, real=0.08 secs] 
2016-12-19T20:40:16.921+0100: 10282.181: [GC pause (G1 Evacuation Pause) (young), 0.0770540 secs]
   [Parallel Time: 75.3 ms, GC Workers: 1]
      [GC Worker Start (ms):  10282181.1]
      [Ext Root Scanning (ms):  3.0]
      [Update RS (ms):  13.9]
         [Processed Buffers:  34]
      [Scan RS (ms):  14.7]
      [Code Root Scanning (ms):  0.0]
      [Object Copy (ms):  43.6]
      [Termination (ms):  0.0]
         [Termination Attempts:  1]
      [GC Worker Other (ms):  0.0]
      [GC Worker Total (ms):  75.3]
      [GC Worker End (ms):  10282256.4]
   [Code Root Fixup: 0.1 ms]
   [Code Root Purge: 0.0 ms]
   [Clear CT: 0.2 ms]
   [Other: 1.5 ms]
      [Choose CSet: 0.0 ms]
      [Ref Proc: 0.0 ms]
      [Ref Enq: 0.0 ms]
      [Redirty Cards: 0.1 ms]
      [Humongous Register: 0.1 ms]
      [Humongous Reclaim: 0.0 ms]
      [Free CSet: 0.2 ms]
   [Eden: 46.0M(46.0M)->0.0B(46.0M) Survivors: 5120.0K->5120.0K Heap: 337.8M(1024.0M)->293.0M(1024.0M)]
 [Times: user=0.04 sys=0.00, real=0.08 secs] 
2016-12-19T20:40:27.673+0100: 10292.933: [GC pause (G1 Evacuation Pause) (young), 0.0628588 secs]
   [Parallel Time: 60.9 ms, GC Workers: 1]
      [GC Worker Start (ms):  10292932.7]
      [Ext Root Scanning (ms):  1.4]
      [Update RS (ms):  5.8]
         [Processed Buffers:  36]
      [Scan RS (ms):  9.7]
      [Code Root Scanning (ms):  0.0]
      [Object Copy (ms):  44.0]
      [Termination (ms):  0.0]
         [Termination Attempts:  1]
      [GC Worker Other (ms):  0.0]
      [GC Worker Total (ms):  60.8]
      [GC Worker End (ms):  10292993.5]
   [Code Root Fixup: 0.2 ms]
   [Code Root Purge: 0.0 ms]
   [Clear CT: 0.1 ms]
   [Other: 1.6 ms]
      [Choose CSet: 0.0 ms]
      [Ref Proc: 0.1 ms]
      [Ref Enq: 0.0 ms]
      [Redirty Cards: 0.1 ms]
      [Humongous Register: 0.1 ms]
      [Humongous Reclaim: 0.1 ms]
      [Free CSet: 0.1 ms]
   [Eden: 46.0M(46.0M)->0.0B(47.0M) Survivors: 5120.0K->4096.0K Heap: 339.0M(1024.0M)->293.0M(1024.0M)]
 [Times: user=0.04 sys=0.00, real=0.06 secs] 
2016-12-19T20:40:54.903+0100: 10320.163: [GC pause (G1 Evacuation Pause) (young), 0.0534106 secs]
   [Parallel Time: 52.3 ms, GC Workers: 1]
      [GC Worker Start (ms):  10320163.2]
      [Ext Root Scanning (ms):  2.4]
      [Update RS (ms):  3.9]
         [Processed Buffers:  37]
      [Scan RS (ms):  7.3]
      [Code Root Scanning (ms):  0.0]
      [Object Copy (ms):  38.5]
      [Termination (ms):  0.0]
         [Termination Attempts:  1]
      [GC Worker Other (ms):  0.1]
      [GC Worker Total (ms):  52.2]
      [GC Worker End (ms):  10320215.4]
   [Code Root Fixup: 0.1 ms]
   [Code Root Purge: 0.0 ms]
   [Clear CT: 0.1 ms]
   [Other: 1.0 ms]
      [Choose CSet: 0.0 ms]
      [Ref Proc: 0.1 ms]
      [Ref Enq: 0.0 ms]
      [Redirty Cards: 0.0 ms]
      [Humongous Register: 0.4 ms]
      [Humongous Reclaim: 0.0 ms]
      [Free CSet: 0.1 ms]
   [Eden: 47.0M(47.0M)->0.0B(46.0M) Survivors: 4096.0K->5120.0K Heap: 340.0M(1024.0M)->294.5M(1024.0M)]
 [Times: user=0.06 sys=0.00, real=0.05 secs] 
2016-12-19T20:41:21.895+0100: 10347.155: [GC pause (G1 Evacuation Pause) (young), 0.0478216 secs]
   [Parallel Time: 47.0 ms, GC Workers: 1]
      [GC Worker Start (ms):  10347154.9]
      [Ext Root Scanning (ms):  1.4]
      [Update RS (ms):  3.5]
         [Processed Buffers:  37]
      [Scan RS (ms):  4.9]
      [Code Root Scanning (ms):  0.0]
      [Object Copy (ms):  37.2]
      [Termination (ms):  0.0]
         [Termination Attempts:  1]
      [GC Worker Other (ms):  0.0]
      [GC Worker Total (ms):  47.0]
      [GC Worker End (ms):  10347201.9]
   [Code Root Fixup: 0.0 ms]
   [Code Root Purge: 0.0 ms]
   [Clear CT: 0.1 ms]
   [Other: 0.7 ms]
      [Choose CSet: 0.0 ms]
      [Ref Proc: 0.0 ms]
      [Ref Enq: 0.0 ms]
      [Redirty Cards: 0.0 ms]
      [Humongous Register: 0.0 ms]
      [Humongous Reclaim: 0.0 ms]
      [Free CSet: 0.1 ms]
   [Eden: 46.0M(46.0M)->0.0B(47.0M) Survivors: 5120.0K->4096.0K Heap: 340.5M(1024.0M)->294.6M(1024.0M)]
 [Times: user=0.01 sys=0.01, real=0.05 secs] 
2016-12-19T20:41:48.616+0100: 10373.876: [GC pause (G1 Evacuation Pause) (young), 0.0313522 secs]
   [Parallel Time: 28.8 ms, GC Workers: 1]
      [GC Worker Start (ms):  10373876.0]
      [Ext Root Scanning (ms):  1.0]
      [Update RS (ms):  2.9]
         [Processed Buffers:  38]
      [Scan RS (ms):  8.0]
      [Code Root Scanning (ms):  0.0]
      [Object Copy (ms):  16.8]
      [Termination (ms):  0.0]
         [Termination Attempts:  1]
      [GC Worker Other (ms):  0.0]
      [GC Worker Total (ms):  28.7]
      [GC Worker End (ms):  10373904.7]
   [Code Root Fixup: 0.1 ms]
   [Code Root Purge: 0.0 ms]
   [Clear CT: 0.1 ms]
   [Other: 2.4 ms]
      [Choose CSet: 0.0 ms]
      [Ref Proc: 1.9 ms]
      [Ref Enq: 0.0 ms]
      [Redirty Cards: 0.1 ms]
      [Humongous Register: 0.0 ms]
      [Humongous Reclaim: 0.0 ms]
      [Free CSet: 0.1 ms]
   [Eden: 47.0M(47.0M)->0.0B(46.0M) Survivors: 4096.0K->5120.0K Heap: 341.6M(1024.0M)->295.6M(1024.0M)]
 [Times: user=0.03 sys=0.00, real=0.03 secs] 
2016-12-19T20:42:15.133+0100: 10400.393: [GC pause (G1 Evacuation Pause) (young), 0.0656769 secs]
   [Parallel Time: 64.6 ms, GC Workers: 1]
      [GC Worker Start (ms):  10400392.8]
      [Ext Root Scanning (ms):  1.2]
      [Update RS (ms):  3.0]
         [Processed Buffers:  37]
      [Scan RS (ms):  7.5]
      [Code Root Scanning (ms):  0.0]
      [Object Copy (ms):  53.0]
      [Termination (ms):  0.0]
         [Termination Attempts:  1]
      [GC Worker Other (ms):  0.0]
      [GC Worker Total (ms):  64.6]
      [GC Worker End (ms):  10400457.4]
   [Code Root Fixup: 0.0 ms]
   [Code Root Purge: 0.0 ms]
   [Clear CT: 0.1 ms]
   [Other: 0.9 ms]
      [Choose CSet: 0.0 ms]
      [Ref Proc: 0.0 ms]
      [Ref Enq: 0.0 ms]
      [Redirty Cards: 0.0 ms]
      [Humongous Register: 0.0 ms]
      [Humongous Reclaim: 0.0 ms]
      [Free CSet: 0.1 ms]
   [Eden: 46.0M(46.0M)->0.0B(47.0M) Survivors: 5120.0K->4096.0K Heap: 341.6M(1024.0M)->296.4M(1024.0M)]
 [Times: user=0.02 sys=0.02, real=0.06 secs] 
2016-12-19T20:42:43.069+0100: 10428.329: [GC pause (G1 Evacuation Pause) (young), 0.0685208 secs]
   [Parallel Time: 67.9 ms, GC Workers: 1]
      [GC Worker Start (ms):  10428328.9]
      [Ext Root Scanning (ms):  1.7]
      [Update RS (ms):  3.9]
         [Processed Buffers:  38]
      [Scan RS (ms):  29.7]
      [Code Root Scanning (ms):  0.0]
      [Object Copy (ms):  32.6]
      [Termination (ms):  0.0]
         [Termination Attempts:  1]
      [GC Worker Other (ms):  0.0]
      [GC Worker Total (ms):  67.9]
      [GC Worker End (ms):  10428396.8]
   [Code Root Fixup: 0.0 ms]
   [Code Root Purge: 0.0 ms]
   [Clear CT: 0.1 ms]
   [Other: 0.5 ms]
      [Choose CSet: 0.0 ms]
      [Ref Proc: 0.0 ms]
      [Ref Enq: 0.0 ms]
      [Redirty Cards: 0.0 ms]
      [Humongous Register: 0.1 ms]
      [Humongous Reclaim: 0.0 ms]
      [Free CSet: 0.1 ms]
   [Eden: 47.0M(47.0M)->0.0B(46.0M) Survivors: 4096.0K->5120.0K Heap: 343.4M(1024.0M)->297.4M(1024.0M)]
 [Times: user=0.06 sys=0.00, real=0.07 secs] 
2016-12-19T20:43:10.013+0100: 10455.272: [GC pause (G1 Evacuation Pause) (young), 0.0421729 secs]
   [Parallel Time: 41.3 ms, GC Workers: 1]
      [GC Worker Start (ms):  10455272.5]
      [Ext Root Scanning (ms):  1.3]
      [Update RS (ms):  3.4]
         [Processed Buffers:  39]
      [Scan RS (ms):  5.2]
      [Code Root Scanning (ms):  0.0]
      [Object Copy (ms):  31.4]
      [Termination (ms):  0.0]
         [Termination Attempts:  1]
      [GC Worker Other (ms):  0.0]
      [GC Worker Total (ms):  41.3]
      [GC Worker End (ms):  10455313.8]
   [Code Root Fixup: 0.2 ms]
   [Code Root Purge: 0.0 ms]
   [Clear CT: 0.1 ms]
   [Other: 0.6 ms]
      [Choose CSet: 0.0 ms]
      [Ref Proc: 0.0 ms]
      [Ref Enq: 0.0 ms]
      [Redirty Cards: 0.1 ms]
      [Humongous Register: 0.1 ms]
      [Humongous Reclaim: 0.0 ms]
      [Free CSet: 0.1 ms]
   [Eden: 46.0M(46.0M)->0.0B(47.0M) Survivors: 5120.0K->4096.0K Heap: 343.4M(1024.0M)->297.9M(1024.0M)]
 [Times: user=0.04 sys=0.00, real=0.04 secs] 
2016-12-19T20:43:38.700+0100: 10483.960: [GC pause (G1 Evacuation Pause) (young), 0.0284882 secs]
   [Parallel Time: 27.9 ms, GC Workers: 1]
      [GC Worker Start (ms):  10483960.1]
      [Ext Root Scanning (ms):  2.4]
      [Update RS (ms):  3.3]
         [Processed Buffers:  37]
      [Scan RS (ms):  5.4]
      [Code Root Scanning (ms):  0.0]
      [Object Copy (ms):  16.7]
      [Termination (ms):  0.0]
         [Termination Attempts:  1]
      [GC Worker Other (ms):  0.0]
      [GC Worker Total (ms):  27.9]
      [GC Worker End (ms):  10483987.9]
   [Code Root Fixup: 0.0 ms]
   [Code Root Purge: 0.0 ms]
   [Clear CT: 0.0 ms]
   [Other: 0.5 ms]
      [Choose CSet: 0.0 ms]
      [Ref Proc: 0.0 ms]
      [Ref Enq: 0.0 ms]
      [Redirty Cards: 0.0 ms]
      [Humongous Register: 0.1 ms]
      [Humongous Reclaim: 0.0 ms]
      [Free CSet: 0.1 ms]
   [Eden: 47.0M(47.0M)->0.0B(46.0M) Survivors: 4096.0K->5120.0K Heap: 344.9M(1024.0M)->298.9M(1024.0M)]
 [Times: user=0.03 sys=0.00, real=0.03 secs] 
2016-12-19T20:44:05.340+0100: 10510.600: [GC pause (G1 Evacuation Pause) (young), 0.0446419 secs]
   [Parallel Time: 43.7 ms, GC Workers: 1]
      [GC Worker Start (ms):  10510599.9]
      [Ext Root Scanning (ms):  1.6]
      [Update RS (ms):  4.7]
         [Processed Buffers:  38]
      [Scan RS (ms):  6.1]
      [Code Root Scanning (ms):  0.0]
      [Object Copy (ms):  31.3]
      [Termination (ms):  0.0]
         [Termination Attempts:  1]
      [GC Worker Other (ms):  0.0]
      [GC Worker Total (ms):  43.7]
      [GC Worker End (ms):  10510643.6]
   [Code Root Fixup: 0.1 ms]
   [Code Root Purge: 0.0 ms]
   [Clear CT: 0.0 ms]
   [Other: 0.8 ms]
      [Choose CSet: 0.0 ms]
      [Ref Proc: 0.0 ms]
      [Ref Enq: 0.0 ms]
      [Redirty Cards: 0.1 ms]
      [Humongous Register: 0.1 ms]
      [Humongous Reclaim: 0.0 ms]
      [Free CSet: 0.1 ms]
   [Eden: 46.0M(46.0M)->0.0B(47.0M) Survivors: 5120.0K->4096.0K Heap: 344.9M(1024.0M)->299.5M(1024.0M)]
 [Times: user=0.02 sys=0.01, real=0.05 secs] 
2016-12-19T20:44:32.976+0100: 10538.235: [GC pause (G1 Evacuation Pause) (young), 0.0210929 secs]
   [Parallel Time: 20.6 ms, GC Workers: 1]
      [GC Worker Start (ms):  10538235.4]
      [Ext Root Scanning (ms):  0.9]
      [Update RS (ms):  3.3]
         [Processed Buffers:  39]
      [Scan RS (ms):  5.0]
      [Code Root Scanning (ms):  0.0]
      [Object Copy (ms):  11.4]
      [Termination (ms):  0.0]
         [Termination Attempts:  1]
      [GC Worker Other (ms):  0.0]
      [GC Worker Total (ms):  20.6]
      [GC Worker End (ms):  10538256.0]
   [Code Root Fixup: 0.0 ms]
   [Code Root Purge: 0.0 ms]
   [Clear CT: 0.0 ms]
   [Other: 0.4 ms]
      [Choose CSet: 0.0 ms]
      [Ref Proc: 0.0 ms]
      [Ref Enq: 0.0 ms]
      [Redirty Cards: 0.0 ms]
      [Humongous Register: 0.0 ms]
      [Humongous Reclaim: 0.0 ms]
      [Free CSet: 0.1 ms]
   [Eden: 47.0M(47.0M)->0.0B(47.0M) Survivors: 4096.0K->4096.0K Heap: 346.5M(1024.0M)->299.5M(1024.0M)]
 [Times: user=0.02 sys=0.00, real=0.02 secs] 
2016-12-19T20:44:59.163+0100: 10564.423: [GC pause (G1 Evacuation Pause) (young), 0.0280489 secs]
   [Parallel Time: 27.5 ms, GC Workers: 1]
      [GC Worker Start (ms):  10564423.2]
      [Ext Root Scanning (ms):  1.8]
      [Update RS (ms):  3.4]
         [Processed Buffers:  41]
      [Scan RS (ms):  5.6]
      [Code Root Scanning (ms):  0.0]
      [Object Copy (ms):  16.6]
      [Termination (ms):  0.0]
         [Termination Attempts:  1]
      [GC Worker Other (ms):  0.0]
      [GC Worker Total (ms):  27.5]
      [GC Worker End (ms):  10564450.7]
   [Code Root Fixup: 0.0 ms]
   [Code Root Purge: 0.0 ms]
   [Clear CT: 0.1 ms]
   [Other: 0.4 ms]
      [Choose CSet: 0.0 ms]
      [Ref Proc: 0.0 ms]
      [Ref Enq: 0.0 ms]
      [Redirty Cards: 0.0 ms]
      [Humongous Register: 0.0 ms]
      [Humongous Reclaim: 0.0 ms]
      [Free CSet: 0.1 ms]
   [Eden: 47.0M(47.0M)->0.0B(45.0M) Survivors: 4096.0K->6144.0K Heap: 346.5M(1024.0M)->301.0M(1024.0M)]
 [Times: user=0.02 sys=0.00, real=0.03 secs] 
2016-12-19T20:45:02.034+0100: 10567.294: [GC pause (G1 Evacuation Pause) (young), 0.1803318 secs]
   [Parallel Time: 179.7 ms, GC Workers: 1]
      [GC Worker Start (ms):  10567294.1]
      [Ext Root Scanning (ms):  2.7]
      [Update RS (ms):  6.4]
         [Processed Buffers:  35]
      [Scan RS (ms):  14.1]
      [Code Root Scanning (ms):  0.1]
      [Object Copy (ms):  156.4]
      [Termination (ms):  0.0]
         [Termination Attempts:  1]
      [GC Worker Other (ms):  0.0]
      [GC Worker Total (ms):  179.6]
      [GC Worker End (ms):  10567473.7]
   [Code Root Fixup: 0.1 ms]
   [Code Root Purge: 0.0 ms]
   [Clear CT: 0.1 ms]
   [Other: 0.6 ms]
      [Choose CSet: 0.0 ms]
      [Ref Proc: 0.0 ms]
      [Ref Enq: 0.0 ms]
      [Redirty Cards: 0.1 ms]
      [Humongous Register: 0.1 ms]
      [Humongous Reclaim: 0.0 ms]
      [Free CSet: 0.1 ms]
   [Eden: 45.0M(45.0M)->0.0B(46.0M) Survivors: 6144.0K->5120.0K Heap: 346.0M(1024.0M)->301.3M(1024.0M)]
 [Times: user=0.06 sys=0.01, real=0.18 secs] 
2016-12-19T20:45:08.554+0100: 10573.814: [GC pause (G1 Evacuation Pause) (young), 0.0956332 secs]
   [Parallel Time: 93.0 ms, GC Workers: 1]
      [GC Worker Start (ms):  10573813.8]
      [Ext Root Scanning (ms):  2.5]
      [Update RS (ms):  4.4]
         [Processed Buffers:  36]
      [Scan RS (ms):  6.7]
      [Code Root Scanning (ms):  0.0]
      [Object Copy (ms):  79.3]
      [Termination (ms):  0.0]
         [Termination Attempts:  1]
      [GC Worker Other (ms):  0.0]
      [GC Worker Total (ms):  93.0]
      [GC Worker End (ms):  10573906.7]
   [Code Root Fixup: 0.1 ms]
   [Code Root Purge: 0.0 ms]
   [Clear CT: 0.3 ms]
   [Other: 2.2 ms]
      [Choose CSet: 0.0 ms]
      [Ref Proc: 0.1 ms]
      [Ref Enq: 0.0 ms]
      [Redirty Cards: 0.3 ms]
      [Humongous Register: 0.1 ms]
      [Humongous Reclaim: 0.1 ms]
      [Free CSet: 0.4 ms]
   [Eden: 46.0M(46.0M)->0.0B(47.0M) Survivors: 5120.0K->4096.0K Heap: 347.3M(1024.0M)->302.0M(1024.0M)]
 [Times: user=0.04 sys=0.00, real=0.09 secs] 
2016-12-19T20:45:24.668+0100: 10589.928: [GC pause (G1 Evacuation Pause) (young), 0.0183306 secs]
   [Parallel Time: 17.9 ms, GC Workers: 1]
      [GC Worker Start (ms):  10589928.2]
      [Ext Root Scanning (ms):  0.9]
      [Update RS (ms):  3.2]
         [Processed Buffers:  40]
      [Scan RS (ms):  4.9]
      [Code Root Scanning (ms):  0.0]
      [Object Copy (ms):  8.9]
      [Termination (ms):  0.0]
         [Termination Attempts:  1]
      [GC Worker Other (ms):  0.0]
      [GC Worker Total (ms):  17.9]
      [GC Worker End (ms):  10589946.1]
   [Code Root Fixup: 0.0 ms]
   [Code Root Purge: 0.0 ms]
   [Clear CT: 0.0 ms]
   [Other: 0.4 ms]
      [Choose CSet: 0.0 ms]
      [Ref Proc: 0.0 ms]
      [Ref Enq: 0.0 ms]
      [Redirty Cards: 0.0 ms]
      [Humongous Register: 0.0 ms]
      [Humongous Reclaim: 0.0 ms]
      [Free CSet: 0.1 ms]
   [Eden: 47.0M(47.0M)->0.0B(47.0M) Survivors: 4096.0K->4096.0K Heap: 349.0M(1024.0M)->302.0M(1024.0M)]
 [Times: user=0.01 sys=0.00, real=0.02 secs] 
2016-12-19T20:45:40.421+0100: 10605.681: [GC pause (G1 Evacuation Pause) (young), 0.0256653 secs]
   [Parallel Time: 25.2 ms, GC Workers: 1]
      [GC Worker Start (ms):  10605681.1]
      [Ext Root Scanning (ms):  1.5]
      [Update RS (ms):  3.9]
         [Processed Buffers:  38]
      [Scan RS (ms):  7.0]
      [Code Root Scanning (ms):  0.0]
      [Object Copy (ms):  12.7]
      [Termination (ms):  0.0]
         [Termination Attempts:  1]
      [GC Worker Other (ms):  0.0]
      [GC Worker Total (ms):  25.1]
      [GC Worker End (ms):  10605706.2]
   [Code Root Fixup: 0.0 ms]
   [Code Root Purge: 0.0 ms]
   [Clear CT: 0.0 ms]
   [Other: 0.4 ms]
      [Choose CSet: 0.0 ms]
      [Ref Proc: 0.0 ms]
      [Ref Enq: 0.0 ms]
      [Redirty Cards: 0.0 ms]
      [Humongous Register: 0.1 ms]
      [Humongous Reclaim: 0.0 ms]
      [Free CSet: 0.1 ms]
   [Eden: 47.0M(47.0M)->0.0B(46.0M) Survivors: 4096.0K->5120.0K Heap: 349.0M(1024.0M)->303.0M(1024.0M)]
 [Times: user=0.03 sys=0.00, real=0.03 secs] 
2016-12-19T20:45:55.758+0100: 10621.018: [GC pause (G1 Evacuation Pause) (young), 0.0679724 secs]
   [Parallel Time: 66.8 ms, GC Workers: 1]
      [GC Worker Start (ms):  10621018.0]
      [Ext Root Scanning (ms):  1.3]
      [Update RS (ms):  9.7]
         [Processed Buffers:  37]
      [Scan RS (ms):  8.0]
      [Code Root Scanning (ms):  0.0]
      [Object Copy (ms):  47.7]
      [Termination (ms):  0.0]
         [Termination Attempts:  1]
      [GC Worker Other (ms):  0.0]
      [GC Worker Total (ms):  66.7]
      [GC Worker End (ms):  10621084.7]
   [Code Root Fixup: 0.1 ms]
   [Code Root Purge: 0.0 ms]
   [Clear CT: 0.1 ms]
   [Other: 1.1 ms]
      [Choose CSet: 0.0 ms]
      [Ref Proc: 0.0 ms]
      [Ref Enq: 0.0 ms]
      [Redirty Cards: 0.1 ms]
      [Humongous Register: 0.1 ms]
      [Humongous Reclaim: 0.0 ms]
      [Free CSet: 0.1 ms]
   [Eden: 46.0M(46.0M)->0.0B(47.0M) Survivors: 5120.0K->4096.0K Heap: 349.0M(1024.0M)->302.9M(1024.0M)]
 [Times: user=0.03 sys=0.01, real=0.07 secs] 
2016-12-19T20:46:12.087+0100: 10637.347: [GC pause (G1 Evacuation Pause) (young), 0.0194660 secs]
   [Parallel Time: 18.9 ms, GC Workers: 1]
      [GC Worker Start (ms):  10637347.0]
      [Ext Root Scanning (ms):  1.2]
      [Update RS (ms):  2.6]
         [Processed Buffers:  38]
      [Scan RS (ms):  4.6]
      [Code Root Scanning (ms):  0.0]
      [Object Copy (ms):  10.4]
      [Termination (ms):  0.0]
         [Termination Attempts:  1]
      [GC Worker Other (ms):  0.0]
      [GC Worker Total (ms):  18.9]
      [GC Worker End (ms):  10637365.9]
   [Code Root Fixup: 0.0 ms]
   [Code Root Purge: 0.0 ms]
   [Clear CT: 0.0 ms]
   [Other: 0.5 ms]
      [Choose CSet: 0.0 ms]
      [Ref Proc: 0.0 ms]
      [Ref Enq: 0.0 ms]
      [Redirty Cards: 0.0 ms]
      [Humongous Register: 0.1 ms]
      [Humongous Reclaim: 0.0 ms]
      [Free CSet: 0.1 ms]
   [Eden: 47.0M(47.0M)->0.0B(46.0M) Survivors: 4096.0K->5120.0K Heap: 349.9M(1024.0M)->303.9M(1024.0M)]
 [Times: user=0.02 sys=0.00, real=0.02 secs] 
2016-12-19T20:46:28.359+0100: 10653.618: [GC pause (G1 Evacuation Pause) (young), 0.0319541 secs]
   [Parallel Time: 30.9 ms, GC Workers: 1]
      [GC Worker Start (ms):  10653618.3]
      [Ext Root Scanning (ms):  1.0]
      [Update RS (ms):  2.9]
         [Processed Buffers:  37]
      [Scan RS (ms):  4.8]
      [Code Root Scanning (ms):  0.0]
      [Object Copy (ms):  22.1]
      [Termination (ms):  0.0]
         [Termination Attempts:  1]
      [GC Worker Other (ms):  0.0]
      [GC Worker Total (ms):  30.9]
      [GC Worker End (ms):  10653649.2]
   [Code Root Fixup: 0.0 ms]
   [Code Root Purge: 0.0 ms]
   [Clear CT: 0.1 ms]
   [Other: 0.9 ms]
      [Choose CSet: 0.0 ms]
      [Ref Proc: 0.0 ms]
      [Ref Enq: 0.0 ms]
      [Redirty Cards: 0.0 ms]
      [Humongous Register: 0.0 ms]
      [Humongous Reclaim: 0.0 ms]
      [Free CSet: 0.1 ms]
   [Eden: 46.0M(46.0M)->0.0B(47.0M) Survivors: 5120.0K->4096.0K Heap: 349.9M(1024.0M)->303.7M(1024.0M)]
 [Times: user=0.02 sys=0.00, real=0.04 secs] 
2016-12-19T20:46:44.097+0100: 10669.357: [GC pause (G1 Evacuation Pause) (young), 0.0384039 secs]
   [Parallel Time: 37.8 ms, GC Workers: 1]
      [GC Worker Start (ms):  10669357.2]
      [Ext Root Scanning (ms):  1.8]
      [Update RS (ms):  5.0]
         [Processed Buffers:  38]
      [Scan RS (ms):  9.5]
      [Code Root Scanning (ms):  0.0]
      [Object Copy (ms):  21.5]
      [Termination (ms):  0.0]
         [Termination Attempts:  1]
      [GC Worker Other (ms):  0.0]
      [GC Worker Total (ms):  37.8]
      [GC Worker End (ms):  10669394.9]
   [Code Root Fixup: 0.1 ms]
   [Code Root Purge: 0.0 ms]
   [Clear CT: 0.0 ms]
   [Other: 0.5 ms]
      [Choose CSet: 0.0 ms]
      [Ref Proc: 0.0 ms]
      [Ref Enq: 0.0 ms]
      [Redirty Cards: 0.0 ms]
      [Humongous Register: 0.1 ms]
      [Humongous Reclaim: 0.0 ms]
      [Free CSet: 0.1 ms]
   [Eden: 47.0M(47.0M)->0.0B(46.0M) Survivors: 4096.0K->5120.0K Heap: 350.7M(1024.0M)->304.7M(1024.0M)]
 [Times: user=0.04 sys=0.00, real=0.04 secs] 
2016-12-19T20:46:59.319+0100: 10684.578: [GC pause (G1 Evacuation Pause) (young), 0.0415531 secs]
   [Parallel Time: 40.6 ms, GC Workers: 1]
      [GC Worker Start (ms):  10684578.3]
      [Ext Root Scanning (ms):  1.0]
      [Update RS (ms):  2.6]
         [Processed Buffers:  37]
      [Scan RS (ms):  6.1]
      [Code Root Scanning (ms):  0.0]
      [Object Copy (ms):  30.9]
      [Termination (ms):  0.0]
         [Termination Attempts:  1]
      [GC Worker Other (ms):  0.0]
      [GC Worker Total (ms):  40.5]
      [GC Worker End (ms):  10684618.8]
   [Code Root Fixup: 0.0 ms]
   [Code Root Purge: 0.0 ms]
   [Clear CT: 0.1 ms]
   [Other: 0.9 ms]
      [Choose CSet: 0.0 ms]
      [Ref Proc: 0.0 ms]
      [Ref Enq: 0.0 ms]
      [Redirty Cards: 0.0 ms]
      [Humongous Register: 0.0 ms]
      [Humongous Reclaim: 0.0 ms]
      [Free CSet: 0.1 ms]
   [Eden: 46.0M(46.0M)->0.0B(46.0M) Survivors: 5120.0K->5120.0K Heap: 350.7M(1024.0M)->306.3M(1024.0M)]
 [Times: user=0.03 sys=0.00, real=0.04 secs] 
2016-12-19T20:47:15.194+0100: 10700.453: [GC pause (G1 Evacuation Pause) (young), 0.0352617 secs]
   [Parallel Time: 34.1 ms, GC Workers: 1]
      [GC Worker Start (ms):  10700453.4]
      [Ext Root Scanning (ms):  1.4]
      [Update RS (ms):  2.5]
         [Processed Buffers:  39]
      [Scan RS (ms):  7.1]
      [Code Root Scanning (ms):  0.0]
      [Object Copy (ms):  23.0]
      [Termination (ms):  0.0]
         [Termination Attempts:  1]
      [GC Worker Other (ms):  0.0]
      [GC Worker Total (ms):  34.1]
      [GC Worker End (ms):  10700487.5]
   [Code Root Fixup: 0.0 ms]
   [Code Root Purge: 0.0 ms]
   [Clear CT: 0.1 ms]
   [Other: 1.0 ms]
      [Choose CSet: 0.0 ms]
      [Ref Proc: 0.0 ms]
      [Ref Enq: 0.0 ms]
      [Redirty Cards: 0.1 ms]
      [Humongous Register: 0.0 ms]
      [Humongous Reclaim: 0.0 ms]
      [Free CSet: 0.1 ms]
   [Eden: 46.0M(46.0M)->0.0B(47.0M) Survivors: 5120.0K->4096.0K Heap: 352.3M(1024.0M)->306.0M(1024.0M)]
 [Times: user=0.02 sys=0.00, real=0.03 secs] 
2016-12-19T20:47:32.064+0100: 10717.323: [GC pause (G1 Evacuation Pause) (young), 0.0384157 secs]
   [Parallel Time: 37.2 ms, GC Workers: 1]
      [GC Worker Start (ms):  10717323.5]
      [Ext Root Scanning (ms):  1.1]
      [Update RS (ms):  2.4]
         [Processed Buffers:  38]
      [Scan RS (ms):  5.0]
      [Code Root Scanning (ms):  0.0]
      [Object Copy (ms):  28.6]
      [Termination (ms):  0.0]
         [Termination Attempts:  1]
      [GC Worker Other (ms):  0.0]
      [GC Worker Total (ms):  37.1]
      [GC Worker End (ms):  10717360.7]
   [Code Root Fixup: 0.1 ms]
   [Code Root Purge: 0.0 ms]
   [Clear CT: 0.1 ms]
   [Other: 1.1 ms]
      [Choose CSet: 0.0 ms]
      [Ref Proc: 0.1 ms]
      [Ref Enq: 0.0 ms]
      [Redirty Cards: 0.1 ms]
      [Humongous Register: 0.0 ms]
      [Humongous Reclaim: 0.1 ms]
      [Free CSet: 0.2 ms]
   [Eden: 47.0M(47.0M)->0.0B(46.0M) Survivors: 4096.0K->5120.0K Heap: 353.0M(1024.0M)->307.5M(1024.0M)]
 [Times: user=0.04 sys=0.00, real=0.03 secs] 
2016-12-19T20:47:48.417+0100: 10733.676: [GC pause (G1 Evacuation Pause) (young), 0.0364240 secs]
   [Parallel Time: 35.9 ms, GC Workers: 1]
      [GC Worker Start (ms):  10733676.4]
      [Ext Root Scanning (ms):  0.9]
      [Update RS (ms):  2.4]
         [Processed Buffers:  38]
      [Scan RS (ms):  5.9]
      [Code Root Scanning (ms):  0.0]
      [Object Copy (ms):  26.7]
      [Termination (ms):  0.0]
         [Termination Attempts:  1]
      [GC Worker Other (ms):  0.0]
      [GC Worker Total (ms):  35.9]
      [GC Worker End (ms):  10733712.3]
   [Code Root Fixup: 0.0 ms]
   [Code Root Purge: 0.0 ms]
   [Clear CT: 0.0 ms]
   [Other: 0.5 ms]
      [Choose CSet: 0.0 ms]
      [Ref Proc: 0.0 ms]
      [Ref Enq: 0.0 ms]
      [Redirty Cards: 0.1 ms]
      [Humongous Register: 0.0 ms]
      [Humongous Reclaim: 0.0 ms]
      [Free CSet: 0.1 ms]
   [Eden: 46.0M(46.0M)->0.0B(47.0M) Survivors: 5120.0K->4096.0K Heap: 353.5M(1024.0M)->307.1M(1024.0M)]
 [Times: user=0.02 sys=0.00, real=0.04 secs] 
2016-12-19T20:48:04.318+0100: 10749.578: [GC pause (G1 Evacuation Pause) (young), 0.0211981 secs]
   [Parallel Time: 20.7 ms, GC Workers: 1]
      [GC Worker Start (ms):  10749578.1]
      [Ext Root Scanning (ms):  0.9]
      [Update RS (ms):  2.6]
         [Processed Buffers:  40]
      [Scan RS (ms):  6.0]
      [Code Root Scanning (ms):  0.0]
      [Object Copy (ms):  11.3]
      [Termination (ms):  0.0]
         [Termination Attempts:  1]
      [GC Worker Other (ms):  0.0]
      [GC Worker Total (ms):  20.7]
      [GC Worker End (ms):  10749598.8]
   [Code Root Fixup: 0.0 ms]
   [Code Root Purge: 0.0 ms]
   [Clear CT: 0.1 ms]
   [Other: 0.4 ms]
      [Choose CSet: 0.0 ms]
      [Ref Proc: 0.1 ms]
      [Ref Enq: 0.0 ms]
      [Redirty Cards: 0.0 ms]
      [Humongous Register: 0.0 ms]
      [Humongous Reclaim: 0.0 ms]
      [Free CSet: 0.1 ms]
   [Eden: 47.0M(47.0M)->0.0B(46.0M) Survivors: 4096.0K->5120.0K Heap: 354.1M(1024.0M)->308.1M(1024.0M)]
 [Times: user=0.02 sys=0.00, real=0.02 secs] 
2016-12-19T20:48:19.576+0100: 10764.835: [GC pause (G1 Evacuation Pause) (young), 0.0462229 secs]
   [Parallel Time: 45.2 ms, GC Workers: 1]
      [GC Worker Start (ms):  10764835.5]
      [Ext Root Scanning (ms):  3.0]
      [Update RS (ms):  5.0]
         [Processed Buffers:  39]
      [Scan RS (ms):  9.3]
      [Code Root Scanning (ms):  0.0]
      [Object Copy (ms):  27.8]
      [Termination (ms):  0.0]
         [Termination Attempts:  1]
      [GC Worker Other (ms):  0.0]
      [GC Worker Total (ms):  45.1]
      [GC Worker End (ms):  10764880.6]
   [Code Root Fixup: 0.1 ms]
   [Code Root Purge: 0.0 ms]
   [Clear CT: 0.0 ms]
   [Other: 0.9 ms]
      [Choose CSet: 0.0 ms]
      [Ref Proc: 0.0 ms]
      [Ref Enq: 0.0 ms]
      [Redirty Cards: 0.0 ms]
      [Humongous Register: 0.1 ms]
      [Humongous Reclaim: 0.0 ms]
      [Free CSet: 0.1 ms]
   [Eden: 46.0M(46.0M)->0.0B(47.0M) Survivors: 5120.0K->4096.0K Heap: 354.1M(1024.0M)->308.4M(1024.0M)]
 [Times: user=0.03 sys=0.00, real=0.04 secs] 
2016-12-19T20:48:36.617+0100: 10781.877: [GC pause (G1 Evacuation Pause) (young), 0.0294504 secs]
   [Parallel Time: 28.9 ms, GC Workers: 1]
      [GC Worker Start (ms):  10781876.7]
      [Ext Root Scanning (ms):  1.1]
      [Update RS (ms):  4.2]
         [Processed Buffers:  39]
      [Scan RS (ms):  8.2]
      [Code Root Scanning (ms):  0.0]
      [Object Copy (ms):  15.3]
      [Termination (ms):  0.0]
         [Termination Attempts:  1]
      [GC Worker Other (ms):  0.0]
      [GC Worker Total (ms):  28.9]
      [GC Worker End (ms):  10781905.6]
   [Code Root Fixup: 0.1 ms]
   [Code Root Purge: 0.0 ms]
   [Clear CT: 0.0 ms]
   [Other: 0.4 ms]
      [Choose CSet: 0.0 ms]
      [Ref Proc: 0.0 ms]
      [Ref Enq: 0.0 ms]
      [Redirty Cards: 0.0 ms]
      [Humongous Register: 0.1 ms]
      [Humongous Reclaim: 0.0 ms]
      [Free CSet: 0.1 ms]
   [Eden: 47.0M(47.0M)->0.0B(46.0M) Survivors: 4096.0K->5120.0K Heap: 355.4M(1024.0M)->309.4M(1024.0M)]
 [Times: user=0.03 sys=0.00, real=0.03 secs] 
2016-12-19T20:48:52.769+0100: 10798.029: [GC pause (G1 Evacuation Pause) (young), 0.1230231 secs]
   [Parallel Time: 121.6 ms, GC Workers: 1]
      [GC Worker Start (ms):  10798029.1]
      [Ext Root Scanning (ms):  1.6]
      [Update RS (ms):  4.9]
         [Processed Buffers:  38]
      [Scan RS (ms):  40.3]
      [Code Root Scanning (ms):  0.0]
      [Object Copy (ms):  74.8]
      [Termination (ms):  0.0]
         [Termination Attempts:  1]
      [GC Worker Other (ms):  0.0]
      [GC Worker Total (ms):  121.6]
      [GC Worker End (ms):  10798150.7]
   [Code Root Fixup: 0.1 ms]
   [Code Root Purge: 0.0 ms]
   [Clear CT: 0.3 ms]
   [Other: 1.0 ms]
      [Choose CSet: 0.0 ms]
      [Ref Proc: 0.0 ms]
      [Ref Enq: 0.0 ms]
      [Redirty Cards: 0.1 ms]
      [Humongous Register: 0.1 ms]
      [Humongous Reclaim: 0.1 ms]
      [Free CSet: 0.3 ms]
   [Eden: 46.0M(46.0M)->0.0B(47.0M) Survivors: 5120.0K->4096.0K Heap: 355.4M(1024.0M)->309.4M(1024.0M)]
 [Times: user=0.07 sys=0.02, real=0.13 secs] 
2016-12-19T20:49:03.558+0100: 10808.818: [GC pause (G1 Evacuation Pause) (young), 0.0311078 secs]
   [Parallel Time: 30.5 ms, GC Workers: 1]
      [GC Worker Start (ms):  10808818.0]
      [Ext Root Scanning (ms):  2.4]
      [Update RS (ms):  3.5]
         [Processed Buffers:  44]
      [Scan RS (ms):  7.6]
      [Code Root Scanning (ms):  0.0]
      [Object Copy (ms):  16.9]
      [Termination (ms):  0.0]
         [Termination Attempts:  1]
      [GC Worker Other (ms):  0.0]
      [GC Worker Total (ms):  30.4]
      [GC Worker End (ms):  10808848.4]
   [Code Root Fixup: 0.1 ms]
   [Code Root Purge: 0.0 ms]
   [Clear CT: 0.1 ms]
   [Other: 0.5 ms]
      [Choose CSet: 0.0 ms]
      [Ref Proc: 0.0 ms]
      [Ref Enq: 0.0 ms]
      [Redirty Cards: 0.0 ms]
      [Humongous Register: 0.1 ms]
      [Humongous Reclaim: 0.0 ms]
      [Free CSet: 0.1 ms]
   [Eden: 47.0M(47.0M)->0.0B(45.0M) Survivors: 4096.0K->6144.0K Heap: 356.4M(1024.0M)->310.9M(1024.0M)]
 [Times: user=0.03 sys=0.00, real=0.03 secs] 
2016-12-19T20:49:18.654+0100: 10823.914: [GC pause (G1 Evacuation Pause) (young), 0.0764997 secs]
   [Parallel Time: 75.3 ms, GC Workers: 1]
      [GC Worker Start (ms):  10823913.8]
      [Ext Root Scanning (ms):  2.3]
      [Update RS (ms):  5.7]
         [Processed Buffers:  42]
      [Scan RS (ms):  10.7]
      [Code Root Scanning (ms):  0.0]
      [Object Copy (ms):  56.5]
      [Termination (ms):  0.0]
         [Termination Attempts:  1]
      [GC Worker Other (ms):  0.0]
      [GC Worker Total (ms):  75.3]
      [GC Worker End (ms):  10823989.1]
   [Code Root Fixup: 0.1 ms]
   [Code Root Purge: 0.0 ms]
   [Clear CT: 0.1 ms]
   [Other: 1.0 ms]
      [Choose CSet: 0.0 ms]
      [Ref Proc: 0.0 ms]
      [Ref Enq: 0.0 ms]
      [Redirty Cards: 0.1 ms]
      [Humongous Register: 0.1 ms]
      [Humongous Reclaim: 0.0 ms]
      [Free CSet: 0.1 ms]
   [Eden: 45.0M(45.0M)->0.0B(46.0M) Survivors: 6144.0K->5120.0K Heap: 355.9M(1024.0M)->312.0M(1024.0M)]
 [Times: user=0.03 sys=0.01, real=0.08 secs] 
2016-12-19T20:49:42.071+0100: 10847.331: [GC pause (G1 Evacuation Pause) (young), 0.0654082 secs]
   [Parallel Time: 64.3 ms, GC Workers: 1]
      [GC Worker Start (ms):  10847331.3]
      [Ext Root Scanning (ms):  1.7]
      [Update RS (ms):  4.0]
         [Processed Buffers:  39]
      [Scan RS (ms):  10.9]
      [Code Root Scanning (ms):  0.1]
      [Object Copy (ms):  47.5]
      [Termination (ms):  0.0]
         [Termination Attempts:  1]
      [GC Worker Other (ms):  0.0]
      [GC Worker Total (ms):  64.2]
      [GC Worker End (ms):  10847395.5]
   [Code Root Fixup: 0.0 ms]
   [Code Root Purge: 0.0 ms]
   [Clear CT: 0.1 ms]
   [Other: 1.0 ms]
      [Choose CSet: 0.0 ms]
      [Ref Proc: 0.0 ms]
      [Ref Enq: 0.0 ms]
      [Redirty Cards: 0.0 ms]
      [Humongous Register: 0.1 ms]
      [Humongous Reclaim: 0.0 ms]
      [Free CSet: 0.1 ms]
   [Eden: 46.0M(46.0M)->0.0B(47.0M) Survivors: 5120.0K->4096.0K Heap: 358.0M(1024.0M)->312.0M(1024.0M)]
 [Times: user=0.03 sys=0.01, real=0.06 secs] 
2016-12-19T20:50:05.620+0100: 10870.879: [GC pause (G1 Evacuation Pause) (young), 0.1957799 secs]
   [Parallel Time: 194.6 ms, GC Workers: 1]
      [GC Worker Start (ms):  10870880.0]
      [Ext Root Scanning (ms):  3.7]
      [Update RS (ms):  7.1]
         [Processed Buffers:  39]
      [Scan RS (ms):  131.5]
      [Code Root Scanning (ms):  0.1]
      [Object Copy (ms):  52.2]
      [Termination (ms):  0.0]
         [Termination Attempts:  1]
      [GC Worker Other (ms):  0.0]
      [GC Worker Total (ms):  194.5]
      [GC Worker End (ms):  10871074.6]
   [Code Root Fixup: 0.1 ms]
   [Code Root Purge: 0.0 ms]
   [Clear CT: 0.1 ms]
   [Other: 1.0 ms]
      [Choose CSet: 0.0 ms]
      [Ref Proc: 0.1 ms]
      [Ref Enq: 0.0 ms]
      [Redirty Cards: 0.1 ms]
      [Humongous Register: 0.2 ms]
      [Humongous Reclaim: 0.1 ms]
      [Free CSet: 0.1 ms]
   [Eden: 47.0M(47.0M)->0.0B(46.0M) Survivors: 4096.0K->5120.0K Heap: 359.0M(1024.0M)->313.0M(1024.0M)]
 [Times: user=0.11 sys=0.04, real=0.20 secs] 
2016-12-19T20:50:31.929+0100: 10897.188: [GC pause (G1 Evacuation Pause) (young), 0.0577991 secs]
   [Parallel Time: 56.1 ms, GC Workers: 1]
      [GC Worker Start (ms):  10897188.6]
      [Ext Root Scanning (ms):  1.5]
      [Update RS (ms):  7.1]
         [Processed Buffers:  38]
      [Scan RS (ms):  8.5]
      [Code Root Scanning (ms):  0.0]
      [Object Copy (ms):  38.9]
      [Termination (ms):  0.0]
         [Termination Attempts:  1]
      [GC Worker Other (ms):  0.0]
      [GC Worker Total (ms):  56.0]
      [GC Worker End (ms):  10897244.6]
   [Code Root Fixup: 0.1 ms]
   [Code Root Purge: 0.0 ms]
   [Clear CT: 0.1 ms]
   [Other: 1.6 ms]
      [Choose CSet: 0.0 ms]
      [Ref Proc: 0.0 ms]
      [Ref Enq: 0.0 ms]
      [Redirty Cards: 0.1 ms]
      [Humongous Register: 0.1 ms]
      [Humongous Reclaim: 0.0 ms]
      [Free CSet: 0.1 ms]
   [Eden: 46.0M(46.0M)->0.0B(47.0M) Survivors: 5120.0K->4096.0K Heap: 359.0M(1024.0M)->313.2M(1024.0M)]
 [Times: user=0.03 sys=0.01, real=0.06 secs] 
2016-12-19T20:50:58.830+0100: 10924.090: [GC pause (G1 Evacuation Pause) (young), 0.0456553 secs]
   [Parallel Time: 45.0 ms, GC Workers: 1]
      [GC Worker Start (ms):  10924090.3]
      [Ext Root Scanning (ms):  1.6]
      [Update RS (ms):  5.8]
         [Processed Buffers:  39]
      [Scan RS (ms):  11.3]
      [Code Root Scanning (ms):  0.1]
      [Object Copy (ms):  26.3]
      [Termination (ms):  0.0]
         [Termination Attempts:  1]
      [GC Worker Other (ms):  0.0]
      [GC Worker Total (ms):  44.9]
      [GC Worker End (ms):  10924135.2]
   [Code Root Fixup: 0.1 ms]
   [Code Root Purge: 0.0 ms]
   [Clear CT: 0.1 ms]
   [Other: 0.6 ms]
      [Choose CSet: 0.0 ms]
      [Ref Proc: 0.0 ms]
      [Ref Enq: 0.0 ms]
      [Redirty Cards: 0.1 ms]
      [Humongous Register: 0.1 ms]
      [Humongous Reclaim: 0.0 ms]
      [Free CSet: 0.1 ms]
   [Eden: 47.0M(47.0M)->0.0B(46.0M) Survivors: 4096.0K->5120.0K Heap: 360.2M(1024.0M)->313.7M(1024.0M)]
 [Times: user=0.04 sys=0.00, real=0.04 secs] 
2016-12-19T20:51:22.427+0100: 10947.687: [GC pause (G1 Evacuation Pause) (young), 0.0968188 secs]
   [Parallel Time: 91.3 ms, GC Workers: 1]
      [GC Worker Start (ms):  10947686.7]
      [Ext Root Scanning (ms):  1.2]
      [Update RS (ms):  8.9]
         [Processed Buffers:  39]
      [Scan RS (ms):  10.1]
      [Code Root Scanning (ms):  0.0]
      [Object Copy (ms):  71.0]
      [Termination (ms):  0.0]
         [Termination Attempts:  1]
      [GC Worker Other (ms):  0.0]
      [GC Worker Total (ms):  91.2]
      [GC Worker End (ms):  10947777.9]
   [Code Root Fixup: 0.0 ms]
   [Code Root Purge: 0.0 ms]
   [Clear CT: 0.3 ms]
   [Other: 5.2 ms]
      [Choose CSet: 0.0 ms]
      [Ref Proc: 0.0 ms]
      [Ref Enq: 0.0 ms]
      [Redirty Cards: 0.1 ms]
      [Humongous Register: 0.0 ms]
      [Humongous Reclaim: 0.1 ms]
      [Free CSet: 0.1 ms]
   [Eden: 46.0M(46.0M)->0.0B(47.0M) Survivors: 5120.0K->4096.0K Heap: 359.7M(1024.0M)->313.6M(1024.0M)]
 [Times: user=0.05 sys=0.01, real=0.10 secs] 
2016-12-19T20:51:29.252+0100: 10954.512: [GC pause (G1 Evacuation Pause) (young), 0.0304049 secs]
   [Parallel Time: 29.9 ms, GC Workers: 1]
      [GC Worker Start (ms):  10954512.1]
      [Ext Root Scanning (ms):  2.0]
      [Update RS (ms):  5.0]
         [Processed Buffers:  39]
      [Scan RS (ms):  6.0]
      [Code Root Scanning (ms):  0.0]
      [Object Copy (ms):  16.8]
      [Termination (ms):  0.0]
         [Termination Attempts:  1]
      [GC Worker Other (ms):  0.0]
      [GC Worker Total (ms):  29.8]
      [GC Worker End (ms):  10954542.0]
   [Code Root Fixup: 0.1 ms]
   [Code Root Purge: 0.0 ms]
   [Clear CT: 0.0 ms]
   [Other: 0.4 ms]
      [Choose CSet: 0.0 ms]
      [Ref Proc: 0.0 ms]
      [Ref Enq: 0.0 ms]
      [Redirty Cards: 0.1 ms]
      [Humongous Register: 0.0 ms]
      [Humongous Reclaim: 0.0 ms]
      [Free CSet: 0.1 ms]
   [Eden: 47.0M(47.0M)->0.0B(47.0M) Survivors: 4096.0K->4096.0K Heap: 360.6M(1024.0M)->314.1M(1024.0M)]
 [Times: user=0.03 sys=0.00, real=0.03 secs] 
2016-12-19T20:51:36.284+0100: 10961.543: [GC pause (G1 Evacuation Pause) (young), 0.0359898 secs]
   [Parallel Time: 34.8 ms, GC Workers: 1]
      [GC Worker Start (ms):  10961545.7]
      [Ext Root Scanning (ms):  4.6]
      [Update RS (ms):  3.0]
         [Processed Buffers:  36]
      [Scan RS (ms):  5.9]
      [Code Root Scanning (ms):  0.2]
      [Object Copy (ms):  19.1]
      [Termination (ms):  0.0]
         [Termination Attempts:  1]
      [GC Worker Other (ms):  0.0]
      [GC Worker Total (ms):  32.8]
      [GC Worker End (ms):  10961578.5]
   [Code Root Fixup: 0.1 ms]
   [Code Root Purge: 0.0 ms]
   [Clear CT: 0.1 ms]
   [Other: 1.1 ms]
      [Choose CSet: 0.0 ms]
      [Ref Proc: 0.1 ms]
      [Ref Enq: 0.0 ms]
      [Redirty Cards: 0.1 ms]
      [Humongous Register: 0.1 ms]
      [Humongous Reclaim: 0.1 ms]
      [Free CSet: 0.3 ms]
   [Eden: 47.0M(47.0M)->0.0B(47.0M) Survivors: 4096.0K->4096.0K Heap: 361.1M(1024.0M)->313.6M(1024.0M)]
 [Times: user=0.03 sys=0.00, real=0.03 secs] 
2016-12-19T20:51:42.270+0100: 10967.530: [GC pause (G1 Evacuation Pause) (young), 0.0240348 secs]
   [Parallel Time: 23.3 ms, GC Workers: 1]
      [GC Worker Start (ms):  10967530.3]
      [Ext Root Scanning (ms):  1.5]
      [Update RS (ms):  3.7]
         [Processed Buffers:  35]
      [Scan RS (ms):  5.0]
      [Code Root Scanning (ms):  0.0]
      [Object Copy (ms):  12.9]
      [Termination (ms):  0.0]
         [Termination Attempts:  1]
      [GC Worker Other (ms):  0.0]
      [GC Worker Total (ms):  23.3]
      [GC Worker End (ms):  10967553.6]
   [Code Root Fixup: 0.1 ms]
   [Code Root Purge: 0.0 ms]
   [Clear CT: 0.0 ms]
   [Other: 0.6 ms]
      [Choose CSet: 0.0 ms]
      [Ref Proc: 0.0 ms]
      [Ref Enq: 0.0 ms]
      [Redirty Cards: 0.0 ms]
      [Humongous Register: 0.1 ms]
      [Humongous Reclaim: 0.0 ms]
      [Free CSet: 0.1 ms]
   [Eden: 47.0M(47.0M)->0.0B(46.0M) Survivors: 4096.0K->5120.0K Heap: 360.6M(1024.0M)->314.6M(1024.0M)]
 [Times: user=0.02 sys=0.00, real=0.02 secs] 
2016-12-19T20:51:49.899+0100: 10975.159: [GC pause (G1 Evacuation Pause) (young), 0.0513932 secs]
   [Parallel Time: 50.8 ms, GC Workers: 1]
      [GC Worker Start (ms):  10975159.1]
      [Ext Root Scanning (ms):  1.4]
      [Update RS (ms):  10.6]
         [Processed Buffers:  36]
      [Scan RS (ms):  14.6]
      [Code Root Scanning (ms):  0.1]
      [Object Copy (ms):  23.9]
      [Termination (ms):  0.0]
         [Termination Attempts:  1]
      [GC Worker Other (ms):  0.0]
      [GC Worker Total (ms):  50.7]
      [GC Worker End (ms):  10975209.8]
   [Code Root Fixup: 0.1 ms]
   [Code Root Purge: 0.0 ms]
   [Clear CT: 0.1 ms]
   [Other: 0.5 ms]
      [Choose CSet: 0.0 ms]
      [Ref Proc: 0.0 ms]
      [Ref Enq: 0.0 ms]
      [Redirty Cards: 0.1 ms]
      [Humongous Register: 0.1 ms]
      [Humongous Reclaim: 0.0 ms]
      [Free CSet: 0.1 ms]
   [Eden: 46.0M(46.0M)->0.0B(46.0M) Survivors: 5120.0K->5120.0K Heap: 360.6M(1024.0M)->315.3M(1024.0M)]
 [Times: user=0.04 sys=0.00, real=0.06 secs] 
2016-12-19T20:51:57.809+0100: 10983.069: [GC pause (G1 Evacuation Pause) (young), 0.0641599 secs]
   [Parallel Time: 63.7 ms, GC Workers: 1]
      [GC Worker Start (ms):  10983069.2]
      [Ext Root Scanning (ms):  1.4]
      [Update RS (ms):  6.6]
         [Processed Buffers:  39]
      [Scan RS (ms):  5.8]
      [Code Root Scanning (ms):  0.0]
      [Object Copy (ms):  49.9]
      [Termination (ms):  0.0]
         [Termination Attempts:  1]
      [GC Worker Other (ms):  0.0]
      [GC Worker Total (ms):  63.6]
      [GC Worker End (ms):  10983132.8]
   [Code Root Fixup: 0.0 ms]
   [Code Root Purge: 0.0 ms]
   [Clear CT: 0.0 ms]
   [Other: 0.4 ms]
      [Choose CSet: 0.0 ms]
      [Ref Proc: 0.0 ms]
      [Ref Enq: 0.0 ms]
      [Redirty Cards: 0.0 ms]
      [Humongous Register: 0.1 ms]
      [Humongous Reclaim: 0.0 ms]
      [Free CSet: 0.1 ms]
   [Eden: 46.0M(46.0M)->0.0B(47.0M) Survivors: 5120.0K->4096.0K Heap: 361.3M(1024.0M)->314.7M(1024.0M)]
 [Times: user=0.02 sys=0.01, real=0.07 secs] 
2016-12-19T20:52:19.198+0100: 11004.458: [GC pause (G1 Evacuation Pause) (young), 0.0357279 secs]
   [Parallel Time: 35.3 ms, GC Workers: 1]
      [GC Worker Start (ms):  11004458.1]
      [Ext Root Scanning (ms):  1.4]
      [Update RS (ms):  9.8]
         [Processed Buffers:  37]
      [Scan RS (ms):  11.3]
      [Code Root Scanning (ms):  0.0]
      [Object Copy (ms):  12.7]
      [Termination (ms):  0.0]
         [Termination Attempts:  1]
      [GC Worker Other (ms):  0.0]
      [GC Worker Total (ms):  35.2]
      [GC Worker End (ms):  11004493.3]
   [Code Root Fixup: 0.0 ms]
   [Code Root Purge: 0.0 ms]
   [Clear CT: 0.0 ms]
   [Other: 0.4 ms]
      [Choose CSet: 0.0 ms]
      [Ref Proc: 0.0 ms]
      [Ref Enq: 0.0 ms]
      [Redirty Cards: 0.0 ms]
      [Humongous Register: 0.1 ms]
      [Humongous Reclaim: 0.0 ms]
      [Free CSet: 0.1 ms]
   [Eden: 47.0M(47.0M)->0.0B(46.0M) Survivors: 4096.0K->5120.0K Heap: 361.7M(1024.0M)->316.2M(1024.0M)]
 [Times: user=0.03 sys=0.00, real=0.04 secs] 
2016-12-19T20:52:44.898+0100: 11030.158: [GC pause (G1 Evacuation Pause) (young), 0.0484957 secs]
   [Parallel Time: 46.9 ms, GC Workers: 1]
      [GC Worker Start (ms):  11030158.2]
      [Ext Root Scanning (ms):  2.0]
      [Update RS (ms):  5.9]
         [Processed Buffers:  40]
      [Scan RS (ms):  6.9]
      [Code Root Scanning (ms):  0.0]
      [Object Copy (ms):  31.9]
      [Termination (ms):  0.0]
         [Termination Attempts:  1]
      [GC Worker Other (ms):  0.0]
      [GC Worker Total (ms):  46.8]
      [GC Worker End (ms):  11030205.0]
   [Code Root Fixup: 0.1 ms]
   [Code Root Purge: 0.0 ms]
   [Clear CT: 0.1 ms]
   [Other: 1.5 ms]
      [Choose CSet: 0.0 ms]
      [Ref Proc: 0.1 ms]
      [Ref Enq: 0.0 ms]
      [Redirty Cards: 0.1 ms]
      [Humongous Register: 0.1 ms]
      [Humongous Reclaim: 0.0 ms]
      [Free CSet: 0.1 ms]
   [Eden: 46.0M(46.0M)->0.0B(47.0M) Survivors: 5120.0K->4096.0K Heap: 362.2M(1024.0M)->316.1M(1024.0M)]
 [Times: user=0.04 sys=0.01, real=0.05 secs] 
2016-12-19T20:53:09.264+0100: 11054.524: [GC pause (G1 Evacuation Pause) (young), 0.0273492 secs]
   [Parallel Time: 25.8 ms, GC Workers: 1]
      [GC Worker Start (ms):  11054524.9]
      [Ext Root Scanning (ms):  3.6]
      [Update RS (ms):  3.8]
         [Processed Buffers:  39]
      [Scan RS (ms):  6.2]
      [Code Root Scanning (ms):  0.0]
      [Object Copy (ms):  12.1]
      [Termination (ms):  0.0]
         [Termination Attempts:  1]
      [GC Worker Other (ms):  0.0]
      [GC Worker Total (ms):  25.7]
      [GC Worker End (ms):  11054550.7]
   [Code Root Fixup: 0.1 ms]
   [Code Root Purge: 0.0 ms]
   [Clear CT: 0.2 ms]
   [Other: 1.2 ms]
      [Choose CSet: 0.0 ms]
      [Ref Proc: 0.0 ms]
      [Ref Enq: 0.0 ms]
      [Redirty Cards: 0.1 ms]
      [Humongous Register: 0.3 ms]
      [Humongous Reclaim: 0.0 ms]
      [Free CSet: 0.1 ms]
   [Eden: 47.0M(47.0M)->0.0B(46.0M) Survivors: 4096.0K->5120.0K Heap: 363.1M(1024.0M)->317.1M(1024.0M)]
 [Times: user=0.03 sys=0.00, real=0.03 secs] 
2016-12-19T20:53:34.015+0100: 11079.275: [GC pause (G1 Evacuation Pause) (young), 0.0729529 secs]
   [Parallel Time: 72.0 ms, GC Workers: 1]
      [GC Worker Start (ms):  11079275.1]
      [Ext Root Scanning (ms):  1.5]
      [Update RS (ms):  5.5]
         [Processed Buffers:  39]
      [Scan RS (ms):  4.8]
      [Code Root Scanning (ms):  0.0]
      [Object Copy (ms):  60.2]
      [Termination (ms):  0.0]
         [Termination Attempts:  1]
      [GC Worker Other (ms):  0.0]
      [GC Worker Total (ms):  71.9]
      [GC Worker End (ms):  11079347.0]
   [Code Root Fixup: 0.0 ms]
   [Code Root Purge: 0.0 ms]
   [Clear CT: 0.1 ms]
   [Other: 0.9 ms]
      [Choose CSet: 0.0 ms]
      [Ref Proc: 0.0 ms]
      [Ref Enq: 0.0 ms]
      [Redirty Cards: 0.0 ms]
      [Humongous Register: 0.1 ms]
      [Humongous Reclaim: 0.0 ms]
      [Free CSet: 0.1 ms]
   [Eden: 46.0M(46.0M)->0.0B(47.0M) Survivors: 5120.0K->4096.0K Heap: 363.1M(1024.0M)->317.3M(1024.0M)]
 [Times: user=0.03 sys=0.01, real=0.07 secs] 
2016-12-19T20:53:58.373+0100: 11103.633: [GC pause (G1 Evacuation Pause) (young), 0.0369628 secs]
   [Parallel Time: 36.2 ms, GC Workers: 1]
      [GC Worker Start (ms):  11103632.9]
      [Ext Root Scanning (ms):  2.3]
      [Update RS (ms):  5.2]
         [Processed Buffers:  39]
      [Scan RS (ms):  6.5]
      [Code Root Scanning (ms):  0.0]
      [Object Copy (ms):  22.1]
      [Termination (ms):  0.0]
         [Termination Attempts:  1]
      [GC Worker Other (ms):  0.0]
      [GC Worker Total (ms):  36.2]
      [GC Worker End (ms):  11103669.1]
   [Code Root Fixup: 0.1 ms]
   [Code Root Purge: 0.0 ms]
   [Clear CT: 0.1 ms]
   [Other: 0.6 ms]
      [Choose CSet: 0.0 ms]
      [Ref Proc: 0.1 ms]
      [Ref Enq: 0.0 ms]
      [Redirty Cards: 0.0 ms]
      [Humongous Register: 0.1 ms]
      [Humongous Reclaim: 0.1 ms]
      [Free CSet: 0.1 ms]
   [Eden: 47.0M(47.0M)->0.0B(45.0M) Survivors: 4096.0K->6144.0K Heap: 364.3M(1024.0M)->318.8M(1024.0M)]
 [Times: user=0.04 sys=0.00, real=0.03 secs] 
2016-12-19T20:54:15.106+0100: 11120.365: [GC pause (G1 Evacuation Pause) (young), 0.0926149 secs]
   [Parallel Time: 90.6 ms, GC Workers: 1]
      [GC Worker Start (ms):  11120365.6]
      [Ext Root Scanning (ms):  4.3]
      [Update RS (ms):  5.4]
         [Processed Buffers:  40]
      [Scan RS (ms):  9.4]
      [Code Root Scanning (ms):  0.0]
      [Object Copy (ms):  71.2]
      [Termination (ms):  0.0]
         [Termination Attempts:  1]
      [GC Worker Other (ms):  0.1]
      [GC Worker Total (ms):  90.5]
      [GC Worker End (ms):  11120456.1]
   [Code Root Fixup: 0.2 ms]
   [Code Root Purge: 0.0 ms]
   [Clear CT: 0.2 ms]
   [Other: 1.6 ms]
      [Choose CSet: 0.0 ms]
      [Ref Proc: 0.2 ms]
      [Ref Enq: 0.1 ms]
      [Redirty Cards: 0.2 ms]
      [Humongous Register: 0.1 ms]
      [Humongous Reclaim: 0.0 ms]
      [Free CSet: 0.1 ms]
   [Eden: 45.0M(45.0M)->0.0B(47.0M) Survivors: 6144.0K->4096.0K Heap: 363.8M(1024.0M)->318.4M(1024.0M)]
 [Times: user=0.07 sys=0.00, real=0.09 secs] 
2016-12-19T20:54:21.083+0100: 11126.342: [GC pause (G1 Evacuation Pause) (young), 0.0270461 secs]
   [Parallel Time: 26.3 ms, GC Workers: 1]
      [GC Worker Start (ms):  11126342.6]
      [Ext Root Scanning (ms):  1.3]
      [Update RS (ms):  4.3]
         [Processed Buffers:  35]
      [Scan RS (ms):  7.2]
      [Code Root Scanning (ms):  0.0]
      [Object Copy (ms):  13.5]
      [Termination (ms):  0.0]
         [Termination Attempts:  1]
      [GC Worker Other (ms):  0.0]
      [GC Worker Total (ms):  26.3]
      [GC Worker End (ms):  11126368.9]
   [Code Root Fixup: 0.1 ms]
   [Code Root Purge: 0.0 ms]
   [Clear CT: 0.1 ms]
   [Other: 0.6 ms]
      [Choose CSet: 0.0 ms]
      [Ref Proc: 0.0 ms]
      [Ref Enq: 0.0 ms]
      [Redirty Cards: 0.1 ms]
      [Humongous Register: 0.0 ms]
      [Humongous Reclaim: 0.0 ms]
      [Free CSet: 0.1 ms]
   [Eden: 47.0M(47.0M)->0.0B(46.0M) Survivors: 4096.0K->5120.0K Heap: 365.4M(1024.0M)->319.4M(1024.0M)]
 [Times: user=0.02 sys=0.00, real=0.02 secs] 
2016-12-19T20:54:26.789+0100: 11132.049: [GC pause (G1 Evacuation Pause) (young), 0.0573751 secs]
   [Parallel Time: 56.1 ms, GC Workers: 1]
      [GC Worker Start (ms):  11132049.1]
      [Ext Root Scanning (ms):  1.5]
      [Update RS (ms):  5.2]
         [Processed Buffers:  36]
      [Scan RS (ms):  6.6]
      [Code Root Scanning (ms):  0.0]
      [Object Copy (ms):  42.5]
      [Termination (ms):  0.0]
         [Termination Attempts:  1]
      [GC Worker Other (ms):  0.2]
      [GC Worker Total (ms):  56.1]
      [GC Worker End (ms):  11132105.1]
   [Code Root Fixup: 0.1 ms]
   [Code Root Purge: 0.0 ms]
   [Clear CT: 0.1 ms]
   [Other: 1.1 ms]
      [Choose CSet: 0.0 ms]
      [Ref Proc: 0.1 ms]
      [Ref Enq: 0.0 ms]
      [Redirty Cards: 0.0 ms]
      [Humongous Register: 0.1 ms]
      [Humongous Reclaim: 0.0 ms]
      [Free CSet: 0.1 ms]
   [Eden: 46.0M(46.0M)->0.0B(46.0M) Survivors: 5120.0K->5120.0K Heap: 365.4M(1024.0M)->320.0M(1024.0M)]
 [Times: user=0.03 sys=0.01, real=0.06 secs] 
2016-12-19T20:54:31.703+0100: 11136.963: [GC pause (G1 Evacuation Pause) (young), 0.0501694 secs]
   [Parallel Time: 49.3 ms, GC Workers: 1]
      [GC Worker Start (ms):  11136962.9]
      [Ext Root Scanning (ms):  1.8]
      [Update RS (ms):  11.2]
         [Processed Buffers:  39]
      [Scan RS (ms):  7.5]
      [Code Root Scanning (ms):  0.0]
      [Object Copy (ms):  28.7]
      [Termination (ms):  0.0]
         [Termination Attempts:  1]
      [GC Worker Other (ms):  0.0]
      [GC Worker Total (ms):  49.3]
      [GC Worker End (ms):  11137012.2]
   [Code Root Fixup: 0.0 ms]
   [Code Root Purge: 0.0 ms]
   [Clear CT: 0.1 ms]
   [Other: 0.7 ms]
      [Choose CSet: 0.0 ms]
      [Ref Proc: 0.0 ms]
      [Ref Enq: 0.0 ms]
      [Redirty Cards: 0.0 ms]
      [Humongous Register: 0.1 ms]
      [Humongous Reclaim: 0.0 ms]
      [Free CSet: 0.1 ms]
   [Eden: 46.0M(46.0M)->0.0B(47.0M) Survivors: 5120.0K->4096.0K Heap: 366.0M(1024.0M)->319.9M(1024.0M)]
 [Times: user=0.04 sys=0.00, real=0.05 secs] 
2016-12-19T20:54:32.434+0100: 11137.694: [GC pause (G1 Evacuation Pause) (young), 0.0234166 secs]
   [Parallel Time: 21.9 ms, GC Workers: 1]
      [GC Worker Start (ms):  11137694.6]
      [Ext Root Scanning (ms):  1.6]
      [Update RS (ms):  3.1]
         [Processed Buffers:  31]
      [Scan RS (ms):  7.1]
      [Code Root Scanning (ms):  0.0]
      [Object Copy (ms):  9.9]
      [Termination (ms):  0.0]
         [Termination Attempts:  1]
      [GC Worker Other (ms):  0.0]
      [GC Worker Total (ms):  21.8]
      [GC Worker End (ms):  11137716.4]
   [Code Root Fixup: 0.1 ms]
   [Code Root Purge: 0.0 ms]
   [Clear CT: 0.1 ms]
   [Other: 1.4 ms]
      [Choose CSet: 0.0 ms]
      [Ref Proc: 0.1 ms]
      [Ref Enq: 0.0 ms]
      [Redirty Cards: 0.1 ms]
      [Humongous Register: 0.9 ms]
      [Humongous Reclaim: 0.0 ms]
      [Free CSet: 0.1 ms]
   [Eden: 47.0M(47.0M)->0.0B(47.0M) Survivors: 4096.0K->4096.0K Heap: 366.9M(1024.0M)->319.9M(1024.0M)]
 [Times: user=0.02 sys=0.00, real=0.02 secs] 
2016-12-19T20:54:33.407+0100: 11138.667: [GC pause (G1 Humongous Allocation) (young) (initial-mark), 0.1119035 secs]
   [Parallel Time: 110.7 ms, GC Workers: 1]
      [GC Worker Start (ms):  11138667.3]
      [Ext Root Scanning (ms):  59.2]
      [Update RS (ms):  2.2]
         [Processed Buffers:  26]
      [Scan RS (ms):  4.7]
      [Code Root Scanning (ms):  0.1]
      [Object Copy (ms):  44.4]
      [Termination (ms):  0.0]
         [Termination Attempts:  1]
      [GC Worker Other (ms):  0.1]
      [GC Worker Total (ms):  110.6]
      [GC Worker End (ms):  11138777.9]
   [Code Root Fixup: 0.1 ms]
   [Code Root Purge: 0.0 ms]
   [Clear CT: 0.1 ms]
   [Other: 1.0 ms]
      [Choose CSet: 0.0 ms]
      [Ref Proc: 0.1 ms]
      [Ref Enq: 0.0 ms]
      [Redirty Cards: 0.1 ms]
      [Humongous Register: 0.0 ms]
      [Humongous Reclaim: 0.1 ms]
      [Free CSet: 0.1 ms]
   [Eden: 40.0M(47.0M)->0.0B(47.0M) Survivors: 4096.0K->4096.0K Heap: 389.8M(1024.0M)->319.9M(1024.0M)]
 [Times: user=0.06 sys=0.00, real=0.11 secs] 
2016-12-19T20:54:33.531+0100: 11138.791: [GC concurrent-root-region-scan-start]
2016-12-19T20:54:33.646+0100: 11138.906: [GC concurrent-root-region-scan-end, 0.1152917 secs]
2016-12-19T20:54:33.651+0100: 11138.910: [GC concurrent-mark-start]
2016-12-19T20:54:34.264+0100: 11139.524: [GC concurrent-mark-end, 0.6131476 secs]
2016-12-19T20:54:34.273+0100: 11139.533: [GC remark 2016-12-19T20:54:34.273+0100: 11139.533: [Finalize Marking, 0.0007809 secs] 2016-12-19T20:54:34.274+0100: 11139.534: [GC ref-proc, 0.0007380 secs] 2016-12-19T20:54:34.275+0100: 11139.534: [Unloading, 0.3629602 secs], 0.3862992 secs]
 [Times: user=0.18 sys=0.01, real=0.38 secs] 
2016-12-19T20:54:34.677+0100: 11139.936: [GC cleanup 359M->315M(1024M), 0.0209416 secs]
 [Times: user=0.00 sys=0.00, real=0.02 secs] 
2016-12-19T20:54:34.698+0100: 11139.957: [GC concurrent-cleanup-start]
2016-12-19T20:54:34.709+0100: 11139.969: [GC concurrent-cleanup-end, 0.0111876 secs]
2016-12-19T20:54:34.990+0100: 11140.249: [GC pause (G1 Evacuation Pause) (young), 0.0223722 secs]
   [Parallel Time: 21.7 ms, GC Workers: 1]
      [GC Worker Start (ms):  11140249.4]
      [Ext Root Scanning (ms):  2.0]
      [Update RS (ms):  2.7]
         [Processed Buffers:  30]
      [Scan RS (ms):  4.9]
      [Code Root Scanning (ms):  0.0]
      [Object Copy (ms):  12.1]
      [Termination (ms):  0.0]
         [Termination Attempts:  1]
      [GC Worker Other (ms):  0.0]
      [GC Worker Total (ms):  21.7]
      [GC Worker End (ms):  11140271.1]
   [Code Root Fixup: 0.1 ms]
   [Code Root Purge: 0.0 ms]
   [Clear CT: 0.1 ms]
   [Other: 0.5 ms]
      [Choose CSet: 0.0 ms]
      [Ref Proc: 0.0 ms]
      [Ref Enq: 0.0 ms]
      [Redirty Cards: 0.0 ms]
      [Humongous Register: 0.1 ms]
      [Humongous Reclaim: 0.0 ms]
      [Free CSet: 0.1 ms]
   [Eden: 47.0M(47.0M)->0.0B(47.0M) Survivors: 4096.0K->4096.0K Heap: 332.9M(1024.0M)->275.9M(1024.0M)]
 [Times: user=0.03 sys=0.00, real=0.03 secs] 
2016-12-19T20:54:38.296+0100: 11143.555: [GC pause (G1 Evacuation Pause) (mixed), 0.0518043 secs]
   [Parallel Time: 46.3 ms, GC Workers: 1]
      [GC Worker Start (ms):  11143555.7]
      [Ext Root Scanning (ms):  2.2]
      [Update RS (ms):  4.2]
         [Processed Buffers:  38]
      [Scan RS (ms):  9.2]
      [Code Root Scanning (ms):  0.1]
      [Object Copy (ms):  30.5]
      [Termination (ms):  0.0]
         [Termination Attempts:  1]
      [GC Worker Other (ms):  0.0]
      [GC Worker Total (ms):  46.2]
      [GC Worker End (ms):  11143602.0]
   [Code Root Fixup: 0.1 ms]
   [Code Root Purge: 0.0 ms]
   [Clear CT: 0.1 ms]
   [Other: 5.4 ms]
      [Choose CSet: 0.0 ms]
      [Ref Proc: 0.1 ms]
      [Ref Enq: 0.0 ms]
      [Redirty Cards: 0.1 ms]
      [Humongous Register: 0.1 ms]
      [Humongous Reclaim: 0.0 ms]
      [Free CSet: 4.7 ms]
   [Eden: 47.0M(47.0M)->0.0B(47.0M) Survivors: 4096.0K->4096.0K Heap: 322.9M(1024.0M)->258.0M(1024.0M)]
 [Times: user=0.03 sys=0.00, real=0.05 secs] 
2016-12-19T20:54:42.878+0100: 11148.138: [GC pause (G1 Evacuation Pause) (mixed), 0.0579904 secs]
   [Parallel Time: 51.4 ms, GC Workers: 1]
      [GC Worker Start (ms):  11148138.2]
      [Ext Root Scanning (ms):  3.5]
      [Update RS (ms):  10.7]
         [Processed Buffers:  38]
      [Scan RS (ms):  11.6]
      [Code Root Scanning (ms):  0.1]
      [Object Copy (ms):  25.3]
      [Termination (ms):  0.0]
         [Termination Attempts:  1]
      [GC Worker Other (ms):  0.0]
      [GC Worker Total (ms):  51.3]
      [GC Worker End (ms):  11148189.5]
   [Code Root Fixup: 0.0 ms]
   [Code Root Purge: 0.0 ms]
   [Clear CT: 0.1 ms]
   [Other: 6.4 ms]
      [Choose CSet: 0.2 ms]
      [Ref Proc: 0.0 ms]
      [Ref Enq: 0.0 ms]
      [Redirty Cards: 0.1 ms]
      [Humongous Register: 0.1 ms]
      [Humongous Reclaim: 0.1 ms]
      [Free CSet: 0.4 ms]
   [Eden: 47.0M(47.0M)->0.0B(46.0M) Survivors: 4096.0K->5120.0K Heap: 305.0M(1024.0M)->241.0M(1024.0M)]
 [Times: user=0.05 sys=0.00, real=0.06 secs] 
2016-12-19T20:55:01.892+0100: 11167.152: [GC pause (G1 Evacuation Pause) (mixed), 0.0433035 secs]
   [Parallel Time: 42.7 ms, GC Workers: 1]
      [GC Worker Start (ms):  11167152.1]
      [Ext Root Scanning (ms):  1.1]
      [Update RS (ms):  2.2]
         [Processed Buffers:  39]
      [Scan RS (ms):  6.0]
      [Code Root Scanning (ms):  0.1]
      [Object Copy (ms):  33.3]
      [Termination (ms):  0.0]
         [Termination Attempts:  1]
      [GC Worker Other (ms):  0.0]
      [GC Worker Total (ms):  42.7]
      [GC Worker End (ms):  11167194.8]
   [Code Root Fixup: 0.0 ms]
   [Code Root Purge: 0.0 ms]
   [Clear CT: 0.1 ms]
   [Other: 0.5 ms]
      [Choose CSet: 0.0 ms]
      [Ref Proc: 0.0 ms]
      [Ref Enq: 0.0 ms]
      [Redirty Cards: 0.0 ms]
      [Humongous Register: 0.0 ms]
      [Humongous Reclaim: 0.0 ms]
      [Free CSet: 0.1 ms]
   [Eden: 46.0M(46.0M)->0.0B(47.0M) Survivors: 5120.0K->4096.0K Heap: 287.0M(1024.0M)->223.0M(1024.0M)]
 [Times: user=0.02 sys=0.00, real=0.04 secs] 
2016-12-19T20:55:18.976+0100: 11184.235: [GC pause (G1 Evacuation Pause) (mixed), 0.0272292 secs]
   [Parallel Time: 26.4 ms, GC Workers: 1]
      [GC Worker Start (ms):  11184235.7]
      [Ext Root Scanning (ms):  3.5]
      [Update RS (ms):  3.4]
         [Processed Buffers:  36]
      [Scan RS (ms):  6.1]
      [Code Root Scanning (ms):  0.1]
      [Object Copy (ms):  13.3]
      [Termination (ms):  0.0]
         [Termination Attempts:  1]
      [GC Worker Other (ms):  0.0]
      [GC Worker Total (ms):  26.4]
      [GC Worker End (ms):  11184262.1]
   [Code Root Fixup: 0.1 ms]
   [Code Root Purge: 0.0 ms]
   [Clear CT: 0.1 ms]
   [Other: 0.7 ms]
      [Choose CSet: 0.1 ms]
      [Ref Proc: 0.0 ms]
      [Ref Enq: 0.0 ms]
      [Redirty Cards: 0.0 ms]
      [Humongous Register: 0.1 ms]
      [Humongous Reclaim: 0.0 ms]
      [Free CSet: 0.2 ms]
   [Eden: 47.0M(47.0M)->0.0B(45.0M) Survivors: 4096.0K->6144.0K Heap: 270.0M(1024.0M)->206.9M(1024.0M)]
 [Times: user=0.03 sys=0.00, real=0.03 secs] 
2016-12-19T20:55:35.624+0100: 11200.883: [GC pause (G1 Evacuation Pause) (mixed), 0.0282505 secs]
   [Parallel Time: 27.4 ms, GC Workers: 1]
      [GC Worker Start (ms):  11200883.6]
      [Ext Root Scanning (ms):  1.2]
      [Update RS (ms):  2.7]
         [Processed Buffers:  36]
      [Scan RS (ms):  7.9]
      [Code Root Scanning (ms):  0.0]
      [Object Copy (ms):  15.6]
      [Termination (ms):  0.0]
         [Termination Attempts:  1]
      [GC Worker Other (ms):  0.0]
      [GC Worker Total (ms):  27.4]
      [GC Worker End (ms):  11200911.0]
   [Code Root Fixup: 0.1 ms]
   [Code Root Purge: 0.0 ms]
   [Clear CT: 0.1 ms]
   [Other: 0.7 ms]
      [Choose CSet: 0.1 ms]
      [Ref Proc: 0.0 ms]
      [Ref Enq: 0.0 ms]
      [Redirty Cards: 0.0 ms]
      [Humongous Register: 0.0 ms]
      [Humongous Reclaim: 0.0 ms]
      [Free CSet: 0.1 ms]
   [Eden: 45.0M(45.0M)->0.0B(47.0M) Survivors: 6144.0K->4096.0K Heap: 251.9M(1024.0M)->192.5M(1024.0M)]
 [Times: user=0.02 sys=0.00, real=0.02 secs] 
2016-12-19T20:55:53.575+0100: 11218.834: [GC pause (G1 Evacuation Pause) (young), 0.0358798 secs]
   [Parallel Time: 35.2 ms, GC Workers: 1]
      [GC Worker Start (ms):  11218834.5]
      [Ext Root Scanning (ms):  3.7]
      [Update RS (ms):  5.0]
         [Processed Buffers:  38]
      [Scan RS (ms):  6.8]
      [Code Root Scanning (ms):  0.0]
      [Object Copy (ms):  19.5]
      [Termination (ms):  0.0]
         [Termination Attempts:  1]
      [GC Worker Other (ms):  0.0]
      [GC Worker Total (ms):  35.2]
      [GC Worker End (ms):  11218869.7]
   [Code Root Fixup: 0.1 ms]
   [Code Root Purge: 0.0 ms]
   [Clear CT: 0.1 ms]
   [Other: 0.5 ms]
      [Choose CSet: 0.0 ms]
      [Ref Proc: 0.1 ms]
      [Ref Enq: 0.0 ms]
      [Redirty Cards: 0.0 ms]
      [Humongous Register: 0.1 ms]
      [Humongous Reclaim: 0.0 ms]
      [Free CSet: 0.1 ms]
   [Eden: 47.0M(47.0M)->0.0B(46.0M) Survivors: 4096.0K->5120.0K Heap: 239.5M(1024.0M)->193.5M(1024.0M)]
 [Times: user=0.03 sys=0.00, real=0.04 secs] 
2016-12-19T20:56:13.286+0100: 11238.545: [GC pause (G1 Evacuation Pause) (young), 0.0380041 secs]
   [Parallel Time: 37.3 ms, GC Workers: 1]
      [GC Worker Start (ms):  11238545.4]
      [Ext Root Scanning (ms):  1.8]
      [Update RS (ms):  3.7]
         [Processed Buffers:  39]
      [Scan RS (ms):  10.2]
      [Code Root Scanning (ms):  0.1]
      [Object Copy (ms):  21.5]
      [Termination (ms):  0.0]
         [Termination Attempts:  1]
      [GC Worker Other (ms):  0.0]
      [GC Worker Total (ms):  37.2]
      [GC Worker End (ms):  11238582.6]
   [Code Root Fixup: 0.1 ms]
   [Code Root Purge: 0.0 ms]
   [Clear CT: 0.1 ms]
   [Other: 0.6 ms]
      [Choose CSet: 0.0 ms]
      [Ref Proc: 0.1 ms]
      [Ref Enq: 0.0 ms]
      [Redirty Cards: 0.1 ms]
      [Humongous Register: 0.1 ms]
      [Humongous Reclaim: 0.1 ms]
      [Free CSet: 0.1 ms]
   [Eden: 46.0M(46.0M)->0.0B(47.0M) Survivors: 5120.0K->4096.0K Heap: 239.5M(1024.0M)->193.8M(1024.0M)]
 [Times: user=0.04 sys=0.00, real=0.04 secs] 
2016-12-19T20:56:30.950+0100: 11256.210: [GC pause (G1 Evacuation Pause) (young), 0.0826138 secs]
   [Parallel Time: 81.8 ms, GC Workers: 1]
      [GC Worker Start (ms):  11256209.9]
      [Ext Root Scanning (ms):  4.2]
      [Update RS (ms):  5.8]
         [Processed Buffers:  39]
      [Scan RS (ms):  26.0]
      [Code Root Scanning (ms):  0.0]
      [Object Copy (ms):  45.8]
      [Termination (ms):  0.0]
         [Termination Attempts:  1]
      [GC Worker Other (ms):  0.0]
      [GC Worker Total (ms):  81.7]
      [GC Worker End (ms):  11256291.6]
   [Code Root Fixup: 0.1 ms]
   [Code Root Purge: 0.0 ms]
   [Clear CT: 0.0 ms]
   [Other: 0.7 ms]
      [Choose CSet: 0.0 ms]
      [Ref Proc: 0.0 ms]
      [Ref Enq: 0.0 ms]
      [Redirty Cards: 0.1 ms]
      [Humongous Register: 0.2 ms]
      [Humongous Reclaim: 0.0 ms]
      [Free CSet: 0.1 ms]
   [Eden: 47.0M(47.0M)->0.0B(46.0M) Survivors: 4096.0K->5120.0K Heap: 240.8M(1024.0M)->194.8M(1024.0M)]
 [Times: user=0.08 sys=0.00, real=0.09 secs] 
2016-12-19T20:56:49.319+0100: 11274.579: [GC pause (G1 Evacuation Pause) (young), 0.0620547 secs]
   [Parallel Time: 61.3 ms, GC Workers: 1]
      [GC Worker Start (ms):  11274579.1]
      [Ext Root Scanning (ms):  6.0]
      [Update RS (ms):  9.2]
         [Processed Buffers:  38]
      [Scan RS (ms):  16.5]
      [Code Root Scanning (ms):  0.0]
      [Object Copy (ms):  29.4]
      [Termination (ms):  0.0]
         [Termination Attempts:  1]
      [GC Worker Other (ms):  0.0]
      [GC Worker Total (ms):  61.2]
      [GC Worker End (ms):  11274640.3]
   [Code Root Fixup: 0.1 ms]
   [Code Root Purge: 0.0 ms]
   [Clear CT: 0.1 ms]
   [Other: 0.7 ms]
      [Choose CSet: 0.0 ms]
      [Ref Proc: 0.0 ms]
      [Ref Enq: 0.0 ms]
      [Redirty Cards: 0.0 ms]
      [Humongous Register: 0.1 ms]
      [Humongous Reclaim: 0.0 ms]
      [Free CSet: 0.2 ms]
   [Eden: 46.0M(46.0M)->0.0B(47.0M) Survivors: 5120.0K->4096.0K Heap: 240.8M(1024.0M)->195.2M(1024.0M)]
 [Times: user=0.04 sys=0.00, real=0.06 secs] 
2016-12-19T20:57:07.411+0100: 11292.670: [GC pause (G1 Evacuation Pause) (young), 0.0387304 secs]
   [Parallel Time: 38.3 ms, GC Workers: 1]
      [GC Worker Start (ms):  11292670.6]
      [Ext Root Scanning (ms):  2.2]
      [Update RS (ms):  2.6]
         [Processed Buffers:  38]
      [Scan RS (ms):  10.1]
      [Code Root Scanning (ms):  0.0]
      [Object Copy (ms):  23.3]
      [Termination (ms):  0.0]
         [Termination Attempts:  1]
      [GC Worker Other (ms):  0.0]
      [GC Worker Total (ms):  38.2]
      [GC Worker End (ms):  11292708.8]
   [Code Root Fixup: 0.0 ms]
   [Code Root Purge: 0.0 ms]
   [Clear CT: 0.0 ms]
   [Other: 0.4 ms]
      [Choose CSet: 0.0 ms]
      [Ref Proc: 0.0 ms]
      [Ref Enq: 0.0 ms]
      [Redirty Cards: 0.0 ms]
      [Humongous Register: 0.0 ms]
      [Humongous Reclaim: 0.0 ms]
      [Free CSet: 0.1 ms]
   [Eden: 47.0M(47.0M)->0.0B(46.0M) Survivors: 4096.0K->5120.0K Heap: 242.2M(1024.0M)->196.2M(1024.0M)]
 [Times: user=0.03 sys=0.00, real=0.03 secs] 
2016-12-19T20:57:24.140+0100: 11309.400: [GC pause (G1 Evacuation Pause) (young), 0.0265441 secs]
   [Parallel Time: 26.0 ms, GC Workers: 1]
      [GC Worker Start (ms):  11309399.7]
      [Ext Root Scanning (ms):  1.3]
      [Update RS (ms):  2.7]
         [Processed Buffers:  38]
      [Scan RS (ms):  6.4]
      [Code Root Scanning (ms):  0.0]
      [Object Copy (ms):  15.5]
      [Termination (ms):  0.0]
         [Termination Attempts:  1]
      [GC Worker Other (ms):  0.0]
      [GC Worker Total (ms):  25.9]
      [GC Worker End (ms):  11309425.6]
   [Code Root Fixup: 0.1 ms]
   [Code Root Purge: 0.0 ms]
   [Clear CT: 0.0 ms]
   [Other: 0.4 ms]
      [Choose CSet: 0.0 ms]
      [Ref Proc: 0.0 ms]
      [Ref Enq: 0.0 ms]
      [Redirty Cards: 0.0 ms]
      [Humongous Register: 0.0 ms]
      [Humongous Reclaim: 0.0 ms]
      [Free CSet: 0.1 ms]
   [Eden: 46.0M(46.0M)->0.0B(47.0M) Survivors: 5120.0K->4096.0K Heap: 242.2M(1024.0M)->196.8M(1024.0M)]
 [Times: user=0.02 sys=0.00, real=0.03 secs] 
2016-12-19T20:57:42.092+0100: 11327.351: [GC pause (G1 Evacuation Pause) (young), 0.0441236 secs]
   [Parallel Time: 41.1 ms, GC Workers: 1]
      [GC Worker Start (ms):  11327351.6]
      [Ext Root Scanning (ms):  2.5]
      [Update RS (ms):  4.6]
         [Processed Buffers:  37]
      [Scan RS (ms):  12.6]
      [Code Root Scanning (ms):  0.0]
      [Object Copy (ms):  21.4]
      [Termination (ms):  0.0]
         [Termination Attempts:  1]
      [GC Worker Other (ms):  0.0]
      [GC Worker Total (ms):  41.1]
      [GC Worker End (ms):  11327392.7]
   [Code Root Fixup: 0.1 ms]
   [Code Root Purge: 0.0 ms]
   [Clear CT: 0.1 ms]
   [Other: 2.9 ms]
      [Choose CSet: 0.0 ms]
      [Ref Proc: 2.4 ms]
      [Ref Enq: 0.0 ms]
      [Redirty Cards: 0.0 ms]
      [Humongous Register: 0.1 ms]
      [Humongous Reclaim: 0.0 ms]
      [Free CSet: 0.1 ms]
   [Eden: 47.0M(47.0M)->0.0B(47.0M) Survivors: 4096.0K->4096.0K Heap: 243.8M(1024.0M)->196.3M(1024.0M)]
 [Times: user=0.05 sys=0.00, real=0.04 secs] 
2016-12-19T20:57:59.900+0100: 11345.159: [GC pause (G1 Evacuation Pause) (young), 0.0319166 secs]
   [Parallel Time: 31.3 ms, GC Workers: 1]
      [GC Worker Start (ms):  11345159.6]
      [Ext Root Scanning (ms):  2.0]
      [Update RS (ms):  4.8]
         [Processed Buffers:  39]
      [Scan RS (ms):  8.7]
      [Code Root Scanning (ms):  0.0]
      [Object Copy (ms):  15.7]
      [Termination (ms):  0.0]
         [Termination Attempts:  1]
      [GC Worker Other (ms):  0.0]
      [GC Worker Total (ms):  31.3]
      [GC Worker End (ms):  11345190.9]
   [Code Root Fixup: 0.1 ms]
   [Code Root Purge: 0.0 ms]
   [Clear CT: 0.0 ms]
   [Other: 0.5 ms]
      [Choose CSet: 0.0 ms]
      [Ref Proc: 0.0 ms]
      [Ref Enq: 0.0 ms]
      [Redirty Cards: 0.0 ms]
      [Humongous Register: 0.1 ms]
      [Humongous Reclaim: 0.0 ms]
      [Free CSet: 0.1 ms]
   [Eden: 47.0M(47.0M)->0.0B(46.0M) Survivors: 4096.0K->5120.0K Heap: 243.3M(1024.0M)->197.8M(1024.0M)]
 [Times: user=0.03 sys=0.00, real=0.04 secs] 
2016-12-19T20:58:17.626+0100: 11362.885: [GC pause (G1 Evacuation Pause) (young), 0.0411946 secs]
   [Parallel Time: 32.7 ms, GC Workers: 1]
      [GC Worker Start (ms):  11362885.6]
      [Ext Root Scanning (ms):  2.1]
      [Update RS (ms):  9.2]
         [Processed Buffers:  38]
      [Scan RS (ms):  6.3]
      [Code Root Scanning (ms):  0.0]
      [Object Copy (ms):  14.8]
      [Termination (ms):  0.0]
         [Termination Attempts:  1]
      [GC Worker Other (ms):  0.2]
      [GC Worker Total (ms):  32.6]
      [GC Worker End (ms):  11362918.2]
   [Code Root Fixup: 0.2 ms]
   [Code Root Purge: 0.0 ms]
   [Clear CT: 0.2 ms]
   [Other: 8.1 ms]
      [Choose CSet: 0.0 ms]
      [Ref Proc: 0.4 ms]
      [Ref Enq: 0.0 ms]
      [Redirty Cards: 0.3 ms]
      [Humongous Register: 0.1 ms]
      [Humongous Reclaim: 0.2 ms]
      [Free CSet: 6.0 ms]
   [Eden: 46.0M(46.0M)->0.0B(47.0M) Survivors: 5120.0K->4096.0K Heap: 243.8M(1024.0M)->197.4M(1024.0M)]
 [Times: user=0.04 sys=0.00, real=0.04 secs] 
2016-12-19T20:58:36.395+0100: 11381.654: [GC pause (G1 Evacuation Pause) (young), 0.0287290 secs]
   [Parallel Time: 28.2 ms, GC Workers: 1]
      [GC Worker Start (ms):  11381654.5]
      [Ext Root Scanning (ms):  1.3]
      [Update RS (ms):  6.7]
         [Processed Buffers:  39]
      [Scan RS (ms):  6.8]
      [Code Root Scanning (ms):  0.0]
      [Object Copy (ms):  13.3]
      [Termination (ms):  0.0]
         [Termination Attempts:  1]
      [GC Worker Other (ms):  0.0]
      [GC Worker Total (ms):  28.1]
      [GC Worker End (ms):  11381682.6]
   [Code Root Fixup: 0.1 ms]
   [Code Root Purge: 0.0 ms]
   [Clear CT: 0.0 ms]
   [Other: 0.5 ms]
      [Choose CSet: 0.0 ms]
      [Ref Proc: 0.0 ms]
      [Ref Enq: 0.0 ms]
      [Redirty Cards: 0.0 ms]
      [Humongous Register: 0.1 ms]
      [Humongous Reclaim: 0.0 ms]
      [Free CSet: 0.1 ms]
   [Eden: 47.0M(47.0M)->0.0B(46.0M) Survivors: 4096.0K->5120.0K Heap: 244.4M(1024.0M)->198.9M(1024.0M)]
 [Times: user=0.03 sys=0.00, real=0.03 secs] 
2016-12-19T20:58:55.856+0100: 11401.115: [GC pause (G1 Evacuation Pause) (young), 0.0293357 secs]
   [Parallel Time: 28.8 ms, GC Workers: 1]
      [GC Worker Start (ms):  11401115.6]
      [Ext Root Scanning (ms):  1.6]
      [Update RS (ms):  4.0]
         [Processed Buffers:  38]
      [Scan RS (ms):  7.2]
      [Code Root Scanning (ms):  0.0]
      [Object Copy (ms):  16.0]
      [Termination (ms):  0.0]
         [Termination Attempts:  1]
      [GC Worker Other (ms):  0.0]
      [GC Worker Total (ms):  28.8]
      [GC Worker End (ms):  11401144.4]
   [Code Root Fixup: 0.0 ms]
   [Code Root Purge: 0.0 ms]
   [Clear CT: 0.0 ms]
   [Other: 0.5 ms]
      [Choose CSet: 0.0 ms]
      [Ref Proc: 0.0 ms]
      [Ref Enq: 0.0 ms]
      [Redirty Cards: 0.0 ms]
      [Humongous Register: 0.1 ms]
      [Humongous Reclaim: 0.0 ms]
      [Free CSet: 0.1 ms]
   [Eden: 46.0M(46.0M)->0.0B(47.0M) Survivors: 5120.0K->4096.0K Heap: 244.9M(1024.0M)->199.2M(1024.0M)]
 [Times: user=0.03 sys=0.00, real=0.03 secs] 
2016-12-19T20:59:04.021+0100: 11409.281: [GC pause (G1 Evacuation Pause) (young), 0.0896039 secs]
   [Parallel Time: 86.7 ms, GC Workers: 1]
      [GC Worker Start (ms):  11409283.4]
      [Ext Root Scanning (ms):  2.0]
      [Update RS (ms):  21.9]
         [Processed Buffers:  40]
      [Scan RS (ms):  23.6]
      [Code Root Scanning (ms):  0.0]
      [Object Copy (ms):  36.2]
      [Termination (ms):  0.0]
         [Termination Attempts:  1]
      [GC Worker Other (ms):  0.0]
      [GC Worker Total (ms):  83.7]
      [GC Worker End (ms):  11409367.1]
   [Code Root Fixup: 0.0 ms]
   [Code Root Purge: 0.0 ms]
   [Clear CT: 0.1 ms]
   [Other: 2.8 ms]
      [Choose CSet: 0.0 ms]
      [Ref Proc: 0.1 ms]
      [Ref Enq: 0.0 ms]
      [Redirty Cards: 0.0 ms]
      [Humongous Register: 0.8 ms]
      [Humongous Reclaim: 0.0 ms]
      [Free CSet: 0.1 ms]
   [Eden: 47.0M(47.0M)->0.0B(46.0M) Survivors: 4096.0K->5120.0K Heap: 246.2M(1024.0M)->199.7M(1024.0M)]
 [Times: user=0.09 sys=0.00, real=0.10 secs] 
2016-12-19T20:59:25.970+0100: 11431.229: [GC pause (G1 Evacuation Pause) (young), 0.1101268 secs]
   [Parallel Time: 104.1 ms, GC Workers: 1]
      [GC Worker Start (ms):  11431229.8]
      [Ext Root Scanning (ms):  6.7]
      [Update RS (ms):  17.5]
         [Processed Buffers:  45]
      [Scan RS (ms):  21.4]
      [Code Root Scanning (ms):  0.0]
      [Object Copy (ms):  57.8]
      [Termination (ms):  0.0]
         [Termination Attempts:  1]
      [GC Worker Other (ms):  0.0]
      [GC Worker Total (ms):  103.5]
      [GC Worker End (ms):  11431333.3]
   [Code Root Fixup: 2.5 ms]
   [Code Root Purge: 0.0 ms]
   [Clear CT: 0.1 ms]
   [Other: 3.4 ms]
      [Choose CSet: 0.0 ms]
      [Ref Proc: 0.4 ms]
      [Ref Enq: 0.0 ms]
      [Redirty Cards: 0.1 ms]
      [Humongous Register: 0.1 ms]
      [Humongous Reclaim: 0.1 ms]
      [Free CSet: 1.2 ms]
   [Eden: 46.0M(46.0M)->0.0B(46.0M) Survivors: 5120.0K->5120.0K Heap: 245.7M(1024.0M)->200.8M(1024.0M)]
 [Times: user=0.07 sys=0.00, real=0.11 secs] 
2016-12-19T20:59:50.489+0100: 11455.748: [GC pause (G1 Evacuation Pause) (young), 0.0246682 secs]
   [Parallel Time: 24.1 ms, GC Workers: 1]
      [GC Worker Start (ms):  11455748.4]
      [Ext Root Scanning (ms):  2.7]
      [Update RS (ms):  2.2]
         [Processed Buffers:  38]
      [Scan RS (ms):  6.0]
      [Code Root Scanning (ms):  0.0]
      [Object Copy (ms):  13.1]
      [Termination (ms):  0.0]
         [Termination Attempts:  1]
      [GC Worker Other (ms):  0.0]
      [GC Worker Total (ms):  24.0]
      [GC Worker End (ms):  11455772.5]
   [Code Root Fixup: 0.1 ms]
   [Code Root Purge: 0.0 ms]
   [Clear CT: 0.0 ms]
   [Other: 0.5 ms]
      [Choose CSet: 0.0 ms]
      [Ref Proc: 0.0 ms]
      [Ref Enq: 0.0 ms]
      [Redirty Cards: 0.0 ms]
      [Humongous Register: 0.1 ms]
      [Humongous Reclaim: 0.0 ms]
      [Free CSet: 0.1 ms]
   [Eden: 46.0M(46.0M)->0.0B(47.0M) Survivors: 5120.0K->4096.0K Heap: 246.8M(1024.0M)->201.4M(1024.0M)]
 [Times: user=0.02 sys=0.00, real=0.03 secs] 
2016-12-19T21:00:15.876+0100: 11481.136: [GC pause (G1 Evacuation Pause) (young), 0.0397116 secs]
   [Parallel Time: 38.9 ms, GC Workers: 1]
      [GC Worker Start (ms):  11481135.9]
      [Ext Root Scanning (ms):  1.7]
      [Update RS (ms):  6.2]
         [Processed Buffers:  40]
      [Scan RS (ms):  11.6]
      [Code Root Scanning (ms):  0.0]
      [Object Copy (ms):  19.4]
      [Termination (ms):  0.0]
         [Termination Attempts:  1]
      [GC Worker Other (ms):  0.0]
      [GC Worker Total (ms):  38.9]
      [GC Worker End (ms):  11481174.8]
   [Code Root Fixup: 0.1 ms]
   [Code Root Purge: 0.0 ms]
   [Clear CT: 0.1 ms]
   [Other: 0.6 ms]
      [Choose CSet: 0.0 ms]
      [Ref Proc: 0.1 ms]
      [Ref Enq: 0.0 ms]
      [Redirty Cards: 0.1 ms]
      [Humongous Register: 0.1 ms]
      [Humongous Reclaim: 0.1 ms]
      [Free CSet: 0.1 ms]
   [Eden: 47.0M(47.0M)->0.0B(47.0M) Survivors: 4096.0K->4096.0K Heap: 248.4M(1024.0M)->201.4M(1024.0M)]
 [Times: user=0.03 sys=0.00, real=0.04 secs] 
2016-12-19T21:00:39.346+0100: 11504.606: [GC pause (G1 Evacuation Pause) (young), 0.0260641 secs]
   [Parallel Time: 25.4 ms, GC Workers: 1]
      [GC Worker Start (ms):  11504606.1]
      [Ext Root Scanning (ms):  1.5]
      [Update RS (ms):  4.1]
         [Processed Buffers:  41]
      [Scan RS (ms):  6.4]
      [Code Root Scanning (ms):  0.0]
      [Object Copy (ms):  13.1]
      [Termination (ms):  0.0]
         [Termination Attempts:  1]
      [GC Worker Other (ms):  0.0]
      [GC Worker Total (ms):  25.3]
      [GC Worker End (ms):  11504631.4]
   [Code Root Fixup: 0.1 ms]
   [Code Root Purge: 0.0 ms]
   [Clear CT: 0.1 ms]
   [Other: 0.5 ms]
      [Choose CSet: 0.0 ms]
      [Ref Proc: 0.0 ms]
      [Ref Enq: 0.0 ms]
      [Redirty Cards: 0.1 ms]
      [Humongous Register: 0.1 ms]
      [Humongous Reclaim: 0.0 ms]
      [Free CSet: 0.1 ms]
   [Eden: 47.0M(47.0M)->0.0B(45.0M) Survivors: 4096.0K->6144.0K Heap: 248.4M(1024.0M)->202.9M(1024.0M)]
 [Times: user=0.03 sys=0.00, real=0.03 secs] 
2016-12-19T21:01:04.119+0100: 11529.379: [GC pause (G1 Evacuation Pause) (young), 0.0248570 secs]
   [Parallel Time: 24.2 ms, GC Workers: 1]
      [GC Worker Start (ms):  11529379.3]
      [Ext Root Scanning (ms):  3.0]
      [Update RS (ms):  2.1]
         [Processed Buffers:  40]
      [Scan RS (ms):  6.2]
      [Code Root Scanning (ms):  0.0]
      [Object Copy (ms):  12.8]
      [Termination (ms):  0.0]
         [Termination Attempts:  1]
      [GC Worker Other (ms):  0.0]
      [GC Worker Total (ms):  24.1]
      [GC Worker End (ms):  11529403.4]
   [Code Root Fixup: 0.0 ms]
   [Code Root Purge: 0.0 ms]
   [Clear CT: 0.0 ms]
   [Other: 0.6 ms]
      [Choose CSet: 0.0 ms]
      [Ref Proc: 0.0 ms]
      [Ref Enq: 0.0 ms]
      [Redirty Cards: 0.0 ms]
      [Humongous Register: 0.1 ms]
      [Humongous Reclaim: 0.0 ms]
      [Free CSet: 0.1 ms]
   [Eden: 45.0M(45.0M)->0.0B(47.0M) Survivors: 6144.0K->4096.0K Heap: 247.9M(1024.0M)->202.8M(1024.0M)]
 [Times: user=0.02 sys=0.00, real=0.03 secs] 
2016-12-19T21:01:29.191+0100: 11554.451: [GC pause (G1 Evacuation Pause) (young), 0.0237850 secs]
   [Parallel Time: 23.2 ms, GC Workers: 1]
      [GC Worker Start (ms):  11554450.9]
      [Ext Root Scanning (ms):  1.5]
      [Update RS (ms):  4.1]
         [Processed Buffers:  39]
      [Scan RS (ms):  5.8]
      [Code Root Scanning (ms):  0.0]
      [Object Copy (ms):  11.7]
      [Termination (ms):  0.0]
         [Termination Attempts:  1]
      [GC Worker Other (ms):  0.0]
      [GC Worker Total (ms):  23.2]
      [GC Worker End (ms):  11554474.1]
   [Code Root Fixup: 0.0 ms]
   [Code Root Purge: 0.0 ms]
   [Clear CT: 0.0 ms]
   [Other: 0.5 ms]
      [Choose CSet: 0.0 ms]
      [Ref Proc: 0.0 ms]
      [Ref Enq: 0.0 ms]
      [Redirty Cards: 0.0 ms]
      [Humongous Register: 0.1 ms]
      [Humongous Reclaim: 0.0 ms]
      [Free CSet: 0.1 ms]
   [Eden: 47.0M(47.0M)->0.0B(46.0M) Survivors: 4096.0K->5120.0K Heap: 249.8M(1024.0M)->203.8M(1024.0M)]
 [Times: user=0.02 sys=0.00, real=0.02 secs] 
2016-12-19T21:01:54.046+0100: 11579.306: [GC pause (G1 Evacuation Pause) (young), 0.0255717 secs]
   [Parallel Time: 24.9 ms, GC Workers: 1]
      [GC Worker Start (ms):  11579305.8]
      [Ext Root Scanning (ms):  1.5]
      [Update RS (ms):  4.1]
         [Processed Buffers:  39]
      [Scan RS (ms):  6.7]
      [Code Root Scanning (ms):  0.0]
      [Object Copy (ms):  12.5]
      [Termination (ms):  0.0]
         [Termination Attempts:  1]
      [GC Worker Other (ms):  0.0]
      [GC Worker Total (ms):  24.9]
      [GC Worker End (ms):  11579330.7]
   [Code Root Fixup: 0.0 ms]
   [Code Root Purge: 0.0 ms]
   [Clear CT: 0.0 ms]
   [Other: 0.6 ms]
      [Choose CSet: 0.0 ms]
      [Ref Proc: 0.0 ms]
      [Ref Enq: 0.0 ms]
      [Redirty Cards: 0.0 ms]
      [Humongous Register: 0.1 ms]
      [Humongous Reclaim: 0.0 ms]
      [Free CSet: 0.1 ms]
   [Eden: 46.0M(46.0M)->0.0B(47.0M) Survivors: 5120.0K->4096.0K Heap: 249.8M(1024.0M)->204.5M(1024.0M)]
 [Times: user=0.02 sys=0.00, real=0.03 secs] 
2016-12-19T21:02:19.362+0100: 11604.621: [GC pause (G1 Evacuation Pause) (young), 0.0230314 secs]
   [Parallel Time: 22.6 ms, GC Workers: 1]
      [GC Worker Start (ms):  11604621.4]
      [Ext Root Scanning (ms):  1.0]
      [Update RS (ms):  2.1]
         [Processed Buffers:  39]
      [Scan RS (ms):  6.8]
      [Code Root Scanning (ms):  0.0]
      [Object Copy (ms):  12.6]
      [Termination (ms):  0.0]
         [Termination Attempts:  1]
      [GC Worker Other (ms):  0.0]
      [GC Worker Total (ms):  22.5]
      [GC Worker End (ms):  11604643.9]
   [Code Root Fixup: 0.1 ms]
   [Code Root Purge: 0.0 ms]
   [Clear CT: 0.0 ms]
   [Other: 0.4 ms]
      [Choose CSet: 0.0 ms]
      [Ref Proc: 0.0 ms]
      [Ref Enq: 0.0 ms]
      [Redirty Cards: 0.0 ms]
      [Humongous Register: 0.0 ms]
      [Humongous Reclaim: 0.0 ms]
      [Free CSet: 0.1 ms]
   [Eden: 47.0M(47.0M)->0.0B(46.0M) Survivors: 4096.0K->5120.0K Heap: 251.5M(1024.0M)->205.5M(1024.0M)]
 [Times: user=0.03 sys=0.00, real=0.03 secs] 
2016-12-19T21:02:45.583+0100: 11630.843: [GC pause (G1 Evacuation Pause) (young), 0.0278186 secs]
   [Parallel Time: 27.3 ms, GC Workers: 1]
      [GC Worker Start (ms):  11630843.3]
      [Ext Root Scanning (ms):  2.7]
      [Update RS (ms):  4.7]
         [Processed Buffers:  39]
      [Scan RS (ms):  6.9]
      [Code Root Scanning (ms):  0.0]
      [Object Copy (ms):  12.8]
      [Termination (ms):  0.0]
         [Termination Attempts:  1]
      [GC Worker Other (ms):  0.0]
      [GC Worker Total (ms):  27.2]
      [GC Worker End (ms):  11630870.5]
   [Code Root Fixup: 0.1 ms]
   [Code Root Purge: 0.0 ms]
   [Clear CT: 0.0 ms]
   [Other: 0.5 ms]
      [Choose CSet: 0.0 ms]
      [Ref Proc: 0.0 ms]
      [Ref Enq: 0.0 ms]
      [Redirty Cards: 0.0 ms]
      [Humongous Register: 0.1 ms]
      [Humongous Reclaim: 0.0 ms]
      [Free CSet: 0.1 ms]
   [Eden: 46.0M(46.0M)->0.0B(47.0M) Survivors: 5120.0K->4096.0K Heap: 251.5M(1024.0M)->206.3M(1024.0M)]
 [Times: user=0.02 sys=0.00, real=0.03 secs] 
2016-12-19T21:03:10.693+0100: 11655.952: [GC pause (G1 Evacuation Pause) (young), 0.0230633 secs]
   [Parallel Time: 22.6 ms, GC Workers: 1]
      [GC Worker Start (ms):  11655952.4]
      [Ext Root Scanning (ms):  1.1]
      [Update RS (ms):  2.2]
         [Processed Buffers:  39]
      [Scan RS (ms):  6.2]
      [Code Root Scanning (ms):  0.0]
      [Object Copy (ms):  13.0]
      [Termination (ms):  0.0]
         [Termination Attempts:  1]
      [GC Worker Other (ms):  0.0]
      [GC Worker Total (ms):  22.5]
      [GC Worker End (ms):  11655974.9]
   [Code Root Fixup: 0.1 ms]
   [Code Root Purge: 0.0 ms]
   [Clear CT: 0.0 ms]
   [Other: 0.4 ms]
      [Choose CSet: 0.0 ms]
      [Ref Proc: 0.0 ms]
      [Ref Enq: 0.0 ms]
      [Redirty Cards: 0.0 ms]
      [Humongous Register: 0.0 ms]
      [Humongous Reclaim: 0.0 ms]
      [Free CSet: 0.1 ms]
   [Eden: 47.0M(47.0M)->0.0B(45.0M) Survivors: 4096.0K->6144.0K Heap: 253.3M(1024.0M)->207.8M(1024.0M)]
 [Times: user=0.03 sys=0.00, real=0.02 secs] 
2016-12-19T21:03:33.230+0100: 11678.489: [GC pause (G1 Evacuation Pause) (young), 0.0297768 secs]
   [Parallel Time: 28.4 ms, GC Workers: 1]
      [GC Worker Start (ms):  11678489.8]
      [Ext Root Scanning (ms):  1.5]
      [Update RS (ms):  6.7]
         [Processed Buffers:  39]
      [Scan RS (ms):  6.4]
      [Code Root Scanning (ms):  0.0]
      [Object Copy (ms):  13.5]
      [Termination (ms):  0.0]
         [Termination Attempts:  1]
      [GC Worker Other (ms):  0.0]
      [GC Worker Total (ms):  28.2]
      [GC Worker End (ms):  11678518.0]
   [Code Root Fixup: 0.0 ms]
   [Code Root Purge: 0.0 ms]
   [Clear CT: 0.1 ms]
   [Other: 1.3 ms]
      [Choose CSet: 0.0 ms]
      [Ref Proc: 0.0 ms]
      [Ref Enq: 0.0 ms]
      [Redirty Cards: 0.1 ms]
      [Humongous Register: 0.1 ms]
      [Humongous Reclaim: 0.1 ms]
      [Free CSet: 0.4 ms]
   [Eden: 45.0M(45.0M)->0.0B(47.0M) Survivors: 6144.0K->4096.0K Heap: 252.8M(1024.0M)->207.7M(1024.0M)]
 [Times: user=0.03 sys=0.00, real=0.03 secs] 
2016-12-19T21:03:56.944+0100: 11702.204: [GC pause (G1 Evacuation Pause) (young), 0.0431143 secs]
   [Parallel Time: 41.4 ms, GC Workers: 1]
      [GC Worker Start (ms):  11702204.5]
      [Ext Root Scanning (ms):  3.3]
      [Update RS (ms):  8.6]
         [Processed Buffers:  40]
      [Scan RS (ms):  8.3]
      [Code Root Scanning (ms):  0.0]
      [Object Copy (ms):  21.0]
      [Termination (ms):  0.0]
         [Termination Attempts:  1]
      [GC Worker Other (ms):  0.0]
      [GC Worker Total (ms):  41.3]
      [GC Worker End (ms):  11702245.8]
   [Code Root Fixup: 0.7 ms]
   [Code Root Purge: 0.0 ms]
   [Clear CT: 0.1 ms]
   [Other: 0.9 ms]
      [Choose CSet: 0.0 ms]
      [Ref Proc: 0.1 ms]
      [Ref Enq: 0.0 ms]
      [Redirty Cards: 0.1 ms]
      [Humongous Register: 0.1 ms]
      [Humongous Reclaim: 0.0 ms]
      [Free CSet: 0.1 ms]
   [Eden: 47.0M(47.0M)->0.0B(45.0M) Survivors: 4096.0K->6144.0K Heap: 254.7M(1024.0M)->209.2M(1024.0M)]
 [Times: user=0.04 sys=0.00, real=0.04 secs] 
2016-12-19T21:04:19.527+0100: 11724.787: [GC pause (G1 Evacuation Pause) (young), 0.0425798 secs]
   [Parallel Time: 40.1 ms, GC Workers: 1]
      [GC Worker Start (ms):  11724787.1]
      [Ext Root Scanning (ms):  2.6]
      [Update RS (ms):  9.9]
         [Processed Buffers:  40]
      [Scan RS (ms):  6.7]
      [Code Root Scanning (ms):  0.0]
      [Object Copy (ms):  20.8]
      [Termination (ms):  0.0]
         [Termination Attempts:  1]
      [GC Worker Other (ms):  0.0]
      [GC Worker Total (ms):  40.1]
      [GC Worker End (ms):  11724827.2]
   [Code Root Fixup: 0.1 ms]
   [Code Root Purge: 0.0 ms]
   [Clear CT: 0.2 ms]
   [Other: 2.2 ms]
      [Choose CSet: 0.0 ms]
      [Ref Proc: 0.0 ms]
      [Ref Enq: 0.0 ms]
      [Redirty Cards: 0.1 ms]
      [Humongous Register: 0.1 ms]
      [Humongous Reclaim: 0.3 ms]
      [Free CSet: 0.2 ms]
   [Eden: 45.0M(45.0M)->0.0B(47.0M) Survivors: 6144.0K->4096.0K Heap: 254.2M(1024.0M)->209.2M(1024.0M)]
 [Times: user=0.04 sys=0.00, real=0.05 secs] 
2016-12-19T21:04:45.676+0100: 11750.936: [GC pause (G1 Evacuation Pause) (young), 0.0288694 secs]
   [Parallel Time: 28.4 ms, GC Workers: 1]
      [GC Worker Start (ms):  11750935.7]
      [Ext Root Scanning (ms):  0.9]
      [Update RS (ms):  3.6]
         [Processed Buffers:  40]
      [Scan RS (ms):  9.8]
      [Code Root Scanning (ms):  0.0]
      [Object Copy (ms):  14.0]
      [Termination (ms):  0.0]
         [Termination Attempts:  1]
      [GC Worker Other (ms):  0.0]
      [GC Worker Total (ms):  28.4]
      [GC Worker End (ms):  11750964.1]
   [Code Root Fixup: 0.0 ms]
   [Code Root Purge: 0.0 ms]
   [Clear CT: 0.0 ms]
   [Other: 0.4 ms]
      [Choose CSet: 0.0 ms]
      [Ref Proc: 0.0 ms]
      [Ref Enq: 0.0 ms]
      [Redirty Cards: 0.0 ms]
      [Humongous Register: 0.0 ms]
      [Humongous Reclaim: 0.0 ms]
      [Free CSet: 0.1 ms]
   [Eden: 47.0M(47.0M)->0.0B(46.0M) Survivors: 4096.0K->5120.0K Heap: 256.2M(1024.0M)->210.7M(1024.0M)]
 [Times: user=0.03 sys=0.00, real=0.03 secs] 
2016-12-19T21:05:08.347+0100: 11773.606: [GC pause (G1 Evacuation Pause) (young), 0.0438807 secs]
   [Parallel Time: 43.0 ms, GC Workers: 1]
      [GC Worker Start (ms):  11773606.6]
      [Ext Root Scanning (ms):  2.1]
      [Update RS (ms):  6.1]
         [Processed Buffers:  40]
      [Scan RS (ms):  12.2]
      [Code Root Scanning (ms):  0.0]
      [Object Copy (ms):  22.6]
      [Termination (ms):  0.0]
         [Termination Attempts:  1]
      [GC Worker Other (ms):  0.0]
      [GC Worker Total (ms):  42.9]
      [GC Worker End (ms):  11773649.5]
   [Code Root Fixup: 0.1 ms]
   [Code Root Purge: 0.0 ms]
   [Clear CT: 0.1 ms]
   [Other: 0.8 ms]
      [Choose CSet: 0.0 ms]
      [Ref Proc: 0.1 ms]
      [Ref Enq: 0.0 ms]
      [Redirty Cards: 0.1 ms]
      [Humongous Register: 0.1 ms]
      [Humongous Reclaim: 0.0 ms]
      [Free CSet: 0.2 ms]
   [Eden: 46.0M(46.0M)->0.0B(47.0M) Survivors: 5120.0K->4096.0K Heap: 256.7M(1024.0M)->211.7M(1024.0M)]
 [Times: user=0.04 sys=0.00, real=0.05 secs] 
2016-12-19T21:05:33.407+0100: 11798.666: [GC pause (G1 Evacuation Pause) (young), 0.0284332 secs]
   [Parallel Time: 27.5 ms, GC Workers: 1]
      [GC Worker Start (ms):  11798666.7]
      [Ext Root Scanning (ms):  1.4]
      [Update RS (ms):  3.2]
         [Processed Buffers:  39]
      [Scan RS (ms):  5.3]
      [Code Root Scanning (ms):  0.0]
      [Object Copy (ms):  17.6]
      [Termination (ms):  0.0]
         [Termination Attempts:  1]
      [GC Worker Other (ms):  0.0]
      [GC Worker Total (ms):  27.5]
      [GC Worker End (ms):  11798694.2]
   [Code Root Fixup: 0.1 ms]
   [Code Root Purge: 0.0 ms]
   [Clear CT: 0.1 ms]
   [Other: 0.7 ms]
      [Choose CSet: 0.0 ms]
      [Ref Proc: 0.1 ms]
      [Ref Enq: 0.0 ms]
      [Redirty Cards: 0.1 ms]
      [Humongous Register: 0.0 ms]
      [Humongous Reclaim: 0.1 ms]
      [Free CSet: 0.1 ms]
   [Eden: 47.0M(47.0M)->0.0B(47.0M) Survivors: 4096.0K->4096.0K Heap: 258.7M(1024.0M)->211.7M(1024.0M)]
 [Times: user=0.03 sys=0.00, real=0.03 secs] 
2016-12-19T21:05:57.605+0100: 11822.865: [GC pause (G1 Evacuation Pause) (young), 0.0510582 secs]
   [Parallel Time: 50.1 ms, GC Workers: 1]
      [GC Worker Start (ms):  11822865.7]
      [Ext Root Scanning (ms):  4.2]
      [Update RS (ms):  7.5]
         [Processed Buffers:  40]
      [Scan RS (ms):  9.2]
      [Code Root Scanning (ms):  0.1]
      [Object Copy (ms):  28.9]
      [Termination (ms):  0.0]
         [Termination Attempts:  1]
      [GC Worker Other (ms):  0.0]
      [GC Worker Total (ms):  49.9]
      [GC Worker End (ms):  11822915.7]
   [Code Root Fixup: 0.1 ms]
   [Code Root Purge: 0.0 ms]
   [Clear CT: 0.0 ms]
   [Other: 0.8 ms]
      [Choose CSet: 0.0 ms]
      [Ref Proc: 0.0 ms]
      [Ref Enq: 0.0 ms]
      [Redirty Cards: 0.0 ms]
      [Humongous Register: 0.2 ms]
      [Humongous Reclaim: 0.0 ms]
      [Free CSet: 0.1 ms]
   [Eden: 47.0M(47.0M)->0.0B(46.0M) Survivors: 4096.0K->5120.0K Heap: 258.7M(1024.0M)->212.7M(1024.0M)]
 [Times: user=0.05 sys=0.00, real=0.05 secs] 
2016-12-19T21:06:20.680+0100: 11845.940: [GC pause (G1 Evacuation Pause) (young), 0.0344787 secs]
   [Parallel Time: 33.8 ms, GC Workers: 1]
      [GC Worker Start (ms):  11845940.0]
      [Ext Root Scanning (ms):  1.0]
      [Update RS (ms):  3.1]
         [Processed Buffers:  38]
      [Scan RS (ms):  8.1]
      [Code Root Scanning (ms):  0.0]
      [Object Copy (ms):  21.5]
      [Termination (ms):  0.0]
         [Termination Attempts:  1]
      [GC Worker Other (ms):  0.0]
      [GC Worker Total (ms):  33.8]
      [GC Worker End (ms):  11845973.7]
   [Code Root Fixup: 0.0 ms]
   [Code Root Purge: 0.0 ms]
   [Clear CT: 0.1 ms]
   [Other: 0.5 ms]
      [Choose CSet: 0.0 ms]
      [Ref Proc: 0.0 ms]
      [Ref Enq: 0.0 ms]
      [Redirty Cards: 0.1 ms]
      [Humongous Register: 0.0 ms]
      [Humongous Reclaim: 0.0 ms]
      [Free CSet: 0.1 ms]
   [Eden: 46.0M(46.0M)->0.0B(47.0M) Survivors: 5120.0K->4096.0K Heap: 258.7M(1024.0M)->212.9M(1024.0M)]
 [Times: user=0.03 sys=0.00, real=0.04 secs] 
2016-12-19T21:06:44.370+0100: 11869.630: [GC pause (G1 Evacuation Pause) (young), 0.0281876 secs]
   [Parallel Time: 27.7 ms, GC Workers: 1]
      [GC Worker Start (ms):  11869630.3]
      [Ext Root Scanning (ms):  4.6]
      [Update RS (ms):  4.6]
         [Processed Buffers:  40]
      [Scan RS (ms):  5.4]
      [Code Root Scanning (ms):  0.0]
      [Object Copy (ms):  13.0]
      [Termination (ms):  0.0]
         [Termination Attempts:  1]
      [GC Worker Other (ms):  0.0]
      [GC Worker Total (ms):  27.6]
      [GC Worker End (ms):  11869657.9]
   [Code Root Fixup: 0.1 ms]
   [Code Root Purge: 0.0 ms]
   [Clear CT: 0.0 ms]
   [Other: 0.4 ms]
      [Choose CSet: 0.0 ms]
      [Ref Proc: 0.0 ms]
      [Ref Enq: 0.0 ms]
      [Redirty Cards: 0.0 ms]
      [Humongous Register: 0.1 ms]
      [Humongous Reclaim: 0.0 ms]
      [Free CSet: 0.1 ms]
   [Eden: 47.0M(47.0M)->0.0B(45.0M) Survivors: 4096.0K->6144.0K Heap: 259.9M(1024.0M)->214.4M(1024.0M)]
 [Times: user=0.03 sys=0.00, real=0.02 secs] 
2016-12-19T21:07:07.909+0100: 11893.168: [GC pause (G1 Evacuation Pause) (young), 0.0261741 secs]
   [Parallel Time: 25.4 ms, GC Workers: 1]
      [GC Worker Start (ms):  11893168.8]
      [Ext Root Scanning (ms):  1.5]
      [Update RS (ms):  4.0]
         [Processed Buffers:  40]
      [Scan RS (ms):  5.9]
      [Code Root Scanning (ms):  0.0]
      [Object Copy (ms):  14.0]
      [Termination (ms):  0.0]
         [Termination Attempts:  1]
      [GC Worker Other (ms):  0.0]
      [GC Worker Total (ms):  25.3]
      [GC Worker End (ms):  11893194.1]
   [Code Root Fixup: 0.0 ms]
   [Code Root Purge: 0.0 ms]
   [Clear CT: 0.1 ms]
   [Other: 0.7 ms]
      [Choose CSet: 0.0 ms]
      [Ref Proc: 0.1 ms]
      [Ref Enq: 0.0 ms]
      [Redirty Cards: 0.0 ms]
      [Humongous Register: 0.2 ms]
      [Humongous Reclaim: 0.0 ms]
      [Free CSet: 0.1 ms]
   [Eden: 45.0M(45.0M)->0.0B(47.0M) Survivors: 6144.0K->4096.0K Heap: 259.4M(1024.0M)->214.4M(1024.0M)]
 [Times: user=0.03 sys=0.00, real=0.03 secs] 
2016-12-19T21:07:35.873+0100: 11921.133: [GC pause (G1 Evacuation Pause) (young), 0.0402246 secs]
   [Parallel Time: 39.5 ms, GC Workers: 1]
      [GC Worker Start (ms):  11921133.0]
      [Ext Root Scanning (ms):  3.1]
      [Update RS (ms):  4.2]
         [Processed Buffers:  39]
      [Scan RS (ms):  11.4]
      [Code Root Scanning (ms):  0.0]
      [Object Copy (ms):  20.7]
      [Termination (ms):  0.0]
         [Termination Attempts:  1]
      [GC Worker Other (ms):  0.0]
      [GC Worker Total (ms):  39.4]
      [GC Worker End (ms):  11921172.4]
   [Code Root Fixup: 0.0 ms]
   [Code Root Purge: 0.0 ms]
   [Clear CT: 0.0 ms]
   [Other: 0.6 ms]
      [Choose CSet: 0.0 ms]
      [Ref Proc: 0.0 ms]
      [Ref Enq: 0.0 ms]
      [Redirty Cards: 0.0 ms]
      [Humongous Register: 0.1 ms]
      [Humongous Reclaim: 0.0 ms]
      [Free CSet: 0.1 ms]
   [Eden: 47.0M(47.0M)->0.0B(45.0M) Survivors: 4096.0K->6144.0K Heap: 261.4M(1024.0M)->215.9M(1024.0M)]
 [Times: user=0.04 sys=0.00, real=0.04 secs] 
2016-12-19T21:07:58.600+0100: 11943.859: [GC pause (G1 Evacuation Pause) (young), 0.0260190 secs]
   [Parallel Time: 24.6 ms, GC Workers: 1]
      [GC Worker Start (ms):  11943860.5]
      [Ext Root Scanning (ms):  2.6]
      [Update RS (ms):  2.5]
         [Processed Buffers:  39]
      [Scan RS (ms):  4.7]
      [Code Root Scanning (ms):  0.0]
      [Object Copy (ms):  14.8]
      [Termination (ms):  0.0]
         [Termination Attempts:  1]
      [GC Worker Other (ms):  0.0]
      [GC Worker Total (ms):  24.5]
      [GC Worker End (ms):  11943885.0]
   [Code Root Fixup: 0.0 ms]
   [Code Root Purge: 0.0 ms]
   [Clear CT: 0.0 ms]
   [Other: 1.4 ms]
      [Choose CSet: 0.0 ms]
      [Ref Proc: 0.0 ms]
      [Ref Enq: 0.0 ms]
      [Redirty Cards: 0.0 ms]
      [Humongous Register: 0.3 ms]
      [Humongous Reclaim: 0.0 ms]
      [Free CSet: 0.1 ms]
   [Eden: 45.0M(45.0M)->0.0B(47.0M) Survivors: 6144.0K->4096.0K Heap: 260.9M(1024.0M)->215.9M(1024.0M)]
 [Times: user=0.03 sys=0.00, real=0.03 secs] 
2016-12-19T21:08:22.755+0100: 11968.014: [GC pause (G1 Evacuation Pause) (young), 0.0250622 secs]
   [Parallel Time: 24.3 ms, GC Workers: 1]
      [GC Worker Start (ms):  11968014.6]
      [Ext Root Scanning (ms):  2.2]
      [Update RS (ms):  2.9]
         [Processed Buffers:  39]
      [Scan RS (ms):  6.0]
      [Code Root Scanning (ms):  0.0]
      [Object Copy (ms):  13.2]
      [Termination (ms):  0.0]
         [Termination Attempts:  1]
      [GC Worker Other (ms):  0.0]
      [GC Worker Total (ms):  24.3]
      [GC Worker End (ms):  11968038.8]
   [Code Root Fixup: 0.1 ms]
   [Code Root Purge: 0.0 ms]
   [Clear CT: 0.1 ms]
   [Other: 0.6 ms]
      [Choose CSet: 0.0 ms]
      [Ref Proc: 0.1 ms]
      [Ref Enq: 0.0 ms]
      [Redirty Cards: 0.1 ms]
      [Humongous Register: 0.1 ms]
      [Humongous Reclaim: 0.0 ms]
      [Free CSet: 0.1 ms]
   [Eden: 47.0M(47.0M)->0.0B(45.0M) Survivors: 4096.0K->6144.0K Heap: 262.9M(1024.0M)->217.4M(1024.0M)]
 [Times: user=0.02 sys=0.00, real=0.02 secs] 
2016-12-19T21:08:45.771+0100: 11991.031: [GC pause (G1 Evacuation Pause) (young), 0.0740612 secs]
   [Parallel Time: 73.0 ms, GC Workers: 1]
      [GC Worker Start (ms):  11991031.0]
      [Ext Root Scanning (ms):  4.2]
      [Update RS (ms):  13.4]
         [Processed Buffers:  39]
      [Scan RS (ms):  7.1]
      [Code Root Scanning (ms):  0.0]
      [Object Copy (ms):  48.3]
      [Termination (ms):  0.0]
         [Termination Attempts:  1]
      [GC Worker Other (ms):  0.0]
      [GC Worker Total (ms):  73.0]
      [GC Worker End (ms):  11991104.0]
   [Code Root Fixup: 0.1 ms]
   [Code Root Purge: 0.0 ms]
   [Clear CT: 0.1 ms]
   [Other: 0.9 ms]
      [Choose CSet: 0.0 ms]
      [Ref Proc: 0.0 ms]
      [Ref Enq: 0.0 ms]
      [Redirty Cards: 0.3 ms]
      [Humongous Register: 0.1 ms]
      [Humongous Reclaim: 0.1 ms]
      [Free CSet: 0.1 ms]
   [Eden: 45.0M(45.0M)->0.0B(47.0M) Survivors: 6144.0K->4096.0K Heap: 262.4M(1024.0M)->217.2M(1024.0M)]
 [Times: user=0.07 sys=0.00, real=0.07 secs] 
2016-12-19T21:09:09.839+0100: 12015.098: [GC pause (G1 Evacuation Pause) (young), 0.0285127 secs]
   [Parallel Time: 27.4 ms, GC Workers: 1]
      [GC Worker Start (ms):  12015098.9]
      [Ext Root Scanning (ms):  2.8]
      [Update RS (ms):  3.8]
         [Processed Buffers:  42]
      [Scan RS (ms):  6.0]
      [Code Root Scanning (ms):  0.0]
      [Object Copy (ms):  14.8]
      [Termination (ms):  0.0]
         [Termination Attempts:  1]
      [GC Worker Other (ms):  0.0]
      [GC Worker Total (ms):  27.4]
      [GC Worker End (ms):  12015126.3]
   [Code Root Fixup: 0.0 ms]
   [Code Root Purge: 0.0 ms]
   [Clear CT: 0.1 ms]
   [Other: 1.0 ms]
      [Choose CSet: 0.0 ms]
      [Ref Proc: 0.1 ms]
      [Ref Enq: 0.0 ms]
      [Redirty Cards: 0.0 ms]
      [Humongous Register: 0.0 ms]
      [Humongous Reclaim: 0.0 ms]
      [Free CSet: 0.1 ms]
   [Eden: 47.0M(47.0M)->0.0B(45.0M) Survivors: 4096.0K->6144.0K Heap: 264.2M(1024.0M)->218.7M(1024.0M)]
 [Times: user=0.03 sys=0.00, real=0.03 secs] 
2016-12-19T21:09:33.652+0100: 12038.912: [GC pause (G1 Evacuation Pause) (young), 0.0331169 secs]
   [Parallel Time: 31.1 ms, GC Workers: 1]
      [GC Worker Start (ms):  12038912.2]
      [Ext Root Scanning (ms):  4.4]
      [Update RS (ms):  3.0]
         [Processed Buffers:  38]
      [Scan RS (ms):  4.7]
      [Code Root Scanning (ms):  0.0]
      [Object Copy (ms):  19.0]
      [Termination (ms):  0.0]
         [Termination Attempts:  1]
      [GC Worker Other (ms):  0.0]
      [GC Worker Total (ms):  31.1]
      [GC Worker End (ms):  12038943.3]
   [Code Root Fixup: 0.1 ms]
   [Code Root Purge: 0.0 ms]
   [Clear CT: 0.1 ms]
   [Other: 1.9 ms]
      [Choose CSet: 0.0 ms]
      [Ref Proc: 0.0 ms]
      [Ref Enq: 0.0 ms]
      [Redirty Cards: 0.1 ms]
      [Humongous Register: 0.1 ms]
      [Humongous Reclaim: 0.0 ms]
      [Free CSet: 0.1 ms]
   [Eden: 45.0M(45.0M)->0.0B(47.0M) Survivors: 6144.0K->4096.0K Heap: 263.7M(1024.0M)->218.7M(1024.0M)]
 [Times: user=0.03 sys=0.00, real=0.03 secs] 
2016-12-19T21:09:57.814+0100: 12063.074: [GC pause (G1 Evacuation Pause) (young), 0.0320269 secs]
   [Parallel Time: 31.5 ms, GC Workers: 1]
      [GC Worker Start (ms):  12063073.8]
      [Ext Root Scanning (ms):  1.2]
      [Update RS (ms):  3.5]
         [Processed Buffers:  38]
      [Scan RS (ms):  11.8]
      [Code Root Scanning (ms):  0.0]
      [Object Copy (ms):  14.9]
      [Termination (ms):  0.0]
         [Termination Attempts:  1]
      [GC Worker Other (ms):  0.0]
      [GC Worker Total (ms):  31.4]
      [GC Worker End (ms):  12063105.2]
   [Code Root Fixup: 0.0 ms]
   [Code Root Purge: 0.0 ms]
   [Clear CT: 0.0 ms]
   [Other: 0.5 ms]
      [Choose CSet: 0.0 ms]
      [Ref Proc: 0.0 ms]
      [Ref Enq: 0.0 ms]
      [Redirty Cards: 0.0 ms]
      [Humongous Register: 0.1 ms]
      [Humongous Reclaim: 0.0 ms]
      [Free CSet: 0.1 ms]
   [Eden: 47.0M(47.0M)->0.0B(46.0M) Survivors: 4096.0K->5120.0K Heap: 265.7M(1024.0M)->220.2M(1024.0M)]
 [Times: user=0.03 sys=0.00, real=0.03 secs] 
2016-12-19T21:10:21.682+0100: 12086.941: [GC pause (G1 Evacuation Pause) (young), 0.0342519 secs]
   [Parallel Time: 33.6 ms, GC Workers: 1]
      [GC Worker Start (ms):  12086941.6]
      [Ext Root Scanning (ms):  4.5]
      [Update RS (ms):  6.6]
         [Processed Buffers:  39]
      [Scan RS (ms):  4.7]
      [Code Root Scanning (ms):  0.0]
      [Object Copy (ms):  17.5]
      [Termination (ms):  0.0]
         [Termination Attempts:  1]
      [GC Worker Other (ms):  0.0]
      [GC Worker Total (ms):  33.4]
      [GC Worker End (ms):  12086975.0]
   [Code Root Fixup: 0.1 ms]
   [Code Root Purge: 0.0 ms]
   [Clear CT: 0.0 ms]
   [Other: 0.6 ms]
      [Choose CSet: 0.0 ms]
      [Ref Proc: 0.0 ms]
      [Ref Enq: 0.0 ms]
      [Redirty Cards: 0.0 ms]
      [Humongous Register: 0.1 ms]
      [Humongous Reclaim: 0.0 ms]
      [Free CSet: 0.1 ms]
   [Eden: 46.0M(46.0M)->0.0B(47.0M) Survivors: 5120.0K->4096.0K Heap: 266.2M(1024.0M)->220.7M(1024.0M)]
 [Times: user=0.03 sys=0.00, real=0.04 secs] 
2016-12-19T21:10:45.955+0100: 12111.215: [GC pause (G1 Evacuation Pause) (young), 0.0300928 secs]
   [Parallel Time: 29.1 ms, GC Workers: 1]
      [GC Worker Start (ms):  12111215.1]
      [Ext Root Scanning (ms):  3.1]
      [Update RS (ms):  4.7]
         [Processed Buffers:  39]
      [Scan RS (ms):  7.4]
      [Code Root Scanning (ms):  0.0]
      [Object Copy (ms):  13.7]
      [Termination (ms):  0.0]
         [Termination Attempts:  1]
      [GC Worker Other (ms):  0.0]
      [GC Worker Total (ms):  29.0]
      [GC Worker End (ms):  12111244.1]
   [Code Root Fixup: 0.1 ms]
   [Code Root Purge: 0.0 ms]
   [Clear CT: 0.1 ms]
   [Other: 0.8 ms]
      [Choose CSet: 0.0 ms]
      [Ref Proc: 0.0 ms]
      [Ref Enq: 0.0 ms]
      [Redirty Cards: 0.1 ms]
      [Humongous Register: 0.1 ms]
      [Humongous Reclaim: 0.0 ms]
      [Free CSet: 0.1 ms]
   [Eden: 47.0M(47.0M)->0.0B(47.0M) Survivors: 4096.0K->4096.0K Heap: 267.7M(1024.0M)->220.7M(1024.0M)]
 [Times: user=0.03 sys=0.00, real=0.03 secs] 
2016-12-19T21:11:12.952+0100: 12138.211: [GC pause (G1 Evacuation Pause) (young), 0.0262021 secs]
   [Parallel Time: 25.0 ms, GC Workers: 1]
      [GC Worker Start (ms):  12138212.3]
      [Ext Root Scanning (ms):  2.5]
      [Update RS (ms):  3.9]
         [Processed Buffers:  39]
      [Scan RS (ms):  5.1]
      [Code Root Scanning (ms):  0.0]
      [Object Copy (ms):  13.4]
      [Termination (ms):  0.0]
         [Termination Attempts:  1]
      [GC Worker Other (ms):  0.0]
      [GC Worker Total (ms):  24.8]
      [GC Worker End (ms):  12138237.2]
   [Code Root Fixup: 0.1 ms]
   [Code Root Purge: 0.0 ms]
   [Clear CT: 0.0 ms]
   [Other: 1.1 ms]
      [Choose CSet: 0.0 ms]
      [Ref Proc: 0.0 ms]
      [Ref Enq: 0.0 ms]
      [Redirty Cards: 0.0 ms]
      [Humongous Register: 0.1 ms]
      [Humongous Reclaim: 0.0 ms]
      [Free CSet: 0.1 ms]
   [Eden: 47.0M(47.0M)->0.0B(46.0M) Survivors: 4096.0K->5120.0K Heap: 267.7M(1024.0M)->221.7M(1024.0M)]
 [Times: user=0.03 sys=0.00, real=0.02 secs] 
2016-12-19T21:11:36.562+0100: 12161.822: [GC pause (G1 Evacuation Pause) (young), 0.0460387 secs]
   [Parallel Time: 44.9 ms, GC Workers: 1]
      [GC Worker Start (ms):  12161821.9]
      [Ext Root Scanning (ms):  1.9]
      [Update RS (ms):  4.0]
         [Processed Buffers:  39]
      [Scan RS (ms):  5.5]
      [Code Root Scanning (ms):  0.0]
      [Object Copy (ms):  33.4]
      [Termination (ms):  0.0]
         [Termination Attempts:  1]
      [GC Worker Other (ms):  0.0]
      [GC Worker Total (ms):  44.9]
      [GC Worker End (ms):  12161866.8]
   [Code Root Fixup: 0.1 ms]
   [Code Root Purge: 0.0 ms]
   [Clear CT: 0.5 ms]
   [Other: 0.6 ms]
      [Choose CSet: 0.0 ms]
      [Ref Proc: 0.1 ms]
      [Ref Enq: 0.0 ms]
      [Redirty Cards: 0.1 ms]
      [Humongous Register: 0.0 ms]
      [Humongous Reclaim: 0.1 ms]
      [Free CSet: 0.1 ms]
   [Eden: 46.0M(46.0M)->0.0B(47.0M) Survivors: 5120.0K->4096.0K Heap: 267.7M(1024.0M)->221.9M(1024.0M)]
 [Times: user=0.03 sys=0.00, real=0.05 secs] 
2016-12-19T21:12:01.913+0100: 12187.173: [GC pause (G1 Evacuation Pause) (young), 0.0228906 secs]
   [Parallel Time: 22.4 ms, GC Workers: 1]
      [GC Worker Start (ms):  12187172.7]
      [Ext Root Scanning (ms):  1.7]
      [Update RS (ms):  3.6]
         [Processed Buffers:  38]
      [Scan RS (ms):  4.6]
      [Code Root Scanning (ms):  0.0]
      [Object Copy (ms):  12.4]
      [Termination (ms):  0.0]
         [Termination Attempts:  1]
      [GC Worker Other (ms):  0.0]
      [GC Worker Total (ms):  22.4]
      [GC Worker End (ms):  12187195.0]
   [Code Root Fixup: 0.0 ms]
   [Code Root Purge: 0.0 ms]
   [Clear CT: 0.0 ms]
   [Other: 0.4 ms]
      [Choose CSet: 0.0 ms]
      [Ref Proc: 0.0 ms]
      [Ref Enq: 0.0 ms]
      [Redirty Cards: 0.0 ms]
      [Humongous Register: 0.0 ms]
      [Humongous Reclaim: 0.0 ms]
      [Free CSet: 0.1 ms]
   [Eden: 47.0M(47.0M)->0.0B(45.0M) Survivors: 4096.0K->6144.0K Heap: 268.9M(1024.0M)->223.4M(1024.0M)]
 [Times: user=0.02 sys=0.00, real=0.02 secs] 
2016-12-19T21:12:24.491+0100: 12209.751: [GC pause (G1 Evacuation Pause) (young), 0.0276701 secs]
   [Parallel Time: 26.9 ms, GC Workers: 1]
      [GC Worker Start (ms):  12209750.6]
      [Ext Root Scanning (ms):  1.1]
      [Update RS (ms):  2.8]
         [Processed Buffers:  39]
      [Scan RS (ms):  5.2]
      [Code Root Scanning (ms):  0.0]
      [Object Copy (ms):  17.8]
      [Termination (ms):  0.0]
         [Termination Attempts:  1]
      [GC Worker Other (ms):  0.0]
      [GC Worker Total (ms):  26.8]
      [GC Worker End (ms):  12209777.5]
   [Code Root Fixup: 0.1 ms]
   [Code Root Purge: 0.0 ms]
   [Clear CT: 0.1 ms]
   [Other: 0.7 ms]
      [Choose CSet: 0.0 ms]
      [Ref Proc: 0.0 ms]
      [Ref Enq: 0.0 ms]
      [Redirty Cards: 0.1 ms]
      [Humongous Register: 0.0 ms]
      [Humongous Reclaim: 0.0 ms]
      [Free CSet: 0.1 ms]
   [Eden: 45.0M(45.0M)->0.0B(47.0M) Survivors: 6144.0K->4096.0K Heap: 268.4M(1024.0M)->223.4M(1024.0M)]
 [Times: user=0.02 sys=0.00, real=0.02 secs] 
2016-12-19T21:12:48.445+0100: 12233.704: [GC pause (G1 Evacuation Pause) (young), 0.0427507 secs]
   [Parallel Time: 42.0 ms, GC Workers: 1]
      [GC Worker Start (ms):  12233704.7]
      [Ext Root Scanning (ms):  4.0]
      [Update RS (ms):  10.0]
         [Processed Buffers:  39]
      [Scan RS (ms):  8.9]
      [Code Root Scanning (ms):  0.0]
      [Object Copy (ms):  19.1]
      [Termination (ms):  0.0]
         [Termination Attempts:  1]
      [GC Worker Other (ms):  0.0]
      [GC Worker Total (ms):  42.0]
      [GC Worker End (ms):  12233746.6]
   [Code Root Fixup: 0.1 ms]
   [Code Root Purge: 0.0 ms]
   [Clear CT: 0.1 ms]
   [Other: 0.6 ms]
      [Choose CSet: 0.0 ms]
      [Ref Proc: 0.0 ms]
      [Ref Enq: 0.0 ms]
      [Redirty Cards: 0.1 ms]
      [Humongous Register: 0.1 ms]
      [Humongous Reclaim: 0.0 ms]
      [Free CSet: 0.1 ms]
   [Eden: 47.0M(47.0M)->0.0B(45.0M) Survivors: 4096.0K->6144.0K Heap: 270.4M(1024.0M)->224.9M(1024.0M)]
 [Times: user=0.04 sys=0.00, real=0.04 secs] 
2016-12-19T21:13:10.956+0100: 12256.216: [GC pause (G1 Evacuation Pause) (young), 0.0531208 secs]
   [Parallel Time: 52.4 ms, GC Workers: 1]
      [GC Worker Start (ms):  12256215.8]
      [Ext Root Scanning (ms):  1.4]
      [Update RS (ms):  5.6]
         [Processed Buffers:  39]
      [Scan RS (ms):  12.2]
      [Code Root Scanning (ms):  0.0]
      [Object Copy (ms):  33.1]
      [Termination (ms):  0.0]
         [Termination Attempts:  1]
      [GC Worker Other (ms):  0.0]
      [GC Worker Total (ms):  52.3]
      [GC Worker End (ms):  12256268.1]
   [Code Root Fixup: 0.1 ms]
   [Code Root Purge: 0.0 ms]
   [Clear CT: 0.1 ms]
   [Other: 0.6 ms]
      [Choose CSet: 0.0 ms]
      [Ref Proc: 0.0 ms]
      [Ref Enq: 0.0 ms]
      [Redirty Cards: 0.1 ms]
      [Humongous Register: 0.1 ms]
      [Humongous Reclaim: 0.0 ms]
      [Free CSet: 0.1 ms]
   [Eden: 45.0M(45.0M)->0.0B(47.0M) Survivors: 6144.0K->4096.0K Heap: 269.9M(1024.0M)->224.9M(1024.0M)]
 [Times: user=0.04 sys=0.00, real=0.05 secs] 
2016-12-19T21:13:35.002+0100: 12280.261: [GC pause (G1 Evacuation Pause) (young), 0.0302815 secs]
   [Parallel Time: 29.7 ms, GC Workers: 1]
      [GC Worker Start (ms):  12280261.5]
      [Ext Root Scanning (ms):  1.5]
      [Update RS (ms):  8.0]
         [Processed Buffers:  38]
      [Scan RS (ms):  5.9]
      [Code Root Scanning (ms):  0.0]
      [Object Copy (ms):  14.2]
      [Termination (ms):  0.0]
         [Termination Attempts:  1]
      [GC Worker Other (ms):  0.0]
      [GC Worker Total (ms):  29.6]
      [GC Worker End (ms):  12280291.2]
   [Code Root Fixup: 0.0 ms]
   [Code Root Purge: 0.0 ms]
   [Clear CT: 0.0 ms]
   [Other: 0.5 ms]
      [Choose CSet: 0.0 ms]
      [Ref Proc: 0.0 ms]
      [Ref Enq: 0.0 ms]
      [Redirty Cards: 0.0 ms]
      [Humongous Register: 0.1 ms]
      [Humongous Reclaim: 0.0 ms]
      [Free CSet: 0.1 ms]
   [Eden: 47.0M(47.0M)->0.0B(45.0M) Survivors: 4096.0K->6144.0K Heap: 271.9M(1024.0M)->226.4M(1024.0M)]
 [Times: user=0.03 sys=0.00, real=0.04 secs] 
2016-12-19T21:13:58.185+0100: 12303.445: [GC pause (G1 Evacuation Pause) (young), 0.0463199 secs]
   [Parallel Time: 44.7 ms, GC Workers: 1]
      [GC Worker Start (ms):  12303446.1]
      [Ext Root Scanning (ms):  4.3]
      [Update RS (ms):  4.5]
         [Processed Buffers:  39]
      [Scan RS (ms):  7.9]
      [Code Root Scanning (ms):  0.0]
      [Object Copy (ms):  27.9]
      [Termination (ms):  0.0]
         [Termination Attempts:  1]
      [GC Worker Other (ms):  0.0]
      [GC Worker Total (ms):  44.6]
      [GC Worker End (ms):  12303490.7]
   [Code Root Fixup: 0.0 ms]
   [Code Root Purge: 0.0 ms]
   [Clear CT: 0.1 ms]
   [Other: 1.5 ms]
      [Choose CSet: 0.0 ms]
      [Ref Proc: 0.0 ms]
      [Ref Enq: 0.0 ms]
      [Redirty Cards: 0.1 ms]
      [Humongous Register: 0.2 ms]
      [Humongous Reclaim: 0.0 ms]
      [Free CSet: 0.1 ms]
   [Eden: 45.0M(45.0M)->0.0B(47.0M) Survivors: 6144.0K->4096.0K Heap: 271.4M(1024.0M)->226.5M(1024.0M)]
 [Times: user=0.04 sys=0.00, real=0.05 secs] 
2016-12-19T21:14:22.307+0100: 12327.567: [GC pause (G1 Evacuation Pause) (young), 0.0221459 secs]
   [Parallel Time: 21.6 ms, GC Workers: 1]
      [GC Worker Start (ms):  12327566.9]
      [Ext Root Scanning (ms):  1.2]
      [Update RS (ms):  3.3]
         [Processed Buffers:  38]
      [Scan RS (ms):  5.0]
      [Code Root Scanning (ms):  0.0]
      [Object Copy (ms):  12.0]
      [Termination (ms):  0.0]
         [Termination Attempts:  1]
      [GC Worker Other (ms):  0.0]
      [GC Worker Total (ms):  21.5]
      [GC Worker End (ms):  12327588.4]
   [Code Root Fixup: 0.0 ms]
   [Code Root Purge: 0.0 ms]
   [Clear CT: 0.0 ms]
   [Other: 0.5 ms]
      [Choose CSet: 0.0 ms]
      [Ref Proc: 0.0 ms]
      [Ref Enq: 0.0 ms]
      [Redirty Cards: 0.1 ms]
      [Humongous Register: 0.0 ms]
      [Humongous Reclaim: 0.0 ms]
      [Free CSet: 0.1 ms]
   [Eden: 47.0M(47.0M)->0.0B(45.0M) Survivors: 4096.0K->6144.0K Heap: 273.5M(1024.0M)->228.0M(1024.0M)]
 [Times: user=0.02 sys=0.00, real=0.02 secs] 
2016-12-19T21:14:45.332+0100: 12350.591: [GC pause (G1 Evacuation Pause) (young), 0.0423787 secs]
   [Parallel Time: 41.8 ms, GC Workers: 1]
      [GC Worker Start (ms):  12350591.7]
      [Ext Root Scanning (ms):  6.8]
      [Update RS (ms):  8.1]
         [Processed Buffers:  38]
      [Scan RS (ms):  4.7]
      [Code Root Scanning (ms):  0.0]
      [Object Copy (ms):  22.1]
      [Termination (ms):  0.0]
         [Termination Attempts:  1]
      [GC Worker Other (ms):  0.0]
      [GC Worker Total (ms):  41.7]
      [GC Worker End (ms):  12350633.4]
   [Code Root Fixup: 0.0 ms]
   [Code Root Purge: 0.0 ms]
   [Clear CT: 0.0 ms]
   [Other: 0.5 ms]
      [Choose CSet: 0.0 ms]
      [Ref Proc: 0.0 ms]
      [Ref Enq: 0.0 ms]
      [Redirty Cards: 0.0 ms]
      [Humongous Register: 0.1 ms]
      [Humongous Reclaim: 0.0 ms]
      [Free CSet: 0.1 ms]
   [Eden: 45.0M(45.0M)->0.0B(47.0M) Survivors: 6144.0K->4096.0K Heap: 273.0M(1024.0M)->228.0M(1024.0M)]
 [Times: user=0.03 sys=0.00, real=0.04 secs] 
2016-12-19T21:15:09.503+0100: 12374.763: [GC pause (G1 Evacuation Pause) (young), 0.0198824 secs]
   [Parallel Time: 19.4 ms, GC Workers: 1]
      [GC Worker Start (ms):  12374763.3]
      [Ext Root Scanning (ms):  1.2]
      [Update RS (ms):  3.2]
         [Processed Buffers:  39]
      [Scan RS (ms):  5.6]
      [Code Root Scanning (ms):  0.0]
      [Object Copy (ms):  9.4]
      [Termination (ms):  0.0]
         [Termination Attempts:  1]
      [GC Worker Other (ms):  0.0]
      [GC Worker Total (ms):  19.4]
      [GC Worker End (ms):  12374782.6]
   [Code Root Fixup: 0.0 ms]
   [Code Root Purge: 0.0 ms]
   [Clear CT: 0.0 ms]
   [Other: 0.4 ms]
      [Choose CSet: 0.0 ms]
      [Ref Proc: 0.0 ms]
      [Ref Enq: 0.0 ms]
      [Redirty Cards: 0.0 ms]
      [Humongous Register: 0.0 ms]
      [Humongous Reclaim: 0.0 ms]
      [Free CSet: 0.1 ms]
   [Eden: 47.0M(47.0M)->0.0B(47.0M) Survivors: 4096.0K->4096.0K Heap: 275.0M(1024.0M)->228.5M(1024.0M)]
 [Times: user=0.02 sys=0.00, real=0.02 secs] 
2016-12-19T21:15:33.492+0100: 12398.752: [GC pause (G1 Evacuation Pause) (young), 0.0207737 secs]
   [Parallel Time: 20.3 ms, GC Workers: 1]
      [GC Worker Start (ms):  12398752.1]
      [Ext Root Scanning (ms):  1.0]
      [Update RS (ms):  2.4]
         [Processed Buffers:  38]
      [Scan RS (ms):  5.1]
      [Code Root Scanning (ms):  0.0]
      [Object Copy (ms):  11.8]
      [Termination (ms):  0.0]
         [Termination Attempts:  1]
      [GC Worker Other (ms):  0.0]
      [GC Worker Total (ms):  20.3]
      [GC Worker End (ms):  12398772.4]
   [Code Root Fixup: 0.1 ms]
   [Code Root Purge: 0.0 ms]
   [Clear CT: 0.0 ms]
   [Other: 0.3 ms]
      [Choose CSet: 0.0 ms]
      [Ref Proc: 0.0 ms]
      [Ref Enq: 0.0 ms]
      [Redirty Cards: 0.0 ms]
      [Humongous Register: 0.0 ms]
      [Humongous Reclaim: 0.0 ms]
      [Free CSet: 0.1 ms]
   [Eden: 47.0M(47.0M)->0.0B(46.0M) Survivors: 4096.0K->5120.0K Heap: 275.5M(1024.0M)->229.5M(1024.0M)]
 [Times: user=0.03 sys=0.00, real=0.02 secs] 
2016-12-19T21:15:57.255+0100: 12422.514: [GC pause (G1 Evacuation Pause) (young), 0.0220497 secs]
   [Parallel Time: 21.5 ms, GC Workers: 1]
      [GC Worker Start (ms):  12422514.5]
      [Ext Root Scanning (ms):  1.2]
      [Update RS (ms):  3.2]
         [Processed Buffers:  38]
      [Scan RS (ms):  5.7]
      [Code Root Scanning (ms):  0.0]
      [Object Copy (ms):  11.4]
      [Termination (ms):  0.0]
         [Termination Attempts:  1]
      [GC Worker Other (ms):  0.0]
      [GC Worker Total (ms):  21.4]
      [GC Worker End (ms):  12422535.9]
   [Code Root Fixup: 0.0 ms]
   [Code Root Purge: 0.0 ms]
   [Clear CT: 0.0 ms]
   [Other: 0.5 ms]
      [Choose CSet: 0.0 ms]
      [Ref Proc: 0.0 ms]
      [Ref Enq: 0.0 ms]
      [Redirty Cards: 0.0 ms]
      [Humongous Register: 0.1 ms]
      [Humongous Reclaim: 0.0 ms]
      [Free CSet: 0.1 ms]
   [Eden: 46.0M(46.0M)->0.0B(47.0M) Survivors: 5120.0K->4096.0K Heap: 275.5M(1024.0M)->229.7M(1024.0M)]
 [Times: user=0.02 sys=0.00, real=0.02 secs] 
2016-12-19T21:16:20.663+0100: 12445.922: [GC pause (G1 Evacuation Pause) (young), 0.0254031 secs]
   [Parallel Time: 24.8 ms, GC Workers: 1]
      [GC Worker Start (ms):  12445922.7]
      [Ext Root Scanning (ms):  1.2]
      [Update RS (ms):  3.5]
         [Processed Buffers:  38]
      [Scan RS (ms):  6.7]
      [Code Root Scanning (ms):  0.0]
      [Object Copy (ms):  13.3]
      [Termination (ms):  0.0]
         [Termination Attempts:  1]
      [GC Worker Other (ms):  0.0]
      [GC Worker Total (ms):  24.8]
      [GC Worker End (ms):  12445947.5]
   [Code Root Fixup: 0.0 ms]
   [Code Root Purge: 0.0 ms]
   [Clear CT: 0.0 ms]
   [Other: 0.5 ms]
      [Choose CSet: 0.0 ms]
      [Ref Proc: 0.0 ms]
      [Ref Enq: 0.0 ms]
      [Redirty Cards: 0.0 ms]
      [Humongous Register: 0.1 ms]
      [Humongous Reclaim: 0.0 ms]
      [Free CSet: 0.1 ms]
   [Eden: 47.0M(47.0M)->0.0B(46.0M) Survivors: 4096.0K->5120.0K Heap: 276.7M(1024.0M)->230.7M(1024.0M)]
 [Times: user=0.03 sys=0.00, real=0.02 secs] 
2016-12-19T21:16:45.527+0100: 12470.786: [GC pause (G1 Evacuation Pause) (young), 0.0349730 secs]
   [Parallel Time: 33.1 ms, GC Workers: 1]
      [GC Worker Start (ms):  12470786.4]
      [Ext Root Scanning (ms):  1.6]
      [Update RS (ms):  5.8]
         [Processed Buffers:  39]
      [Scan RS (ms):  6.2]
      [Code Root Scanning (ms):  0.0]
      [Object Copy (ms):  19.4]
      [Termination (ms):  0.0]
         [Termination Attempts:  1]
      [GC Worker Other (ms):  0.0]
      [GC Worker Total (ms):  33.0]
      [GC Worker End (ms):  12470819.5]
   [Code Root Fixup: 0.1 ms]
   [Code Root Purge: 0.0 ms]
   [Clear CT: 0.1 ms]
   [Other: 1.7 ms]
      [Choose CSet: 0.0 ms]
      [Ref Proc: 0.0 ms]
      [Ref Enq: 0.0 ms]
      [Redirty Cards: 0.1 ms]
      [Humongous Register: 0.1 ms]
      [Humongous Reclaim: 0.0 ms]
      [Free CSet: 0.1 ms]
   [Eden: 46.0M(46.0M)->0.0B(47.0M) Survivors: 5120.0K->4096.0K Heap: 276.7M(1024.0M)->231.2M(1024.0M)]
 [Times: user=0.04 sys=0.00, real=0.03 secs] 
2016-12-19T21:17:09.540+0100: 12494.800: [GC pause (G1 Evacuation Pause) (young), 0.0373270 secs]
   [Parallel Time: 36.3 ms, GC Workers: 1]
      [GC Worker Start (ms):  12494799.9]
      [Ext Root Scanning (ms):  1.3]
      [Update RS (ms):  9.5]
         [Processed Buffers:  40]
      [Scan RS (ms):  7.4]
      [Code Root Scanning (ms):  0.0]
      [Object Copy (ms):  18.0]
      [Termination (ms):  0.0]
         [Termination Attempts:  1]
      [GC Worker Other (ms):  0.0]
      [GC Worker Total (ms):  36.3]
      [GC Worker End (ms):  12494836.2]
   [Code Root Fixup: 0.1 ms]
   [Code Root Purge: 0.0 ms]
   [Clear CT: 0.1 ms]
   [Other: 0.9 ms]
      [Choose CSet: 0.0 ms]
      [Ref Proc: 0.0 ms]
      [Ref Enq: 0.0 ms]
      [Redirty Cards: 0.2 ms]
      [Humongous Register: 0.1 ms]
      [Humongous Reclaim: 0.0 ms]
      [Free CSet: 0.1 ms]
   [Eden: 47.0M(47.0M)->0.0B(45.0M) Survivors: 4096.0K->6144.0K Heap: 278.2M(1024.0M)->232.7M(1024.0M)]
 [Times: user=0.04 sys=0.00, real=0.04 secs] 
2016-12-19T21:17:32.584+0100: 12517.843: [GC pause (G1 Evacuation Pause) (young), 0.0348879 secs]
   [Parallel Time: 34.3 ms, GC Workers: 1]
      [GC Worker Start (ms):  12517843.5]
      [Ext Root Scanning (ms):  0.9]
      [Update RS (ms):  2.8]
         [Processed Buffers:  37]
      [Scan RS (ms):  7.6]
      [Code Root Scanning (ms):  0.0]
      [Object Copy (ms):  22.8]
      [Termination (ms):  0.0]
         [Termination Attempts:  1]
      [GC Worker Other (ms):  0.2]
      [GC Worker Total (ms):  34.2]
      [GC Worker End (ms):  12517877.8]
   [Code Root Fixup: 0.1 ms]
   [Code Root Purge: 0.0 ms]
   [Clear CT: 0.1 ms]
   [Other: 0.5 ms]
      [Choose CSet: 0.0 ms]
      [Ref Proc: 0.1 ms]
      [Ref Enq: 0.0 ms]
      [Redirty Cards: 0.1 ms]
      [Humongous Register: 0.0 ms]
      [Humongous Reclaim: 0.0 ms]
      [Free CSet: 0.1 ms]
   [Eden: 45.0M(45.0M)->0.0B(47.0M) Survivors: 6144.0K->4096.0K Heap: 277.7M(1024.0M)->232.7M(1024.0M)]
 [Times: user=0.03 sys=0.00, real=0.03 secs] 
2016-12-19T21:17:57.974+0100: 12543.234: [GC pause (G1 Evacuation Pause) (young), 0.0219884 secs]
   [Parallel Time: 21.4 ms, GC Workers: 1]
      [GC Worker Start (ms):  12543233.8]
      [Ext Root Scanning (ms):  1.0]
      [Update RS (ms):  2.3]
         [Processed Buffers:  40]
      [Scan RS (ms):  5.5]
      [Code Root Scanning (ms):  0.0]
      [Object Copy (ms):  12.6]
      [Termination (ms):  0.0]
         [Termination Attempts:  1]
      [GC Worker Other (ms):  0.0]
      [GC Worker Total (ms):  21.4]
      [GC Worker End (ms):  12543255.2]
   [Code Root Fixup: 0.0 ms]
   [Code Root Purge: 0.0 ms]
   [Clear CT: 0.0 ms]
   [Other: 0.5 ms]
      [Choose CSet: 0.0 ms]
      [Ref Proc: 0.0 ms]
      [Ref Enq: 0.0 ms]
      [Redirty Cards: 0.0 ms]
      [Humongous Register: 0.0 ms]
      [Humongous Reclaim: 0.0 ms]
      [Free CSet: 0.1 ms]
   [Eden: 47.0M(47.0M)->0.0B(45.0M) Survivors: 4096.0K->6144.0K Heap: 279.7M(1024.0M)->234.2M(1024.0M)]
 [Times: user=0.02 sys=0.00, real=0.02 secs] 
2016-12-19T21:18:21.857+0100: 12567.116: [GC pause (G1 Evacuation Pause) (young), 0.0362197 secs]
   [Parallel Time: 35.0 ms, GC Workers: 1]
      [GC Worker Start (ms):  12567116.7]
      [Ext Root Scanning (ms):  1.8]
      [Update RS (ms):  4.2]
         [Processed Buffers:  39]
      [Scan RS (ms):  9.4]
      [Code Root Scanning (ms):  0.0]
      [Object Copy (ms):  19.4]
      [Termination (ms):  0.0]
         [Termination Attempts:  1]
      [GC Worker Other (ms):  0.1]
      [GC Worker Total (ms):  34.9]
      [GC Worker End (ms):  12567151.5]
   [Code Root Fixup: 0.1 ms]
   [Code Root Purge: 0.0 ms]
   [Clear CT: 0.1 ms]
   [Other: 1.0 ms]
      [Choose CSet: 0.0 ms]
      [Ref Proc: 0.1 ms]
      [Ref Enq: 0.0 ms]
      [Redirty Cards: 0.1 ms]
      [Humongous Register: 0.1 ms]
      [Humongous Reclaim: 0.0 ms]
      [Free CSet: 0.3 ms]
   [Eden: 45.0M(45.0M)->0.0B(47.0M) Survivors: 6144.0K->4096.0K Heap: 279.2M(1024.0M)->234.0M(1024.0M)]
 [Times: user=0.04 sys=0.00, real=0.04 secs] 
2016-12-19T21:18:46.333+0100: 12591.593: [GC pause (G1 Evacuation Pause) (young), 0.0271058 secs]
   [Parallel Time: 26.5 ms, GC Workers: 1]
      [GC Worker Start (ms):  12591593.1]
      [Ext Root Scanning (ms):  2.1]
      [Update RS (ms):  3.3]
         [Processed Buffers:  39]
      [Scan RS (ms):  5.6]
      [Code Root Scanning (ms):  0.0]
      [Object Copy (ms):  15.4]
      [Termination (ms):  0.0]
         [Termination Attempts:  1]
      [GC Worker Other (ms):  0.0]
      [GC Worker Total (ms):  26.5]
      [GC Worker End (ms):  12591619.5]
   [Code Root Fixup: 0.1 ms]
   [Code Root Purge: 0.0 ms]
   [Clear CT: 0.1 ms]
   [Other: 0.5 ms]
      [Choose CSet: 0.0 ms]
      [Ref Proc: 0.1 ms]
      [Ref Enq: 0.0 ms]
      [Redirty Cards: 0.1 ms]
      [Humongous Register: 0.0 ms]
      [Humongous Reclaim: 0.0 ms]
      [Free CSet: 0.1 ms]
   [Eden: 47.0M(47.0M)->0.0B(45.0M) Survivors: 4096.0K->6144.0K Heap: 281.0M(1024.0M)->235.5M(1024.0M)]
 [Times: user=0.03 sys=0.00, real=0.02 secs] 
2016-12-19T21:19:09.545+0100: 12614.805: [GC pause (G1 Evacuation Pause) (young), 0.0251762 secs]
   [Parallel Time: 24.5 ms, GC Workers: 1]
      [GC Worker Start (ms):  12614805.4]
      [Ext Root Scanning (ms):  1.8]
      [Update RS (ms):  4.4]
         [Processed Buffers:  41]
      [Scan RS (ms):  4.7]
      [Code Root Scanning (ms):  0.0]
      [Object Copy (ms):  13.5]
      [Termination (ms):  0.0]
         [Termination Attempts:  1]
      [GC Worker Other (ms):  0.0]
      [GC Worker Total (ms):  24.5]
      [GC Worker End (ms):  12614829.8]
   [Code Root Fixup: 0.0 ms]
   [Code Root Purge: 0.0 ms]
   [Clear CT: 0.1 ms]
   [Other: 0.6 ms]
      [Choose CSet: 0.0 ms]
      [Ref Proc: 0.0 ms]
      [Ref Enq: 0.0 ms]
      [Redirty Cards: 0.1 ms]
      [Humongous Register: 0.1 ms]
      [Humongous Reclaim: 0.0 ms]
      [Free CSet: 0.1 ms]
   [Eden: 45.0M(45.0M)->0.0B(47.0M) Survivors: 6144.0K->4096.0K Heap: 280.5M(1024.0M)->235.4M(1024.0M)]
 [Times: user=0.03 sys=0.00, real=0.03 secs] 
2016-12-19T21:19:34.955+0100: 12640.215: [GC pause (G1 Evacuation Pause) (young), 0.0189908 secs]
   [Parallel Time: 18.5 ms, GC Workers: 1]
      [GC Worker Start (ms):  12640215.2]
      [Ext Root Scanning (ms):  2.2]
      [Update RS (ms):  2.8]
         [Processed Buffers:  38]
      [Scan RS (ms):  4.8]
      [Code Root Scanning (ms):  0.0]
      [Object Copy (ms):  8.6]
      [Termination (ms):  0.0]
         [Termination Attempts:  1]
      [GC Worker Other (ms):  0.0]
      [GC Worker Total (ms):  18.4]
      [GC Worker End (ms):  12640233.6]
   [Code Root Fixup: 0.1 ms]
   [Code Root Purge: 0.0 ms]
   [Clear CT: 0.0 ms]
   [Other: 0.4 ms]
      [Choose CSet: 0.0 ms]
      [Ref Proc: 0.0 ms]
      [Ref Enq: 0.0 ms]
      [Redirty Cards: 0.0 ms]
      [Humongous Register: 0.1 ms]
      [Humongous Reclaim: 0.0 ms]
      [Free CSet: 0.1 ms]
   [Eden: 47.0M(47.0M)->0.0B(47.0M) Survivors: 4096.0K->4096.0K Heap: 282.4M(1024.0M)->235.9M(1024.0M)]
 [Times: user=0.02 sys=0.00, real=0.02 secs] 
2016-12-19T21:19:59.353+0100: 12664.613: [GC pause (G1 Evacuation Pause) (young), 0.0226890 secs]
   [Parallel Time: 21.7 ms, GC Workers: 1]
      [GC Worker Start (ms):  12664613.2]
      [Ext Root Scanning (ms):  1.9]
      [Update RS (ms):  4.0]
         [Processed Buffers:  40]
      [Scan RS (ms):  4.7]
      [Code Root Scanning (ms):  0.0]
      [Object Copy (ms):  11.0]
      [Termination (ms):  0.0]
         [Termination Attempts:  1]
      [GC Worker Other (ms):  0.0]
      [GC Worker Total (ms):  21.7]
      [GC Worker End (ms):  12664634.9]
   [Code Root Fixup: 0.1 ms]
   [Code Root Purge: 0.0 ms]
   [Clear CT: 0.0 ms]
   [Other: 0.9 ms]
      [Choose CSet: 0.0 ms]
      [Ref Proc: 0.0 ms]
      [Ref Enq: 0.0 ms]
      [Redirty Cards: 0.6 ms]
      [Humongous Register: 0.0 ms]
      [Humongous Reclaim: 0.0 ms]
      [Free CSet: 0.1 ms]
   [Eden: 47.0M(47.0M)->0.0B(46.0M) Survivors: 4096.0K->5120.0K Heap: 282.9M(1024.0M)->236.9M(1024.0M)]
 [Times: user=0.02 sys=0.00, real=0.02 secs] 
2016-12-19T21:20:22.671+0100: 12687.931: [GC pause (G1 Evacuation Pause) (young), 0.0262252 secs]
   [Parallel Time: 25.3 ms, GC Workers: 1]
      [GC Worker Start (ms):  12687931.2]
      [Ext Root Scanning (ms):  1.5]
      [Update RS (ms):  5.8]
         [Processed Buffers:  38]
      [Scan RS (ms):  4.5]
      [Code Root Scanning (ms):  0.0]
      [Object Copy (ms):  13.5]
      [Termination (ms):  0.0]
         [Termination Attempts:  1]
      [GC Worker Other (ms):  0.0]
      [GC Worker Total (ms):  25.3]
      [GC Worker End (ms):  12687956.5]
   [Code Root Fixup: 0.1 ms]
   [Code Root Purge: 0.0 ms]
   [Clear CT: 0.1 ms]
   [Other: 0.8 ms]
      [Choose CSet: 0.0 ms]
      [Ref Proc: 0.1 ms]
      [Ref Enq: 0.0 ms]
      [Redirty Cards: 0.1 ms]
      [Humongous Register: 0.1 ms]
      [Humongous Reclaim: 0.0 ms]
      [Free CSet: 0.2 ms]
   [Eden: 46.0M(46.0M)->0.0B(47.0M) Survivors: 5120.0K->4096.0K Heap: 282.9M(1024.0M)->237.3M(1024.0M)]
 [Times: user=0.02 sys=0.00, real=0.02 secs] 
2016-12-19T21:20:47.055+0100: 12712.315: [GC pause (G1 Evacuation Pause) (young), 0.0287402 secs]
   [Parallel Time: 28.2 ms, GC Workers: 1]
      [GC Worker Start (ms):  12712314.9]
      [Ext Root Scanning (ms):  1.5]
      [Update RS (ms):  8.0]
         [Processed Buffers:  39]
      [Scan RS (ms):  5.5]
      [Code Root Scanning (ms):  0.0]
      [Object Copy (ms):  13.1]
      [Termination (ms):  0.0]
         [Termination Attempts:  1]
      [GC Worker Other (ms):  0.0]
      [GC Worker Total (ms):  28.1]
      [GC Worker End (ms):  12712343.0]
   [Code Root Fixup: 0.1 ms]
   [Code Root Purge: 0.0 ms]
   [Clear CT: 0.0 ms]
   [Other: 0.5 ms]
      [Choose CSet: 0.0 ms]
      [Ref Proc: 0.0 ms]
      [Ref Enq: 0.0 ms]
      [Redirty Cards: 0.0 ms]
      [Humongous Register: 0.1 ms]
      [Humongous Reclaim: 0.0 ms]
      [Free CSet: 0.1 ms]
   [Eden: 47.0M(47.0M)->0.0B(46.0M) Survivors: 4096.0K->5120.0K Heap: 284.3M(1024.0M)->238.3M(1024.0M)]
 [Times: user=0.02 sys=0.00, real=0.03 secs] 
2016-12-19T21:21:11.051+0100: 12736.310: [GC pause (G1 Evacuation Pause) (young), 0.0235463 secs]
   [Parallel Time: 21.1 ms, GC Workers: 1]
      [GC Worker Start (ms):  12736312.5]
      [Ext Root Scanning (ms):  1.4]
      [Update RS (ms):  2.6]
         [Processed Buffers:  39]
      [Scan RS (ms):  5.4]
      [Code Root Scanning (ms):  0.0]
      [Object Copy (ms):  11.7]
      [Termination (ms):  0.0]
         [Termination Attempts:  1]
      [GC Worker Other (ms):  0.0]
      [GC Worker Total (ms):  21.1]
      [GC Worker End (ms):  12736333.6]
   [Code Root Fixup: 0.1 ms]
   [Code Root Purge: 0.0 ms]
   [Clear CT: 0.0 ms]
   [Other: 2.3 ms]
      [Choose CSet: 0.0 ms]
      [Ref Proc: 0.1 ms]
      [Ref Enq: 0.0 ms]
      [Redirty Cards: 0.0 ms]
      [Humongous Register: 1.9 ms]
      [Humongous Reclaim: 0.0 ms]
      [Free CSet: 0.1 ms]
   [Eden: 46.0M(46.0M)->0.0B(47.0M) Survivors: 5120.0K->4096.0K Heap: 284.3M(1024.0M)->238.7M(1024.0M)]
 [Times: user=0.02 sys=0.00, real=0.02 secs] 
2016-12-19T21:21:35.070+0100: 12760.330: [GC pause (G1 Evacuation Pause) (young), 0.0245270 secs]
   [Parallel Time: 24.0 ms, GC Workers: 1]
      [GC Worker Start (ms):  12760329.9]
      [Ext Root Scanning (ms):  2.0]
      [Update RS (ms):  3.9]
         [Processed Buffers:  39]
      [Scan RS (ms):  5.5]
      [Code Root Scanning (ms):  0.0]
      [Object Copy (ms):  12.5]
      [Termination (ms):  0.0]
         [Termination Attempts:  1]
      [GC Worker Other (ms):  0.0]
      [GC Worker Total (ms):  24.0]
      [GC Worker End (ms):  12760353.9]
   [Code Root Fixup: 0.1 ms]
   [Code Root Purge: 0.0 ms]
   [Clear CT: 0.0 ms]
   [Other: 0.4 ms]
      [Choose CSet: 0.0 ms]
      [Ref Proc: 0.0 ms]
      [Ref Enq: 0.0 ms]
      [Redirty Cards: 0.0 ms]
      [Humongous Register: 0.1 ms]
      [Humongous Reclaim: 0.0 ms]
      [Free CSet: 0.1 ms]
   [Eden: 47.0M(47.0M)->0.0B(45.0M) Survivors: 4096.0K->6144.0K Heap: 285.7M(1024.0M)->240.2M(1024.0M)]
 [Times: user=0.03 sys=0.00, real=0.03 secs] 
2016-12-19T21:21:58.105+0100: 12783.365: [GC pause (G1 Evacuation Pause) (young), 0.0312343 secs]
   [Parallel Time: 30.7 ms, GC Workers: 1]
      [GC Worker Start (ms):  12783364.7]
      [Ext Root Scanning (ms):  1.7]
      [Update RS (ms):  4.3]
         [Processed Buffers:  39]
      [Scan RS (ms):  4.6]
      [Code Root Scanning (ms):  0.0]
      [Object Copy (ms):  20.0]
      [Termination (ms):  0.0]
         [Termination Attempts:  1]
      [GC Worker Other (ms):  0.0]
      [GC Worker Total (ms):  30.7]
      [GC Worker End (ms):  12783395.4]
   [Code Root Fixup: 0.1 ms]
   [Code Root Purge: 0.0 ms]
   [Clear CT: 0.0 ms]
   [Other: 0.4 ms]
      [Choose CSet: 0.0 ms]
      [Ref Proc: 0.0 ms]
      [Ref Enq: 0.0 ms]
      [Redirty Cards: 0.0 ms]
      [Humongous Register: 0.1 ms]
      [Humongous Reclaim: 0.0 ms]
      [Free CSet: 0.1 ms]
   [Eden: 45.0M(45.0M)->0.0B(47.0M) Survivors: 6144.0K->4096.0K Heap: 285.2M(1024.0M)->240.2M(1024.0M)]
 [Times: user=0.02 sys=0.01, real=0.03 secs] 
2016-12-19T21:22:21.221+0100: 12806.480: [GC pause (G1 Evacuation Pause) (young), 0.0291388 secs]
   [Parallel Time: 28.6 ms, GC Workers: 1]
      [GC Worker Start (ms):  12806480.5]
      [Ext Root Scanning (ms):  1.0]
      [Update RS (ms):  2.5]
         [Processed Buffers:  39]
      [Scan RS (ms):  7.9]
      [Code Root Scanning (ms):  0.0]
      [Object Copy (ms):  17.1]
      [Termination (ms):  0.0]
         [Termination Attempts:  1]
      [GC Worker Other (ms):  0.0]
      [GC Worker Total (ms):  28.5]
      [GC Worker End (ms):  12806509.1]
   [Code Root Fixup: 0.0 ms]
   [Code Root Purge: 0.0 ms]
   [Clear CT: 0.0 ms]
   [Other: 0.5 ms]
      [Choose CSet: 0.0 ms]
      [Ref Proc: 0.0 ms]
      [Ref Enq: 0.0 ms]
      [Redirty Cards: 0.1 ms]
      [Humongous Register: 0.0 ms]
      [Humongous Reclaim: 0.0 ms]
      [Free CSet: 0.1 ms]
   [Eden: 47.0M(47.0M)->0.0B(44.0M) Survivors: 4096.0K->7168.0K Heap: 287.2M(1024.0M)->243.2M(1024.0M)]
 [Times: user=0.03 sys=0.00, real=0.03 secs] 
2016-12-19T21:22:44.239+0100: 12829.499: [GC pause (G1 Evacuation Pause) (young), 0.0395824 secs]
   [Parallel Time: 39.1 ms, GC Workers: 1]
      [GC Worker Start (ms):  12829499.1]
      [Ext Root Scanning (ms):  1.0]
      [Update RS (ms):  2.4]
         [Processed Buffers:  40]
      [Scan RS (ms):  7.7]
      [Code Root Scanning (ms):  0.0]
      [Object Copy (ms):  28.0]
      [Termination (ms):  0.0]
         [Termination Attempts:  1]
      [GC Worker Other (ms):  0.0]
      [GC Worker Total (ms):  39.1]
      [GC Worker End (ms):  12829538.2]
   [Code Root Fixup: 0.0 ms]
   [Code Root Purge: 0.0 ms]
   [Clear CT: 0.0 ms]
   [Other: 0.4 ms]
      [Choose CSet: 0.0 ms]
      [Ref Proc: 0.0 ms]
      [Ref Enq: 0.0 ms]
      [Redirty Cards: 0.1 ms]
      [Humongous Register: 0.0 ms]
      [Humongous Reclaim: 0.0 ms]
      [Free CSet: 0.1 ms]
   [Eden: 44.0M(44.0M)->0.0B(47.0M) Survivors: 7168.0K->4096.0K Heap: 287.2M(1024.0M)->243.5M(1024.0M)]
 [Times: user=0.03 sys=0.01, real=0.04 secs] 
2016-12-19T21:23:10.691+0100: 12855.951: [GC pause (G1 Evacuation Pause) (young), 0.0264163 secs]
   [Parallel Time: 25.9 ms, GC Workers: 1]
      [GC Worker Start (ms):  12855951.1]
      [Ext Root Scanning (ms):  0.9]
      [Update RS (ms):  2.4]
         [Processed Buffers:  40]
      [Scan RS (ms):  7.7]
      [Code Root Scanning (ms):  0.0]
      [Object Copy (ms):  14.9]
      [Termination (ms):  0.0]
         [Termination Attempts:  1]
      [GC Worker Other (ms):  0.0]
      [GC Worker Total (ms):  25.9]
      [GC Worker End (ms):  12855977.0]
   [Code Root Fixup: 0.0 ms]
   [Code Root Purge: 0.0 ms]
   [Clear CT: 0.0 ms]
   [Other: 0.4 ms]
      [Choose CSet: 0.0 ms]
      [Ref Proc: 0.0 ms]
      [Ref Enq: 0.0 ms]
      [Redirty Cards: 0.0 ms]
      [Humongous Register: 0.0 ms]
      [Humongous Reclaim: 0.0 ms]
      [Free CSet: 0.1 ms]
   [Eden: 47.0M(47.0M)->0.0B(46.0M) Survivors: 4096.0K->5120.0K Heap: 290.5M(1024.0M)->244.5M(1024.0M)]
 [Times: user=0.03 sys=0.00, real=0.02 secs] 
2016-12-19T21:23:35.384+0100: 12880.644: [GC pause (G1 Evacuation Pause) (young), 0.0254020 secs]
   [Parallel Time: 24.4 ms, GC Workers: 1]
      [GC Worker Start (ms):  12880644.1]
      [Ext Root Scanning (ms):  1.1]
      [Update RS (ms):  2.0]
         [Processed Buffers:  40]
      [Scan RS (ms):  7.1]
      [Code Root Scanning (ms):  0.0]
      [Object Copy (ms):  14.2]
      [Termination (ms):  0.0]
         [Termination Attempts:  1]
      [GC Worker Other (ms):  0.0]
      [GC Worker Total (ms):  24.4]
      [GC Worker End (ms):  12880668.5]
   [Code Root Fixup: 0.1 ms]
   [Code Root Purge: 0.0 ms]
   [Clear CT: 0.1 ms]
   [Other: 0.9 ms]
      [Choose CSet: 0.0 ms]
      [Ref Proc: 0.0 ms]
      [Ref Enq: 0.0 ms]
      [Redirty Cards: 0.1 ms]
      [Humongous Register: 0.0 ms]
      [Humongous Reclaim: 0.0 ms]
      [Free CSet: 0.1 ms]
   [Eden: 46.0M(46.0M)->0.0B(48.0M) Survivors: 5120.0K->3072.0K Heap: 290.5M(1024.0M)->244.0M(1024.0M)]
 [Times: user=0.02 sys=0.00, real=0.02 secs] 
2016-12-19T21:24:00.604+0100: 12905.864: [GC pause (G1 Evacuation Pause) (young), 0.0192116 secs]
   [Parallel Time: 18.8 ms, GC Workers: 1]
      [GC Worker Start (ms):  12905864.3]
      [Ext Root Scanning (ms):  1.1]
      [Update RS (ms):  4.9]
         [Processed Buffers:  39]
      [Scan RS (ms):  3.2]
      [Code Root Scanning (ms):  0.0]
      [Object Copy (ms):  9.5]
      [Termination (ms):  0.0]
         [Termination Attempts:  1]
      [GC Worker Other (ms):  0.0]
      [GC Worker Total (ms):  18.7]
      [GC Worker End (ms):  12905883.0]
   [Code Root Fixup: 0.0 ms]
   [Code Root Purge: 0.0 ms]
   [Clear CT: 0.0 ms]
   [Other: 0.4 ms]
      [Choose CSet: 0.0 ms]
      [Ref Proc: 0.0 ms]
      [Ref Enq: 0.0 ms]
      [Redirty Cards: 0.0 ms]
      [Humongous Register: 0.0 ms]
      [Humongous Reclaim: 0.0 ms]
      [Free CSet: 0.1 ms]
   [Eden: 48.0M(48.0M)->0.0B(47.0M) Survivors: 3072.0K->4096.0K Heap: 292.0M(1024.0M)->245.5M(1024.0M)]
 [Times: user=0.02 sys=0.00, real=0.02 secs] 
2016-12-19T21:24:24.886+0100: 12930.146: [GC pause (G1 Evacuation Pause) (young), 0.0155387 secs]
   [Parallel Time: 15.1 ms, GC Workers: 1]
      [GC Worker Start (ms):  12930145.9]
      [Ext Root Scanning (ms):  1.0]
      [Update RS (ms):  2.0]
         [Processed Buffers:  38]
      [Scan RS (ms):  3.4]
      [Code Root Scanning (ms):  0.0]
      [Object Copy (ms):  8.7]
      [Termination (ms):  0.0]
         [Termination Attempts:  1]
      [GC Worker Other (ms):  0.0]
      [GC Worker Total (ms):  15.1]
      [GC Worker End (ms):  12930161.0]
   [Code Root Fixup: 0.0 ms]
   [Code Root Purge: 0.0 ms]
   [Clear CT: 0.0 ms]
   [Other: 0.4 ms]
      [Choose CSet: 0.0 ms]
      [Ref Proc: 0.0 ms]
      [Ref Enq: 0.0 ms]
      [Redirty Cards: 0.0 ms]
      [Humongous Register: 0.0 ms]
      [Humongous Reclaim: 0.0 ms]
      [Free CSet: 0.1 ms]
   [Eden: 47.0M(47.0M)->0.0B(47.0M) Survivors: 4096.0K->4096.0K Heap: 292.5M(1024.0M)->245.5M(1024.0M)]
 [Times: user=0.02 sys=0.00, real=0.01 secs] 
2016-12-19T21:24:49.350+0100: 12954.609: [GC pause (G1 Evacuation Pause) (young), 0.0223228 secs]
   [Parallel Time: 21.7 ms, GC Workers: 1]
      [GC Worker Start (ms):  12954609.5]
      [Ext Root Scanning (ms):  3.5]
      [Update RS (ms):  2.8]
         [Processed Buffers:  37]
      [Scan RS (ms):  3.9]
      [Code Root Scanning (ms):  0.0]
      [Object Copy (ms):  11.4]
      [Termination (ms):  0.0]
         [Termination Attempts:  1]
      [GC Worker Other (ms):  0.0]
      [GC Worker Total (ms):  21.6]
      [GC Worker End (ms):  12954631.1]
   [Code Root Fixup: 0.1 ms]
   [Code Root Purge: 0.0 ms]
   [Clear CT: 0.0 ms]
   [Other: 0.5 ms]
      [Choose CSet: 0.0 ms]
      [Ref Proc: 0.0 ms]
      [Ref Enq: 0.0 ms]
      [Redirty Cards: 0.0 ms]
      [Humongous Register: 0.1 ms]
      [Humongous Reclaim: 0.1 ms]
      [Free CSet: 0.1 ms]
   [Eden: 47.0M(47.0M)->0.0B(47.0M) Survivors: 4096.0K->4096.0K Heap: 292.5M(1024.0M)->245.5M(1024.0M)]
 [Times: user=0.02 sys=0.00, real=0.03 secs] 
2016-12-19T21:25:14.283+0100: 12979.542: [GC pause (G1 Evacuation Pause) (young), 0.0202278 secs]
   [Parallel Time: 19.7 ms, GC Workers: 1]
      [GC Worker Start (ms):  12979542.6]
      [Ext Root Scanning (ms):  1.6]
      [Update RS (ms):  3.4]
         [Processed Buffers:  37]
      [Scan RS (ms):  3.0]
      [Code Root Scanning (ms):  0.0]
      [Object Copy (ms):  11.7]
      [Termination (ms):  0.0]
         [Termination Attempts:  1]
      [GC Worker Other (ms):  0.0]
      [GC Worker Total (ms):  19.7]
      [GC Worker End (ms):  12979562.2]
   [Code Root Fixup: 0.0 ms]
   [Code Root Purge: 0.0 ms]
   [Clear CT: 0.0 ms]
   [Other: 0.4 ms]
      [Choose CSet: 0.0 ms]
      [Ref Proc: 0.0 ms]
      [Ref Enq: 0.0 ms]
      [Redirty Cards: 0.0 ms]
      [Humongous Register: 0.0 ms]
      [Humongous Reclaim: 0.0 ms]
      [Free CSet: 0.1 ms]
   [Eden: 47.0M(47.0M)->0.0B(45.0M) Survivors: 4096.0K->6144.0K Heap: 292.5M(1024.0M)->247.0M(1024.0M)]
 [Times: user=0.02 sys=0.00, real=0.02 secs] 
2016-12-19T21:25:39.012+0100: 13004.272: [GC pause (G1 Evacuation Pause) (young), 0.0224654 secs]
   [Parallel Time: 22.1 ms, GC Workers: 1]
      [GC Worker Start (ms):  13004272.1]
      [Ext Root Scanning (ms):  0.9]
      [Update RS (ms):  2.5]
         [Processed Buffers:  34]
      [Scan RS (ms):  2.8]
      [Code Root Scanning (ms):  0.0]
      [Object Copy (ms):  15.9]
      [Termination (ms):  0.0]
         [Termination Attempts:  1]
      [GC Worker Other (ms):  0.0]
      [GC Worker Total (ms):  22.1]
      [GC Worker End (ms):  13004294.2]
   [Code Root Fixup: 0.0 ms]
   [Code Root Purge: 0.0 ms]
   [Clear CT: 0.0 ms]
   [Other: 0.3 ms]
      [Choose CSet: 0.0 ms]
      [Ref Proc: 0.0 ms]
      [Ref Enq: 0.0 ms]
      [Redirty Cards: 0.0 ms]
      [Humongous Register: 0.0 ms]
      [Humongous Reclaim: 0.0 ms]
      [Free CSet: 0.1 ms]
   [Eden: 45.0M(45.0M)->0.0B(47.0M) Survivors: 6144.0K->4096.0K Heap: 292.0M(1024.0M)->246.9M(1024.0M)]
 [Times: user=0.02 sys=0.00, real=0.02 secs] 
2016-12-19T21:26:02.966+0100: 13028.225: [GC pause (G1 Evacuation Pause) (young), 0.0305224 secs]
   [Parallel Time: 29.8 ms, GC Workers: 1]
      [GC Worker Start (ms):  13028225.6]
      [Ext Root Scanning (ms):  1.8]
      [Update RS (ms):  3.9]
         [Processed Buffers:  37]
      [Scan RS (ms):  5.4]
      [Code Root Scanning (ms):  0.0]
      [Object Copy (ms):  18.7]
      [Termination (ms):  0.0]
         [Termination Attempts:  1]
      [GC Worker Other (ms):  0.0]
      [GC Worker Total (ms):  29.8]
      [GC Worker End (ms):  13028255.4]
   [Code Root Fixup: 0.0 ms]
   [Code Root Purge: 0.0 ms]
   [Clear CT: 0.0 ms]
   [Other: 0.6 ms]
      [Choose CSet: 0.0 ms]
      [Ref Proc: 0.1 ms]
      [Ref Enq: 0.0 ms]
      [Redirty Cards: 0.1 ms]
      [Humongous Register: 0.1 ms]
      [Humongous Reclaim: 0.0 ms]
      [Free CSet: 0.1 ms]
   [Eden: 47.0M(47.0M)->0.0B(45.0M) Survivors: 4096.0K->6144.0K Heap: 293.9M(1024.0M)->248.4M(1024.0M)]
 [Times: user=0.03 sys=0.00, real=0.03 secs] 
2016-12-19T21:26:25.704+0100: 13050.964: [GC pause (G1 Evacuation Pause) (young), 0.0290656 secs]
   [Parallel Time: 28.5 ms, GC Workers: 1]
      [GC Worker Start (ms):  13050963.9]
      [Ext Root Scanning (ms):  1.1]
      [Update RS (ms):  2.3]
         [Processed Buffers:  38]
      [Scan RS (ms):  3.6]
      [Code Root Scanning (ms):  0.0]
      [Object Copy (ms):  21.5]
      [Termination (ms):  0.0]
         [Termination Attempts:  1]
      [GC Worker Other (ms):  0.0]
      [GC Worker Total (ms):  28.5]
      [GC Worker End (ms):  13050992.4]
   [Code Root Fixup: 0.1 ms]
   [Code Root Purge: 0.0 ms]
   [Clear CT: 0.0 ms]
   [Other: 0.4 ms]
      [Choose CSet: 0.0 ms]
      [Ref Proc: 0.1 ms]
      [Ref Enq: 0.0 ms]
      [Redirty Cards: 0.1 ms]
      [Humongous Register: 0.0 ms]
      [Humongous Reclaim: 0.0 ms]
      [Free CSet: 0.1 ms]
   [Eden: 45.0M(45.0M)->0.0B(47.0M) Survivors: 6144.0K->4096.0K Heap: 293.4M(1024.0M)->248.5M(1024.0M)]
 [Times: user=0.03 sys=0.00, real=0.03 secs] 
2016-12-19T21:26:51.140+0100: 13076.400: [GC pause (G1 Evacuation Pause) (young), 0.0192306 secs]
   [Parallel Time: 18.8 ms, GC Workers: 1]
      [GC Worker Start (ms):  13076400.2]
      [Ext Root Scanning (ms):  1.0]
      [Update RS (ms):  2.4]
         [Processed Buffers:  37]
      [Scan RS (ms):  3.5]
      [Code Root Scanning (ms):  0.0]
      [Object Copy (ms):  11.8]
      [Termination (ms):  0.0]
         [Termination Attempts:  1]
      [GC Worker Other (ms):  0.0]
      [GC Worker Total (ms):  18.8]
      [GC Worker End (ms):  13076419.0]
   [Code Root Fixup: 0.0 ms]
   [Code Root Purge: 0.0 ms]
   [Clear CT: 0.0 ms]
   [Other: 0.3 ms]
      [Choose CSet: 0.0 ms]
      [Ref Proc: 0.0 ms]
      [Ref Enq: 0.0 ms]
      [Redirty Cards: 0.0 ms]
      [Humongous Register: 0.0 ms]
      [Humongous Reclaim: 0.0 ms]
      [Free CSet: 0.1 ms]
   [Eden: 47.0M(47.0M)->0.0B(45.0M) Survivors: 4096.0K->6144.0K Heap: 295.5M(1024.0M)->250.0M(1024.0M)]
 [Times: user=0.02 sys=0.00, real=0.02 secs] 
2016-12-19T21:27:16.142+0100: 13101.402: [GC pause (G1 Evacuation Pause) (young), 0.0245975 secs]
   [Parallel Time: 24.2 ms, GC Workers: 1]
      [GC Worker Start (ms):  13101402.0]
      [Ext Root Scanning (ms):  1.3]
      [Update RS (ms):  2.2]
         [Processed Buffers:  36]
      [Scan RS (ms):  4.4]
      [Code Root Scanning (ms):  0.0]
      [Object Copy (ms):  16.3]
      [Termination (ms):  0.0]
         [Termination Attempts:  1]
      [GC Worker Other (ms):  0.0]
      [GC Worker Total (ms):  24.1]
      [GC Worker End (ms):  13101426.1]
   [Code Root Fixup: 0.1 ms]
   [Code Root Purge: 0.0 ms]
   [Clear CT: 0.0 ms]
   [Other: 0.3 ms]
      [Choose CSet: 0.0 ms]
      [Ref Proc: 0.0 ms]
      [Ref Enq: 0.0 ms]
      [Redirty Cards: 0.0 ms]
      [Humongous Register: 0.0 ms]
      [Humongous Reclaim: 0.0 ms]
      [Free CSet: 0.1 ms]
   [Eden: 45.0M(45.0M)->0.0B(47.0M) Survivors: 6144.0K->4096.0K Heap: 295.0M(1024.0M)->250.3M(1024.0M)]
 [Times: user=0.03 sys=0.00, real=0.02 secs] 
2016-12-19T21:27:42.488+0100: 13127.747: [GC pause (G1 Evacuation Pause) (young), 0.0273288 secs]
   [Parallel Time: 26.5 ms, GC Workers: 1]
      [GC Worker Start (ms):  13127747.6]
      [Ext Root Scanning (ms):  1.6]
      [Update RS (ms):  3.7]
         [Processed Buffers:  38]
      [Scan RS (ms):  6.5]
      [Code Root Scanning (ms):  0.0]
      [Object Copy (ms):  14.7]
      [Termination (ms):  0.0]
         [Termination Attempts:  1]
      [GC Worker Other (ms):  0.0]
      [GC Worker Total (ms):  26.5]
      [GC Worker End (ms):  13127774.1]
   [Code Root Fixup: 0.1 ms]
   [Code Root Purge: 0.0 ms]
   [Clear CT: 0.1 ms]
   [Other: 0.7 ms]
      [Choose CSet: 0.0 ms]
      [Ref Proc: 0.0 ms]
      [Ref Enq: 0.0 ms]
      [Redirty Cards: 0.0 ms]
      [Humongous Register: 0.1 ms]
      [Humongous Reclaim: 0.0 ms]
      [Free CSet: 0.1 ms]
   [Eden: 47.0M(47.0M)->0.0B(45.0M) Survivors: 4096.0K->6144.0K Heap: 297.3M(1024.0M)->251.8M(1024.0M)]
 [Times: user=0.03 sys=0.00, real=0.03 secs] 
2016-12-19T21:28:08.662+0100: 13153.921: [GC pause (G1 Evacuation Pause) (young), 0.0544641 secs]
   [Parallel Time: 53.8 ms, GC Workers: 1]
      [GC Worker Start (ms):  13153921.6]
      [Ext Root Scanning (ms):  2.8]
      [Update RS (ms):  1.9]
         [Processed Buffers:  37]
      [Scan RS (ms):  4.1]
      [Code Root Scanning (ms):  0.0]
      [Object Copy (ms):  44.9]
      [Termination (ms):  0.0]
         [Termination Attempts:  1]
      [GC Worker Other (ms):  0.0]
      [GC Worker Total (ms):  53.8]
      [GC Worker End (ms):  13153975.3]
   [Code Root Fixup: 0.1 ms]
   [Code Root Purge: 0.0 ms]
   [Clear CT: 0.1 ms]
   [Other: 0.5 ms]
      [Choose CSet: 0.0 ms]
      [Ref Proc: 0.0 ms]
      [Ref Enq: 0.0 ms]
      [Redirty Cards: 0.1 ms]
      [Humongous Register: 0.1 ms]
      [Humongous Reclaim: 0.0 ms]
      [Free CSet: 0.1 ms]
   [Eden: 45.0M(45.0M)->0.0B(47.0M) Survivors: 6144.0K->4096.0K Heap: 296.8M(1024.0M)->252.2M(1024.0M)]
 [Times: user=0.03 sys=0.00, real=0.06 secs] 
2016-12-19T21:28:34.163+0100: 13179.422: [GC pause (G1 Evacuation Pause) (young), 0.0212046 secs]
   [Parallel Time: 20.7 ms, GC Workers: 1]
      [GC Worker Start (ms):  13179422.6]
      [Ext Root Scanning (ms):  1.4]
      [Update RS (ms):  2.9]
         [Processed Buffers:  39]
      [Scan RS (ms):  4.3]
      [Code Root Scanning (ms):  0.0]
      [Object Copy (ms):  12.1]
      [Termination (ms):  0.0]
         [Termination Attempts:  1]
      [GC Worker Other (ms):  0.0]
      [GC Worker Total (ms):  20.7]
      [GC Worker End (ms):  13179443.3]
   [Code Root Fixup: 0.0 ms]
   [Code Root Purge: 0.0 ms]
   [Clear CT: 0.0 ms]
   [Other: 0.4 ms]
      [Choose CSet: 0.0 ms]
      [Ref Proc: 0.0 ms]
      [Ref Enq: 0.0 ms]
      [Redirty Cards: 0.0 ms]
      [Humongous Register: 0.1 ms]
      [Humongous Reclaim: 0.0 ms]
      [Free CSet: 0.1 ms]
   [Eden: 47.0M(47.0M)->0.0B(45.0M) Survivors: 4096.0K->6144.0K Heap: 299.2M(1024.0M)->253.7M(1024.0M)]
 [Times: user=0.02 sys=0.00, real=0.02 secs] 
2016-12-19T21:28:57.895+0100: 13203.155: [GC pause (G1 Evacuation Pause) (young), 0.0231526 secs]
   [Parallel Time: 22.7 ms, GC Workers: 1]
      [GC Worker Start (ms):  13203154.7]
      [Ext Root Scanning (ms):  1.0]
      [Update RS (ms):  2.0]
         [Processed Buffers:  38]
      [Scan RS (ms):  3.8]
      [Code Root Scanning (ms):  0.0]
      [Object Copy (ms):  15.8]
      [Termination (ms):  0.0]
         [Termination Attempts:  1]
      [GC Worker Other (ms):  0.0]
      [GC Worker Total (ms):  22.6]
      [GC Worker End (ms):  13203177.4]
   [Code Root Fixup: 0.0 ms]
   [Code Root Purge: 0.0 ms]
   [Clear CT: 0.0 ms]
   [Other: 0.4 ms]
      [Choose CSet: 0.0 ms]
      [Ref Proc: 0.0 ms]
      [Ref Enq: 0.0 ms]
      [Redirty Cards: 0.0 ms]
      [Humongous Register: 0.0 ms]
      [Humongous Reclaim: 0.0 ms]
      [Free CSet: 0.1 ms]
   [Eden: 45.0M(45.0M)->0.0B(47.0M) Survivors: 6144.0K->4096.0K Heap: 298.7M(1024.0M)->254.2M(1024.0M)]
 [Times: user=0.02 sys=0.00, real=0.02 secs] 
2016-12-19T21:29:21.136+0100: 13226.396: [GC pause (G1 Evacuation Pause) (young), 0.0165675 secs]
   [Parallel Time: 16.1 ms, GC Workers: 1]
      [GC Worker Start (ms):  13226395.8]
      [Ext Root Scanning (ms):  1.0]
      [Update RS (ms):  2.4]
         [Processed Buffers:  38]
      [Scan RS (ms):  4.3]
      [Code Root Scanning (ms):  0.0]
      [Object Copy (ms):  8.4]
      [Termination (ms):  0.0]
         [Termination Attempts:  1]
      [GC Worker Other (ms):  0.0]
      [GC Worker Total (ms):  16.0]
      [GC Worker End (ms):  13226411.9]
   [Code Root Fixup: 0.0 ms]
   [Code Root Purge: 0.0 ms]
   [Clear CT: 0.0 ms]
   [Other: 0.4 ms]
      [Choose CSet: 0.0 ms]
      [Ref Proc: 0.0 ms]
      [Ref Enq: 0.0 ms]
      [Redirty Cards: 0.0 ms]
      [Humongous Register: 0.0 ms]
      [Humongous Reclaim: 0.0 ms]
      [Free CSet: 0.1 ms]
   [Eden: 47.0M(47.0M)->0.0B(47.0M) Survivors: 4096.0K->4096.0K Heap: 301.2M(1024.0M)->254.2M(1024.0M)]
 [Times: user=0.02 sys=0.00, real=0.02 secs] 
2016-12-19T21:29:45.851+0100: 13251.110: [GC pause (G1 Evacuation Pause) (young), 0.0240926 secs]
   [Parallel Time: 23.6 ms, GC Workers: 1]
      [GC Worker Start (ms):  13251110.5]
      [Ext Root Scanning (ms):  1.3]
      [Update RS (ms):  4.8]
         [Processed Buffers:  39]
      [Scan RS (ms):  5.4]
      [Code Root Scanning (ms):  0.0]
      [Object Copy (ms):  12.0]
      [Termination (ms):  0.0]
         [Termination Attempts:  1]
      [GC Worker Other (ms):  0.0]
      [GC Worker Total (ms):  23.6]
      [GC Worker End (ms):  13251134.1]
   [Code Root Fixup: 0.0 ms]
   [Code Root Purge: 0.0 ms]
   [Clear CT: 0.0 ms]
   [Other: 0.4 ms]
      [Choose CSet: 0.0 ms]
      [Ref Proc: 0.0 ms]
      [Ref Enq: 0.0 ms]
      [Redirty Cards: 0.0 ms]
      [Humongous Register: 0.0 ms]
      [Humongous Reclaim: 0.0 ms]
      [Free CSet: 0.1 ms]
   [Eden: 47.0M(47.0M)->0.0B(46.0M) Survivors: 4096.0K->5120.0K Heap: 301.2M(1024.0M)->255.7M(1024.0M)]
 [Times: user=0.02 sys=0.00, real=0.02 secs] 
2016-12-19T21:30:09.319+0100: 13274.578: [GC pause (G1 Evacuation Pause) (young), 0.0181394 secs]
   [Parallel Time: 17.7 ms, GC Workers: 1]
      [GC Worker Start (ms):  13274578.4]
      [Ext Root Scanning (ms):  1.0]
      [Update RS (ms):  2.1]
         [Processed Buffers:  34]
      [Scan RS (ms):  3.5]
      [Code Root Scanning (ms):  0.0]
      [Object Copy (ms):  11.0]
      [Termination (ms):  0.0]
         [Termination Attempts:  1]
      [GC Worker Other (ms):  0.0]
      [GC Worker Total (ms):  17.7]
      [GC Worker End (ms):  13274596.0]
   [Code Root Fixup: 0.0 ms]
   [Code Root Purge: 0.0 ms]
   [Clear CT: 0.0 ms]
   [Other: 0.4 ms]
      [Choose CSet: 0.0 ms]
      [Ref Proc: 0.0 ms]
      [Ref Enq: 0.0 ms]
      [Redirty Cards: 0.0 ms]
      [Humongous Register: 0.0 ms]
      [Humongous Reclaim: 0.0 ms]
      [Free CSet: 0.1 ms]
   [Eden: 46.0M(46.0M)->0.0B(47.0M) Survivors: 5120.0K->4096.0K Heap: 301.7M(1024.0M)->255.8M(1024.0M)]
 [Times: user=0.02 sys=0.00, real=0.02 secs] 
2016-12-19T21:30:34.010+0100: 13299.270: [GC pause (G1 Evacuation Pause) (young), 0.0185144 secs]
   [Parallel Time: 18.1 ms, GC Workers: 1]
      [GC Worker Start (ms):  13299269.7]
      [Ext Root Scanning (ms):  0.9]
      [Update RS (ms):  2.0]
         [Processed Buffers:  36]
      [Scan RS (ms):  3.3]
      [Code Root Scanning (ms):  0.0]
      [Object Copy (ms):  11.8]
      [Termination (ms):  0.0]
         [Termination Attempts:  1]
      [GC Worker Other (ms):  0.0]
      [GC Worker Total (ms):  18.1]
      [GC Worker End (ms):  13299287.8]
   [Code Root Fixup: 0.0 ms]
   [Code Root Purge: 0.0 ms]
   [Clear CT: 0.0 ms]
   [Other: 0.3 ms]
      [Choose CSet: 0.0 ms]
      [Ref Proc: 0.0 ms]
      [Ref Enq: 0.0 ms]
      [Redirty Cards: 0.0 ms]
      [Humongous Register: 0.0 ms]
      [Humongous Reclaim: 0.0 ms]
      [Free CSet: 0.1 ms]
   [Eden: 47.0M(47.0M)->0.0B(46.0M) Survivors: 4096.0K->5120.0K Heap: 302.8M(1024.0M)->256.8M(1024.0M)]
 [Times: user=0.02 sys=0.00, real=0.02 secs] 
2016-12-19T21:30:57.318+0100: 13322.578: [GC pause (G1 Evacuation Pause) (young), 0.0253494 secs]
   [Parallel Time: 24.7 ms, GC Workers: 1]
      [GC Worker Start (ms):  13322578.3]
      [Ext Root Scanning (ms):  1.5]
      [Update RS (ms):  6.2]
         [Processed Buffers:  34]
      [Scan RS (ms):  3.5]
      [Code Root Scanning (ms):  0.0]
      [Object Copy (ms):  13.4]
      [Termination (ms):  0.0]
         [Termination Attempts:  1]
      [GC Worker Other (ms):  0.0]
      [GC Worker Total (ms):  24.7]
      [GC Worker End (ms):  13322602.9]
   [Code Root Fixup: 0.0 ms]
   [Code Root Purge: 0.0 ms]
   [Clear CT: 0.0 ms]
   [Other: 0.6 ms]
      [Choose CSet: 0.0 ms]
      [Ref Proc: 0.0 ms]
      [Ref Enq: 0.0 ms]
      [Redirty Cards: 0.0 ms]
      [Humongous Register: 0.0 ms]
      [Humongous Reclaim: 0.0 ms]
      [Free CSet: 0.0 ms]
   [Eden: 46.0M(46.0M)->0.0B(47.0M) Survivors: 5120.0K->4096.0K Heap: 302.8M(1024.0M)->257.2M(1024.0M)]
 [Times: user=0.03 sys=0.00, real=0.03 secs] 
2016-12-19T21:31:21.146+0100: 13346.405: [GC pause (G1 Evacuation Pause) (young), 0.0263141 secs]
   [Parallel Time: 25.8 ms, GC Workers: 1]
      [GC Worker Start (ms):  13346405.6]
      [Ext Root Scanning (ms):  1.8]
      [Update RS (ms):  4.3]
         [Processed Buffers:  34]
      [Scan RS (ms):  4.0]
      [Code Root Scanning (ms):  0.0]
      [Object Copy (ms):  15.7]
      [Termination (ms):  0.0]
         [Termination Attempts:  1]
      [GC Worker Other (ms):  0.0]
      [GC Worker Total (ms):  25.8]
      [GC Worker End (ms):  13346431.4]
   [Code Root Fixup: 0.0 ms]
   [Code Root Purge: 0.0 ms]
   [Clear CT: 0.0 ms]
   [Other: 0.4 ms]
      [Choose CSet: 0.0 ms]
      [Ref Proc: 0.0 ms]
      [Ref Enq: 0.0 ms]
      [Redirty Cards: 0.0 ms]
      [Humongous Register: 0.1 ms]
      [Humongous Reclaim: 0.0 ms]
      [Free CSet: 0.1 ms]
   [Eden: 47.0M(47.0M)->0.0B(46.0M) Survivors: 4096.0K->5120.0K Heap: 304.2M(1024.0M)->258.2M(1024.0M)]
 [Times: user=0.02 sys=0.00, real=0.03 secs] 
2016-12-19T21:31:46.182+0100: 13371.442: [GC pause (G1 Evacuation Pause) (young), 0.0220795 secs]
   [Parallel Time: 21.5 ms, GC Workers: 1]
      [GC Worker Start (ms):  13371442.0]
      [Ext Root Scanning (ms):  1.4]
      [Update RS (ms):  5.0]
         [Processed Buffers:  35]
      [Scan RS (ms):  3.0]
      [Code Root Scanning (ms):  0.0]
      [Object Copy (ms):  12.0]
      [Termination (ms):  0.0]
         [Termination Attempts:  1]
      [GC Worker Other (ms):  0.0]
      [GC Worker Total (ms):  21.5]
      [GC Worker End (ms):  13371463.5]
   [Code Root Fixup: 0.1 ms]
   [Code Root Purge: 0.0 ms]
   [Clear CT: 0.0 ms]
   [Other: 0.4 ms]
      [Choose CSet: 0.0 ms]
      [Ref Proc: 0.0 ms]
      [Ref Enq: 0.0 ms]
      [Redirty Cards: 0.0 ms]
      [Humongous Register: 0.1 ms]
      [Humongous Reclaim: 0.0 ms]
      [Free CSet: 0.1 ms]
   [Eden: 46.0M(46.0M)->0.0B(47.0M) Survivors: 5120.0K->4096.0K Heap: 304.2M(1024.0M)->258.7M(1024.0M)]
 [Times: user=0.02 sys=0.00, real=0.03 secs] 
2016-12-19T21:32:12.032+0100: 13397.292: [GC pause (G1 Evacuation Pause) (young), 0.0206618 secs]
   [Parallel Time: 20.2 ms, GC Workers: 1]
      [GC Worker Start (ms):  13397292.1]
      [Ext Root Scanning (ms):  1.1]
      [Update RS (ms):  3.4]
         [Processed Buffers:  34]
      [Scan RS (ms):  3.9]
      [Code Root Scanning (ms):  0.0]
      [Object Copy (ms):  11.8]
      [Termination (ms):  0.0]
         [Termination Attempts:  1]
      [GC Worker Other (ms):  0.0]
      [GC Worker Total (ms):  20.2]
      [GC Worker End (ms):  13397312.2]
   [Code Root Fixup: 0.1 ms]
   [Code Root Purge: 0.0 ms]
   [Clear CT: 0.0 ms]
   [Other: 0.4 ms]
      [Choose CSet: 0.0 ms]
      [Ref Proc: 0.0 ms]
      [Ref Enq: 0.0 ms]
      [Redirty Cards: 0.0 ms]
      [Humongous Register: 0.0 ms]
      [Humongous Reclaim: 0.0 ms]
      [Free CSet: 0.1 ms]
   [Eden: 47.0M(47.0M)->0.0B(45.0M) Survivors: 4096.0K->6144.0K Heap: 305.7M(1024.0M)->260.2M(1024.0M)]
 [Times: user=0.02 sys=0.00, real=0.02 secs] 
2016-12-19T21:32:35.249+0100: 13420.509: [GC pause (G1 Evacuation Pause) (young), 0.0373707 secs]
   [Parallel Time: 36.2 ms, GC Workers: 1]
      [GC Worker Start (ms):  13420508.7]
      [Ext Root Scanning (ms):  1.4]
      [Update RS (ms):  2.8]
         [Processed Buffers:  34]
      [Scan RS (ms):  3.9]
      [Code Root Scanning (ms):  0.0]
      [Object Copy (ms):  28.1]
      [Termination (ms):  0.0]
         [Termination Attempts:  1]
      [GC Worker Other (ms):  0.0]
      [GC Worker Total (ms):  36.2]
      [GC Worker End (ms):  13420544.9]
   [Code Root Fixup: 0.1 ms]
   [Code Root Purge: 0.0 ms]
   [Clear CT: 0.0 ms]
   [Other: 1.0 ms]
      [Choose CSet: 0.0 ms]
      [Ref Proc: 0.0 ms]
      [Ref Enq: 0.0 ms]
      [Redirty Cards: 0.1 ms]
      [Humongous Register: 0.1 ms]
      [Humongous Reclaim: 0.1 ms]
      [Free CSet: 0.1 ms]
   [Eden: 45.0M(45.0M)->0.0B(47.0M) Survivors: 6144.0K->4096.0K Heap: 305.2M(1024.0M)->259.9M(1024.0M)]
 [Times: user=0.02 sys=0.00, real=0.04 secs] 
2016-12-19T21:33:00.622+0100: 13445.882: [GC pause (G1 Evacuation Pause) (young), 0.0198630 secs]
   [Parallel Time: 19.4 ms, GC Workers: 1]
      [GC Worker Start (ms):  13445882.0]
      [Ext Root Scanning (ms):  1.0]
      [Update RS (ms):  2.3]
         [Processed Buffers:  35]
      [Scan RS (ms):  4.5]
      [Code Root Scanning (ms):  0.0]
      [Object Copy (ms):  11.5]
      [Termination (ms):  0.0]
         [Termination Attempts:  1]
      [GC Worker Other (ms):  0.0]
      [GC Worker Total (ms):  19.3]
      [GC Worker End (ms):  13445901.4]
   [Code Root Fixup: 0.0 ms]
   [Code Root Purge: 0.0 ms]
   [Clear CT: 0.0 ms]
   [Other: 0.4 ms]
      [Choose CSet: 0.0 ms]
      [Ref Proc: 0.0 ms]
      [Ref Enq: 0.0 ms]
      [Redirty Cards: 0.0 ms]
      [Humongous Register: 0.0 ms]
      [Humongous Reclaim: 0.0 ms]
      [Free CSet: 0.1 ms]
   [Eden: 47.0M(47.0M)->0.0B(45.0M) Survivors: 4096.0K->6144.0K Heap: 306.9M(1024.0M)->261.4M(1024.0M)]
 [Times: user=0.02 sys=0.00, real=0.03 secs] 
2016-12-19T21:33:23.659+0100: 13468.919: [GC pause (G1 Evacuation Pause) (young), 0.0262383 secs]
   [Parallel Time: 25.5 ms, GC Workers: 1]
      [GC Worker Start (ms):  13468919.1]
      [Ext Root Scanning (ms):  1.0]
      [Update RS (ms):  2.2]
         [Processed Buffers:  33]
      [Scan RS (ms):  3.2]
      [Code Root Scanning (ms):  0.0]
      [Object Copy (ms):  19.0]
      [Termination (ms):  0.0]
         [Termination Attempts:  1]
      [GC Worker Other (ms):  0.0]
      [GC Worker Total (ms):  25.5]
      [GC Worker End (ms):  13468944.6]
   [Code Root Fixup: 0.0 ms]
   [Code Root Purge: 0.0 ms]
   [Clear CT: 0.0 ms]
   [Other: 0.7 ms]
      [Choose CSet: 0.0 ms]
      [Ref Proc: 0.0 ms]
      [Ref Enq: 0.0 ms]
      [Redirty Cards: 0.0 ms]
      [Humongous Register: 0.0 ms]
      [Humongous Reclaim: 0.0 ms]
      [Free CSet: 0.1 ms]
   [Eden: 45.0M(45.0M)->0.0B(47.0M) Survivors: 6144.0K->4096.0K Heap: 306.4M(1024.0M)->261.4M(1024.0M)]
 [Times: user=0.02 sys=0.00, real=0.03 secs] 
2016-12-19T21:33:48.992+0100: 13494.252: [GC pause (G1 Evacuation Pause) (young), 0.0216673 secs]
   [Parallel Time: 21.0 ms, GC Workers: 1]
      [GC Worker Start (ms):  13494251.9]
      [Ext Root Scanning (ms):  1.3]
      [Update RS (ms):  4.0]
         [Processed Buffers:  36]
      [Scan RS (ms):  4.2]
      [Code Root Scanning (ms):  0.0]
      [Object Copy (ms):  11.4]
      [Termination (ms):  0.0]
         [Termination Attempts:  1]
      [GC Worker Other (ms):  0.0]
      [GC Worker Total (ms):  21.0]
      [GC Worker End (ms):  13494272.8]
   [Code Root Fixup: 0.0 ms]
   [Code Root Purge: 0.0 ms]
   [Clear CT: 0.0 ms]
   [Other: 0.6 ms]
      [Choose CSet: 0.0 ms]
      [Ref Proc: 0.0 ms]
      [Ref Enq: 0.0 ms]
      [Redirty Cards: 0.0 ms]
      [Humongous Register: 0.1 ms]
      [Humongous Reclaim: 0.0 ms]
      [Free CSet: 0.1 ms]
   [Eden: 47.0M(47.0M)->0.0B(46.0M) Survivors: 4096.0K->5120.0K Heap: 308.4M(1024.0M)->262.9M(1024.0M)]
 [Times: user=0.02 sys=0.00, real=0.02 secs] 
2016-12-19T21:34:13.250+0100: 13518.510: [GC pause (G1 Evacuation Pause) (young), 0.0254558 secs]
   [Parallel Time: 25.0 ms, GC Workers: 1]
      [GC Worker Start (ms):  13518509.9]
      [Ext Root Scanning (ms):  2.5]
      [Update RS (ms):  3.3]
         [Processed Buffers:  35]
      [Scan RS (ms):  3.6]
      [Code Root Scanning (ms):  0.0]
      [Object Copy (ms):  15.5]
      [Termination (ms):  0.0]
         [Termination Attempts:  1]
      [GC Worker Other (ms):  0.0]
      [GC Worker Total (ms):  24.9]
      [GC Worker End (ms):  13518534.8]
   [Code Root Fixup: 0.1 ms]
   [Code Root Purge: 0.0 ms]
   [Clear CT: 0.0 ms]
   [Other: 0.4 ms]
      [Choose CSet: 0.0 ms]
      [Ref Proc: 0.0 ms]
      [Ref Enq: 0.0 ms]
      [Redirty Cards: 0.0 ms]
      [Humongous Register: 0.1 ms]
      [Humongous Reclaim: 0.0 ms]
      [Free CSet: 0.1 ms]
   [Eden: 46.0M(46.0M)->0.0B(47.0M) Survivors: 5120.0K->4096.0K Heap: 308.9M(1024.0M)->263.7M(1024.0M)]
 [Times: user=0.02 sys=0.00, real=0.03 secs] 
2016-12-19T21:34:40.787+0100: 13546.047: [GC pause (G1 Evacuation Pause) (young), 0.0188361 secs]
   [Parallel Time: 18.3 ms, GC Workers: 1]
      [GC Worker Start (ms):  13546047.1]
      [Ext Root Scanning (ms):  1.1]
      [Update RS (ms):  4.8]
         [Processed Buffers:  36]
      [Scan RS (ms):  3.7]
      [Code Root Scanning (ms):  0.0]
      [Object Copy (ms):  8.6]
      [Termination (ms):  0.0]
         [Termination Attempts:  1]
      [GC Worker Other (ms):  0.0]
      [GC Worker Total (ms):  18.3]
      [GC Worker End (ms):  13546065.4]
   [Code Root Fixup: 0.1 ms]
   [Code Root Purge: 0.0 ms]
   [Clear CT: 0.0 ms]
   [Other: 0.4 ms]
      [Choose CSet: 0.0 ms]
      [Ref Proc: 0.0 ms]
      [Ref Enq: 0.0 ms]
      [Redirty Cards: 0.0 ms]
      [Humongous Register: 0.1 ms]
      [Humongous Reclaim: 0.0 ms]
      [Free CSet: 0.1 ms]
   [Eden: 47.0M(47.0M)->0.0B(47.0M) Survivors: 4096.0K->4096.0K Heap: 310.7M(1024.0M)->263.7M(1024.0M)]
 [Times: user=0.02 sys=0.00, real=0.02 secs] 
2016-12-19T21:35:08.291+0100: 13573.551: [GC pause (G1 Evacuation Pause) (young), 0.0248705 secs]
   [Parallel Time: 24.3 ms, GC Workers: 1]
      [GC Worker Start (ms):  13573550.7]
      [Ext Root Scanning (ms):  1.6]
      [Update RS (ms):  3.0]
         [Processed Buffers:  34]
      [Scan RS (ms):  4.2]
      [Code Root Scanning (ms):  0.0]
      [Object Copy (ms):  15.4]
      [Termination (ms):  0.0]
         [Termination Attempts:  1]
      [GC Worker Other (ms):  0.0]
      [GC Worker Total (ms):  24.3]
      [GC Worker End (ms):  13573575.0]
   [Code Root Fixup: 0.1 ms]
   [Code Root Purge: 0.0 ms]
   [Clear CT: 0.0 ms]
   [Other: 0.5 ms]
      [Choose CSet: 0.0 ms]
      [Ref Proc: 0.0 ms]
      [Ref Enq: 0.0 ms]
      [Redirty Cards: 0.0 ms]
      [Humongous Register: 0.1 ms]
      [Humongous Reclaim: 0.0 ms]
      [Free CSet: 0.1 ms]
   [Eden: 47.0M(47.0M)->0.0B(46.0M) Survivors: 4096.0K->5120.0K Heap: 310.7M(1024.0M)->264.7M(1024.0M)]
 [Times: user=0.02 sys=0.00, real=0.02 secs] 
2016-12-19T21:35:31.766+0100: 13597.026: [GC pause (G1 Evacuation Pause) (young), 0.0262781 secs]
   [Parallel Time: 25.4 ms, GC Workers: 1]
      [GC Worker Start (ms):  13597026.3]
      [Ext Root Scanning (ms):  1.7]
      [Update RS (ms):  2.9]
         [Processed Buffers:  33]
      [Scan RS (ms):  3.4]
      [Code Root Scanning (ms):  0.0]
      [Object Copy (ms):  17.3]
      [Termination (ms):  0.0]
         [Termination Attempts:  1]
      [GC Worker Other (ms):  0.0]
      [GC Worker Total (ms):  25.4]
      [GC Worker End (ms):  13597051.6]
   [Code Root Fixup: 0.0 ms]
   [Code Root Purge: 0.0 ms]
   [Clear CT: 0.0 ms]
   [Other: 0.8 ms]
      [Choose CSet: 0.0 ms]
      [Ref Proc: 0.0 ms]
      [Ref Enq: 0.0 ms]
      [Redirty Cards: 0.0 ms]
      [Humongous Register: 0.1 ms]
      [Humongous Reclaim: 0.0 ms]
      [Free CSet: 0.0 ms]
   [Eden: 46.0M(46.0M)->0.0B(47.0M) Survivors: 5120.0K->4096.0K Heap: 310.7M(1024.0M)->264.9M(1024.0M)]
 [Times: user=0.02 sys=0.00, real=0.03 secs] 
2016-12-19T21:36:00.321+0100: 13625.581: [GC pause (G1 Evacuation Pause) (young), 0.0214223 secs]
   [Parallel Time: 21.0 ms, GC Workers: 1]
      [GC Worker Start (ms):  13625580.9]
      [Ext Root Scanning (ms):  1.6]
      [Update RS (ms):  4.2]
         [Processed Buffers:  35]
      [Scan RS (ms):  3.6]
      [Code Root Scanning (ms):  0.0]
      [Object Copy (ms):  11.6]
      [Termination (ms):  0.0]
         [Termination Attempts:  1]
      [GC Worker Other (ms):  0.0]
      [GC Worker Total (ms):  20.9]
      [GC Worker End (ms):  13625601.8]
   [Code Root Fixup: 0.0 ms]
   [Code Root Purge: 0.0 ms]
   [Clear CT: 0.0 ms]
   [Other: 0.4 ms]
      [Choose CSet: 0.0 ms]
      [Ref Proc: 0.0 ms]
      [Ref Enq: 0.0 ms]
      [Redirty Cards: 0.0 ms]
      [Humongous Register: 0.0 ms]
      [Humongous Reclaim: 0.0 ms]
      [Free CSet: 0.1 ms]
   [Eden: 47.0M(47.0M)->0.0B(46.0M) Survivors: 4096.0K->5120.0K Heap: 311.9M(1024.0M)->265.9M(1024.0M)]
 [Times: user=0.02 sys=0.00, real=0.02 secs] 
2016-12-19T21:36:25.094+0100: 13650.353: [GC pause (G1 Evacuation Pause) (young), 0.0228593 secs]
   [Parallel Time: 22.3 ms, GC Workers: 1]
      [GC Worker Start (ms):  13650353.6]
      [Ext Root Scanning (ms):  1.5]
      [Update RS (ms):  2.6]
         [Processed Buffers:  33]
      [Scan RS (ms):  4.2]
      [Code Root Scanning (ms):  0.0]
      [Object Copy (ms):  14.0]
      [Termination (ms):  0.0]
         [Termination Attempts:  1]
      [GC Worker Other (ms):  0.0]
      [GC Worker Total (ms):  22.3]
      [GC Worker End (ms):  13650376.0]
   [Code Root Fixup: 0.1 ms]
   [Code Root Purge: 0.0 ms]
   [Clear CT: 0.0 ms]
   [Other: 0.4 ms]
      [Choose CSet: 0.0 ms]
      [Ref Proc: 0.0 ms]
      [Ref Enq: 0.0 ms]
      [Redirty Cards: 0.0 ms]
      [Humongous Register: 0.1 ms]
      [Humongous Reclaim: 0.0 ms]
      [Free CSet: 0.1 ms]
   [Eden: 46.0M(46.0M)->0.0B(47.0M) Survivors: 5120.0K->4096.0K Heap: 311.9M(1024.0M)->266.4M(1024.0M)]
 [Times: user=0.02 sys=0.00, real=0.02 secs] 
2016-12-19T21:36:52.026+0100: 13677.286: [GC pause (G1 Evacuation Pause) (young), 0.0199256 secs]
   [Parallel Time: 19.4 ms, GC Workers: 1]
      [GC Worker Start (ms):  13677286.1]
      [Ext Root Scanning (ms):  0.9]
      [Update RS (ms):  2.5]
         [Processed Buffers:  35]
      [Scan RS (ms):  4.1]
      [Code Root Scanning (ms):  0.0]
      [Object Copy (ms):  11.8]
      [Termination (ms):  0.0]
         [Termination Attempts:  1]
      [GC Worker Other (ms):  0.0]
      [GC Worker Total (ms):  19.4]
      [GC Worker End (ms):  13677305.5]
   [Code Root Fixup: 0.0 ms]
   [Code Root Purge: 0.0 ms]
   [Clear CT: 0.0 ms]
   [Other: 0.4 ms]
      [Choose CSet: 0.0 ms]
      [Ref Proc: 0.0 ms]
      [Ref Enq: 0.0 ms]
      [Redirty Cards: 0.0 ms]
      [Humongous Register: 0.0 ms]
      [Humongous Reclaim: 0.0 ms]
      [Free CSet: 0.1 ms]
   [Eden: 47.0M(47.0M)->0.0B(45.0M) Survivors: 4096.0K->6144.0K Heap: 313.4M(1024.0M)->267.9M(1024.0M)]
 [Times: user=0.02 sys=0.00, real=0.02 secs] 
2016-12-19T21:37:14.945+0100: 13700.205: [GC pause (G1 Evacuation Pause) (young), 0.0220464 secs]
   [Parallel Time: 21.5 ms, GC Workers: 1]
      [GC Worker Start (ms):  13700204.9]
      [Ext Root Scanning (ms):  1.0]
      [Update RS (ms):  2.8]
         [Processed Buffers:  36]
      [Scan RS (ms):  3.9]
      [Code Root Scanning (ms):  0.0]
      [Object Copy (ms):  13.8]
      [Termination (ms):  0.0]
         [Termination Attempts:  1]
      [GC Worker Other (ms):  0.0]
      [GC Worker Total (ms):  21.5]
      [GC Worker End (ms):  13700226.3]
   [Code Root Fixup: 0.0 ms]
   [Code Root Purge: 0.0 ms]
   [Clear CT: 0.0 ms]
   [Other: 0.5 ms]
      [Choose CSet: 0.0 ms]
      [Ref Proc: 0.0 ms]
      [Ref Enq: 0.0 ms]
      [Redirty Cards: 0.0 ms]
      [Humongous Register: 0.0 ms]
      [Humongous Reclaim: 0.1 ms]
      [Free CSet: 0.1 ms]
   [Eden: 45.0M(45.0M)->0.0B(47.0M) Survivors: 6144.0K->4096.0K Heap: 312.9M(1024.0M)->267.9M(1024.0M)]
 [Times: user=0.02 sys=0.00, real=0.02 secs] 
2016-12-19T21:37:39.319+0100: 13724.578: [GC pause (G1 Evacuation Pause) (young), 0.0201925 secs]
   [Parallel Time: 19.8 ms, GC Workers: 1]
      [GC Worker Start (ms):  13724578.5]
      [Ext Root Scanning (ms):  1.3]
      [Update RS (ms):  2.5]
         [Processed Buffers:  36]
      [Scan RS (ms):  4.1]
      [Code Root Scanning (ms):  0.0]
      [Object Copy (ms):  11.7]
      [Termination (ms):  0.0]
         [Termination Attempts:  1]
      [GC Worker Other (ms):  0.0]
      [GC Worker Total (ms):  19.7]
      [GC Worker End (ms):  13724598.3]
   [Code Root Fixup: 0.0 ms]
   [Code Root Purge: 0.0 ms]
   [Clear CT: 0.0 ms]
   [Other: 0.3 ms]
      [Choose CSet: 0.0 ms]
      [Ref Proc: 0.0 ms]
      [Ref Enq: 0.0 ms]
      [Redirty Cards: 0.0 ms]
      [Humongous Register: 0.0 ms]
      [Humongous Reclaim: 0.0 ms]
      [Free CSet: 0.1 ms]
   [Eden: 47.0M(47.0M)->0.0B(45.0M) Survivors: 4096.0K->6144.0K Heap: 314.9M(1024.0M)->269.4M(1024.0M)]
 [Times: user=0.02 sys=0.00, real=0.02 secs] 
2016-12-19T21:38:01.825+0100: 13747.085: [GC pause (G1 Evacuation Pause) (young), 0.0258431 secs]
   [Parallel Time: 25.4 ms, GC Workers: 1]
      [GC Worker Start (ms):  13747084.7]
      [Ext Root Scanning (ms):  1.2]
      [Update RS (ms):  2.7]
         [Processed Buffers:  36]
      [Scan RS (ms):  4.8]
      [Code Root Scanning (ms):  0.0]
      [Object Copy (ms):  16.7]
      [Termination (ms):  0.0]
         [Termination Attempts:  1]
      [GC Worker Other (ms):  0.0]
      [GC Worker Total (ms):  25.4]
      [GC Worker End (ms):  13747110.1]
   [Code Root Fixup: 0.0 ms]
   [Code Root Purge: 0.0 ms]
   [Clear CT: 0.0 ms]
   [Other: 0.4 ms]
      [Choose CSet: 0.0 ms]
      [Ref Proc: 0.0 ms]
      [Ref Enq: 0.0 ms]
      [Redirty Cards: 0.0 ms]
      [Humongous Register: 0.0 ms]
      [Humongous Reclaim: 0.0 ms]
      [Free CSet: 0.1 ms]
   [Eden: 45.0M(45.0M)->0.0B(47.0M) Survivors: 6144.0K->4096.0K Heap: 314.4M(1024.0M)->269.2M(1024.0M)]
 [Times: user=0.02 sys=0.00, real=0.03 secs] 
2016-12-19T21:38:23.907+0100: 13769.166: [GC pause (G1 Evacuation Pause) (young), 0.0240592 secs]
   [Parallel Time: 23.5 ms, GC Workers: 1]
      [GC Worker Start (ms):  13769166.4]
      [Ext Root Scanning (ms):  1.7]
      [Update RS (ms):  4.8]
         [Processed Buffers:  36]
      [Scan RS (ms):  4.4]
      [Code Root Scanning (ms):  0.0]
      [Object Copy (ms):  12.5]
      [Termination (ms):  0.0]
         [Termination Attempts:  1]
      [GC Worker Other (ms):  0.0]
      [GC Worker Total (ms):  23.5]
      [GC Worker End (ms):  13769189.9]
   [Code Root Fixup: 0.1 ms]
   [Code Root Purge: 0.0 ms]
   [Clear CT: 0.1 ms]
   [Other: 0.4 ms]
      [Choose CSet: 0.0 ms]
      [Ref Proc: 0.0 ms]
      [Ref Enq: 0.0 ms]
      [Redirty Cards: 0.0 ms]
      [Humongous Register: 0.1 ms]
      [Humongous Reclaim: 0.0 ms]
      [Free CSet: 0.1 ms]
   [Eden: 47.0M(47.0M)->0.0B(45.0M) Survivors: 4096.0K->6144.0K Heap: 316.2M(1024.0M)->270.7M(1024.0M)]
 [Times: user=0.02 sys=0.00, real=0.03 secs] 
2016-12-19T21:38:46.299+0100: 13791.559: [GC pause (G1 Evacuation Pause) (young), 0.0283670 secs]
   [Parallel Time: 27.9 ms, GC Workers: 1]
      [GC Worker Start (ms):  13791559.3]
      [Ext Root Scanning (ms):  1.1]
      [Update RS (ms):  2.4]
         [Processed Buffers:  35]
      [Scan RS (ms):  4.2]
      [Code Root Scanning (ms):  0.0]
      [Object Copy (ms):  20.2]
      [Termination (ms):  0.0]
         [Termination Attempts:  1]
      [GC Worker Other (ms):  0.0]
      [GC Worker Total (ms):  27.9]
      [GC Worker End (ms):  13791587.2]
   [Code Root Fixup: 0.0 ms]
   [Code Root Purge: 0.0 ms]
   [Clear CT: 0.0 ms]
   [Other: 0.4 ms]
      [Choose CSet: 0.0 ms]
      [Ref Proc: 0.0 ms]
      [Ref Enq: 0.0 ms]
      [Redirty Cards: 0.0 ms]
      [Humongous Register: 0.0 ms]
      [Humongous Reclaim: 0.0 ms]
      [Free CSet: 0.1 ms]
   [Eden: 45.0M(45.0M)->0.0B(47.0M) Survivors: 6144.0K->4096.0K Heap: 315.7M(1024.0M)->270.7M(1024.0M)]
 [Times: user=0.03 sys=0.00, real=0.03 secs] 
2016-12-19T21:39:10.012+0100: 13815.272: [GC pause (G1 Evacuation Pause) (young), 0.0196176 secs]
   [Parallel Time: 19.1 ms, GC Workers: 1]
      [GC Worker Start (ms):  13815272.0]
      [Ext Root Scanning (ms):  1.0]
      [Update RS (ms):  2.8]
         [Processed Buffers:  39]
      [Scan RS (ms):  4.6]
      [Code Root Scanning (ms):  0.0]
      [Object Copy (ms):  10.7]
      [Termination (ms):  0.0]
         [Termination Attempts:  1]
      [GC Worker Other (ms):  0.0]
      [GC Worker Total (ms):  19.1]
      [GC Worker End (ms):  13815291.1]
   [Code Root Fixup: 0.1 ms]
   [Code Root Purge: 0.0 ms]
   [Clear CT: 0.0 ms]
   [Other: 0.4 ms]
      [Choose CSet: 0.0 ms]
      [Ref Proc: 0.0 ms]
      [Ref Enq: 0.0 ms]
      [Redirty Cards: 0.0 ms]
      [Humongous Register: 0.0 ms]
      [Humongous Reclaim: 0.0 ms]
      [Free CSet: 0.1 ms]
   [Eden: 47.0M(47.0M)->0.0B(46.0M) Survivors: 4096.0K->5120.0K Heap: 317.7M(1024.0M)->272.2M(1024.0M)]
 [Times: user=0.02 sys=0.00, real=0.02 secs] 
2016-12-19T21:39:33.654+0100: 13838.914: [GC pause (G1 Evacuation Pause) (young), 0.0462018 secs]
   [Parallel Time: 45.7 ms, GC Workers: 1]
      [GC Worker Start (ms):  13838914.2]
      [Ext Root Scanning (ms):  1.4]
      [Update RS (ms):  8.2]
         [Processed Buffers:  36]
      [Scan RS (ms):  8.1]
      [Code Root Scanning (ms):  0.0]
      [Object Copy (ms):  27.9]
      [Termination (ms):  0.0]
         [Termination Attempts:  1]
      [GC Worker Other (ms):  0.0]
      [GC Worker Total (ms):  45.7]
      [GC Worker End (ms):  13838959.8]
   [Code Root Fixup: 0.1 ms]
   [Code Root Purge: 0.0 ms]
   [Clear CT: 0.0 ms]
   [Other: 0.4 ms]
      [Choose CSet: 0.0 ms]
      [Ref Proc: 0.0 ms]
      [Ref Enq: 0.0 ms]
      [Redirty Cards: 0.0 ms]
      [Humongous Register: 0.1 ms]
      [Humongous Reclaim: 0.0 ms]
      [Free CSet: 0.1 ms]
   [Eden: 46.0M(46.0M)->0.0B(47.0M) Survivors: 5120.0K->4096.0K Heap: 318.2M(1024.0M)->272.7M(1024.0M)]
 [Times: user=0.02 sys=0.00, real=0.04 secs] 
2016-12-19T21:39:57.802+0100: 13863.062: [GC pause (G1 Evacuation Pause) (young), 0.0264709 secs]
   [Parallel Time: 25.6 ms, GC Workers: 1]
      [GC Worker Start (ms):  13863061.8]
      [Ext Root Scanning (ms):  1.7]
      [Update RS (ms):  4.4]
         [Processed Buffers:  36]
      [Scan RS (ms):  7.9]
      [Code Root Scanning (ms):  0.0]
      [Object Copy (ms):  11.5]
      [Termination (ms):  0.0]
         [Termination Attempts:  1]
      [GC Worker Other (ms):  0.0]
      [GC Worker Total (ms):  25.6]
      [GC Worker End (ms):  13863087.3]
   [Code Root Fixup: 0.1 ms]
   [Code Root Purge: 0.0 ms]
   [Clear CT: 0.0 ms]
   [Other: 0.8 ms]
      [Choose CSet: 0.0 ms]
      [Ref Proc: 0.0 ms]
      [Ref Enq: 0.0 ms]
      [Redirty Cards: 0.0 ms]
      [Humongous Register: 0.0 ms]
      [Humongous Reclaim: 0.0 ms]
      [Free CSet: 0.1 ms]
   [Eden: 47.0M(47.0M)->0.0B(47.0M) Survivors: 4096.0K->4096.0K Heap: 319.7M(1024.0M)->272.7M(1024.0M)]
 [Times: user=0.02 sys=0.00, real=0.03 secs] 
2016-12-19T21:40:22.213+0100: 13887.472: [GC pause (G1 Evacuation Pause) (young), 0.0185551 secs]
   [Parallel Time: 18.1 ms, GC Workers: 1]
      [GC Worker Start (ms):  13887472.4]
      [Ext Root Scanning (ms):  0.9]
      [Update RS (ms):  2.5]
         [Processed Buffers:  37]
      [Scan RS (ms):  3.9]
      [Code Root Scanning (ms):  0.0]
      [Object Copy (ms):  10.7]
      [Termination (ms):  0.0]
         [Termination Attempts:  1]
      [GC Worker Other (ms):  0.0]
      [GC Worker Total (ms):  18.0]
      [GC Worker End (ms):  13887490.5]
   [Code Root Fixup: 0.0 ms]
   [Code Root Purge: 0.0 ms]
   [Clear CT: 0.0 ms]
   [Other: 0.4 ms]
      [Choose CSet: 0.0 ms]
      [Ref Proc: 0.0 ms]
      [Ref Enq: 0.0 ms]
      [Redirty Cards: 0.1 ms]
      [Humongous Register: 0.0 ms]
      [Humongous Reclaim: 0.0 ms]
      [Free CSet: 0.1 ms]
   [Eden: 47.0M(47.0M)->0.0B(46.0M) Survivors: 4096.0K->5120.0K Heap: 319.7M(1024.0M)->273.7M(1024.0M)]
 [Times: user=0.02 sys=0.00, real=0.02 secs] 
2016-12-19T21:40:45.772+0100: 13911.031: [GC pause (G1 Evacuation Pause) (young), 0.0291092 secs]
   [Parallel Time: 28.5 ms, GC Workers: 1]
      [GC Worker Start (ms):  13911031.6]
      [Ext Root Scanning (ms):  1.4]
      [Update RS (ms):  2.4]
         [Processed Buffers:  39]
      [Scan RS (ms):  3.7]
      [Code Root Scanning (ms):  0.0]
      [Object Copy (ms):  20.9]
      [Termination (ms):  0.0]
         [Termination Attempts:  1]
      [GC Worker Other (ms):  0.0]
      [GC Worker Total (ms):  28.5]
      [GC Worker End (ms):  13911060.1]
   [Code Root Fixup: 0.0 ms]
   [Code Root Purge: 0.0 ms]
   [Clear CT: 0.0 ms]
   [Other: 0.5 ms]
      [Choose CSet: 0.0 ms]
      [Ref Proc: 0.0 ms]
      [Ref Enq: 0.0 ms]
      [Redirty Cards: 0.0 ms]
      [Humongous Register: 0.1 ms]
      [Humongous Reclaim: 0.0 ms]
      [Free CSet: 0.1 ms]
   [Eden: 46.0M(46.0M)->0.0B(47.0M) Survivors: 5120.0K->4096.0K Heap: 319.7M(1024.0M)->273.8M(1024.0M)]
 [Times: user=0.02 sys=0.00, real=0.02 secs] 
2016-12-19T21:41:10.161+0100: 13935.420: [GC pause (G1 Evacuation Pause) (young), 0.0287923 secs]
   [Parallel Time: 28.3 ms, GC Workers: 1]
      [GC Worker Start (ms):  13935420.3]
      [Ext Root Scanning (ms):  2.4]
      [Update RS (ms):  3.2]
         [Processed Buffers:  36]
      [Scan RS (ms):  4.6]
      [Code Root Scanning (ms):  0.0]
      [Object Copy (ms):  18.0]
      [Termination (ms):  0.0]
         [Termination Attempts:  1]
      [GC Worker Other (ms):  0.0]
      [GC Worker Total (ms):  28.2]
      [GC Worker End (ms):  13935448.5]
   [Code Root Fixup: 0.1 ms]
   [Code Root Purge: 0.0 ms]
   [Clear CT: 0.0 ms]
   [Other: 0.4 ms]
      [Choose CSet: 0.0 ms]
      [Ref Proc: 0.0 ms]
      [Ref Enq: 0.0 ms]
      [Redirty Cards: 0.0 ms]
      [Humongous Register: 0.0 ms]
      [Humongous Reclaim: 0.0 ms]
      [Free CSet: 0.1 ms]
   [Eden: 47.0M(47.0M)->0.0B(46.0M) Survivors: 4096.0K->5120.0K Heap: 320.8M(1024.0M)->274.8M(1024.0M)]
 [Times: user=0.03 sys=0.00, real=0.03 secs] 
2016-12-19T21:41:33.839+0100: 13959.099: [GC pause (G1 Evacuation Pause) (young), 0.0225660 secs]
   [Parallel Time: 22.1 ms, GC Workers: 1]
      [GC Worker Start (ms):  13959099.2]
      [Ext Root Scanning (ms):  1.5]
      [Update RS (ms):  2.6]
         [Processed Buffers:  36]
      [Scan RS (ms):  4.1]
      [Code Root Scanning (ms):  0.0]
      [Object Copy (ms):  13.8]
      [Termination (ms):  0.0]
         [Termination Attempts:  1]
      [GC Worker Other (ms):  0.0]
      [GC Worker Total (ms):  22.1]
      [GC Worker End (ms):  13959121.3]
   [Code Root Fixup: 0.0 ms]
   [Code Root Purge: 0.0 ms]
   [Clear CT: 0.0 ms]
   [Other: 0.4 ms]
      [Choose CSet: 0.0 ms]
      [Ref Proc: 0.0 ms]
      [Ref Enq: 0.0 ms]
      [Redirty Cards: 0.0 ms]
      [Humongous Register: 0.1 ms]
      [Humongous Reclaim: 0.0 ms]
      [Free CSet: 0.1 ms]
   [Eden: 46.0M(46.0M)->0.0B(47.0M) Survivors: 5120.0K->4096.0K Heap: 320.8M(1024.0M)->275.4M(1024.0M)]
 [Times: user=0.03 sys=0.00, real=0.02 secs] 
2016-12-19T21:41:59.499+0100: 13984.758: [GC pause (G1 Evacuation Pause) (young), 0.0217567 secs]
   [Parallel Time: 21.2 ms, GC Workers: 1]
      [GC Worker Start (ms):  13984758.5]
      [Ext Root Scanning (ms):  2.7]
      [Update RS (ms):  2.3]
         [Processed Buffers:  36]
      [Scan RS (ms):  4.1]
      [Code Root Scanning (ms):  0.0]
      [Object Copy (ms):  12.0]
      [Termination (ms):  0.0]
         [Termination Attempts:  1]
      [GC Worker Other (ms):  0.0]
      [GC Worker Total (ms):  21.2]
      [GC Worker End (ms):  13984779.7]
   [Code Root Fixup: 0.0 ms]
   [Code Root Purge: 0.0 ms]
   [Clear CT: 0.0 ms]
   [Other: 0.5 ms]
      [Choose CSet: 0.0 ms]
      [Ref Proc: 0.0 ms]
      [Ref Enq: 0.0 ms]
      [Redirty Cards: 0.0 ms]
      [Humongous Register: 0.1 ms]
      [Humongous Reclaim: 0.0 ms]
      [Free CSet: 0.1 ms]
   [Eden: 47.0M(47.0M)->0.0B(45.0M) Survivors: 4096.0K->6144.0K Heap: 322.4M(1024.0M)->276.9M(1024.0M)]
 [Times: user=0.02 sys=0.00, real=0.02 secs] 
2016-12-19T21:42:23.230+0100: 14008.490: [GC pause (G1 Evacuation Pause) (young), 0.0230761 secs]
   [Parallel Time: 22.6 ms, GC Workers: 1]
      [GC Worker Start (ms):  14008490.0]
      [Ext Root Scanning (ms):  1.1]
      [Update RS (ms):  2.3]
         [Processed Buffers:  36]
      [Scan RS (ms):  4.0]
      [Code Root Scanning (ms):  0.0]
      [Object Copy (ms):  15.1]
      [Termination (ms):  0.0]
         [Termination Attempts:  1]
      [GC Worker Other (ms):  0.0]
      [GC Worker Total (ms):  22.5]
      [GC Worker End (ms):  14008512.4]
   [Code Root Fixup: 0.0 ms]
   [Code Root Purge: 0.0 ms]
   [Clear CT: 0.0 ms]
   [Other: 0.4 ms]
      [Choose CSet: 0.0 ms]
      [Ref Proc: 0.0 ms]
      [Ref Enq: 0.0 ms]
      [Redirty Cards: 0.0 ms]
      [Humongous Register: 0.1 ms]
      [Humongous Reclaim: 0.0 ms]
      [Free CSet: 0.1 ms]
   [Eden: 45.0M(45.0M)->0.0B(47.0M) Survivors: 6144.0K->4096.0K Heap: 321.9M(1024.0M)->276.7M(1024.0M)]
 [Times: user=0.02 sys=0.01, real=0.03 secs] 
2016-12-19T21:42:51.231+0100: 14036.491: [GC pause (G1 Evacuation Pause) (young), 0.0234820 secs]
   [Parallel Time: 22.8 ms, GC Workers: 1]
      [GC Worker Start (ms):  14036491.2]
      [Ext Root Scanning (ms):  1.1]
      [Update RS (ms):  2.8]
         [Processed Buffers:  37]
      [Scan RS (ms):  4.7]
      [Code Root Scanning (ms):  0.0]
      [Object Copy (ms):  14.3]
      [Termination (ms):  0.0]
         [Termination Attempts:  1]
      [GC Worker Other (ms):  0.0]
      [GC Worker Total (ms):  22.8]
      [GC Worker End (ms):  14036514.0]
   [Code Root Fixup: 0.1 ms]
   [Code Root Purge: 0.0 ms]
   [Clear CT: 0.1 ms]
   [Other: 0.5 ms]
      [Choose CSet: 0.0 ms]
      [Ref Proc: 0.1 ms]
      [Ref Enq: 0.0 ms]
      [Redirty Cards: 0.0 ms]
      [Humongous Register: 0.0 ms]
      [Humongous Reclaim: 0.0 ms]
      [Free CSet: 0.1 ms]
   [Eden: 47.0M(47.0M)->0.0B(45.0M) Survivors: 4096.0K->6144.0K Heap: 323.7M(1024.0M)->278.2M(1024.0M)]
 [Times: user=0.02 sys=0.00, real=0.02 secs] 
2016-12-19T21:43:14.321+0100: 14059.581: [GC pause (G1 Evacuation Pause) (young), 0.0317334 secs]
   [Parallel Time: 31.3 ms, GC Workers: 1]
      [GC Worker Start (ms):  14059580.7]
      [Ext Root Scanning (ms):  1.8]
      [Update RS (ms):  4.6]
         [Processed Buffers:  38]
      [Scan RS (ms):  4.2]
      [Code Root Scanning (ms):  0.0]
      [Object Copy (ms):  20.5]
      [Termination (ms):  0.0]
         [Termination Attempts:  1]
      [GC Worker Other (ms):  0.0]
      [GC Worker Total (ms):  31.2]
      [GC Worker End (ms):  14059612.0]
   [Code Root Fixup: 0.1 ms]
   [Code Root Purge: 0.0 ms]
   [Clear CT: 0.0 ms]
   [Other: 0.4 ms]
      [Choose CSet: 0.0 ms]
      [Ref Proc: 0.0 ms]
      [Ref Enq: 0.0 ms]
      [Redirty Cards: 0.0 ms]
      [Humongous Register: 0.0 ms]
      [Humongous Reclaim: 0.0 ms]
      [Free CSet: 0.1 ms]
   [Eden: 45.0M(45.0M)->0.0B(47.0M) Survivors: 6144.0K->4096.0K Heap: 323.2M(1024.0M)->278.2M(1024.0M)]
 [Times: user=0.02 sys=0.01, real=0.04 secs] 
2016-12-19T21:43:38.815+0100: 14084.074: [GC pause (G1 Evacuation Pause) (young), 0.0202468 secs]
   [Parallel Time: 19.8 ms, GC Workers: 1]
      [GC Worker Start (ms):  14084074.5]
      [Ext Root Scanning (ms):  1.1]
      [Update RS (ms):  2.6]
         [Processed Buffers:  35]
      [Scan RS (ms):  4.1]
      [Code Root Scanning (ms):  0.0]
      [Object Copy (ms):  11.9]
      [Termination (ms):  0.0]
         [Termination Attempts:  1]
      [GC Worker Other (ms):  0.0]
      [GC Worker Total (ms):  19.8]
      [GC Worker End (ms):  14084094.3]
   [Code Root Fixup: 0.0 ms]
   [Code Root Purge: 0.0 ms]
   [Clear CT: 0.0 ms]
   [Other: 0.4 ms]
      [Choose CSet: 0.0 ms]
      [Ref Proc: 0.0 ms]
      [Ref Enq: 0.0 ms]
      [Redirty Cards: 0.0 ms]
      [Humongous Register: 0.0 ms]
      [Humongous Reclaim: 0.0 ms]
      [Free CSet: 0.1 ms]
   [Eden: 47.0M(47.0M)->0.0B(45.0M) Survivors: 4096.0K->6144.0K Heap: 325.2M(1024.0M)->279.7M(1024.0M)]
 [Times: user=0.02 sys=0.00, real=0.02 secs] 
2016-12-19T21:44:01.204+0100: 14106.464: [GC pause (G1 Evacuation Pause) (young), 0.0295732 secs]
   [Parallel Time: 29.1 ms, GC Workers: 1]
      [GC Worker Start (ms):  14106464.3]
      [Ext Root Scanning (ms):  3.0]
      [Update RS (ms):  2.7]
         [Processed Buffers:  36]
      [Scan RS (ms):  4.4]
      [Code Root Scanning (ms):  0.0]
      [Object Copy (ms):  18.9]
      [Termination (ms):  0.0]
         [Termination Attempts:  1]
      [GC Worker Other (ms):  0.0]
      [GC Worker Total (ms):  29.1]
      [GC Worker End (ms):  14106493.3]
   [Code Root Fixup: 0.0 ms]
   [Code Root Purge: 0.0 ms]
   [Clear CT: 0.0 ms]
   [Other: 0.4 ms]
      [Choose CSet: 0.0 ms]
      [Ref Proc: 0.0 ms]
      [Ref Enq: 0.0 ms]
      [Redirty Cards: 0.0 ms]
      [Humongous Register: 0.1 ms]
      [Humongous Reclaim: 0.0 ms]
      [Free CSet: 0.1 ms]
   [Eden: 45.0M(45.0M)->0.0B(47.0M) Survivors: 6144.0K->4096.0K Heap: 324.7M(1024.0M)->279.7M(1024.0M)]
 [Times: user=0.03 sys=0.00, real=0.03 secs] 
2016-12-19T21:44:25.004+0100: 14130.263: [GC pause (G1 Evacuation Pause) (young), 0.0174037 secs]
   [Parallel Time: 16.9 ms, GC Workers: 1]
      [GC Worker Start (ms):  14130263.4]
      [Ext Root Scanning (ms):  1.1]
      [Update RS (ms):  2.3]
         [Processed Buffers:  33]
      [Scan RS (ms):  4.4]
      [Code Root Scanning (ms):  0.0]
      [Object Copy (ms):  9.0]
      [Termination (ms):  0.0]
         [Termination Attempts:  1]
      [GC Worker Other (ms):  0.0]
      [GC Worker Total (ms):  16.8]
      [GC Worker End (ms):  14130280.3]
   [Code Root Fixup: 0.0 ms]
   [Code Root Purge: 0.0 ms]
   [Clear CT: 0.0 ms]
   [Other: 0.5 ms]
      [Choose CSet: 0.0 ms]
      [Ref Proc: 0.0 ms]
      [Ref Enq: 0.0 ms]
      [Redirty Cards: 0.0 ms]
      [Humongous Register: 0.1 ms]
      [Humongous Reclaim: 0.0 ms]
      [Free CSet: 0.1 ms]
   [Eden: 47.0M(47.0M)->0.0B(47.0M) Survivors: 4096.0K->4096.0K Heap: 326.7M(1024.0M)->280.2M(1024.0M)]
 [Times: user=0.02 sys=0.00, real=0.01 secs] 
2016-12-19T21:44:49.197+0100: 14154.457: [GC pause (G1 Evacuation Pause) (young), 0.0201152 secs]
   [Parallel Time: 19.5 ms, GC Workers: 1]
      [GC Worker Start (ms):  14154456.8]
      [Ext Root Scanning (ms):  1.3]
      [Update RS (ms):  2.2]
         [Processed Buffers:  38]
      [Scan RS (ms):  4.5]
      [Code Root Scanning (ms):  0.0]
      [Object Copy (ms):  11.4]
      [Termination (ms):  0.0]
         [Termination Attempts:  1]
      [GC Worker Other (ms):  0.1]
      [GC Worker Total (ms):  19.4]
      [GC Worker End (ms):  14154476.2]
   [Code Root Fixup: 0.0 ms]
   [Code Root Purge: 0.0 ms]
   [Clear CT: 0.0 ms]
   [Other: 0.6 ms]
      [Choose CSet: 0.0 ms]
      [Ref Proc: 0.0 ms]
      [Ref Enq: 0.0 ms]
      [Redirty Cards: 0.0 ms]
      [Humongous Register: 0.0 ms]
      [Humongous Reclaim: 0.0 ms]
      [Free CSet: 0.3 ms]
   [Eden: 47.0M(47.0M)->0.0B(46.0M) Survivors: 4096.0K->5120.0K Heap: 327.2M(1024.0M)->281.2M(1024.0M)]
 [Times: user=0.02 sys=0.00, real=0.02 secs] 
2016-12-19T21:45:12.720+0100: 14177.979: [GC pause (G1 Evacuation Pause) (young), 0.0408440 secs]
   [Parallel Time: 40.1 ms, GC Workers: 1]
      [GC Worker Start (ms):  14177979.5]
      [Ext Root Scanning (ms):  2.7]
      [Update RS (ms):  8.0]
         [Processed Buffers:  37]
      [Scan RS (ms):  9.0]
      [Code Root Scanning (ms):  0.0]
      [Object Copy (ms):  20.3]
      [Termination (ms):  0.0]
         [Termination Attempts:  1]
      [GC Worker Other (ms):  0.0]
      [GC Worker Total (ms):  40.1]
      [GC Worker End (ms):  14178019.6]
   [Code Root Fixup: 0.0 ms]
   [Code Root Purge: 0.0 ms]
   [Clear CT: 0.0 ms]
   [Other: 0.6 ms]
      [Choose CSet: 0.0 ms]
      [Ref Proc: 0.0 ms]
      [Ref Enq: 0.0 ms]
      [Redirty Cards: 0.0 ms]
      [Humongous Register: 0.1 ms]
      [Humongous Reclaim: 0.1 ms]
      [Free CSet: 0.1 ms]
   [Eden: 46.0M(46.0M)->0.0B(47.0M) Survivors: 5120.0K->4096.0K Heap: 327.2M(1024.0M)->281.4M(1024.0M)]
 [Times: user=0.03 sys=0.00, real=0.04 secs] 
2016-12-19T21:45:36.295+0100: 14201.554: [GC pause (G1 Evacuation Pause) (young), 0.0369123 secs]
   [Parallel Time: 35.9 ms, GC Workers: 1]
      [GC Worker Start (ms):  14201554.7]
      [Ext Root Scanning (ms):  2.1]
      [Update RS (ms):  5.1]
         [Processed Buffers:  37]
      [Scan RS (ms):  8.2]
      [Code Root Scanning (ms):  0.0]
      [Object Copy (ms):  20.3]
      [Termination (ms):  0.0]
         [Termination Attempts:  1]
      [GC Worker Other (ms):  0.0]
      [GC Worker Total (ms):  35.8]
      [GC Worker End (ms):  14201590.5]
   [Code Root Fixup: 0.1 ms]
   [Code Root Purge: 0.0 ms]
   [Clear CT: 0.2 ms]
   [Other: 0.8 ms]
      [Choose CSet: 0.0 ms]
      [Ref Proc: 0.1 ms]
      [Ref Enq: 0.0 ms]
      [Redirty Cards: 0.1 ms]
      [Humongous Register: 0.1 ms]
      [Humongous Reclaim: 0.0 ms]
      [Free CSet: 0.2 ms]
   [Eden: 47.0M(47.0M)->0.0B(46.0M) Survivors: 4096.0K->5120.0K Heap: 328.4M(1024.0M)->282.4M(1024.0M)]
 [Times: user=0.03 sys=0.00, real=0.04 secs] 
2016-12-19T21:45:59.678+0100: 14224.937: [GC pause (G1 Evacuation Pause) (young), 0.0365780 secs]
   [Parallel Time: 35.7 ms, GC Workers: 1]
      [GC Worker Start (ms):  14224937.4]
      [Ext Root Scanning (ms):  1.0]
      [Update RS (ms):  2.0]
         [Processed Buffers:  37]
      [Scan RS (ms):  9.8]
      [Code Root Scanning (ms):  0.0]
      [Object Copy (ms):  23.0]
      [Termination (ms):  0.0]
         [Termination Attempts:  1]
      [GC Worker Other (ms):  0.0]
      [GC Worker Total (ms):  35.7]
      [GC Worker End (ms):  14224973.1]
   [Code Root Fixup: 0.1 ms]
   [Code Root Purge: 0.0 ms]
   [Clear CT: 0.0 ms]
   [Other: 0.8 ms]
      [Choose CSet: 0.0 ms]
      [Ref Proc: 0.0 ms]
      [Ref Enq: 0.0 ms]
      [Redirty Cards: 0.0 ms]
      [Humongous Register: 0.0 ms]
      [Humongous Reclaim: 0.0 ms]
      [Free CSet: 0.1 ms]
   [Eden: 46.0M(46.0M)->0.0B(47.0M) Survivors: 5120.0K->4096.0K Heap: 328.4M(1024.0M)->282.9M(1024.0M)]
 [Times: user=0.01 sys=0.01, real=0.04 secs] 
2016-12-19T21:46:23.867+0100: 14249.127: [GC pause (G1 Evacuation Pause) (young), 0.0219649 secs]
   [Parallel Time: 21.5 ms, GC Workers: 1]
      [GC Worker Start (ms):  14249126.8]
      [Ext Root Scanning (ms):  1.2]
      [Update RS (ms):  4.5]
         [Processed Buffers:  35]
      [Scan RS (ms):  4.3]
      [Code Root Scanning (ms):  0.0]
      [Object Copy (ms):  11.4]
      [Termination (ms):  0.0]
         [Termination Attempts:  1]
      [GC Worker Other (ms):  0.0]
      [GC Worker Total (ms):  21.4]
      [GC Worker End (ms):  14249148.3]
   [Code Root Fixup: 0.0 ms]
   [Code Root Purge: 0.0 ms]
   [Clear CT: 0.0 ms]
   [Other: 0.4 ms]
      [Choose CSet: 0.0 ms]
      [Ref Proc: 0.0 ms]
      [Ref Enq: 0.0 ms]
      [Redirty Cards: 0.0 ms]
      [Humongous Register: 0.1 ms]
      [Humongous Reclaim: 0.0 ms]
      [Free CSet: 0.1 ms]
   [Eden: 47.0M(47.0M)->0.0B(46.0M) Survivors: 4096.0K->5120.0K Heap: 329.9M(1024.0M)->283.9M(1024.0M)]
 [Times: user=0.02 sys=0.00, real=0.02 secs] 
2016-12-19T21:46:47.350+0100: 14272.609: [GC pause (G1 Evacuation Pause) (young), 0.0274829 secs]
   [Parallel Time: 27.0 ms, GC Workers: 1]
      [GC Worker Start (ms):  14272609.5]
      [Ext Root Scanning (ms):  2.2]
      [Update RS (ms):  4.1]
         [Processed Buffers:  36]
      [Scan RS (ms):  4.1]
      [Code Root Scanning (ms):  0.0]
      [Object Copy (ms):  16.6]
      [Termination (ms):  0.0]
         [Termination Attempts:  1]
      [GC Worker Other (ms):  0.0]
      [GC Worker Total (ms):  27.0]
      [GC Worker End (ms):  14272636.5]
   [Code Root Fixup: 0.0 ms]
   [Code Root Purge: 0.0 ms]
   [Clear CT: 0.0 ms]
   [Other: 0.4 ms]
      [Choose CSet: 0.0 ms]
      [Ref Proc: 0.0 ms]
      [Ref Enq: 0.0 ms]
      [Redirty Cards: 0.0 ms]
      [Humongous Register: 0.1 ms]
      [Humongous Reclaim: 0.0 ms]
      [Free CSet: 0.1 ms]
   [Eden: 46.0M(46.0M)->0.0B(47.0M) Survivors: 5120.0K->4096.0K Heap: 329.9M(1024.0M)->284.5M(1024.0M)]
 [Times: user=0.03 sys=0.00, real=0.03 secs] 
2016-12-19T21:47:12.875+0100: 14298.134: [GC pause (G1 Evacuation Pause) (young), 0.0249917 secs]
   [Parallel Time: 24.5 ms, GC Workers: 1]
      [GC Worker Start (ms):  14298134.4]
      [Ext Root Scanning (ms):  1.1]
      [Update RS (ms):  2.5]
         [Processed Buffers:  36]
      [Scan RS (ms):  4.6]
      [Code Root Scanning (ms):  0.0]
      [Object Copy (ms):  16.1]
      [Termination (ms):  0.0]
         [Termination Attempts:  1]
      [GC Worker Other (ms):  0.0]
      [GC Worker Total (ms):  24.4]
      [GC Worker End (ms):  14298158.9]
   [Code Root Fixup: 0.1 ms]
   [Code Root Purge: 0.0 ms]
   [Clear CT: 0.0 ms]
   [Other: 0.4 ms]
      [Choose CSet: 0.0 ms]
      [Ref Proc: 0.0 ms]
      [Ref Enq: 0.0 ms]
      [Redirty Cards: 0.0 ms]
      [Humongous Register: 0.0 ms]
      [Humongous Reclaim: 0.0 ms]
      [Free CSet: 0.1 ms]
   [Eden: 47.0M(47.0M)->0.0B(45.0M) Survivors: 4096.0K->6144.0K Heap: 331.5M(1024.0M)->286.0M(1024.0M)]
 [Times: user=0.02 sys=0.00, real=0.02 secs] 
2016-12-19T21:47:35.420+0100: 14320.680: [GC pause (G1 Evacuation Pause) (young), 0.0278643 secs]
   [Parallel Time: 27.3 ms, GC Workers: 1]
      [GC Worker Start (ms):  14320679.8]
      [Ext Root Scanning (ms):  1.3]
      [Update RS (ms):  4.8]
         [Processed Buffers:  37]
      [Scan RS (ms):  4.4]
      [Code Root Scanning (ms):  0.0]
      [Object Copy (ms):  16.6]
      [Termination (ms):  0.0]
         [Termination Attempts:  1]
      [GC Worker Other (ms):  0.0]
      [GC Worker Total (ms):  27.2]
      [GC Worker End (ms):  14320707.0]
   [Code Root Fixup: 0.0 ms]
   [Code Root Purge: 0.0 ms]
   [Clear CT: 0.0 ms]
   [Other: 0.5 ms]
      [Choose CSet: 0.0 ms]
      [Ref Proc: 0.0 ms]
      [Ref Enq: 0.0 ms]
      [Redirty Cards: 0.0 ms]
      [Humongous Register: 0.1 ms]
      [Humongous Reclaim: 0.1 ms]
      [Free CSet: 0.1 ms]
   [Eden: 45.0M(45.0M)->0.0B(47.0M) Survivors: 6144.0K->4096.0K Heap: 331.0M(1024.0M)->285.7M(1024.0M)]
 [Times: user=0.02 sys=0.00, real=0.03 secs] 
2016-12-19T21:47:59.687+0100: 14344.947: [GC pause (G1 Evacuation Pause) (young), 0.0202195 secs]
   [Parallel Time: 19.7 ms, GC Workers: 1]
      [GC Worker Start (ms):  14344946.9]
      [Ext Root Scanning (ms):  0.9]
      [Update RS (ms):  2.2]
         [Processed Buffers:  37]
      [Scan RS (ms):  4.6]
      [Code Root Scanning (ms):  0.0]
      [Object Copy (ms):  12.0]
      [Termination (ms):  0.0]
         [Termination Attempts:  1]
      [GC Worker Other (ms):  0.0]
      [GC Worker Total (ms):  19.7]
      [GC Worker End (ms):  14344966.6]
   [Code Root Fixup: 0.1 ms]
   [Code Root Purge: 0.0 ms]
   [Clear CT: 0.0 ms]
   [Other: 0.4 ms]
      [Choose CSet: 0.0 ms]
      [Ref Proc: 0.0 ms]
      [Ref Enq: 0.0 ms]
      [Redirty Cards: 0.0 ms]
      [Humongous Register: 0.0 ms]
      [Humongous Reclaim: 0.0 ms]
      [Free CSet: 0.1 ms]
   [Eden: 47.0M(47.0M)->0.0B(45.0M) Survivors: 4096.0K->6144.0K Heap: 332.7M(1024.0M)->287.2M(1024.0M)]
 [Times: user=0.02 sys=0.00, real=0.02 secs] 
2016-12-19T21:48:23.162+0100: 14368.422: [GC pause (G1 Evacuation Pause) (young), 0.0298495 secs]
   [Parallel Time: 28.8 ms, GC Workers: 1]
      [GC Worker Start (ms):  14368422.0]
      [Ext Root Scanning (ms):  1.5]
      [Update RS (ms):  3.8]
         [Processed Buffers:  36]
      [Scan RS (ms):  4.2]
      [Code Root Scanning (ms):  0.0]
      [Object Copy (ms):  19.2]
      [Termination (ms):  0.0]
         [Termination Attempts:  1]
      [GC Worker Other (ms):  0.0]
      [GC Worker Total (ms):  28.8]
      [GC Worker End (ms):  14368450.7]
   [Code Root Fixup: 0.1 ms]
   [Code Root Purge: 0.0 ms]
   [Clear CT: 0.1 ms]
   [Other: 1.0 ms]
      [Choose CSet: 0.0 ms]
      [Ref Proc: 0.0 ms]
      [Ref Enq: 0.0 ms]
      [Redirty Cards: 0.0 ms]
      [Humongous Register: 0.1 ms]
      [Humongous Reclaim: 0.0 ms]
      [Free CSet: 0.1 ms]
   [Eden: 45.0M(45.0M)->0.0B(47.0M) Survivors: 6144.0K->4096.0K Heap: 332.2M(1024.0M)->286.9M(1024.0M)]
 [Times: user=0.02 sys=0.00, real=0.04 secs] 
2016-12-19T21:48:47.348+0100: 14392.608: [GC pause (G1 Evacuation Pause) (young), 0.0279337 secs]
   [Parallel Time: 27.4 ms, GC Workers: 1]
      [GC Worker Start (ms):  14392607.8]
      [Ext Root Scanning (ms):  1.5]
      [Update RS (ms):  4.1]
         [Processed Buffers:  36]
      [Scan RS (ms):  6.2]
      [Code Root Scanning (ms):  0.0]
      [Object Copy (ms):  15.4]
      [Termination (ms):  0.0]
         [Termination Attempts:  1]
      [GC Worker Other (ms):  0.0]
      [GC Worker Total (ms):  27.3]
      [GC Worker End (ms):  14392635.1]
   [Code Root Fixup: 0.0 ms]
   [Code Root Purge: 0.0 ms]
   [Clear CT: 0.0 ms]
   [Other: 0.5 ms]
      [Choose CSet: 0.0 ms]
      [Ref Proc: 0.1 ms]
      [Ref Enq: 0.0 ms]
      [Redirty Cards: 0.0 ms]
      [Humongous Register: 0.1 ms]
      [Humongous Reclaim: 0.0 ms]
      [Free CSet: 0.1 ms]
   [Eden: 47.0M(47.0M)->0.0B(45.0M) Survivors: 4096.0K->6144.0K Heap: 333.9M(1024.0M)->288.4M(1024.0M)]
 [Times: user=0.03 sys=0.00, real=0.03 secs] 
2016-12-19T21:49:09.696+0100: 14414.955: [GC pause (G1 Evacuation Pause) (young), 0.0278325 secs]
   [Parallel Time: 27.4 ms, GC Workers: 1]
      [GC Worker Start (ms):  14414955.5]
      [Ext Root Scanning (ms):  1.0]
      [Update RS (ms):  2.6]
         [Processed Buffers:  37]
      [Scan RS (ms):  4.1]
      [Code Root Scanning (ms):  0.0]
      [Object Copy (ms):  19.6]
      [Termination (ms):  0.0]
         [Termination Attempts:  1]
      [GC Worker Other (ms):  0.0]
      [GC Worker Total (ms):  27.4]
      [GC Worker End (ms):  14414982.9]
   [Code Root Fixup: 0.0 ms]
   [Code Root Purge: 0.0 ms]
   [Clear CT: 0.0 ms]
   [Other: 0.4 ms]
      [Choose CSet: 0.0 ms]
      [Ref Proc: 0.0 ms]
      [Ref Enq: 0.0 ms]
      [Redirty Cards: 0.1 ms]
      [Humongous Register: 0.0 ms]
      [Humongous Reclaim: 0.0 ms]
      [Free CSet: 0.1 ms]
   [Eden: 45.0M(45.0M)->0.0B(46.0M) Survivors: 6144.0K->5120.0K Heap: 333.4M(1024.0M)->289.4M(1024.0M)]
 [Times: user=0.02 sys=0.01, real=0.03 secs] 
2016-12-19T21:49:33.876+0100: 14439.135: [GC pause (G1 Evacuation Pause) (young), 0.0192543 secs]
   [Parallel Time: 18.7 ms, GC Workers: 1]
      [GC Worker Start (ms):  14439135.5]
      [Ext Root Scanning (ms):  1.2]
      [Update RS (ms):  2.9]
         [Processed Buffers:  38]
      [Scan RS (ms):  4.9]
      [Code Root Scanning (ms):  0.0]
      [Object Copy (ms):  9.6]
      [Termination (ms):  0.0]
         [Termination Attempts:  1]
      [GC Worker Other (ms):  0.0]
      [GC Worker Total (ms):  18.6]
      [GC Worker End (ms):  14439154.2]
   [Code Root Fixup: 0.1 ms]
   [Code Root Purge: 0.0 ms]
   [Clear CT: 0.0 ms]
   [Other: 0.5 ms]
      [Choose CSet: 0.0 ms]
      [Ref Proc: 0.0 ms]
      [Ref Enq: 0.0 ms]
      [Redirty Cards: 0.0 ms]
      [Humongous Register: 0.1 ms]
      [Humongous Reclaim: 0.0 ms]
      [Free CSet: 0.1 ms]
   [Eden: 46.0M(46.0M)->0.0B(47.0M) Survivors: 5120.0K->4096.0K Heap: 335.4M(1024.0M)->290.0M(1024.0M)]
 [Times: user=0.02 sys=0.00, real=0.02 secs] 
2016-12-19T21:49:59.470+0100: 14464.729: [GC pause (G1 Evacuation Pause) (young), 0.0197607 secs]
   [Parallel Time: 19.2 ms, GC Workers: 1]
      [GC Worker Start (ms):  14464729.7]
      [Ext Root Scanning (ms):  2.0]
      [Update RS (ms):  3.0]
         [Processed Buffers:  36]
      [Scan RS (ms):  3.8]
      [Code Root Scanning (ms):  0.0]
      [Object Copy (ms):  10.3]
      [Termination (ms):  0.0]
         [Termination Attempts:  1]
      [GC Worker Other (ms):  0.0]
      [GC Worker Total (ms):  19.1]
      [GC Worker End (ms):  14464748.8]
   [Code Root Fixup: 0.0 ms]
   [Code Root Purge: 0.0 ms]
   [Clear CT: 0.0 ms]
   [Other: 0.5 ms]
      [Choose CSet: 0.0 ms]
      [Ref Proc: 0.0 ms]
      [Ref Enq: 0.0 ms]
      [Redirty Cards: 0.0 ms]
      [Humongous Register: 0.1 ms]
      [Humongous Reclaim: 0.0 ms]
      [Free CSet: 0.1 ms]
   [Eden: 47.0M(47.0M)->0.0B(46.0M) Survivors: 4096.0K->5120.0K Heap: 337.0M(1024.0M)->291.0M(1024.0M)]
 [Times: user=0.02 sys=0.00, real=0.02 secs] 
2016-12-19T21:50:24.318+0100: 14489.578: [GC pause (G1 Evacuation Pause) (young), 0.0166374 secs]
   [Parallel Time: 16.2 ms, GC Workers: 1]
      [GC Worker Start (ms):  14489578.2]
      [Ext Root Scanning (ms):  1.0]
      [Update RS (ms):  2.3]
         [Processed Buffers:  37]
      [Scan RS (ms):  3.6]
      [Code Root Scanning (ms):  0.0]
      [Object Copy (ms):  9.4]
      [Termination (ms):  0.0]
         [Termination Attempts:  1]
      [GC Worker Other (ms):  0.0]
      [GC Worker Total (ms):  16.2]
      [GC Worker End (ms):  14489594.4]
   [Code Root Fixup: 0.0 ms]
   [Code Root Purge: 0.0 ms]
   [Clear CT: 0.0 ms]
   [Other: 0.3 ms]
      [Choose CSet: 0.0 ms]
      [Ref Proc: 0.0 ms]
      [Ref Enq: 0.0 ms]
      [Redirty Cards: 0.0 ms]
      [Humongous Register: 0.0 ms]
      [Humongous Reclaim: 0.0 ms]
      [Free CSet: 0.0 ms]
   [Eden: 46.0M(46.0M)->0.0B(47.0M) Survivors: 5120.0K->4096.0K Heap: 337.0M(1024.0M)->290.7M(1024.0M)]
 [Times: user=0.01 sys=0.00, real=0.02 secs] 
2016-12-19T21:50:49.037+0100: 14514.297: [GC pause (G1 Evacuation Pause) (young), 0.0204201 secs]
   [Parallel Time: 19.9 ms, GC Workers: 1]
      [GC Worker Start (ms):  14514296.8]
      [Ext Root Scanning (ms):  2.6]
      [Update RS (ms):  2.7]
         [Processed Buffers:  35]
      [Scan RS (ms):  4.3]
      [Code Root Scanning (ms):  0.0]
      [Object Copy (ms):  10.4]
      [Termination (ms):  0.0]
         [Termination Attempts:  1]
      [GC Worker Other (ms):  0.0]
      [GC Worker Total (ms):  19.9]
      [GC Worker End (ms):  14514316.7]
   [Code Root Fixup: 0.1 ms]
   [Code Root Purge: 0.0 ms]
   [Clear CT: 0.0 ms]
   [Other: 0.4 ms]
      [Choose CSet: 0.0 ms]
      [Ref Proc: 0.0 ms]
      [Ref Enq: 0.0 ms]
      [Redirty Cards: 0.0 ms]
      [Humongous Register: 0.1 ms]
      [Humongous Reclaim: 0.0 ms]
      [Free CSet: 0.1 ms]
   [Eden: 47.0M(47.0M)->0.0B(46.0M) Survivors: 4096.0K->5120.0K Heap: 337.7M(1024.0M)->291.7M(1024.0M)]
 [Times: user=0.02 sys=0.00, real=0.02 secs] 
2016-12-19T21:51:14.395+0100: 14539.655: [GC pause (G1 Evacuation Pause) (young), 0.0264079 secs]
   [Parallel Time: 25.9 ms, GC Workers: 1]
      [GC Worker Start (ms):  14539655.0]
      [Ext Root Scanning (ms):  1.5]
      [Update RS (ms):  4.4]
         [Processed Buffers:  36]
      [Scan RS (ms):  5.1]
      [Code Root Scanning (ms):  0.0]
      [Object Copy (ms):  14.9]
      [Termination (ms):  0.0]
         [Termination Attempts:  1]
      [GC Worker Other (ms):  0.0]
      [GC Worker Total (ms):  25.8]
      [GC Worker End (ms):  14539680.9]
   [Code Root Fixup: 0.0 ms]
   [Code Root Purge: 0.0 ms]
   [Clear CT: 0.0 ms]
   [Other: 0.5 ms]
      [Choose CSet: 0.0 ms]
      [Ref Proc: 0.0 ms]
      [Ref Enq: 0.0 ms]
      [Redirty Cards: 0.0 ms]
      [Humongous Register: 0.1 ms]
      [Humongous Reclaim: 0.0 ms]
      [Free CSet: 0.1 ms]
   [Eden: 46.0M(46.0M)->0.0B(48.0M) Survivors: 5120.0K->3072.0K Heap: 337.7M(1024.0M)->291.3M(1024.0M)]
 [Times: user=0.02 sys=0.00, real=0.02 secs] 
2016-12-19T21:51:40.698+0100: 14565.957: [GC pause (G1 Evacuation Pause) (young), 0.0189864 secs]
   [Parallel Time: 18.5 ms, GC Workers: 1]
      [GC Worker Start (ms):  14565957.5]
      [Ext Root Scanning (ms):  2.2]
      [Update RS (ms):  3.5]
         [Processed Buffers:  39]
      [Scan RS (ms):  3.0]
      [Code Root Scanning (ms):  0.0]
      [Object Copy (ms):  9.8]
      [Termination (ms):  0.0]
         [Termination Attempts:  1]
      [GC Worker Other (ms):  0.0]
      [GC Worker Total (ms):  18.5]
      [GC Worker End (ms):  14565976.0]
   [Code Root Fixup: 0.0 ms]
   [Code Root Purge: 0.0 ms]
   [Clear CT: 0.0 ms]
   [Other: 0.4 ms]
      [Choose CSet: 0.0 ms]
      [Ref Proc: 0.0 ms]
      [Ref Enq: 0.0 ms]
      [Redirty Cards: 0.0 ms]
      [Humongous Register: 0.1 ms]
      [Humongous Reclaim: 0.0 ms]
      [Free CSet: 0.1 ms]
   [Eden: 48.0M(48.0M)->0.0B(46.0M) Survivors: 3072.0K->5120.0K Heap: 339.3M(1024.0M)->292.8M(1024.0M)]
 [Times: user=0.02 sys=0.00, real=0.02 secs] 
2016-12-19T21:52:05.885+0100: 14591.145: [GC pause (G1 Evacuation Pause) (young), 0.0276390 secs]
   [Parallel Time: 26.5 ms, GC Workers: 1]
      [GC Worker Start (ms):  14591144.8]
      [Ext Root Scanning (ms):  3.2]
      [Update RS (ms):  4.2]
         [Processed Buffers:  35]
      [Scan RS (ms):  3.8]
      [Code Root Scanning (ms):  0.0]
      [Object Copy (ms):  15.3]
      [Termination (ms):  0.0]
         [Termination Attempts:  1]
      [GC Worker Other (ms):  0.0]
      [GC Worker Total (ms):  26.5]
      [GC Worker End (ms):  14591171.3]
   [Code Root Fixup: 0.0 ms]
   [Code Root Purge: 0.0 ms]
   [Clear CT: 0.1 ms]
   [Other: 1.0 ms]
      [Choose CSet: 0.0 ms]
      [Ref Proc: 0.0 ms]
      [Ref Enq: 0.0 ms]
      [Redirty Cards: 0.0 ms]
      [Humongous Register: 0.1 ms]
      [Humongous Reclaim: 0.0 ms]
      [Free CSet: 0.1 ms]
   [Eden: 46.0M(46.0M)->0.0B(47.0M) Survivors: 5120.0K->4096.0K Heap: 338.8M(1024.0M)->292.9M(1024.0M)]
 [Times: user=0.02 sys=0.00, real=0.03 secs] 
2016-12-19T21:52:32.205+0100: 14617.465: [GC pause (G1 Evacuation Pause) (young), 0.0182009 secs]
   [Parallel Time: 17.8 ms, GC Workers: 1]
      [GC Worker Start (ms):  14617465.1]
      [Ext Root Scanning (ms):  1.0]
      [Update RS (ms):  2.7]
         [Processed Buffers:  39]
      [Scan RS (ms):  3.4]
      [Code Root Scanning (ms):  0.0]
      [Object Copy (ms):  10.6]
      [Termination (ms):  0.0]
         [Termination Attempts:  1]
      [GC Worker Other (ms):  0.0]
      [GC Worker Total (ms):  17.7]
      [GC Worker End (ms):  14617482.8]
   [Code Root Fixup: 0.0 ms]
   [Code Root Purge: 0.0 ms]
   [Clear CT: 0.0 ms]
   [Other: 0.3 ms]
      [Choose CSet: 0.0 ms]
      [Ref Proc: 0.0 ms]
      [Ref Enq: 0.0 ms]
      [Redirty Cards: 0.0 ms]
      [Humongous Register: 0.0 ms]
      [Humongous Reclaim: 0.0 ms]
      [Free CSet: 0.1 ms]
   [Eden: 47.0M(47.0M)->0.0B(45.0M) Survivors: 4096.0K->6144.0K Heap: 339.9M(1024.0M)->294.4M(1024.0M)]
 [Times: user=0.02 sys=0.00, real=0.01 secs] 
2016-12-19T21:52:55.761+0100: 14641.021: [GC pause (G1 Evacuation Pause) (young), 0.0284295 secs]
   [Parallel Time: 27.9 ms, GC Workers: 1]
      [GC Worker Start (ms):  14641021.2]
      [Ext Root Scanning (ms):  3.7]
      [Update RS (ms):  2.7]
         [Processed Buffers:  35]
      [Scan RS (ms):  2.9]
      [Code Root Scanning (ms):  0.0]
      [Object Copy (ms):  18.4]
      [Termination (ms):  0.0]
         [Termination Attempts:  1]
      [GC Worker Other (ms):  0.0]
      [GC Worker Total (ms):  27.9]
      [GC Worker End (ms):  14641049.1]
   [Code Root Fixup: 0.1 ms]
   [Code Root Purge: 0.0 ms]
   [Clear CT: 0.0 ms]
   [Other: 0.4 ms]
      [Choose CSet: 0.0 ms]
      [Ref Proc: 0.0 ms]
      [Ref Enq: 0.0 ms]
      [Redirty Cards: 0.0 ms]
      [Humongous Register: 0.0 ms]
      [Humongous Reclaim: 0.0 ms]
      [Free CSet: 0.1 ms]
   [Eden: 45.0M(45.0M)->0.0B(47.0M) Survivors: 6144.0K->4096.0K Heap: 339.4M(1024.0M)->294.2M(1024.0M)]
 [Times: user=0.03 sys=0.00, real=0.03 secs] 
2016-12-19T21:53:19.941+0100: 14665.201: [GC pause (G1 Evacuation Pause) (young), 0.0204725 secs]
   [Parallel Time: 20.0 ms, GC Workers: 1]
      [GC Worker Start (ms):  14665201.2]
      [Ext Root Scanning (ms):  1.7]
      [Update RS (ms):  2.2]
         [Processed Buffers:  37]
      [Scan RS (ms):  3.5]
      [Code Root Scanning (ms):  0.0]
      [Object Copy (ms):  12.6]
      [Termination (ms):  0.0]
         [Termination Attempts:  1]
      [GC Worker Other (ms):  0.0]
      [GC Worker Total (ms):  20.0]
      [GC Worker End (ms):  14665221.2]
   [Code Root Fixup: 0.1 ms]
   [Code Root Purge: 0.0 ms]
   [Clear CT: 0.0 ms]
   [Other: 0.4 ms]
      [Choose CSet: 0.0 ms]
      [Ref Proc: 0.0 ms]
      [Ref Enq: 0.0 ms]
      [Redirty Cards: 0.0 ms]
      [Humongous Register: 0.0 ms]
      [Humongous Reclaim: 0.0 ms]
      [Free CSet: 0.1 ms]
   [Eden: 47.0M(47.0M)->0.0B(45.0M) Survivors: 4096.0K->6144.0K Heap: 341.2M(1024.0M)->295.7M(1024.0M)]
 [Times: user=0.02 sys=0.00, real=0.03 secs] 
2016-12-19T21:53:42.785+0100: 14688.044: [GC pause (G1 Evacuation Pause) (young), 0.0338534 secs]
   [Parallel Time: 33.3 ms, GC Workers: 1]
      [GC Worker Start (ms):  14688044.5]
      [Ext Root Scanning (ms):  1.5]
      [Update RS (ms):  3.0]
         [Processed Buffers:  35]
      [Scan RS (ms):  3.2]
      [Code Root Scanning (ms):  0.0]
      [Object Copy (ms):  25.6]
      [Termination (ms):  0.0]
         [Termination Attempts:  1]
      [GC Worker Other (ms):  0.0]
      [GC Worker Total (ms):  33.3]
      [GC Worker End (ms):  14688077.8]
   [Code Root Fixup: 0.0 ms]
   [Code Root Purge: 0.0 ms]
   [Clear CT: 0.0 ms]
   [Other: 0.4 ms]
      [Choose CSet: 0.0 ms]
      [Ref Proc: 0.0 ms]
      [Ref Enq: 0.0 ms]
      [Redirty Cards: 0.0 ms]
      [Humongous Register: 0.1 ms]
      [Humongous Reclaim: 0.0 ms]
      [Free CSet: 0.1 ms]
   [Eden: 45.0M(45.0M)->0.0B(47.0M) Survivors: 6144.0K->4096.0K Heap: 340.7M(1024.0M)->295.7M(1024.0M)]
 [Times: user=0.02 sys=0.00, real=0.03 secs] 
2016-12-19T21:54:08.273+0100: 14713.532: [GC pause (G1 Evacuation Pause) (young), 0.0200569 secs]
   [Parallel Time: 19.6 ms, GC Workers: 1]
      [GC Worker Start (ms):  14713532.4]
      [Ext Root Scanning (ms):  1.1]
      [Update RS (ms):  2.8]
         [Processed Buffers:  39]
      [Scan RS (ms):  3.8]
      [Code Root Scanning (ms):  0.0]
      [Object Copy (ms):  11.9]
      [Termination (ms):  0.0]
         [Termination Attempts:  1]
      [GC Worker Other (ms):  0.0]
      [GC Worker Total (ms):  19.6]
      [GC Worker End (ms):  14713551.9]
   [Code Root Fixup: 0.0 ms]
   [Code Root Purge: 0.0 ms]
   [Clear CT: 0.0 ms]
   [Other: 0.4 ms]
      [Choose CSet: 0.0 ms]
      [Ref Proc: 0.0 ms]
      [Ref Enq: 0.0 ms]
      [Redirty Cards: 0.0 ms]
      [Humongous Register: 0.0 ms]
      [Humongous Reclaim: 0.0 ms]
      [Free CSet: 0.1 ms]
   [Eden: 47.0M(47.0M)->0.0B(46.0M) Survivors: 4096.0K->5120.0K Heap: 342.7M(1024.0M)->297.2M(1024.0M)]
 [Times: user=0.02 sys=0.00, real=0.02 secs] 
2016-12-19T21:54:32.630+0100: 14737.889: [GC pause (G1 Evacuation Pause) (young), 0.0246856 secs]
   [Parallel Time: 23.7 ms, GC Workers: 1]
      [GC Worker Start (ms):  14737889.6]
      [Ext Root Scanning (ms):  1.1]
      [Update RS (ms):  2.9]
         [Processed Buffers:  38]
      [Scan RS (ms):  3.9]
      [Code Root Scanning (ms):  0.0]
      [Object Copy (ms):  15.7]
      [Termination (ms):  0.0]
         [Termination Attempts:  1]
      [GC Worker Other (ms):  0.0]
      [GC Worker Total (ms):  23.6]
      [GC Worker End (ms):  14737913.3]
   [Code Root Fixup: 0.1 ms]
   [Code Root Purge: 0.0 ms]
   [Clear CT: 0.1 ms]
   [Other: 0.9 ms]
      [Choose CSet: 0.0 ms]
      [Ref Proc: 0.0 ms]
      [Ref Enq: 0.0 ms]
      [Redirty Cards: 0.0 ms]
      [Humongous Register: 0.0 ms]
      [Humongous Reclaim: 0.0 ms]
      [Free CSet: 0.1 ms]
   [Eden: 46.0M(46.0M)->0.0B(47.0M) Survivors: 5120.0K->4096.0K Heap: 343.2M(1024.0M)->297.6M(1024.0M)]
 [Times: user=0.02 sys=0.00, real=0.03 secs] 
2016-12-19T21:54:57.152+0100: 14762.412: [GC pause (G1 Evacuation Pause) (young), 0.0180914 secs]
   [Parallel Time: 17.6 ms, GC Workers: 1]
      [GC Worker Start (ms):  14762412.1]
      [Ext Root Scanning (ms):  1.5]
      [Update RS (ms):  2.7]
         [Processed Buffers:  38]
      [Scan RS (ms):  4.2]
      [Code Root Scanning (ms):  0.0]
      [Object Copy (ms):  9.1]
      [Termination (ms):  0.0]
         [Termination Attempts:  1]
      [GC Worker Other (ms):  0.0]
      [GC Worker Total (ms):  17.5]
      [GC Worker End (ms):  14762429.6]
   [Code Root Fixup: 0.1 ms]
   [Code Root Purge: 0.0 ms]
   [Clear CT: 0.0 ms]
   [Other: 0.4 ms]
      [Choose CSet: 0.0 ms]
      [Ref Proc: 0.0 ms]
      [Ref Enq: 0.0 ms]
      [Redirty Cards: 0.0 ms]
      [Humongous Register: 0.1 ms]
      [Humongous Reclaim: 0.0 ms]
      [Free CSet: 0.1 ms]
   [Eden: 47.0M(47.0M)->0.0B(47.0M) Survivors: 4096.0K->4096.0K Heap: 344.6M(1024.0M)->297.6M(1024.0M)]
 [Times: user=0.02 sys=0.00, real=0.01 secs] 
2016-12-19T21:55:22.205+0100: 14787.464: [GC pause (G1 Evacuation Pause) (young), 0.0239798 secs]
   [Parallel Time: 23.2 ms, GC Workers: 1]
      [GC Worker Start (ms):  14787464.6]
      [Ext Root Scanning (ms):  2.1]
      [Update RS (ms):  3.3]
         [Processed Buffers:  37]
      [Scan RS (ms):  4.2]
      [Code Root Scanning (ms):  0.0]
      [Object Copy (ms):  13.5]
      [Termination (ms):  0.0]
         [Termination Attempts:  1]
      [GC Worker Other (ms):  0.1]
      [GC Worker Total (ms):  23.1]
      [GC Worker End (ms):  14787487.8]
   [Code Root Fixup: 0.1 ms]
   [Code Root Purge: 0.0 ms]
   [Clear CT: 0.1 ms]
   [Other: 0.6 ms]
      [Choose CSet: 0.0 ms]
      [Ref Proc: 0.0 ms]
      [Ref Enq: 0.0 ms]
      [Redirty Cards: 0.0 ms]
      [Humongous Register: 0.1 ms]
      [Humongous Reclaim: 0.0 ms]
      [Free CSet: 0.1 ms]
   [Eden: 47.0M(47.0M)->0.0B(46.0M) Survivors: 4096.0K->5120.0K Heap: 344.6M(1024.0M)->298.6M(1024.0M)]
 [Times: user=0.02 sys=0.00, real=0.02 secs] 
2016-12-19T21:55:45.497+0100: 14810.757: [GC pause (G1 Evacuation Pause) (young), 0.0234744 secs]
   [Parallel Time: 23.0 ms, GC Workers: 1]
      [GC Worker Start (ms):  14810757.2]
      [Ext Root Scanning (ms):  0.9]
      [Update RS (ms):  2.0]
         [Processed Buffers:  40]
      [Scan RS (ms):  4.1]
      [Code Root Scanning (ms):  0.0]
      [Object Copy (ms):  16.0]
      [Termination (ms):  0.0]
         [Termination Attempts:  1]
      [GC Worker Other (ms):  0.0]
      [GC Worker Total (ms):  23.0]
      [GC Worker End (ms):  14810780.1]
   [Code Root Fixup: 0.0 ms]
   [Code Root Purge: 0.0 ms]
   [Clear CT: 0.0 ms]
   [Other: 0.4 ms]
      [Choose CSet: 0.0 ms]
      [Ref Proc: 0.0 ms]
      [Ref Enq: 0.0 ms]
      [Redirty Cards: 0.0 ms]
      [Humongous Register: 0.0 ms]
      [Humongous Reclaim: 0.0 ms]
      [Free CSet: 0.1 ms]
   [Eden: 46.0M(46.0M)->0.0B(47.0M) Survivors: 5120.0K->4096.0K Heap: 344.6M(1024.0M)->298.9M(1024.0M)]
 [Times: user=0.01 sys=0.01, real=0.02 secs] 
2016-12-19T21:56:11.342+0100: 14836.602: [GC pause (G1 Evacuation Pause) (young), 0.0199301 secs]
   [Parallel Time: 19.5 ms, GC Workers: 1]
      [GC Worker Start (ms):  14836602.1]
      [Ext Root Scanning (ms):  0.9]
      [Update RS (ms):  2.8]
         [Processed Buffers:  40]
      [Scan RS (ms):  4.1]
      [Code Root Scanning (ms):  0.0]
      [Object Copy (ms):  11.7]
      [Termination (ms):  0.0]
         [Termination Attempts:  1]
      [GC Worker Other (ms):  0.0]
      [GC Worker Total (ms):  19.5]
      [GC Worker End (ms):  14836621.6]
   [Code Root Fixup: 0.1 ms]
   [Code Root Purge: 0.0 ms]
   [Clear CT: 0.0 ms]
   [Other: 0.3 ms]
      [Choose CSet: 0.0 ms]
      [Ref Proc: 0.0 ms]
      [Ref Enq: 0.0 ms]
      [Redirty Cards: 0.0 ms]
      [Humongous Register: 0.0 ms]
      [Humongous Reclaim: 0.0 ms]
      [Free CSet: 0.1 ms]
   [Eden: 47.0M(47.0M)->0.0B(46.0M) Survivors: 4096.0K->5120.0K Heap: 345.9M(1024.0M)->299.9M(1024.0M)]
 [Times: user=0.02 sys=0.00, real=0.01 secs] 
2016-12-19T21:56:37.319+0100: 14862.579: [GC pause (G1 Evacuation Pause) (young), 0.0318367 secs]
   [Parallel Time: 31.2 ms, GC Workers: 1]
      [GC Worker Start (ms):  14862578.9]
      [Ext Root Scanning (ms):  1.6]
      [Update RS (ms):  4.5]
         [Processed Buffers:  38]
      [Scan RS (ms):  6.0]
      [Code Root Scanning (ms):  0.0]
      [Object Copy (ms):  19.1]
      [Termination (ms):  0.0]
         [Termination Attempts:  1]
      [GC Worker Other (ms):  0.0]
      [GC Worker Total (ms):  31.2]
      [GC Worker End (ms):  14862610.1]
   [Code Root Fixup: 0.0 ms]
   [Code Root Purge: 0.0 ms]
   [Clear CT: 0.0 ms]
   [Other: 0.5 ms]
      [Choose CSet: 0.0 ms]
      [Ref Proc: 0.0 ms]
      [Ref Enq: 0.0 ms]
      [Redirty Cards: 0.0 ms]
      [Humongous Register: 0.1 ms]
      [Humongous Reclaim: 0.1 ms]
      [Free CSet: 0.1 ms]
   [Eden: 46.0M(46.0M)->0.0B(47.0M) Survivors: 5120.0K->4096.0K Heap: 345.9M(1024.0M)->300.4M(1024.0M)]
 [Times: user=0.03 sys=0.00, real=0.04 secs] 
2016-12-19T21:57:01.348+0100: 14886.608: [GC pause (G1 Evacuation Pause) (young), 0.0202068 secs]
   [Parallel Time: 19.7 ms, GC Workers: 1]
      [GC Worker Start (ms):  14886607.7]
      [Ext Root Scanning (ms):  1.0]
      [Update RS (ms):  2.5]
         [Processed Buffers:  38]
      [Scan RS (ms):  4.6]
      [Code Root Scanning (ms):  0.0]
      [Object Copy (ms):  11.6]
      [Termination (ms):  0.0]
         [Termination Attempts:  1]
      [GC Worker Other (ms):  0.0]
      [GC Worker Total (ms):  19.7]
      [GC Worker End (ms):  14886627.4]
   [Code Root Fixup: 0.0 ms]
   [Code Root Purge: 0.0 ms]
   [Clear CT: 0.0 ms]
   [Other: 0.4 ms]
      [Choose CSet: 0.0 ms]
      [Ref Proc: 0.0 ms]
      [Ref Enq: 0.0 ms]
      [Redirty Cards: 0.0 ms]
      [Humongous Register: 0.0 ms]
      [Humongous Reclaim: 0.0 ms]
      [Free CSet: 0.1 ms]
   [Eden: 47.0M(47.0M)->0.0B(45.0M) Survivors: 4096.0K->6144.0K Heap: 347.4M(1024.0M)->301.9M(1024.0M)]
 [Times: user=0.02 sys=0.00, real=0.02 secs] 
2016-12-19T21:57:25.629+0100: 14910.889: [GC pause (G1 Evacuation Pause) (young), 0.0204588 secs]
   [Parallel Time: 20.0 ms, GC Workers: 1]
      [GC Worker Start (ms):  14910888.8]
      [Ext Root Scanning (ms):  1.0]
      [Update RS (ms):  2.1]
         [Processed Buffers:  40]
      [Scan RS (ms):  4.1]
      [Code Root Scanning (ms):  0.0]
      [Object Copy (ms):  12.7]
      [Termination (ms):  0.0]
         [Termination Attempts:  1]
      [GC Worker Other (ms):  0.0]
      [GC Worker Total (ms):  20.0]
      [GC Worker End (ms):  14910908.7]
   [Code Root Fixup: 0.0 ms]
   [Code Root Purge: 0.0 ms]
   [Clear CT: 0.0 ms]
   [Other: 0.4 ms]
      [Choose CSet: 0.0 ms]
      [Ref Proc: 0.0 ms]
      [Ref Enq: 0.0 ms]
      [Redirty Cards: 0.0 ms]
      [Humongous Register: 0.0 ms]
      [Humongous Reclaim: 0.0 ms]
      [Free CSet: 0.1 ms]
   [Eden: 45.0M(45.0M)->0.0B(47.0M) Survivors: 6144.0K->4096.0K Heap: 346.9M(1024.0M)->301.9M(1024.0M)]
 [Times: user=0.02 sys=0.00, real=0.02 secs] 
2016-12-19T21:57:49.795+0100: 14935.055: [GC pause (G1 Evacuation Pause) (young), 0.0210761 secs]
   [Parallel Time: 20.5 ms, GC Workers: 1]
      [GC Worker Start (ms):  14935055.0]
      [Ext Root Scanning (ms):  1.0]
      [Update RS (ms):  2.9]
         [Processed Buffers:  41]
      [Scan RS (ms):  4.5]
      [Code Root Scanning (ms):  0.0]
      [Object Copy (ms):  12.1]
      [Termination (ms):  0.0]
         [Termination Attempts:  1]
      [GC Worker Other (ms):  0.0]
      [GC Worker Total (ms):  20.5]
      [GC Worker End (ms):  14935075.5]
   [Code Root Fixup: 0.1 ms]
   [Code Root Purge: 0.0 ms]
   [Clear CT: 0.0 ms]
   [Other: 0.5 ms]
      [Choose CSet: 0.0 ms]
      [Ref Proc: 0.0 ms]
      [Ref Enq: 0.0 ms]
      [Redirty Cards: 0.0 ms]
      [Humongous Register: 0.1 ms]
      [Humongous Reclaim: 0.0 ms]
      [Free CSet: 0.1 ms]
   [Eden: 47.0M(47.0M)->0.0B(45.0M) Survivors: 4096.0K->6144.0K Heap: 348.9M(1024.0M)->303.4M(1024.0M)]
 [Times: user=0.02 sys=0.00, real=0.02 secs] 
2016-12-19T21:58:14.319+0100: 14959.578: [GC pause (G1 Evacuation Pause) (young), 0.0267214 secs]
   [Parallel Time: 26.0 ms, GC Workers: 1]
      [GC Worker Start (ms):  14959578.8]
      [Ext Root Scanning (ms):  1.6]
      [Update RS (ms):  3.1]
         [Processed Buffers:  40]
      [Scan RS (ms):  4.4]
      [Code Root Scanning (ms):  0.0]
      [Object Copy (ms):  16.9]
      [Termination (ms):  0.0]
         [Termination Attempts:  1]
      [GC Worker Other (ms):  0.0]
      [GC Worker Total (ms):  26.0]
      [GC Worker End (ms):  14959604.8]
   [Code Root Fixup: 0.0 ms]
   [Code Root Purge: 0.0 ms]
   [Clear CT: 0.0 ms]
   [Other: 0.6 ms]
      [Choose CSet: 0.0 ms]
      [Ref Proc: 0.0 ms]
      [Ref Enq: 0.0 ms]
      [Redirty Cards: 0.0 ms]
      [Humongous Register: 0.1 ms]
      [Humongous Reclaim: 0.0 ms]
      [Free CSet: 0.1 ms]
   [Eden: 45.0M(45.0M)->0.0B(47.0M) Survivors: 6144.0K->4096.0K Heap: 348.4M(1024.0M)->303.2M(1024.0M)]
 [Times: user=0.02 sys=0.01, real=0.03 secs] 
2016-12-19T21:58:39.668+0100: 14984.928: [GC pause (G1 Evacuation Pause) (young), 0.0235756 secs]
   [Parallel Time: 23.1 ms, GC Workers: 1]
      [GC Worker Start (ms):  14984927.9]
      [Ext Root Scanning (ms):  1.0]
      [Update RS (ms):  4.7]
         [Processed Buffers:  40]
      [Scan RS (ms):  4.8]
      [Code Root Scanning (ms):  0.0]
      [Object Copy (ms):  12.6]
      [Termination (ms):  0.0]
         [Termination Attempts:  1]
      [GC Worker Other (ms):  0.0]
      [GC Worker Total (ms):  23.1]
      [GC Worker End (ms):  14984951.0]
   [Code Root Fixup: 0.0 ms]
   [Code Root Purge: 0.0 ms]
   [Clear CT: 0.0 ms]
   [Other: 0.4 ms]
      [Choose CSet: 0.0 ms]
      [Ref Proc: 0.0 ms]
      [Ref Enq: 0.0 ms]
      [Redirty Cards: 0.0 ms]
      [Humongous Register: 0.0 ms]
      [Humongous Reclaim: 0.0 ms]
      [Free CSet: 0.1 ms]
   [Eden: 47.0M(47.0M)->0.0B(45.0M) Survivors: 4096.0K->6144.0K Heap: 350.2M(1024.0M)->304.7M(1024.0M)]
 [Times: user=0.03 sys=0.00, real=0.03 secs] 
2016-12-19T21:59:06.430+0100: 15011.690: [GC pause (G1 Evacuation Pause) (young), 0.0291263 secs]
   [Parallel Time: 28.6 ms, GC Workers: 1]
      [GC Worker Start (ms):  15011690.1]
      [Ext Root Scanning (ms):  1.0]
      [Update RS (ms):  3.1]
         [Processed Buffers:  40]
      [Scan RS (ms):  5.2]
      [Code Root Scanning (ms):  0.0]
      [Object Copy (ms):  19.3]
      [Termination (ms):  0.0]
         [Termination Attempts:  1]
      [GC Worker Other (ms):  0.0]
      [GC Worker Total (ms):  28.6]
      [GC Worker End (ms):  15011718.7]
   [Code Root Fixup: 0.1 ms]
   [Code Root Purge: 0.0 ms]
   [Clear CT: 0.0 ms]
   [Other: 0.4 ms]
      [Choose CSet: 0.0 ms]
      [Ref Proc: 0.0 ms]
      [Ref Enq: 0.0 ms]
      [Redirty Cards: 0.0 ms]
      [Humongous Register: 0.0 ms]
      [Humongous Reclaim: 0.0 ms]
      [Free CSet: 0.1 ms]
   [Eden: 45.0M(45.0M)->0.0B(47.0M) Survivors: 6144.0K->4096.0K Heap: 349.7M(1024.0M)->304.7M(1024.0M)]
 [Times: user=0.02 sys=0.00, real=0.02 secs] 
2016-12-19T21:59:30.661+0100: 15035.921: [GC pause (G1 Evacuation Pause) (young), 0.0387890 secs]
   [Parallel Time: 38.1 ms, GC Workers: 1]
      [GC Worker Start (ms):  15035921.3]
      [Ext Root Scanning (ms):  2.0]
      [Update RS (ms):  4.1]
         [Processed Buffers:  39]
      [Scan RS (ms):  11.7]
      [Code Root Scanning (ms):  0.0]
      [Object Copy (ms):  20.3]
      [Termination (ms):  0.0]
         [Termination Attempts:  1]
      [GC Worker Other (ms):  0.0]
      [GC Worker Total (ms):  38.1]
      [GC Worker End (ms):  15035959.3]
   [Code Root Fixup: 0.0 ms]
   [Code Root Purge: 0.0 ms]
   [Clear CT: 0.1 ms]
   [Other: 0.6 ms]
      [Choose CSet: 0.0 ms]
      [Ref Proc: 0.0 ms]
      [Ref Enq: 0.0 ms]
      [Redirty Cards: 0.0 ms]
      [Humongous Register: 0.1 ms]
      [Humongous Reclaim: 0.0 ms]
      [Free CSet: 0.1 ms]
   [Eden: 47.0M(47.0M)->0.0B(46.0M) Survivors: 4096.0K->5120.0K Heap: 351.7M(1024.0M)->306.2M(1024.0M)]
 [Times: user=0.04 sys=0.00, real=0.04 secs] 
2016-12-19T21:59:54.039+0100: 15059.299: [GC pause (G1 Evacuation Pause) (young), 0.0276711 secs]
   [Parallel Time: 27.2 ms, GC Workers: 1]
      [GC Worker Start (ms):  15059299.2]
      [Ext Root Scanning (ms):  1.0]
      [Update RS (ms):  2.7]
         [Processed Buffers:  38]
      [Scan RS (ms):  4.6]
      [Code Root Scanning (ms):  0.0]
      [Object Copy (ms):  18.9]
      [Termination (ms):  0.0]
         [Termination Attempts:  1]
      [GC Worker Other (ms):  0.0]
      [GC Worker Total (ms):  27.2]
      [GC Worker End (ms):  15059326.4]
   [Code Root Fixup: 0.0 ms]
   [Code Root Purge: 0.0 ms]
   [Clear CT: 0.0 ms]
   [Other: 0.4 ms]
      [Choose CSet: 0.0 ms]
      [Ref Proc: 0.0 ms]
      [Ref Enq: 0.0 ms]
      [Redirty Cards: 0.0 ms]
      [Humongous Register: 0.0 ms]
      [Humongous Reclaim: 0.0 ms]
      [Free CSet: 0.1 ms]
   [Eden: 46.0M(46.0M)->0.0B(47.0M) Survivors: 5120.0K->4096.0K Heap: 352.2M(1024.0M)->306.7M(1024.0M)]
 [Times: user=0.02 sys=0.01, real=0.03 secs] 
2016-12-19T22:00:18.301+0100: 15083.560: [GC pause (G1 Evacuation Pause) (young), 0.0196113 secs]
   [Parallel Time: 19.0 ms, GC Workers: 1]
      [GC Worker Start (ms):  15083560.6]
      [Ext Root Scanning (ms):  1.0]
      [Update RS (ms):  3.0]
         [Processed Buffers:  39]
      [Scan RS (ms):  4.7]
      [Code Root Scanning (ms):  0.0]
      [Object Copy (ms):  10.2]
      [Termination (ms):  0.0]
         [Termination Attempts:  1]
      [GC Worker Other (ms):  0.0]
      [GC Worker Total (ms):  19.0]
      [GC Worker End (ms):  15083579.6]
   [Code Root Fixup: 0.0 ms]
   [Code Root Purge: 0.0 ms]
   [Clear CT: 0.1 ms]
   [Other: 0.5 ms]
      [Choose CSet: 0.0 ms]
      [Ref Proc: 0.0 ms]
      [Ref Enq: 0.0 ms]
      [Redirty Cards: 0.0 ms]
      [Humongous Register: 0.0 ms]
      [Humongous Reclaim: 0.1 ms]
      [Free CSet: 0.1 ms]
   [Eden: 47.0M(47.0M)->0.0B(47.0M) Survivors: 4096.0K->4096.0K Heap: 353.7M(1024.0M)->306.7M(1024.0M)]
 [Times: user=0.02 sys=0.00, real=0.02 secs] 
2016-12-19T22:00:42.914+0100: 15108.174: [GC pause (G1 Evacuation Pause) (young), 0.0234557 secs]
   [Parallel Time: 22.9 ms, GC Workers: 1]
      [GC Worker Start (ms):  15108174.2]
      [Ext Root Scanning (ms):  0.9]
      [Update RS (ms):  2.7]
         [Processed Buffers:  39]
      [Scan RS (ms):  4.4]
      [Code Root Scanning (ms):  0.0]
      [Object Copy (ms):  14.7]
      [Termination (ms):  0.0]
         [Termination Attempts:  1]
      [GC Worker Other (ms):  0.0]
      [GC Worker Total (ms):  22.8]
      [GC Worker End (ms):  15108197.0]
   [Code Root Fixup: 0.1 ms]
   [Code Root Purge: 0.0 ms]
   [Clear CT: 0.1 ms]
   [Other: 0.5 ms]
      [Choose CSet: 0.0 ms]
      [Ref Proc: 0.1 ms]
      [Ref Enq: 0.0 ms]
      [Redirty Cards: 0.0 ms]
      [Humongous Register: 0.0 ms]
      [Humongous Reclaim: 0.1 ms]
      [Free CSet: 0.1 ms]
   [Eden: 47.0M(47.0M)->0.0B(46.0M) Survivors: 4096.0K->5120.0K Heap: 353.7M(1024.0M)->307.7M(1024.0M)]
 [Times: user=0.03 sys=0.00, real=0.02 secs] 
2016-12-19T22:01:06.094+0100: 15131.353: [GC pause (G1 Evacuation Pause) (young), 0.0342997 secs]
   [Parallel Time: 33.7 ms, GC Workers: 1]
      [GC Worker Start (ms):  15131353.6]
      [Ext Root Scanning (ms):  1.3]
      [Update RS (ms):  3.5]
         [Processed Buffers:  39]
      [Scan RS (ms):  5.6]
      [Code Root Scanning (ms):  0.0]
      [Object Copy (ms):  23.2]
      [Termination (ms):  0.0]
         [Termination Attempts:  1]
      [GC Worker Other (ms):  0.0]
      [GC Worker Total (ms):  33.7]
      [GC Worker End (ms):  15131387.3]
   [Code Root Fixup: 0.1 ms]
   [Code Root Purge: 0.0 ms]
   [Clear CT: 0.1 ms]
   [Other: 0.5 ms]
      [Choose CSet: 0.0 ms]
      [Ref Proc: 0.0 ms]
      [Ref Enq: 0.0 ms]
      [Redirty Cards: 0.1 ms]
      [Humongous Register: 0.1 ms]
      [Humongous Reclaim: 0.0 ms]
      [Free CSet: 0.1 ms]
   [Eden: 46.0M(46.0M)->0.0B(47.0M) Survivors: 5120.0K->4096.0K Heap: 353.7M(1024.0M)->307.9M(1024.0M)]
 [Times: user=0.03 sys=0.00, real=0.03 secs] 
2016-12-19T22:01:30.801+0100: 15156.061: [GC pause (G1 Evacuation Pause) (young), 0.0240670 secs]
   [Parallel Time: 23.4 ms, GC Workers: 1]
      [GC Worker Start (ms):  15156061.3]
      [Ext Root Scanning (ms):  3.0]
      [Update RS (ms):  2.9]
         [Processed Buffers:  37]
      [Scan RS (ms):  4.3]
      [Code Root Scanning (ms):  0.0]
      [Object Copy (ms):  13.1]
      [Termination (ms):  0.0]
         [Termination Attempts:  1]
      [GC Worker Other (ms):  0.0]
      [GC Worker Total (ms):  23.4]
      [GC Worker End (ms):  15156084.7]
   [Code Root Fixup: 0.0 ms]
   [Code Root Purge: 0.0 ms]
   [Clear CT: 0.0 ms]
   [Other: 0.6 ms]
      [Choose CSet: 0.0 ms]
      [Ref Proc: 0.0 ms]
      [Ref Enq: 0.0 ms]
      [Redirty Cards: 0.0 ms]
      [Humongous Register: 0.1 ms]
      [Humongous Reclaim: 0.0 ms]
      [Free CSet: 0.1 ms]
   [Eden: 47.0M(47.0M)->0.0B(46.0M) Survivors: 4096.0K->5120.0K Heap: 354.9M(1024.0M)->308.9M(1024.0M)]
 [Times: user=0.02 sys=0.00, real=0.03 secs] 
2016-12-19T22:01:55.227+0100: 15180.487: [GC pause (G1 Evacuation Pause) (young), 0.0207471 secs]
   [Parallel Time: 20.3 ms, GC Workers: 1]
      [GC Worker Start (ms):  15180486.7]
      [Ext Root Scanning (ms):  1.0]
      [Update RS (ms):  2.8]
         [Processed Buffers:  39]
      [Scan RS (ms):  4.5]
      [Code Root Scanning (ms):  0.0]
      [Object Copy (ms):  11.9]
      [Termination (ms):  0.0]
         [Termination Attempts:  1]
      [GC Worker Other (ms):  0.0]
      [GC Worker Total (ms):  20.2]
      [GC Worker End (ms):  15180506.9]
   [Code Root Fixup: 0.0 ms]
   [Code Root Purge: 0.0 ms]
   [Clear CT: 0.0 ms]
   [Other: 0.4 ms]
      [Choose CSet: 0.0 ms]
      [Ref Proc: 0.0 ms]
      [Ref Enq: 0.0 ms]
      [Redirty Cards: 0.0 ms]
      [Humongous Register: 0.0 ms]
      [Humongous Reclaim: 0.0 ms]
      [Free CSet: 0.1 ms]
   [Eden: 46.0M(46.0M)->0.0B(47.0M) Survivors: 5120.0K->4096.0K Heap: 354.9M(1024.0M)->309.5M(1024.0M)]
 [Times: user=0.02 sys=0.00, real=0.02 secs] 
2016-12-19T22:02:20.170+0100: 15205.429: [GC pause (G1 Evacuation Pause) (young), 0.0214120 secs]
   [Parallel Time: 21.0 ms, GC Workers: 1]
      [GC Worker Start (ms):  15205429.3]
      [Ext Root Scanning (ms):  1.0]
      [Update RS (ms):  2.9]
         [Processed Buffers:  39]
      [Scan RS (ms):  4.5]
      [Code Root Scanning (ms):  0.0]
      [Object Copy (ms):  12.5]
      [Termination (ms):  0.0]
         [Termination Attempts:  1]
      [GC Worker Other (ms):  0.0]
      [GC Worker Total (ms):  20.9]
      [GC Worker End (ms):  15205450.3]
   [Code Root Fixup: 0.0 ms]
   [Code Root Purge: 0.0 ms]
   [Clear CT: 0.0 ms]
   [Other: 0.4 ms]
      [Choose CSet: 0.0 ms]
      [Ref Proc: 0.0 ms]
      [Ref Enq: 0.0 ms]
      [Redirty Cards: 0.0 ms]
      [Humongous Register: 0.0 ms]
      [Humongous Reclaim: 0.0 ms]
      [Free CSet: 0.1 ms]
   [Eden: 47.0M(47.0M)->0.0B(45.0M) Survivors: 4096.0K->6144.0K Heap: 356.5M(1024.0M)->311.0M(1024.0M)]
 [Times: user=0.02 sys=0.00, real=0.03 secs] 
2016-12-19T22:02:43.502+0100: 15228.761: [GC pause (G1 Evacuation Pause) (young), 0.0206906 secs]
   [Parallel Time: 20.2 ms, GC Workers: 1]
      [GC Worker Start (ms):  15228761.5]
      [Ext Root Scanning (ms):  1.0]
      [Update RS (ms):  2.9]
         [Processed Buffers:  39]
      [Scan RS (ms):  4.2]
      [Code Root Scanning (ms):  0.0]
      [Object Copy (ms):  12.0]
      [Termination (ms):  0.0]
         [Termination Attempts:  1]
      [GC Worker Other (ms):  0.0]
      [GC Worker Total (ms):  20.2]
      [GC Worker End (ms):  15228781.7]
   [Code Root Fixup: 0.0 ms]
   [Code Root Purge: 0.0 ms]
   [Clear CT: 0.1 ms]
   [Other: 0.4 ms]
      [Choose CSet: 0.0 ms]
      [Ref Proc: 0.1 ms]
      [Ref Enq: 0.0 ms]
      [Redirty Cards: 0.0 ms]
      [Humongous Register: 0.0 ms]
      [Humongous Reclaim: 0.0 ms]
      [Free CSet: 0.1 ms]
   [Eden: 45.0M(45.0M)->0.0B(47.0M) Survivors: 6144.0K->4096.0K Heap: 356.0M(1024.0M)->310.7M(1024.0M)]
 [Times: user=0.02 sys=0.00, real=0.03 secs] 
2016-12-19T22:03:10.673+0100: 15255.933: [GC pause (G1 Evacuation Pause) (young), 0.0225694 secs]
   [Parallel Time: 22.1 ms, GC Workers: 1]
      [GC Worker Start (ms):  15255932.7]
      [Ext Root Scanning (ms):  1.1]
      [Update RS (ms):  2.9]
         [Processed Buffers:  38]
      [Scan RS (ms):  5.5]
      [Code Root Scanning (ms):  0.0]
      [Object Copy (ms):  12.5]
      [Termination (ms):  0.0]
         [Termination Attempts:  1]
      [GC Worker Other (ms):  0.0]
      [GC Worker Total (ms):  22.1]
      [GC Worker End (ms):  15255954.7]
   [Code Root Fixup: 0.0 ms]
   [Code Root Purge: 0.0 ms]
   [Clear CT: 0.0 ms]
   [Other: 0.4 ms]
      [Choose CSet: 0.0 ms]
      [Ref Proc: 0.0 ms]
      [Ref Enq: 0.0 ms]
      [Redirty Cards: 0.0 ms]
      [Humongous Register: 0.1 ms]
      [Humongous Reclaim: 0.0 ms]
      [Free CSet: 0.1 ms]
   [Eden: 47.0M(47.0M)->0.0B(45.0M) Survivors: 4096.0K->6144.0K Heap: 357.7M(1024.0M)->312.2M(1024.0M)]
 [Times: user=0.02 sys=0.00, real=0.02 secs] 
2016-12-19T22:03:34.765+0100: 15280.025: [GC pause (G1 Evacuation Pause) (young), 0.0232698 secs]
   [Parallel Time: 22.8 ms, GC Workers: 1]
      [GC Worker Start (ms):  15280025.1]
      [Ext Root Scanning (ms):  1.2]
      [Update RS (ms):  2.9]
         [Processed Buffers:  39]
      [Scan RS (ms):  4.7]
      [Code Root Scanning (ms):  0.0]
      [Object Copy (ms):  14.0]
      [Termination (ms):  0.0]
         [Termination Attempts:  1]
      [GC Worker Other (ms):  0.0]
      [GC Worker Total (ms):  22.8]
      [GC Worker End (ms):  15280047.9]
   [Code Root Fixup: 0.1 ms]
   [Code Root Purge: 0.0 ms]
   [Clear CT: 0.0 ms]
   [Other: 0.4 ms]
      [Choose CSet: 0.0 ms]
      [Ref Proc: 0.0 ms]
      [Ref Enq: 0.0 ms]
      [Redirty Cards: 0.0 ms]
      [Humongous Register: 0.0 ms]
      [Humongous Reclaim: 0.0 ms]
      [Free CSet: 0.1 ms]
   [Eden: 45.0M(45.0M)->0.0B(47.0M) Survivors: 6144.0K->4096.0K Heap: 357.2M(1024.0M)->312.2M(1024.0M)]
 [Times: user=0.02 sys=0.00, real=0.02 secs] 
2016-12-19T22:03:59.661+0100: 15304.921: [GC pause (G1 Evacuation Pause) (young), 0.0202268 secs]
   [Parallel Time: 19.8 ms, GC Workers: 1]
      [GC Worker Start (ms):  15304920.9]
      [Ext Root Scanning (ms):  0.9]
      [Update RS (ms):  2.4]
         [Processed Buffers:  38]
      [Scan RS (ms):  5.0]
      [Code Root Scanning (ms):  0.0]
      [Object Copy (ms):  11.5]
      [Termination (ms):  0.0]
         [Termination Attempts:  1]
      [GC Worker Other (ms):  0.0]
      [GC Worker Total (ms):  19.8]
      [GC Worker End (ms):  15304940.7]
   [Code Root Fixup: 0.0 ms]
   [Code Root Purge: 0.0 ms]
   [Clear CT: 0.0 ms]
   [Other: 0.3 ms]
      [Choose CSet: 0.0 ms]
      [Ref Proc: 0.0 ms]
      [Ref Enq: 0.0 ms]
      [Redirty Cards: 0.0 ms]
      [Humongous Register: 0.0 ms]
      [Humongous Reclaim: 0.0 ms]
      [Free CSet: 0.1 ms]
   [Eden: 47.0M(47.0M)->0.0B(46.0M) Survivors: 4096.0K->5120.0K Heap: 359.2M(1024.0M)->313.7M(1024.0M)]
 [Times: user=0.02 sys=0.00, real=0.02 secs] 
2016-12-19T22:04:23.331+0100: 15328.590: [GC pause (G1 Evacuation Pause) (young), 0.0197138 secs]
   [Parallel Time: 19.1 ms, GC Workers: 1]
      [GC Worker Start (ms):  15328590.3]
      [Ext Root Scanning (ms):  1.0]
      [Update RS (ms):  2.7]
         [Processed Buffers:  39]
      [Scan RS (ms):  4.3]
      [Code Root Scanning (ms):  0.0]
      [Object Copy (ms):  11.0]
      [Termination (ms):  0.0]
         [Termination Attempts:  1]
      [GC Worker Other (ms):  0.0]
      [GC Worker Total (ms):  19.0]
      [GC Worker End (ms):  15328609.3]
   [Code Root Fixup: 0.1 ms]
   [Code Root Purge: 0.0 ms]
   [Clear CT: 0.1 ms]
   [Other: 0.5 ms]
      [Choose CSet: 0.0 ms]
      [Ref Proc: 0.1 ms]
      [Ref Enq: 0.0 ms]
      [Redirty Cards: 0.0 ms]
      [Humongous Register: 0.0 ms]
      [Humongous Reclaim: 0.0 ms]
      [Free CSet: 0.1 ms]
   [Eden: 46.0M(46.0M)->0.0B(47.0M) Survivors: 5120.0K->4096.0K Heap: 359.7M(1024.0M)->314.7M(1024.0M)]
 [Times: user=0.02 sys=0.00, real=0.02 secs] 
2016-12-19T22:04:46.833+0100: 15352.092: [GC pause (G1 Evacuation Pause) (young), 0.0202065 secs]
   [Parallel Time: 19.7 ms, GC Workers: 1]
      [GC Worker Start (ms):  15352092.7]
      [Ext Root Scanning (ms):  1.6]
      [Update RS (ms):  2.2]
         [Processed Buffers:  39]
      [Scan RS (ms):  7.1]
      [Code Root Scanning (ms):  0.0]
      [Object Copy (ms):  8.7]
      [Termination (ms):  0.0]
         [Termination Attempts:  1]
      [GC Worker Other (ms):  0.0]
      [GC Worker Total (ms):  19.7]
      [GC Worker End (ms):  15352112.3]
   [Code Root Fixup: 0.0 ms]
   [Code Root Purge: 0.0 ms]
   [Clear CT: 0.0 ms]
   [Other: 0.4 ms]
      [Choose CSet: 0.0 ms]
      [Ref Proc: 0.0 ms]
      [Ref Enq: 0.0 ms]
      [Redirty Cards: 0.0 ms]
      [Humongous Register: 0.1 ms]
      [Humongous Reclaim: 0.0 ms]
      [Free CSet: 0.1 ms]
   [Eden: 47.0M(47.0M)->0.0B(47.0M) Survivors: 4096.0K->4096.0K Heap: 361.7M(1024.0M)->314.7M(1024.0M)]
 [Times: user=0.02 sys=0.01, real=0.02 secs] 
2016-12-19T22:05:10.729+0100: 15375.988: [GC pause (G1 Evacuation Pause) (young), 0.0205215 secs]
   [Parallel Time: 20.0 ms, GC Workers: 1]
      [GC Worker Start (ms):  15375988.4]
      [Ext Root Scanning (ms):  1.0]
      [Update RS (ms):  2.3]
         [Processed Buffers:  39]
      [Scan RS (ms):  4.6]
      [Code Root Scanning (ms):  0.0]
      [Object Copy (ms):  12.1]
      [Termination (ms):  0.0]
         [Termination Attempts:  1]
      [GC Worker Other (ms):  0.0]
      [GC Worker Total (ms):  20.0]
      [GC Worker End (ms):  15376008.4]
   [Code Root Fixup: 0.0 ms]
   [Code Root Purge: 0.0 ms]
   [Clear CT: 0.0 ms]
   [Other: 0.4 ms]
      [Choose CSet: 0.0 ms]
      [Ref Proc: 0.0 ms]
      [Ref Enq: 0.0 ms]
      [Redirty Cards: 0.0 ms]
      [Humongous Register: 0.0 ms]
      [Humongous Reclaim: 0.0 ms]
      [Free CSet: 0.1 ms]
   [Eden: 47.0M(47.0M)->0.0B(46.0M) Survivors: 4096.0K->5120.0K Heap: 361.7M(1024.0M)->315.7M(1024.0M)]
 [Times: user=0.02 sys=0.00, real=0.02 secs] 
2016-12-19T22:05:34.198+0100: 15399.458: [GC pause (G1 Evacuation Pause) (young), 0.0258777 secs]
   [Parallel Time: 25.3 ms, GC Workers: 1]
      [GC Worker Start (ms):  15399458.2]
      [Ext Root Scanning (ms):  2.3]
      [Update RS (ms):  4.7]
         [Processed Buffers:  38]
      [Scan RS (ms):  5.2]
      [Code Root Scanning (ms):  0.0]
      [Object Copy (ms):  13.0]
      [Termination (ms):  0.0]
         [Termination Attempts:  1]
      [GC Worker Other (ms):  0.0]
      [GC Worker Total (ms):  25.3]
      [GC Worker End (ms):  15399483.5]
   [Code Root Fixup: 0.1 ms]
   [Code Root Purge: 0.0 ms]
   [Clear CT: 0.0 ms]
   [Other: 0.4 ms]
      [Choose CSet: 0.0 ms]
      [Ref Proc: 0.0 ms]
      [Ref Enq: 0.0 ms]
      [Redirty Cards: 0.0 ms]
      [Humongous Register: 0.1 ms]
      [Humongous Reclaim: 0.0 ms]
      [Free CSet: 0.1 ms]
   [Eden: 46.0M(46.0M)->0.0B(47.0M) Survivors: 5120.0K->4096.0K Heap: 361.7M(1024.0M)->315.9M(1024.0M)]
 [Times: user=0.02 sys=0.00, real=0.03 secs] 
2016-12-19T22:05:59.781+0100: 15425.041: [GC pause (G1 Evacuation Pause) (young), 0.0211088 secs]
   [Parallel Time: 20.7 ms, GC Workers: 1]
      [GC Worker Start (ms):  15425041.1]
      [Ext Root Scanning (ms):  1.1]
      [Update RS (ms):  3.6]
         [Processed Buffers:  39]
      [Scan RS (ms):  4.5]
      [Code Root Scanning (ms):  0.0]
      [Object Copy (ms):  11.3]
      [Termination (ms):  0.0]
         [Termination Attempts:  1]
      [GC Worker Other (ms):  0.0]
      [GC Worker Total (ms):  20.6]
      [GC Worker End (ms):  15425061.7]
   [Code Root Fixup: 0.1 ms]
   [Code Root Purge: 0.0 ms]
   [Clear CT: 0.0 ms]
   [Other: 0.3 ms]
      [Choose CSet: 0.0 ms]
      [Ref Proc: 0.0 ms]
      [Ref Enq: 0.0 ms]
      [Redirty Cards: 0.0 ms]
      [Humongous Register: 0.0 ms]
      [Humongous Reclaim: 0.0 ms]
      [Free CSet: 0.1 ms]
   [Eden: 47.0M(47.0M)->0.0B(46.0M) Survivors: 4096.0K->5120.0K Heap: 362.9M(1024.0M)->316.9M(1024.0M)]
 [Times: user=0.02 sys=0.00, real=0.02 secs] 
2016-12-19T22:06:24.782+0100: 15450.042: [GC pause (G1 Evacuation Pause) (young), 0.0257657 secs]
   [Parallel Time: 25.2 ms, GC Workers: 1]
      [GC Worker Start (ms):  15450041.8]
      [Ext Root Scanning (ms):  1.1]
      [Update RS (ms):  2.8]
         [Processed Buffers:  39]
      [Scan RS (ms):  5.0]
      [Code Root Scanning (ms):  0.0]
      [Object Copy (ms):  16.3]
      [Termination (ms):  0.0]
         [Termination Attempts:  1]
      [GC Worker Other (ms):  0.0]
      [GC Worker Total (ms):  25.2]
      [GC Worker End (ms):  15450067.0]
   [Code Root Fixup: 0.0 ms]
   [Code Root Purge: 0.0 ms]
   [Clear CT: 0.0 ms]
   [Other: 0.5 ms]
      [Choose CSet: 0.0 ms]
      [Ref Proc: 0.0 ms]
      [Ref Enq: 0.0 ms]
      [Redirty Cards: 0.0 ms]
      [Humongous Register: 0.0 ms]
      [Humongous Reclaim: 0.0 ms]
      [Free CSet: 0.1 ms]
   [Eden: 46.0M(46.0M)->0.0B(47.0M) Survivors: 5120.0K->4096.0K Heap: 362.9M(1024.0M)->317.4M(1024.0M)]
 [Times: user=0.03 sys=0.00, real=0.03 secs] 
2016-12-19T22:06:50.500+0100: 15475.760: [GC pause (G1 Evacuation Pause) (young), 0.0234746 secs]
   [Parallel Time: 23.0 ms, GC Workers: 1]
      [GC Worker Start (ms):  15475759.8]
      [Ext Root Scanning (ms):  2.3]
      [Update RS (ms):  3.2]
         [Processed Buffers:  39]
      [Scan RS (ms):  5.0]
      [Code Root Scanning (ms):  0.0]
      [Object Copy (ms):  12.4]
      [Termination (ms):  0.0]
         [Termination Attempts:  1]
      [GC Worker Other (ms):  0.0]
      [GC Worker Total (ms):  22.9]
      [GC Worker End (ms):  15475782.7]
   [Code Root Fixup: 0.0 ms]
   [Code Root Purge: 0.0 ms]
   [Clear CT: 0.0 ms]
   [Other: 0.4 ms]
      [Choose CSet: 0.0 ms]
      [Ref Proc: 0.0 ms]
      [Ref Enq: 0.0 ms]
      [Redirty Cards: 0.0 ms]
      [Humongous Register: 0.1 ms]
      [Humongous Reclaim: 0.0 ms]
      [Free CSet: 0.1 ms]
   [Eden: 47.0M(47.0M)->0.0B(45.0M) Survivors: 4096.0K->6144.0K Heap: 364.4M(1024.0M)->318.9M(1024.0M)]
 [Times: user=0.02 sys=0.01, real=0.03 secs] 
2016-12-19T22:07:13.278+0100: 15498.537: [GC pause (G1 Evacuation Pause) (young), 0.0220569 secs]
   [Parallel Time: 21.5 ms, GC Workers: 1]
      [GC Worker Start (ms):  15498537.6]
      [Ext Root Scanning (ms):  1.1]
      [Update RS (ms):  2.8]
         [Processed Buffers:  41]
      [Scan RS (ms):  4.8]
      [Code Root Scanning (ms):  0.0]
      [Object Copy (ms):  12.8]
      [Termination (ms):  0.0]
         [Termination Attempts:  1]
      [GC Worker Other (ms):  0.0]
      [GC Worker Total (ms):  21.5]
      [GC Worker End (ms):  15498559.1]
   [Code Root Fixup: 0.1 ms]
   [Code Root Purge: 0.0 ms]
   [Clear CT: 0.0 ms]
   [Other: 0.4 ms]
      [Choose CSet: 0.0 ms]
      [Ref Proc: 0.0 ms]
      [Ref Enq: 0.0 ms]
      [Redirty Cards: 0.0 ms]
      [Humongous Register: 0.0 ms]
      [Humongous Reclaim: 0.0 ms]
      [Free CSet: 0.1 ms]
   [Eden: 45.0M(45.0M)->0.0B(47.0M) Survivors: 6144.0K->4096.0K Heap: 363.9M(1024.0M)->318.7M(1024.0M)]
 [Times: user=0.03 sys=0.00, real=0.02 secs] 
2016-12-19T22:07:36.974+0100: 15522.233: [GC pause (G1 Evacuation Pause) (young), 0.0244913 secs]
   [Parallel Time: 23.8 ms, GC Workers: 1]
      [GC Worker Start (ms):  15522233.7]
      [Ext Root Scanning (ms):  2.8]
      [Update RS (ms):  3.1]
         [Processed Buffers:  41]
      [Scan RS (ms):  4.8]
      [Code Root Scanning (ms):  0.0]
      [Object Copy (ms):  13.0]
      [Termination (ms):  0.0]
         [Termination Attempts:  1]
      [GC Worker Other (ms):  0.0]
      [GC Worker Total (ms):  23.7]
      [GC Worker End (ms):  15522257.4]
   [Code Root Fixup: 0.0 ms]
   [Code Root Purge: 0.0 ms]
   [Clear CT: 0.0 ms]
   [Other: 0.6 ms]
      [Choose CSet: 0.0 ms]
      [Ref Proc: 0.0 ms]
      [Ref Enq: 0.0 ms]
      [Redirty Cards: 0.0 ms]
      [Humongous Register: 0.1 ms]
      [Humongous Reclaim: 0.0 ms]
      [Free CSet: 0.1 ms]
   [Eden: 47.0M(47.0M)->0.0B(45.0M) Survivors: 4096.0K->6144.0K Heap: 365.7M(1024.0M)->320.2M(1024.0M)]
 [Times: user=0.02 sys=0.00, real=0.02 secs] 
2016-12-19T22:08:01.113+0100: 15546.372: [GC pause (G1 Evacuation Pause) (young), 0.0260681 secs]
   [Parallel Time: 24.3 ms, GC Workers: 1]
      [GC Worker Start (ms):  15546372.4]
      [Ext Root Scanning (ms):  2.9]
      [Update RS (ms):  3.7]
         [Processed Buffers:  40]
      [Scan RS (ms):  4.7]
      [Code Root Scanning (ms):  0.0]
      [Object Copy (ms):  12.8]
      [Termination (ms):  0.0]
         [Termination Attempts:  1]
      [GC Worker Other (ms):  0.0]
      [GC Worker Total (ms):  24.2]
      [GC Worker End (ms):  15546396.7]
   [Code Root Fixup: 0.1 ms]
   [Code Root Purge: 0.0 ms]
   [Clear CT: 0.1 ms]
   [Other: 1.7 ms]
      [Choose CSet: 0.0 ms]
      [Ref Proc: 0.0 ms]
      [Ref Enq: 0.0 ms]
      [Redirty Cards: 0.0 ms]
      [Humongous Register: 0.1 ms]
      [Humongous Reclaim: 0.0 ms]
      [Free CSet: 0.1 ms]
   [Eden: 45.0M(45.0M)->0.0B(47.0M) Survivors: 6144.0K->4096.0K Heap: 365.2M(1024.0M)->320.2M(1024.0M)]
 [Times: user=0.02 sys=0.00, real=0.02 secs] 
2016-12-19T22:08:26.233+0100: 15571.493: [GC pause (G1 Evacuation Pause) (young), 0.0222728 secs]
   [Parallel Time: 21.3 ms, GC Workers: 1]
      [GC Worker Start (ms):  15571492.9]
      [Ext Root Scanning (ms):  1.0]
      [Update RS (ms):  2.5]
         [Processed Buffers:  39]
      [Scan RS (ms):  5.1]
      [Code Root Scanning (ms):  0.0]
      [Object Copy (ms):  12.6]
      [Termination (ms):  0.0]
         [Termination Attempts:  1]
      [GC Worker Other (ms):  0.0]
      [GC Worker Total (ms):  21.3]
      [GC Worker End (ms):  15571514.2]
   [Code Root Fixup: 0.1 ms]
   [Code Root Purge: 0.0 ms]
   [Clear CT: 0.1 ms]
   [Other: 0.8 ms]
      [Choose CSet: 0.0 ms]
      [Ref Proc: 0.0 ms]
      [Ref Enq: 0.0 ms]
      [Redirty Cards: 0.0 ms]
      [Humongous Register: 0.0 ms]
      [Humongous Reclaim: 0.0 ms]
      [Free CSet: 0.1 ms]
   [Eden: 47.0M(47.0M)->0.0B(46.0M) Survivors: 4096.0K->5120.0K Heap: 367.2M(1024.0M)->321.7M(1024.0M)]
 [Times: user=0.03 sys=0.00, real=0.02 secs] 
2016-12-19T22:08:52.267+0100: 15597.526: [GC pause (G1 Evacuation Pause) (young), 0.0221057 secs]
   [Parallel Time: 21.5 ms, GC Workers: 1]
      [GC Worker Start (ms):  15597526.6]
      [Ext Root Scanning (ms):  1.5]
      [Update RS (ms):  2.9]
         [Processed Buffers:  37]
      [Scan RS (ms):  4.1]
      [Code Root Scanning (ms):  0.0]
      [Object Copy (ms):  12.8]
      [Termination (ms):  0.0]
         [Termination Attempts:  1]
      [GC Worker Other (ms):  0.0]
      [GC Worker Total (ms):  21.4]
      [GC Worker End (ms):  15597548.1]
   [Code Root Fixup: 0.0 ms]
   [Code Root Purge: 0.0 ms]
   [Clear CT: 0.0 ms]
   [Other: 0.5 ms]
      [Choose CSet: 0.0 ms]
      [Ref Proc: 0.0 ms]
      [Ref Enq: 0.0 ms]
      [Redirty Cards: 0.0 ms]
      [Humongous Register: 0.1 ms]
      [Humongous Reclaim: 0.0 ms]
      [Free CSet: 0.1 ms]
   [Eden: 46.0M(46.0M)->0.0B(47.0M) Survivors: 5120.0K->4096.0K Heap: 367.7M(1024.0M)->322.7M(1024.0M)]
 [Times: user=0.02 sys=0.00, real=0.02 secs] 
2016-12-19T22:09:17.529+0100: 15622.789: [GC pause (G1 Evacuation Pause) (young), 0.0211068 secs]
   [Parallel Time: 20.5 ms, GC Workers: 1]
      [GC Worker Start (ms):  15622789.1]
      [Ext Root Scanning (ms):  1.1]
      [Update RS (ms):  2.9]
         [Processed Buffers:  40]
      [Scan RS (ms):  5.1]
      [Code Root Scanning (ms):  0.0]
      [Object Copy (ms):  11.4]
      [Termination (ms):  0.0]
         [Termination Attempts:  1]
      [GC Worker Other (ms):  0.0]
      [GC Worker Total (ms):  20.5]
      [GC Worker End (ms):  15622809.6]
   [Code Root Fixup: 0.0 ms]
   [Code Root Purge: 0.0 ms]
   [Clear CT: 0.1 ms]
   [Other: 0.5 ms]
      [Choose CSet: 0.0 ms]
      [Ref Proc: 0.1 ms]
      [Ref Enq: 0.0 ms]
      [Redirty Cards: 0.0 ms]
      [Humongous Register: 0.0 ms]
      [Humongous Reclaim: 0.0 ms]
      [Free CSet: 0.1 ms]
   [Eden: 47.0M(47.0M)->0.0B(47.0M) Survivors: 4096.0K->4096.0K Heap: 369.7M(1024.0M)->322.7M(1024.0M)]
 [Times: user=0.01 sys=0.01, real=0.03 secs] 
2016-12-19T22:09:42.669+0100: 15647.928: [GC pause (G1 Evacuation Pause) (young), 0.0231073 secs]
   [Parallel Time: 22.4 ms, GC Workers: 1]
      [GC Worker Start (ms):  15647928.5]
      [Ext Root Scanning (ms):  1.2]
      [Update RS (ms):  3.0]
         [Processed Buffers:  39]
      [Scan RS (ms):  4.7]
      [Code Root Scanning (ms):  0.0]
      [Object Copy (ms):  13.4]
      [Termination (ms):  0.0]
         [Termination Attempts:  1]
      [GC Worker Other (ms):  0.0]
      [GC Worker Total (ms):  22.3]
      [GC Worker End (ms):  15647950.8]
   [Code Root Fixup: 0.1 ms]
   [Code Root Purge: 0.0 ms]
   [Clear CT: 0.1 ms]
   [Other: 0.6 ms]
      [Choose CSet: 0.0 ms]
      [Ref Proc: 0.0 ms]
      [Ref Enq: 0.0 ms]
      [Redirty Cards: 0.1 ms]
      [Humongous Register: 0.1 ms]
      [Humongous Reclaim: 0.0 ms]
      [Free CSet: 0.1 ms]
   [Eden: 47.0M(47.0M)->0.0B(46.0M) Survivors: 4096.0K->5120.0K Heap: 369.7M(1024.0M)->323.7M(1024.0M)]
 [Times: user=0.02 sys=0.00, real=0.03 secs] 
2016-12-19T22:10:06.961+0100: 15672.221: [GC pause (G1 Evacuation Pause) (young), 0.0286775 secs]
   [Parallel Time: 28.1 ms, GC Workers: 1]
      [GC Worker Start (ms):  15672221.1]
      [Ext Root Scanning (ms):  1.7]
      [Update RS (ms):  3.2]
         [Processed Buffers:  40]
      [Scan RS (ms):  7.3]
      [Code Root Scanning (ms):  0.0]
      [Object Copy (ms):  15.9]
      [Termination (ms):  0.0]
         [Termination Attempts:  1]
      [GC Worker Other (ms):  0.0]
      [GC Worker Total (ms):  28.1]
      [GC Worker End (ms):  15672249.2]
   [Code Root Fixup: 0.1 ms]
   [Code Root Purge: 0.0 ms]
   [Clear CT: 0.1 ms]
   [Other: 0.4 ms]
      [Choose CSet: 0.0 ms]
      [Ref Proc: 0.0 ms]
      [Ref Enq: 0.0 ms]
      [Redirty Cards: 0.0 ms]
      [Humongous Register: 0.1 ms]
      [Humongous Reclaim: 0.0 ms]
      [Free CSet: 0.1 ms]
   [Eden: 46.0M(46.0M)->0.0B(47.0M) Survivors: 5120.0K->4096.0K Heap: 369.7M(1024.0M)->323.9M(1024.0M)]
 [Times: user=0.03 sys=0.00, real=0.04 secs] 
2016-12-19T22:10:30.862+0100: 15696.121: [GC pause (G1 Evacuation Pause) (young), 0.0223707 secs]
   [Parallel Time: 21.8 ms, GC Workers: 1]
      [GC Worker Start (ms):  15696121.6]
      [Ext Root Scanning (ms):  2.1]
      [Update RS (ms):  3.0]
         [Processed Buffers:  38]
      [Scan RS (ms):  4.2]
      [Code Root Scanning (ms):  0.0]
      [Object Copy (ms):  12.5]
      [Termination (ms):  0.0]
         [Termination Attempts:  1]
      [GC Worker Other (ms):  0.0]
      [GC Worker Total (ms):  21.8]
      [GC Worker End (ms):  15696143.4]
   [Code Root Fixup: 0.1 ms]
   [Code Root Purge: 0.0 ms]
   [Clear CT: 0.0 ms]
   [Other: 0.5 ms]
      [Choose CSet: 0.0 ms]
      [Ref Proc: 0.0 ms]
      [Ref Enq: 0.0 ms]
      [Redirty Cards: 0.1 ms]
      [Humongous Register: 0.0 ms]
      [Humongous Reclaim: 0.0 ms]
      [Free CSet: 0.1 ms]
   [Eden: 47.0M(47.0M)->0.0B(46.0M) Survivors: 4096.0K->5120.0K Heap: 370.9M(1024.0M)->324.9M(1024.0M)]
 [Times: user=0.03 sys=0.00, real=0.03 secs] 
2016-12-19T22:10:55.963+0100: 15721.223: [GC pause (G1 Evacuation Pause) (young), 0.0218061 secs]
   [Parallel Time: 21.3 ms, GC Workers: 1]
      [GC Worker Start (ms):  15721222.9]
      [Ext Root Scanning (ms):  1.2]
      [Update RS (ms):  2.5]
         [Processed Buffers:  37]
      [Scan RS (ms):  5.3]
      [Code Root Scanning (ms):  0.0]
      [Object Copy (ms):  12.3]
      [Termination (ms):  0.0]
         [Termination Attempts:  1]
      [GC Worker Other (ms):  0.0]
      [GC Worker Total (ms):  21.3]
      [GC Worker End (ms):  15721244.2]
   [Code Root Fixup: 0.0 ms]
   [Code Root Purge: 0.0 ms]
   [Clear CT: 0.0 ms]
   [Other: 0.4 ms]
      [Choose CSet: 0.0 ms]
      [Ref Proc: 0.0 ms]
      [Ref Enq: 0.0 ms]
      [Redirty Cards: 0.0 ms]
      [Humongous Register: 0.1 ms]
      [Humongous Reclaim: 0.0 ms]
      [Free CSet: 0.1 ms]
   [Eden: 46.0M(46.0M)->0.0B(47.0M) Survivors: 5120.0K->4096.0K Heap: 370.9M(1024.0M)->325.4M(1024.0M)]
 [Times: user=0.02 sys=0.00, real=0.02 secs] 
2016-12-19T22:11:20.463+0100: 15745.723: [GC pause (G1 Evacuation Pause) (young), 0.0233398 secs]
   [Parallel Time: 22.7 ms, GC Workers: 1]
      [GC Worker Start (ms):  15745722.8]
      [Ext Root Scanning (ms):  1.0]
      [Update RS (ms):  3.2]
         [Processed Buffers:  37]
      [Scan RS (ms):  4.7]
      [Code Root Scanning (ms):  0.0]
      [Object Copy (ms):  13.6]
      [Termination (ms):  0.0]
         [Termination Attempts:  1]
      [GC Worker Other (ms):  0.0]
      [GC Worker Total (ms):  22.6]
      [GC Worker End (ms):  15745745.4]
   [Code Root Fixup: 0.1 ms]
   [Code Root Purge: 0.0 ms]
   [Clear CT: 0.1 ms]
   [Other: 0.5 ms]
      [Choose CSet: 0.0 ms]
      [Ref Proc: 0.1 ms]
      [Ref Enq: 0.0 ms]
      [Redirty Cards: 0.0 ms]
      [Humongous Register: 0.0 ms]
      [Humongous Reclaim: 0.0 ms]
      [Free CSet: 0.1 ms]
   [Eden: 47.0M(47.0M)->0.0B(45.0M) Survivors: 4096.0K->6144.0K Heap: 372.4M(1024.0M)->326.9M(1024.0M)]
 [Times: user=0.03 sys=0.00, real=0.02 secs] 
2016-12-19T22:11:43.242+0100: 15768.501: [GC pause (G1 Evacuation Pause) (young), 0.0449089 secs]
   [Parallel Time: 44.3 ms, GC Workers: 1]
      [GC Worker Start (ms):  15768501.7]
      [Ext Root Scanning (ms):  1.6]
      [Update RS (ms):  4.1]
         [Processed Buffers:  39]
      [Scan RS (ms):  4.5]
      [Code Root Scanning (ms):  0.0]
      [Object Copy (ms):  34.0]
      [Termination (ms):  0.0]
         [Termination Attempts:  1]
      [GC Worker Other (ms):  0.0]
      [GC Worker Total (ms):  44.3]
      [GC Worker End (ms):  15768546.0]
   [Code Root Fixup: 0.0 ms]
   [Code Root Purge: 0.0 ms]
   [Clear CT: 0.0 ms]
   [Other: 0.5 ms]
      [Choose CSet: 0.0 ms]
      [Ref Proc: 0.0 ms]
      [Ref Enq: 0.0 ms]
      [Redirty Cards: 0.0 ms]
      [Humongous Register: 0.1 ms]
      [Humongous Reclaim: 0.0 ms]
      [Free CSet: 0.1 ms]
   [Eden: 45.0M(45.0M)->0.0B(47.0M) Survivors: 6144.0K->4096.0K Heap: 371.9M(1024.0M)->326.9M(1024.0M)]
 [Times: user=0.03 sys=0.00, real=0.05 secs] 
2016-12-19T22:12:06.776+0100: 15792.036: [GC pause (G1 Evacuation Pause) (young), 0.0251009 secs]
   [Parallel Time: 24.6 ms, GC Workers: 1]
      [GC Worker Start (ms):  15792036.3]
      [Ext Root Scanning (ms):  2.8]
      [Update RS (ms):  3.7]
         [Processed Buffers:  39]
      [Scan RS (ms):  4.9]
      [Code Root Scanning (ms):  0.0]
      [Object Copy (ms):  13.1]
      [Termination (ms):  0.0]
         [Termination Attempts:  1]
      [GC Worker Other (ms):  0.0]
      [GC Worker Total (ms):  24.5]
      [GC Worker End (ms):  15792060.8]
   [Code Root Fixup: 0.0 ms]
   [Code Root Purge: 0.0 ms]
   [Clear CT: 0.1 ms]
   [Other: 0.4 ms]
      [Choose CSet: 0.0 ms]
      [Ref Proc: 0.0 ms]
      [Ref Enq: 0.0 ms]
      [Redirty Cards: 0.0 ms]
      [Humongous Register: 0.1 ms]
      [Humongous Reclaim: 0.0 ms]
      [Free CSet: 0.1 ms]
   [Eden: 47.0M(47.0M)->0.0B(45.0M) Survivors: 4096.0K->6144.0K Heap: 373.9M(1024.0M)->328.4M(1024.0M)]
 [Times: user=0.03 sys=0.00, real=0.02 secs] 
2016-12-19T22:12:31.074+0100: 15816.333: [GC pause (G1 Evacuation Pause) (young), 0.0218473 secs]
   [Parallel Time: 21.2 ms, GC Workers: 1]
      [GC Worker Start (ms):  15816333.6]
      [Ext Root Scanning (ms):  1.2]
      [Update RS (ms):  3.4]
         [Processed Buffers:  39]
      [Scan RS (ms):  4.7]
      [Code Root Scanning (ms):  0.0]
      [Object Copy (ms):  11.9]
      [Termination (ms):  0.0]
         [Termination Attempts:  1]
      [GC Worker Other (ms):  0.0]
      [GC Worker Total (ms):  21.2]
      [GC Worker End (ms):  15816354.8]
   [Code Root Fixup: 0.1 ms]
   [Code Root Purge: 0.0 ms]
   [Clear CT: 0.1 ms]
   [Other: 0.5 ms]
      [Choose CSet: 0.0 ms]
      [Ref Proc: 0.0 ms]
      [Ref Enq: 0.0 ms]
      [Redirty Cards: 0.0 ms]
      [Humongous Register: 0.1 ms]
      [Humongous Reclaim: 0.0 ms]
      [Free CSet: 0.1 ms]
   [Eden: 45.0M(45.0M)->0.0B(47.0M) Survivors: 6144.0K->4096.0K Heap: 373.4M(1024.0M)->328.2M(1024.0M)]
 [Times: user=0.03 sys=0.00, real=0.02 secs] 
2016-12-19T22:12:55.602+0100: 15840.861: [GC pause (G1 Evacuation Pause) (young), 0.0230745 secs]
   [Parallel Time: 22.6 ms, GC Workers: 1]
      [GC Worker Start (ms):  15840861.5]
      [Ext Root Scanning (ms):  2.4]
      [Update RS (ms):  3.4]
         [Processed Buffers:  37]
      [Scan RS (ms):  4.6]
      [Code Root Scanning (ms):  0.0]
      [Object Copy (ms):  12.1]
      [Termination (ms):  0.0]
         [Termination Attempts:  1]
      [GC Worker Other (ms):  0.0]
      [GC Worker Total (ms):  22.5]
      [GC Worker End (ms):  15840884.0]
   [Code Root Fixup: 0.1 ms]
   [Code Root Purge: 0.0 ms]
   [Clear CT: 0.0 ms]
   [Other: 0.4 ms]
      [Choose CSet: 0.0 ms]
      [Ref Proc: 0.0 ms]
      [Ref Enq: 0.0 ms]
      [Redirty Cards: 0.0 ms]
      [Humongous Register: 0.0 ms]
      [Humongous Reclaim: 0.0 ms]
      [Free CSet: 0.1 ms]
   [Eden: 47.0M(47.0M)->0.0B(45.0M) Survivors: 4096.0K->6144.0K Heap: 375.2M(1024.0M)->329.7M(1024.0M)]
 [Times: user=0.03 sys=0.00, real=0.03 secs] 
2016-12-19T22:13:21.817+0100: 15867.077: [GC pause (G1 Evacuation Pause) (young), 0.0223051 secs]
   [Parallel Time: 21.8 ms, GC Workers: 1]
      [GC Worker Start (ms):  15867077.2]
      [Ext Root Scanning (ms):  1.6]
      [Update RS (ms):  3.0]
         [Processed Buffers:  37]
      [Scan RS (ms):  4.3]
      [Code Root Scanning (ms):  0.0]
      [Object Copy (ms):  12.6]
      [Termination (ms):  0.0]
         [Termination Attempts:  1]
      [GC Worker Other (ms):  0.0]
      [GC Worker Total (ms):  21.5]
      [GC Worker End (ms):  15867098.8]
   [Code Root Fixup: 0.0 ms]
   [Code Root Purge: 0.0 ms]
   [Clear CT: 0.0 ms]
   [Other: 0.5 ms]
      [Choose CSet: 0.0 ms]
      [Ref Proc: 0.0 ms]
      [Ref Enq: 0.0 ms]
      [Redirty Cards: 0.0 ms]
      [Humongous Register: 0.1 ms]
      [Humongous Reclaim: 0.0 ms]
      [Free CSet: 0.1 ms]
   [Eden: 45.0M(45.0M)->0.0B(47.0M) Survivors: 6144.0K->4096.0K Heap: 374.7M(1024.0M)->329.7M(1024.0M)]
 [Times: user=0.02 sys=0.00, real=0.02 secs] 
2016-12-19T22:13:46.241+0100: 15891.500: [GC pause (G1 Evacuation Pause) (young), 0.0220949 secs]
   [Parallel Time: 21.6 ms, GC Workers: 1]
      [GC Worker Start (ms):  15891500.3]
      [Ext Root Scanning (ms):  1.4]
      [Update RS (ms):  4.2]
         [Processed Buffers:  38]
      [Scan RS (ms):  4.6]
      [Code Root Scanning (ms):  0.0]
      [Object Copy (ms):  11.3]
      [Termination (ms):  0.0]
         [Termination Attempts:  1]
      [GC Worker Other (ms):  0.0]
      [GC Worker Total (ms):  21.6]
      [GC Worker End (ms):  15891521.9]
   [Code Root Fixup: 0.0 ms]
   [Code Root Purge: 0.0 ms]
   [Clear CT: 0.1 ms]
   [Other: 0.4 ms]
      [Choose CSet: 0.0 ms]
      [Ref Proc: 0.0 ms]
      [Ref Enq: 0.0 ms]
      [Redirty Cards: 0.0 ms]
      [Humongous Register: 0.1 ms]
      [Humongous Reclaim: 0.0 ms]
      [Free CSet: 0.1 ms]
   [Eden: 47.0M(47.0M)->0.0B(46.0M) Survivors: 4096.0K->5120.0K Heap: 376.7M(1024.0M)->331.2M(1024.0M)]
 [Times: user=0.03 sys=0.00, real=0.03 secs] 
2016-12-19T22:14:09.890+0100: 15915.150: [GC pause (G1 Evacuation Pause) (young), 0.0207896 secs]
   [Parallel Time: 20.4 ms, GC Workers: 1]
      [GC Worker Start (ms):  15915149.6]
      [Ext Root Scanning (ms):  1.2]
      [Update RS (ms):  3.3]
         [Processed Buffers:  39]
      [Scan RS (ms):  4.1]
      [Code Root Scanning (ms):  0.0]
      [Object Copy (ms):  11.8]
      [Termination (ms):  0.0]
         [Termination Attempts:  1]
      [GC Worker Other (ms):  0.0]
      [GC Worker Total (ms):  20.4]
      [GC Worker End (ms):  15915170.0]
   [Code Root Fixup: 0.0 ms]
   [Code Root Purge: 0.0 ms]
   [Clear CT: 0.0 ms]
   [Other: 0.3 ms]
      [Choose CSet: 0.0 ms]
      [Ref Proc: 0.0 ms]
      [Ref Enq: 0.0 ms]
      [Redirty Cards: 0.0 ms]
      [Humongous Register: 0.0 ms]
      [Humongous Reclaim: 0.0 ms]
      [Free CSet: 0.1 ms]
   [Eden: 46.0M(46.0M)->0.0B(47.0M) Survivors: 5120.0K->4096.0K Heap: 377.2M(1024.0M)->331.7M(1024.0M)]
 [Times: user=0.02 sys=0.00, real=0.02 secs] 
2016-12-19T22:14:34.224+0100: 15939.483: [GC pause (G1 Evacuation Pause) (young), 0.0217206 secs]
   [Parallel Time: 21.2 ms, GC Workers: 1]
      [GC Worker Start (ms):  15939483.4]
      [Ext Root Scanning (ms):  1.6]
      [Update RS (ms):  3.7]
         [Processed Buffers:  39]
      [Scan RS (ms):  5.9]
      [Code Root Scanning (ms):  0.0]
      [Object Copy (ms):  9.8]
      [Termination (ms):  0.0]
         [Termination Attempts:  1]
      [GC Worker Other (ms):  0.0]
      [GC Worker Total (ms):  21.1]
      [GC Worker End (ms):  15939504.6]
   [Code Root Fixup: 0.1 ms]
   [Code Root Purge: 0.0 ms]
   [Clear CT: 0.0 ms]
   [Other: 0.4 ms]
      [Choose CSet: 0.0 ms]
      [Ref Proc: 0.0 ms]
      [Ref Enq: 0.0 ms]
      [Redirty Cards: 0.0 ms]
      [Humongous Register: 0.1 ms]
      [Humongous Reclaim: 0.0 ms]
      [Free CSet: 0.1 ms]
   [Eden: 47.0M(47.0M)->0.0B(47.0M) Survivors: 4096.0K->4096.0K Heap: 378.7M(1024.0M)->331.7M(1024.0M)]
 [Times: user=0.03 sys=0.00, real=0.02 secs] 
2016-12-19T22:14:58.800+0100: 15964.059: [GC pause (G1 Evacuation Pause) (young), 0.0204820 secs]
   [Parallel Time: 20.0 ms, GC Workers: 1]
      [GC Worker Start (ms):  15964059.6]
      [Ext Root Scanning (ms):  1.0]
      [Update RS (ms):  3.1]
         [Processed Buffers:  38]
      [Scan RS (ms):  4.3]
      [Code Root Scanning (ms):  0.0]
      [Object Copy (ms):  11.6]
      [Termination (ms):  0.0]
         [Termination Attempts:  1]
      [GC Worker Other (ms):  0.0]
      [GC Worker Total (ms):  20.0]
      [GC Worker End (ms):  15964079.6]
   [Code Root Fixup: 0.0 ms]
   [Code Root Purge: 0.0 ms]
   [Clear CT: 0.0 ms]
   [Other: 0.3 ms]
      [Choose CSet: 0.0 ms]
      [Ref Proc: 0.0 ms]
      [Ref Enq: 0.0 ms]
      [Redirty Cards: 0.0 ms]
      [Humongous Register: 0.0 ms]
      [Humongous Reclaim: 0.0 ms]
      [Free CSet: 0.1 ms]
   [Eden: 47.0M(47.0M)->0.0B(46.0M) Survivors: 4096.0K->5120.0K Heap: 378.7M(1024.0M)->332.7M(1024.0M)]
 [Times: user=0.02 sys=0.00, real=0.02 secs] 
2016-12-19T22:15:22.296+0100: 15987.556: [GC pause (G1 Evacuation Pause) (young), 0.0218006 secs]
   [Parallel Time: 21.2 ms, GC Workers: 1]
      [GC Worker Start (ms):  15987556.3]
      [Ext Root Scanning (ms):  1.7]
      [Update RS (ms):  2.6]
         [Processed Buffers:  38]
      [Scan RS (ms):  4.4]
      [Code Root Scanning (ms):  0.0]
      [Object Copy (ms):  12.5]
      [Termination (ms):  0.0]
         [Termination Attempts:  1]
      [GC Worker Other (ms):  0.0]
      [GC Worker Total (ms):  21.2]
      [GC Worker End (ms):  15987577.4]
   [Code Root Fixup: 0.0 ms]
   [Code Root Purge: 0.0 ms]
   [Clear CT: 0.1 ms]
   [Other: 0.4 ms]
      [Choose CSet: 0.0 ms]
      [Ref Proc: 0.0 ms]
      [Ref Enq: 0.0 ms]
      [Redirty Cards: 0.0 ms]
      [Humongous Register: 0.1 ms]
      [Humongous Reclaim: 0.0 ms]
      [Free CSet: 0.1 ms]
   [Eden: 46.0M(46.0M)->0.0B(47.0M) Survivors: 5120.0K->4096.0K Heap: 378.7M(1024.0M)->332.8M(1024.0M)]
 [Times: user=0.02 sys=0.00, real=0.02 secs] 
2016-12-19T22:15:46.245+0100: 16011.505: [GC pause (G1 Evacuation Pause) (young), 0.0226398 secs]
   [Parallel Time: 22.1 ms, GC Workers: 1]
      [GC Worker Start (ms):  16011504.8]
      [Ext Root Scanning (ms):  3.2]
      [Update RS (ms):  2.7]
         [Processed Buffers:  39]
      [Scan RS (ms):  4.2]
      [Code Root Scanning (ms):  0.0]
      [Object Copy (ms):  12.1]
      [Termination (ms):  0.0]
         [Termination Attempts:  1]
      [GC Worker Other (ms):  0.0]
      [GC Worker Total (ms):  22.1]
      [GC Worker End (ms):  16011526.9]
   [Code Root Fixup: 0.0 ms]
   [Code Root Purge: 0.0 ms]
   [Clear CT: 0.0 ms]
   [Other: 0.4 ms]
      [Choose CSet: 0.0 ms]
      [Ref Proc: 0.0 ms]
      [Ref Enq: 0.0 ms]
      [Redirty Cards: 0.0 ms]
      [Humongous Register: 0.1 ms]
      [Humongous Reclaim: 0.0 ms]
      [Free CSet: 0.1 ms]
   [Eden: 47.0M(47.0M)->0.0B(45.0M) Survivors: 4096.0K->6144.0K Heap: 379.8M(1024.0M)->334.3M(1024.0M)]
 [Times: user=0.02 sys=0.00, real=0.02 secs] 
2016-12-19T22:16:10.788+0100: 16036.047: [GC pause (G1 Evacuation Pause) (young), 0.0305105 secs]
   [Parallel Time: 30.1 ms, GC Workers: 1]
      [GC Worker Start (ms):  16036047.5]
      [Ext Root Scanning (ms):  3.6]
      [Update RS (ms):  5.5]
         [Processed Buffers:  40]
      [Scan RS (ms):  6.6]
      [Code Root Scanning (ms):  0.0]
      [Object Copy (ms):  14.3]
      [Termination (ms):  0.0]
         [Termination Attempts:  1]
      [GC Worker Other (ms):  0.0]
      [GC Worker Total (ms):  30.0]
      [GC Worker End (ms):  16036077.6]
   [Code Root Fixup: 0.0 ms]
   [Code Root Purge: 0.0 ms]
   [Clear CT: 0.1 ms]
   [Other: 0.3 ms]
      [Choose CSet: 0.0 ms]
      [Ref Proc: 0.0 ms]
      [Ref Enq: 0.0 ms]
      [Redirty Cards: 0.0 ms]
      [Humongous Register: 0.0 ms]
      [Humongous Reclaim: 0.0 ms]
      [Free CSet: 0.1 ms]
   [Eden: 45.0M(45.0M)->0.0B(47.0M) Survivors: 6144.0K->4096.0K Heap: 379.3M(1024.0M)->334.4M(1024.0M)]
 [Times: user=0.03 sys=0.00, real=0.03 secs] 
2016-12-19T22:16:34.700+0100: 16059.960: [GC pause (G1 Evacuation Pause) (young), 0.0300550 secs]
   [Parallel Time: 28.5 ms, GC Workers: 1]
      [GC Worker Start (ms):  16059960.7]
      [Ext Root Scanning (ms):  2.3]
      [Update RS (ms):  4.4]
         [Processed Buffers:  40]
      [Scan RS (ms):  5.6]
      [Code Root Scanning (ms):  0.0]
      [Object Copy (ms):  16.2]
      [Termination (ms):  0.0]
         [Termination Attempts:  1]
      [GC Worker Other (ms):  0.0]
      [GC Worker Total (ms):  28.5]
      [GC Worker End (ms):  16059989.2]
   [Code Root Fixup: 0.1 ms]
   [Code Root Purge: 0.0 ms]
   [Clear CT: 0.1 ms]
   [Other: 1.4 ms]
      [Choose CSet: 0.0 ms]
      [Ref Proc: 0.1 ms]
      [Ref Enq: 0.0 ms]
      [Redirty Cards: 0.0 ms]
      [Humongous Register: 0.1 ms]
      [Humongous Reclaim: 0.1 ms]
      [Free CSet: 0.2 ms]
   [Eden: 47.0M(47.0M)->0.0B(45.0M) Survivors: 4096.0K->6144.0K Heap: 381.4M(1024.0M)->335.9M(1024.0M)]
 [Times: user=0.03 sys=0.00, real=0.04 secs] 
2016-12-19T22:16:58.180+0100: 16083.440: [GC pause (G1 Evacuation Pause) (young), 0.0240998 secs]
   [Parallel Time: 23.5 ms, GC Workers: 1]
      [GC Worker Start (ms):  16083440.2]
      [Ext Root Scanning (ms):  1.6]
      [Update RS (ms):  3.0]
         [Processed Buffers:  39]
      [Scan RS (ms):  4.3]
      [Code Root Scanning (ms):  0.0]
      [Object Copy (ms):  14.6]
      [Termination (ms):  0.0]
         [Termination Attempts:  1]
      [GC Worker Other (ms):  0.0]
      [GC Worker Total (ms):  23.5]
      [GC Worker End (ms):  16083463.6]
   [Code Root Fixup: 0.0 ms]
   [Code Root Purge: 0.0 ms]
   [Clear CT: 0.1 ms]
   [Other: 0.5 ms]
      [Choose CSet: 0.0 ms]
      [Ref Proc: 0.0 ms]
      [Ref Enq: 0.0 ms]
      [Redirty Cards: 0.0 ms]
      [Humongous Register: 0.1 ms]
      [Humongous Reclaim: 0.0 ms]
      [Free CSet: 0.1 ms]
   [Eden: 45.0M(45.0M)->0.0B(47.0M) Survivors: 6144.0K->4096.0K Heap: 380.9M(1024.0M)->335.7M(1024.0M)]
 [Times: user=0.02 sys=0.00, real=0.03 secs] 
2016-12-19T22:17:22.295+0100: 16107.555: [GC pause (G1 Evacuation Pause) (young), 0.0472943 secs]
   [Parallel Time: 46.3 ms, GC Workers: 1]
      [GC Worker Start (ms):  16107555.0]
      [Ext Root Scanning (ms):  1.5]
      [Update RS (ms):  10.0]
         [Processed Buffers:  39]
      [Scan RS (ms):  7.5]
      [Code Root Scanning (ms):  0.0]
      [Object Copy (ms):  27.1]
      [Termination (ms):  0.0]
         [Termination Attempts:  1]
      [GC Worker Other (ms):  0.0]
      [GC Worker Total (ms):  46.2]
      [GC Worker End (ms):  16107601.2]
   [Code Root Fixup: 0.1 ms]
   [Code Root Purge: 0.0 ms]
   [Clear CT: 0.1 ms]
   [Other: 0.9 ms]
      [Choose CSet: 0.0 ms]
      [Ref Proc: 0.1 ms]
      [Ref Enq: 0.0 ms]
      [Redirty Cards: 0.1 ms]
      [Humongous Register: 0.1 ms]
      [Humongous Reclaim: 0.0 ms]
      [Free CSet: 0.3 ms]
   [Eden: 47.0M(47.0M)->0.0B(45.0M) Survivors: 4096.0K->6144.0K Heap: 382.7M(1024.0M)->337.2M(1024.0M)]
 [Times: user=0.04 sys=0.00, real=0.05 secs] 
2016-12-19T22:17:47.569+0100: 16132.829: [GC pause (G1 Evacuation Pause) (young), 0.0246099 secs]
   [Parallel Time: 24.1 ms, GC Workers: 1]
      [GC Worker Start (ms):  16132829.0]
      [Ext Root Scanning (ms):  1.1]
      [Update RS (ms):  2.9]
         [Processed Buffers:  38]
      [Scan RS (ms):  4.8]
      [Code Root Scanning (ms):  0.0]
      [Object Copy (ms):  15.2]
      [Termination (ms):  0.0]
         [Termination Attempts:  1]
      [GC Worker Other (ms):  0.0]
      [GC Worker Total (ms):  24.1]
      [GC Worker End (ms):  16132853.0]
   [Code Root Fixup: 0.1 ms]
   [Code Root Purge: 0.0 ms]
   [Clear CT: 0.0 ms]
   [Other: 0.4 ms]
      [Choose CSet: 0.0 ms]
      [Ref Proc: 0.0 ms]
      [Ref Enq: 0.0 ms]
      [Redirty Cards: 0.0 ms]
      [Humongous Register: 0.0 ms]
      [Humongous Reclaim: 0.0 ms]
      [Free CSet: 0.1 ms]
   [Eden: 45.0M(45.0M)->0.0B(47.0M) Survivors: 6144.0K->4096.0K Heap: 382.2M(1024.0M)->337.2M(1024.0M)]
 [Times: user=0.03 sys=0.00, real=0.03 secs] 
2016-12-19T22:18:12.106+0100: 16157.366: [GC pause (G1 Evacuation Pause) (young), 0.0219547 secs]
   [Parallel Time: 21.4 ms, GC Workers: 1]
      [GC Worker Start (ms):  16157366.3]
      [Ext Root Scanning (ms):  1.3]
      [Update RS (ms):  3.0]
         [Processed Buffers:  40]
      [Scan RS (ms):  5.4]
      [Code Root Scanning (ms):  0.0]
      [Object Copy (ms):  11.6]
      [Termination (ms):  0.0]
         [Termination Attempts:  1]
      [GC Worker Other (ms):  0.0]
      [GC Worker Total (ms):  21.3]
      [GC Worker End (ms):  16157387.6]
   [Code Root Fixup: 0.1 ms]
   [Code Root Purge: 0.0 ms]
   [Clear CT: 0.0 ms]
   [Other: 0.5 ms]
      [Choose CSet: 0.0 ms]
      [Ref Proc: 0.0 ms]
      [Ref Enq: 0.0 ms]
      [Redirty Cards: 0.0 ms]
      [Humongous Register: 0.1 ms]
      [Humongous Reclaim: 0.0 ms]
      [Free CSet: 0.1 ms]
   [Eden: 47.0M(47.0M)->0.0B(46.0M) Survivors: 4096.0K->5120.0K Heap: 384.2M(1024.0M)->338.7M(1024.0M)]
 [Times: user=0.02 sys=0.00, real=0.02 secs] 
2016-12-19T22:18:35.692+0100: 16180.951: [GC pause (G1 Evacuation Pause) (young), 0.0258908 secs]
   [Parallel Time: 25.1 ms, GC Workers: 1]
      [GC Worker Start (ms):  16180951.5]
      [Ext Root Scanning (ms):  1.2]
      [Update RS (ms):  3.5]
         [Processed Buffers:  38]
      [Scan RS (ms):  5.2]
      [Code Root Scanning (ms):  0.0]
      [Object Copy (ms):  15.2]
      [Termination (ms):  0.0]
         [Termination Attempts:  1]
      [GC Worker Other (ms):  0.0]
      [GC Worker Total (ms):  25.1]
      [GC Worker End (ms):  16180976.6]
   [Code Root Fixup: 0.1 ms]
   [Code Root Purge: 0.0 ms]
   [Clear CT: 0.1 ms]
   [Other: 0.5 ms]
      [Choose CSet: 0.0 ms]
      [Ref Proc: 0.0 ms]
      [Ref Enq: 0.0 ms]
      [Redirty Cards: 0.1 ms]
      [Humongous Register: 0.0 ms]
      [Humongous Reclaim: 0.0 ms]
      [Free CSet: 0.1 ms]
   [Eden: 46.0M(46.0M)->0.0B(47.0M) Survivors: 5120.0K->4096.0K Heap: 384.7M(1024.0M)->339.7M(1024.0M)]
 [Times: user=0.03 sys=0.00, real=0.02 secs] 
2016-12-19T22:19:01.190+0100: 16206.450: [GC pause (G1 Evacuation Pause) (young), 0.0234634 secs]
   [Parallel Time: 23.0 ms, GC Workers: 1]
      [GC Worker Start (ms):  16206450.2]
      [Ext Root Scanning (ms):  2.3]
      [Update RS (ms):  3.4]
         [Processed Buffers:  40]
      [Scan RS (ms):  5.9]
      [Code Root Scanning (ms):  0.0]
      [Object Copy (ms):  11.4]
      [Termination (ms):  0.0]
         [Termination Attempts:  1]
      [GC Worker Other (ms):  0.0]
      [GC Worker Total (ms):  23.0]
      [GC Worker End (ms):  16206473.2]
   [Code Root Fixup: 0.1 ms]
   [Code Root Purge: 0.0 ms]
   [Clear CT: 0.0 ms]
   [Other: 0.4 ms]
      [Choose CSet: 0.0 ms]
      [Ref Proc: 0.0 ms]
      [Ref Enq: 0.0 ms]
      [Redirty Cards: 0.0 ms]
      [Humongous Register: 0.0 ms]
      [Humongous Reclaim: 0.0 ms]
      [Free CSet: 0.1 ms]
   [Eden: 47.0M(47.0M)->0.0B(47.0M) Survivors: 4096.0K->4096.0K Heap: 386.7M(1024.0M)->339.7M(1024.0M)]
 [Times: user=0.02 sys=0.00, real=0.02 secs] 
2016-12-19T22:19:27.327+0100: 16232.587: [GC pause (G1 Evacuation Pause) (young), 0.0195379 secs]
   [Parallel Time: 19.1 ms, GC Workers: 1]
      [GC Worker Start (ms):  16232587.0]
      [Ext Root Scanning (ms):  1.0]
      [Update RS (ms):  2.9]
         [Processed Buffers:  41]
      [Scan RS (ms):  4.4]
      [Code Root Scanning (ms):  0.0]
      [Object Copy (ms):  10.7]
      [Termination (ms):  0.0]
         [Termination Attempts:  1]
      [GC Worker Other (ms):  0.0]
      [GC Worker Total (ms):  19.0]
      [GC Worker End (ms):  16232606.0]
   [Code Root Fixup: 0.0 ms]
   [Code Root Purge: 0.0 ms]
   [Clear CT: 0.1 ms]
   [Other: 0.4 ms]
      [Choose CSet: 0.0 ms]
      [Ref Proc: 0.0 ms]
      [Ref Enq: 0.0 ms]
      [Redirty Cards: 0.0 ms]
      [Humongous Register: 0.0 ms]
      [Humongous Reclaim: 0.0 ms]
      [Free CSet: 0.1 ms]
   [Eden: 47.0M(47.0M)->0.0B(46.0M) Survivors: 4096.0K->5120.0K Heap: 386.7M(1024.0M)->340.7M(1024.0M)]
 [Times: user=0.02 sys=0.00, real=0.02 secs] 
2016-12-19T22:19:54.568+0100: 16259.827: [GC pause (G1 Evacuation Pause) (young), 0.0427030 secs]
   [Parallel Time: 41.9 ms, GC Workers: 1]
      [GC Worker Start (ms):  16259827.5]
      [Ext Root Scanning (ms):  1.7]
      [Update RS (ms):  11.8]
         [Processed Buffers:  38]
      [Scan RS (ms):  10.6]
      [Code Root Scanning (ms):  0.0]
      [Object Copy (ms):  17.7]
      [Termination (ms):  0.0]
         [Termination Attempts:  1]
      [GC Worker Other (ms):  0.0]
      [GC Worker Total (ms):  41.8]
      [GC Worker End (ms):  16259869.3]
   [Code Root Fixup: 0.1 ms]
   [Code Root Purge: 0.0 ms]
   [Clear CT: 0.1 ms]
   [Other: 0.7 ms]
      [Choose CSet: 0.0 ms]
      [Ref Proc: 0.0 ms]
      [Ref Enq: 0.0 ms]
      [Redirty Cards: 0.1 ms]
      [Humongous Register: 0.1 ms]
      [Humongous Reclaim: 0.0 ms]
      [Free CSet: 0.1 ms]
   [Eden: 46.0M(46.0M)->0.0B(47.0M) Survivors: 5120.0K->4096.0K Heap: 386.7M(1024.0M)->340.9M(1024.0M)]
 [Times: user=0.04 sys=0.00, real=0.05 secs] 
2016-12-19T22:20:19.407+0100: 16284.666: [GC pause (G1 Evacuation Pause) (young), 0.0515276 secs]
   [Parallel Time: 50.6 ms, GC Workers: 1]
      [GC Worker Start (ms):  16284666.5]
      [Ext Root Scanning (ms):  1.8]
      [Update RS (ms):  3.7]
         [Processed Buffers:  37]
      [Scan RS (ms):  7.8]
      [Code Root Scanning (ms):  0.0]
      [Object Copy (ms):  37.2]
      [Termination (ms):  0.0]
         [Termination Attempts:  1]
      [GC Worker Other (ms):  0.0]
      [GC Worker Total (ms):  50.6]
      [GC Worker End (ms):  16284717.1]
   [Code Root Fixup: 0.1 ms]
   [Code Root Purge: 0.0 ms]
   [Clear CT: 0.1 ms]
   [Other: 0.8 ms]
      [Choose CSet: 0.0 ms]
      [Ref Proc: 0.0 ms]
      [Ref Enq: 0.0 ms]
      [Redirty Cards: 0.1 ms]
      [Humongous Register: 0.1 ms]
      [Humongous Reclaim: 0.1 ms]
      [Free CSet: 0.2 ms]
   [Eden: 47.0M(47.0M)->0.0B(46.0M) Survivors: 4096.0K->5120.0K Heap: 387.9M(1024.0M)->341.9M(1024.0M)]
 [Times: user=0.04 sys=0.01, real=0.05 secs] 
2016-12-19T22:20:44.876+0100: 16310.135: [GC pause (G1 Evacuation Pause) (young), 0.0249646 secs]
   [Parallel Time: 24.3 ms, GC Workers: 1]
      [GC Worker Start (ms):  16310135.5]
      [Ext Root Scanning (ms):  1.2]
      [Update RS (ms):  3.6]
         [Processed Buffers:  40]
      [Scan RS (ms):  5.2]
      [Code Root Scanning (ms):  0.0]
      [Object Copy (ms):  14.2]
      [Termination (ms):  0.0]
         [Termination Attempts:  1]
      [GC Worker Other (ms):  0.0]
      [GC Worker Total (ms):  24.3]
      [GC Worker End (ms):  16310159.8]
   [Code Root Fixup: 0.1 ms]
   [Code Root Purge: 0.0 ms]
   [Clear CT: 0.1 ms]
   [Other: 0.5 ms]
      [Choose CSet: 0.0 ms]
      [Ref Proc: 0.0 ms]
      [Ref Enq: 0.0 ms]
      [Redirty Cards: 0.1 ms]
      [Humongous Register: 0.0 ms]
      [Humongous Reclaim: 0.1 ms]
      [Free CSet: 0.1 ms]
   [Eden: 46.0M(46.0M)->0.0B(47.0M) Survivors: 5120.0K->4096.0K Heap: 387.9M(1024.0M)->342.4M(1024.0M)]
 [Times: user=0.02 sys=0.00, real=0.02 secs] 
2016-12-19T22:21:09.013+0100: 16334.272: [GC pause (G1 Evacuation Pause) (young), 0.0250453 secs]
   [Parallel Time: 24.5 ms, GC Workers: 1]
      [GC Worker Start (ms):  16334272.3]
      [Ext Root Scanning (ms):  1.2]
      [Update RS (ms):  3.5]
         [Processed Buffers:  40]
      [Scan RS (ms):  5.3]
      [Code Root Scanning (ms):  0.0]
      [Object Copy (ms):  14.4]
      [Termination (ms):  0.0]
         [Termination Attempts:  1]
      [GC Worker Other (ms):  0.0]
      [GC Worker Total (ms):  24.5]
      [GC Worker End (ms):  16334296.8]
   [Code Root Fixup: 0.1 ms]
   [Code Root Purge: 0.0 ms]
   [Clear CT: 0.1 ms]
   [Other: 0.4 ms]
      [Choose CSet: 0.0 ms]
      [Ref Proc: 0.0 ms]
      [Ref Enq: 0.0 ms]
      [Redirty Cards: 0.0 ms]
      [Humongous Register: 0.0 ms]
      [Humongous Reclaim: 0.0 ms]
      [Free CSet: 0.1 ms]
   [Eden: 47.0M(47.0M)->0.0B(45.0M) Survivors: 4096.0K->6144.0K Heap: 389.4M(1024.0M)->343.9M(1024.0M)]
 [Times: user=0.02 sys=0.00, real=0.02 secs] 
2016-12-19T22:21:31.534+0100: 16356.793: [GC pause (G1 Evacuation Pause) (young), 0.0240867 secs]
   [Parallel Time: 23.6 ms, GC Workers: 1]
      [GC Worker Start (ms):  16356793.5]
      [Ext Root Scanning (ms):  1.1]
      [Update RS (ms):  2.5]
         [Processed Buffers:  40]
      [Scan RS (ms):  5.3]
      [Code Root Scanning (ms):  0.0]
      [Object Copy (ms):  14.7]
      [Termination (ms):  0.0]
         [Termination Attempts:  1]
      [GC Worker Other (ms):  0.0]
      [GC Worker Total (ms):  23.6]
      [GC Worker End (ms):  16356817.1]
   [Code Root Fixup: 0.0 ms]
   [Code Root Purge: 0.0 ms]
   [Clear CT: 0.0 ms]
   [Other: 0.4 ms]
      [Choose CSet: 0.0 ms]
      [Ref Proc: 0.0 ms]
      [Ref Enq: 0.0 ms]
      [Redirty Cards: 0.0 ms]
      [Humongous Register: 0.1 ms]
      [Humongous Reclaim: 0.0 ms]
      [Free CSet: 0.1 ms]
   [Eden: 45.0M(45.0M)->0.0B(47.0M) Survivors: 6144.0K->4096.0K Heap: 388.9M(1024.0M)->343.9M(1024.0M)]
 [Times: user=0.03 sys=0.00, real=0.02 secs] 
2016-12-19T22:21:57.046+0100: 16382.306: [GC pause (G1 Evacuation Pause) (young), 0.0358167 secs]
   [Parallel Time: 34.1 ms, GC Workers: 1]
      [GC Worker Start (ms):  16382306.7]
      [Ext Root Scanning (ms):  2.4]
      [Update RS (ms):  4.5]
         [Processed Buffers:  40]
      [Scan RS (ms):  6.7]
      [Code Root Scanning (ms):  0.0]
      [Object Copy (ms):  20.2]
      [Termination (ms):  0.0]
         [Termination Attempts:  1]
      [GC Worker Other (ms):  0.0]
      [GC Worker Total (ms):  34.0]
      [GC Worker End (ms):  16382340.7]
   [Code Root Fixup: 0.1 ms]
   [Code Root Purge: 0.0 ms]
   [Clear CT: 0.3 ms]
   [Other: 1.4 ms]
      [Choose CSet: 0.0 ms]
      [Ref Proc: 0.1 ms]
      [Ref Enq: 0.0 ms]
      [Redirty Cards: 0.1 ms]
      [Humongous Register: 0.1 ms]
      [Humongous Reclaim: 0.0 ms]
      [Free CSet: 0.2 ms]
   [Eden: 47.0M(47.0M)->0.0B(45.0M) Survivors: 4096.0K->6144.0K Heap: 390.9M(1024.0M)->345.4M(1024.0M)]
 [Times: user=0.04 sys=0.00, real=0.03 secs] 
2016-12-19T22:22:18.803+0100: 16404.063: [GC pause (G1 Evacuation Pause) (young), 0.0375114 secs]
   [Parallel Time: 36.3 ms, GC Workers: 1]
      [GC Worker Start (ms):  16404063.6]
      [Ext Root Scanning (ms):  1.4]
      [Update RS (ms):  4.7]
         [Processed Buffers:  37]
      [Scan RS (ms):  7.5]
      [Code Root Scanning (ms):  0.0]
      [Object Copy (ms):  22.5]
      [Termination (ms):  0.0]
         [Termination Attempts:  1]
      [GC Worker Other (ms):  0.0]
      [GC Worker Total (ms):  36.2]
      [GC Worker End (ms):  16404099.8]
   [Code Root Fixup: 0.1 ms]
   [Code Root Purge: 0.0 ms]
   [Clear CT: 0.1 ms]
   [Other: 1.1 ms]
      [Choose CSet: 0.0 ms]
      [Ref Proc: 0.0 ms]
      [Ref Enq: 0.0 ms]
      [Redirty Cards: 0.1 ms]
      [Humongous Register: 0.2 ms]
      [Humongous Reclaim: 0.0 ms]
      [Free CSet: 0.1 ms]
   [Eden: 45.0M(45.0M)->0.0B(45.0M) Survivors: 6144.0K->6144.0K Heap: 390.4M(1024.0M)->347.2M(1024.0M)]
 [Times: user=0.04 sys=0.00, real=0.03 secs] 
2016-12-19T22:22:43.104+0100: 16428.363: [GC pause (G1 Evacuation Pause) (young), 0.0406448 secs]
   [Parallel Time: 40.0 ms, GC Workers: 1]
      [GC Worker Start (ms):  16428363.6]
      [Ext Root Scanning (ms):  1.8]
      [Update RS (ms):  4.5]
         [Processed Buffers:  40]
      [Scan RS (ms):  8.4]
      [Code Root Scanning (ms):  0.0]
      [Object Copy (ms):  25.1]
      [Termination (ms):  0.0]
         [Termination Attempts:  1]
      [GC Worker Other (ms):  0.0]
      [GC Worker Total (ms):  39.9]
      [GC Worker End (ms):  16428403.5]
   [Code Root Fixup: 0.1 ms]
   [Code Root Purge: 0.0 ms]
   [Clear CT: 0.1 ms]
   [Other: 0.6 ms]
      [Choose CSet: 0.0 ms]
      [Ref Proc: 0.0 ms]
      [Ref Enq: 0.0 ms]
      [Redirty Cards: 0.1 ms]
      [Humongous Register: 0.1 ms]
      [Humongous Reclaim: 0.0 ms]
      [Free CSet: 0.1 ms]
   [Eden: 45.0M(45.0M)->0.0B(46.0M) Survivors: 6144.0K->5120.0K Heap: 392.2M(1024.0M)->348.5M(1024.0M)]
 [Times: user=0.04 sys=0.00, real=0.04 secs] 
2016-12-19T22:23:07.493+0100: 16452.753: [GC pause (G1 Evacuation Pause) (young), 0.1717951 secs]
   [Parallel Time: 170.2 ms, GC Workers: 1]
      [GC Worker Start (ms):  16452753.3]
      [Ext Root Scanning (ms):  1.8]
      [Update RS (ms):  77.9]
         [Processed Buffers:  40]
      [Scan RS (ms):  29.6]
      [Code Root Scanning (ms):  0.0]
      [Object Copy (ms):  60.8]
      [Termination (ms):  0.0]
         [Termination Attempts:  1]
      [GC Worker Other (ms):  0.0]
      [GC Worker Total (ms):  170.2]
      [GC Worker End (ms):  16452923.5]
   [Code Root Fixup: 0.1 ms]
   [Code Root Purge: 0.0 ms]
   [Clear CT: 0.3 ms]
   [Other: 1.2 ms]
      [Choose CSet: 0.0 ms]
      [Ref Proc: 0.1 ms]
      [Ref Enq: 0.0 ms]
      [Redirty Cards: 0.6 ms]
      [Humongous Register: 0.1 ms]
      [Humongous Reclaim: 0.0 ms]
      [Free CSet: 0.1 ms]
   [Eden: 46.0M(46.0M)->0.0B(48.0M) Survivors: 5120.0K->3072.0K Heap: 394.5M(1024.0M)->349.0M(1024.0M)]
 [Times: user=0.09 sys=0.01, real=0.17 secs] 
2016-12-19T22:23:32.493+0100: 16477.753: [GC pause (G1 Evacuation Pause) (young), 0.0220803 secs]
   [Parallel Time: 21.4 ms, GC Workers: 1]
      [GC Worker Start (ms):  16477753.1]
      [Ext Root Scanning (ms):  1.3]
      [Update RS (ms):  2.9]
         [Processed Buffers:  40]
      [Scan RS (ms):  6.8]
      [Code Root Scanning (ms):  0.0]
      [Object Copy (ms):  10.1]
      [Termination (ms):  0.0]
         [Termination Attempts:  1]
      [GC Worker Other (ms):  0.0]
      [GC Worker Total (ms):  21.2]
      [GC Worker End (ms):  16477774.3]
   [Code Root Fixup: 0.1 ms]
   [Code Root Purge: 0.0 ms]
   [Clear CT: 0.1 ms]
   [Other: 0.5 ms]
      [Choose CSet: 0.0 ms]
      [Ref Proc: 0.1 ms]
      [Ref Enq: 0.0 ms]
      [Redirty Cards: 0.0 ms]
      [Humongous Register: 0.0 ms]
      [Humongous Reclaim: 0.0 ms]
      [Free CSet: 0.1 ms]
   [Eden: 48.0M(48.0M)->0.0B(47.0M) Survivors: 3072.0K->4096.0K Heap: 397.0M(1024.0M)->350.0M(1024.0M)]
 [Times: user=0.02 sys=0.00, real=0.02 secs] 
2016-12-19T22:23:57.938+0100: 16503.198: [GC pause (G1 Evacuation Pause) (young), 0.0501112 secs]
   [Parallel Time: 49.0 ms, GC Workers: 1]
      [GC Worker Start (ms):  16503198.2]
      [Ext Root Scanning (ms):  2.1]
      [Update RS (ms):  23.6]
         [Processed Buffers:  40]
      [Scan RS (ms):  9.6]
      [Code Root Scanning (ms):  0.0]
      [Object Copy (ms):  13.7]
      [Termination (ms):  0.0]
         [Termination Attempts:  1]
      [GC Worker Other (ms):  0.0]
      [GC Worker Total (ms):  49.0]
      [GC Worker End (ms):  16503247.1]
   [Code Root Fixup: 0.1 ms]
   [Code Root Purge: 0.0 ms]
   [Clear CT: 0.1 ms]
   [Other: 1.0 ms]
      [Choose CSet: 0.0 ms]
      [Ref Proc: 0.1 ms]
      [Ref Enq: 0.0 ms]
      [Redirty Cards: 0.0 ms]
      [Humongous Register: 0.1 ms]
      [Humongous Reclaim: 0.0 ms]
      [Free CSet: 0.1 ms]
   [Eden: 47.0M(47.0M)->0.0B(47.0M) Survivors: 4096.0K->4096.0K Heap: 397.0M(1024.0M)->350.0M(1024.0M)]
 [Times: user=0.04 sys=0.00, real=0.05 secs] 
2016-12-19T22:24:23.242+0100: 16528.502: [GC pause (G1 Evacuation Pause) (young), 0.0589528 secs]
   [Parallel Time: 58.0 ms, GC Workers: 1]
      [GC Worker Start (ms):  16528501.9]
      [Ext Root Scanning (ms):  2.1]
      [Update RS (ms):  19.5]
         [Processed Buffers:  40]
      [Scan RS (ms):  8.3]
      [Code Root Scanning (ms):  0.0]
      [Object Copy (ms):  28.0]
      [Termination (ms):  0.0]
         [Termination Attempts:  1]
      [GC Worker Other (ms):  0.0]
      [GC Worker Total (ms):  58.0]
      [GC Worker End (ms):  16528559.8]
   [Code Root Fixup: 0.3 ms]
   [Code Root Purge: 0.0 ms]
   [Clear CT: 0.1 ms]
   [Other: 0.6 ms]
      [Choose CSet: 0.0 ms]
      [Ref Proc: 0.1 ms]
      [Ref Enq: 0.0 ms]
      [Redirty Cards: 0.0 ms]
      [Humongous Register: 0.1 ms]
      [Humongous Reclaim: 0.0 ms]
      [Free CSet: 0.1 ms]
   [Eden: 47.0M(47.0M)->0.0B(47.0M) Survivors: 4096.0K->4096.0K Heap: 397.0M(1024.0M)->350.5M(1024.0M)]
 [Times: user=0.06 sys=0.00, real=0.06 secs] 
2016-12-19T22:24:48.788+0100: 16554.048: [GC pause (G1 Evacuation Pause) (young), 0.0560753 secs]
   [Parallel Time: 55.3 ms, GC Workers: 1]
      [GC Worker Start (ms):  16554047.9]
      [Ext Root Scanning (ms):  1.1]
      [Update RS (ms):  28.4]
         [Processed Buffers:  39]
      [Scan RS (ms):  5.9]
      [Code Root Scanning (ms):  0.0]
      [Object Copy (ms):  19.8]
      [Termination (ms):  0.0]
         [Termination Attempts:  1]
      [GC Worker Other (ms):  0.0]
      [GC Worker Total (ms):  55.3]
      [GC Worker End (ms):  16554103.2]
   [Code Root Fixup: 0.1 ms]
   [Code Root Purge: 0.0 ms]
   [Clear CT: 0.1 ms]
   [Other: 0.6 ms]
      [Choose CSet: 0.0 ms]
      [Ref Proc: 0.0 ms]
      [Ref Enq: 0.0 ms]
      [Redirty Cards: 0.0 ms]
      [Humongous Register: 0.1 ms]
      [Humongous Reclaim: 0.1 ms]
      [Free CSet: 0.1 ms]
   [Eden: 47.0M(47.0M)->0.0B(46.0M) Survivors: 4096.0K->5120.0K Heap: 397.5M(1024.0M)->351.5M(1024.0M)]
 [Times: user=0.05 sys=0.00, real=0.06 secs] 
2016-12-19T22:25:12.952+0100: 16578.211: [GC pause (G1 Evacuation Pause) (young), 0.0227628 secs]
   [Parallel Time: 22.3 ms, GC Workers: 1]
      [GC Worker Start (ms):  16578211.3]
      [Ext Root Scanning (ms):  1.4]
      [Update RS (ms):  4.7]
         [Processed Buffers:  40]
      [Scan RS (ms):  3.8]
      [Code Root Scanning (ms):  0.0]
      [Object Copy (ms):  12.4]
      [Termination (ms):  0.0]
         [Termination Attempts:  1]
      [GC Worker Other (ms):  0.0]
      [GC Worker Total (ms):  22.2]
      [GC Worker End (ms):  16578233.6]
   [Code Root Fixup: 0.1 ms]
   [Code Root Purge: 0.0 ms]
   [Clear CT: 0.1 ms]
   [Other: 0.4 ms]
      [Choose CSet: 0.0 ms]
      [Ref Proc: 0.0 ms]
      [Ref Enq: 0.0 ms]
      [Redirty Cards: 0.0 ms]
      [Humongous Register: 0.0 ms]
      [Humongous Reclaim: 0.0 ms]
      [Free CSet: 0.1 ms]
   [Eden: 46.0M(46.0M)->0.0B(47.0M) Survivors: 5120.0K->4096.0K Heap: 397.5M(1024.0M)->351.5M(1024.0M)]
 [Times: user=0.02 sys=0.00, real=0.02 secs] 
2016-12-19T22:25:38.664+0100: 16603.924: [GC pause (G1 Evacuation Pause) (young), 0.0412917 secs]
   [Parallel Time: 40.6 ms, GC Workers: 1]
      [GC Worker Start (ms):  16603924.3]
      [Ext Root Scanning (ms):  3.6]
      [Update RS (ms):  7.0]
         [Processed Buffers:  40]
      [Scan RS (ms):  4.3]
      [Code Root Scanning (ms):  0.0]
      [Object Copy (ms):  25.7]
      [Termination (ms):  0.0]
         [Termination Attempts:  1]
      [GC Worker Other (ms):  0.0]
      [GC Worker Total (ms):  40.5]
      [GC Worker End (ms):  16603964.8]
   [Code Root Fixup: 0.1 ms]
   [Code Root Purge: 0.0 ms]
   [Clear CT: 0.0 ms]
   [Other: 0.6 ms]
      [Choose CSet: 0.0 ms]
      [Ref Proc: 0.0 ms]
      [Ref Enq: 0.0 ms]
      [Redirty Cards: 0.0 ms]
      [Humongous Register: 0.1 ms]
      [Humongous Reclaim: 0.0 ms]
      [Free CSet: 0.1 ms]
   [Eden: 47.0M(47.0M)->0.0B(45.0M) Survivors: 4096.0K->6144.0K Heap: 398.5M(1024.0M)->353.0M(1024.0M)]
 [Times: user=0.04 sys=0.00, real=0.04 secs] 
2016-12-19T22:26:04.937+0100: 16630.197: [GC pause (G1 Evacuation Pause) (young), 0.0244153 secs]
   [Parallel Time: 23.9 ms, GC Workers: 1]
      [GC Worker Start (ms):  16630197.1]
      [Ext Root Scanning (ms):  1.0]
      [Update RS (ms):  3.2]
         [Processed Buffers:  41]
      [Scan RS (ms):  4.6]
      [Code Root Scanning (ms):  0.0]
      [Object Copy (ms):  15.0]
      [Termination (ms):  0.0]
         [Termination Attempts:  1]
      [GC Worker Other (ms):  0.0]
      [GC Worker Total (ms):  23.9]
      [GC Worker End (ms):  16630220.9]
   [Code Root Fixup: 0.0 ms]
   [Code Root Purge: 0.0 ms]
   [Clear CT: 0.1 ms]
   [Other: 0.4 ms]
      [Choose CSet: 0.0 ms]
      [Ref Proc: 0.0 ms]
      [Ref Enq: 0.0 ms]
      [Redirty Cards: 0.0 ms]
      [Humongous Register: 0.0 ms]
      [Humongous Reclaim: 0.0 ms]
      [Free CSet: 0.1 ms]
   [Eden: 45.0M(45.0M)->0.0B(47.0M) Survivors: 6144.0K->4096.0K Heap: 398.0M(1024.0M)->352.9M(1024.0M)]
 [Times: user=0.02 sys=0.00, real=0.02 secs] 
2016-12-19T22:26:30.806+0100: 16656.066: [GC pause (G1 Evacuation Pause) (young), 0.0447880 secs]
   [Parallel Time: 44.2 ms, GC Workers: 1]
      [GC Worker Start (ms):  16656065.7]
      [Ext Root Scanning (ms):  2.7]
      [Update RS (ms):  4.7]
         [Processed Buffers:  40]
      [Scan RS (ms):  8.5]
      [Code Root Scanning (ms):  0.0]
      [Object Copy (ms):  28.0]
      [Termination (ms):  0.0]
         [Termination Attempts:  1]
      [GC Worker Other (ms):  0.2]
      [GC Worker Total (ms):  44.2]
      [GC Worker End (ms):  16656109.9]
   [Code Root Fixup: 0.0 ms]
   [Code Root Purge: 0.0 ms]
   [Clear CT: 0.1 ms]
   [Other: 0.5 ms]
      [Choose CSet: 0.0 ms]
      [Ref Proc: 0.0 ms]
      [Ref Enq: 0.0 ms]
      [Redirty Cards: 0.0 ms]
      [Humongous Register: 0.1 ms]
      [Humongous Reclaim: 0.0 ms]
      [Free CSet: 0.1 ms]
   [Eden: 47.0M(47.0M)->0.0B(45.0M) Survivors: 4096.0K->6144.0K Heap: 399.9M(1024.0M)->354.4M(1024.0M)]
 [Times: user=0.04 sys=0.00, real=0.05 secs] 
2016-12-19T22:26:55.879+0100: 16681.139: [GC pause (G1 Evacuation Pause) (young), 0.1641837 secs]
   [Parallel Time: 161.5 ms, GC Workers: 1]
      [GC Worker Start (ms):  16681141.1]
      [Ext Root Scanning (ms):  7.3]
      [Update RS (ms):  6.7]
         [Processed Buffers:  38]
      [Scan RS (ms):  31.5]
      [Code Root Scanning (ms):  0.0]
      [Object Copy (ms):  115.9]
      [Termination (ms):  0.0]
         [Termination Attempts:  1]
      [GC Worker Other (ms):  0.0]
      [GC Worker Total (ms):  161.4]
      [GC Worker End (ms):  16681302.5]
   [Code Root Fixup: 0.1 ms]
   [Code Root Purge: 0.0 ms]
   [Clear CT: 0.1 ms]
   [Other: 2.5 ms]
      [Choose CSet: 0.0 ms]
      [Ref Proc: 0.0 ms]
      [Ref Enq: 0.0 ms]
      [Redirty Cards: 0.1 ms]
      [Humongous Register: 0.1 ms]
      [Humongous Reclaim: 0.0 ms]
      [Free CSet: 0.1 ms]
   [Eden: 45.0M(45.0M)->0.0B(47.0M) Survivors: 6144.0K->4096.0K Heap: 399.4M(1024.0M)->354.5M(1024.0M)]
 [Times: user=0.13 sys=0.01, real=0.17 secs] 
2016-12-19T22:27:22.555+0100: 16707.814: [GC pause (G1 Evacuation Pause) (young), 0.0480720 secs]
   [Parallel Time: 47.1 ms, GC Workers: 1]
      [GC Worker Start (ms):  16707814.8]
      [Ext Root Scanning (ms):  2.2]
      [Update RS (ms):  6.6]
         [Processed Buffers:  37]
      [Scan RS (ms):  8.6]
      [Code Root Scanning (ms):  0.0]
      [Object Copy (ms):  29.8]
      [Termination (ms):  0.0]
         [Termination Attempts:  1]
      [GC Worker Other (ms):  0.0]
      [GC Worker Total (ms):  47.1]
      [GC Worker End (ms):  16707861.9]
   [Code Root Fixup: 0.1 ms]
   [Code Root Purge: 0.0 ms]
   [Clear CT: 0.1 ms]
   [Other: 0.8 ms]
      [Choose CSet: 0.0 ms]
      [Ref Proc: 0.0 ms]
      [Ref Enq: 0.0 ms]
      [Redirty Cards: 0.0 ms]
      [Humongous Register: 0.2 ms]
      [Humongous Reclaim: 0.0 ms]
      [Free CSet: 0.1 ms]
   [Eden: 47.0M(47.0M)->0.0B(45.0M) Survivors: 4096.0K->6144.0K Heap: 401.5M(1024.0M)->356.0M(1024.0M)]
 [Times: user=0.05 sys=0.00, real=0.05 secs] 
2016-12-19T22:27:44.957+0100: 16730.217: [GC pause (G1 Evacuation Pause) (young), 0.0214688 secs]
   [Parallel Time: 21.1 ms, GC Workers: 1]
      [GC Worker Start (ms):  16730216.9]
      [Ext Root Scanning (ms):  1.6]
      [Update RS (ms):  2.1]
         [Processed Buffers:  38]
      [Scan RS (ms):  3.9]
      [Code Root Scanning (ms):  0.0]
      [Object Copy (ms):  13.4]
      [Termination (ms):  0.0]
         [Termination Attempts:  1]
      [GC Worker Other (ms):  0.0]
      [GC Worker Total (ms):  21.0]
      [GC Worker End (ms):  16730237.9]
   [Code Root Fixup: 0.1 ms]
   [Code Root Purge: 0.0 ms]
   [Clear CT: 0.0 ms]
   [Other: 0.3 ms]
      [Choose CSet: 0.0 ms]
      [Ref Proc: 0.0 ms]
      [Ref Enq: 0.0 ms]
      [Redirty Cards: 0.0 ms]
      [Humongous Register: 0.0 ms]
      [Humongous Reclaim: 0.0 ms]
      [Free CSet: 0.1 ms]
   [Eden: 45.0M(45.0M)->0.0B(47.0M) Survivors: 6144.0K->4096.0K Heap: 401.0M(1024.0M)->355.8M(1024.0M)]
 [Times: user=0.02 sys=0.00, real=0.02 secs] 
2016-12-19T22:28:07.709+0100: 16752.969: [GC pause (G1 Evacuation Pause) (young), 0.0289375 secs]
   [Parallel Time: 28.4 ms, GC Workers: 1]
      [GC Worker Start (ms):  16752968.9]
      [Ext Root Scanning (ms):  1.4]
      [Update RS (ms):  3.6]
         [Processed Buffers:  38]
      [Scan RS (ms):  5.8]
      [Code Root Scanning (ms):  0.0]
      [Object Copy (ms):  17.5]
      [Termination (ms):  0.0]
         [Termination Attempts:  1]
      [GC Worker Other (ms):  0.0]
      [GC Worker Total (ms):  28.3]
      [GC Worker End (ms):  16752997.2]
   [Code Root Fixup: 0.0 ms]
   [Code Root Purge: 0.0 ms]
   [Clear CT: 0.0 ms]
   [Other: 0.5 ms]
      [Choose CSet: 0.0 ms]
      [Ref Proc: 0.0 ms]
      [Ref Enq: 0.0 ms]
      [Redirty Cards: 0.0 ms]
      [Humongous Register: 0.1 ms]
      [Humongous Reclaim: 0.0 ms]
      [Free CSet: 0.1 ms]
   [Eden: 47.0M(47.0M)->0.0B(45.0M) Survivors: 4096.0K->6144.0K Heap: 402.8M(1024.0M)->357.8M(1024.0M)]
 [Times: user=0.04 sys=0.00, real=0.03 secs] 
2016-12-19T22:28:30.381+0100: 16775.641: [GC pause (G1 Evacuation Pause) (young), 0.0270682 secs]
   [Parallel Time: 26.4 ms, GC Workers: 1]
      [GC Worker Start (ms):  16775641.4]
      [Ext Root Scanning (ms):  2.1]
      [Update RS (ms):  3.3]
         [Processed Buffers:  36]
      [Scan RS (ms):  4.7]
      [Code Root Scanning (ms):  0.0]
      [Object Copy (ms):  16.2]
      [Termination (ms):  0.0]
         [Termination Attempts:  1]
      [GC Worker Other (ms):  0.0]
      [GC Worker Total (ms):  26.3]
      [GC Worker End (ms):  16775667.7]
   [Code Root Fixup: 0.0 ms]
   [Code Root Purge: 0.0 ms]
   [Clear CT: 0.1 ms]
   [Other: 0.6 ms]
      [Choose CSet: 0.0 ms]
      [Ref Proc: 0.0 ms]
      [Ref Enq: 0.0 ms]
      [Redirty Cards: 0.0 ms]
      [Humongous Register: 0.1 ms]
      [Humongous Reclaim: 0.0 ms]
      [Free CSet: 0.1 ms]
   [Eden: 45.0M(45.0M)->0.0B(47.0M) Survivors: 6144.0K->4096.0K Heap: 402.8M(1024.0M)->357.9M(1024.0M)]
 [Times: user=0.03 sys=0.00, real=0.03 secs] 
2016-12-19T22:28:53.774+0100: 16799.033: [GC pause (G1 Evacuation Pause) (young), 0.0405116 secs]
   [Parallel Time: 40.0 ms, GC Workers: 1]
      [GC Worker Start (ms):  16799033.5]
      [Ext Root Scanning (ms):  1.3]
      [Update RS (ms):  4.6]
         [Processed Buffers:  37]
      [Scan RS (ms):  7.3]
      [Code Root Scanning (ms):  0.0]
      [Object Copy (ms):  26.7]
      [Termination (ms):  0.0]
         [Termination Attempts:  1]
      [GC Worker Other (ms):  0.0]
      [GC Worker Total (ms):  39.9]
      [GC Worker End (ms):  16799073.5]
   [Code Root Fixup: 0.0 ms]
   [Code Root Purge: 0.0 ms]
   [Clear CT: 0.0 ms]
   [Other: 0.5 ms]
      [Choose CSet: 0.0 ms]
      [Ref Proc: 0.0 ms]
      [Ref Enq: 0.0 ms]
      [Redirty Cards: 0.0 ms]
      [Humongous Register: 0.0 ms]
      [Humongous Reclaim: 0.0 ms]
      [Free CSet: 0.1 ms]
   [Eden: 47.0M(47.0M)->0.0B(45.0M) Survivors: 4096.0K->6144.0K Heap: 404.9M(1024.0M)->359.4M(1024.0M)]
 [Times: user=0.04 sys=0.00, real=0.04 secs] 
2016-12-19T22:29:17.373+0100: 16822.632: [GC pause (G1 Evacuation Pause) (young), 0.0320601 secs]
   [Parallel Time: 31.3 ms, GC Workers: 1]
      [GC Worker Start (ms):  16822632.6]
      [Ext Root Scanning (ms):  1.7]
      [Update RS (ms):  4.0]
         [Processed Buffers:  39]
      [Scan RS (ms):  5.9]
      [Code Root Scanning (ms):  0.0]
      [Object Copy (ms):  19.5]
      [Termination (ms):  0.0]
         [Termination Attempts:  1]
      [GC Worker Other (ms):  0.0]
      [GC Worker Total (ms):  31.2]
      [GC Worker End (ms):  16822663.9]
   [Code Root Fixup: 0.1 ms]
   [Code Root Purge: 0.0 ms]
   [Clear CT: 0.1 ms]
   [Other: 0.5 ms]
      [Choose CSet: 0.0 ms]
      [Ref Proc: 0.1 ms]
      [Ref Enq: 0.0 ms]
      [Redirty Cards: 0.1 ms]
      [Humongous Register: 0.1 ms]
      [Humongous Reclaim: 0.0 ms]
      [Free CSet: 0.1 ms]
   [Eden: 45.0M(45.0M)->0.0B(47.0M) Survivors: 6144.0K->4096.0K Heap: 404.4M(1024.0M)->359.7M(1024.0M)]
 [Times: user=0.03 sys=0.00, real=0.03 secs] 
2016-12-19T22:29:41.584+0100: 16846.843: [GC pause (G1 Evacuation Pause) (young), 0.0197639 secs]
   [Parallel Time: 19.3 ms, GC Workers: 1]
      [GC Worker Start (ms):  16846843.6]
      [Ext Root Scanning (ms):  1.0]
      [Update RS (ms):  3.5]
         [Processed Buffers:  38]
      [Scan RS (ms):  4.5]
      [Code Root Scanning (ms):  0.0]
      [Object Copy (ms):  10.3]
      [Termination (ms):  0.0]
         [Termination Attempts:  1]
      [GC Worker Other (ms):  0.0]
      [GC Worker Total (ms):  19.3]
      [GC Worker End (ms):  16846862.9]
   [Code Root Fixup: 0.0 ms]
   [Code Root Purge: 0.0 ms]
   [Clear CT: 0.0 ms]
   [Other: 0.4 ms]
      [Choose CSet: 0.0 ms]
      [Ref Proc: 0.0 ms]
      [Ref Enq: 0.0 ms]
      [Redirty Cards: 0.0 ms]
      [Humongous Register: 0.0 ms]
      [Humongous Reclaim: 0.0 ms]
      [Free CSet: 0.1 ms]
   [Eden: 47.0M(47.0M)->0.0B(47.0M) Survivors: 4096.0K->4096.0K Heap: 406.7M(1024.0M)->359.7M(1024.0M)]
 [Times: user=0.02 sys=0.00, real=0.01 secs] 
2016-12-19T22:30:05.836+0100: 16871.096: [GC pause (G1 Evacuation Pause) (young), 0.0227994 secs]
   [Parallel Time: 22.1 ms, GC Workers: 1]
      [GC Worker Start (ms):  16871096.0]
      [Ext Root Scanning (ms):  1.0]
      [Update RS (ms):  2.2]
         [Processed Buffers:  35]
      [Scan RS (ms):  4.9]
      [Code Root Scanning (ms):  0.0]
      [Object Copy (ms):  14.0]
      [Termination (ms):  0.0]
         [Termination Attempts:  1]
      [GC Worker Other (ms):  0.0]
      [GC Worker Total (ms):  22.1]
      [GC Worker End (ms):  16871118.1]
   [Code Root Fixup: 0.0 ms]
   [Code Root Purge: 0.0 ms]
   [Clear CT: 0.1 ms]
   [Other: 0.5 ms]
      [Choose CSet: 0.0 ms]
      [Ref Proc: 0.1 ms]
      [Ref Enq: 0.0 ms]
      [Redirty Cards: 0.0 ms]
      [Humongous Register: 0.0 ms]
      [Humongous Reclaim: 0.0 ms]
      [Free CSet: 0.1 ms]
   [Eden: 47.0M(47.0M)->0.0B(45.0M) Survivors: 4096.0K->6144.0K Heap: 406.7M(1024.0M)->361.2M(1024.0M)]
 [Times: user=0.02 sys=0.00, real=0.02 secs] 
2016-12-19T22:30:28.946+0100: 16894.205: [GC pause (G1 Evacuation Pause) (young), 0.0406313 secs]
   [Parallel Time: 40.0 ms, GC Workers: 1]
      [GC Worker Start (ms):  16894205.4]
      [Ext Root Scanning (ms):  4.9]
      [Update RS (ms):  2.9]
         [Processed Buffers:  37]
      [Scan RS (ms):  9.1]
      [Code Root Scanning (ms):  0.0]
      [Object Copy (ms):  23.0]
      [Termination (ms):  0.0]
         [Termination Attempts:  1]
      [GC Worker Other (ms):  0.0]
      [GC Worker Total (ms):  40.0]
      [GC Worker End (ms):  16894245.4]
   [Code Root Fixup: 0.1 ms]
   [Code Root Purge: 0.0 ms]
   [Clear CT: 0.0 ms]
   [Other: 0.5 ms]
      [Choose CSet: 0.0 ms]
      [Ref Proc: 0.0 ms]
      [Ref Enq: 0.0 ms]
      [Redirty Cards: 0.0 ms]
      [Humongous Register: 0.0 ms]
      [Humongous Reclaim: 0.0 ms]
      [Free CSet: 0.1 ms]
   [Eden: 45.0M(45.0M)->0.0B(47.0M) Survivors: 6144.0K->4096.0K Heap: 406.2M(1024.0M)->361.3M(1024.0M)]
 [Times: user=0.03 sys=0.00, real=0.04 secs] 
2016-12-19T22:30:52.805+0100: 16918.065: [GC pause (G1 Evacuation Pause) (young) (initial-mark), 0.0212967 secs]
   [Parallel Time: 20.8 ms, GC Workers: 1]
      [GC Worker Start (ms):  16918064.8]
      [Ext Root Scanning (ms):  1.5]
      [Update RS (ms):  2.6]
         [Processed Buffers:  37]
      [Scan RS (ms):  3.9]
      [Code Root Scanning (ms):  0.0]
      [Object Copy (ms):  12.8]
      [Termination (ms):  0.0]
         [Termination Attempts:  1]
      [GC Worker Other (ms):  0.0]
      [GC Worker Total (ms):  20.8]
      [GC Worker End (ms):  16918085.6]
   [Code Root Fixup: 0.0 ms]
   [Code Root Purge: 0.0 ms]
   [Clear CT: 0.0 ms]
   [Other: 0.4 ms]
      [Choose CSet: 0.0 ms]
      [Ref Proc: 0.0 ms]
      [Ref Enq: 0.0 ms]
      [Redirty Cards: 0.0 ms]
      [Humongous Register: 0.0 ms]
      [Humongous Reclaim: 0.0 ms]
      [Free CSet: 0.1 ms]
   [Eden: 47.0M(47.0M)->0.0B(46.0M) Survivors: 4096.0K->5120.0K Heap: 408.3M(1024.0M)->362.3M(1024.0M)]
 [Times: user=0.01 sys=0.00, real=0.02 secs] 
2016-12-19T22:30:52.828+0100: 16918.087: [GC concurrent-root-region-scan-start]
2016-12-19T22:30:52.841+0100: 16918.101: [GC concurrent-root-region-scan-end, 0.0146841 secs]
2016-12-19T22:30:52.841+0100: 16918.101: [GC concurrent-mark-start]
2016-12-19T22:30:52.861+0100: 16918.121: [GC concurrent-mark-end, 0.0201272 secs]
2016-12-19T22:30:52.861+0100: 16918.121: [GC remark 2016-12-19T22:30:52.861+0100: 16918.121: [Finalize Marking, 0.0008698 secs] 2016-12-19T22:30:52.862+0100: 16918.122: [GC ref-proc, 0.0002191 secs] 2016-12-19T22:30:52.863+0100: 16918.122: [Unloading, 0.0127560 secs], 0.0154347 secs]
 [Times: user=0.01 sys=0.00, real=0.02 secs] 
2016-12-19T22:30:52.878+0100: 16918.137: [GC cleanup 362M->287M(1024M), 0.0041817 secs]
 [Times: user=0.01 sys=0.00, real=0.00 secs] 
2016-12-19T22:30:52.882+0100: 16918.142: [GC concurrent-cleanup-start]
2016-12-19T22:30:52.882+0100: 16918.142: [GC concurrent-cleanup-end, 0.0001303 secs]
2016-12-19T22:31:15.963+0100: 16941.222: [GC pause (G1 Evacuation Pause) (young), 0.0195466 secs]
   [Parallel Time: 18.9 ms, GC Workers: 1]
      [GC Worker Start (ms):  16941222.5]
      [Ext Root Scanning (ms):  1.2]
      [Update RS (ms):  2.5]
         [Processed Buffers:  37]
      [Scan RS (ms):  2.8]
      [Code Root Scanning (ms):  0.0]
      [Object Copy (ms):  12.4]
      [Termination (ms):  0.0]
         [Termination Attempts:  1]
      [GC Worker Other (ms):  0.0]
      [GC Worker Total (ms):  18.9]
      [GC Worker End (ms):  16941241.4]
   [Code Root Fixup: 0.0 ms]
   [Code Root Purge: 0.0 ms]
   [Clear CT: 0.0 ms]
   [Other: 0.5 ms]
      [Choose CSet: 0.0 ms]
      [Ref Proc: 0.0 ms]
      [Ref Enq: 0.0 ms]
      [Redirty Cards: 0.0 ms]
      [Humongous Register: 0.1 ms]
      [Humongous Reclaim: 0.0 ms]
      [Free CSet: 0.1 ms]
   [Eden: 46.0M(46.0M)->0.0B(47.0M) Survivors: 5120.0K->4096.0K Heap: 333.3M(1024.0M)->287.6M(1024.0M)]
 [Times: user=0.02 sys=0.00, real=0.02 secs] 
2016-12-19T22:31:41.829+0100: 16967.089: [GC pause (G1 Evacuation Pause) (mixed), 0.0224848 secs]
   [Parallel Time: 21.9 ms, GC Workers: 1]
      [GC Worker Start (ms):  16967089.1]
      [Ext Root Scanning (ms):  1.3]
      [Update RS (ms):  2.3]
         [Processed Buffers:  37]
      [Scan RS (ms):  5.1]
      [Code Root Scanning (ms):  0.0]
      [Object Copy (ms):  13.2]
      [Termination (ms):  0.0]
         [Termination Attempts:  1]
      [GC Worker Other (ms):  0.0]
      [GC Worker Total (ms):  21.8]
      [GC Worker End (ms):  16967110.9]
   [Code Root Fixup: 0.0 ms]
   [Code Root Purge: 0.0 ms]
   [Clear CT: 0.1 ms]
   [Other: 0.5 ms]
      [Choose CSet: 0.0 ms]
      [Ref Proc: 0.0 ms]
      [Ref Enq: 0.0 ms]
      [Redirty Cards: 0.0 ms]
      [Humongous Register: 0.0 ms]
      [Humongous Reclaim: 0.0 ms]
      [Free CSet: 0.1 ms]
   [Eden: 47.0M(47.0M)->0.0B(46.0M) Survivors: 4096.0K->5120.0K Heap: 334.6M(1024.0M)->269.5M(1024.0M)]
 [Times: user=0.02 sys=0.00, real=0.03 secs] 
2016-12-19T22:32:06.058+0100: 16991.317: [GC pause (G1 Evacuation Pause) (mixed), 0.0208130 secs]
   [Parallel Time: 19.8 ms, GC Workers: 1]
      [GC Worker Start (ms):  16991317.5]
      [Ext Root Scanning (ms):  1.0]
      [Update RS (ms):  2.1]
         [Processed Buffers:  37]
      [Scan RS (ms):  4.0]
      [Code Root Scanning (ms):  0.0]
      [Object Copy (ms):  12.8]
      [Termination (ms):  0.0]
         [Termination Attempts:  1]
      [GC Worker Other (ms):  0.0]
      [GC Worker Total (ms):  19.8]
      [GC Worker End (ms):  16991337.3]
   [Code Root Fixup: 0.1 ms]
   [Code Root Purge: 0.0 ms]
   [Clear CT: 0.1 ms]
   [Other: 0.7 ms]
      [Choose CSet: 0.0 ms]
      [Ref Proc: 0.1 ms]
      [Ref Enq: 0.0 ms]
      [Redirty Cards: 0.1 ms]
      [Humongous Register: 0.1 ms]
      [Humongous Reclaim: 0.0 ms]
      [Free CSet: 0.1 ms]
   [Eden: 46.0M(46.0M)->0.0B(47.0M) Survivors: 5120.0K->4096.0K Heap: 315.5M(1024.0M)->249.9M(1024.0M)]
 [Times: user=0.03 sys=0.00, real=0.02 secs] 
2016-12-19T22:32:33.896+0100: 17019.156: [GC pause (G1 Evacuation Pause) (mixed), 0.0207271 secs]
   [Parallel Time: 20.0 ms, GC Workers: 1]
      [GC Worker Start (ms):  17019155.8]
      [Ext Root Scanning (ms):  1.1]
      [Update RS (ms):  2.6]
         [Processed Buffers:  38]
      [Scan RS (ms):  4.5]
      [Code Root Scanning (ms):  0.0]
      [Object Copy (ms):  11.9]
      [Termination (ms):  0.0]
         [Termination Attempts:  1]
      [GC Worker Other (ms):  0.0]
      [GC Worker Total (ms):  20.0]
      [GC Worker End (ms):  17019175.8]
   [Code Root Fixup: 0.0 ms]
   [Code Root Purge: 0.0 ms]
   [Clear CT: 0.1 ms]
   [Other: 0.5 ms]
      [Choose CSet: 0.0 ms]
      [Ref Proc: 0.0 ms]
      [Ref Enq: 0.0 ms]
      [Redirty Cards: 0.0 ms]
      [Humongous Register: 0.0 ms]
      [Humongous Reclaim: 0.0 ms]
      [Free CSet: 0.2 ms]
   [Eden: 47.0M(47.0M)->0.0B(45.0M) Survivors: 4096.0K->6144.0K Heap: 296.9M(1024.0M)->232.0M(1024.0M)]
 [Times: user=0.02 sys=0.00, real=0.02 secs] 
2016-12-19T22:32:58.559+0100: 17043.818: [GC pause (G1 Evacuation Pause) (mixed), 0.0248075 secs]
   [Parallel Time: 24.1 ms, GC Workers: 1]
      [GC Worker Start (ms):  17043818.6]
      [Ext Root Scanning (ms):  1.4]
      [Update RS (ms):  2.8]
         [Processed Buffers:  38]
      [Scan RS (ms):  7.3]
      [Code Root Scanning (ms):  0.0]
      [Object Copy (ms):  12.5]
      [Termination (ms):  0.0]
         [Termination Attempts:  1]
      [GC Worker Other (ms):  0.1]
      [GC Worker Total (ms):  24.0]
      [GC Worker End (ms):  17043842.6]
   [Code Root Fixup: 0.1 ms]
   [Code Root Purge: 0.0 ms]
   [Clear CT: 0.1 ms]
   [Other: 0.6 ms]
      [Choose CSet: 0.1 ms]
      [Ref Proc: 0.0 ms]
      [Ref Enq: 0.0 ms]
      [Redirty Cards: 0.0 ms]
      [Humongous Register: 0.0 ms]
      [Humongous Reclaim: 0.0 ms]
      [Free CSet: 0.1 ms]
   [Eden: 45.0M(45.0M)->0.0B(47.0M) Survivors: 6144.0K->4096.0K Heap: 277.0M(1024.0M)->211.7M(1024.0M)]
 [Times: user=0.03 sys=0.00, real=0.03 secs] 
2016-12-19T22:33:24.078+0100: 17069.337: [GC pause (G1 Evacuation Pause) (mixed), 0.0239797 secs]
   [Parallel Time: 23.3 ms, GC Workers: 1]
      [GC Worker Start (ms):  17069337.5]
      [Ext Root Scanning (ms):  3.8]
      [Update RS (ms):  2.6]
         [Processed Buffers:  37]
      [Scan RS (ms):  4.7]
      [Code Root Scanning (ms):  0.0]
      [Object Copy (ms):  12.1]
      [Termination (ms):  0.0]
         [Termination Attempts:  1]
      [GC Worker Other (ms):  0.0]
      [GC Worker Total (ms):  23.3]
      [GC Worker End (ms):  17069360.8]
   [Code Root Fixup: 0.0 ms]
   [Code Root Purge: 0.0 ms]
   [Clear CT: 0.1 ms]
   [Other: 0.5 ms]
      [Choose CSet: 0.1 ms]
      [Ref Proc: 0.0 ms]
      [Ref Enq: 0.0 ms]
      [Redirty Cards: 0.0 ms]
      [Humongous Register: 0.1 ms]
      [Humongous Reclaim: 0.0 ms]
      [Free CSet: 0.1 ms]
   [Eden: 47.0M(47.0M)->0.0B(45.0M) Survivors: 4096.0K->6144.0K Heap: 258.7M(1024.0M)->198.0M(1024.0M)]
 [Times: user=0.02 sys=0.00, real=0.02 secs] 
2016-12-19T22:33:47.460+0100: 17092.720: [GC pause (G1 Evacuation Pause) (young), 0.0266137 secs]
   [Parallel Time: 25.6 ms, GC Workers: 1]
      [GC Worker Start (ms):  17092720.0]
      [Ext Root Scanning (ms):  3.1]
      [Update RS (ms):  3.3]
         [Processed Buffers:  38]
      [Scan RS (ms):  3.5]
      [Code Root Scanning (ms):  0.0]
      [Object Copy (ms):  15.6]
      [Termination (ms):  0.0]
         [Termination Attempts:  1]
      [GC Worker Other (ms):  0.0]
      [GC Worker Total (ms):  25.5]
      [GC Worker End (ms):  17092745.5]
   [Code Root Fixup: 0.6 ms]
   [Code Root Purge: 0.0 ms]
   [Clear CT: 0.0 ms]
   [Other: 0.4 ms]
      [Choose CSet: 0.0 ms]
      [Ref Proc: 0.0 ms]
      [Ref Enq: 0.0 ms]
      [Redirty Cards: 0.0 ms]
      [Humongous Register: 0.1 ms]
      [Humongous Reclaim: 0.0 ms]
      [Free CSet: 0.0 ms]
   [Eden: 45.0M(45.0M)->0.0B(47.0M) Survivors: 6144.0K->4096.0K Heap: 243.0M(1024.0M)->197.7M(1024.0M)]
 [Times: user=0.02 sys=0.00, real=0.03 secs] 
2016-12-19T22:34:10.399+0100: 17115.659: [GC pause (G1 Evacuation Pause) (young), 0.0401883 secs]
   [Parallel Time: 39.3 ms, GC Workers: 1]
      [GC Worker Start (ms):  17115659.1]
      [Ext Root Scanning (ms):  2.7]
      [Update RS (ms):  4.2]
         [Processed Buffers:  39]
      [Scan RS (ms):  8.4]
      [Code Root Scanning (ms):  0.0]
      [Object Copy (ms):  23.9]
      [Termination (ms):  0.0]
         [Termination Attempts:  1]
      [GC Worker Other (ms):  0.0]
      [GC Worker Total (ms):  39.2]
      [GC Worker End (ms):  17115698.3]
   [Code Root Fixup: 0.1 ms]
   [Code Root Purge: 0.0 ms]
   [Clear CT: 0.0 ms]
   [Other: 0.8 ms]
      [Choose CSet: 0.0 ms]
      [Ref Proc: 0.0 ms]
      [Ref Enq: 0.0 ms]
      [Redirty Cards: 0.0 ms]
      [Humongous Register: 0.3 ms]
      [Humongous Reclaim: 0.0 ms]
      [Free CSet: 0.1 ms]
   [Eden: 47.0M(47.0M)->0.0B(45.0M) Survivors: 4096.0K->6144.0K Heap: 244.7M(1024.0M)->199.2M(1024.0M)]
 [Times: user=0.03 sys=0.00, real=0.04 secs] 
2016-12-19T22:34:33.956+0100: 17139.216: [GC pause (G1 Evacuation Pause) (young), 0.0307871 secs]
   [Parallel Time: 30.2 ms, GC Workers: 1]
      [GC Worker Start (ms):  17139215.8]
      [Ext Root Scanning (ms):  2.6]
      [Update RS (ms):  2.8]
         [Processed Buffers:  38]
      [Scan RS (ms):  3.6]
      [Code Root Scanning (ms):  0.0]
      [Object Copy (ms):  21.2]
      [Termination (ms):  0.0]
         [Termination Attempts:  1]
      [GC Worker Other (ms):  0.0]
      [GC Worker Total (ms):  30.2]
      [GC Worker End (ms):  17139246.0]
   [Code Root Fixup: 0.1 ms]
   [Code Root Purge: 0.0 ms]
   [Clear CT: 0.0 ms]
   [Other: 0.5 ms]
      [Choose CSet: 0.0 ms]
      [Ref Proc: 0.0 ms]
      [Ref Enq: 0.0 ms]
      [Redirty Cards: 0.0 ms]
      [Humongous Register: 0.1 ms]
      [Humongous Reclaim: 0.0 ms]
      [Free CSet: 0.1 ms]
   [Eden: 45.0M(45.0M)->0.0B(47.0M) Survivors: 6144.0K->4096.0K Heap: 244.2M(1024.0M)->199.7M(1024.0M)]
 [Times: user=0.03 sys=0.00, real=0.03 secs] 
2016-12-19T22:35:01.178+0100: 17166.438: [GC pause (G1 Evacuation Pause) (young), 0.0523972 secs]
   [Parallel Time: 51.5 ms, GC Workers: 1]
      [GC Worker Start (ms):  17166438.2]
      [Ext Root Scanning (ms):  2.5]
      [Update RS (ms):  8.6]
         [Processed Buffers:  36]
      [Scan RS (ms):  14.5]
      [Code Root Scanning (ms):  0.0]
      [Object Copy (ms):  25.8]
      [Termination (ms):  0.0]
         [Termination Attempts:  1]
      [GC Worker Other (ms):  0.0]
      [GC Worker Total (ms):  51.4]
      [GC Worker End (ms):  17166489.6]
   [Code Root Fixup: 0.2 ms]
   [Code Root Purge: 0.0 ms]
   [Clear CT: 0.0 ms]
   [Other: 0.8 ms]
      [Choose CSet: 0.0 ms]
      [Ref Proc: 0.0 ms]
      [Ref Enq: 0.0 ms]
      [Redirty Cards: 0.0 ms]
      [Humongous Register: 0.1 ms]
      [Humongous Reclaim: 0.0 ms]
      [Free CSet: 0.1 ms]
   [Eden: 47.0M(47.0M)->0.0B(47.0M) Survivors: 4096.0K->4096.0K Heap: 246.7M(1024.0M)->199.7M(1024.0M)]
 [Times: user=0.05 sys=0.00, real=0.06 secs] 
2016-12-19T22:35:28.089+0100: 17193.348: [GC pause (G1 Evacuation Pause) (young), 0.0229027 secs]
   [Parallel Time: 22.3 ms, GC Workers: 1]
      [GC Worker Start (ms):  17193348.7]
      [Ext Root Scanning (ms):  2.1]
      [Update RS (ms):  3.4]
         [Processed Buffers:  38]
      [Scan RS (ms):  4.0]
      [Code Root Scanning (ms):  0.0]
      [Object Copy (ms):  12.8]
      [Termination (ms):  0.0]
         [Termination Attempts:  1]
      [GC Worker Other (ms):  0.0]
      [GC Worker Total (ms):  22.3]
      [GC Worker End (ms):  17193370.9]
   [Code Root Fixup: 0.0 ms]
   [Code Root Purge: 0.0 ms]
   [Clear CT: 0.0 ms]
   [Other: 0.5 ms]
      [Choose CSet: 0.0 ms]
      [Ref Proc: 0.0 ms]
      [Ref Enq: 0.0 ms]
      [Redirty Cards: 0.0 ms]
      [Humongous Register: 0.1 ms]
      [Humongous Reclaim: 0.0 ms]
      [Free CSet: 0.1 ms]
   [Eden: 47.0M(47.0M)->0.0B(46.0M) Survivors: 4096.0K->5120.0K Heap: 246.7M(1024.0M)->200.7M(1024.0M)]
 [Times: user=0.03 sys=0.00, real=0.03 secs] 
2016-12-19T22:35:52.061+0100: 17217.321: [GC pause (G1 Evacuation Pause) (young), 0.0277572 secs]
   [Parallel Time: 27.0 ms, GC Workers: 1]
      [GC Worker Start (ms):  17217320.9]
      [Ext Root Scanning (ms):  2.2]
      [Update RS (ms):  3.5]
         [Processed Buffers:  37]
      [Scan RS (ms):  3.6]
      [Code Root Scanning (ms):  0.0]
      [Object Copy (ms):  17.6]
      [Termination (ms):  0.0]
         [Termination Attempts:  1]
      [GC Worker Other (ms):  0.0]
      [GC Worker Total (ms):  26.9]
      [GC Worker End (ms):  17217347.9]
   [Code Root Fixup: 0.1 ms]
   [Code Root Purge: 0.0 ms]
   [Clear CT: 0.0 ms]
   [Other: 0.6 ms]
      [Choose CSet: 0.0 ms]
      [Ref Proc: 0.0 ms]
      [Ref Enq: 0.0 ms]
      [Redirty Cards: 0.1 ms]
      [Humongous Register: 0.1 ms]
      [Humongous Reclaim: 0.1 ms]
      [Free CSet: 0.1 ms]
   [Eden: 46.0M(46.0M)->0.0B(47.0M) Survivors: 5120.0K->4096.0K Heap: 246.7M(1024.0M)->200.9M(1024.0M)]
 [Times: user=0.03 sys=0.00, real=0.03 secs] 
2016-12-19T22:36:16.461+0100: 17241.720: [GC pause (G1 Evacuation Pause) (young), 0.0204756 secs]
   [Parallel Time: 20.0 ms, GC Workers: 1]
      [GC Worker Start (ms):  17241720.3]
      [Ext Root Scanning (ms):  0.9]
      [Update RS (ms):  2.2]
         [Processed Buffers:  39]
      [Scan RS (ms):  4.1]
      [Code Root Scanning (ms):  0.0]
      [Object Copy (ms):  12.7]
      [Termination (ms):  0.0]
         [Termination Attempts:  1]
      [GC Worker Other (ms):  0.0]
      [GC Worker Total (ms):  20.0]
      [GC Worker End (ms):  17241740.3]
   [Code Root Fixup: 0.0 ms]
   [Code Root Purge: 0.0 ms]
   [Clear CT: 0.0 ms]
   [Other: 0.4 ms]
      [Choose CSet: 0.0 ms]
      [Ref Proc: 0.0 ms]
      [Ref Enq: 0.0 ms]
      [Redirty Cards: 0.0 ms]
      [Humongous Register: 0.0 ms]
      [Humongous Reclaim: 0.0 ms]
      [Free CSet: 0.1 ms]
   [Eden: 47.0M(47.0M)->0.0B(46.0M) Survivors: 4096.0K->5120.0K Heap: 247.9M(1024.0M)->201.9M(1024.0M)]
 [Times: user=0.03 sys=0.00, real=0.02 secs] 
2016-12-19T22:36:39.328+0100: 17264.588: [GC pause (G1 Evacuation Pause) (young), 0.0270563 secs]
   [Parallel Time: 26.6 ms, GC Workers: 1]
      [GC Worker Start (ms):  17264588.1]
      [Ext Root Scanning (ms):  1.2]
      [Update RS (ms):  4.0]
         [Processed Buffers:  35]
      [Scan RS (ms):  6.1]
      [Code Root Scanning (ms):  0.0]
      [Object Copy (ms):  15.3]
      [Termination (ms):  0.0]
         [Termination Attempts:  1]
      [GC Worker Other (ms):  0.0]
      [GC Worker Total (ms):  26.6]
      [GC Worker End (ms):  17264614.7]
   [Code Root Fixup: 0.0 ms]
   [Code Root Purge: 0.0 ms]
   [Clear CT: 0.0 ms]
   [Other: 0.4 ms]
      [Choose CSet: 0.0 ms]
      [Ref Proc: 0.0 ms]
      [Ref Enq: 0.0 ms]
      [Redirty Cards: 0.0 ms]
      [Humongous Register: 0.0 ms]
      [Humongous Reclaim: 0.0 ms]
      [Free CSet: 0.1 ms]
   [Eden: 46.0M(46.0M)->0.0B(47.0M) Survivors: 5120.0K->4096.0K Heap: 247.9M(1024.0M)->202.4M(1024.0M)]
 [Times: user=0.02 sys=0.00, real=0.03 secs] 
2016-12-19T22:37:05.041+0100: 17290.301: [GC pause (G1 Evacuation Pause) (young), 0.0395613 secs]
   [Parallel Time: 39.0 ms, GC Workers: 1]
      [GC Worker Start (ms):  17290301.0]
      [Ext Root Scanning (ms):  1.5]
      [Update RS (ms):  3.4]
         [Processed Buffers:  38]
      [Scan RS (ms):  7.1]
      [Code Root Scanning (ms):  0.0]
      [Object Copy (ms):  26.6]
      [Termination (ms):  0.0]
         [Termination Attempts:  1]
      [GC Worker Other (ms):  0.1]
      [GC Worker Total (ms):  38.7]
      [GC Worker End (ms):  17290339.6]
   [Code Root Fixup: 0.1 ms]
   [Code Root Purge: 0.0 ms]
   [Clear CT: 0.0 ms]
   [Other: 0.5 ms]
      [Choose CSet: 0.0 ms]
      [Ref Proc: 0.1 ms]
      [Ref Enq: 0.0 ms]
      [Redirty Cards: 0.0 ms]
      [Humongous Register: 0.1 ms]
      [Humongous Reclaim: 0.0 ms]
      [Free CSet: 0.1 ms]
   [Eden: 47.0M(47.0M)->0.0B(45.0M) Survivors: 4096.0K->6144.0K Heap: 249.4M(1024.0M)->203.9M(1024.0M)]
 [Times: user=0.04 sys=0.00, real=0.04 secs] 
2016-12-19T22:37:28.976+0100: 17314.235: [GC pause (G1 Evacuation Pause) (young), 0.0308882 secs]
   [Parallel Time: 30.2 ms, GC Workers: 1]
      [GC Worker Start (ms):  17314235.5]
      [Ext Root Scanning (ms):  3.1]
      [Update RS (ms):  5.2]
         [Processed Buffers:  37]
      [Scan RS (ms):  3.6]
      [Code Root Scanning (ms):  0.0]
      [Object Copy (ms):  18.2]
      [Termination (ms):  0.0]
         [Termination Attempts:  1]
      [GC Worker Other (ms):  0.0]
      [GC Worker Total (ms):  30.2]
      [GC Worker End (ms):  17314265.7]
   [Code Root Fixup: 0.1 ms]
   [Code Root Purge: 0.0 ms]
   [Clear CT: 0.0 ms]
   [Other: 0.5 ms]
      [Choose CSet: 0.0 ms]
      [Ref Proc: 0.0 ms]
      [Ref Enq: 0.0 ms]
      [Redirty Cards: 0.0 ms]
      [Humongous Register: 0.1 ms]
      [Humongous Reclaim: 0.0 ms]
      [Free CSet: 0.1 ms]
   [Eden: 45.0M(45.0M)->0.0B(47.0M) Survivors: 6144.0K->4096.0K Heap: 248.9M(1024.0M)->203.7M(1024.0M)]
 [Times: user=0.03 sys=0.00, real=0.03 secs] 
2016-12-19T22:37:52.190+0100: 17337.449: [GC pause (G1 Evacuation Pause) (young), 0.0265907 secs]
   [Parallel Time: 26.0 ms, GC Workers: 1]
      [GC Worker Start (ms):  17337449.3]
      [Ext Root Scanning (ms):  3.1]
      [Update RS (ms):  4.5]
         [Processed Buffers:  36]
      [Scan RS (ms):  4.4]
      [Code Root Scanning (ms):  0.0]
      [Object Copy (ms):  14.0]
      [Termination (ms):  0.0]
         [Termination Attempts:  1]
      [GC Worker Other (ms):  0.0]
      [GC Worker Total (ms):  26.0]
      [GC Worker End (ms):  17337475.3]
   [Code Root Fixup: 0.1 ms]
   [Code Root Purge: 0.0 ms]
   [Clear CT: 0.0 ms]
   [Other: 0.5 ms]
      [Choose CSet: 0.0 ms]
      [Ref Proc: 0.0 ms]
      [Ref Enq: 0.0 ms]
      [Redirty Cards: 0.0 ms]
      [Humongous Register: 0.1 ms]
      [Humongous Reclaim: 0.0 ms]
      [Free CSet: 0.1 ms]
   [Eden: 47.0M(47.0M)->0.0B(45.0M) Survivors: 4096.0K->6144.0K Heap: 250.7M(1024.0M)->205.2M(1024.0M)]
 [Times: user=0.02 sys=0.00, real=0.03 secs] 
2016-12-19T22:38:15.558+0100: 17360.818: [GC pause (G1 Evacuation Pause) (young), 0.0205076 secs]
   [Parallel Time: 20.1 ms, GC Workers: 1]
      [GC Worker Start (ms):  17360818.1]
      [Ext Root Scanning (ms):  0.9]
      [Update RS (ms):  2.8]
         [Processed Buffers:  37]
      [Scan RS (ms):  3.9]
      [Code Root Scanning (ms):  0.0]
      [Object Copy (ms):  12.5]
      [Termination (ms):  0.0]
         [Termination Attempts:  1]
      [GC Worker Other (ms):  0.0]
      [GC Worker Total (ms):  20.1]
      [GC Worker End (ms):  17360838.2]
   [Code Root Fixup: 0.0 ms]
   [Code Root Purge: 0.0 ms]
   [Clear CT: 0.0 ms]
   [Other: 0.3 ms]
      [Choose CSet: 0.0 ms]
      [Ref Proc: 0.0 ms]
      [Ref Enq: 0.0 ms]
      [Redirty Cards: 0.0 ms]
      [Humongous Register: 0.0 ms]
      [Humongous Reclaim: 0.0 ms]
      [Free CSet: 0.1 ms]
   [Eden: 45.0M(45.0M)->0.0B(47.0M) Survivors: 6144.0K->4096.0K Heap: 250.2M(1024.0M)->205.2M(1024.0M)]
 [Times: user=0.02 sys=0.00, real=0.02 secs] 
2016-12-19T22:38:39.161+0100: 17384.420: [GC pause (G1 Evacuation Pause) (young), 0.0269566 secs]
   [Parallel Time: 26.2 ms, GC Workers: 1]
      [GC Worker Start (ms):  17384420.6]
      [Ext Root Scanning (ms):  2.6]
      [Update RS (ms):  3.2]
         [Processed Buffers:  40]
      [Scan RS (ms):  4.2]
      [Code Root Scanning (ms):  0.0]
      [Object Copy (ms):  16.1]
      [Termination (ms):  0.0]
         [Termination Attempts:  1]
      [GC Worker Other (ms):  0.0]
      [GC Worker Total (ms):  26.1]
      [GC Worker End (ms):  17384446.7]
   [Code Root Fixup: 0.1 ms]
   [Code Root Purge: 0.0 ms]
   [Clear CT: 0.0 ms]
   [Other: 0.6 ms]
      [Choose CSet: 0.0 ms]
      [Ref Proc: 0.0 ms]
      [Ref Enq: 0.0 ms]
      [Redirty Cards: 0.0 ms]
      [Humongous Register: 0.1 ms]
      [Humongous Reclaim: 0.0 ms]
      [Free CSet: 0.1 ms]
   [Eden: 47.0M(47.0M)->0.0B(45.0M) Survivors: 4096.0K->6144.0K Heap: 252.2M(1024.0M)->206.7M(1024.0M)]
 [Times: user=0.03 sys=0.00, real=0.03 secs] 
2016-12-19T22:39:01.277+0100: 17406.537: [GC pause (G1 Evacuation Pause) (young), 0.0226774 secs]
   [Parallel Time: 22.1 ms, GC Workers: 1]
      [GC Worker Start (ms):  17406537.2]
      [Ext Root Scanning (ms):  1.1]
      [Update RS (ms):  2.2]
         [Processed Buffers:  41]
      [Scan RS (ms):  3.8]
      [Code Root Scanning (ms):  0.0]
      [Object Copy (ms):  15.0]
      [Termination (ms):  0.0]
         [Termination Attempts:  1]
      [GC Worker Other (ms):  0.0]
      [GC Worker Total (ms):  22.1]
      [GC Worker End (ms):  17406559.3]
   [Code Root Fixup: 0.1 ms]
   [Code Root Purge: 0.0 ms]
   [Clear CT: 0.0 ms]
   [Other: 0.5 ms]
      [Choose CSet: 0.0 ms]
      [Ref Proc: 0.0 ms]
      [Ref Enq: 0.0 ms]
      [Redirty Cards: 0.0 ms]
      [Humongous Register: 0.1 ms]
      [Humongous Reclaim: 0.0 ms]
      [Free CSet: 0.1 ms]
   [Eden: 45.0M(45.0M)->0.0B(47.0M) Survivors: 6144.0K->4096.0K Heap: 251.7M(1024.0M)->206.7M(1024.0M)]
 [Times: user=0.03 sys=0.00, real=0.02 secs] 
2016-12-19T22:39:24.209+0100: 17429.469: [GC pause (G1 Evacuation Pause) (young), 0.0244225 secs]
   [Parallel Time: 23.9 ms, GC Workers: 1]
      [GC Worker Start (ms):  17429469.1]
      [Ext Root Scanning (ms):  1.5]
      [Update RS (ms):  2.9]
         [Processed Buffers:  39]
      [Scan RS (ms):  4.7]
      [Code Root Scanning (ms):  0.0]
      [Object Copy (ms):  14.8]
      [Termination (ms):  0.0]
         [Termination Attempts:  1]
      [GC Worker Other (ms):  0.0]
      [GC Worker Total (ms):  23.8]
      [GC Worker End (ms):  17429493.0]
   [Code Root Fixup: 0.0 ms]
   [Code Root Purge: 0.0 ms]
   [Clear CT: 0.0 ms]
   [Other: 0.5 ms]
      [Choose CSet: 0.0 ms]
      [Ref Proc: 0.0 ms]
      [Ref Enq: 0.0 ms]
      [Redirty Cards: 0.0 ms]
      [Humongous Register: 0.1 ms]
      [Humongous Reclaim: 0.0 ms]
      [Free CSet: 0.1 ms]
   [Eden: 47.0M(47.0M)->0.0B(46.0M) Survivors: 4096.0K->5120.0K Heap: 253.7M(1024.0M)->208.2M(1024.0M)]
 [Times: user=0.02 sys=0.00, real=0.03 secs] 
2016-12-19T22:39:49.985+0100: 17455.245: [GC pause (G1 Evacuation Pause) (young), 0.0377138 secs]
   [Parallel Time: 37.1 ms, GC Workers: 1]
      [GC Worker Start (ms):  17455244.7]
      [Ext Root Scanning (ms):  1.5]
      [Update RS (ms):  3.2]
         [Processed Buffers:  39]
      [Scan RS (ms):  4.6]
      [Code Root Scanning (ms):  0.0]
      [Object Copy (ms):  27.6]
      [Termination (ms):  0.0]
         [Termination Attempts:  1]
      [GC Worker Other (ms):  0.0]
      [GC Worker Total (ms):  37.0]
      [GC Worker End (ms):  17455281.7]
   [Code Root Fixup: 0.1 ms]
   [Code Root Purge: 0.0 ms]
   [Clear CT: 0.0 ms]
   [Other: 0.6 ms]
      [Choose CSet: 0.0 ms]
      [Ref Proc: 0.0 ms]
      [Ref Enq: 0.0 ms]
      [Redirty Cards: 0.1 ms]
      [Humongous Register: 0.0 ms]
      [Humongous Reclaim: 0.1 ms]
      [Free CSet: 0.1 ms]
   [Eden: 46.0M(46.0M)->0.0B(47.0M) Survivors: 5120.0K->4096.0K Heap: 254.2M(1024.0M)->208.7M(1024.0M)]
 [Times: user=0.04 sys=0.00, real=0.04 secs] 
2016-12-19T22:40:16.884+0100: 17482.144: [GC pause (G1 Evacuation Pause) (young), 0.0544473 secs]
   [Parallel Time: 52.8 ms, GC Workers: 1]
      [GC Worker Start (ms):  17482145.4]
      [Ext Root Scanning (ms):  6.5]
      [Update RS (ms):  3.1]
         [Processed Buffers:  39]
      [Scan RS (ms):  12.3]
      [Code Root Scanning (ms):  0.0]
      [Object Copy (ms):  31.0]
      [Termination (ms):  0.0]
         [Termination Attempts:  1]
      [GC Worker Other (ms):  0.0]
      [GC Worker Total (ms):  52.8]
      [GC Worker End (ms):  17482198.2]
   [Code Root Fixup: 0.1 ms]
   [Code Root Purge: 0.0 ms]
   [Clear CT: 0.0 ms]
   [Other: 1.5 ms]
      [Choose CSet: 0.0 ms]
      [Ref Proc: 0.0 ms]
      [Ref Enq: 0.0 ms]
      [Redirty Cards: 0.0 ms]
      [Humongous Register: 0.1 ms]
      [Humongous Reclaim: 0.0 ms]
      [Free CSet: 0.1 ms]
   [Eden: 47.0M(47.0M)->0.0B(47.0M) Survivors: 4096.0K->4096.0K Heap: 255.7M(1024.0M)->208.7M(1024.0M)]
 [Times: user=0.04 sys=0.00, real=0.05 secs] 
2016-12-19T22:40:44.260+0100: 17509.520: [GC pause (G1 Evacuation Pause) (young), 0.0433433 secs]
   [Parallel Time: 42.0 ms, GC Workers: 1]
      [GC Worker Start (ms):  17509520.1]
      [Ext Root Scanning (ms):  2.0]
      [Update RS (ms):  6.3]
         [Processed Buffers:  39]
      [Scan RS (ms):  6.7]
      [Code Root Scanning (ms):  0.0]
      [Object Copy (ms):  26.9]
      [Termination (ms):  0.0]
         [Termination Attempts:  1]
      [GC Worker Other (ms):  0.0]
      [GC Worker Total (ms):  42.0]
      [GC Worker End (ms):  17509562.1]
   [Code Root Fixup: 0.1 ms]
   [Code Root Purge: 0.0 ms]
   [Clear CT: 0.0 ms]
   [Other: 1.2 ms]
      [Choose CSet: 0.0 ms]
      [Ref Proc: 0.0 ms]
      [Ref Enq: 0.0 ms]
      [Redirty Cards: 0.1 ms]
      [Humongous Register: 0.1 ms]
      [Humongous Reclaim: 0.1 ms]
      [Free CSet: 0.2 ms]
   [Eden: 47.0M(47.0M)->0.0B(46.0M) Survivors: 4096.0K->5120.0K Heap: 255.7M(1024.0M)->209.7M(1024.0M)]
 [Times: user=0.04 sys=0.00, real=0.05 secs] 
2016-12-19T22:41:08.261+0100: 17533.521: [GC pause (G1 Evacuation Pause) (young), 0.0509826 secs]
   [Parallel Time: 50.3 ms, GC Workers: 1]
      [GC Worker Start (ms):  17533521.1]
      [Ext Root Scanning (ms):  3.3]
      [Update RS (ms):  11.8]
         [Processed Buffers:  38]
      [Scan RS (ms):  10.4]
      [Code Root Scanning (ms):  0.0]
      [Object Copy (ms):  24.7]
      [Termination (ms):  0.0]
         [Termination Attempts:  1]
      [GC Worker Other (ms):  0.0]
      [GC Worker Total (ms):  50.3]
      [GC Worker End (ms):  17533571.4]
   [Code Root Fixup: 0.1 ms]
   [Code Root Purge: 0.0 ms]
   [Clear CT: 0.0 ms]
   [Other: 0.5 ms]
      [Choose CSet: 0.0 ms]
      [Ref Proc: 0.0 ms]
      [Ref Enq: 0.0 ms]
      [Redirty Cards: 0.1 ms]
      [Humongous Register: 0.1 ms]
      [Humongous Reclaim: 0.0 ms]
      [Free CSet: 0.1 ms]
   [Eden: 46.0M(46.0M)->0.0B(47.0M) Survivors: 5120.0K->4096.0K Heap: 255.7M(1024.0M)->209.9M(1024.0M)]
 [Times: user=0.05 sys=0.00, real=0.06 secs] 
2016-12-19T22:41:35.587+0100: 17560.846: [GC pause (G1 Evacuation Pause) (young), 0.0420396 secs]
   [Parallel Time: 41.3 ms, GC Workers: 1]
      [GC Worker Start (ms):  17560846.4]
      [Ext Root Scanning (ms):  2.4]
      [Update RS (ms):  10.4]
         [Processed Buffers:  38]
      [Scan RS (ms):  11.1]
      [Code Root Scanning (ms):  0.0]
      [Object Copy (ms):  17.3]
      [Termination (ms):  0.0]
         [Termination Attempts:  1]
      [GC Worker Other (ms):  0.0]
      [GC Worker Total (ms):  41.3]
      [GC Worker End (ms):  17560887.7]
   [Code Root Fixup: 0.1 ms]
   [Code Root Purge: 0.0 ms]
   [Clear CT: 0.1 ms]
   [Other: 0.6 ms]
      [Choose CSet: 0.0 ms]
      [Ref Proc: 0.0 ms]
      [Ref Enq: 0.0 ms]
      [Redirty Cards: 0.0 ms]
      [Humongous Register: 0.1 ms]
      [Humongous Reclaim: 0.0 ms]
      [Free CSet: 0.1 ms]
   [Eden: 47.0M(47.0M)->0.0B(46.0M) Survivors: 4096.0K->5120.0K Heap: 256.9M(1024.0M)->210.9M(1024.0M)]
 [Times: user=0.04 sys=0.00, real=0.04 secs] 
2016-12-19T22:41:59.924+0100: 17585.183: [GC pause (G1 Evacuation Pause) (young), 0.0324452 secs]
   [Parallel Time: 31.7 ms, GC Workers: 1]
      [GC Worker Start (ms):  17585183.7]
      [Ext Root Scanning (ms):  1.6]
      [Update RS (ms):  6.4]
         [Processed Buffers:  36]
      [Scan RS (ms):  4.3]
      [Code Root Scanning (ms):  0.0]
      [Object Copy (ms):  19.4]
      [Termination (ms):  0.0]
         [Termination Attempts:  1]
      [GC Worker Other (ms):  0.0]
      [GC Worker Total (ms):  31.6]
      [GC Worker End (ms):  17585215.4]
   [Code Root Fixup: 0.0 ms]
   [Code Root Purge: 0.0 ms]
   [Clear CT: 0.0 ms]
   [Other: 0.7 ms]
      [Choose CSet: 0.0 ms]
      [Ref Proc: 0.0 ms]
      [Ref Enq: 0.0 ms]
      [Redirty Cards: 0.0 ms]
      [Humongous Register: 0.1 ms]
      [Humongous Reclaim: 0.0 ms]
      [Free CSet: 0.1 ms]
   [Eden: 46.0M(46.0M)->0.0B(47.0M) Survivors: 5120.0K->4096.0K Heap: 256.9M(1024.0M)->211.4M(1024.0M)]
 [Times: user=0.03 sys=0.00, real=0.03 secs] 
2016-12-19T22:42:26.638+0100: 17611.898: [GC pause (G1 Evacuation Pause) (young), 0.0217411 secs]
   [Parallel Time: 20.9 ms, GC Workers: 1]
      [GC Worker Start (ms):  17611898.0]
      [Ext Root Scanning (ms):  1.3]
      [Update RS (ms):  2.6]
         [Processed Buffers:  37]
      [Scan RS (ms):  4.6]
      [Code Root Scanning (ms):  0.0]
      [Object Copy (ms):  12.4]
      [Termination (ms):  0.0]
         [Termination Attempts:  1]
      [GC Worker Other (ms):  0.0]
      [GC Worker Total (ms):  20.9]
      [GC Worker End (ms):  17611918.9]
   [Code Root Fixup: 0.1 ms]
   [Code Root Purge: 0.0 ms]
   [Clear CT: 0.0 ms]
   [Other: 0.7 ms]
      [Choose CSet: 0.0 ms]
      [Ref Proc: 0.0 ms]
      [Ref Enq: 0.0 ms]
      [Redirty Cards: 0.0 ms]
      [Humongous Register: 0.1 ms]
      [Humongous Reclaim: 0.0 ms]
      [Free CSet: 0.1 ms]
   [Eden: 47.0M(47.0M)->0.0B(45.0M) Survivors: 4096.0K->6144.0K Heap: 258.4M(1024.0M)->212.9M(1024.0M)]
 [Times: user=0.02 sys=0.00, real=0.02 secs] 
2016-12-19T22:42:48.986+0100: 17634.246: [GC pause (G1 Evacuation Pause) (young), 0.0340481 secs]
   [Parallel Time: 33.4 ms, GC Workers: 1]
      [GC Worker Start (ms):  17634246.5]
      [Ext Root Scanning (ms):  1.9]
      [Update RS (ms):  6.4]
         [Processed Buffers:  37]
      [Scan RS (ms):  7.2]
      [Code Root Scanning (ms):  0.0]
      [Object Copy (ms):  17.7]
      [Termination (ms):  0.0]
         [Termination Attempts:  1]
      [GC Worker Other (ms):  0.0]
      [GC Worker Total (ms):  33.3]
      [GC Worker End (ms):  17634279.8]
   [Code Root Fixup: 0.0 ms]
   [Code Root Purge: 0.0 ms]
   [Clear CT: 0.0 ms]
   [Other: 0.6 ms]
      [Choose CSet: 0.0 ms]
      [Ref Proc: 0.0 ms]
      [Ref Enq: 0.0 ms]
      [Redirty Cards: 0.0 ms]
      [Humongous Register: 0.1 ms]
      [Humongous Reclaim: 0.0 ms]
      [Free CSet: 0.1 ms]
   [Eden: 45.0M(45.0M)->0.0B(47.0M) Survivors: 6144.0K->4096.0K Heap: 257.9M(1024.0M)->212.9M(1024.0M)]
 [Times: user=0.04 sys=0.01, real=0.03 secs] 
2016-12-19T22:43:14.487+0100: 17659.746: [GC pause (G1 Evacuation Pause) (young), 0.0234488 secs]
   [Parallel Time: 22.7 ms, GC Workers: 1]
      [GC Worker Start (ms):  17659746.6]
      [Ext Root Scanning (ms):  1.8]
      [Update RS (ms):  3.2]
         [Processed Buffers:  38]
      [Scan RS (ms):  5.0]
      [Code Root Scanning (ms):  0.0]
      [Object Copy (ms):  12.6]
      [Termination (ms):  0.0]
         [Termination Attempts:  1]
      [GC Worker Other (ms):  0.0]
      [GC Worker Total (ms):  22.7]
      [GC Worker End (ms):  17659769.3]
   [Code Root Fixup: 0.0 ms]
   [Code Root Purge: 0.0 ms]
   [Clear CT: 0.0 ms]
   [Other: 0.7 ms]
      [Choose CSet: 0.0 ms]
      [Ref Proc: 0.0 ms]
      [Ref Enq: 0.0 ms]
      [Redirty Cards: 0.0 ms]
      [Humongous Register: 0.1 ms]
      [Humongous Reclaim: 0.0 ms]
      [Free CSet: 0.1 ms]
   [Eden: 47.0M(47.0M)->0.0B(45.0M) Survivors: 4096.0K->6144.0K Heap: 259.9M(1024.0M)->214.4M(1024.0M)]
 [Times: user=0.03 sys=0.00, real=0.02 secs] 
2016-12-19T22:43:39.590+0100: 17684.850: [GC pause (G1 Evacuation Pause) (young), 0.0220307 secs]
   [Parallel Time: 21.5 ms, GC Workers: 1]
      [GC Worker Start (ms):  17684849.9]
      [Ext Root Scanning (ms):  1.4]
      [Update RS (ms):  2.7]
         [Processed Buffers:  38]
      [Scan RS (ms):  4.5]
      [Code Root Scanning (ms):  0.0]
      [Object Copy (ms):  12.8]
      [Termination (ms):  0.0]
         [Termination Attempts:  1]
      [GC Worker Other (ms):  0.0]
      [GC Worker Total (ms):  21.5]
      [GC Worker End (ms):  17684871.4]
   [Code Root Fixup: 0.0 ms]
   [Code Root Purge: 0.0 ms]
   [Clear CT: 0.0 ms]
   [Other: 0.4 ms]
      [Choose CSet: 0.0 ms]
      [Ref Proc: 0.0 ms]
      [Ref Enq: 0.0 ms]
      [Redirty Cards: 0.0 ms]
      [Humongous Register: 0.1 ms]
      [Humongous Reclaim: 0.0 ms]
      [Free CSet: 0.1 ms]
   [Eden: 45.0M(45.0M)->0.0B(47.0M) Survivors: 6144.0K->4096.0K Heap: 259.4M(1024.0M)->214.5M(1024.0M)]
 [Times: user=0.02 sys=0.00, real=0.02 secs] 
2016-12-19T22:44:04.921+0100: 17710.181: [GC pause (G1 Evacuation Pause) (young), 0.0473004 secs]
   [Parallel Time: 46.6 ms, GC Workers: 1]
      [GC Worker Start (ms):  17710181.1]
      [Ext Root Scanning (ms):  2.3]
      [Update RS (ms):  4.6]
         [Processed Buffers:  40]
      [Scan RS (ms):  9.2]
      [Code Root Scanning (ms):  0.0]
      [Object Copy (ms):  30.4]
      [Termination (ms):  0.0]
         [Termination Attempts:  1]
      [GC Worker Other (ms):  0.1]
      [GC Worker Total (ms):  46.5]
      [GC Worker End (ms):  17710227.6]
   [Code Root Fixup: 0.1 ms]
   [Code Root Purge: 0.0 ms]
   [Clear CT: 0.1 ms]
   [Other: 0.6 ms]
      [Choose CSet: 0.0 ms]
      [Ref Proc: 0.0 ms]
      [Ref Enq: 0.0 ms]
      [Redirty Cards: 0.0 ms]
      [Humongous Register: 0.1 ms]
      [Humongous Reclaim: 0.1 ms]
      [Free CSet: 0.1 ms]
   [Eden: 47.0M(47.0M)->0.0B(45.0M) Survivors: 4096.0K->6144.0K Heap: 261.5M(1024.0M)->216.0M(1024.0M)]
 [Times: user=0.05 sys=0.00, real=0.05 secs] 
2016-12-19T22:44:27.562+0100: 17732.822: [GC pause (G1 Evacuation Pause) (young), 0.0333206 secs]
   [Parallel Time: 32.8 ms, GC Workers: 1]
      [GC Worker Start (ms):  17732821.8]
      [Ext Root Scanning (ms):  1.8]
      [Update RS (ms):  3.3]
         [Processed Buffers:  39]
      [Scan RS (ms):  6.5]
      [Code Root Scanning (ms):  0.0]
      [Object Copy (ms):  21.1]
      [Termination (ms):  0.0]
         [Termination Attempts:  1]
      [GC Worker Other (ms):  0.0]
      [GC Worker Total (ms):  32.7]
      [GC Worker End (ms):  17732854.5]
   [Code Root Fixup: 0.0 ms]
   [Code Root Purge: 0.0 ms]
   [Clear CT: 0.0 ms]
   [Other: 0.5 ms]
      [Choose CSet: 0.0 ms]
      [Ref Proc: 0.0 ms]
      [Ref Enq: 0.0 ms]
      [Redirty Cards: 0.0 ms]
      [Humongous Register: 0.1 ms]
      [Humongous Reclaim: 0.0 ms]
      [Free CSet: 0.1 ms]
   [Eden: 45.0M(45.0M)->0.0B(47.0M) Survivors: 6144.0K->4096.0K Heap: 261.0M(1024.0M)->216.0M(1024.0M)]
 [Times: user=0.03 sys=0.00, real=0.04 secs] 
2016-12-19T22:44:51.020+0100: 17756.280: [GC pause (G1 Evacuation Pause) (young), 0.0420047 secs]
   [Parallel Time: 41.3 ms, GC Workers: 1]
      [GC Worker Start (ms):  17756279.9]
      [Ext Root Scanning (ms):  1.5]
      [Update RS (ms):  6.6]
         [Processed Buffers:  37]
      [Scan RS (ms):  6.2]
      [Code Root Scanning (ms):  0.0]
      [Object Copy (ms):  26.9]
      [Termination (ms):  0.0]
         [Termination Attempts:  1]
      [GC Worker Other (ms):  0.0]
      [GC Worker Total (ms):  41.2]
      [GC Worker End (ms):  17756321.2]
   [Code Root Fixup: 0.1 ms]
   [Code Root Purge: 0.0 ms]
   [Clear CT: 0.1 ms]
   [Other: 0.6 ms]
      [Choose CSet: 0.0 ms]
      [Ref Proc: 0.0 ms]
      [Ref Enq: 0.0 ms]
      [Redirty Cards: 0.0 ms]
      [Humongous Register: 0.1 ms]
      [Humongous Reclaim: 0.1 ms]
      [Free CSet: 0.1 ms]
   [Eden: 47.0M(47.0M)->0.0B(46.0M) Survivors: 4096.0K->5120.0K Heap: 263.0M(1024.0M)->217.5M(1024.0M)]
 [Times: user=0.04 sys=0.00, real=0.05 secs] 
2016-12-19T22:45:14.515+0100: 17779.774: [GC pause (G1 Evacuation Pause) (young), 0.0325757 secs]
   [Parallel Time: 31.9 ms, GC Workers: 1]
      [GC Worker Start (ms):  17779774.4]
      [Ext Root Scanning (ms):  1.2]
      [Update RS (ms):  4.7]
         [Processed Buffers:  39]
      [Scan RS (ms):  4.2]
      [Code Root Scanning (ms):  0.0]
      [Object Copy (ms):  21.8]
      [Termination (ms):  0.0]
         [Termination Attempts:  1]
      [GC Worker Other (ms):  0.0]
      [GC Worker Total (ms):  31.9]
      [GC Worker End (ms):  17779806.3]
   [Code Root Fixup: 0.0 ms]
   [Code Root Purge: 0.0 ms]
   [Clear CT: 0.1 ms]
   [Other: 0.5 ms]
      [Choose CSet: 0.0 ms]
      [Ref Proc: 0.0 ms]
      [Ref Enq: 0.0 ms]
      [Redirty Cards: 0.1 ms]
      [Humongous Register: 0.0 ms]
      [Humongous Reclaim: 0.0 ms]
      [Free CSet: 0.1 ms]
   [Eden: 46.0M(46.0M)->0.0B(47.0M) Survivors: 5120.0K->4096.0K Heap: 263.5M(1024.0M)->218.3M(1024.0M)]
 [Times: user=0.02 sys=0.00, real=0.03 secs] 
2016-12-19T22:45:38.991+0100: 17804.250: [GC pause (G1 Evacuation Pause) (young), 0.0256093 secs]
   [Parallel Time: 24.9 ms, GC Workers: 1]
      [GC Worker Start (ms):  17804250.7]
      [Ext Root Scanning (ms):  1.6]
      [Update RS (ms):  3.3]
         [Processed Buffers:  38]
      [Scan RS (ms):  7.7]
      [Code Root Scanning (ms):  0.0]
      [Object Copy (ms):  12.2]
      [Termination (ms):  0.0]
         [Termination Attempts:  1]
      [GC Worker Other (ms):  0.0]
      [GC Worker Total (ms):  24.8]
      [GC Worker End (ms):  17804275.5]
   [Code Root Fixup: 0.0 ms]
   [Code Root Purge: 0.0 ms]
   [Clear CT: 0.0 ms]
   [Other: 0.7 ms]
      [Choose CSet: 0.0 ms]
      [Ref Proc: 0.0 ms]
      [Ref Enq: 0.0 ms]
      [Redirty Cards: 0.0 ms]
      [Humongous Register: 0.1 ms]
      [Humongous Reclaim: 0.0 ms]
      [Free CSet: 0.1 ms]
   [Eden: 47.0M(47.0M)->0.0B(47.0M) Survivors: 4096.0K->4096.0K Heap: 265.3M(1024.0M)->218.3M(1024.0M)]
 [Times: user=0.02 sys=0.00, real=0.02 secs] 
2016-12-19T22:46:04.076+0100: 17829.336: [GC pause (G1 Evacuation Pause) (young), 0.0657623 secs]
   [Parallel Time: 64.8 ms, GC Workers: 1]
      [GC Worker Start (ms):  17829336.0]
      [Ext Root Scanning (ms):  2.5]
      [Update RS (ms):  6.4]
         [Processed Buffers:  39]
      [Scan RS (ms):  13.2]
      [Code Root Scanning (ms):  0.0]
      [Object Copy (ms):  42.5]
      [Termination (ms):  0.0]
         [Termination Attempts:  1]
      [GC Worker Other (ms):  0.0]
      [GC Worker Total (ms):  64.7]
      [GC Worker End (ms):  17829400.7]
   [Code Root Fixup: 0.0 ms]
   [Code Root Purge: 0.0 ms]
   [Clear CT: 0.1 ms]
   [Other: 0.8 ms]
      [Choose CSet: 0.0 ms]
      [Ref Proc: 0.1 ms]
      [Ref Enq: 0.0 ms]
      [Redirty Cards: 0.1 ms]
      [Humongous Register: 0.1 ms]
      [Humongous Reclaim: 0.1 ms]
      [Free CSet: 0.1 ms]
   [Eden: 47.0M(47.0M)->0.0B(46.0M) Survivors: 4096.0K->5120.0K Heap: 265.3M(1024.0M)->219.3M(1024.0M)]
 [Times: user=0.06 sys=0.00, real=0.06 secs] 
2016-12-19T22:46:28.334+0100: 17853.594: [GC pause (G1 Evacuation Pause) (young), 0.0239729 secs]
   [Parallel Time: 23.5 ms, GC Workers: 1]
      [GC Worker Start (ms):  17853593.8]
      [Ext Root Scanning (ms):  1.8]
      [Update RS (ms):  3.0]
         [Processed Buffers:  37]
      [Scan RS (ms):  4.5]
      [Code Root Scanning (ms):  0.0]
      [Object Copy (ms):  14.2]
      [Termination (ms):  0.0]
         [Termination Attempts:  1]
      [GC Worker Other (ms):  0.0]
      [GC Worker Total (ms):  23.4]
      [GC Worker End (ms):  17853617.2]
   [Code Root Fixup: 0.0 ms]
   [Code Root Purge: 0.0 ms]
   [Clear CT: 0.0 ms]
   [Other: 0.4 ms]
      [Choose CSet: 0.0 ms]
      [Ref Proc: 0.0 ms]
      [Ref Enq: 0.0 ms]
      [Redirty Cards: 0.0 ms]
      [Humongous Register: 0.1 ms]
      [Humongous Reclaim: 0.0 ms]
      [Free CSet: 0.1 ms]
   [Eden: 46.0M(46.0M)->0.0B(47.0M) Survivors: 5120.0K->4096.0K Heap: 265.3M(1024.0M)->219.6M(1024.0M)]
 [Times: user=0.03 sys=0.00, real=0.02 secs] 
2016-12-19T22:46:52.933+0100: 17878.192: [GC pause (G1 Evacuation Pause) (young), 0.0275414 secs]
   [Parallel Time: 26.9 ms, GC Workers: 1]
      [GC Worker Start (ms):  17878192.4]
      [Ext Root Scanning (ms):  3.1]
      [Update RS (ms):  4.1]
         [Processed Buffers:  37]
      [Scan RS (ms):  6.7]
      [Code Root Scanning (ms):  0.0]
      [Object Copy (ms):  12.9]
      [Termination (ms):  0.0]
         [Termination Attempts:  1]
      [GC Worker Other (ms):  0.0]
      [GC Worker Total (ms):  26.9]
      [GC Worker End (ms):  17878219.3]
   [Code Root Fixup: 0.1 ms]
   [Code Root Purge: 0.0 ms]
   [Clear CT: 0.0 ms]
   [Other: 0.5 ms]
      [Choose CSet: 0.0 ms]
      [Ref Proc: 0.0 ms]
      [Ref Enq: 0.0 ms]
      [Redirty Cards: 0.1 ms]
      [Humongous Register: 0.1 ms]
      [Humongous Reclaim: 0.0 ms]
      [Free CSet: 0.1 ms]
   [Eden: 47.0M(47.0M)->0.0B(46.0M) Survivors: 4096.0K->5120.0K Heap: 266.6M(1024.0M)->220.6M(1024.0M)]
 [Times: user=0.02 sys=0.00, real=0.02 secs] 
2016-12-19T22:47:18.308+0100: 17903.568: [GC pause (G1 Evacuation Pause) (young), 0.0213005 secs]
   [Parallel Time: 20.8 ms, GC Workers: 1]
      [GC Worker Start (ms):  17903568.0]
      [Ext Root Scanning (ms):  1.5]
      [Update RS (ms):  2.6]
         [Processed Buffers:  37]
      [Scan RS (ms):  4.3]
      [Code Root Scanning (ms):  0.0]
      [Object Copy (ms):  12.3]
      [Termination (ms):  0.0]
         [Termination Attempts:  1]
      [GC Worker Other (ms):  0.0]
      [GC Worker Total (ms):  20.8]
      [GC Worker End (ms):  17903588.7]
   [Code Root Fixup: 0.1 ms]
   [Code Root Purge: 0.0 ms]
   [Clear CT: 0.0 ms]
   [Other: 0.4 ms]
      [Choose CSet: 0.0 ms]
      [Ref Proc: 0.0 ms]
      [Ref Enq: 0.0 ms]
      [Redirty Cards: 0.0 ms]
      [Humongous Register: 0.0 ms]
      [Humongous Reclaim: 0.0 ms]
      [Free CSet: 0.1 ms]
   [Eden: 46.0M(46.0M)->0.0B(47.0M) Survivors: 5120.0K->4096.0K Heap: 266.6M(1024.0M)->221.2M(1024.0M)]
 [Times: user=0.02 sys=0.00, real=0.02 secs] 
2016-12-19T22:47:44.059+0100: 17929.319: [GC pause (G1 Evacuation Pause) (young), 0.0198093 secs]
   [Parallel Time: 19.4 ms, GC Workers: 1]
      [GC Worker Start (ms):  17929318.8]
      [Ext Root Scanning (ms):  1.0]
      [Update RS (ms):  2.3]
         [Processed Buffers:  38]
      [Scan RS (ms):  4.5]
      [Code Root Scanning (ms):  0.0]
      [Object Copy (ms):  11.6]
      [Termination (ms):  0.0]
         [Termination Attempts:  1]
      [GC Worker Other (ms):  0.0]
      [GC Worker Total (ms):  19.3]
      [GC Worker End (ms):  17929338.1]
   [Code Root Fixup: 0.0 ms]
   [Code Root Purge: 0.0 ms]
   [Clear CT: 0.0 ms]
   [Other: 0.4 ms]
      [Choose CSet: 0.0 ms]
      [Ref Proc: 0.0 ms]
      [Ref Enq: 0.0 ms]
      [Redirty Cards: 0.0 ms]
      [Humongous Register: 0.0 ms]
      [Humongous Reclaim: 0.0 ms]
      [Free CSet: 0.1 ms]
   [Eden: 47.0M(47.0M)->0.0B(45.0M) Survivors: 4096.0K->6144.0K Heap: 268.2M(1024.0M)->222.7M(1024.0M)]
 [Times: user=0.02 sys=0.00, real=0.02 secs] 
2016-12-19T22:48:08.442+0100: 17953.701: [GC pause (G1 Evacuation Pause) (young), 0.0320107 secs]
   [Parallel Time: 31.4 ms, GC Workers: 1]
      [GC Worker Start (ms):  17953701.4]
      [Ext Root Scanning (ms):  2.9]
      [Update RS (ms):  4.2]
         [Processed Buffers:  37]
      [Scan RS (ms):  6.7]
      [Code Root Scanning (ms):  0.0]
      [Object Copy (ms):  17.6]
      [Termination (ms):  0.0]
         [Termination Attempts:  1]
      [GC Worker Other (ms):  0.0]
      [GC Worker Total (ms):  31.4]
      [GC Worker End (ms):  17953732.8]
   [Code Root Fixup: 0.0 ms]
   [Code Root Purge: 0.0 ms]
   [Clear CT: 0.0 ms]
   [Other: 0.5 ms]
      [Choose CSet: 0.0 ms]
      [Ref Proc: 0.0 ms]
      [Ref Enq: 0.0 ms]
      [Redirty Cards: 0.1 ms]
      [Humongous Register: 0.1 ms]
      [Humongous Reclaim: 0.0 ms]
      [Free CSet: 0.1 ms]
   [Eden: 45.0M(45.0M)->0.0B(47.0M) Survivors: 6144.0K->4096.0K Heap: 267.7M(1024.0M)->222.7M(1024.0M)]
 [Times: user=0.03 sys=0.00, real=0.04 secs] 
2016-12-19T22:48:34.067+0100: 17979.327: [GC pause (G1 Evacuation Pause) (young), 0.0222206 secs]
   [Parallel Time: 21.8 ms, GC Workers: 1]
      [GC Worker Start (ms):  17979326.9]
      [Ext Root Scanning (ms):  1.1]
      [Update RS (ms):  2.9]
         [Processed Buffers:  36]
      [Scan RS (ms):  4.9]
      [Code Root Scanning (ms):  0.0]
      [Object Copy (ms):  12.9]
      [Termination (ms):  0.0]
         [Termination Attempts:  1]
      [GC Worker Other (ms):  0.0]
      [GC Worker Total (ms):  21.7]
      [GC Worker End (ms):  17979348.6]
   [Code Root Fixup: 0.1 ms]
   [Code Root Purge: 0.0 ms]
   [Clear CT: 0.0 ms]
   [Other: 0.4 ms]
      [Choose CSet: 0.0 ms]
      [Ref Proc: 0.0 ms]
      [Ref Enq: 0.0 ms]
      [Redirty Cards: 0.0 ms]
      [Humongous Register: 0.0 ms]
      [Humongous Reclaim: 0.0 ms]
      [Free CSet: 0.1 ms]
   [Eden: 47.0M(47.0M)->0.0B(45.0M) Survivors: 4096.0K->6144.0K Heap: 269.7M(1024.0M)->224.2M(1024.0M)]
 [Times: user=0.02 sys=0.00, real=0.02 secs] 
2016-12-19T22:48:56.787+0100: 18002.046: [GC pause (G1 Evacuation Pause) (young), 0.0194781 secs]
   [Parallel Time: 19.0 ms, GC Workers: 1]
      [GC Worker Start (ms):  18002046.4]
      [Ext Root Scanning (ms):  0.9]
      [Update RS (ms):  2.0]
         [Processed Buffers:  38]
      [Scan RS (ms):  4.0]
      [Code Root Scanning (ms):  0.0]
      [Object Copy (ms):  11.9]
      [Termination (ms):  0.0]
         [Termination Attempts:  1]
      [GC Worker Other (ms):  0.0]
      [GC Worker Total (ms):  18.9]
      [GC Worker End (ms):  18002065.4]
   [Code Root Fixup: 0.0 ms]
   [Code Root Purge: 0.0 ms]
   [Clear CT: 0.0 ms]
   [Other: 0.4 ms]
      [Choose CSet: 0.0 ms]
      [Ref Proc: 0.0 ms]
      [Ref Enq: 0.0 ms]
      [Redirty Cards: 0.0 ms]
      [Humongous Register: 0.0 ms]
      [Humongous Reclaim: 0.0 ms]
      [Free CSet: 0.1 ms]
   [Eden: 45.0M(45.0M)->0.0B(47.0M) Survivors: 6144.0K->4096.0K Heap: 269.2M(1024.0M)->224.0M(1024.0M)]
 [Times: user=0.02 sys=0.00, real=0.02 secs] 
2016-12-19T22:49:20.115+0100: 18025.374: [GC pause (G1 Evacuation Pause) (young), 0.0231571 secs]
   [Parallel Time: 22.7 ms, GC Workers: 1]
      [GC Worker Start (ms):  18025374.4]
      [Ext Root Scanning (ms):  1.6]
      [Update RS (ms):  2.9]
         [Processed Buffers:  38]
      [Scan RS (ms):  4.3]
      [Code Root Scanning (ms):  0.0]
      [Object Copy (ms):  13.8]
      [Termination (ms):  0.0]
         [Termination Attempts:  1]
      [GC Worker Other (ms):  0.0]
      [GC Worker Total (ms):  22.6]
      [GC Worker End (ms):  18025397.0]
   [Code Root Fixup: 0.1 ms]
   [Code Root Purge: 0.0 ms]
   [Clear CT: 0.0 ms]
   [Other: 0.4 ms]
      [Choose CSet: 0.0 ms]
      [Ref Proc: 0.0 ms]
      [Ref Enq: 0.0 ms]
      [Redirty Cards: 0.0 ms]
      [Humongous Register: 0.0 ms]
      [Humongous Reclaim: 0.0 ms]
      [Free CSet: 0.1 ms]
   [Eden: 47.0M(47.0M)->0.0B(44.0M) Survivors: 4096.0K->7168.0K Heap: 271.0M(1024.0M)->226.5M(1024.0M)]
 [Times: user=0.02 sys=0.01, real=0.02 secs] 
2016-12-19T22:49:42.665+0100: 18047.925: [GC pause (G1 Evacuation Pause) (young), 0.0525317 secs]
   [Parallel Time: 51.9 ms, GC Workers: 1]
      [GC Worker Start (ms):  18047924.8]
      [Ext Root Scanning (ms):  2.8]
      [Update RS (ms):  7.4]
         [Processed Buffers:  35]
      [Scan RS (ms):  7.9]
      [Code Root Scanning (ms):  0.0]
      [Object Copy (ms):  33.5]
      [Termination (ms):  0.0]
         [Termination Attempts:  1]
      [GC Worker Other (ms):  0.0]
      [GC Worker Total (ms):  51.7]
      [GC Worker End (ms):  18047976.6]
   [Code Root Fixup: 0.1 ms]
   [Code Root Purge: 0.0 ms]
   [Clear CT: 0.1 ms]
   [Other: 0.5 ms]
      [Choose CSet: 0.0 ms]
      [Ref Proc: 0.0 ms]
      [Ref Enq: 0.0 ms]
      [Redirty Cards: 0.1 ms]
      [Humongous Register: 0.1 ms]
      [Humongous Reclaim: 0.0 ms]
      [Free CSet: 0.1 ms]
   [Eden: 44.0M(44.0M)->0.0B(47.0M) Survivors: 7168.0K->4096.0K Heap: 270.5M(1024.0M)->226.2M(1024.0M)]
 [Times: user=0.05 sys=0.00, real=0.05 secs] 
2016-12-19T22:50:08.802+0100: 18074.062: [GC pause (G1 Evacuation Pause) (young), 0.0220552 secs]
   [Parallel Time: 21.5 ms, GC Workers: 1]
      [GC Worker Start (ms):  18074062.2]
      [Ext Root Scanning (ms):  2.8]
      [Update RS (ms):  2.6]
         [Processed Buffers:  37]
      [Scan RS (ms):  4.7]
      [Code Root Scanning (ms):  0.0]
      [Object Copy (ms):  11.3]
      [Termination (ms):  0.0]
         [Termination Attempts:  1]
      [GC Worker Other (ms):  0.0]
      [GC Worker Total (ms):  21.5]
      [GC Worker End (ms):  18074083.7]
   [Code Root Fixup: 0.0 ms]
   [Code Root Purge: 0.0 ms]
   [Clear CT: 0.1 ms]
   [Other: 0.4 ms]
      [Choose CSet: 0.0 ms]
      [Ref Proc: 0.0 ms]
      [Ref Enq: 0.0 ms]
      [Redirty Cards: 0.0 ms]
      [Humongous Register: 0.1 ms]
      [Humongous Reclaim: 0.0 ms]
      [Free CSet: 0.1 ms]
   [Eden: 47.0M(47.0M)->0.0B(46.0M) Survivors: 4096.0K->5120.0K Heap: 273.2M(1024.0M)->227.2M(1024.0M)]
 [Times: user=0.02 sys=0.00, real=0.02 secs] 
2016-12-19T22:50:32.948+0100: 18098.208: [GC pause (G1 Evacuation Pause) (young), 0.0237038 secs]
   [Parallel Time: 23.1 ms, GC Workers: 1]
      [GC Worker Start (ms):  18098208.1]
      [Ext Root Scanning (ms):  1.7]
      [Update RS (ms):  3.1]
         [Processed Buffers:  36]
      [Scan RS (ms):  3.8]
      [Code Root Scanning (ms):  0.0]
      [Object Copy (ms):  14.5]
      [Termination (ms):  0.0]
         [Termination Attempts:  1]
      [GC Worker Other (ms):  0.0]
      [GC Worker Total (ms):  23.1]
      [GC Worker End (ms):  18098231.2]
   [Code Root Fixup: 0.0 ms]
   [Code Root Purge: 0.0 ms]
   [Clear CT: 0.0 ms]
   [Other: 0.5 ms]
      [Choose CSet: 0.0 ms]
      [Ref Proc: 0.0 ms]
      [Ref Enq: 0.0 ms]
      [Redirty Cards: 0.0 ms]
      [Humongous Register: 0.2 ms]
      [Humongous Reclaim: 0.0 ms]
      [Free CSet: 0.1 ms]
   [Eden: 46.0M(46.0M)->0.0B(47.0M) Survivors: 5120.0K->4096.0K Heap: 273.2M(1024.0M)->227.4M(1024.0M)]
 [Times: user=0.02 sys=0.00, real=0.03 secs] 
2016-12-19T22:50:57.960+0100: 18123.219: [GC pause (G1 Evacuation Pause) (young), 0.0194957 secs]
   [Parallel Time: 19.0 ms, GC Workers: 1]
      [GC Worker Start (ms):  18123219.4]
      [Ext Root Scanning (ms):  4.6]
      [Update RS (ms):  2.8]
         [Processed Buffers:  39]
      [Scan RS (ms):  3.5]
      [Code Root Scanning (ms):  0.0]
      [Object Copy (ms):  8.1]
      [Termination (ms):  0.0]
         [Termination Attempts:  1]
      [GC Worker Other (ms):  0.0]
      [GC Worker Total (ms):  18.9]
      [GC Worker End (ms):  18123238.4]
   [Code Root Fixup: 0.0 ms]
   [Code Root Purge: 0.0 ms]
   [Clear CT: 0.0 ms]
   [Other: 0.4 ms]
      [Choose CSet: 0.0 ms]
      [Ref Proc: 0.0 ms]
      [Ref Enq: 0.0 ms]
      [Redirty Cards: 0.0 ms]
      [Humongous Register: 0.1 ms]
      [Humongous Reclaim: 0.0 ms]
      [Free CSet: 0.1 ms]
   [Eden: 47.0M(47.0M)->0.0B(47.0M) Survivors: 4096.0K->4096.0K Heap: 274.4M(1024.0M)->227.4M(1024.0M)]
 [Times: user=0.02 sys=0.00, real=0.02 secs] 
2016-12-19T22:51:23.242+0100: 18148.502: [GC pause (G1 Evacuation Pause) (young), 0.0169129 secs]
   [Parallel Time: 16.5 ms, GC Workers: 1]
      [GC Worker Start (ms):  18148501.7]
      [Ext Root Scanning (ms):  1.0]
      [Update RS (ms):  2.4]
         [Processed Buffers:  37]
      [Scan RS (ms):  3.8]
      [Code Root Scanning (ms):  0.0]
      [Object Copy (ms):  9.1]
      [Termination (ms):  0.0]
         [Termination Attempts:  1]
      [GC Worker Other (ms):  0.1]
      [GC Worker Total (ms):  16.5]
      [GC Worker End (ms):  18148518.1]
   [Code Root Fixup: 0.0 ms]
   [Code Root Purge: 0.0 ms]
   [Clear CT: 0.0 ms]
   [Other: 0.3 ms]
      [Choose CSet: 0.0 ms]
      [Ref Proc: 0.0 ms]
      [Ref Enq: 0.0 ms]
      [Redirty Cards: 0.0 ms]
      [Humongous Register: 0.0 ms]
      [Humongous Reclaim: 0.0 ms]
      [Free CSet: 0.0 ms]
   [Eden: 47.0M(47.0M)->0.0B(46.0M) Survivors: 4096.0K->5120.0K Heap: 274.4M(1024.0M)->228.4M(1024.0M)]
 [Times: user=0.02 sys=0.00, real=0.02 secs] 
2016-12-19T22:51:47.525+0100: 18172.785: [GC pause (G1 Evacuation Pause) (young), 0.0441011 secs]
   [Parallel Time: 43.4 ms, GC Workers: 1]
      [GC Worker Start (ms):  18172784.8]
      [Ext Root Scanning (ms):  1.4]
      [Update RS (ms):  11.1]
         [Processed Buffers:  38]
      [Scan RS (ms):  4.2]
      [Code Root Scanning (ms):  0.0]
      [Object Copy (ms):  26.7]
      [Termination (ms):  0.0]
         [Termination Attempts:  1]
      [GC Worker Other (ms):  0.0]
      [GC Worker Total (ms):  43.4]
      [GC Worker End (ms):  18172828.2]
   [Code Root Fixup: 0.1 ms]
   [Code Root Purge: 0.0 ms]
   [Clear CT: 0.0 ms]
   [Other: 0.5 ms]
      [Choose CSet: 0.0 ms]
      [Ref Proc: 0.1 ms]
      [Ref Enq: 0.0 ms]
      [Redirty Cards: 0.0 ms]
      [Humongous Register: 0.1 ms]
      [Humongous Reclaim: 0.0 ms]
      [Free CSet: 0.1 ms]
   [Eden: 46.0M(46.0M)->0.0B(47.0M) Survivors: 5120.0K->4096.0K Heap: 274.4M(1024.0M)->228.2M(1024.0M)]
 [Times: user=0.03 sys=0.00, real=0.04 secs] 
2016-12-19T22:52:13.894+0100: 18199.154: [GC pause (G1 Evacuation Pause) (young), 0.0184113 secs]
   [Parallel Time: 17.8 ms, GC Workers: 1]
      [GC Worker Start (ms):  18199153.8]
      [Ext Root Scanning (ms):  1.3]
      [Update RS (ms):  4.1]
         [Processed Buffers:  38]
      [Scan RS (ms):  2.8]
      [Code Root Scanning (ms):  0.0]
      [Object Copy (ms):  9.5]
      [Termination (ms):  0.0]
         [Termination Attempts:  1]
      [GC Worker Other (ms):  0.0]
      [GC Worker Total (ms):  17.8]
      [GC Worker End (ms):  18199171.6]
   [Code Root Fixup: 0.0 ms]
   [Code Root Purge: 0.0 ms]
   [Clear CT: 0.0 ms]
   [Other: 0.5 ms]
      [Choose CSet: 0.0 ms]
      [Ref Proc: 0.0 ms]
      [Ref Enq: 0.0 ms]
      [Redirty Cards: 0.0 ms]
      [Humongous Register: 0.1 ms]
      [Humongous Reclaim: 0.0 ms]
      [Free CSet: 0.1 ms]
   [Eden: 47.0M(47.0M)->0.0B(46.0M) Survivors: 4096.0K->5120.0K Heap: 275.2M(1024.0M)->229.2M(1024.0M)]
 [Times: user=0.02 sys=0.00, real=0.02 secs] 
2016-12-19T22:52:39.074+0100: 18224.334: [GC pause (G1 Evacuation Pause) (young), 0.0301150 secs]
   [Parallel Time: 28.3 ms, GC Workers: 1]
      [GC Worker Start (ms):  18224335.7]
      [Ext Root Scanning (ms):  5.3]
      [Update RS (ms):  4.2]
         [Processed Buffers:  38]
      [Scan RS (ms):  3.0]
      [Code Root Scanning (ms):  0.0]
      [Object Copy (ms):  15.6]
      [Termination (ms):  0.0]
         [Termination Attempts:  1]
      [GC Worker Other (ms):  0.0]
      [GC Worker Total (ms):  28.2]
      [GC Worker End (ms):  18224363.9]
   [Code Root Fixup: 0.0 ms]
   [Code Root Purge: 0.0 ms]
   [Clear CT: 0.0 ms]
   [Other: 1.7 ms]
      [Choose CSet: 0.0 ms]
      [Ref Proc: 0.0 ms]
      [Ref Enq: 0.0 ms]
      [Redirty Cards: 0.0 ms]
      [Humongous Register: 0.1 ms]
      [Humongous Reclaim: 0.0 ms]
      [Free CSet: 0.1 ms]
   [Eden: 46.0M(46.0M)->0.0B(47.0M) Survivors: 5120.0K->4096.0K Heap: 275.2M(1024.0M)->229.1M(1024.0M)]
 [Times: user=0.03 sys=0.01, real=0.03 secs] 
2016-12-19T22:53:05.453+0100: 18250.713: [GC pause (G1 Evacuation Pause) (young), 0.0818129 secs]
   [Parallel Time: 81.1 ms, GC Workers: 1]
      [GC Worker Start (ms):  18250713.2]
      [Ext Root Scanning (ms):  22.3]
      [Update RS (ms):  26.6]
         [Processed Buffers:  37]
      [Scan RS (ms):  4.5]
      [Code Root Scanning (ms):  0.0]
      [Object Copy (ms):  27.6]
      [Termination (ms):  0.0]
         [Termination Attempts:  1]
      [GC Worker Other (ms):  0.0]
      [GC Worker Total (ms):  81.1]
      [GC Worker End (ms):  18250794.2]
   [Code Root Fixup: 0.1 ms]
   [Code Root Purge: 0.0 ms]
   [Clear CT: 0.1 ms]
   [Other: 0.5 ms]
      [Choose CSet: 0.0 ms]
      [Ref Proc: 0.1 ms]
      [Ref Enq: 0.0 ms]
      [Redirty Cards: 0.0 ms]
      [Humongous Register: 0.1 ms]
      [Humongous Reclaim: 0.1 ms]
      [Free CSet: 0.1 ms]
   [Eden: 47.0M(47.0M)->0.0B(45.0M) Survivors: 4096.0K->6144.0K Heap: 276.1M(1024.0M)->230.6M(1024.0M)]
 [Times: user=0.07 sys=0.02, real=0.08 secs] 
2016-12-19T22:53:30.142+0100: 18275.402: [GC pause (G1 Evacuation Pause) (young), 0.0211299 secs]
   [Parallel Time: 20.7 ms, GC Workers: 1]
      [GC Worker Start (ms):  18275402.2]
      [Ext Root Scanning (ms):  1.1]
      [Update RS (ms):  3.5]
         [Processed Buffers:  39]
      [Scan RS (ms):  2.7]
      [Code Root Scanning (ms):  0.0]
      [Object Copy (ms):  13.4]
      [Termination (ms):  0.0]
         [Termination Attempts:  1]
      [GC Worker Other (ms):  0.0]
      [GC Worker Total (ms):  20.6]
      [GC Worker End (ms):  18275422.8]
   [Code Root Fixup: 0.1 ms]
   [Code Root Purge: 0.0 ms]
   [Clear CT: 0.0 ms]
   [Other: 0.4 ms]
      [Choose CSet: 0.0 ms]
      [Ref Proc: 0.0 ms]
      [Ref Enq: 0.0 ms]
      [Redirty Cards: 0.0 ms]
      [Humongous Register: 0.0 ms]
      [Humongous Reclaim: 0.0 ms]
      [Free CSet: 0.1 ms]
   [Eden: 45.0M(45.0M)->0.0B(47.0M) Survivors: 6144.0K->4096.0K Heap: 275.6M(1024.0M)->230.7M(1024.0M)]
 [Times: user=0.02 sys=0.00, real=0.02 secs] 
2016-12-19T22:53:55.429+0100: 18300.689: [GC pause (G1 Evacuation Pause) (young), 0.0224877 secs]
   [Parallel Time: 21.7 ms, GC Workers: 1]
      [GC Worker Start (ms):  18300689.4]
      [Ext Root Scanning (ms):  1.7]
      [Update RS (ms):  4.4]
         [Processed Buffers:  39]
      [Scan RS (ms):  3.4]
      [Code Root Scanning (ms):  0.0]
      [Object Copy (ms):  12.2]
      [Termination (ms):  0.0]
         [Termination Attempts:  1]
      [GC Worker Other (ms):  0.0]
      [GC Worker Total (ms):  21.7]
      [GC Worker End (ms):  18300711.0]
   [Code Root Fixup: 0.0 ms]
   [Code Root Purge: 0.0 ms]
   [Clear CT: 0.0 ms]
   [Other: 0.7 ms]
      [Choose CSet: 0.0 ms]
      [Ref Proc: 0.0 ms]
      [Ref Enq: 0.0 ms]
      [Redirty Cards: 0.0 ms]
      [Humongous Register: 0.1 ms]
      [Humongous Reclaim: 0.0 ms]
      [Free CSet: 0.1 ms]
   [Eden: 47.0M(47.0M)->0.0B(45.0M) Survivors: 4096.0K->6144.0K Heap: 277.7M(1024.0M)->232.2M(1024.0M)]
 [Times: user=0.02 sys=0.00, real=0.03 secs] 
2016-12-19T22:54:19.477+0100: 18324.737: [GC pause (G1 Evacuation Pause) (young), 0.0234635 secs]
   [Parallel Time: 22.9 ms, GC Workers: 1]
      [GC Worker Start (ms):  18324737.3]
      [Ext Root Scanning (ms):  4.6]
      [Update RS (ms):  2.2]
         [Processed Buffers:  40]
      [Scan RS (ms):  4.0]
      [Code Root Scanning (ms):  0.0]
      [Object Copy (ms):  12.2]
      [Termination (ms):  0.0]
         [Termination Attempts:  1]
      [GC Worker Other (ms):  0.0]
      [GC Worker Total (ms):  22.9]
      [GC Worker End (ms):  18324760.1]
   [Code Root Fixup: 0.1 ms]
   [Code Root Purge: 0.0 ms]
   [Clear CT: 0.0 ms]
   [Other: 0.5 ms]
      [Choose CSet: 0.0 ms]
      [Ref Proc: 0.0 ms]
      [Ref Enq: 0.0 ms]
      [Redirty Cards: 0.0 ms]
      [Humongous Register: 0.1 ms]
      [Humongous Reclaim: 0.0 ms]
      [Free CSet: 0.1 ms]
   [Eden: 45.0M(45.0M)->0.0B(47.0M) Survivors: 6144.0K->4096.0K Heap: 277.2M(1024.0M)->231.9M(1024.0M)]
 [Times: user=0.02 sys=0.00, real=0.02 secs] 
2016-12-19T22:54:43.637+0100: 18348.896: [GC pause (G1 Evacuation Pause) (young), 0.0345009 secs]
   [Parallel Time: 33.9 ms, GC Workers: 1]
      [GC Worker Start (ms):  18348896.6]
      [Ext Root Scanning (ms):  1.7]
      [Update RS (ms):  7.4]
         [Processed Buffers:  39]
      [Scan RS (ms):  4.2]
      [Code Root Scanning (ms):  0.0]
      [Object Copy (ms):  20.5]
      [Termination (ms):  0.0]
         [Termination Attempts:  1]
      [GC Worker Other (ms):  0.0]
      [GC Worker Total (ms):  33.9]
      [GC Worker End (ms):  18348930.4]
   [Code Root Fixup: 0.1 ms]
   [Code Root Purge: 0.0 ms]
   [Clear CT: 0.0 ms]
   [Other: 0.5 ms]
      [Choose CSet: 0.0 ms]
      [Ref Proc: 0.0 ms]
      [Ref Enq: 0.0 ms]
      [Redirty Cards: 0.0 ms]
      [Humongous Register: 0.1 ms]
      [Humongous Reclaim: 0.0 ms]
      [Free CSet: 0.1 ms]
   [Eden: 47.0M(47.0M)->0.0B(45.0M) Survivors: 4096.0K->6144.0K Heap: 278.9M(1024.0M)->233.4M(1024.0M)]
 [Times: user=0.03 sys=0.01, real=0.04 secs] 
2016-12-19T22:55:07.736+0100: 18372.996: [GC pause (G1 Evacuation Pause) (young), 0.0790357 secs]
   [Parallel Time: 75.2 ms, GC Workers: 1]
      [GC Worker Start (ms):  18372999.0]
      [Ext Root Scanning (ms):  7.3]
      [Update RS (ms):  6.3]
         [Processed Buffers:  40]
      [Scan RS (ms):  5.3]
      [Code Root Scanning (ms):  0.0]
      [Object Copy (ms):  56.2]
      [Termination (ms):  0.0]
         [Termination Attempts:  1]
      [GC Worker Other (ms):  0.0]
      [GC Worker Total (ms):  75.1]
      [GC Worker End (ms):  18373074.1]
   [Code Root Fixup: 0.1 ms]
   [Code Root Purge: 0.0 ms]
   [Clear CT: 0.1 ms]
   [Other: 3.6 ms]
      [Choose CSet: 0.0 ms]
      [Ref Proc: 0.1 ms]
      [Ref Enq: 0.0 ms]
      [Redirty Cards: 0.1 ms]
      [Humongous Register: 0.1 ms]
      [Humongous Reclaim: 0.1 ms]
      [Free CSet: 0.2 ms]
   [Eden: 45.0M(45.0M)->0.0B(47.0M) Survivors: 6144.0K->4096.0K Heap: 278.4M(1024.0M)->233.7M(1024.0M)]
 [Times: user=0.07 sys=0.00, real=0.08 secs] 
2016-12-19T22:55:33.024+0100: 18398.284: [GC pause (G1 Evacuation Pause) (young), 0.0189609 secs]
   [Parallel Time: 18.5 ms, GC Workers: 1]
      [GC Worker Start (ms):  18398283.6]
      [Ext Root Scanning (ms):  1.0]
      [Update RS (ms):  2.1]
         [Processed Buffers:  39]
      [Scan RS (ms):  4.9]
      [Code Root Scanning (ms):  0.0]
      [Object Copy (ms):  10.5]
      [Termination (ms):  0.0]
         [Termination Attempts:  1]
      [GC Worker Other (ms):  0.0]
      [GC Worker Total (ms):  18.5]
      [GC Worker End (ms):  18398302.1]
   [Code Root Fixup: 0.1 ms]
   [Code Root Purge: 0.0 ms]
   [Clear CT: 0.0 ms]
   [Other: 0.4 ms]
      [Choose CSet: 0.0 ms]
      [Ref Proc: 0.0 ms]
      [Ref Enq: 0.0 ms]
      [Redirty Cards: 0.0 ms]
      [Humongous Register: 0.0 ms]
      [Humongous Reclaim: 0.0 ms]
      [Free CSet: 0.1 ms]
   [Eden: 47.0M(47.0M)->0.0B(46.0M) Survivors: 4096.0K->5120.0K Heap: 280.7M(1024.0M)->235.2M(1024.0M)]
 [Times: user=0.02 sys=0.00, real=0.02 secs] 
2016-12-19T22:55:57.793+0100: 18423.053: [GC pause (G1 Evacuation Pause) (young), 0.0210805 secs]
   [Parallel Time: 20.6 ms, GC Workers: 1]
      [GC Worker Start (ms):  18423052.7]
      [Ext Root Scanning (ms):  1.6]
      [Update RS (ms):  2.8]
         [Processed Buffers:  39]
      [Scan RS (ms):  4.1]
      [Code Root Scanning (ms):  0.0]
      [Object Copy (ms):  12.0]
      [Termination (ms):  0.0]
         [Termination Attempts:  1]
      [GC Worker Other (ms):  0.0]
      [GC Worker Total (ms):  20.5]
      [GC Worker End (ms):  18423073.3]
   [Code Root Fixup: 0.0 ms]
   [Code Root Purge: 0.0 ms]
   [Clear CT: 0.0 ms]
   [Other: 0.4 ms]
      [Choose CSet: 0.0 ms]
      [Ref Proc: 0.0 ms]
      [Ref Enq: 0.0 ms]
      [Redirty Cards: 0.0 ms]
      [Humongous Register: 0.1 ms]
      [Humongous Reclaim: 0.0 ms]
      [Free CSet: 0.1 ms]
   [Eden: 46.0M(46.0M)->0.0B(47.0M) Survivors: 5120.0K->4096.0K Heap: 281.2M(1024.0M)->235.2M(1024.0M)]
 [Times: user=0.02 sys=0.00, real=0.02 secs] 
2016-12-19T22:56:22.494+0100: 18447.754: [GC pause (G1 Evacuation Pause) (young), 0.0408465 secs]
   [Parallel Time: 40.1 ms, GC Workers: 1]
      [GC Worker Start (ms):  18447753.7]
      [Ext Root Scanning (ms):  2.6]
      [Update RS (ms):  3.8]
         [Processed Buffers:  38]
      [Scan RS (ms):  7.2]
      [Code Root Scanning (ms):  0.0]
      [Object Copy (ms):  26.3]
      [Termination (ms):  0.0]
         [Termination Attempts:  1]
      [GC Worker Other (ms):  0.0]
      [GC Worker Total (ms):  40.0]
      [GC Worker End (ms):  18447793.8]
   [Code Root Fixup: 0.1 ms]
   [Code Root Purge: 0.0 ms]
   [Clear CT: 0.1 ms]
   [Other: 0.6 ms]
      [Choose CSet: 0.0 ms]
      [Ref Proc: 0.0 ms]
      [Ref Enq: 0.0 ms]
      [Redirty Cards: 0.1 ms]
      [Humongous Register: 0.1 ms]
      [Humongous Reclaim: 0.0 ms]
      [Free CSet: 0.1 ms]
   [Eden: 47.0M(47.0M)->0.0B(46.0M) Survivors: 4096.0K->5120.0K Heap: 282.2M(1024.0M)->236.7M(1024.0M)]
 [Times: user=0.04 sys=0.00, real=0.04 secs] 
2016-12-19T22:56:46.709+0100: 18471.969: [GC pause (G1 Evacuation Pause) (young), 0.0995282 secs]
   [Parallel Time: 98.6 ms, GC Workers: 1]
      [GC Worker Start (ms):  18471969.1]
      [Ext Root Scanning (ms):  3.3]
      [Update RS (ms):  11.2]
         [Processed Buffers:  39]
      [Scan RS (ms):  53.3]
      [Code Root Scanning (ms):  0.0]
      [Object Copy (ms):  30.7]
      [Termination (ms):  0.0]
         [Termination Attempts:  1]
      [GC Worker Other (ms):  0.0]
      [GC Worker Total (ms):  98.6]
      [GC Worker End (ms):  18472067.7]
   [Code Root Fixup: 0.1 ms]
   [Code Root Purge: 0.0 ms]
   [Clear CT: 0.1 ms]
   [Other: 0.8 ms]
      [Choose CSet: 0.0 ms]
      [Ref Proc: 0.1 ms]
      [Ref Enq: 0.0 ms]
      [Redirty Cards: 0.1 ms]
      [Humongous Register: 0.1 ms]
      [Humongous Reclaim: 0.0 ms]
      [Free CSet: 0.1 ms]
   [Eden: 46.0M(46.0M)->0.0B(47.0M) Survivors: 5120.0K->4096.0K Heap: 282.7M(1024.0M)->237.0M(1024.0M)]
 [Times: user=0.08 sys=0.02, real=0.10 secs] 
2016-12-19T22:57:14.112+0100: 18499.371: [GC pause (G1 Evacuation Pause) (young), 0.0176930 secs]
   [Parallel Time: 17.2 ms, GC Workers: 1]
      [GC Worker Start (ms):  18499371.5]
      [Ext Root Scanning (ms):  1.0]
      [Update RS (ms):  2.6]
         [Processed Buffers:  40]
      [Scan RS (ms):  4.3]
      [Code Root Scanning (ms):  0.0]
      [Object Copy (ms):  9.2]
      [Termination (ms):  0.0]
         [Termination Attempts:  1]
      [GC Worker Other (ms):  0.0]
      [GC Worker Total (ms):  17.2]
      [GC Worker End (ms):  18499388.6]
   [Code Root Fixup: 0.0 ms]
   [Code Root Purge: 0.0 ms]
   [Clear CT: 0.0 ms]
   [Other: 0.4 ms]
      [Choose CSet: 0.0 ms]
      [Ref Proc: 0.0 ms]
      [Ref Enq: 0.0 ms]
      [Redirty Cards: 0.0 ms]
      [Humongous Register: 0.0 ms]
      [Humongous Reclaim: 0.0 ms]
      [Free CSet: 0.1 ms]
   [Eden: 47.0M(47.0M)->0.0B(47.0M) Survivors: 4096.0K->4096.0K Heap: 284.0M(1024.0M)->237.0M(1024.0M)]
 [Times: user=0.01 sys=0.00, real=0.01 secs] 
2016-12-19T22:57:37.961+0100: 18523.221: [GC pause (G1 Evacuation Pause) (young), 0.0296519 secs]
   [Parallel Time: 28.9 ms, GC Workers: 1]
      [GC Worker Start (ms):  18523220.7]
      [Ext Root Scanning (ms):  2.4]
      [Update RS (ms):  7.0]
         [Processed Buffers:  38]
      [Scan RS (ms):  6.5]
      [Code Root Scanning (ms):  0.0]
      [Object Copy (ms):  12.9]
      [Termination (ms):  0.0]
         [Termination Attempts:  1]
      [GC Worker Other (ms):  0.0]
      [GC Worker Total (ms):  28.8]
      [GC Worker End (ms):  18523249.5]
   [Code Root Fixup: 0.1 ms]
   [Code Root Purge: 0.0 ms]
   [Clear CT: 0.1 ms]
   [Other: 0.6 ms]
      [Choose CSet: 0.0 ms]
      [Ref Proc: 0.0 ms]
      [Ref Enq: 0.0 ms]
      [Redirty Cards: 0.0 ms]
      [Humongous Register: 0.1 ms]
      [Humongous Reclaim: 0.0 ms]
      [Free CSet: 0.1 ms]
   [Eden: 47.0M(47.0M)->0.0B(46.0M) Survivors: 4096.0K->5120.0K Heap: 284.0M(1024.0M)->238.0M(1024.0M)]
 [Times: user=0.03 sys=0.00, real=0.04 secs] 
2016-12-19T22:58:00.236+0100: 18545.496: [GC pause (G1 Evacuation Pause) (young), 0.0321496 secs]
   [Parallel Time: 31.7 ms, GC Workers: 1]
      [GC Worker Start (ms):  18545495.8]
      [Ext Root Scanning (ms):  2.3]
      [Update RS (ms):  7.2]
         [Processed Buffers:  38]
      [Scan RS (ms):  6.7]
      [Code Root Scanning (ms):  0.0]
      [Object Copy (ms):  15.5]
      [Termination (ms):  0.0]
         [Termination Attempts:  1]
      [GC Worker Other (ms):  0.0]
      [GC Worker Total (ms):  31.7]
      [GC Worker End (ms):  18545527.5]
   [Code Root Fixup: 0.0 ms]
   [Code Root Purge: 0.0 ms]
   [Clear CT: 0.0 ms]
   [Other: 0.4 ms]
      [Choose CSet: 0.0 ms]
      [Ref Proc: 0.0 ms]
      [Ref Enq: 0.0 ms]
      [Redirty Cards: 0.0 ms]
      [Humongous Register: 0.0 ms]
      [Humongous Reclaim: 0.0 ms]
      [Free CSet: 0.1 ms]
   [Eden: 46.0M(46.0M)->0.0B(47.0M) Survivors: 5120.0K->4096.0K Heap: 284.0M(1024.0M)->238.2M(1024.0M)]
 [Times: user=0.03 sys=0.00, real=0.03 secs] 
2016-12-19T22:58:26.713+0100: 18571.972: [GC pause (G1 Evacuation Pause) (young), 0.0212274 secs]
   [Parallel Time: 20.8 ms, GC Workers: 1]
      [GC Worker Start (ms):  18571972.5]
      [Ext Root Scanning (ms):  1.0]
      [Update RS (ms):  2.4]
         [Processed Buffers:  40]
      [Scan RS (ms):  4.2]
      [Code Root Scanning (ms):  0.0]
      [Object Copy (ms):  13.1]
      [Termination (ms):  0.0]
         [Termination Attempts:  1]
      [GC Worker Other (ms):  0.0]
      [GC Worker Total (ms):  20.7]
      [GC Worker End (ms):  18571993.2]
   [Code Root Fixup: 0.1 ms]
   [Code Root Purge: 0.0 ms]
   [Clear CT: 0.0 ms]
   [Other: 0.4 ms]
      [Choose CSet: 0.0 ms]
      [Ref Proc: 0.0 ms]
      [Ref Enq: 0.0 ms]
      [Redirty Cards: 0.0 ms]
      [Humongous Register: 0.0 ms]
      [Humongous Reclaim: 0.0 ms]
      [Free CSet: 0.1 ms]
   [Eden: 47.0M(47.0M)->0.0B(45.0M) Survivors: 4096.0K->6144.0K Heap: 285.2M(1024.0M)->239.7M(1024.0M)]
 [Times: user=0.03 sys=0.00, real=0.02 secs] 
2016-12-19T22:58:49.763+0100: 18595.022: [GC pause (G1 Evacuation Pause) (young), 0.0327809 secs]
   [Parallel Time: 31.9 ms, GC Workers: 1]
      [GC Worker Start (ms):  18595022.7]
      [Ext Root Scanning (ms):  1.7]
      [Update RS (ms):  5.5]
         [Processed Buffers:  37]
      [Scan RS (ms):  6.5]
      [Code Root Scanning (ms):  0.0]
      [Object Copy (ms):  18.0]
      [Termination (ms):  0.0]
         [Termination Attempts:  1]
      [GC Worker Other (ms):  0.0]
      [GC Worker Total (ms):  31.8]
      [GC Worker End (ms):  18595054.5]
   [Code Root Fixup: 0.1 ms]
   [Code Root Purge: 0.0 ms]
   [Clear CT: 0.1 ms]
   [Other: 0.8 ms]
      [Choose CSet: 0.0 ms]
      [Ref Proc: 0.1 ms]
      [Ref Enq: 0.0 ms]
      [Redirty Cards: 0.1 ms]
      [Humongous Register: 0.1 ms]
      [Humongous Reclaim: 0.1 ms]
      [Free CSet: 0.2 ms]
   [Eden: 45.0M(45.0M)->0.0B(47.0M) Survivors: 6144.0K->4096.0K Heap: 284.7M(1024.0M)->239.7M(1024.0M)]
 [Times: user=0.03 sys=0.00, real=0.03 secs] 
2016-12-19T22:59:12.864+0100: 18618.123: [GC pause (G1 Evacuation Pause) (young), 0.0811135 secs]
   [Parallel Time: 80.4 ms, GC Workers: 1]
      [GC Worker Start (ms):  18618123.5]
      [Ext Root Scanning (ms):  2.1]
      [Update RS (ms):  5.1]
         [Processed Buffers:  39]
      [Scan RS (ms):  19.8]
      [Code Root Scanning (ms):  0.0]
      [Object Copy (ms):  53.3]
      [Termination (ms):  0.0]
         [Termination Attempts:  1]
      [GC Worker Other (ms):  0.1]
      [GC Worker Total (ms):  80.3]
      [GC Worker End (ms):  18618203.8]
   [Code Root Fixup: 0.1 ms]
   [Code Root Purge: 0.0 ms]
   [Clear CT: 0.0 ms]
   [Other: 0.6 ms]
      [Choose CSet: 0.0 ms]
      [Ref Proc: 0.0 ms]
      [Ref Enq: 0.0 ms]
      [Redirty Cards: 0.0 ms]
      [Humongous Register: 0.1 ms]
      [Humongous Reclaim: 0.0 ms]
      [Free CSet: 0.2 ms]
   [Eden: 47.0M(47.0M)->0.0B(45.0M) Survivors: 4096.0K->6144.0K Heap: 286.7M(1024.0M)->241.2M(1024.0M)]
 [Times: user=0.05 sys=0.00, real=0.08 secs] 
2016-12-19T22:59:35.551+0100: 18640.811: [GC pause (G1 Evacuation Pause) (young), 0.0247843 secs]
   [Parallel Time: 24.0 ms, GC Workers: 1]
      [GC Worker Start (ms):  18640811.1]
      [Ext Root Scanning (ms):  1.2]
      [Update RS (ms):  3.7]
         [Processed Buffers:  38]
      [Scan RS (ms):  5.2]
      [Code Root Scanning (ms):  0.0]
      [Object Copy (ms):  13.8]
      [Termination (ms):  0.0]
         [Termination Attempts:  1]
      [GC Worker Other (ms):  0.1]
      [GC Worker Total (ms):  24.0]
      [GC Worker End (ms):  18640835.1]
   [Code Root Fixup: 0.1 ms]
   [Code Root Purge: 0.0 ms]
   [Clear CT: 0.0 ms]
   [Other: 0.6 ms]
      [Choose CSet: 0.0 ms]
      [Ref Proc: 0.0 ms]
      [Ref Enq: 0.0 ms]
      [Redirty Cards: 0.0 ms]
      [Humongous Register: 0.1 ms]
      [Humongous Reclaim: 0.0 ms]
      [Free CSet: 0.1 ms]
   [Eden: 45.0M(45.0M)->0.0B(47.0M) Survivors: 6144.0K->4096.0K Heap: 286.2M(1024.0M)->241.2M(1024.0M)]
 [Times: user=0.02 sys=0.00, real=0.02 secs] 
2016-12-19T23:00:00.189+0100: 18665.449: [GC pause (G1 Evacuation Pause) (young), 0.0239004 secs]
   [Parallel Time: 23.4 ms, GC Workers: 1]
      [GC Worker Start (ms):  18665449.0]
      [Ext Root Scanning (ms):  1.4]
      [Update RS (ms):  3.1]
         [Processed Buffers:  38]
      [Scan RS (ms):  4.8]
      [Code Root Scanning (ms):  0.0]
      [Object Copy (ms):  14.1]
      [Termination (ms):  0.0]
         [Termination Attempts:  1]
      [GC Worker Other (ms):  0.0]
      [GC Worker Total (ms):  23.4]
      [GC Worker End (ms):  18665472.4]
   [Code Root Fixup: 0.1 ms]
   [Code Root Purge: 0.0 ms]
   [Clear CT: 0.0 ms]
   [Other: 0.4 ms]
      [Choose CSet: 0.0 ms]
      [Ref Proc: 0.0 ms]
      [Ref Enq: 0.0 ms]
      [Redirty Cards: 0.0 ms]
      [Humongous Register: 0.0 ms]
      [Humongous Reclaim: 0.0 ms]
      [Free CSet: 0.1 ms]
   [Eden: 47.0M(47.0M)->0.0B(45.0M) Survivors: 4096.0K->6144.0K Heap: 288.2M(1024.0M)->242.7M(1024.0M)]
 [Times: user=0.02 sys=0.00, real=0.03 secs] 
2016-12-19T23:00:23.548+0100: 18688.808: [GC pause (G1 Evacuation Pause) (young), 0.0249905 secs]
   [Parallel Time: 24.5 ms, GC Workers: 1]
      [GC Worker Start (ms):  18688807.8]
      [Ext Root Scanning (ms):  1.2]
      [Update RS (ms):  3.2]
         [Processed Buffers:  36]
      [Scan RS (ms):  6.4]
      [Code Root Scanning (ms):  0.0]
      [Object Copy (ms):  13.6]
      [Termination (ms):  0.0]
         [Termination Attempts:  1]
      [GC Worker Other (ms):  0.0]
      [GC Worker Total (ms):  24.4]
      [GC Worker End (ms):  18688832.2]
   [Code Root Fixup: 0.0 ms]
   [Code Root Purge: 0.0 ms]
   [Clear CT: 0.0 ms]
   [Other: 0.4 ms]
      [Choose CSet: 0.0 ms]
      [Ref Proc: 0.0 ms]
      [Ref Enq: 0.0 ms]
      [Redirty Cards: 0.0 ms]
      [Humongous Register: 0.1 ms]
      [Humongous Reclaim: 0.0 ms]
      [Free CSet: 0.1 ms]
   [Eden: 45.0M(45.0M)->0.0B(46.0M) Survivors: 6144.0K->5120.0K Heap: 287.7M(1024.0M)->243.0M(1024.0M)]
 [Times: user=0.02 sys=0.00, real=0.03 secs] 
2016-12-19T23:00:46.732+0100: 18711.992: [GC pause (G1 Evacuation Pause) (young), 0.0365747 secs]
   [Parallel Time: 36.1 ms, GC Workers: 1]
      [GC Worker Start (ms):  18711992.2]
      [Ext Root Scanning (ms):  0.9]
      [Update RS (ms):  2.8]
         [Processed Buffers:  37]
      [Scan RS (ms):  7.2]
      [Code Root Scanning (ms):  0.0]
      [Object Copy (ms):  25.2]
      [Termination (ms):  0.0]
         [Termination Attempts:  1]
      [GC Worker Other (ms):  0.0]
      [GC Worker Total (ms):  36.0]
      [GC Worker End (ms):  18712028.2]
   [Code Root Fixup: 0.0 ms]
   [Code Root Purge: 0.0 ms]
   [Clear CT: 0.1 ms]
   [Other: 0.4 ms]
      [Choose CSet: 0.0 ms]
      [Ref Proc: 0.0 ms]
      [Ref Enq: 0.0 ms]
      [Redirty Cards: 0.0 ms]
      [Humongous Register: 0.0 ms]
      [Humongous Reclaim: 0.0 ms]
      [Free CSet: 0.1 ms]
   [Eden: 46.0M(46.0M)->0.0B(46.0M) Survivors: 5120.0K->5120.0K Heap: 289.0M(1024.0M)->244.5M(1024.0M)]
 [Times: user=0.04 sys=0.00, real=0.03 secs] 
2016-12-19T23:01:10.727+0100: 18735.986: [GC pause (G1 Evacuation Pause) (young), 0.0326934 secs]
   [Parallel Time: 31.7 ms, GC Workers: 1]
      [GC Worker Start (ms):  18735986.8]
      [Ext Root Scanning (ms):  1.8]
      [Update RS (ms):  4.7]
         [Processed Buffers:  38]
      [Scan RS (ms):  5.2]
      [Code Root Scanning (ms):  0.0]
      [Object Copy (ms):  19.7]
      [Termination (ms):  0.0]
         [Termination Attempts:  1]
      [GC Worker Other (ms):  0.0]
      [GC Worker Total (ms):  31.5]
      [GC Worker End (ms):  18736018.3]
   [Code Root Fixup: 0.0 ms]
   [Code Root Purge: 0.0 ms]
   [Clear CT: 0.0 ms]
   [Other: 0.9 ms]
      [Choose CSet: 0.0 ms]
      [Ref Proc: 0.0 ms]
      [Ref Enq: 0.0 ms]
      [Redirty Cards: 0.0 ms]
      [Humongous Register: 0.1 ms]
      [Humongous Reclaim: 0.0 ms]
      [Free CSet: 0.1 ms]
   [Eden: 46.0M(46.0M)->0.0B(47.0M) Survivors: 5120.0K->4096.0K Heap: 290.5M(1024.0M)->244.9M(1024.0M)]
 [Times: user=0.03 sys=0.00, real=0.03 secs] 
2016-12-19T23:01:35.228+0100: 18760.488: [GC pause (G1 Evacuation Pause) (young), 0.0305083 secs]
   [Parallel Time: 29.9 ms, GC Workers: 1]
      [GC Worker Start (ms):  18760488.3]
      [Ext Root Scanning (ms):  3.9]
      [Update RS (ms):  2.9]
         [Processed Buffers:  39]
      [Scan RS (ms):  7.3]
      [Code Root Scanning (ms):  0.0]
      [Object Copy (ms):  15.7]
      [Termination (ms):  0.0]
         [Termination Attempts:  1]
      [GC Worker Other (ms):  0.0]
      [GC Worker Total (ms):  29.9]
      [GC Worker End (ms):  18760518.1]
   [Code Root Fixup: 0.0 ms]
   [Code Root Purge: 0.0 ms]
   [Clear CT: 0.0 ms]
   [Other: 0.5 ms]
      [Choose CSet: 0.0 ms]
      [Ref Proc: 0.0 ms]
      [Ref Enq: 0.0 ms]
      [Redirty Cards: 0.0 ms]
      [Humongous Register: 0.0 ms]
      [Humongous Reclaim: 0.0 ms]
      [Free CSet: 0.1 ms]
   [Eden: 47.0M(47.0M)->0.0B(47.0M) Survivors: 4096.0K->4096.0K Heap: 291.9M(1024.0M)->244.9M(1024.0M)]
 [Times: user=0.03 sys=0.00, real=0.03 secs] 
2016-12-19T23:01:59.592+0100: 18784.852: [GC pause (G1 Evacuation Pause) (young), 0.0376974 secs]
   [Parallel Time: 37.2 ms, GC Workers: 1]
      [GC Worker Start (ms):  18784852.1]
      [Ext Root Scanning (ms):  1.7]
      [Update RS (ms):  11.6]
         [Processed Buffers:  39]
      [Scan RS (ms):  9.9]
      [Code Root Scanning (ms):  0.0]
      [Object Copy (ms):  13.8]
      [Termination (ms):  0.0]
         [Termination Attempts:  1]
      [GC Worker Other (ms):  0.0]
      [GC Worker Total (ms):  37.1]
      [GC Worker End (ms):  18784889.2]
   [Code Root Fixup: 0.1 ms]
   [Code Root Purge: 0.0 ms]
   [Clear CT: 0.0 ms]
   [Other: 0.4 ms]
      [Choose CSet: 0.0 ms]
      [Ref Proc: 0.0 ms]
      [Ref Enq: 0.0 ms]
      [Redirty Cards: 0.0 ms]
      [Humongous Register: 0.1 ms]
      [Humongous Reclaim: 0.0 ms]
      [Free CSet: 0.1 ms]
   [Eden: 47.0M(47.0M)->0.0B(46.0M) Survivors: 4096.0K->5120.0K Heap: 291.9M(1024.0M)->245.9M(1024.0M)]
 [Times: user=0.04 sys=0.00, real=0.04 secs] 
2016-12-19T23:02:25.429+0100: 18810.688: [GC pause (G1 Evacuation Pause) (young), 0.0225372 secs]
   [Parallel Time: 21.9 ms, GC Workers: 1]
      [GC Worker Start (ms):  18810688.7]
      [Ext Root Scanning (ms):  1.5]
      [Update RS (ms):  3.0]
         [Processed Buffers:  38]
      [Scan RS (ms):  4.8]
      [Code Root Scanning (ms):  0.0]
      [Object Copy (ms):  12.4]
      [Termination (ms):  0.0]
         [Termination Attempts:  1]
      [GC Worker Other (ms):  0.0]
      [GC Worker Total (ms):  21.8]
      [GC Worker End (ms):  18810710.5]
   [Code Root Fixup: 0.0 ms]
   [Code Root Purge: 0.0 ms]
   [Clear CT: 0.1 ms]
   [Other: 0.6 ms]
      [Choose CSet: 0.0 ms]
      [Ref Proc: 0.0 ms]
      [Ref Enq: 0.0 ms]
      [Redirty Cards: 0.0 ms]
      [Humongous Register: 0.1 ms]
      [Humongous Reclaim: 0.0 ms]
      [Free CSet: 0.1 ms]
   [Eden: 46.0M(46.0M)->0.0B(47.0M) Survivors: 5120.0K->4096.0K Heap: 291.9M(1024.0M)->246.1M(1024.0M)]
 [Times: user=0.02 sys=0.00, real=0.03 secs] 
2016-12-19T23:02:49.877+0100: 18835.137: [GC pause (G1 Evacuation Pause) (young), 0.0262213 secs]
   [Parallel Time: 24.8 ms, GC Workers: 1]
      [GC Worker Start (ms):  18835137.8]
      [Ext Root Scanning (ms):  1.5]
      [Update RS (ms):  4.3]
         [Processed Buffers:  39]
      [Scan RS (ms):  4.7]
      [Code Root Scanning (ms):  0.0]
      [Object Copy (ms):  14.3]
      [Termination (ms):  0.0]
         [Termination Attempts:  1]
      [GC Worker Other (ms):  0.0]
      [GC Worker Total (ms):  24.8]
      [GC Worker End (ms):  18835162.6]
   [Code Root Fixup: 0.1 ms]
   [Code Root Purge: 0.0 ms]
   [Clear CT: 0.1 ms]
   [Other: 1.3 ms]
      [Choose CSet: 0.0 ms]
      [Ref Proc: 0.0 ms]
      [Ref Enq: 0.0 ms]
      [Redirty Cards: 0.0 ms]
      [Humongous Register: 0.7 ms]
      [Humongous Reclaim: 0.0 ms]
      [Free CSet: 0.1 ms]
   [Eden: 47.0M(47.0M)->0.0B(46.0M) Survivors: 4096.0K->5120.0K Heap: 293.1M(1024.0M)->247.1M(1024.0M)]
 [Times: user=0.03 sys=0.00, real=0.03 secs] 
2016-12-19T23:03:15.125+0100: 18860.385: [GC pause (G1 Evacuation Pause) (young), 0.0228837 secs]
   [Parallel Time: 22.4 ms, GC Workers: 1]
      [GC Worker Start (ms):  18860384.7]
      [Ext Root Scanning (ms):  1.8]
      [Update RS (ms):  3.3]
         [Processed Buffers:  40]
      [Scan RS (ms):  4.7]
      [Code Root Scanning (ms):  0.0]
      [Object Copy (ms):  12.5]
      [Termination (ms):  0.0]
         [Termination Attempts:  1]
      [GC Worker Other (ms):  0.0]
      [GC Worker Total (ms):  22.3]
      [GC Worker End (ms):  18860407.0]
   [Code Root Fixup: 0.0 ms]
   [Code Root Purge: 0.0 ms]
   [Clear CT: 0.0 ms]
   [Other: 0.4 ms]
      [Choose CSet: 0.0 ms]
      [Ref Proc: 0.0 ms]
      [Ref Enq: 0.0 ms]
      [Redirty Cards: 0.0 ms]
      [Humongous Register: 0.0 ms]
      [Humongous Reclaim: 0.0 ms]
      [Free CSet: 0.1 ms]
   [Eden: 46.0M(46.0M)->0.0B(47.0M) Survivors: 5120.0K->4096.0K Heap: 293.1M(1024.0M)->247.7M(1024.0M)]
 [Times: user=0.02 sys=0.00, real=0.02 secs] 
2016-12-19T23:03:40.272+0100: 18885.532: [GC pause (G1 Evacuation Pause) (young), 0.0388275 secs]
   [Parallel Time: 37.9 ms, GC Workers: 1]
      [GC Worker Start (ms):  18885532.3]
      [Ext Root Scanning (ms):  2.6]
      [Update RS (ms):  7.5]
         [Processed Buffers:  39]
      [Scan RS (ms):  6.1]
      [Code Root Scanning (ms):  0.0]
      [Object Copy (ms):  21.7]
      [Termination (ms):  0.0]
         [Termination Attempts:  1]
      [GC Worker Other (ms):  0.0]
      [GC Worker Total (ms):  37.9]
      [GC Worker End (ms):  18885570.2]
   [Code Root Fixup: 0.1 ms]
   [Code Root Purge: 0.0 ms]
   [Clear CT: 0.1 ms]
   [Other: 0.8 ms]
      [Choose CSet: 0.0 ms]
      [Ref Proc: 0.1 ms]
      [Ref Enq: 0.0 ms]
      [Redirty Cards: 0.1 ms]
      [Humongous Register: 0.1 ms]
      [Humongous Reclaim: 0.1 ms]
      [Free CSet: 0.1 ms]
   [Eden: 47.0M(47.0M)->0.0B(45.0M) Survivors: 4096.0K->6144.0K Heap: 294.7M(1024.0M)->249.2M(1024.0M)]
 [Times: user=0.04 sys=0.00, real=0.04 secs] 
2016-12-19T23:04:03.184+0100: 18908.444: [GC pause (G1 Evacuation Pause) (young), 0.0273233 secs]
   [Parallel Time: 26.6 ms, GC Workers: 1]
      [GC Worker Start (ms):  18908444.1]
      [Ext Root Scanning (ms):  2.1]
      [Update RS (ms):  5.5]
         [Processed Buffers:  39]
      [Scan RS (ms):  5.8]
      [Code Root Scanning (ms):  0.0]
      [Object Copy (ms):  13.2]
      [Termination (ms):  0.0]
         [Termination Attempts:  1]
      [GC Worker Other (ms):  0.0]
      [GC Worker Total (ms):  26.5]
      [GC Worker End (ms):  18908470.7]
   [Code Root Fixup: 0.0 ms]
   [Code Root Purge: 0.0 ms]
   [Clear CT: 0.1 ms]
   [Other: 0.6 ms]
      [Choose CSet: 0.0 ms]
      [Ref Proc: 0.0 ms]
      [Ref Enq: 0.0 ms]
      [Redirty Cards: 0.1 ms]
      [Humongous Register: 0.1 ms]
      [Humongous Reclaim: 0.0 ms]
      [Free CSet: 0.1 ms]
   [Eden: 45.0M(45.0M)->0.0B(47.0M) Survivors: 6144.0K->4096.0K Heap: 294.2M(1024.0M)->249.2M(1024.0M)]
 [Times: user=0.03 sys=0.00, real=0.03 secs] 
2016-12-19T23:04:28.030+0100: 18933.290: [GC pause (G1 Evacuation Pause) (young), 0.0274893 secs]
   [Parallel Time: 26.9 ms, GC Workers: 1]
      [GC Worker Start (ms):  18933289.7]
      [Ext Root Scanning (ms):  3.2]
      [Update RS (ms):  3.0]
         [Processed Buffers:  39]
      [Scan RS (ms):  6.5]
      [Code Root Scanning (ms):  0.0]
      [Object Copy (ms):  14.2]
      [Termination (ms):  0.0]
         [Termination Attempts:  1]
      [GC Worker Other (ms):  0.0]
      [GC Worker Total (ms):  26.9]
      [GC Worker End (ms):  18933316.6]
   [Code Root Fixup: 0.1 ms]
   [Code Root Purge: 0.0 ms]
   [Clear CT: 0.0 ms]
   [Other: 0.5 ms]
      [Choose CSet: 0.0 ms]
      [Ref Proc: 0.0 ms]
      [Ref Enq: 0.0 ms]
      [Redirty Cards: 0.0 ms]
      [Humongous Register: 0.1 ms]
      [Humongous Reclaim: 0.0 ms]
      [Free CSet: 0.1 ms]
   [Eden: 47.0M(47.0M)->0.0B(45.0M) Survivors: 4096.0K->6144.0K Heap: 296.2M(1024.0M)->250.7M(1024.0M)]
 [Times: user=0.02 sys=0.00, real=0.03 secs] 
2016-12-19T23:04:51.509+0100: 18956.768: [GC pause (G1 Evacuation Pause) (young), 0.0204949 secs]
   [Parallel Time: 20.1 ms, GC Workers: 1]
      [GC Worker Start (ms):  18956768.3]
      [Ext Root Scanning (ms):  1.0]
      [Update RS (ms):  2.3]
         [Processed Buffers:  38]
      [Scan RS (ms):  4.7]
      [Code Root Scanning (ms):  0.0]
      [Object Copy (ms):  12.1]
      [Termination (ms):  0.0]
         [Termination Attempts:  1]
      [GC Worker Other (ms):  0.0]
      [GC Worker Total (ms):  20.0]
      [GC Worker End (ms):  18956788.3]
   [Code Root Fixup: 0.0 ms]
   [Code Root Purge: 0.0 ms]
   [Clear CT: 0.0 ms]
   [Other: 0.3 ms]
      [Choose CSet: 0.0 ms]
      [Ref Proc: 0.0 ms]
      [Ref Enq: 0.0 ms]
      [Redirty Cards: 0.0 ms]
      [Humongous Register: 0.0 ms]
      [Humongous Reclaim: 0.0 ms]
      [Free CSet: 0.1 ms]
   [Eden: 45.0M(45.0M)->0.0B(47.0M) Survivors: 6144.0K->4096.0K Heap: 295.7M(1024.0M)->250.5M(1024.0M)]
 [Times: user=0.03 sys=0.00, real=0.02 secs] 
2016-12-19T23:05:15.951+0100: 18981.211: [GC pause (G1 Evacuation Pause) (young), 0.0306749 secs]
   [Parallel Time: 29.7 ms, GC Workers: 1]
      [GC Worker Start (ms):  18981211.3]
      [Ext Root Scanning (ms):  2.1]
      [Update RS (ms):  3.5]
         [Processed Buffers:  39]
      [Scan RS (ms):  6.9]
      [Code Root Scanning (ms):  0.0]
      [Object Copy (ms):  17.2]
      [Termination (ms):  0.0]
         [Termination Attempts:  1]
      [GC Worker Other (ms):  0.0]
      [GC Worker Total (ms):  29.7]
      [GC Worker End (ms):  18981241.0]
   [Code Root Fixup: 0.0 ms]
   [Code Root Purge: 0.0 ms]
   [Clear CT: 0.1 ms]
   [Other: 0.8 ms]
      [Choose CSet: 0.0 ms]
      [Ref Proc: 0.2 ms]
      [Ref Enq: 0.0 ms]
      [Redirty Cards: 0.1 ms]
      [Humongous Register: 0.1 ms]
      [Humongous Reclaim: 0.1 ms]
      [Free CSet: 0.1 ms]
   [Eden: 47.0M(47.0M)->0.0B(45.0M) Survivors: 4096.0K->6144.0K Heap: 297.5M(1024.0M)->252.0M(1024.0M)]
 [Times: user=0.03 sys=0.00, real=0.02 secs] 
2016-12-19T23:05:38.555+0100: 19003.815: [GC pause (G1 Evacuation Pause) (young), 0.0230382 secs]
   [Parallel Time: 22.4 ms, GC Workers: 1]
      [GC Worker Start (ms):  19003815.2]
      [Ext Root Scanning (ms):  1.5]
      [Update RS (ms):  2.7]
         [Processed Buffers:  40]
      [Scan RS (ms):  4.9]
      [Code Root Scanning (ms):  0.0]
      [Object Copy (ms):  13.3]
      [Termination (ms):  0.0]
         [Termination Attempts:  1]
      [GC Worker Other (ms):  0.0]
      [GC Worker Total (ms):  22.4]
      [GC Worker End (ms):  19003837.6]
   [Code Root Fixup: 0.1 ms]
   [Code Root Purge: 0.0 ms]
   [Clear CT: 0.0 ms]
   [Other: 0.5 ms]
      [Choose CSet: 0.0 ms]
      [Ref Proc: 0.1 ms]
      [Ref Enq: 0.0 ms]
      [Redirty Cards: 0.0 ms]
      [Humongous Register: 0.1 ms]
      [Humongous Reclaim: 0.0 ms]
      [Free CSet: 0.1 ms]
   [Eden: 45.0M(45.0M)->0.0B(47.0M) Survivors: 6144.0K->4096.0K Heap: 297.0M(1024.0M)->252.0M(1024.0M)]
 [Times: user=0.03 sys=0.00, real=0.02 secs] 
2016-12-19T23:06:02.077+0100: 19027.337: [GC pause (G1 Evacuation Pause) (young), 0.0246268 secs]
   [Parallel Time: 23.6 ms, GC Workers: 1]
      [GC Worker Start (ms):  19027337.6]
      [Ext Root Scanning (ms):  2.1]
      [Update RS (ms):  3.4]
         [Processed Buffers:  40]
      [Scan RS (ms):  5.5]
      [Code Root Scanning (ms):  0.0]
      [Object Copy (ms):  12.5]
      [Termination (ms):  0.0]
         [Termination Attempts:  1]
      [GC Worker Other (ms):  0.0]
      [GC Worker Total (ms):  23.6]
      [GC Worker End (ms):  19027361.2]
   [Code Root Fixup: 0.1 ms]
   [Code Root Purge: 0.0 ms]
   [Clear CT: 0.1 ms]
   [Other: 0.8 ms]
      [Choose CSet: 0.1 ms]
      [Ref Proc: 0.0 ms]
      [Ref Enq: 0.0 ms]
      [Redirty Cards: 0.0 ms]
      [Humongous Register: 0.3 ms]
      [Humongous Reclaim: 0.0 ms]
      [Free CSet: 0.1 ms]
   [Eden: 47.0M(47.0M)->0.0B(46.0M) Survivors: 4096.0K->5120.0K Heap: 299.0M(1024.0M)->253.5M(1024.0M)]
 [Times: user=0.02 sys=0.00, real=0.02 secs] 
2016-12-19T23:06:26.018+0100: 19051.278: [GC pause (G1 Evacuation Pause) (young), 0.0240031 secs]
   [Parallel Time: 23.2 ms, GC Workers: 1]
      [GC Worker Start (ms):  19051278.4]
      [Ext Root Scanning (ms):  2.9]
      [Update RS (ms):  3.6]
         [Processed Buffers:  39]
      [Scan RS (ms):  5.1]
      [Code Root Scanning (ms):  0.0]
      [Object Copy (ms):  11.5]
      [Termination (ms):  0.0]
         [Termination Attempts:  1]
      [GC Worker Other (ms):  0.0]
      [GC Worker Total (ms):  23.1]
      [GC Worker End (ms):  19051301.5]
   [Code Root Fixup: 0.1 ms]
   [Code Root Purge: 0.0 ms]
   [Clear CT: 0.1 ms]
   [Other: 0.7 ms]
      [Choose CSet: 0.0 ms]
      [Ref Proc: 0.0 ms]
      [Ref Enq: 0.0 ms]
      [Redirty Cards: 0.0 ms]
      [Humongous Register: 0.1 ms]
      [Humongous Reclaim: 0.0 ms]
      [Free CSet: 0.1 ms]
   [Eden: 46.0M(46.0M)->0.0B(47.0M) Survivors: 5120.0K->4096.0K Heap: 299.5M(1024.0M)->254.3M(1024.0M)]
 [Times: user=0.03 sys=0.00, real=0.02 secs] 
2016-12-19T23:06:50.369+0100: 19075.629: [GC pause (G1 Evacuation Pause) (young), 0.0213823 secs]
   [Parallel Time: 20.9 ms, GC Workers: 1]
      [GC Worker Start (ms):  19075629.1]
      [Ext Root Scanning (ms):  3.1]
      [Update RS (ms):  3.8]
         [Processed Buffers:  38]
      [Scan RS (ms):  4.8]
      [Code Root Scanning (ms):  0.0]
      [Object Copy (ms):  9.2]
      [Termination (ms):  0.0]
         [Termination Attempts:  1]
      [GC Worker Other (ms):  0.0]
      [GC Worker Total (ms):  20.9]
      [GC Worker End (ms):  19075650.0]
   [Code Root Fixup: 0.0 ms]
   [Code Root Purge: 0.0 ms]
   [Clear CT: 0.0 ms]
   [Other: 0.4 ms]
      [Choose CSet: 0.0 ms]
      [Ref Proc: 0.0 ms]
      [Ref Enq: 0.0 ms]
      [Redirty Cards: 0.0 ms]
      [Humongous Register: 0.0 ms]
      [Humongous Reclaim: 0.0 ms]
      [Free CSet: 0.1 ms]
   [Eden: 47.0M(47.0M)->0.0B(47.0M) Survivors: 4096.0K->4096.0K Heap: 301.3M(1024.0M)->254.3M(1024.0M)]
 [Times: user=0.02 sys=0.00, real=0.03 secs] 
2016-12-19T23:07:16.762+0100: 19102.022: [GC pause (G1 Evacuation Pause) (young), 0.0199898 secs]
   [Parallel Time: 19.5 ms, GC Workers: 1]
      [GC Worker Start (ms):  19102021.9]
      [Ext Root Scanning (ms):  1.0]
      [Update RS (ms):  2.9]
         [Processed Buffers:  41]
      [Scan RS (ms):  4.4]
      [Code Root Scanning (ms):  0.0]
      [Object Copy (ms):  11.0]
      [Termination (ms):  0.0]
         [Termination Attempts:  1]
      [GC Worker Other (ms):  0.0]
      [GC Worker Total (ms):  19.4]
      [GC Worker End (ms):  19102041.4]
   [Code Root Fixup: 0.1 ms]
   [Code Root Purge: 0.0 ms]
   [Clear CT: 0.0 ms]
   [Other: 0.4 ms]
      [Choose CSet: 0.0 ms]
      [Ref Proc: 0.0 ms]
      [Ref Enq: 0.0 ms]
      [Redirty Cards: 0.0 ms]
      [Humongous Register: 0.0 ms]
      [Humongous Reclaim: 0.0 ms]
      [Free CSet: 0.1 ms]
   [Eden: 47.0M(47.0M)->0.0B(46.0M) Survivors: 4096.0K->5120.0K Heap: 301.3M(1024.0M)->255.3M(1024.0M)]
 [Times: user=0.02 sys=0.00, real=0.03 secs] 
2016-12-19T23:07:40.451+0100: 19125.711: [GC pause (G1 Evacuation Pause) (young), 0.0205625 secs]
   [Parallel Time: 20.1 ms, GC Workers: 1]
      [GC Worker Start (ms):  19125711.1]
      [Ext Root Scanning (ms):  1.1]
      [Update RS (ms):  3.1]
         [Processed Buffers:  41]
      [Scan RS (ms):  4.5]
      [Code Root Scanning (ms):  0.0]
      [Object Copy (ms):  11.4]
      [Termination (ms):  0.0]
         [Termination Attempts:  1]
      [GC Worker Other (ms):  0.0]
      [GC Worker Total (ms):  20.0]
      [GC Worker End (ms):  19125731.2]
   [Code Root Fixup: 0.0 ms]
   [Code Root Purge: 0.0 ms]
   [Clear CT: 0.0 ms]
   [Other: 0.4 ms]
      [Choose CSet: 0.0 ms]
      [Ref Proc: 0.0 ms]
      [Ref Enq: 0.0 ms]
      [Redirty Cards: 0.0 ms]
      [Humongous Register: 0.1 ms]
      [Humongous Reclaim: 0.0 ms]
      [Free CSet: 0.1 ms]
   [Eden: 46.0M(46.0M)->0.0B(47.0M) Survivors: 5120.0K->4096.0K Heap: 301.3M(1024.0M)->255.6M(1024.0M)]
 [Times: user=0.02 sys=0.00, real=0.02 secs] 
2016-12-19T23:08:05.181+0100: 19150.440: [GC pause (G1 Evacuation Pause) (young), 0.0380376 secs]
   [Parallel Time: 37.0 ms, GC Workers: 1]
      [GC Worker Start (ms):  19150440.4]
      [Ext Root Scanning (ms):  2.4]
      [Update RS (ms):  3.8]
         [Processed Buffers:  40]
      [Scan RS (ms):  7.0]
      [Code Root Scanning (ms):  0.0]
      [Object Copy (ms):  23.6]
      [Termination (ms):  0.0]
         [Termination Attempts:  1]
      [GC Worker Other (ms):  0.0]
      [GC Worker Total (ms):  36.9]
      [GC Worker End (ms):  19150477.4]
   [Code Root Fixup: 0.1 ms]
   [Code Root Purge: 0.0 ms]
   [Clear CT: 0.1 ms]
   [Other: 0.9 ms]
      [Choose CSet: 0.0 ms]
      [Ref Proc: 0.1 ms]
      [Ref Enq: 0.0 ms]
      [Redirty Cards: 0.2 ms]
      [Humongous Register: 0.1 ms]
      [Humongous Reclaim: 0.2 ms]
      [Free CSet: 0.1 ms]
   [Eden: 47.0M(47.0M)->0.0B(46.0M) Survivors: 4096.0K->5120.0K Heap: 302.6M(1024.0M)->256.6M(1024.0M)]
 [Times: user=0.04 sys=0.00, real=0.04 secs] 
2016-12-19T23:08:29.453+0100: 19174.713: [GC pause (G1 Evacuation Pause) (young), 0.0334103 secs]
   [Parallel Time: 32.9 ms, GC Workers: 1]
      [GC Worker Start (ms):  19174713.1]
      [Ext Root Scanning (ms):  1.9]
      [Update RS (ms):  3.1]
         [Processed Buffers:  41]
      [Scan RS (ms):  4.9]
      [Code Root Scanning (ms):  0.0]
      [Object Copy (ms):  22.9]
      [Termination (ms):  0.0]
         [Termination Attempts:  1]
      [GC Worker Other (ms):  0.0]
      [GC Worker Total (ms):  32.8]
      [GC Worker End (ms):  19174746.0]
   [Code Root Fixup: 0.0 ms]
   [Code Root Purge: 0.0 ms]
   [Clear CT: 0.0 ms]
   [Other: 0.4 ms]
      [Choose CSet: 0.0 ms]
      [Ref Proc: 0.0 ms]
      [Ref Enq: 0.0 ms]
      [Redirty Cards: 0.0 ms]
      [Humongous Register: 0.1 ms]
      [Humongous Reclaim: 0.0 ms]
      [Free CSet: 0.1 ms]
   [Eden: 46.0M(46.0M)->0.0B(47.0M) Survivors: 5120.0K->4096.0K Heap: 302.6M(1024.0M)->257.2M(1024.0M)]
 [Times: user=0.04 sys=0.00, real=0.03 secs] 
2016-12-19T23:08:54.194+0100: 19199.454: [GC pause (G1 Evacuation Pause) (young), 0.0209081 secs]
   [Parallel Time: 20.4 ms, GC Workers: 1]
      [GC Worker Start (ms):  19199454.2]
      [Ext Root Scanning (ms):  1.2]
      [Update RS (ms):  2.7]
         [Processed Buffers:  39]
      [Scan RS (ms):  4.6]
      [Code Root Scanning (ms):  0.0]
      [Object Copy (ms):  11.9]
      [Termination (ms):  0.0]
         [Termination Attempts:  1]
      [GC Worker Other (ms):  0.0]
      [GC Worker Total (ms):  20.3]
      [GC Worker End (ms):  19199474.5]
   [Code Root Fixup: 0.0 ms]
   [Code Root Purge: 0.0 ms]
   [Clear CT: 0.1 ms]
   [Other: 0.4 ms]
      [Choose CSet: 0.0 ms]
      [Ref Proc: 0.0 ms]
      [Ref Enq: 0.0 ms]
      [Redirty Cards: 0.0 ms]
      [Humongous Register: 0.0 ms]
      [Humongous Reclaim: 0.0 ms]
      [Free CSet: 0.1 ms]
   [Eden: 47.0M(47.0M)->0.0B(45.0M) Survivors: 4096.0K->6144.0K Heap: 304.2M(1024.0M)->258.7M(1024.0M)]
 [Times: user=0.02 sys=0.00, real=0.02 secs] 
2016-12-19T23:09:18.523+0100: 19223.783: [GC pause (G1 Evacuation Pause) (young), 0.0490865 secs]
   [Parallel Time: 48.5 ms, GC Workers: 1]
      [GC Worker Start (ms):  19223783.3]
      [Ext Root Scanning (ms):  1.5]
      [Update RS (ms):  6.8]
         [Processed Buffers:  41]
      [Scan RS (ms):  17.5]
      [Code Root Scanning (ms):  0.0]
      [Object Copy (ms):  22.7]
      [Termination (ms):  0.0]
         [Termination Attempts:  1]
      [GC Worker Other (ms):  0.0]
      [GC Worker Total (ms):  48.5]
      [GC Worker End (ms):  19223831.7]
   [Code Root Fixup: 0.1 ms]
   [Code Root Purge: 0.0 ms]
   [Clear CT: 0.1 ms]
   [Other: 0.5 ms]
      [Choose CSet: 0.0 ms]
      [Ref Proc: 0.0 ms]
      [Ref Enq: 0.0 ms]
      [Redirty Cards: 0.0 ms]
      [Humongous Register: 0.1 ms]
      [Humongous Reclaim: 0.0 ms]
      [Free CSet: 0.1 ms]
   [Eden: 45.0M(45.0M)->0.0B(47.0M) Survivors: 6144.0K->4096.0K Heap: 303.7M(1024.0M)->258.7M(1024.0M)]
 [Times: user=0.05 sys=0.00, real=0.05 secs] 
2016-12-19T23:09:43.433+0100: 19248.692: [GC pause (G1 Evacuation Pause) (young), 0.0560597 secs]
   [Parallel Time: 55.6 ms, GC Workers: 1]
      [GC Worker Start (ms):  19248692.6]
      [Ext Root Scanning (ms):  3.0]
      [Update RS (ms):  11.6]
         [Processed Buffers:  40]
      [Scan RS (ms):  10.7]
      [Code Root Scanning (ms):  0.0]
      [Object Copy (ms):  26.0]
      [Termination (ms):  0.0]
         [Termination Attempts:  1]
      [GC Worker Other (ms):  0.0]
      [GC Worker Total (ms):  51.4]
      [GC Worker End (ms):  19248744.0]
   [Code Root Fixup: 0.1 ms]
   [Code Root Purge: 0.0 ms]
   [Clear CT: 0.0 ms]
   [Other: 0.4 ms]
      [Choose CSet: 0.0 ms]
      [Ref Proc: 0.0 ms]
      [Ref Enq: 0.0 ms]
      [Redirty Cards: 0.0 ms]
      [Humongous Register: 0.0 ms]
      [Humongous Reclaim: 0.0 ms]
      [Free CSet: 0.1 ms]
   [Eden: 47.0M(47.0M)->0.0B(45.0M) Survivors: 4096.0K->6144.0K Heap: 305.7M(1024.0M)->260.2M(1024.0M)]
 [Times: user=0.02 sys=0.00, real=0.05 secs] 
2016-12-19T23:10:07.912+0100: 19273.171: [GC pause (G1 Evacuation Pause) (young), 0.0293923 secs]
   [Parallel Time: 28.8 ms, GC Workers: 1]
      [GC Worker Start (ms):  19273171.4]
      [Ext Root Scanning (ms):  2.9]
      [Update RS (ms):  3.4]
         [Processed Buffers:  39]
      [Scan RS (ms):  4.6]
      [Code Root Scanning (ms):  0.0]
      [Object Copy (ms):  17.8]
      [Termination (ms):  0.0]
         [Termination Attempts:  1]
      [GC Worker Other (ms):  0.0]
      [GC Worker Total (ms):  28.8]
      [GC Worker End (ms):  19273200.2]
   [Code Root Fixup: 0.1 ms]
   [Code Root Purge: 0.0 ms]
   [Clear CT: 0.0 ms]
   [Other: 0.5 ms]
      [Choose CSet: 0.0 ms]
      [Ref Proc: 0.0 ms]
      [Ref Enq: 0.0 ms]
      [Redirty Cards: 0.0 ms]
      [Humongous Register: 0.1 ms]
      [Humongous Reclaim: 0.1 ms]
      [Free CSet: 0.1 ms]
   [Eden: 45.0M(45.0M)->0.0B(47.0M) Survivors: 6144.0K->4096.0K Heap: 305.2M(1024.0M)->260.2M(1024.0M)]
 [Times: user=0.03 sys=0.00, real=0.02 secs] 
2016-12-19T23:10:31.970+0100: 19297.230: [GC pause (G1 Evacuation Pause) (young), 0.0232572 secs]
   [Parallel Time: 22.6 ms, GC Workers: 1]
      [GC Worker Start (ms):  19297230.0]
      [Ext Root Scanning (ms):  1.2]
      [Update RS (ms):  2.9]
         [Processed Buffers:  40]
      [Scan RS (ms):  5.1]
      [Code Root Scanning (ms):  0.0]
      [Object Copy (ms):  13.3]
      [Termination (ms):  0.0]
         [Termination Attempts:  1]
      [GC Worker Other (ms):  0.0]
      [GC Worker Total (ms):  22.5]
      [GC Worker End (ms):  19297252.6]
   [Code Root Fixup: 0.0 ms]
   [Code Root Purge: 0.0 ms]
   [Clear CT: 0.1 ms]
   [Other: 0.5 ms]
      [Choose CSet: 0.0 ms]
      [Ref Proc: 0.0 ms]
      [Ref Enq: 0.0 ms]
      [Redirty Cards: 0.0 ms]
      [Humongous Register: 0.1 ms]
      [Humongous Reclaim: 0.0 ms]
      [Free CSet: 0.1 ms]
   [Eden: 47.0M(47.0M)->0.0B(46.0M) Survivors: 4096.0K->5120.0K Heap: 307.2M(1024.0M)->261.7M(1024.0M)]
 [Times: user=0.02 sys=0.00, real=0.02 secs] 
2016-12-19T23:10:54.485+0100: 19319.745: [GC pause (G1 Evacuation Pause) (young), 0.0391013 secs]
   [Parallel Time: 38.5 ms, GC Workers: 1]
      [GC Worker Start (ms):  19319744.9]
      [Ext Root Scanning (ms):  1.9]
      [Update RS (ms):  5.4]
         [Processed Buffers:  39]
      [Scan RS (ms):  8.7]
      [Code Root Scanning (ms):  0.0]
      [Object Copy (ms):  22.4]
      [Termination (ms):  0.0]
         [Termination Attempts:  1]
      [GC Worker Other (ms):  0.0]
      [GC Worker Total (ms):  38.4]
      [GC Worker End (ms):  19319783.3]
   [Code Root Fixup: 0.1 ms]
   [Code Root Purge: 0.0 ms]
   [Clear CT: 0.1 ms]
   [Other: 0.5 ms]
      [Choose CSet: 0.0 ms]
      [Ref Proc: 0.0 ms]
      [Ref Enq: 0.0 ms]
      [Redirty Cards: 0.1 ms]
      [Humongous Register: 0.1 ms]
      [Humongous Reclaim: 0.0 ms]
      [Free CSet: 0.1 ms]
   [Eden: 46.0M(46.0M)->0.0B(47.0M) Survivors: 5120.0K->4096.0K Heap: 307.7M(1024.0M)->262.7M(1024.0M)]
 [Times: user=0.04 sys=0.00, real=0.04 secs] 
2016-12-19T23:11:18.443+0100: 19343.703: [GC pause (G1 Evacuation Pause) (young), 0.0568583 secs]
   [Parallel Time: 55.8 ms, GC Workers: 1]
      [GC Worker Start (ms):  19343703.2]
      [Ext Root Scanning (ms):  6.8]
      [Update RS (ms):  16.3]
         [Processed Buffers:  38]
      [Scan RS (ms):  10.3]
      [Code Root Scanning (ms):  0.0]
      [Object Copy (ms):  22.3]
      [Termination (ms):  0.0]
         [Termination Attempts:  1]
      [GC Worker Other (ms):  0.0]
      [GC Worker Total (ms):  55.7]
      [GC Worker End (ms):  19343758.9]
   [Code Root Fixup: 0.1 ms]
   [Code Root Purge: 0.0 ms]
   [Clear CT: 0.1 ms]
   [Other: 0.9 ms]
      [Choose CSet: 0.0 ms]
      [Ref Proc: 0.0 ms]
      [Ref Enq: 0.0 ms]
      [Redirty Cards: 0.1 ms]
      [Humongous Register: 0.1 ms]
      [Humongous Reclaim: 0.1 ms]
      [Free CSet: 0.1 ms]
   [Eden: 47.0M(47.0M)->0.0B(47.0M) Survivors: 4096.0K->4096.0K Heap: 309.7M(1024.0M)->262.7M(1024.0M)]
 [Times: user=0.05 sys=0.00, real=0.05 secs] 
2016-12-19T23:11:42.741+0100: 19368.001: [GC pause (G1 Evacuation Pause) (young), 0.0254283 secs]
   [Parallel Time: 24.8 ms, GC Workers: 1]
      [GC Worker Start (ms):  19368001.2]
      [Ext Root Scanning (ms):  1.2]
      [Update RS (ms):  3.8]
         [Processed Buffers:  40]
      [Scan RS (ms):  4.7]
      [Code Root Scanning (ms):  0.0]
      [Object Copy (ms):  15.0]
      [Termination (ms):  0.0]
         [Termination Attempts:  1]
      [GC Worker Other (ms):  0.0]
      [GC Worker Total (ms):  24.8]
      [GC Worker End (ms):  19368026.0]
   [Code Root Fixup: 0.0 ms]
   [Code Root Purge: 0.0 ms]
   [Clear CT: 0.1 ms]
   [Other: 0.5 ms]
      [Choose CSet: 0.0 ms]
      [Ref Proc: 0.0 ms]
      [Ref Enq: 0.0 ms]
      [Redirty Cards: 0.0 ms]
      [Humongous Register: 0.1 ms]
      [Humongous Reclaim: 0.1 ms]
      [Free CSet: 0.1 ms]
   [Eden: 47.0M(47.0M)->0.0B(46.0M) Survivors: 4096.0K->5120.0K Heap: 309.7M(1024.0M)->263.7M(1024.0M)]
 [Times: user=0.02 sys=0.00, real=0.03 secs] 
2016-12-19T23:12:07.271+0100: 19392.531: [GC pause (G1 Evacuation Pause) (young), 0.0254734 secs]
   [Parallel Time: 24.8 ms, GC Workers: 1]
      [GC Worker Start (ms):  19392531.0]
      [Ext Root Scanning (ms):  1.1]
      [Update RS (ms):  2.9]
         [Processed Buffers:  38]
      [Scan RS (ms):  5.5]
      [Code Root Scanning (ms):  0.0]
      [Object Copy (ms):  15.3]
      [Termination (ms):  0.0]
         [Termination Attempts:  1]
      [GC Worker Other (ms):  0.0]
      [GC Worker Total (ms):  24.8]
      [GC Worker End (ms):  19392555.7]
   [Code Root Fixup: 0.1 ms]
   [Code Root Purge: 0.0 ms]
   [Clear CT: 0.1 ms]
   [Other: 0.5 ms]
      [Choose CSet: 0.0 ms]
      [Ref Proc: 0.0 ms]
      [Ref Enq: 0.0 ms]
      [Redirty Cards: 0.0 ms]
      [Humongous Register: 0.1 ms]
      [Humongous Reclaim: 0.0 ms]
      [Free CSet: 0.1 ms]
   [Eden: 46.0M(46.0M)->0.0B(47.0M) Survivors: 5120.0K->4096.0K Heap: 309.7M(1024.0M)->263.9M(1024.0M)]
 [Times: user=0.03 sys=0.00, real=0.02 secs] 
2016-12-19T23:12:32.644+0100: 19417.904: [GC pause (G1 Evacuation Pause) (young), 0.0311624 secs]
   [Parallel Time: 29.9 ms, GC Workers: 1]
      [GC Worker Start (ms):  19417904.3]
      [Ext Root Scanning (ms):  1.9]
      [Update RS (ms):  4.8]
         [Processed Buffers:  40]
      [Scan RS (ms):  6.3]
      [Code Root Scanning (ms):  0.0]
      [Object Copy (ms):  16.8]
      [Termination (ms):  0.0]
         [Termination Attempts:  1]
      [GC Worker Other (ms):  0.0]
      [GC Worker Total (ms):  29.8]
      [GC Worker End (ms):  19417934.2]
   [Code Root Fixup: 0.2 ms]
   [Code Root Purge: 0.0 ms]
   [Clear CT: 0.1 ms]
   [Other: 1.0 ms]
      [Choose CSet: 0.0 ms]
      [Ref Proc: 0.1 ms]
      [Ref Enq: 0.0 ms]
      [Redirty Cards: 0.0 ms]
      [Humongous Register: 0.2 ms]
      [Humongous Reclaim: 0.0 ms]
      [Free CSet: 0.1 ms]
   [Eden: 47.0M(47.0M)->0.0B(46.0M) Survivors: 4096.0K->5120.0K Heap: 310.9M(1024.0M)->264.9M(1024.0M)]
 [Times: user=0.03 sys=0.00, real=0.03 secs] 
2016-12-19T23:12:55.825+0100: 19441.085: [GC pause (G1 Evacuation Pause) (young), 0.0237744 secs]
   [Parallel Time: 23.3 ms, GC Workers: 1]
      [GC Worker Start (ms):  19441085.3]
      [Ext Root Scanning (ms):  1.2]
      [Update RS (ms):  3.0]
         [Processed Buffers:  38]
      [Scan RS (ms):  4.6]
      [Code Root Scanning (ms):  0.0]
      [Object Copy (ms):  14.4]
      [Termination (ms):  0.0]
         [Termination Attempts:  1]
      [GC Worker Other (ms):  0.0]
      [GC Worker Total (ms):  23.2]
      [GC Worker End (ms):  19441108.5]
   [Code Root Fixup: 0.0 ms]
   [Code Root Purge: 0.0 ms]
   [Clear CT: 0.1 ms]
   [Other: 0.4 ms]
      [Choose CSet: 0.0 ms]
      [Ref Proc: 0.0 ms]
      [Ref Enq: 0.0 ms]
      [Redirty Cards: 0.0 ms]
      [Humongous Register: 0.0 ms]
      [Humongous Reclaim: 0.0 ms]
      [Free CSet: 0.1 ms]
   [Eden: 46.0M(46.0M)->0.0B(47.0M) Survivors: 5120.0K->4096.0K Heap: 310.9M(1024.0M)->265.5M(1024.0M)]
 [Times: user=0.03 sys=0.00, real=0.02 secs] 
2016-12-19T23:13:22.410+0100: 19467.670: [GC pause (G1 Evacuation Pause) (young), 0.0398493 secs]
   [Parallel Time: 38.9 ms, GC Workers: 1]
      [GC Worker Start (ms):  19467670.2]
      [Ext Root Scanning (ms):  1.1]
      [Update RS (ms):  3.5]
         [Processed Buffers:  39]
      [Scan RS (ms):  8.1]
      [Code Root Scanning (ms):  0.0]
      [Object Copy (ms):  26.1]
      [Termination (ms):  0.0]
         [Termination Attempts:  1]
      [GC Worker Other (ms):  0.0]
      [GC Worker Total (ms):  38.9]
      [GC Worker End (ms):  19467709.1]
   [Code Root Fixup: 0.1 ms]
   [Code Root Purge: 0.0 ms]
   [Clear CT: 0.1 ms]
   [Other: 0.7 ms]
      [Choose CSet: 0.0 ms]
      [Ref Proc: 0.1 ms]
      [Ref Enq: 0.0 ms]
      [Redirty Cards: 0.1 ms]
      [Humongous Register: 0.0 ms]
      [Humongous Reclaim: 0.1 ms]
      [Free CSet: 0.2 ms]
   [Eden: 47.0M(47.0M)->0.0B(45.0M) Survivors: 4096.0K->6144.0K Heap: 312.5M(1024.0M)->267.0M(1024.0M)]
 [Times: user=0.04 sys=0.00, real=0.04 secs] 
2016-12-19T23:13:47.957+0100: 19493.217: [GC pause (G1 Evacuation Pause) (young), 0.0235229 secs]
   [Parallel Time: 22.7 ms, GC Workers: 1]
      [GC Worker Start (ms):  19493217.5]
      [Ext Root Scanning (ms):  2.1]
      [Update RS (ms):  3.4]
         [Processed Buffers:  38]
      [Scan RS (ms):  4.5]
      [Code Root Scanning (ms):  0.0]
      [Object Copy (ms):  12.6]
      [Termination (ms):  0.0]
         [Termination Attempts:  1]
      [GC Worker Other (ms):  0.0]
      [GC Worker Total (ms):  22.6]
      [GC Worker End (ms):  19493240.1]
   [Code Root Fixup: 0.1 ms]
   [Code Root Purge: 0.0 ms]
   [Clear CT: 0.0 ms]
   [Other: 0.7 ms]
      [Choose CSet: 0.0 ms]
      [Ref Proc: 0.0 ms]
      [Ref Enq: 0.0 ms]
      [Redirty Cards: 0.0 ms]
      [Humongous Register: 0.3 ms]
      [Humongous Reclaim: 0.0 ms]
      [Free CSet: 0.1 ms]
   [Eden: 45.0M(45.0M)->0.0B(47.0M) Survivors: 6144.0K->4096.0K Heap: 312.0M(1024.0M)->266.7M(1024.0M)]
 [Times: user=0.03 sys=0.00, real=0.02 secs] 
2016-12-19T23:14:11.937+0100: 19517.197: [GC pause (G1 Evacuation Pause) (young), 0.0262753 secs]
   [Parallel Time: 25.4 ms, GC Workers: 1]
      [GC Worker Start (ms):  19517196.9]
      [Ext Root Scanning (ms):  1.3]
      [Update RS (ms):  3.8]
         [Processed Buffers:  40]
      [Scan RS (ms):  5.4]
      [Code Root Scanning (ms):  0.0]
      [Object Copy (ms):  14.9]
      [Termination (ms):  0.0]
         [Termination Attempts:  1]
      [GC Worker Other (ms):  0.0]
      [GC Worker Total (ms):  25.4]
      [GC Worker End (ms):  19517222.3]
   [Code Root Fixup: 0.1 ms]
   [Code Root Purge: 0.0 ms]
   [Clear CT: 0.1 ms]
   [Other: 0.7 ms]
      [Choose CSet: 0.0 ms]
      [Ref Proc: 0.1 ms]
      [Ref Enq: 0.0 ms]
      [Redirty Cards: 0.0 ms]
      [Humongous Register: 0.0 ms]
      [Humongous Reclaim: 0.0 ms]
      [Free CSet: 0.1 ms]
   [Eden: 47.0M(47.0M)->0.0B(45.0M) Survivors: 4096.0K->6144.0K Heap: 313.7M(1024.0M)->268.2M(1024.0M)]
 [Times: user=0.02 sys=0.00, real=0.03 secs] 
2016-12-19T23:14:37.678+0100: 19542.937: [GC pause (G1 Evacuation Pause) (young), 0.0283941 secs]
   [Parallel Time: 27.6 ms, GC Workers: 1]
      [GC Worker Start (ms):  19542937.7]
      [Ext Root Scanning (ms):  1.9]
      [Update RS (ms):  4.9]
         [Processed Buffers:  37]
      [Scan RS (ms):  6.2]
      [Code Root Scanning (ms):  0.0]
      [Object Copy (ms):  14.5]
      [Termination (ms):  0.0]
         [Termination Attempts:  1]
      [GC Worker Other (ms):  0.0]
      [GC Worker Total (ms):  27.5]
      [GC Worker End (ms):  19542965.2]
   [Code Root Fixup: 0.1 ms]
   [Code Root Purge: 0.0 ms]
   [Clear CT: 0.1 ms]
   [Other: 0.7 ms]
      [Choose CSet: 0.0 ms]
      [Ref Proc: 0.0 ms]
      [Ref Enq: 0.0 ms]
      [Redirty Cards: 0.0 ms]
      [Humongous Register: 0.2 ms]
      [Humongous Reclaim: 0.0 ms]
      [Free CSet: 0.1 ms]
   [Eden: 45.0M(45.0M)->0.0B(47.0M) Survivors: 6144.0K->4096.0K Heap: 313.2M(1024.0M)->268.2M(1024.0M)]
 [Times: user=0.02 sys=0.00, real=0.03 secs] 
2016-12-19T23:15:03.081+0100: 19568.341: [GC pause (G1 Evacuation Pause) (young), 0.0247156 secs]
   [Parallel Time: 24.1 ms, GC Workers: 1]
      [GC Worker Start (ms):  19568340.8]
      [Ext Root Scanning (ms):  1.1]
      [Update RS (ms):  4.1]
         [Processed Buffers:  38]
      [Scan RS (ms):  4.9]
      [Code Root Scanning (ms):  0.0]
      [Object Copy (ms):  14.0]
      [Termination (ms):  0.0]
         [Termination Attempts:  1]
      [GC Worker Other (ms):  0.0]
      [GC Worker Total (ms):  24.1]
      [GC Worker End (ms):  19568364.9]
   [Code Root Fixup: 0.0 ms]
   [Code Root Purge: 0.0 ms]
   [Clear CT: 0.1 ms]
   [Other: 0.5 ms]
      [Choose CSet: 0.0 ms]
      [Ref Proc: 0.0 ms]
      [Ref Enq: 0.0 ms]
      [Redirty Cards: 0.0 ms]
      [Humongous Register: 0.1 ms]
      [Humongous Reclaim: 0.0 ms]
      [Free CSet: 0.1 ms]
   [Eden: 47.0M(47.0M)->0.0B(45.0M) Survivors: 4096.0K->6144.0K Heap: 315.2M(1024.0M)->269.7M(1024.0M)]
 [Times: user=0.02 sys=0.00, real=0.03 secs] 
2016-12-19T23:15:25.872+0100: 19591.132: [GC pause (G1 Evacuation Pause) (young), 0.0232121 secs]
   [Parallel Time: 22.7 ms, GC Workers: 1]
      [GC Worker Start (ms):  19591131.9]
      [Ext Root Scanning (ms):  0.9]
      [Update RS (ms):  2.5]
         [Processed Buffers:  38]
      [Scan RS (ms):  5.7]
      [Code Root Scanning (ms):  0.0]
      [Object Copy (ms):  13.6]
      [Termination (ms):  0.0]
         [Termination Attempts:  1]
      [GC Worker Other (ms):  0.0]
      [GC Worker Total (ms):  22.7]
      [GC Worker End (ms):  19591154.6]
   [Code Root Fixup: 0.0 ms]
   [Code Root Purge: 0.0 ms]
   [Clear CT: 0.0 ms]
   [Other: 0.4 ms]
      [Choose CSet: 0.0 ms]
      [Ref Proc: 0.0 ms]
      [Ref Enq: 0.0 ms]
      [Redirty Cards: 0.0 ms]
      [Humongous Register: 0.0 ms]
      [Humongous Reclaim: 0.0 ms]
      [Free CSet: 0.1 ms]
   [Eden: 45.0M(45.0M)->0.0B(47.0M) Survivors: 6144.0K->4096.0K Heap: 314.7M(1024.0M)->269.7M(1024.0M)]
 [Times: user=0.02 sys=0.00, real=0.02 secs] 
2016-12-19T23:15:49.998+0100: 19615.258: [GC pause (G1 Evacuation Pause) (young), 0.0235546 secs]
   [Parallel Time: 22.9 ms, GC Workers: 1]
      [GC Worker Start (ms):  19615258.2]
      [Ext Root Scanning (ms):  1.8]
      [Update RS (ms):  3.7]
         [Processed Buffers:  38]
      [Scan RS (ms):  5.5]
      [Code Root Scanning (ms):  0.0]
      [Object Copy (ms):  11.8]
      [Termination (ms):  0.0]
         [Termination Attempts:  1]
      [GC Worker Other (ms):  0.0]
      [GC Worker Total (ms):  22.8]
      [GC Worker End (ms):  19615281.0]
   [Code Root Fixup: 0.1 ms]
   [Code Root Purge: 0.0 ms]
   [Clear CT: 0.1 ms]
   [Other: 0.6 ms]
      [Choose CSet: 0.0 ms]
      [Ref Proc: 0.0 ms]
      [Ref Enq: 0.0 ms]
      [Redirty Cards: 0.0 ms]
      [Humongous Register: 0.1 ms]
      [Humongous Reclaim: 0.0 ms]
      [Free CSet: 0.1 ms]
   [Eden: 47.0M(47.0M)->0.0B(46.0M) Survivors: 4096.0K->5120.0K Heap: 316.7M(1024.0M)->271.2M(1024.0M)]
 [Times: user=0.02 sys=0.00, real=0.03 secs] 
2016-12-19T23:16:15.321+0100: 19640.581: [GC pause (G1 Evacuation Pause) (young), 0.0295959 secs]
   [Parallel Time: 29.1 ms, GC Workers: 1]
      [GC Worker Start (ms):  19640580.9]
      [Ext Root Scanning (ms):  1.2]
      [Update RS (ms):  4.4]
         [Processed Buffers:  38]
      [Scan RS (ms):  7.7]
      [Code Root Scanning (ms):  0.0]
      [Object Copy (ms):  15.8]
      [Termination (ms):  0.0]
         [Termination Attempts:  1]
      [GC Worker Other (ms):  0.0]
      [GC Worker Total (ms):  29.1]
      [GC Worker End (ms):  19640610.0]
   [Code Root Fixup: 0.1 ms]
   [Code Root Purge: 0.0 ms]
   [Clear CT: 0.0 ms]
   [Other: 0.4 ms]
      [Choose CSet: 0.0 ms]
      [Ref Proc: 0.0 ms]
      [Ref Enq: 0.0 ms]
      [Redirty Cards: 0.0 ms]
      [Humongous Register: 0.0 ms]
      [Humongous Reclaim: 0.0 ms]
      [Free CSet: 0.1 ms]
   [Eden: 46.0M(46.0M)->0.0B(47.0M) Survivors: 5120.0K->4096.0K Heap: 317.2M(1024.0M)->271.7M(1024.0M)]
 [Times: user=0.03 sys=0.00, real=0.04 secs] 
2016-12-19T23:16:40.309+0100: 19665.568: [GC pause (G1 Evacuation Pause) (young), 0.0341552 secs]
   [Parallel Time: 32.2 ms, GC Workers: 1]
      [GC Worker Start (ms):  19665568.8]
      [Ext Root Scanning (ms):  1.7]
      [Update RS (ms):  3.7]
         [Processed Buffers:  39]
      [Scan RS (ms):  6.9]
      [Code Root Scanning (ms):  0.0]
      [Object Copy (ms):  19.8]
      [Termination (ms):  0.0]
         [Termination Attempts:  1]
      [GC Worker Other (ms):  0.0]
      [GC Worker Total (ms):  32.1]
      [GC Worker End (ms):  19665600.9]
   [Code Root Fixup: 0.2 ms]
   [Code Root Purge: 0.0 ms]
   [Clear CT: 0.1 ms]
   [Other: 1.6 ms]
      [Choose CSet: 0.0 ms]
      [Ref Proc: 0.4 ms]
      [Ref Enq: 0.0 ms]
      [Redirty Cards: 0.1 ms]
      [Humongous Register: 0.1 ms]
      [Humongous Reclaim: 0.2 ms]
      [Free CSet: 0.3 ms]
   [Eden: 47.0M(47.0M)->0.0B(47.0M) Survivors: 4096.0K->4096.0K Heap: 318.7M(1024.0M)->271.7M(1024.0M)]
 [Times: user=0.04 sys=0.00, real=0.04 secs] 
2016-12-19T23:17:03.199+0100: 19688.459: [GC pause (G1 Evacuation Pause) (young), 0.0234225 secs]
   [Parallel Time: 22.9 ms, GC Workers: 1]
      [GC Worker Start (ms):  19688458.9]
      [Ext Root Scanning (ms):  0.9]
      [Update RS (ms):  3.5]
         [Processed Buffers:  40]
      [Scan RS (ms):  4.6]
      [Code Root Scanning (ms):  0.0]
      [Object Copy (ms):  13.8]
      [Termination (ms):  0.0]
         [Termination Attempts:  1]
      [GC Worker Other (ms):  0.1]
      [GC Worker Total (ms):  22.8]
      [GC Worker End (ms):  19688481.7]
   [Code Root Fixup: 0.1 ms]
   [Code Root Purge: 0.0 ms]
   [Clear CT: 0.1 ms]
   [Other: 0.4 ms]
      [Choose CSet: 0.0 ms]
      [Ref Proc: 0.0 ms]
      [Ref Enq: 0.0 ms]
      [Redirty Cards: 0.0 ms]
      [Humongous Register: 0.0 ms]
      [Humongous Reclaim: 0.0 ms]
      [Free CSet: 0.1 ms]
   [Eden: 47.0M(47.0M)->0.0B(46.0M) Survivors: 4096.0K->5120.0K Heap: 318.7M(1024.0M)->272.7M(1024.0M)]
 [Times: user=0.02 sys=0.00, real=0.03 secs] 
2016-12-19T23:17:26.560+0100: 19711.820: [GC pause (G1 Evacuation Pause) (young), 0.0244884 secs]
   [Parallel Time: 24.0 ms, GC Workers: 1]
      [GC Worker Start (ms):  19711819.8]
      [Ext Root Scanning (ms):  1.0]
      [Update RS (ms):  2.6]
         [Processed Buffers:  40]
      [Scan RS (ms):  4.4]
      [Code Root Scanning (ms):  0.0]
      [Object Copy (ms):  15.8]
      [Termination (ms):  0.0]
         [Termination Attempts:  1]
      [GC Worker Other (ms):  0.0]
      [GC Worker Total (ms):  23.9]
      [GC Worker End (ms):  19711843.8]
   [Code Root Fixup: 0.0 ms]
   [Code Root Purge: 0.0 ms]
   [Clear CT: 0.0 ms]
   [Other: 0.4 ms]
      [Choose CSet: 0.0 ms]
      [Ref Proc: 0.0 ms]
      [Ref Enq: 0.0 ms]
      [Redirty Cards: 0.0 ms]
      [Humongous Register: 0.0 ms]
      [Humongous Reclaim: 0.0 ms]
      [Free CSet: 0.1 ms]
   [Eden: 46.0M(46.0M)->0.0B(47.0M) Survivors: 5120.0K->4096.0K Heap: 318.7M(1024.0M)->272.9M(1024.0M)]
 [Times: user=0.02 sys=0.00, real=0.02 secs] 
2016-12-19T23:17:50.948+0100: 19736.208: [GC pause (G1 Evacuation Pause) (young), 0.0464356 secs]
   [Parallel Time: 45.7 ms, GC Workers: 1]
      [GC Worker Start (ms):  19736208.2]
      [Ext Root Scanning (ms):  1.3]
      [Update RS (ms):  7.6]
         [Processed Buffers:  38]
      [Scan RS (ms):  8.5]
      [Code Root Scanning (ms):  0.0]
      [Object Copy (ms):  28.2]
      [Termination (ms):  0.0]
         [Termination Attempts:  1]
      [GC Worker Other (ms):  0.0]
      [GC Worker Total (ms):  45.6]
      [GC Worker End (ms):  19736253.8]
   [Code Root Fixup: 0.1 ms]
   [Code Root Purge: 0.0 ms]
   [Clear CT: 0.1 ms]
   [Other: 0.5 ms]
      [Choose CSet: 0.0 ms]
      [Ref Proc: 0.1 ms]
      [Ref Enq: 0.0 ms]
      [Redirty Cards: 0.0 ms]
      [Humongous Register: 0.1 ms]
      [Humongous Reclaim: 0.0 ms]
      [Free CSet: 0.1 ms]
   [Eden: 47.0M(47.0M)->0.0B(45.0M) Survivors: 4096.0K->6144.0K Heap: 319.9M(1024.0M)->274.4M(1024.0M)]
 [Times: user=0.05 sys=0.00, real=0.05 secs] 
2016-12-19T23:18:14.456+0100: 19759.716: [GC pause (G1 Evacuation Pause) (young), 0.0405802 secs]
   [Parallel Time: 40.0 ms, GC Workers: 1]
      [GC Worker Start (ms):  19759715.8]
      [Ext Root Scanning (ms):  1.2]
      [Update RS (ms):  6.7]
         [Processed Buffers:  40]
      [Scan RS (ms):  8.7]
      [Code Root Scanning (ms):  0.0]
      [Object Copy (ms):  23.4]
      [Termination (ms):  0.0]
         [Termination Attempts:  1]
      [GC Worker Other (ms):  0.0]
      [GC Worker Total (ms):  40.0]
      [GC Worker End (ms):  19759755.8]
   [Code Root Fixup: 0.0 ms]
   [Code Root Purge: 0.0 ms]
   [Clear CT: 0.0 ms]
   [Other: 0.5 ms]
      [Choose CSet: 0.1 ms]
      [Ref Proc: 0.0 ms]
      [Ref Enq: 0.0 ms]
      [Redirty Cards: 0.0 ms]
      [Humongous Register: 0.0 ms]
      [Humongous Reclaim: 0.0 ms]
      [Free CSet: 0.1 ms]
   [Eden: 45.0M(45.0M)->0.0B(47.0M) Survivors: 6144.0K->4096.0K Heap: 319.4M(1024.0M)->274.4M(1024.0M)]
 [Times: user=0.02 sys=0.00, real=0.04 secs] 
2016-12-19T23:18:38.595+0100: 19783.855: [GC pause (G1 Evacuation Pause) (young), 0.0222507 secs]
   [Parallel Time: 21.6 ms, GC Workers: 1]
      [GC Worker Start (ms):  19783855.1]
      [Ext Root Scanning (ms):  1.2]
      [Update RS (ms):  3.2]
         [Processed Buffers:  40]
      [Scan RS (ms):  4.7]
      [Code Root Scanning (ms):  0.0]
      [Object Copy (ms):  12.4]
      [Termination (ms):  0.0]
         [Termination Attempts:  1]
      [GC Worker Other (ms):  0.0]
      [GC Worker Total (ms):  21.5]
      [GC Worker End (ms):  19783876.6]
   [Code Root Fixup: 0.1 ms]
   [Code Root Purge: 0.0 ms]
   [Clear CT: 0.0 ms]
   [Other: 0.6 ms]
      [Choose CSet: 0.0 ms]
      [Ref Proc: 0.0 ms]
      [Ref Enq: 0.0 ms]
      [Redirty Cards: 0.0 ms]
      [Humongous Register: 0.1 ms]
      [Humongous Reclaim: 0.1 ms]
      [Free CSet: 0.1 ms]
   [Eden: 47.0M(47.0M)->0.0B(45.0M) Survivors: 4096.0K->6144.0K Heap: 321.4M(1024.0M)->275.9M(1024.0M)]
 [Times: user=0.02 sys=0.00, real=0.02 secs] 
2016-12-19T23:19:00.954+0100: 19806.214: [GC pause (G1 Evacuation Pause) (young), 0.0339610 secs]
   [Parallel Time: 33.1 ms, GC Workers: 1]
      [GC Worker Start (ms):  19806213.9]
      [Ext Root Scanning (ms):  1.6]
      [Update RS (ms):  5.3]
         [Processed Buffers:  38]
      [Scan RS (ms):  8.4]
      [Code Root Scanning (ms):  0.0]
      [Object Copy (ms):  17.7]
      [Termination (ms):  0.0]
         [Termination Attempts:  1]
      [GC Worker Other (ms):  0.0]
      [GC Worker Total (ms):  33.1]
      [GC Worker End (ms):  19806247.0]
   [Code Root Fixup: 0.2 ms]
   [Code Root Purge: 0.0 ms]
   [Clear CT: 0.1 ms]
   [Other: 0.5 ms]
      [Choose CSet: 0.0 ms]
      [Ref Proc: 0.0 ms]
      [Ref Enq: 0.0 ms]
      [Redirty Cards: 0.1 ms]
      [Humongous Register: 0.1 ms]
      [Humongous Reclaim: 0.0 ms]
      [Free CSet: 0.1 ms]
   [Eden: 45.0M(45.0M)->0.0B(47.0M) Survivors: 6144.0K->4096.0K Heap: 320.9M(1024.0M)->276.0M(1024.0M)]
 [Times: user=0.03 sys=0.00, real=0.03 secs] 
2016-12-19T23:19:25.426+0100: 19830.686: [GC pause (G1 Evacuation Pause) (young), 0.0220432 secs]
   [Parallel Time: 21.6 ms, GC Workers: 1]
      [GC Worker Start (ms):  19830686.1]
      [Ext Root Scanning (ms):  1.2]
      [Update RS (ms):  2.9]
         [Processed Buffers:  40]
      [Scan RS (ms):  5.1]
      [Code Root Scanning (ms):  0.0]
      [Object Copy (ms):  12.4]
      [Termination (ms):  0.0]
         [Termination Attempts:  1]
      [GC Worker Other (ms):  0.0]
      [GC Worker Total (ms):  21.6]
      [GC Worker End (ms):  19830707.7]
   [Code Root Fixup: 0.0 ms]
   [Code Root Purge: 0.0 ms]
   [Clear CT: 0.0 ms]
   [Other: 0.4 ms]
      [Choose CSet: 0.0 ms]
      [Ref Proc: 0.0 ms]
      [Ref Enq: 0.0 ms]
      [Redirty Cards: 0.0 ms]
      [Humongous Register: 0.0 ms]
      [Humongous Reclaim: 0.0 ms]
      [Free CSet: 0.1 ms]
   [Eden: 47.0M(47.0M)->0.0B(45.0M) Survivors: 4096.0K->6144.0K Heap: 323.0M(1024.0M)->277.5M(1024.0M)]
 [Times: user=0.02 sys=0.00, real=0.02 secs] 
2016-12-19T23:19:48.789+0100: 19854.049: [GC pause (G1 Evacuation Pause) (young), 0.0238204 secs]
   [Parallel Time: 23.3 ms, GC Workers: 1]
      [GC Worker Start (ms):  19854048.6]
      [Ext Root Scanning (ms):  1.0]
      [Update RS (ms):  2.5]
         [Processed Buffers:  40]
      [Scan RS (ms):  5.8]
      [Code Root Scanning (ms):  0.0]
      [Object Copy (ms):  14.0]
      [Termination (ms):  0.0]
         [Termination Attempts:  1]
      [GC Worker Other (ms):  0.0]
      [GC Worker Total (ms):  23.2]
      [GC Worker End (ms):  19854071.9]
   [Code Root Fixup: 0.1 ms]
   [Code Root Purge: 0.0 ms]
   [Clear CT: 0.0 ms]
   [Other: 0.4 ms]
      [Choose CSet: 0.0 ms]
      [Ref Proc: 0.0 ms]
      [Ref Enq: 0.0 ms]
      [Redirty Cards: 0.0 ms]
      [Humongous Register: 0.0 ms]
      [Humongous Reclaim: 0.0 ms]
      [Free CSet: 0.1 ms]
   [Eden: 45.0M(45.0M)->0.0B(47.0M) Survivors: 6144.0K->4096.0K Heap: 322.5M(1024.0M)->277.2M(1024.0M)]
 [Times: user=0.02 sys=0.00, real=0.03 secs] 
2016-12-19T23:20:14.212+0100: 19879.471: [GC pause (G1 Evacuation Pause) (young), 0.0261468 secs]
   [Parallel Time: 25.6 ms, GC Workers: 1]
      [GC Worker Start (ms):  19879471.5]
      [Ext Root Scanning (ms):  2.5]
      [Update RS (ms):  4.1]
         [Processed Buffers:  39]
      [Scan RS (ms):  5.0]
      [Code Root Scanning (ms):  0.0]
      [Object Copy (ms):  14.0]
      [Termination (ms):  0.0]
         [Termination Attempts:  1]
      [GC Worker Other (ms):  0.0]
      [GC Worker Total (ms):  25.5]
      [GC Worker End (ms):  19879497.0]
   [Code Root Fixup: 0.1 ms]
   [Code Root Purge: 0.0 ms]
   [Clear CT: 0.0 ms]
   [Other: 0.5 ms]
      [Choose CSet: 0.0 ms]
      [Ref Proc: 0.0 ms]
      [Ref Enq: 0.0 ms]
      [Redirty Cards: 0.0 ms]
      [Humongous Register: 0.1 ms]
      [Humongous Reclaim: 0.0 ms]
      [Free CSet: 0.1 ms]
   [Eden: 47.0M(47.0M)->0.0B(45.0M) Survivors: 4096.0K->6144.0K Heap: 324.2M(1024.0M)->278.7M(1024.0M)]
 [Times: user=0.02 sys=0.00, real=0.02 secs] 
2016-12-19T23:20:38.923+0100: 19904.182: [GC pause (G1 Evacuation Pause) (young), 0.0295406 secs]
   [Parallel Time: 28.2 ms, GC Workers: 1]
      [GC Worker Start (ms):  19904183.2]
      [Ext Root Scanning (ms):  1.5]
      [Update RS (ms):  4.3]
         [Processed Buffers:  39]
      [Scan RS (ms):  5.2]
      [Code Root Scanning (ms):  0.0]
      [Object Copy (ms):  17.2]
      [Termination (ms):  0.0]
         [Termination Attempts:  1]
      [GC Worker Other (ms):  0.0]
      [GC Worker Total (ms):  28.2]
      [GC Worker End (ms):  19904211.4]
   [Code Root Fixup: 0.0 ms]
   [Code Root Purge: 0.0 ms]
   [Clear CT: 0.0 ms]
   [Other: 1.2 ms]
      [Choose CSet: 0.0 ms]
      [Ref Proc: 0.0 ms]
      [Ref Enq: 0.0 ms]
      [Redirty Cards: 0.0 ms]
      [Humongous Register: 0.1 ms]
      [Humongous Reclaim: 0.0 ms]
      [Free CSet: 0.1 ms]
   [Eden: 45.0M(45.0M)->0.0B(47.0M) Survivors: 6144.0K->4096.0K Heap: 323.7M(1024.0M)->279.2M(1024.0M)]
 [Times: user=0.03 sys=0.00, real=0.03 secs] 
2016-12-19T23:21:02.572+0100: 19927.831: [GC pause (G1 Evacuation Pause) (young), 0.0225582 secs]
   [Parallel Time: 22.1 ms, GC Workers: 1]
      [GC Worker Start (ms):  19927831.4]
      [Ext Root Scanning (ms):  1.0]
      [Update RS (ms):  2.4]
         [Processed Buffers:  39]
      [Scan RS (ms):  7.0]
      [Code Root Scanning (ms):  0.0]
      [Object Copy (ms):  11.6]
      [Termination (ms):  0.0]
         [Termination Attempts:  1]
      [GC Worker Other (ms):  0.0]
      [GC Worker Total (ms):  22.1]
      [GC Worker End (ms):  19927853.5]
   [Code Root Fixup: 0.0 ms]
   [Code Root Purge: 0.0 ms]
   [Clear CT: 0.0 ms]
   [Other: 0.4 ms]
      [Choose CSet: 0.0 ms]
      [Ref Proc: 0.0 ms]
      [Ref Enq: 0.0 ms]
      [Redirty Cards: 0.0 ms]
      [Humongous Register: 0.0 ms]
      [Humongous Reclaim: 0.0 ms]
      [Free CSet: 0.1 ms]
   [Eden: 47.0M(47.0M)->0.0B(47.0M) Survivors: 4096.0K->4096.0K Heap: 326.2M(1024.0M)->279.2M(1024.0M)]
 [Times: user=0.02 sys=0.01, real=0.02 secs] 
2016-12-19T23:21:26.955+0100: 19952.214: [GC pause (G1 Evacuation Pause) (young), 0.0487817 secs]
   [Parallel Time: 47.9 ms, GC Workers: 1]
      [GC Worker Start (ms):  19952214.4]
      [Ext Root Scanning (ms):  1.5]
      [Update RS (ms):  7.8]
         [Processed Buffers:  39]
      [Scan RS (ms):  7.4]
      [Code Root Scanning (ms):  0.0]
      [Object Copy (ms):  31.2]
      [Termination (ms):  0.0]
         [Termination Attempts:  1]
      [GC Worker Other (ms):  0.0]
      [GC Worker Total (ms):  47.8]
      [GC Worker End (ms):  19952262.2]
   [Code Root Fixup: 0.1 ms]
   [Code Root Purge: 0.0 ms]
   [Clear CT: 0.1 ms]
   [Other: 0.7 ms]
      [Choose CSet: 0.0 ms]
      [Ref Proc: 0.1 ms]
      [Ref Enq: 0.0 ms]
      [Redirty Cards: 0.1 ms]
      [Humongous Register: 0.1 ms]
      [Humongous Reclaim: 0.0 ms]
      [Free CSet: 0.1 ms]
   [Eden: 47.0M(47.0M)->0.0B(46.0M) Survivors: 4096.0K->5120.0K Heap: 326.2M(1024.0M)->280.2M(1024.0M)]
 [Times: user=0.04 sys=0.00, real=0.05 secs] 
2016-12-19T23:21:50.830+0100: 19976.090: [GC pause (G1 Evacuation Pause) (young), 0.0518498 secs]
   [Parallel Time: 51.3 ms, GC Workers: 1]
      [GC Worker Start (ms):  19976090.2]
      [Ext Root Scanning (ms):  1.5]
      [Update RS (ms):  3.8]
         [Processed Buffers:  39]
      [Scan RS (ms):  15.4]
      [Code Root Scanning (ms):  0.0]
      [Object Copy (ms):  30.6]
      [Termination (ms):  0.0]
         [Termination Attempts:  1]
      [GC Worker Other (ms):  0.0]
      [GC Worker Total (ms):  51.3]
      [GC Worker End (ms):  19976141.5]
   [Code Root Fixup: 0.0 ms]
   [Code Root Purge: 0.0 ms]
   [Clear CT: 0.0 ms]
   [Other: 0.5 ms]
      [Choose CSet: 0.0 ms]
      [Ref Proc: 0.0 ms]
      [Ref Enq: 0.0 ms]
      [Redirty Cards: 0.0 ms]
      [Humongous Register: 0.1 ms]
      [Humongous Reclaim: 0.0 ms]
      [Free CSet: 0.1 ms]
   [Eden: 46.0M(46.0M)->0.0B(47.0M) Survivors: 5120.0K->4096.0K Heap: 326.2M(1024.0M)->280.5M(1024.0M)]
 [Times: user=0.03 sys=0.00, real=0.05 secs] 
2016-12-19T23:22:13.692+0100: 19998.952: [GC pause (G1 Evacuation Pause) (young), 0.0274259 secs]
   [Parallel Time: 26.7 ms, GC Workers: 1]
      [GC Worker Start (ms):  19998952.1]
      [Ext Root Scanning (ms):  1.1]
      [Update RS (ms):  2.8]
         [Processed Buffers:  40]
      [Scan RS (ms):  5.6]
      [Code Root Scanning (ms):  0.0]
      [Object Copy (ms):  17.0]
      [Termination (ms):  0.0]
         [Termination Attempts:  1]
      [GC Worker Other (ms):  0.0]
      [GC Worker Total (ms):  26.6]
      [GC Worker End (ms):  19998978.8]
   [Code Root Fixup: 0.1 ms]
   [Code Root Purge: 0.0 ms]
   [Clear CT: 0.1 ms]
   [Other: 0.6 ms]
      [Choose CSet: 0.0 ms]
      [Ref Proc: 0.0 ms]
      [Ref Enq: 0.0 ms]
      [Redirty Cards: 0.0 ms]
      [Humongous Register: 0.1 ms]
      [Humongous Reclaim: 0.0 ms]
      [Free CSet: 0.1 ms]
   [Eden: 47.0M(47.0M)->0.0B(45.0M) Survivors: 4096.0K->6144.0K Heap: 327.5M(1024.0M)->282.0M(1024.0M)]
 [Times: user=0.02 sys=0.00, real=0.02 secs] 
2016-12-19T23:22:36.477+0100: 20021.737: [GC pause (G1 Evacuation Pause) (young), 0.0653648 secs]
   [Parallel Time: 64.6 ms, GC Workers: 1]
      [GC Worker Start (ms):  20021737.1]
      [Ext Root Scanning (ms):  1.7]
      [Update RS (ms):  8.5]
         [Processed Buffers:  40]
      [Scan RS (ms):  19.3]
      [Code Root Scanning (ms):  0.0]
      [Object Copy (ms):  35.0]
      [Termination (ms):  0.0]
         [Termination Attempts:  1]
      [GC Worker Other (ms):  0.0]
      [GC Worker Total (ms):  64.5]
      [GC Worker End (ms):  20021801.6]
   [Code Root Fixup: 0.0 ms]
   [Code Root Purge: 0.0 ms]
   [Clear CT: 0.1 ms]
   [Other: 0.6 ms]
      [Choose CSet: 0.0 ms]
      [Ref Proc: 0.0 ms]
      [Ref Enq: 0.0 ms]
      [Redirty Cards: 0.1 ms]
      [Humongous Register: 0.1 ms]
      [Humongous Reclaim: 0.0 ms]
      [Free CSet: 0.2 ms]
   [Eden: 45.0M(45.0M)->0.0B(46.0M) Survivors: 6144.0K->5120.0K Heap: 327.0M(1024.0M)->283.5M(1024.0M)]
 [Times: user=0.07 sys=0.00, real=0.07 secs] 
2016-12-19T23:23:01.878+0100: 20047.137: [GC pause (G1 Evacuation Pause) (young), 0.0359707 secs]
   [Parallel Time: 35.4 ms, GC Workers: 1]
      [GC Worker Start (ms):  20047137.3]
      [Ext Root Scanning (ms):  1.4]
      [Update RS (ms):  3.5]
         [Processed Buffers:  40]
      [Scan RS (ms):  10.6]
      [Code Root Scanning (ms):  0.0]
      [Object Copy (ms):  19.9]
      [Termination (ms):  0.0]
         [Termination Attempts:  1]
      [GC Worker Other (ms):  0.0]
      [GC Worker Total (ms):  35.4]
      [GC Worker End (ms):  20047172.7]
   [Code Root Fixup: 0.1 ms]
   [Code Root Purge: 0.0 ms]
   [Clear CT: 0.0 ms]
   [Other: 0.5 ms]
      [Choose CSet: 0.0 ms]
      [Ref Proc: 0.0 ms]
      [Ref Enq: 0.0 ms]
      [Redirty Cards: 0.1 ms]
      [Humongous Register: 0.0 ms]
      [Humongous Reclaim: 0.0 ms]
      [Free CSet: 0.1 ms]
   [Eden: 46.0M(46.0M)->0.0B(46.0M) Survivors: 5120.0K->5120.0K Heap: 329.5M(1024.0M)->284.5M(1024.0M)]
 [Times: user=0.03 sys=0.00, real=0.04 secs] 
2016-12-19T23:23:24.901+0100: 20070.161: [GC pause (G1 Evacuation Pause) (young), 0.0461978 secs]
   [Parallel Time: 45.5 ms, GC Workers: 1]
      [GC Worker Start (ms):  20070161.3]
      [Ext Root Scanning (ms):  1.3]
      [Update RS (ms):  2.6]
         [Processed Buffers:  38]
      [Scan RS (ms):  20.9]
      [Code Root Scanning (ms):  0.0]
      [Object Copy (ms):  20.6]
      [Termination (ms):  0.0]
         [Termination Attempts:  1]
      [GC Worker Other (ms):  0.0]
      [GC Worker Total (ms):  45.4]
      [GC Worker End (ms):  20070206.7]
   [Code Root Fixup: 0.1 ms]
   [Code Root Purge: 0.0 ms]
   [Clear CT: 0.1 ms]
   [Other: 0.6 ms]
      [Choose CSet: 0.0 ms]
      [Ref Proc: 0.1 ms]
      [Ref Enq: 0.0 ms]
      [Redirty Cards: 0.1 ms]
      [Humongous Register: 0.0 ms]
      [Humongous Reclaim: 0.0 ms]
      [Free CSet: 0.2 ms]
   [Eden: 46.0M(46.0M)->0.0B(47.0M) Survivors: 5120.0K->4096.0K Heap: 330.5M(1024.0M)->284.5M(1024.0M)]
 [Times: user=0.05 sys=0.00, real=0.05 secs] 
2016-12-19T23:23:49.320+0100: 20094.580: [GC pause (G1 Evacuation Pause) (young), 0.0391381 secs]
   [Parallel Time: 38.4 ms, GC Workers: 1]
      [GC Worker Start (ms):  20094580.2]
      [Ext Root Scanning (ms):  1.9]
      [Update RS (ms):  9.8]
         [Processed Buffers:  39]
      [Scan RS (ms):  9.9]
      [Code Root Scanning (ms):  0.0]
      [Object Copy (ms):  16.7]
      [Termination (ms):  0.0]
         [Termination Attempts:  1]
      [GC Worker Other (ms):  0.0]
      [GC Worker Total (ms):  38.4]
      [GC Worker End (ms):  20094618.6]
   [Code Root Fixup: 0.1 ms]
   [Code Root Purge: 0.0 ms]
   [Clear CT: 0.1 ms]
   [Other: 0.6 ms]
      [Choose CSet: 0.0 ms]
      [Ref Proc: 0.0 ms]
      [Ref Enq: 0.0 ms]
      [Redirty Cards: 0.1 ms]
      [Humongous Register: 0.1 ms]
      [Humongous Reclaim: 0.0 ms]
      [Free CSet: 0.1 ms]
   [Eden: 47.0M(47.0M)->0.0B(46.0M) Survivors: 4096.0K->5120.0K Heap: 331.5M(1024.0M)->286.0M(1024.0M)]
 [Times: user=0.04 sys=0.00, real=0.04 secs] 
2016-12-19T23:24:14.464+0100: 20119.723: [GC pause (G1 Evacuation Pause) (young), 0.0317950 secs]
   [Parallel Time: 31.0 ms, GC Workers: 1]
      [GC Worker Start (ms):  20119723.5]
      [Ext Root Scanning (ms):  2.0]
      [Update RS (ms):  3.6]
         [Processed Buffers:  41]
      [Scan RS (ms):  9.8]
      [Code Root Scanning (ms):  0.0]
      [Object Copy (ms):  15.4]
      [Termination (ms):  0.0]
         [Termination Attempts:  1]
      [GC Worker Other (ms):  0.0]
      [GC Worker Total (ms):  30.9]
      [GC Worker End (ms):  20119754.4]
   [Code Root Fixup: 0.1 ms]
   [Code Root Purge: 0.0 ms]
   [Clear CT: 0.1 ms]
   [Other: 0.7 ms]
      [Choose CSet: 0.0 ms]
      [Ref Proc: 0.0 ms]
      [Ref Enq: 0.0 ms]
      [Redirty Cards: 0.1 ms]
      [Humongous Register: 0.1 ms]
      [Humongous Reclaim: 0.0 ms]
      [Free CSet: 0.1 ms]
   [Eden: 46.0M(46.0M)->0.0B(47.0M) Survivors: 5120.0K->4096.0K Heap: 332.0M(1024.0M)->286.2M(1024.0M)]
 [Times: user=0.04 sys=0.00, real=0.03 secs] 
2016-12-19T23:24:41.166+0100: 20146.426: [GC pause (G1 Evacuation Pause) (young), 0.0194886 secs]
   [Parallel Time: 19.0 ms, GC Workers: 1]
      [GC Worker Start (ms):  20146426.0]
      [Ext Root Scanning (ms):  1.1]
      [Update RS (ms):  2.8]
         [Processed Buffers:  40]
      [Scan RS (ms):  3.9]
      [Code Root Scanning (ms):  0.0]
      [Object Copy (ms):  11.2]
      [Termination (ms):  0.0]
         [Termination Attempts:  1]
      [GC Worker Other (ms):  0.0]
      [GC Worker Total (ms):  19.0]
      [GC Worker End (ms):  20146445.0]
   [Code Root Fixup: 0.1 ms]
   [Code Root Purge: 0.0 ms]
   [Clear CT: 0.0 ms]
   [Other: 0.4 ms]
      [Choose CSet: 0.0 ms]
      [Ref Proc: 0.0 ms]
      [Ref Enq: 0.0 ms]
      [Redirty Cards: 0.0 ms]
      [Humongous Register: 0.0 ms]
      [Humongous Reclaim: 0.0 ms]
      [Free CSet: 0.1 ms]
   [Eden: 47.0M(47.0M)->0.0B(46.0M) Survivors: 4096.0K->5120.0K Heap: 333.2M(1024.0M)->287.2M(1024.0M)]
 [Times: user=0.01 sys=0.00, real=0.02 secs] 
2016-12-19T23:25:04.836+0100: 20170.096: [GC pause (G1 Evacuation Pause) (young), 0.0441571 secs]
   [Parallel Time: 43.6 ms, GC Workers: 1]
      [GC Worker Start (ms):  20170096.1]
      [Ext Root Scanning (ms):  1.8]
      [Update RS (ms):  4.2]
         [Processed Buffers:  40]
      [Scan RS (ms):  9.2]
      [Code Root Scanning (ms):  0.0]
      [Object Copy (ms):  28.3]
      [Termination (ms):  0.0]
         [Termination Attempts:  1]
      [GC Worker Other (ms):  0.0]
      [GC Worker Total (ms):  43.5]
      [GC Worker End (ms):  20170139.6]
   [Code Root Fixup: 0.1 ms]
   [Code Root Purge: 0.0 ms]
   [Clear CT: 0.1 ms]
   [Other: 0.5 ms]
      [Choose CSet: 0.0 ms]
      [Ref Proc: 0.0 ms]
      [Ref Enq: 0.0 ms]
      [Redirty Cards: 0.0 ms]
      [Humongous Register: 0.1 ms]
      [Humongous Reclaim: 0.0 ms]
      [Free CSet: 0.1 ms]
   [Eden: 46.0M(46.0M)->0.0B(47.0M) Survivors: 5120.0K->4096.0K Heap: 333.2M(1024.0M)->288.3M(1024.0M)]
 [Times: user=0.04 sys=0.00, real=0.04 secs] 
2016-12-19T23:25:28.940+0100: 20194.200: [GC pause (G1 Evacuation Pause) (young), 0.0257526 secs]
   [Parallel Time: 25.1 ms, GC Workers: 1]
      [GC Worker Start (ms):  20194199.7]
      [Ext Root Scanning (ms):  2.1]
      [Update RS (ms):  3.2]
         [Processed Buffers:  40]
      [Scan RS (ms):  5.9]
      [Code Root Scanning (ms):  0.0]
      [Object Copy (ms):  14.0]
      [Termination (ms):  0.0]
         [Termination Attempts:  1]
      [GC Worker Other (ms):  0.0]
      [GC Worker Total (ms):  25.1]
      [GC Worker End (ms):  20194224.8]
   [Code Root Fixup: 0.1 ms]
   [Code Root Purge: 0.0 ms]
   [Clear CT: 0.1 ms]
   [Other: 0.5 ms]
      [Choose CSet: 0.0 ms]
      [Ref Proc: 0.0 ms]
      [Ref Enq: 0.0 ms]
      [Redirty Cards: 0.1 ms]
      [Humongous Register: 0.1 ms]
      [Humongous Reclaim: 0.0 ms]
      [Free CSet: 0.1 ms]
   [Eden: 47.0M(47.0M)->0.0B(46.0M) Survivors: 4096.0K->5120.0K Heap: 335.3M(1024.0M)->289.3M(1024.0M)]
 [Times: user=0.02 sys=0.00, real=0.03 secs] 
2016-12-19T23:25:53.124+0100: 20218.384: [GC pause (G1 Evacuation Pause) (young), 0.0488803 secs]
   [Parallel Time: 48.0 ms, GC Workers: 1]
      [GC Worker Start (ms):  20218384.0]
      [Ext Root Scanning (ms):  3.4]
      [Update RS (ms):  4.0]
         [Processed Buffers:  39]
      [Scan RS (ms):  6.1]
      [Code Root Scanning (ms):  0.0]
      [Object Copy (ms):  34.4]
      [Termination (ms):  0.0]
         [Termination Attempts:  1]
      [GC Worker Other (ms):  0.0]
      [GC Worker Total (ms):  47.9]
      [GC Worker End (ms):  20218432.0]
   [Code Root Fixup: 0.1 ms]
   [Code Root Purge: 0.0 ms]
   [Clear CT: 0.1 ms]
   [Other: 0.8 ms]
      [Choose CSet: 0.0 ms]
      [Ref Proc: 0.0 ms]
      [Ref Enq: 0.0 ms]
      [Redirty Cards: 0.0 ms]
      [Humongous Register: 0.1 ms]
      [Humongous Reclaim: 0.2 ms]
      [Free CSet: 0.1 ms]
   [Eden: 46.0M(46.0M)->0.0B(47.0M) Survivors: 5120.0K->4096.0K Heap: 335.3M(1024.0M)->289.8M(1024.0M)]
 [Times: user=0.04 sys=0.00, real=0.05 secs] 
2016-12-19T23:26:17.897+0100: 20243.157: [GC pause (G1 Evacuation Pause) (young), 0.0360694 secs]
   [Parallel Time: 35.2 ms, GC Workers: 1]
      [GC Worker Start (ms):  20243157.6]
      [Ext Root Scanning (ms):  3.2]
      [Update RS (ms):  7.4]
         [Processed Buffers:  38]
      [Scan RS (ms):  8.5]
      [Code Root Scanning (ms):  0.0]
      [Object Copy (ms):  16.0]
      [Termination (ms):  0.0]
         [Termination Attempts:  1]
      [GC Worker Other (ms):  0.0]
      [GC Worker Total (ms):  35.1]
      [GC Worker End (ms):  20243192.7]
   [Code Root Fixup: 0.1 ms]
   [Code Root Purge: 0.0 ms]
   [Clear CT: 0.0 ms]
   [Other: 0.8 ms]
      [Choose CSet: 0.0 ms]
      [Ref Proc: 0.0 ms]
      [Ref Enq: 0.0 ms]
      [Redirty Cards: 0.0 ms]
      [Humongous Register: 0.4 ms]
      [Humongous Reclaim: 0.0 ms]
      [Free CSet: 0.1 ms]
   [Eden: 47.0M(47.0M)->0.0B(47.0M) Survivors: 4096.0K->4096.0K Heap: 336.8M(1024.0M)->289.8M(1024.0M)]
 [Times: user=0.03 sys=0.00, real=0.04 secs] 
2016-12-19T23:26:43.654+0100: 20268.913: [GC pause (G1 Evacuation Pause) (young), 0.0554077 secs]
   [Parallel Time: 54.3 ms, GC Workers: 1]
      [GC Worker Start (ms):  20268913.5]
      [Ext Root Scanning (ms):  1.6]
      [Update RS (ms):  8.0]
         [Processed Buffers:  39]
      [Scan RS (ms):  7.7]
      [Code Root Scanning (ms):  0.0]
      [Object Copy (ms):  37.0]
      [Termination (ms):  0.0]
         [Termination Attempts:  1]
      [GC Worker Other (ms):  0.0]
      [GC Worker Total (ms):  54.3]
      [GC Worker End (ms):  20268967.8]
   [Code Root Fixup: 0.4 ms]
   [Code Root Purge: 0.0 ms]
   [Clear CT: 0.1 ms]
   [Other: 0.6 ms]
      [Choose CSet: 0.0 ms]
      [Ref Proc: 0.1 ms]
      [Ref Enq: 0.0 ms]
      [Redirty Cards: 0.0 ms]
      [Humongous Register: 0.1 ms]
      [Humongous Reclaim: 0.0 ms]
      [Free CSet: 0.2 ms]
   [Eden: 47.0M(47.0M)->0.0B(46.0M) Survivors: 4096.0K->5120.0K Heap: 336.8M(1024.0M)->290.8M(1024.0M)]
 [Times: user=0.05 sys=0.00, real=0.05 secs] 
2016-12-19T23:27:10.097+0100: 20295.356: [GC pause (G1 Evacuation Pause) (young), 0.0282782 secs]
   [Parallel Time: 27.7 ms, GC Workers: 1]
      [GC Worker Start (ms):  20295356.6]
      [Ext Root Scanning (ms):  1.6]
      [Update RS (ms):  2.2]
         [Processed Buffers:  39]
      [Scan RS (ms):  7.0]
      [Code Root Scanning (ms):  0.0]
      [Object Copy (ms):  16.9]
      [Termination (ms):  0.0]
         [Termination Attempts:  1]
      [GC Worker Other (ms):  0.0]
      [GC Worker Total (ms):  27.7]
      [GC Worker End (ms):  20295384.3]
   [Code Root Fixup: 0.1 ms]
   [Code Root Purge: 0.0 ms]
   [Clear CT: 0.0 ms]
   [Other: 0.4 ms]
      [Choose CSet: 0.0 ms]
      [Ref Proc: 0.0 ms]
      [Ref Enq: 0.0 ms]
      [Redirty Cards: 0.0 ms]
      [Humongous Register: 0.1 ms]
      [Humongous Reclaim: 0.0 ms]
      [Free CSet: 0.1 ms]
   [Eden: 46.0M(46.0M)->0.0B(47.0M) Survivors: 5120.0K->4096.0K Heap: 336.8M(1024.0M)->291.1M(1024.0M)]
 [Times: user=0.03 sys=0.00, real=0.03 secs] 
2016-12-19T23:27:33.689+0100: 20318.949: [GC pause (G1 Evacuation Pause) (young), 0.0204754 secs]
   [Parallel Time: 20.0 ms, GC Workers: 1]
      [GC Worker Start (ms):  20318949.1]
      [Ext Root Scanning (ms):  0.9]
      [Update RS (ms):  2.3]
         [Processed Buffers:  39]
      [Scan RS (ms):  4.1]
      [Code Root Scanning (ms):  0.0]
      [Object Copy (ms):  12.7]
      [Termination (ms):  0.0]
         [Termination Attempts:  1]
      [GC Worker Other (ms):  0.0]
      [GC Worker Total (ms):  20.0]
      [GC Worker End (ms):  20318969.1]
   [Code Root Fixup: 0.0 ms]
   [Code Root Purge: 0.0 ms]
   [Clear CT: 0.0 ms]
   [Other: 0.4 ms]
      [Choose CSet: 0.0 ms]
      [Ref Proc: 0.0 ms]
      [Ref Enq: 0.0 ms]
      [Redirty Cards: 0.0 ms]
      [Humongous Register: 0.0 ms]
      [Humongous Reclaim: 0.0 ms]
      [Free CSet: 0.1 ms]
   [Eden: 47.0M(47.0M)->0.0B(46.0M) Survivors: 4096.0K->5120.0K Heap: 338.1M(1024.0M)->292.1M(1024.0M)]
 [Times: user=0.02 sys=0.00, real=0.02 secs] 
2016-12-19T23:27:57.543+0100: 20342.802: [GC pause (G1 Evacuation Pause) (young), 0.0258113 secs]
   [Parallel Time: 25.1 ms, GC Workers: 1]
      [GC Worker Start (ms):  20342802.7]
      [Ext Root Scanning (ms):  2.4]
      [Update RS (ms):  3.9]
         [Processed Buffers:  38]
      [Scan RS (ms):  5.1]
      [Code Root Scanning (ms):  0.0]
      [Object Copy (ms):  13.6]
      [Termination (ms):  0.0]
         [Termination Attempts:  1]
      [GC Worker Other (ms):  0.0]
      [GC Worker Total (ms):  25.1]
      [GC Worker End (ms):  20342827.7]
   [Code Root Fixup: 0.1 ms]
   [Code Root Purge: 0.0 ms]
   [Clear CT: 0.0 ms]
   [Other: 0.6 ms]
      [Choose CSet: 0.0 ms]
      [Ref Proc: 0.1 ms]
      [Ref Enq: 0.0 ms]
      [Redirty Cards: 0.0 ms]
      [Humongous Register: 0.1 ms]
      [Humongous Reclaim: 0.0 ms]
      [Free CSet: 0.1 ms]
   [Eden: 46.0M(46.0M)->0.0B(47.0M) Survivors: 5120.0K->4096.0K Heap: 338.1M(1024.0M)->292.7M(1024.0M)]
 [Times: user=0.02 sys=0.01, real=0.02 secs] 
2016-12-19T23:28:20.773+0100: 20366.032: [GC pause (G1 Evacuation Pause) (young), 0.0390066 secs]
   [Parallel Time: 37.7 ms, GC Workers: 1]
      [GC Worker Start (ms):  20366032.5]
      [Ext Root Scanning (ms):  1.7]
      [Update RS (ms):  2.9]
         [Processed Buffers:  38]
      [Scan RS (ms):  7.3]
      [Code Root Scanning (ms):  0.0]
      [Object Copy (ms):  25.8]
      [Termination (ms):  0.0]
         [Termination Attempts:  1]
      [GC Worker Other (ms):  0.0]
      [GC Worker Total (ms):  37.6]
      [GC Worker End (ms):  20366070.2]
   [Code Root Fixup: 0.2 ms]
   [Code Root Purge: 0.0 ms]
   [Clear CT: 0.2 ms]
   [Other: 1.0 ms]
      [Choose CSet: 0.0 ms]
      [Ref Proc: 0.1 ms]
      [Ref Enq: 0.0 ms]
      [Redirty Cards: 0.2 ms]
      [Humongous Register: 0.1 ms]
      [Humongous Reclaim: 0.0 ms]
      [Free CSet: 0.2 ms]
   [Eden: 47.0M(47.0M)->0.0B(45.0M) Survivors: 4096.0K->6144.0K Heap: 339.7M(1024.0M)->294.7M(1024.0M)]
 [Times: user=0.04 sys=0.00, real=0.04 secs] 
2016-12-19T23:28:45.390+0100: 20390.650: [GC pause (G1 Evacuation Pause) (young), 0.0277631 secs]
   [Parallel Time: 27.2 ms, GC Workers: 1]
      [GC Worker Start (ms):  20390649.8]
      [Ext Root Scanning (ms):  1.2]
      [Update RS (ms):  3.0]
         [Processed Buffers:  39]
      [Scan RS (ms):  5.4]
      [Code Root Scanning (ms):  0.0]
      [Object Copy (ms):  17.5]
      [Termination (ms):  0.0]
         [Termination Attempts:  1]
      [GC Worker Other (ms):  0.0]
      [GC Worker Total (ms):  27.2]
      [GC Worker End (ms):  20390676.9]
   [Code Root Fixup: 0.0 ms]
   [Code Root Purge: 0.0 ms]
   [Clear CT: 0.0 ms]
   [Other: 0.5 ms]
      [Choose CSet: 0.0 ms]
      [Ref Proc: 0.0 ms]
      [Ref Enq: 0.0 ms]
      [Redirty Cards: 0.0 ms]
      [Humongous Register: 0.0 ms]
      [Humongous Reclaim: 0.0 ms]
      [Free CSet: 0.1 ms]
   [Eden: 45.0M(45.0M)->0.0B(47.0M) Survivors: 6144.0K->4096.0K Heap: 339.7M(1024.0M)->294.7M(1024.0M)]
 [Times: user=0.02 sys=0.00, real=0.03 secs] 
2016-12-19T23:29:09.725+0100: 20414.985: [GC pause (G1 Evacuation Pause) (young), 0.0242917 secs]
   [Parallel Time: 23.8 ms, GC Workers: 1]
      [GC Worker Start (ms):  20414985.0]
      [Ext Root Scanning (ms):  1.3]
      [Update RS (ms):  4.2]
         [Processed Buffers:  41]
      [Scan RS (ms):  5.1]
      [Code Root Scanning (ms):  0.0]
      [Object Copy (ms):  13.2]
      [Termination (ms):  0.0]
         [Termination Attempts:  1]
      [GC Worker Other (ms):  0.0]
      [GC Worker Total (ms):  23.8]
      [GC Worker End (ms):  20415008.8]
   [Code Root Fixup: 0.0 ms]
   [Code Root Purge: 0.0 ms]
   [Clear CT: 0.0 ms]
   [Other: 0.4 ms]
      [Choose CSet: 0.0 ms]
      [Ref Proc: 0.0 ms]
      [Ref Enq: 0.0 ms]
      [Redirty Cards: 0.0 ms]
      [Humongous Register: 0.1 ms]
      [Humongous Reclaim: 0.0 ms]
      [Free CSet: 0.1 ms]
   [Eden: 47.0M(47.0M)->0.0B(45.0M) Survivors: 4096.0K->6144.0K Heap: 341.7M(1024.0M)->296.2M(1024.0M)]
 [Times: user=0.02 sys=0.00, real=0.02 secs] 
2016-12-19T23:29:33.718+0100: 20438.978: [GC pause (G1 Evacuation Pause) (young), 0.0227163 secs]
   [Parallel Time: 21.9 ms, GC Workers: 1]
      [GC Worker Start (ms):  20438978.1]
      [Ext Root Scanning (ms):  1.3]
      [Update RS (ms):  2.7]
         [Processed Buffers:  38]
      [Scan RS (ms):  5.0]
      [Code Root Scanning (ms):  0.0]
      [Object Copy (ms):  12.9]
      [Termination (ms):  0.0]
         [Termination Attempts:  1]
      [GC Worker Other (ms):  0.0]
      [GC Worker Total (ms):  21.8]
      [GC Worker End (ms):  20438999.9]
   [Code Root Fixup: 0.1 ms]
   [Code Root Purge: 0.0 ms]
   [Clear CT: 0.1 ms]
   [Other: 0.7 ms]
      [Choose CSet: 0.0 ms]
      [Ref Proc: 0.1 ms]
      [Ref Enq: 0.0 ms]
      [Redirty Cards: 0.0 ms]
      [Humongous Register: 0.1 ms]
      [Humongous Reclaim: 0.0 ms]
      [Free CSet: 0.1 ms]
   [Eden: 45.0M(45.0M)->0.0B(47.0M) Survivors: 6144.0K->4096.0K Heap: 341.2M(1024.0M)->296.7M(1024.0M)]
 [Times: user=0.03 sys=0.00, real=0.02 secs] 
2016-12-19T23:29:57.193+0100: 20462.453: [GC pause (G1 Evacuation Pause) (young), 0.0338015 secs]
   [Parallel Time: 32.7 ms, GC Workers: 1]
      [GC Worker Start (ms):  20462453.5]
      [Ext Root Scanning (ms):  2.0]
      [Update RS (ms):  3.8]
         [Processed Buffers:  40]
      [Scan RS (ms):  7.9]
      [Code Root Scanning (ms):  0.0]
      [Object Copy (ms):  18.9]
      [Termination (ms):  0.0]
         [Termination Attempts:  1]
      [GC Worker Other (ms):  0.0]
      [GC Worker Total (ms):  32.7]
      [GC Worker End (ms):  20462486.2]
   [Code Root Fixup: 0.1 ms]
   [Code Root Purge: 0.0 ms]
   [Clear CT: 0.1 ms]
   [Other: 0.9 ms]
      [Choose CSet: 0.0 ms]
      [Ref Proc: 0.1 ms]
      [Ref Enq: 0.0 ms]
      [Redirty Cards: 0.0 ms]
      [Humongous Register: 0.1 ms]
      [Humongous Reclaim: 0.0 ms]
      [Free CSet: 0.1 ms]
   [Eden: 47.0M(47.0M)->0.0B(45.0M) Survivors: 4096.0K->6144.0K Heap: 343.7M(1024.0M)->298.2M(1024.0M)]
 [Times: user=0.04 sys=0.00, real=0.03 secs] 
2016-12-19T23:30:21.899+0100: 20487.159: [GC pause (G1 Evacuation Pause) (young), 0.0223463 secs]
   [Parallel Time: 21.9 ms, GC Workers: 1]
      [GC Worker Start (ms):  20487158.7]
      [Ext Root Scanning (ms):  1.2]
      [Update RS (ms):  2.6]
         [Processed Buffers:  39]
      [Scan RS (ms):  5.2]
      [Code Root Scanning (ms):  0.0]
      [Object Copy (ms):  13.0]
      [Termination (ms):  0.0]
         [Termination Attempts:  1]
      [GC Worker Other (ms):  0.0]
      [GC Worker Total (ms):  21.9]
      [GC Worker End (ms):  20487180.6]
   [Code Root Fixup: 0.0 ms]
   [Code Root Purge: 0.0 ms]
   [Clear CT: 0.0 ms]
   [Other: 0.3 ms]
      [Choose CSet: 0.0 ms]
      [Ref Proc: 0.0 ms]
      [Ref Enq: 0.0 ms]
      [Redirty Cards: 0.0 ms]
      [Humongous Register: 0.0 ms]
      [Humongous Reclaim: 0.0 ms]
      [Free CSet: 0.1 ms]
   [Eden: 45.0M(45.0M)->0.0B(47.0M) Survivors: 6144.0K->4096.0K Heap: 343.2M(1024.0M)->298.0M(1024.0M)]
 [Times: user=0.02 sys=0.00, real=0.02 secs] 
2016-12-19T23:30:46.112+0100: 20511.372: [GC pause (G1 Evacuation Pause) (young), 0.0727442 secs]
   [Parallel Time: 72.1 ms, GC Workers: 1]
      [GC Worker Start (ms):  20511371.7]
      [Ext Root Scanning (ms):  1.5]
      [Update RS (ms):  28.5]
         [Processed Buffers:  40]
      [Scan RS (ms):  16.2]
      [Code Root Scanning (ms):  0.0]
      [Object Copy (ms):  25.8]
      [Termination (ms):  0.0]
         [Termination Attempts:  1]
      [GC Worker Other (ms):  0.0]
      [GC Worker Total (ms):  72.1]
      [GC Worker End (ms):  20511443.8]
   [Code Root Fixup: 0.1 ms]
   [Code Root Purge: 0.0 ms]
   [Clear CT: 0.0 ms]
   [Other: 0.5 ms]
      [Choose CSet: 0.0 ms]
      [Ref Proc: 0.0 ms]
      [Ref Enq: 0.0 ms]
      [Redirty Cards: 0.0 ms]
      [Humongous Register: 0.1 ms]
      [Humongous Reclaim: 0.0 ms]
      [Free CSet: 0.1 ms]
   [Eden: 47.0M(47.0M)->0.0B(46.0M) Survivors: 4096.0K->5120.0K Heap: 345.0M(1024.0M)->299.5M(1024.0M)]
 [Times: user=0.04 sys=0.00, real=0.07 secs] 
2016-12-19T23:31:11.966+0100: 20537.226: [GC pause (G1 Evacuation Pause) (young), 0.0245283 secs]
   [Parallel Time: 24.1 ms, GC Workers: 1]
      [GC Worker Start (ms):  20537226.0]
      [Ext Root Scanning (ms):  1.2]
      [Update RS (ms):  4.0]
         [Processed Buffers:  39]
      [Scan RS (ms):  4.9]
      [Code Root Scanning (ms):  0.0]
      [Object Copy (ms):  13.8]
      [Termination (ms):  0.0]
         [Termination Attempts:  1]
      [GC Worker Other (ms):  0.0]
      [GC Worker Total (ms):  24.0]
      [GC Worker End (ms):  20537250.0]
   [Code Root Fixup: 0.0 ms]
   [Code Root Purge: 0.0 ms]
   [Clear CT: 0.0 ms]
   [Other: 0.4 ms]
      [Choose CSet: 0.0 ms]
      [Ref Proc: 0.0 ms]
      [Ref Enq: 0.0 ms]
      [Redirty Cards: 0.0 ms]
      [Humongous Register: 0.1 ms]
      [Humongous Reclaim: 0.0 ms]
      [Free CSet: 0.1 ms]
   [Eden: 46.0M(46.0M)->0.0B(47.0M) Survivors: 5120.0K->4096.0K Heap: 345.5M(1024.0M)->299.9M(1024.0M)]
 [Times: user=0.02 sys=0.00, real=0.03 secs] 
2016-12-19T23:31:35.784+0100: 20561.044: [GC pause (G1 Evacuation Pause) (young), 0.0200682 secs]
   [Parallel Time: 19.4 ms, GC Workers: 1]
      [GC Worker Start (ms):  20561043.7]
      [Ext Root Scanning (ms):  1.5]
      [Update RS (ms):  2.8]
         [Processed Buffers:  39]
      [Scan RS (ms):  4.2]
      [Code Root Scanning (ms):  0.0]
      [Object Copy (ms):  10.8]
      [Termination (ms):  0.0]
         [Termination Attempts:  1]
      [GC Worker Other (ms):  0.0]
      [GC Worker Total (ms):  19.4]
      [GC Worker End (ms):  20561063.0]
   [Code Root Fixup: 0.1 ms]
   [Code Root Purge: 0.0 ms]
   [Clear CT: 0.0 ms]
   [Other: 0.6 ms]
      [Choose CSet: 0.0 ms]
      [Ref Proc: 0.0 ms]
      [Ref Enq: 0.0 ms]
      [Redirty Cards: 0.0 ms]
      [Humongous Register: 0.0 ms]
      [Humongous Reclaim: 0.0 ms]
      [Free CSet: 0.1 ms]
   [Eden: 47.0M(47.0M)->0.0B(47.0M) Survivors: 4096.0K->4096.0K Heap: 346.9M(1024.0M)->299.9M(1024.0M)]
 [Times: user=0.02 sys=0.00, real=0.02 secs] 
2016-12-19T23:31:58.803+0100: 20584.063: [GC pause (G1 Evacuation Pause) (young), 0.0188503 secs]
   [Parallel Time: 18.4 ms, GC Workers: 1]
      [GC Worker Start (ms):  20584063.0]
      [Ext Root Scanning (ms):  1.1]
      [Update RS (ms):  2.3]
         [Processed Buffers:  40]
      [Scan RS (ms):  3.4]
      [Code Root Scanning (ms):  0.0]
      [Object Copy (ms):  11.6]
      [Termination (ms):  0.0]
         [Termination Attempts:  1]
      [GC Worker Other (ms):  0.0]
      [GC Worker Total (ms):  18.3]
      [GC Worker End (ms):  20584081.4]
   [Code Root Fixup: 0.0 ms]
   [Code Root Purge: 0.0 ms]
   [Clear CT: 0.0 ms]
   [Other: 0.4 ms]
      [Choose CSet: 0.0 ms]
      [Ref Proc: 0.0 ms]
      [Ref Enq: 0.0 ms]
      [Redirty Cards: 0.0 ms]
      [Humongous Register: 0.0 ms]
      [Humongous Reclaim: 0.0 ms]
      [Free CSet: 0.1 ms]
   [Eden: 47.0M(47.0M)->0.0B(46.0M) Survivors: 4096.0K->5120.0K Heap: 346.9M(1024.0M)->300.9M(1024.0M)]
 [Times: user=0.02 sys=0.00, real=0.01 secs] 
2016-12-19T23:32:23.572+0100: 20608.832: [GC pause (G1 Evacuation Pause) (young), 0.0265163 secs]
   [Parallel Time: 26.0 ms, GC Workers: 1]
      [GC Worker Start (ms):  20608832.1]
      [Ext Root Scanning (ms):  1.2]
      [Update RS (ms):  3.3]
         [Processed Buffers:  36]
      [Scan RS (ms):  6.6]
      [Code Root Scanning (ms):  0.0]
      [Object Copy (ms):  15.0]
      [Termination (ms):  0.0]
         [Termination Attempts:  1]
      [GC Worker Other (ms):  0.0]
      [GC Worker Total (ms):  26.0]
      [GC Worker End (ms):  20608858.2]
   [Code Root Fixup: 0.0 ms]
   [Code Root Purge: 0.0 ms]
   [Clear CT: 0.0 ms]
   [Other: 0.4 ms]
      [Choose CSet: 0.0 ms]
      [Ref Proc: 0.0 ms]
      [Ref Enq: 0.0 ms]
      [Redirty Cards: 0.0 ms]
      [Humongous Register: 0.0 ms]
      [Humongous Reclaim: 0.0 ms]
      [Free CSet: 0.0 ms]
   [Eden: 46.0M(46.0M)->0.0B(47.0M) Survivors: 5120.0K->4096.0K Heap: 346.9M(1024.0M)->301.2M(1024.0M)]
 [Times: user=0.03 sys=0.00, real=0.02 secs] 
2016-12-19T23:32:46.638+0100: 20631.898: [GC pause (G1 Evacuation Pause) (young), 0.0243847 secs]
   [Parallel Time: 23.9 ms, GC Workers: 1]
      [GC Worker Start (ms):  20631898.2]
      [Ext Root Scanning (ms):  1.3]
      [Update RS (ms):  3.1]
         [Processed Buffers:  39]
      [Scan RS (ms):  4.0]
      [Code Root Scanning (ms):  0.0]
      [Object Copy (ms):  15.4]
      [Termination (ms):  0.0]
         [Termination Attempts:  1]
      [GC Worker Other (ms):  0.0]
      [GC Worker Total (ms):  23.8]
      [GC Worker End (ms):  20631922.0]
   [Code Root Fixup: 0.1 ms]
   [Code Root Purge: 0.0 ms]
   [Clear CT: 0.0 ms]
   [Other: 0.4 ms]
      [Choose CSet: 0.0 ms]
      [Ref Proc: 0.0 ms]
      [Ref Enq: 0.0 ms]
      [Redirty Cards: 0.0 ms]
      [Humongous Register: 0.0 ms]
      [Humongous Reclaim: 0.0 ms]
      [Free CSet: 0.1 ms]
   [Eden: 47.0M(47.0M)->0.0B(46.0M) Survivors: 4096.0K->5120.0K Heap: 348.2M(1024.0M)->302.2M(1024.0M)]
 [Times: user=0.02 sys=0.00, real=0.03 secs] 
2016-12-19T23:33:12.142+0100: 20657.401: [GC pause (G1 Evacuation Pause) (young), 0.0407657 secs]
   [Parallel Time: 38.8 ms, GC Workers: 1]
      [GC Worker Start (ms):  20657402.7]
      [Ext Root Scanning (ms):  2.0]
      [Update RS (ms):  5.8]
         [Processed Buffers:  38]
      [Scan RS (ms):  4.5]
      [Code Root Scanning (ms):  0.0]
      [Object Copy (ms):  26.4]
      [Termination (ms):  0.0]
         [Termination Attempts:  1]
      [GC Worker Other (ms):  0.0]
      [GC Worker Total (ms):  38.7]
      [GC Worker End (ms):  20657441.4]
   [Code Root Fixup: 0.1 ms]
   [Code Root Purge: 0.0 ms]
   [Clear CT: 0.1 ms]
   [Other: 1.8 ms]
      [Choose CSet: 0.0 ms]
      [Ref Proc: 0.1 ms]
      [Ref Enq: 0.0 ms]
      [Redirty Cards: 0.2 ms]
      [Humongous Register: 1.1 ms]
      [Humongous Reclaim: 0.0 ms]
      [Free CSet: 0.1 ms]
   [Eden: 46.0M(46.0M)->0.0B(47.0M) Survivors: 5120.0K->4096.0K Heap: 348.2M(1024.0M)->302.6M(1024.0M)]
 [Times: user=0.04 sys=0.00, real=0.05 secs] 
2016-12-19T23:33:35.589+0100: 20680.849: [GC pause (G1 Evacuation Pause) (young), 0.0303804 secs]
   [Parallel Time: 29.8 ms, GC Workers: 1]
      [GC Worker Start (ms):  20680849.1]
      [Ext Root Scanning (ms):  1.4]
      [Update RS (ms):  4.1]
         [Processed Buffers:  37]
      [Scan RS (ms):  7.2]
      [Code Root Scanning (ms):  0.0]
      [Object Copy (ms):  17.0]
      [Termination (ms):  0.0]
         [Termination Attempts:  1]
      [GC Worker Other (ms):  0.0]
      [GC Worker Total (ms):  29.7]
      [GC Worker End (ms):  20680878.8]
   [Code Root Fixup: 0.0 ms]
   [Code Root Purge: 0.0 ms]
   [Clear CT: 0.0 ms]
   [Other: 0.5 ms]
      [Choose CSet: 0.0 ms]
      [Ref Proc: 0.0 ms]
      [Ref Enq: 0.0 ms]
      [Redirty Cards: 0.0 ms]
      [Humongous Register: 0.1 ms]
      [Humongous Reclaim: 0.1 ms]
      [Free CSet: 0.1 ms]
   [Eden: 47.0M(47.0M)->0.0B(45.0M) Survivors: 4096.0K->6144.0K Heap: 349.6M(1024.0M)->304.1M(1024.0M)]
 [Times: user=0.03 sys=0.00, real=0.03 secs] 
2016-12-19T23:33:58.442+0100: 20703.702: [GC pause (G1 Evacuation Pause) (young), 0.0273345 secs]
   [Parallel Time: 26.8 ms, GC Workers: 1]
      [GC Worker Start (ms):  20703702.3]
      [Ext Root Scanning (ms):  1.4]
      [Update RS (ms):  5.3]
         [Processed Buffers:  37]
      [Scan RS (ms):  3.7]
      [Code Root Scanning (ms):  0.0]
      [Object Copy (ms):  16.4]
      [Termination (ms):  0.0]
         [Termination Attempts:  1]
      [GC Worker Other (ms):  0.0]
      [GC Worker Total (ms):  26.8]
      [GC Worker End (ms):  20703729.1]
   [Code Root Fixup: 0.1 ms]
   [Code Root Purge: 0.0 ms]
   [Clear CT: 0.0 ms]
   [Other: 0.4 ms]
      [Choose CSet: 0.0 ms]
      [Ref Proc: 0.0 ms]
      [Ref Enq: 0.0 ms]
      [Redirty Cards: 0.0 ms]
      [Humongous Register: 0.1 ms]
      [Humongous Reclaim: 0.0 ms]
      [Free CSet: 0.1 ms]
   [Eden: 45.0M(45.0M)->0.0B(47.0M) Survivors: 6144.0K->4096.0K Heap: 349.1M(1024.0M)->304.2M(1024.0M)]
 [Times: user=0.03 sys=0.00, real=0.02 secs] 
2016-12-19T23:34:21.927+0100: 20727.186: [GC pause (G1 Evacuation Pause) (young), 0.0231134 secs]
   [Parallel Time: 22.7 ms, GC Workers: 1]
      [GC Worker Start (ms):  20727186.3]
      [Ext Root Scanning (ms):  1.1]
      [Update RS (ms):  2.4]
         [Processed Buffers:  38]
      [Scan RS (ms):  4.9]
      [Code Root Scanning (ms):  0.0]
      [Object Copy (ms):  14.3]
      [Termination (ms):  0.0]
         [Termination Attempts:  1]
      [GC Worker Other (ms):  0.0]
      [GC Worker Total (ms):  22.7]
      [GC Worker End (ms):  20727209.0]
   [Code Root Fixup: 0.0 ms]
   [Code Root Purge: 0.0 ms]
   [Clear CT: 0.0 ms]
   [Other: 0.3 ms]
      [Choose CSet: 0.0 ms]
      [Ref Proc: 0.0 ms]
      [Ref Enq: 0.0 ms]
      [Redirty Cards: 0.0 ms]
      [Humongous Register: 0.0 ms]
      [Humongous Reclaim: 0.0 ms]
      [Free CSet: 0.1 ms]
   [Eden: 47.0M(47.0M)->0.0B(45.0M) Survivors: 4096.0K->6144.0K Heap: 351.2M(1024.0M)->305.7M(1024.0M)]
 [Times: user=0.02 sys=0.00, real=0.02 secs] 
2016-12-19T23:34:44.633+0100: 20749.892: [GC pause (G1 Evacuation Pause) (young), 0.0318659 secs]
   [Parallel Time: 30.4 ms, GC Workers: 1]
      [GC Worker Start (ms):  20749893.5]
      [Ext Root Scanning (ms):  1.4]
      [Update RS (ms):  5.4]
         [Processed Buffers:  37]
      [Scan RS (ms):  6.2]
      [Code Root Scanning (ms):  0.0]
      [Object Copy (ms):  17.3]
      [Termination (ms):  0.0]
         [Termination Attempts:  1]
      [GC Worker Other (ms):  0.0]
      [GC Worker Total (ms):  30.4]
      [GC Worker End (ms):  20749923.8]
   [Code Root Fixup: 0.1 ms]
   [Code Root Purge: 0.0 ms]
   [Clear CT: 0.0 ms]
   [Other: 1.3 ms]
      [Choose CSet: 0.0 ms]
      [Ref Proc: 0.0 ms]
      [Ref Enq: 0.0 ms]
      [Redirty Cards: 0.1 ms]
      [Humongous Register: 0.8 ms]
      [Humongous Reclaim: 0.0 ms]
      [Free CSet: 0.1 ms]
   [Eden: 45.0M(45.0M)->0.0B(47.0M) Survivors: 6144.0K->4096.0K Heap: 350.7M(1024.0M)->305.5M(1024.0M)]
 [Times: user=0.03 sys=0.00, real=0.03 secs] 
2016-12-19T23:35:10.313+0100: 20775.572: [GC pause (G1 Evacuation Pause) (young), 0.0339007 secs]
   [Parallel Time: 33.4 ms, GC Workers: 1]
      [GC Worker Start (ms):  20775572.6]
      [Ext Root Scanning (ms):  1.5]
      [Update RS (ms):  6.1]
         [Processed Buffers:  37]
      [Scan RS (ms):  6.3]
      [Code Root Scanning (ms):  0.0]
      [Object Copy (ms):  19.4]
      [Termination (ms):  0.0]
         [Termination Attempts:  1]
      [GC Worker Other (ms):  0.0]
      [GC Worker Total (ms):  33.3]
      [GC Worker End (ms):  20775605.9]
   [Code Root Fixup: 0.1 ms]
   [Code Root Purge: 0.0 ms]
   [Clear CT: 0.0 ms]
   [Other: 0.4 ms]
      [Choose CSet: 0.0 ms]
      [Ref Proc: 0.0 ms]
      [Ref Enq: 0.0 ms]
      [Redirty Cards: 0.0 ms]
      [Humongous Register: 0.1 ms]
      [Humongous Reclaim: 0.0 ms]
      [Free CSet: 0.1 ms]
   [Eden: 47.0M(47.0M)->0.0B(45.0M) Survivors: 4096.0K->6144.0K Heap: 352.5M(1024.0M)->307.0M(1024.0M)]
 [Times: user=0.03 sys=0.00, real=0.03 secs] 
2016-12-19T23:35:32.764+0100: 20798.023: [GC pause (G1 Evacuation Pause) (young), 0.0207253 secs]
   [Parallel Time: 20.2 ms, GC Workers: 1]
      [GC Worker Start (ms):  20798023.6]
      [Ext Root Scanning (ms):  1.5]
      [Update RS (ms):  2.9]
         [Processed Buffers:  33]
      [Scan RS (ms):  3.5]
      [Code Root Scanning (ms):  0.0]
      [Object Copy (ms):  12.3]
      [Termination (ms):  0.0]
         [Termination Attempts:  1]
      [GC Worker Other (ms):  0.0]
      [GC Worker Total (ms):  20.2]
      [GC Worker End (ms):  20798043.8]
   [Code Root Fixup: 0.0 ms]
   [Code Root Purge: 0.0 ms]
   [Clear CT: 0.0 ms]
   [Other: 0.4 ms]
      [Choose CSet: 0.0 ms]
      [Ref Proc: 0.0 ms]
      [Ref Enq: 0.0 ms]
      [Redirty Cards: 0.0 ms]
      [Humongous Register: 0.0 ms]
      [Humongous Reclaim: 0.0 ms]
      [Free CSet: 0.1 ms]
   [Eden: 45.0M(45.0M)->0.0B(47.0M) Survivors: 6144.0K->4096.0K Heap: 352.0M(1024.0M)->307.0M(1024.0M)]
 [Times: user=0.02 sys=0.00, real=0.02 secs] 
2016-12-19T23:35:57.933+0100: 20823.193: [GC pause (G1 Evacuation Pause) (young), 0.0181392 secs]
   [Parallel Time: 17.7 ms, GC Workers: 1]
      [GC Worker Start (ms):  20823193.1]
      [Ext Root Scanning (ms):  1.0]
      [Update RS (ms):  2.2]
         [Processed Buffers:  37]
      [Scan RS (ms):  4.6]
      [Code Root Scanning (ms):  0.0]
      [Object Copy (ms):  9.9]
      [Termination (ms):  0.0]
         [Termination Attempts:  1]
      [GC Worker Other (ms):  0.0]
      [GC Worker Total (ms):  17.7]
      [GC Worker End (ms):  20823210.8]
   [Code Root Fixup: 0.0 ms]
   [Code Root Purge: 0.0 ms]
   [Clear CT: 0.0 ms]
   [Other: 0.3 ms]
      [Choose CSet: 0.0 ms]
      [Ref Proc: 0.0 ms]
      [Ref Enq: 0.0 ms]
      [Redirty Cards: 0.0 ms]
      [Humongous Register: 0.0 ms]
      [Humongous Reclaim: 0.0 ms]
      [Free CSet: 0.1 ms]
   [Eden: 47.0M(47.0M)->0.0B(47.0M) Survivors: 4096.0K->4096.0K Heap: 354.0M(1024.0M)->307.5M(1024.0M)]
 [Times: user=0.02 sys=0.00, real=0.01 secs] 
2016-12-19T23:36:21.947+0100: 20847.206: [GC pause (G1 Evacuation Pause) (young), 0.0333034 secs]
   [Parallel Time: 32.6 ms, GC Workers: 1]
      [GC Worker Start (ms):  20847206.4]
      [Ext Root Scanning (ms):  1.1]
      [Update RS (ms):  4.9]
         [Processed Buffers:  36]
      [Scan RS (ms):  4.2]
      [Code Root Scanning (ms):  0.0]
      [Object Copy (ms):  22.4]
      [Termination (ms):  0.0]
         [Termination Attempts:  1]
      [GC Worker Other (ms):  0.0]
      [GC Worker Total (ms):  32.6]
      [GC Worker End (ms):  20847239.0]
   [Code Root Fixup: 0.1 ms]
   [Code Root Purge: 0.0 ms]
   [Clear CT: 0.1 ms]
   [Other: 0.5 ms]
      [Choose CSet: 0.0 ms]
      [Ref Proc: 0.1 ms]
      [Ref Enq: 0.0 ms]
      [Redirty Cards: 0.0 ms]
      [Humongous Register: 0.0 ms]
      [Humongous Reclaim: 0.0 ms]
      [Free CSet: 0.1 ms]
   [Eden: 47.0M(47.0M)->0.0B(46.0M) Survivors: 4096.0K->5120.0K Heap: 354.5M(1024.0M)->308.5M(1024.0M)]
 [Times: user=0.03 sys=0.00, real=0.03 secs] 
2016-12-19T23:36:46.879+0100: 20872.139: [GC pause (G1 Evacuation Pause) (young), 0.0228193 secs]
   [Parallel Time: 22.2 ms, GC Workers: 1]
      [GC Worker Start (ms):  20872139.3]
      [Ext Root Scanning (ms):  2.9]
      [Update RS (ms):  2.5]
         [Processed Buffers:  35]
      [Scan RS (ms):  3.4]
      [Code Root Scanning (ms):  0.0]
      [Object Copy (ms):  13.3]
      [Termination (ms):  0.0]
         [Termination Attempts:  1]
      [GC Worker Other (ms):  0.0]
      [GC Worker Total (ms):  22.1]
      [GC Worker End (ms):  20872161.4]
   [Code Root Fixup: 0.0 ms]
   [Code Root Purge: 0.0 ms]
   [Clear CT: 0.0 ms]
   [Other: 0.5 ms]
      [Choose CSet: 0.0 ms]
      [Ref Proc: 0.0 ms]
      [Ref Enq: 0.0 ms]
      [Redirty Cards: 0.1 ms]
      [Humongous Register: 0.1 ms]
      [Humongous Reclaim: 0.0 ms]
      [Free CSet: 0.1 ms]
   [Eden: 46.0M(46.0M)->0.0B(47.0M) Survivors: 5120.0K->4096.0K Heap: 354.5M(1024.0M)->308.7M(1024.0M)]
 [Times: user=0.02 sys=0.00, real=0.03 secs] 
2016-12-19T23:37:11.406+0100: 20896.665: [GC pause (G1 Evacuation Pause) (young), 0.0202240 secs]
   [Parallel Time: 19.7 ms, GC Workers: 1]
      [GC Worker Start (ms):  20896665.4]
      [Ext Root Scanning (ms):  1.4]
      [Update RS (ms):  3.4]
         [Processed Buffers:  38]
      [Scan RS (ms):  3.4]
      [Code Root Scanning (ms):  0.0]
      [Object Copy (ms):  11.5]
      [Termination (ms):  0.0]
         [Termination Attempts:  1]
      [GC Worker Other (ms):  0.0]
      [GC Worker Total (ms):  19.7]
      [GC Worker End (ms):  20896685.1]
   [Code Root Fixup: 0.0 ms]
   [Code Root Purge: 0.0 ms]
   [Clear CT: 0.0 ms]
   [Other: 0.4 ms]
      [Choose CSet: 0.0 ms]
      [Ref Proc: 0.0 ms]
      [Ref Enq: 0.0 ms]
      [Redirty Cards: 0.0 ms]
      [Humongous Register: 0.1 ms]
      [Humongous Reclaim: 0.0 ms]
      [Free CSet: 0.1 ms]
   [Eden: 47.0M(47.0M)->0.0B(46.0M) Survivors: 4096.0K->5120.0K Heap: 355.7M(1024.0M)->309.7M(1024.0M)]
 [Times: user=0.02 sys=0.00, real=0.02 secs] 
2016-12-19T23:37:35.681+0100: 20920.941: [GC pause (G1 Evacuation Pause) (young), 0.0238337 secs]
   [Parallel Time: 23.2 ms, GC Workers: 1]
      [GC Worker Start (ms):  20920940.8]
      [Ext Root Scanning (ms):  1.8]
      [Update RS (ms):  2.9]
         [Processed Buffers:  36]
      [Scan RS (ms):  4.4]
      [Code Root Scanning (ms):  0.0]
      [Object Copy (ms):  14.0]
      [Termination (ms):  0.0]
         [Termination Attempts:  1]
      [GC Worker Other (ms):  0.0]
      [GC Worker Total (ms):  23.2]
      [GC Worker End (ms):  20920963.9]
   [Code Root Fixup: 0.0 ms]
   [Code Root Purge: 0.0 ms]
   [Clear CT: 0.0 ms]
   [Other: 0.5 ms]
      [Choose CSet: 0.0 ms]
      [Ref Proc: 0.0 ms]
      [Ref Enq: 0.0 ms]
      [Redirty Cards: 0.0 ms]
      [Humongous Register: 0.1 ms]
      [Humongous Reclaim: 0.0 ms]
      [Free CSet: 0.1 ms]
   [Eden: 46.0M(46.0M)->0.0B(47.0M) Survivors: 5120.0K->4096.0K Heap: 355.7M(1024.0M)->310.2M(1024.0M)]
 [Times: user=0.02 sys=0.00, real=0.03 secs] 
2016-12-19T23:38:00.026+0100: 20945.286: [GC pause (G1 Evacuation Pause) (young), 0.0330304 secs]
   [Parallel Time: 32.0 ms, GC Workers: 1]
      [GC Worker Start (ms):  20945286.3]
      [Ext Root Scanning (ms):  3.6]
      [Update RS (ms):  6.6]
         [Processed Buffers:  37]
      [Scan RS (ms):  6.3]
      [Code Root Scanning (ms):  0.0]
      [Object Copy (ms):  15.5]
      [Termination (ms):  0.0]
         [Termination Attempts:  1]
      [GC Worker Other (ms):  0.0]
      [GC Worker Total (ms):  32.0]
      [GC Worker End (ms):  20945318.2]
   [Code Root Fixup: 0.1 ms]
   [Code Root Purge: 0.0 ms]
   [Clear CT: 0.1 ms]
   [Other: 0.9 ms]
      [Choose CSet: 0.0 ms]
      [Ref Proc: 0.1 ms]
      [Ref Enq: 0.0 ms]
      [Redirty Cards: 0.0 ms]
      [Humongous Register: 0.1 ms]
      [Humongous Reclaim: 0.0 ms]
      [Free CSet: 0.1 ms]
   [Eden: 47.0M(47.0M)->0.0B(45.0M) Survivors: 4096.0K->6144.0K Heap: 357.2M(1024.0M)->311.7M(1024.0M)]
 [Times: user=0.03 sys=0.00, real=0.03 secs] 
2016-12-19T23:38:23.894+0100: 20969.154: [GC pause (G1 Evacuation Pause) (young), 0.0332470 secs]
   [Parallel Time: 31.2 ms, GC Workers: 1]
      [GC Worker Start (ms):  20969154.2]
      [Ext Root Scanning (ms):  1.0]
      [Update RS (ms):  2.1]
         [Processed Buffers:  36]
      [Scan RS (ms):  3.6]
      [Code Root Scanning (ms):  0.0]
      [Object Copy (ms):  24.4]
      [Termination (ms):  0.0]
         [Termination Attempts:  1]
      [GC Worker Other (ms):  0.0]
      [GC Worker Total (ms):  31.1]
      [GC Worker End (ms):  20969185.3]
   [Code Root Fixup: 0.1 ms]
   [Code Root Purge: 0.0 ms]
   [Clear CT: 0.1 ms]
   [Other: 1.9 ms]
      [Choose CSet: 0.0 ms]
      [Ref Proc: 0.0 ms]
      [Ref Enq: 0.0 ms]
      [Redirty Cards: 0.1 ms]
      [Humongous Register: 0.0 ms]
      [Humongous Reclaim: 0.1 ms]
      [Free CSet: 0.2 ms]
   [Eden: 45.0M(45.0M)->0.0B(47.0M) Survivors: 6144.0K->4096.0K Heap: 356.7M(1024.0M)->311.7M(1024.0M)]
 [Times: user=0.02 sys=0.00, real=0.03 secs] 
2016-12-19T23:38:47.462+0100: 20992.721: [GC pause (G1 Evacuation Pause) (young), 0.0302275 secs]
   [Parallel Time: 29.4 ms, GC Workers: 1]
      [GC Worker Start (ms):  20992721.6]
      [Ext Root Scanning (ms):  2.9]
      [Update RS (ms):  4.0]
         [Processed Buffers:  36]
      [Scan RS (ms):  6.2]
      [Code Root Scanning (ms):  0.0]
      [Object Copy (ms):  16.3]
      [Termination (ms):  0.0]
         [Termination Attempts:  1]
      [GC Worker Other (ms):  0.0]
      [GC Worker Total (ms):  29.4]
      [GC Worker End (ms):  20992750.9]
   [Code Root Fixup: 0.1 ms]
   [Code Root Purge: 0.0 ms]
   [Clear CT: 0.1 ms]
   [Other: 0.6 ms]
      [Choose CSet: 0.0 ms]
      [Ref Proc: 0.1 ms]
      [Ref Enq: 0.0 ms]
      [Redirty Cards: 0.1 ms]
      [Humongous Register: 0.1 ms]
      [Humongous Reclaim: 0.0 ms]
      [Free CSet: 0.1 ms]
   [Eden: 47.0M(47.0M)->0.0B(45.0M) Survivors: 4096.0K->6144.0K Heap: 358.7M(1024.0M)->313.2M(1024.0M)]
 [Times: user=0.02 sys=0.00, real=0.04 secs] 
2016-12-19T23:39:10.615+0100: 21015.875: [GC pause (G1 Evacuation Pause) (young), 0.0257774 secs]
   [Parallel Time: 25.3 ms, GC Workers: 1]
      [GC Worker Start (ms):  21015874.9]
      [Ext Root Scanning (ms):  2.0]
      [Update RS (ms):  3.5]
         [Processed Buffers:  38]
      [Scan RS (ms):  3.6]
      [Code Root Scanning (ms):  0.0]
      [Object Copy (ms):  16.2]
      [Termination (ms):  0.0]
         [Termination Attempts:  1]
      [GC Worker Other (ms):  0.0]
      [GC Worker Total (ms):  25.3]
      [GC Worker End (ms):  21015900.2]
   [Code Root Fixup: 0.1 ms]
   [Code Root Purge: 0.0 ms]
   [Clear CT: 0.0 ms]
   [Other: 0.4 ms]
      [Choose CSet: 0.0 ms]
      [Ref Proc: 0.0 ms]
      [Ref Enq: 0.0 ms]
      [Redirty Cards: 0.0 ms]
      [Humongous Register: 0.1 ms]
      [Humongous Reclaim: 0.0 ms]
      [Free CSet: 0.0 ms]
   [Eden: 45.0M(45.0M)->0.0B(46.0M) Survivors: 6144.0K->5120.0K Heap: 358.2M(1024.0M)->313.5M(1024.0M)]
 [Times: user=0.02 sys=0.00, real=0.02 secs] 
2016-12-19T23:39:35.447+0100: 21040.706: [GC pause (G1 Evacuation Pause) (young), 0.0254283 secs]
   [Parallel Time: 25.0 ms, GC Workers: 1]
      [GC Worker Start (ms):  21040706.3]
      [Ext Root Scanning (ms):  1.0]
      [Update RS (ms):  2.2]
         [Processed Buffers:  38]
      [Scan RS (ms):  7.5]
      [Code Root Scanning (ms):  0.0]
      [Object Copy (ms):  14.3]
      [Termination (ms):  0.0]
         [Termination Attempts:  1]
      [GC Worker Other (ms):  0.0]
      [GC Worker Total (ms):  25.0]
      [GC Worker End (ms):  21040731.3]
   [Code Root Fixup: 0.1 ms]
   [Code Root Purge: 0.0 ms]
   [Clear CT: 0.1 ms]
   [Other: 0.3 ms]
      [Choose CSet: 0.0 ms]
      [Ref Proc: 0.0 ms]
      [Ref Enq: 0.0 ms]
      [Redirty Cards: 0.0 ms]
      [Humongous Register: 0.0 ms]
      [Humongous Reclaim: 0.0 ms]
      [Free CSet: 0.1 ms]
   [Eden: 46.0M(46.0M)->0.0B(46.0M) Survivors: 5120.0K->5120.0K Heap: 359.5M(1024.0M)->315.0M(1024.0M)]
 [Times: user=0.03 sys=0.00, real=0.03 secs] 
2016-12-19T23:39:59.225+0100: 21064.485: [GC pause (G1 Evacuation Pause) (young), 0.0245839 secs]
   [Parallel Time: 24.0 ms, GC Workers: 1]
      [GC Worker Start (ms):  21064485.3]
      [Ext Root Scanning (ms):  1.6]
      [Update RS (ms):  2.6]
         [Processed Buffers:  37]
      [Scan RS (ms):  4.1]
      [Code Root Scanning (ms):  0.0]
      [Object Copy (ms):  15.7]
      [Termination (ms):  0.0]
         [Termination Attempts:  1]
      [GC Worker Other (ms):  0.0]
      [GC Worker Total (ms):  24.0]
      [GC Worker End (ms):  21064509.3]
   [Code Root Fixup: 0.1 ms]
   [Code Root Purge: 0.0 ms]
   [Clear CT: 0.0 ms]
   [Other: 0.5 ms]
      [Choose CSet: 0.0 ms]
      [Ref Proc: 0.0 ms]
      [Ref Enq: 0.0 ms]
      [Redirty Cards: 0.0 ms]
      [Humongous Register: 0.1 ms]
      [Humongous Reclaim: 0.0 ms]
      [Free CSet: 0.1 ms]
   [Eden: 46.0M(46.0M)->0.0B(47.0M) Survivors: 5120.0K->4096.0K Heap: 361.0M(1024.0M)->315.0M(1024.0M)]
 [Times: user=0.03 sys=0.00, real=0.03 secs] 
2016-12-19T23:40:23.201+0100: 21088.461: [GC pause (G1 Evacuation Pause) (young), 0.0201312 secs]
   [Parallel Time: 19.6 ms, GC Workers: 1]
      [GC Worker Start (ms):  21088460.9]
      [Ext Root Scanning (ms):  1.9]
      [Update RS (ms):  4.2]
         [Processed Buffers:  37]
      [Scan RS (ms):  4.8]
      [Code Root Scanning (ms):  0.0]
      [Object Copy (ms):  8.6]
      [Termination (ms):  0.0]
         [Termination Attempts:  1]
      [GC Worker Other (ms):  0.0]
      [GC Worker Total (ms):  19.6]
      [GC Worker End (ms):  21088480.5]
   [Code Root Fixup: 0.1 ms]
   [Code Root Purge: 0.0 ms]
   [Clear CT: 0.0 ms]
   [Other: 0.4 ms]
      [Choose CSet: 0.0 ms]
      [Ref Proc: 0.0 ms]
      [Ref Enq: 0.0 ms]
      [Redirty Cards: 0.0 ms]
      [Humongous Register: 0.1 ms]
      [Humongous Reclaim: 0.0 ms]
      [Free CSet: 0.1 ms]
   [Eden: 47.0M(47.0M)->0.0B(47.0M) Survivors: 4096.0K->4096.0K Heap: 362.0M(1024.0M)->315.5M(1024.0M)]
 [Times: user=0.01 sys=0.00, real=0.02 secs] 
2016-12-19T23:40:45.948+0100: 21111.207: [GC pause (G1 Evacuation Pause) (young), 0.0230517 secs]
   [Parallel Time: 22.5 ms, GC Workers: 1]
      [GC Worker Start (ms):  21111207.6]
      [Ext Root Scanning (ms):  1.1]
      [Update RS (ms):  2.7]
         [Processed Buffers:  38]
      [Scan RS (ms):  5.3]
      [Code Root Scanning (ms):  0.0]
      [Object Copy (ms):  13.4]
      [Termination (ms):  0.0]
         [Termination Attempts:  1]
      [GC Worker Other (ms):  0.0]
      [GC Worker Total (ms):  22.5]
      [GC Worker End (ms):  21111230.1]
   [Code Root Fixup: 0.0 ms]
   [Code Root Purge: 0.0 ms]
   [Clear CT: 0.1 ms]
   [Other: 0.4 ms]
      [Choose CSet: 0.0 ms]
      [Ref Proc: 0.0 ms]
      [Ref Enq: 0.0 ms]
      [Redirty Cards: 0.0 ms]
      [Humongous Register: 0.0 ms]
      [Humongous Reclaim: 0.0 ms]
      [Free CSet: 0.1 ms]
   [Eden: 47.0M(47.0M)->0.0B(46.0M) Survivors: 4096.0K->5120.0K Heap: 362.5M(1024.0M)->316.5M(1024.0M)]
 [Times: user=0.02 sys=0.00, real=0.03 secs] 
2016-12-19T23:41:09.476+0100: 21134.736: [GC pause (G1 Evacuation Pause) (young), 0.0291839 secs]
   [Parallel Time: 28.2 ms, GC Workers: 1]
      [GC Worker Start (ms):  21134736.3]
      [Ext Root Scanning (ms):  1.4]
      [Update RS (ms):  2.5]
         [Processed Buffers:  40]
      [Scan RS (ms):  4.9]
      [Code Root Scanning (ms):  0.0]
      [Object Copy (ms):  19.4]
      [Termination (ms):  0.0]
         [Termination Attempts:  1]
      [GC Worker Other (ms):  0.0]
      [GC Worker Total (ms):  28.2]
      [GC Worker End (ms):  21134764.5]
   [Code Root Fixup: 0.0 ms]
   [Code Root Purge: 0.0 ms]
   [Clear CT: 0.1 ms]
   [Other: 0.9 ms]
      [Choose CSet: 0.0 ms]
      [Ref Proc: 0.0 ms]
      [Ref Enq: 0.0 ms]
      [Redirty Cards: 0.0 ms]
      [Humongous Register: 0.1 ms]
      [Humongous Reclaim: 0.0 ms]
      [Free CSet: 0.1 ms]
   [Eden: 46.0M(46.0M)->0.0B(47.0M) Survivors: 5120.0K->4096.0K Heap: 362.5M(1024.0M)->316.7M(1024.0M)]
 [Times: user=0.02 sys=0.00, real=0.03 secs] 
2016-12-19T23:41:33.698+0100: 21158.957: [GC pause (G1 Evacuation Pause) (young), 0.0246162 secs]
   [Parallel Time: 23.9 ms, GC Workers: 1]
      [GC Worker Start (ms):  21158957.4]
      [Ext Root Scanning (ms):  1.1]
      [Update RS (ms):  2.7]
         [Processed Buffers:  38]
      [Scan RS (ms):  4.6]
      [Code Root Scanning (ms):  0.0]
      [Object Copy (ms):  15.4]
      [Termination (ms):  0.0]
         [Termination Attempts:  1]
      [GC Worker Other (ms):  0.0]
      [GC Worker Total (ms):  23.9]
      [GC Worker End (ms):  21158981.3]
   [Code Root Fixup: 0.1 ms]
   [Code Root Purge: 0.0 ms]
   [Clear CT: 0.1 ms]
   [Other: 0.6 ms]
      [Choose CSet: 0.0 ms]
      [Ref Proc: 0.0 ms]
      [Ref Enq: 0.0 ms]
      [Redirty Cards: 0.1 ms]
      [Humongous Register: 0.0 ms]
      [Humongous Reclaim: 0.1 ms]
      [Free CSet: 0.1 ms]
   [Eden: 47.0M(47.0M)->0.0B(46.0M) Survivors: 4096.0K->5120.0K Heap: 363.7M(1024.0M)->317.7M(1024.0M)]
 [Times: user=0.03 sys=0.00, real=0.03 secs] 
2016-12-19T23:41:57.277+0100: 21182.537: [GC pause (G1 Evacuation Pause) (young), 0.0322303 secs]
   [Parallel Time: 31.7 ms, GC Workers: 1]
      [GC Worker Start (ms):  21182537.2]
      [Ext Root Scanning (ms):  1.9]
      [Update RS (ms):  3.9]
         [Processed Buffers:  40]
      [Scan RS (ms):  5.0]
      [Code Root Scanning (ms):  0.0]
      [Object Copy (ms):  20.8]
      [Termination (ms):  0.0]
         [Termination Attempts:  1]
      [GC Worker Other (ms):  0.0]
      [GC Worker Total (ms):  31.6]
      [GC Worker End (ms):  21182568.8]
   [Code Root Fixup: 0.0 ms]
   [Code Root Purge: 0.0 ms]
   [Clear CT: 0.0 ms]
   [Other: 0.5 ms]
      [Choose CSet: 0.0 ms]
      [Ref Proc: 0.0 ms]
      [Ref Enq: 0.0 ms]
      [Redirty Cards: 0.0 ms]
      [Humongous Register: 0.1 ms]
      [Humongous Reclaim: 0.0 ms]
      [Free CSet: 0.1 ms]
   [Eden: 46.0M(46.0M)->0.0B(47.0M) Survivors: 5120.0K->4096.0K Heap: 363.7M(1024.0M)->317.9M(1024.0M)]
 [Times: user=0.02 sys=0.00, real=0.03 secs] 
2016-12-19T23:42:22.619+0100: 21207.879: [GC pause (G1 Evacuation Pause) (young), 0.0309507 secs]
   [Parallel Time: 30.4 ms, GC Workers: 1]
      [GC Worker Start (ms):  21207879.1]
      [Ext Root Scanning (ms):  3.5]
      [Update RS (ms):  5.2]
         [Processed Buffers:  38]
      [Scan RS (ms):  6.6]
      [Code Root Scanning (ms):  0.0]
      [Object Copy (ms):  15.1]
      [Termination (ms):  0.0]
         [Termination Attempts:  1]
      [GC Worker Other (ms):  0.0]
      [GC Worker Total (ms):  30.4]
      [GC Worker End (ms):  21207909.5]
   [Code Root Fixup: 0.0 ms]
   [Code Root Purge: 0.0 ms]
   [Clear CT: 0.0 ms]
   [Other: 0.4 ms]
      [Choose CSet: 0.0 ms]
      [Ref Proc: 0.0 ms]
      [Ref Enq: 0.0 ms]
      [Redirty Cards: 0.0 ms]
      [Humongous Register: 0.1 ms]
      [Humongous Reclaim: 0.0 ms]
      [Free CSet: 0.1 ms]
   [Eden: 47.0M(47.0M)->0.0B(45.0M) Survivors: 4096.0K->6144.0K Heap: 364.9M(1024.0M)->319.4M(1024.0M)]
 [Times: user=0.03 sys=0.00, real=0.04 secs] 
2016-12-19T23:42:45.466+0100: 21230.725: [GC pause (G1 Evacuation Pause) (young), 0.0347619 secs]
   [Parallel Time: 33.8 ms, GC Workers: 1]
      [GC Worker Start (ms):  21230725.5]
      [Ext Root Scanning (ms):  1.7]
      [Update RS (ms):  9.5]
         [Processed Buffers:  39]
      [Scan RS (ms):  5.7]
      [Code Root Scanning (ms):  0.0]
      [Object Copy (ms):  16.7]
      [Termination (ms):  0.0]
         [Termination Attempts:  1]
      [GC Worker Other (ms):  0.0]
      [GC Worker Total (ms):  33.7]
      [GC Worker End (ms):  21230759.2]
   [Code Root Fixup: 0.1 ms]
   [Code Root Purge: 0.0 ms]
   [Clear CT: 0.1 ms]
   [Other: 0.9 ms]
      [Choose CSet: 0.0 ms]
      [Ref Proc: 0.1 ms]
      [Ref Enq: 0.0 ms]
      [Redirty Cards: 0.0 ms]
      [Humongous Register: 0.1 ms]
      [Humongous Reclaim: 0.2 ms]
      [Free CSet: 0.1 ms]
   [Eden: 45.0M(45.0M)->0.0B(47.0M) Survivors: 6144.0K->4096.0K Heap: 364.4M(1024.0M)->319.5M(1024.0M)]
 [Times: user=0.04 sys=0.00, real=0.03 secs] 
2016-12-19T23:43:09.441+0100: 21254.701: [GC pause (G1 Evacuation Pause) (young), 0.0232375 secs]
   [Parallel Time: 22.8 ms, GC Workers: 1]
      [GC Worker Start (ms):  21254701.1]
      [Ext Root Scanning (ms):  1.4]
      [Update RS (ms):  3.0]
         [Processed Buffers:  40]
      [Scan RS (ms):  5.0]
      [Code Root Scanning (ms):  0.0]
      [Object Copy (ms):  13.4]
      [Termination (ms):  0.0]
         [Termination Attempts:  1]
      [GC Worker Other (ms):  0.0]
      [GC Worker Total (ms):  22.8]
      [GC Worker End (ms):  21254723.9]
   [Code Root Fixup: 0.1 ms]
   [Code Root Purge: 0.0 ms]
   [Clear CT: 0.0 ms]
   [Other: 0.3 ms]
      [Choose CSet: 0.0 ms]
      [Ref Proc: 0.0 ms]
      [Ref Enq: 0.0 ms]
      [Redirty Cards: 0.0 ms]
      [Humongous Register: 0.0 ms]
      [Humongous Reclaim: 0.0 ms]
      [Free CSet: 0.1 ms]
   [Eden: 47.0M(47.0M)->0.0B(45.0M) Survivors: 4096.0K->6144.0K Heap: 366.5M(1024.0M)->321.0M(1024.0M)]
 [Times: user=0.02 sys=0.00, real=0.03 secs] 
2016-12-19T23:43:31.516+0100: 21276.776: [GC pause (G1 Evacuation Pause) (young), 0.0344397 secs]
   [Parallel Time: 33.5 ms, GC Workers: 1]
      [GC Worker Start (ms):  21276775.9]
      [Ext Root Scanning (ms):  1.1]
      [Update RS (ms):  2.8]
         [Processed Buffers:  39]
      [Scan RS (ms):  4.6]
      [Code Root Scanning (ms):  0.0]
      [Object Copy (ms):  25.0]
      [Termination (ms):  0.0]
         [Termination Attempts:  1]
      [GC Worker Other (ms):  0.0]
      [GC Worker Total (ms):  33.5]
      [GC Worker End (ms):  21276809.3]
   [Code Root Fixup: 0.0 ms]
   [Code Root Purge: 0.0 ms]
   [Clear CT: 0.0 ms]
   [Other: 0.8 ms]
      [Choose CSet: 0.0 ms]
      [Ref Proc: 0.0 ms]
      [Ref Enq: 0.0 ms]
      [Redirty Cards: 0.0 ms]
      [Humongous Register: 0.0 ms]
      [Humongous Reclaim: 0.0 ms]
      [Free CSet: 0.1 ms]
   [Eden: 45.0M(45.0M)->0.0B(47.0M) Survivors: 6144.0K->4096.0K Heap: 366.0M(1024.0M)->321.0M(1024.0M)]
 [Times: user=0.03 sys=0.00, real=0.04 secs] 
2016-12-19T23:43:54.949+0100: 21300.208: [GC pause (G1 Evacuation Pause) (young), 0.0245077 secs]
   [Parallel Time: 24.0 ms, GC Workers: 1]
      [GC Worker Start (ms):  21300208.3]
      [Ext Root Scanning (ms):  0.9]
      [Update RS (ms):  3.4]
         [Processed Buffers:  39]
      [Scan RS (ms):  7.3]
      [Code Root Scanning (ms):  0.0]
      [Object Copy (ms):  12.3]
      [Termination (ms):  0.0]
         [Termination Attempts:  1]
      [GC Worker Other (ms):  0.0]
      [GC Worker Total (ms):  23.9]
      [GC Worker End (ms):  21300232.2]
   [Code Root Fixup: 0.1 ms]
   [Code Root Purge: 0.0 ms]
   [Clear CT: 0.0 ms]
   [Other: 0.4 ms]
      [Choose CSet: 0.0 ms]
      [Ref Proc: 0.0 ms]
      [Ref Enq: 0.0 ms]
      [Redirty Cards: 0.0 ms]
      [Humongous Register: 0.0 ms]
      [Humongous Reclaim: 0.0 ms]
      [Free CSet: 0.1 ms]
   [Eden: 47.0M(47.0M)->0.0B(46.0M) Survivors: 4096.0K->5120.0K Heap: 368.0M(1024.0M)->322.5M(1024.0M)]
 [Times: user=0.03 sys=0.00, real=0.03 secs] 
2016-12-19T23:44:18.424+0100: 21323.684: [GC pause (G1 Evacuation Pause) (young), 0.0284596 secs]
   [Parallel Time: 27.8 ms, GC Workers: 1]
      [GC Worker Start (ms):  21323683.9]
      [Ext Root Scanning (ms):  1.5]
      [Update RS (ms):  6.0]
         [Processed Buffers:  40]
      [Scan RS (ms):  4.6]
      [Code Root Scanning (ms):  0.0]
      [Object Copy (ms):  15.7]
      [Termination (ms):  0.0]
         [Termination Attempts:  1]
      [GC Worker Other (ms):  0.0]
      [GC Worker Total (ms):  27.8]
      [GC Worker End (ms):  21323711.7]
   [Code Root Fixup: 0.0 ms]
   [Code Root Purge: 0.0 ms]
   [Clear CT: 0.0 ms]
   [Other: 0.6 ms]
      [Choose CSet: 0.0 ms]
      [Ref Proc: 0.0 ms]
      [Ref Enq: 0.0 ms]
      [Redirty Cards: 0.0 ms]
      [Humongous Register: 0.1 ms]
      [Humongous Reclaim: 0.0 ms]
      [Free CSet: 0.1 ms]
   [Eden: 46.0M(46.0M)->0.0B(47.0M) Survivors: 5120.0K->4096.0K Heap: 368.5M(1024.0M)->323.3M(1024.0M)]
 [Times: user=0.02 sys=0.00, real=0.03 secs] 
2016-12-19T23:44:42.453+0100: 21347.713: [GC pause (G1 Evacuation Pause) (young), 0.0616676 secs]
   [Parallel Time: 57.2 ms, GC Workers: 1]
      [GC Worker Start (ms):  21347713.6]
      [Ext Root Scanning (ms):  1.5]
      [Update RS (ms):  21.7]
         [Processed Buffers:  39]
      [Scan RS (ms):  17.1]
      [Code Root Scanning (ms):  0.0]
      [Object Copy (ms):  16.9]
      [Termination (ms):  0.0]
         [Termination Attempts:  1]
      [GC Worker Other (ms):  0.0]
      [GC Worker Total (ms):  57.2]
      [GC Worker End (ms):  21347770.7]
   [Code Root Fixup: 0.1 ms]
   [Code Root Purge: 0.0 ms]
   [Clear CT: 3.0 ms]
   [Other: 1.3 ms]
      [Choose CSet: 0.0 ms]
      [Ref Proc: 0.1 ms]
      [Ref Enq: 0.0 ms]
      [Redirty Cards: 0.1 ms]
      [Humongous Register: 0.4 ms]
      [Humongous Reclaim: 0.1 ms]
      [Free CSet: 0.2 ms]
   [Eden: 47.0M(47.0M)->0.0B(47.0M) Survivors: 4096.0K->4096.0K Heap: 370.3M(1024.0M)->323.3M(1024.0M)]
 [Times: user=0.05 sys=0.00, real=0.06 secs] 
2016-12-19T23:45:06.257+0100: 21371.517: [GC pause (G1 Evacuation Pause) (young), 0.0287779 secs]
   [Parallel Time: 28.2 ms, GC Workers: 1]
      [GC Worker Start (ms):  21371517.1]
      [Ext Root Scanning (ms):  1.7]
      [Update RS (ms):  3.4]
         [Processed Buffers:  39]
      [Scan RS (ms):  4.6]
      [Code Root Scanning (ms):  0.0]
      [Object Copy (ms):  18.1]
      [Termination (ms):  0.0]
         [Termination Attempts:  1]
      [GC Worker Other (ms):  0.0]
      [GC Worker Total (ms):  28.0]
      [GC Worker End (ms):  21371545.1]
   [Code Root Fixup: 0.1 ms]
   [Code Root Purge: 0.0 ms]
   [Clear CT: 0.1 ms]
   [Other: 0.5 ms]
      [Choose CSet: 0.0 ms]
      [Ref Proc: 0.0 ms]
      [Ref Enq: 0.0 ms]
      [Redirty Cards: 0.0 ms]
      [Humongous Register: 0.1 ms]
      [Humongous Reclaim: 0.0 ms]
      [Free CSet: 0.1 ms]
   [Eden: 47.0M(47.0M)->0.0B(46.0M) Survivors: 4096.0K->5120.0K Heap: 370.3M(1024.0M)->324.3M(1024.0M)]
 [Times: user=0.02 sys=0.00, real=0.03 secs] 
2016-12-19T23:45:31.081+0100: 21396.341: [GC pause (G1 Evacuation Pause) (young), 0.0345733 secs]
   [Parallel Time: 34.1 ms, GC Workers: 1]
      [GC Worker Start (ms):  21396340.7]
      [Ext Root Scanning (ms):  1.4]
      [Update RS (ms):  2.6]
         [Processed Buffers:  40]
      [Scan RS (ms):  5.8]
      [Code Root Scanning (ms):  0.0]
      [Object Copy (ms):  24.2]
      [Termination (ms):  0.0]
         [Termination Attempts:  1]
      [GC Worker Other (ms):  0.0]
      [GC Worker Total (ms):  34.0]
      [GC Worker End (ms):  21396374.7]
   [Code Root Fixup: 0.1 ms]
   [Code Root Purge: 0.0 ms]
   [Clear CT: 0.0 ms]
   [Other: 0.4 ms]
      [Choose CSet: 0.0 ms]
      [Ref Proc: 0.0 ms]
      [Ref Enq: 0.0 ms]
      [Redirty Cards: 0.1 ms]
      [Humongous Register: 0.0 ms]
      [Humongous Reclaim: 0.0 ms]
      [Free CSet: 0.1 ms]
   [Eden: 46.0M(46.0M)->0.0B(47.0M) Survivors: 5120.0K->4096.0K Heap: 370.3M(1024.0M)->324.5M(1024.0M)]
 [Times: user=0.03 sys=0.00, real=0.04 secs] 
2016-12-19T23:45:55.647+0100: 21420.907: [GC pause (G1 Evacuation Pause) (young), 0.0205901 secs]
   [Parallel Time: 20.2 ms, GC Workers: 1]
      [GC Worker Start (ms):  21420907.1]
      [Ext Root Scanning (ms):  0.9]
      [Update RS (ms):  2.9]
         [Processed Buffers:  38]
      [Scan RS (ms):  4.2]
      [Code Root Scanning (ms):  0.0]
      [Object Copy (ms):  12.1]
      [Termination (ms):  0.0]
         [Termination Attempts:  1]
      [GC Worker Other (ms):  0.0]
      [GC Worker Total (ms):  20.1]
      [GC Worker End (ms):  21420927.2]
   [Code Root Fixup: 0.0 ms]
   [Code Root Purge: 0.0 ms]
   [Clear CT: 0.0 ms]
   [Other: 0.3 ms]
      [Choose CSet: 0.0 ms]
      [Ref Proc: 0.0 ms]
      [Ref Enq: 0.0 ms]
      [Redirty Cards: 0.0 ms]
      [Humongous Register: 0.0 ms]
      [Humongous Reclaim: 0.0 ms]
      [Free CSet: 0.1 ms]
   [Eden: 47.0M(47.0M)->0.0B(46.0M) Survivors: 4096.0K->5120.0K Heap: 371.5M(1024.0M)->325.5M(1024.0M)]
 [Times: user=0.02 sys=0.00, real=0.02 secs] 
2016-12-19T23:46:19.568+0100: 21444.827: [GC pause (G1 Evacuation Pause) (young), 0.0301098 secs]
   [Parallel Time: 29.7 ms, GC Workers: 1]
      [GC Worker Start (ms):  21444827.3]
      [Ext Root Scanning (ms):  1.1]
      [Update RS (ms):  2.5]
         [Processed Buffers:  39]
      [Scan RS (ms):  4.4]
      [Code Root Scanning (ms):  0.0]
      [Object Copy (ms):  21.7]
      [Termination (ms):  0.0]
         [Termination Attempts:  1]
      [GC Worker Other (ms):  0.0]
      [GC Worker Total (ms):  29.6]
      [GC Worker End (ms):  21444857.0]
   [Code Root Fixup: 0.1 ms]
   [Code Root Purge: 0.0 ms]
   [Clear CT: 0.0 ms]
   [Other: 0.3 ms]
      [Choose CSet: 0.0 ms]
      [Ref Proc: 0.0 ms]
      [Ref Enq: 0.0 ms]
      [Redirty Cards: 0.0 ms]
      [Humongous Register: 0.0 ms]
      [Humongous Reclaim: 0.0 ms]
      [Free CSet: 0.1 ms]
   [Eden: 46.0M(46.0M)->0.0B(47.0M) Survivors: 5120.0K->4096.0K Heap: 371.5M(1024.0M)->325.9M(1024.0M)]
 [Times: user=0.02 sys=0.00, real=0.03 secs] 
2016-12-19T23:46:43.566+0100: 21468.826: [GC pause (G1 Evacuation Pause) (young), 0.0311687 secs]
   [Parallel Time: 30.5 ms, GC Workers: 1]
      [GC Worker Start (ms):  21468826.2]
      [Ext Root Scanning (ms):  1.7]
      [Update RS (ms):  6.3]
         [Processed Buffers:  39]
      [Scan RS (ms):  5.5]
      [Code Root Scanning (ms):  0.0]
      [Object Copy (ms):  16.9]
      [Termination (ms):  0.0]
         [Termination Attempts:  1]
      [GC Worker Other (ms):  0.0]
      [GC Worker Total (ms):  30.5]
      [GC Worker End (ms):  21468856.7]
   [Code Root Fixup: 0.1 ms]
   [Code Root Purge: 0.0 ms]
   [Clear CT: 0.1 ms]
   [Other: 0.6 ms]
      [Choose CSet: 0.0 ms]
      [Ref Proc: 0.0 ms]
      [Ref Enq: 0.0 ms]
      [Redirty Cards: 0.0 ms]
      [Humongous Register: 0.1 ms]
      [Humongous Reclaim: 0.0 ms]
      [Free CSet: 0.1 ms]
   [Eden: 47.0M(47.0M)->0.0B(45.0M) Survivors: 4096.0K->6144.0K Heap: 372.9M(1024.0M)->327.4M(1024.0M)]
 [Times: user=0.02 sys=0.00, real=0.03 secs] 
2016-12-19T23:47:06.682+0100: 21491.941: [GC pause (G1 Evacuation Pause) (young), 0.0728473 secs]
   [Parallel Time: 72.0 ms, GC Workers: 1]
      [GC Worker Start (ms):  21491941.5]
      [Ext Root Scanning (ms):  1.2]
      [Update RS (ms):  4.2]
         [Processed Buffers:  37]
      [Scan RS (ms):  9.4]
      [Code Root Scanning (ms):  0.0]
      [Object Copy (ms):  57.1]
      [Termination (ms):  0.0]
         [Termination Attempts:  1]
      [GC Worker Other (ms):  0.0]
      [GC Worker Total (ms):  72.0]
      [GC Worker End (ms):  21492013.4]
   [Code Root Fixup: 0.1 ms]
   [Code Root Purge: 0.0 ms]
   [Clear CT: 0.2 ms]
   [Other: 0.6 ms]
      [Choose CSet: 0.0 ms]
      [Ref Proc: 0.1 ms]
      [Ref Enq: 0.0 ms]
      [Redirty Cards: 0.1 ms]
      [Humongous Register: 0.0 ms]
      [Humongous Reclaim: 0.1 ms]
      [Free CSet: 0.1 ms]
   [Eden: 45.0M(45.0M)->0.0B(47.0M) Survivors: 6144.0K->4096.0K Heap: 372.4M(1024.0M)->327.2M(1024.0M)]
 [Times: user=0.04 sys=0.00, real=0.08 secs] 
2016-12-19T23:47:30.901+0100: 21516.160: [GC pause (G1 Evacuation Pause) (young), 0.0217606 secs]
   [Parallel Time: 21.3 ms, GC Workers: 1]
      [GC Worker Start (ms):  21516160.6]
      [Ext Root Scanning (ms):  1.2]
      [Update RS (ms):  2.6]
         [Processed Buffers:  39]
      [Scan RS (ms):  5.2]
      [Code Root Scanning (ms):  0.0]
      [Object Copy (ms):  12.2]
      [Termination (ms):  0.0]
         [Termination Attempts:  1]
      [GC Worker Other (ms):  0.0]
      [GC Worker Total (ms):  21.3]
      [GC Worker End (ms):  21516181.9]
   [Code Root Fixup: 0.0 ms]
   [Code Root Purge: 0.0 ms]
   [Clear CT: 0.0 ms]
   [Other: 0.4 ms]
      [Choose CSet: 0.0 ms]
      [Ref Proc: 0.0 ms]
      [Ref Enq: 0.0 ms]
      [Redirty Cards: 0.0 ms]
      [Humongous Register: 0.0 ms]
      [Humongous Reclaim: 0.0 ms]
      [Free CSet: 0.1 ms]
   [Eden: 47.0M(47.0M)->0.0B(45.0M) Survivors: 4096.0K->6144.0K Heap: 374.2M(1024.0M)->328.7M(1024.0M)]
 [Times: user=0.02 sys=0.00, real=0.02 secs] 
2016-12-19T23:47:53.986+0100: 21539.246: [GC pause (G1 Evacuation Pause) (young), 0.0257621 secs]
   [Parallel Time: 25.2 ms, GC Workers: 1]
      [GC Worker Start (ms):  21539246.0]
      [Ext Root Scanning (ms):  1.5]
      [Update RS (ms):  5.0]
         [Processed Buffers:  38]
      [Scan RS (ms):  5.0]
      [Code Root Scanning (ms):  0.0]
      [Object Copy (ms):  13.6]
      [Termination (ms):  0.0]
         [Termination Attempts:  1]
      [GC Worker Other (ms):  0.0]
      [GC Worker Total (ms):  25.1]
      [GC Worker End (ms):  21539271.1]
   [Code Root Fixup: 0.1 ms]
   [Code Root Purge: 0.0 ms]
   [Clear CT: 0.0 ms]
   [Other: 0.5 ms]
      [Choose CSet: 0.0 ms]
      [Ref Proc: 0.0 ms]
      [Ref Enq: 0.0 ms]
      [Redirty Cards: 0.0 ms]
      [Humongous Register: 0.1 ms]
      [Humongous Reclaim: 0.0 ms]
      [Free CSet: 0.1 ms]
   [Eden: 45.0M(45.0M)->0.0B(47.0M) Survivors: 6144.0K->4096.0K Heap: 373.7M(1024.0M)->328.5M(1024.0M)]
 [Times: user=0.02 sys=0.00, real=0.03 secs] 
2016-12-19T23:48:19.857+0100: 21565.116: [GC pause (G1 Evacuation Pause) (young), 0.0528296 secs]
   [Parallel Time: 52.0 ms, GC Workers: 1]
      [GC Worker Start (ms):  21565116.6]
      [Ext Root Scanning (ms):  1.7]
      [Update RS (ms):  7.2]
         [Processed Buffers:  40]
      [Scan RS (ms):  10.6]
      [Code Root Scanning (ms):  0.0]
      [Object Copy (ms):  32.3]
      [Termination (ms):  0.0]
         [Termination Attempts:  1]
      [GC Worker Other (ms):  0.0]
      [GC Worker Total (ms):  51.9]
      [GC Worker End (ms):  21565168.5]
   [Code Root Fixup: 0.1 ms]
   [Code Root Purge: 0.0 ms]
   [Clear CT: 0.1 ms]
   [Other: 0.7 ms]
      [Choose CSet: 0.0 ms]
      [Ref Proc: 0.1 ms]
      [Ref Enq: 0.0 ms]
      [Redirty Cards: 0.1 ms]
      [Humongous Register: 0.1 ms]
      [Humongous Reclaim: 0.1 ms]
      [Free CSet: 0.1 ms]
   [Eden: 47.0M(47.0M)->0.0B(45.0M) Survivors: 4096.0K->6144.0K Heap: 375.5M(1024.0M)->330.0M(1024.0M)]
 [Times: user=0.05 sys=0.00, real=0.05 secs] 
2016-12-19T23:48:44.788+0100: 21590.048: [GC pause (G1 Evacuation Pause) (young), 0.0400448 secs]
   [Parallel Time: 39.3 ms, GC Workers: 1]
      [GC Worker Start (ms):  21590048.1]
      [Ext Root Scanning (ms):  7.3]
      [Update RS (ms):  6.2]
         [Processed Buffers:  38]
      [Scan RS (ms):  5.9]
      [Code Root Scanning (ms):  0.0]
      [Object Copy (ms):  19.8]
      [Termination (ms):  0.0]
         [Termination Attempts:  1]
      [GC Worker Other (ms):  0.0]
      [GC Worker Total (ms):  39.2]
      [GC Worker End (ms):  21590087.3]
   [Code Root Fixup: 0.0 ms]
   [Code Root Purge: 0.0 ms]
   [Clear CT: 0.1 ms]
   [Other: 0.7 ms]
      [Choose CSet: 0.0 ms]
      [Ref Proc: 0.0 ms]
      [Ref Enq: 0.0 ms]
      [Redirty Cards: 0.1 ms]
      [Humongous Register: 0.1 ms]
      [Humongous Reclaim: 0.2 ms]
      [Free CSet: 0.1 ms]
   [Eden: 45.0M(45.0M)->0.0B(47.0M) Survivors: 6144.0K->4096.0K Heap: 375.0M(1024.0M)->330.0M(1024.0M)]
 [Times: user=0.04 sys=0.00, real=0.04 secs] 
2016-12-19T23:49:09.047+0100: 21614.307: [GC pause (G1 Evacuation Pause) (young), 0.0326068 secs]
   [Parallel Time: 31.4 ms, GC Workers: 1]
      [GC Worker Start (ms):  21614307.9]
      [Ext Root Scanning (ms):  4.4]
      [Update RS (ms):  6.8]
         [Processed Buffers:  42]
      [Scan RS (ms):  5.4]
      [Code Root Scanning (ms):  0.0]
      [Object Copy (ms):  14.8]
      [Termination (ms):  0.0]
         [Termination Attempts:  1]
      [GC Worker Other (ms):  0.0]
      [GC Worker Total (ms):  31.4]
      [GC Worker End (ms):  21614339.3]
   [Code Root Fixup: 0.0 ms]
   [Code Root Purge: 0.0 ms]
   [Clear CT: 0.0 ms]
   [Other: 1.1 ms]
      [Choose CSet: 0.0 ms]
      [Ref Proc: 0.0 ms]
      [Ref Enq: 0.0 ms]
      [Redirty Cards: 0.0 ms]
      [Humongous Register: 0.2 ms]
      [Humongous Reclaim: 0.0 ms]
      [Free CSet: 0.1 ms]
   [Eden: 47.0M(47.0M)->0.0B(45.0M) Survivors: 4096.0K->6144.0K Heap: 377.0M(1024.0M)->332.5M(1024.0M)]
 [Times: user=0.02 sys=0.00, real=0.03 secs] 
2016-12-19T23:49:32.512+0100: 21637.771: [GC pause (G1 Evacuation Pause) (young), 0.0243577 secs]
   [Parallel Time: 23.8 ms, GC Workers: 1]
      [GC Worker Start (ms):  21637771.3]
      [Ext Root Scanning (ms):  2.6]
      [Update RS (ms):  2.5]
         [Processed Buffers:  34]
      [Scan RS (ms):  3.9]
      [Code Root Scanning (ms):  0.0]
      [Object Copy (ms):  14.7]
      [Termination (ms):  0.0]
         [Termination Attempts:  1]
      [GC Worker Other (ms):  0.0]
      [GC Worker Total (ms):  23.8]
      [GC Worker End (ms):  21637795.1]
   [Code Root Fixup: 0.1 ms]
   [Code Root Purge: 0.0 ms]
   [Clear CT: 0.0 ms]
   [Other: 0.4 ms]
      [Choose CSet: 0.0 ms]
      [Ref Proc: 0.0 ms]
      [Ref Enq: 0.0 ms]
      [Redirty Cards: 0.0 ms]
      [Humongous Register: 0.0 ms]
      [Humongous Reclaim: 0.0 ms]
      [Free CSet: 0.1 ms]
   [Eden: 45.0M(45.0M)->0.0B(47.0M) Survivors: 6144.0K->4096.0K Heap: 377.5M(1024.0M)->333.3M(1024.0M)]
 [Times: user=0.02 sys=0.00, real=0.02 secs] 
2016-12-19T23:49:59.484+0100: 21664.744: [GC pause (G1 Evacuation Pause) (young), 0.0363493 secs]
   [Parallel Time: 35.6 ms, GC Workers: 1]
      [GC Worker Start (ms):  21664744.3]
      [Ext Root Scanning (ms):  3.0]
      [Update RS (ms):  7.2]
         [Processed Buffers:  37]
      [Scan RS (ms):  6.3]
      [Code Root Scanning (ms):  0.0]
      [Object Copy (ms):  19.0]
      [Termination (ms):  0.0]
         [Termination Attempts:  1]
      [GC Worker Other (ms):  0.0]
      [GC Worker Total (ms):  35.5]
      [GC Worker End (ms):  21664779.9]
   [Code Root Fixup: 0.1 ms]
   [Code Root Purge: 0.0 ms]
   [Clear CT: 0.1 ms]
   [Other: 0.7 ms]
      [Choose CSet: 0.0 ms]
      [Ref Proc: 0.0 ms]
      [Ref Enq: 0.0 ms]
      [Redirty Cards: 0.0 ms]
      [Humongous Register: 0.1 ms]
      [Humongous Reclaim: 0.1 ms]
      [Free CSet: 0.1 ms]
   [Eden: 47.0M(47.0M)->0.0B(47.0M) Survivors: 4096.0K->4096.0K Heap: 380.3M(1024.0M)->332.8M(1024.0M)]
 [Times: user=0.03 sys=0.00, real=0.03 secs] 
2016-12-19T23:50:25.008+0100: 21690.267: [GC pause (G1 Evacuation Pause) (young), 0.0218412 secs]
   [Parallel Time: 21.3 ms, GC Workers: 1]
      [GC Worker Start (ms):  21690267.3]
      [Ext Root Scanning (ms):  1.2]
      [Update RS (ms):  5.2]
         [Processed Buffers:  35]
      [Scan RS (ms):  4.3]
      [Code Root Scanning (ms):  0.0]
      [Object Copy (ms):  10.4]
      [Termination (ms):  0.0]
         [Termination Attempts:  1]
      [GC Worker Other (ms):  0.0]
      [GC Worker Total (ms):  21.2]
      [GC Worker End (ms):  21690288.5]
   [Code Root Fixup: 0.1 ms]
   [Code Root Purge: 0.0 ms]
   [Clear CT: 0.0 ms]
   [Other: 0.5 ms]
      [Choose CSet: 0.0 ms]
      [Ref Proc: 0.0 ms]
      [Ref Enq: 0.0 ms]
      [Redirty Cards: 0.1 ms]
      [Humongous Register: 0.1 ms]
      [Humongous Reclaim: 0.0 ms]
      [Free CSet: 0.1 ms]
   [Eden: 47.0M(47.0M)->0.0B(46.0M) Survivors: 4096.0K->5120.0K Heap: 379.8M(1024.0M)->333.8M(1024.0M)]
 [Times: user=0.02 sys=0.00, real=0.02 secs] 
2016-12-19T23:50:48.104+0100: 21713.364: [GC pause (G1 Evacuation Pause) (young), 0.0423366 secs]
   [Parallel Time: 40.9 ms, GC Workers: 1]
      [GC Worker Start (ms):  21713364.1]
      [Ext Root Scanning (ms):  1.5]
      [Update RS (ms):  7.2]
         [Processed Buffers:  34]
      [Scan RS (ms):  8.2]
      [Code Root Scanning (ms):  0.0]
      [Object Copy (ms):  23.9]
      [Termination (ms):  0.0]
         [Termination Attempts:  1]
      [GC Worker Other (ms):  0.0]
      [GC Worker Total (ms):  40.8]
      [GC Worker End (ms):  21713404.9]
   [Code Root Fixup: 0.1 ms]
   [Code Root Purge: 0.0 ms]
   [Clear CT: 0.2 ms]
   [Other: 1.2 ms]
      [Choose CSet: 0.0 ms]
      [Ref Proc: 0.1 ms]
      [Ref Enq: 0.0 ms]
      [Redirty Cards: 0.2 ms]
      [Humongous Register: 0.1 ms]
      [Humongous Reclaim: 0.1 ms]
      [Free CSet: 0.3 ms]
   [Eden: 46.0M(46.0M)->0.0B(47.0M) Survivors: 5120.0K->4096.0K Heap: 379.8M(1024.0M)->333.5M(1024.0M)]
 [Times: user=0.04 sys=0.00, real=0.04 secs] 
2016-12-19T23:51:11.173+0100: 21736.433: [GC pause (G1 Evacuation Pause) (young), 0.0277097 secs]
   [Parallel Time: 26.8 ms, GC Workers: 1]
      [GC Worker Start (ms):  21736433.0]
      [Ext Root Scanning (ms):  1.5]
      [Update RS (ms):  4.6]
         [Processed Buffers:  36]
      [Scan RS (ms):  5.2]
      [Code Root Scanning (ms):  0.0]
      [Object Copy (ms):  15.3]
      [Termination (ms):  0.0]
         [Termination Attempts:  1]
      [GC Worker Other (ms):  0.1]
      [GC Worker Total (ms):  26.7]
      [GC Worker End (ms):  21736459.7]
   [Code Root Fixup: 0.1 ms]
   [Code Root Purge: 0.0 ms]
   [Clear CT: 0.0 ms]
   [Other: 0.8 ms]
      [Choose CSet: 0.0 ms]
      [Ref Proc: 0.0 ms]
      [Ref Enq: 0.0 ms]
      [Redirty Cards: 0.0 ms]
      [Humongous Register: 0.1 ms]
      [Humongous Reclaim: 0.0 ms]
      [Free CSet: 0.1 ms]
   [Eden: 47.0M(47.0M)->0.0B(46.0M) Survivors: 4096.0K->5120.0K Heap: 380.5M(1024.0M)->334.5M(1024.0M)]
 [Times: user=0.03 sys=0.00, real=0.02 secs] 
2016-12-19T23:51:35.667+0100: 21760.927: [GC pause (G1 Evacuation Pause) (young), 0.0692447 secs]
   [Parallel Time: 67.1 ms, GC Workers: 1]
      [GC Worker Start (ms):  21760926.8]
      [Ext Root Scanning (ms):  4.1]
      [Update RS (ms):  9.6]
         [Processed Buffers:  34]
      [Scan RS (ms):  11.8]
      [Code Root Scanning (ms):  0.0]
      [Object Copy (ms):  41.5]
      [Termination (ms):  0.0]
         [Termination Attempts:  1]
      [GC Worker Other (ms):  0.0]
      [GC Worker Total (ms):  67.1]
      [GC Worker End (ms):  21760993.9]
   [Code Root Fixup: 0.2 ms]
   [Code Root Purge: 0.1 ms]
   [Clear CT: 0.1 ms]
   [Other: 1.8 ms]
      [Choose CSet: 0.0 ms]
      [Ref Proc: 0.1 ms]
      [Ref Enq: 0.0 ms]
      [Redirty Cards: 0.2 ms]
      [Humongous Register: 0.1 ms]
      [Humongous Reclaim: 0.1 ms]
      [Free CSet: 0.1 ms]
   [Eden: 46.0M(46.0M)->0.0B(47.0M) Survivors: 5120.0K->4096.0K Heap: 380.5M(1024.0M)->334.5M(1024.0M)]
 [Times: user=0.06 sys=0.00, real=0.07 secs] 
2016-12-19T23:52:01.562+0100: 21786.822: [GC pause (G1 Evacuation Pause) (young), 0.0176668 secs]
   [Parallel Time: 17.1 ms, GC Workers: 1]
      [GC Worker Start (ms):  21786822.2]
      [Ext Root Scanning (ms):  1.1]
      [Update RS (ms):  2.5]
         [Processed Buffers:  38]
      [Scan RS (ms):  2.8]
      [Code Root Scanning (ms):  0.0]
      [Object Copy (ms):  10.5]
      [Termination (ms):  0.0]
         [Termination Attempts:  1]
      [GC Worker Other (ms):  0.0]
      [GC Worker Total (ms):  17.1]
      [GC Worker End (ms):  21786839.3]
   [Code Root Fixup: 0.0 ms]
   [Code Root Purge: 0.0 ms]
   [Clear CT: 0.1 ms]
   [Other: 0.4 ms]
      [Choose CSet: 0.0 ms]
      [Ref Proc: 0.0 ms]
      [Ref Enq: 0.0 ms]
      [Redirty Cards: 0.0 ms]
      [Humongous Register: 0.0 ms]
      [Humongous Reclaim: 0.0 ms]
      [Free CSet: 0.1 ms]
   [Eden: 47.0M(47.0M)->0.0B(46.0M) Survivors: 4096.0K->5120.0K Heap: 381.5M(1024.0M)->335.5M(1024.0M)]
 [Times: user=0.02 sys=0.00, real=0.01 secs] 
2016-12-19T23:52:25.003+0100: 21810.263: [GC pause (G1 Evacuation Pause) (young), 0.0209609 secs]
   [Parallel Time: 20.3 ms, GC Workers: 1]
      [GC Worker Start (ms):  21810262.9]
      [Ext Root Scanning (ms):  1.2]
      [Update RS (ms):  3.9]
         [Processed Buffers:  34]
      [Scan RS (ms):  2.5]
      [Code Root Scanning (ms):  0.0]
      [Object Copy (ms):  12.6]
      [Termination (ms):  0.0]
         [Termination Attempts:  1]
      [GC Worker Other (ms):  0.0]
      [GC Worker Total (ms):  20.2]
      [GC Worker End (ms):  21810283.2]
   [Code Root Fixup: 0.1 ms]
   [Code Root Purge: 0.0 ms]
   [Clear CT: 0.1 ms]
   [Other: 0.5 ms]
      [Choose CSet: 0.0 ms]
      [Ref Proc: 0.1 ms]
      [Ref Enq: 0.0 ms]
      [Redirty Cards: 0.0 ms]
      [Humongous Register: 0.0 ms]
      [Humongous Reclaim: 0.0 ms]
      [Free CSet: 0.1 ms]
   [Eden: 46.0M(46.0M)->0.0B(47.0M) Survivors: 5120.0K->4096.0K Heap: 381.5M(1024.0M)->335.7M(1024.0M)]
 [Times: user=0.02 sys=0.00, real=0.02 secs] 
2016-12-19T23:52:49.047+0100: 21834.307: [GC pause (G1 Evacuation Pause) (young), 0.0436189 secs]
   [Parallel Time: 42.7 ms, GC Workers: 1]
      [GC Worker Start (ms):  21834307.2]
      [Ext Root Scanning (ms):  1.9]
      [Update RS (ms):  4.2]
         [Processed Buffers:  36]
      [Scan RS (ms):  5.8]
      [Code Root Scanning (ms):  0.0]
      [Object Copy (ms):  30.8]
      [Termination (ms):  0.0]
         [Termination Attempts:  1]
      [GC Worker Other (ms):  0.0]
      [GC Worker Total (ms):  42.7]
      [GC Worker End (ms):  21834349.9]
   [Code Root Fixup: 0.0 ms]
   [Code Root Purge: 0.0 ms]
   [Clear CT: 0.1 ms]
   [Other: 0.8 ms]
      [Choose CSet: 0.0 ms]
      [Ref Proc: 0.0 ms]
      [Ref Enq: 0.0 ms]
      [Redirty Cards: 0.0 ms]
      [Humongous Register: 0.1 ms]
      [Humongous Reclaim: 0.1 ms]
      [Free CSet: 0.2 ms]
   [Eden: 47.0M(47.0M)->0.0B(45.0M) Survivors: 4096.0K->6144.0K Heap: 382.7M(1024.0M)->337.2M(1024.0M)]
 [Times: user=0.04 sys=0.00, real=0.05 secs] 
2016-12-19T23:53:12.188+0100: 21857.448: [GC pause (G1 Evacuation Pause) (young), 0.0314783 secs]
   [Parallel Time: 31.0 ms, GC Workers: 1]
      [GC Worker Start (ms):  21857448.2]
      [Ext Root Scanning (ms):  1.4]
      [Update RS (ms):  4.2]
         [Processed Buffers:  36]
      [Scan RS (ms):  2.8]
      [Code Root Scanning (ms):  0.0]
      [Object Copy (ms):  22.6]
      [Termination (ms):  0.0]
         [Termination Attempts:  1]
      [GC Worker Other (ms):  0.0]
      [GC Worker Total (ms):  31.0]
      [GC Worker End (ms):  21857479.1]
   [Code Root Fixup: 0.0 ms]
   [Code Root Purge: 0.0 ms]
   [Clear CT: 0.0 ms]
   [Other: 0.4 ms]
      [Choose CSet: 0.0 ms]
      [Ref Proc: 0.0 ms]
      [Ref Enq: 0.0 ms]
      [Redirty Cards: 0.0 ms]
      [Humongous Register: 0.1 ms]
      [Humongous Reclaim: 0.0 ms]
      [Free CSet: 0.1 ms]
   [Eden: 45.0M(45.0M)->0.0B(47.0M) Survivors: 6144.0K->4096.0K Heap: 382.2M(1024.0M)->337.1M(1024.0M)]
 [Times: user=0.02 sys=0.01, real=0.03 secs] 
2016-12-19T23:53:36.373+0100: 21881.633: [GC pause (G1 Evacuation Pause) (young), 0.0466082 secs]
   [Parallel Time: 45.9 ms, GC Workers: 1]
      [GC Worker Start (ms):  21881633.4]
      [Ext Root Scanning (ms):  2.1]
      [Update RS (ms):  7.2]
         [Processed Buffers:  37]
      [Scan RS (ms):  9.5]
      [Code Root Scanning (ms):  0.0]
      [Object Copy (ms):  26.4]
      [Termination (ms):  0.0]
         [Termination Attempts:  1]
      [GC Worker Other (ms):  0.0]
      [GC Worker Total (ms):  45.3]
      [GC Worker End (ms):  21881678.7]
   [Code Root Fixup: 0.1 ms]
   [Code Root Purge: 0.0 ms]
   [Clear CT: 0.1 ms]
   [Other: 0.5 ms]
      [Choose CSet: 0.0 ms]
      [Ref Proc: 0.0 ms]
      [Ref Enq: 0.0 ms]
      [Redirty Cards: 0.0 ms]
      [Humongous Register: 0.1 ms]
      [Humongous Reclaim: 0.0 ms]
      [Free CSet: 0.1 ms]
   [Eden: 47.0M(47.0M)->0.0B(45.0M) Survivors: 4096.0K->6144.0K Heap: 384.1M(1024.0M)->338.6M(1024.0M)]
 [Times: user=0.05 sys=0.00, real=0.04 secs] 
2016-12-19T23:53:58.990+0100: 21904.250: [GC pause (G1 Evacuation Pause) (young), 0.0512559 secs]
   [Parallel Time: 50.6 ms, GC Workers: 1]
      [GC Worker Start (ms):  21904250.2]
      [Ext Root Scanning (ms):  1.7]
      [Update RS (ms):  3.7]
         [Processed Buffers:  39]
      [Scan RS (ms):  4.2]
      [Code Root Scanning (ms):  0.0]
      [Object Copy (ms):  41.0]
      [Termination (ms):  0.0]
         [Termination Attempts:  1]
      [GC Worker Other (ms):  0.0]
      [GC Worker Total (ms):  50.6]
      [GC Worker End (ms):  21904300.8]
   [Code Root Fixup: 0.1 ms]
   [Code Root Purge: 0.0 ms]
   [Clear CT: 0.0 ms]
   [Other: 0.5 ms]
      [Choose CSet: 0.0 ms]
      [Ref Proc: 0.0 ms]
      [Ref Enq: 0.0 ms]
      [Redirty Cards: 0.1 ms]
      [Humongous Register: 0.1 ms]
      [Humongous Reclaim: 0.0 ms]
      [Free CSet: 0.1 ms]
   [Eden: 45.0M(45.0M)->0.0B(47.0M) Survivors: 6144.0K->4096.0K Heap: 383.6M(1024.0M)->338.7M(1024.0M)]
 [Times: user=0.02 sys=0.00, real=0.04 secs] 
2016-12-19T23:54:23.495+0100: 21928.755: [GC pause (G1 Evacuation Pause) (young), 0.0271198 secs]
   [Parallel Time: 26.3 ms, GC Workers: 1]
      [GC Worker Start (ms):  21928755.2]
      [Ext Root Scanning (ms):  1.1]
      [Update RS (ms):  6.5]
         [Processed Buffers:  37]
      [Scan RS (ms):  8.7]
      [Code Root Scanning (ms):  0.0]
      [Object Copy (ms):  10.0]
      [Termination (ms):  0.0]
         [Termination Attempts:  1]
      [GC Worker Other (ms):  0.0]
      [GC Worker Total (ms):  26.3]
      [GC Worker End (ms):  21928781.5]
   [Code Root Fixup: 0.1 ms]
   [Code Root Purge: 0.0 ms]
   [Clear CT: 0.1 ms]
   [Other: 0.6 ms]
      [Choose CSet: 0.0 ms]
      [Ref Proc: 0.1 ms]
      [Ref Enq: 0.0 ms]
      [Redirty Cards: 0.0 ms]
      [Humongous Register: 0.0 ms]
      [Humongous Reclaim: 0.1 ms]
      [Free CSet: 0.1 ms]
   [Eden: 47.0M(47.0M)->0.0B(47.0M) Survivors: 4096.0K->4096.0K Heap: 385.7M(1024.0M)->339.2M(1024.0M)]
 [Times: user=0.02 sys=0.00, real=0.03 secs] 
2016-12-19T23:54:47.605+0100: 21952.864: [GC pause (G1 Evacuation Pause) (young), 0.0212660 secs]
   [Parallel Time: 20.7 ms, GC Workers: 1]
      [GC Worker Start (ms):  21952864.6]
      [Ext Root Scanning (ms):  1.5]
      [Update RS (ms):  4.1]
         [Processed Buffers:  38]
      [Scan RS (ms):  3.9]
      [Code Root Scanning (ms):  0.0]
      [Object Copy (ms):  11.1]
      [Termination (ms):  0.0]
         [Termination Attempts:  1]
      [GC Worker Other (ms):  0.0]
      [GC Worker Total (ms):  20.6]
      [GC Worker End (ms):  21952885.2]
   [Code Root Fixup: 0.0 ms]
   [Code Root Purge: 0.0 ms]
   [Clear CT: 0.0 ms]
   [Other: 0.4 ms]
      [Choose CSet: 0.0 ms]
      [Ref Proc: 0.0 ms]
      [Ref Enq: 0.0 ms]
      [Redirty Cards: 0.1 ms]
      [Humongous Register: 0.1 ms]
      [Humongous Reclaim: 0.0 ms]
      [Free CSet: 0.1 ms]
   [Eden: 47.0M(47.0M)->0.0B(46.0M) Survivors: 4096.0K->5120.0K Heap: 386.2M(1024.0M)->340.2M(1024.0M)]
 [Times: user=0.02 sys=0.00, real=0.02 secs] 
2016-12-19T23:55:11.496+0100: 21976.756: [GC pause (G1 Evacuation Pause) (young), 0.0311184 secs]
   [Parallel Time: 30.6 ms, GC Workers: 1]
      [GC Worker Start (ms):  21976755.9]
      [Ext Root Scanning (ms):  1.6]
      [Update RS (ms):  5.7]
         [Processed Buffers:  37]
      [Scan RS (ms):  4.9]
      [Code Root Scanning (ms):  0.0]
      [Object Copy (ms):  18.4]
      [Termination (ms):  0.0]
         [Termination Attempts:  1]
      [GC Worker Other (ms):  0.0]
      [GC Worker Total (ms):  30.5]
      [GC Worker End (ms):  21976786.4]
   [Code Root Fixup: 0.1 ms]
   [Code Root Purge: 0.0 ms]
   [Clear CT: 0.0 ms]
   [Other: 0.4 ms]
      [Choose CSet: 0.0 ms]
      [Ref Proc: 0.0 ms]
      [Ref Enq: 0.0 ms]
      [Redirty Cards: 0.0 ms]
      [Humongous Register: 0.0 ms]
      [Humongous Reclaim: 0.0 ms]
      [Free CSet: 0.1 ms]
   [Eden: 46.0M(46.0M)->0.0B(47.0M) Survivors: 5120.0K->4096.0K Heap: 386.2M(1024.0M)->340.5M(1024.0M)]
 [Times: user=0.02 sys=0.00, real=0.03 secs] 
2016-12-19T23:55:35.402+0100: 22000.661: [GC pause (G1 Evacuation Pause) (young), 0.0229455 secs]
   [Parallel Time: 22.4 ms, GC Workers: 1]
      [GC Worker Start (ms):  22000661.4]
      [Ext Root Scanning (ms):  1.3]
      [Update RS (ms):  3.4]
         [Processed Buffers:  39]
      [Scan RS (ms):  4.3]
      [Code Root Scanning (ms):  0.0]
      [Object Copy (ms):  13.4]
      [Termination (ms):  0.0]
         [Termination Attempts:  1]
      [GC Worker Other (ms):  0.0]
      [GC Worker Total (ms):  22.4]
      [GC Worker End (ms):  22000683.8]
   [Code Root Fixup: 0.1 ms]
   [Code Root Purge: 0.0 ms]
   [Clear CT: 0.1 ms]
   [Other: 0.4 ms]
      [Choose CSet: 0.0 ms]
      [Ref Proc: 0.0 ms]
      [Ref Enq: 0.0 ms]
      [Redirty Cards: 0.0 ms]
      [Humongous Register: 0.0 ms]
      [Humongous Reclaim: 0.0 ms]
      [Free CSet: 0.1 ms]
   [Eden: 47.0M(47.0M)->0.0B(46.0M) Survivors: 4096.0K->5120.0K Heap: 387.5M(1024.0M)->341.5M(1024.0M)]
 [Times: user=0.02 sys=0.00, real=0.03 secs] 
2016-12-19T23:55:59.959+0100: 22025.218: [GC pause (G1 Evacuation Pause) (young), 0.0247909 secs]
   [Parallel Time: 24.3 ms, GC Workers: 1]
      [GC Worker Start (ms):  22025218.5]
      [Ext Root Scanning (ms):  1.5]
      [Update RS (ms):  4.8]
         [Processed Buffers:  38]
      [Scan RS (ms):  4.0]
      [Code Root Scanning (ms):  0.0]
      [Object Copy (ms):  13.8]
      [Termination (ms):  0.0]
         [Termination Attempts:  1]
      [GC Worker Other (ms):  0.0]
      [GC Worker Total (ms):  24.2]
      [GC Worker End (ms):  22025242.8]
   [Code Root Fixup: 0.0 ms]
   [Code Root Purge: 0.0 ms]
   [Clear CT: 0.0 ms]
   [Other: 0.4 ms]
      [Choose CSet: 0.0 ms]
      [Ref Proc: 0.0 ms]
      [Ref Enq: 0.0 ms]
      [Redirty Cards: 0.0 ms]
      [Humongous Register: 0.1 ms]
      [Humongous Reclaim: 0.0 ms]
      [Free CSet: 0.1 ms]
   [Eden: 46.0M(46.0M)->0.0B(47.0M) Survivors: 5120.0K->4096.0K Heap: 387.5M(1024.0M)->341.9M(1024.0M)]
 [Times: user=0.02 sys=0.00, real=0.03 secs] 
2016-12-19T23:56:26.042+0100: 22051.302: [GC pause (G1 Evacuation Pause) (young), 0.0273903 secs]
   [Parallel Time: 26.8 ms, GC Workers: 1]
      [GC Worker Start (ms):  22051302.0]
      [Ext Root Scanning (ms):  1.1]
      [Update RS (ms):  3.8]
         [Processed Buffers:  39]
      [Scan RS (ms):  5.1]
      [Code Root Scanning (ms):  0.0]
      [Object Copy (ms):  16.7]
      [Termination (ms):  0.0]
         [Termination Attempts:  1]
      [GC Worker Other (ms):  0.0]
      [GC Worker Total (ms):  26.8]
      [GC Worker End (ms):  22051328.8]
   [Code Root Fixup: 0.0 ms]
   [Code Root Purge: 0.0 ms]
   [Clear CT: 0.1 ms]
   [Other: 0.4 ms]
      [Choose CSet: 0.0 ms]
      [Ref Proc: 0.0 ms]
      [Ref Enq: 0.0 ms]
      [Redirty Cards: 0.0 ms]
      [Humongous Register: 0.0 ms]
      [Humongous Reclaim: 0.0 ms]
      [Free CSet: 0.1 ms]
   [Eden: 47.0M(47.0M)->0.0B(45.0M) Survivors: 4096.0K->6144.0K Heap: 388.9M(1024.0M)->343.4M(1024.0M)]
 [Times: user=0.03 sys=0.00, real=0.03 secs] 
2016-12-19T23:56:51.494+0100: 22076.753: [GC pause (G1 Evacuation Pause) (young), 0.0253684 secs]
   [Parallel Time: 24.8 ms, GC Workers: 1]
      [GC Worker Start (ms):  22076753.8]
      [Ext Root Scanning (ms):  2.2]
      [Update RS (ms):  4.6]
         [Processed Buffers:  38]
      [Scan RS (ms):  4.6]
      [Code Root Scanning (ms):  0.0]
      [Object Copy (ms):  13.3]
      [Termination (ms):  0.0]
         [Termination Attempts:  1]
      [GC Worker Other (ms):  0.0]
      [GC Worker Total (ms):  24.6]
      [GC Worker End (ms):  22076778.4]
   [Code Root Fixup: 0.0 ms]
   [Code Root Purge: 0.0 ms]
   [Clear CT: 0.0 ms]
   [Other: 0.5 ms]
      [Choose CSet: 0.0 ms]
      [Ref Proc: 0.0 ms]
      [Ref Enq: 0.0 ms]
      [Redirty Cards: 0.0 ms]
      [Humongous Register: 0.1 ms]
      [Humongous Reclaim: 0.0 ms]
      [Free CSet: 0.1 ms]
   [Eden: 45.0M(45.0M)->0.0B(47.0M) Survivors: 6144.0K->4096.0K Heap: 388.4M(1024.0M)->343.5M(1024.0M)]
 [Times: user=0.03 sys=0.00, real=0.02 secs] 
2016-12-19T23:57:15.560+0100: 22100.819: [GC pause (G1 Evacuation Pause) (young), 0.0409684 secs]
   [Parallel Time: 39.7 ms, GC Workers: 1]
      [GC Worker Start (ms):  22100819.4]
      [Ext Root Scanning (ms):  1.7]
      [Update RS (ms):  8.8]
         [Processed Buffers:  40]
      [Scan RS (ms):  8.6]
      [Code Root Scanning (ms):  0.0]
      [Object Copy (ms):  20.5]
      [Termination (ms):  0.0]
         [Termination Attempts:  1]
      [GC Worker Other (ms):  0.0]
      [GC Worker Total (ms):  39.6]
      [GC Worker End (ms):  22100859.0]
   [Code Root Fixup: 0.1 ms]
   [Code Root Purge: 0.0 ms]
   [Clear CT: 0.2 ms]
   [Other: 1.0 ms]
      [Choose CSet: 0.0 ms]
      [Ref Proc: 0.1 ms]
      [Ref Enq: 0.0 ms]
      [Redirty Cards: 0.2 ms]
      [Humongous Register: 0.1 ms]
      [Humongous Reclaim: 0.1 ms]
      [Free CSet: 0.1 ms]
   [Eden: 47.0M(47.0M)->0.0B(45.0M) Survivors: 4096.0K->6144.0K Heap: 390.5M(1024.0M)->345.0M(1024.0M)]
 [Times: user=0.04 sys=0.00, real=0.04 secs] 
2016-12-19T23:57:37.653+0100: 22122.913: [GC pause (G1 Evacuation Pause) (young), 0.0230554 secs]
   [Parallel Time: 21.6 ms, GC Workers: 1]
      [GC Worker Start (ms):  22122913.4]
      [Ext Root Scanning (ms):  2.8]
      [Update RS (ms):  2.4]
         [Processed Buffers:  38]
      [Scan RS (ms):  4.1]
      [Code Root Scanning (ms):  0.0]
      [Object Copy (ms):  12.2]
      [Termination (ms):  0.0]
         [Termination Attempts:  1]
      [GC Worker Other (ms):  0.0]
      [GC Worker Total (ms):  21.6]
      [GC Worker End (ms):  22122935.0]
   [Code Root Fixup: 0.0 ms]
   [Code Root Purge: 0.0 ms]
   [Clear CT: 0.1 ms]
   [Other: 1.3 ms]
      [Choose CSet: 0.0 ms]
      [Ref Proc: 0.0 ms]
      [Ref Enq: 0.0 ms]
      [Redirty Cards: 0.0 ms]
      [Humongous Register: 0.0 ms]
      [Humongous Reclaim: 0.0 ms]
      [Free CSet: 0.1 ms]
   [Eden: 45.0M(45.0M)->0.0B(47.0M) Survivors: 6144.0K->4096.0K Heap: 390.0M(1024.0M)->344.7M(1024.0M)]
 [Times: user=0.02 sys=0.00, real=0.02 secs] 
2016-12-19T23:58:01.089+0100: 22146.348: [GC pause (G1 Evacuation Pause) (young), 0.0325105 secs]
   [Parallel Time: 31.6 ms, GC Workers: 1]
      [GC Worker Start (ms):  22146348.4]
      [Ext Root Scanning (ms):  2.7]
      [Update RS (ms):  6.9]
         [Processed Buffers:  38]
      [Scan RS (ms):  4.9]
      [Code Root Scanning (ms):  0.0]
      [Object Copy (ms):  17.0]
      [Termination (ms):  0.0]
         [Termination Attempts:  1]
      [GC Worker Other (ms):  0.0]
      [GC Worker Total (ms):  31.6]
      [GC Worker End (ms):  22146380.0]
   [Code Root Fixup: 0.1 ms]
   [Code Root Purge: 0.0 ms]
   [Clear CT: 0.1 ms]
   [Other: 0.8 ms]
      [Choose CSet: 0.0 ms]
      [Ref Proc: 0.0 ms]
      [Ref Enq: 0.0 ms]
      [Redirty Cards: 0.2 ms]
      [Humongous Register: 0.0 ms]
      [Humongous Reclaim: 0.1 ms]
      [Free CSet: 0.1 ms]
   [Eden: 47.0M(47.0M)->0.0B(45.0M) Survivors: 4096.0K->6144.0K Heap: 391.7M(1024.0M)->346.2M(1024.0M)]
 [Times: user=0.02 sys=0.00, real=0.03 secs] 
2016-12-19T23:58:24.113+0100: 22169.372: [GC pause (G1 Evacuation Pause) (young), 0.0291686 secs]
   [Parallel Time: 28.7 ms, GC Workers: 1]
      [GC Worker Start (ms):  22169372.5]
      [Ext Root Scanning (ms):  1.7]
      [Update RS (ms):  6.0]
         [Processed Buffers:  37]
      [Scan RS (ms):  6.2]
      [Code Root Scanning (ms):  0.0]
      [Object Copy (ms):  14.8]
      [Termination (ms):  0.0]
         [Termination Attempts:  1]
      [GC Worker Other (ms):  0.0]
      [GC Worker Total (ms):  28.6]
      [GC Worker End (ms):  22169401.2]
   [Code Root Fixup: 0.0 ms]
   [Code Root Purge: 0.0 ms]
   [Clear CT: 0.0 ms]
   [Other: 0.4 ms]
      [Choose CSet: 0.0 ms]
      [Ref Proc: 0.0 ms]
      [Ref Enq: 0.0 ms]
      [Redirty Cards: 0.0 ms]
      [Humongous Register: 0.0 ms]
      [Humongous Reclaim: 0.0 ms]
      [Free CSet: 0.1 ms]
   [Eden: 45.0M(45.0M)->0.0B(47.0M) Survivors: 6144.0K->4096.0K Heap: 391.2M(1024.0M)->346.2M(1024.0M)]
 [Times: user=0.03 sys=0.00, real=0.02 secs] 
2016-12-19T23:58:48.346+0100: 22193.606: [GC pause (G1 Evacuation Pause) (young), 0.0210177 secs]
   [Parallel Time: 20.4 ms, GC Workers: 1]
      [GC Worker Start (ms):  22193605.9]
      [Ext Root Scanning (ms):  1.7]
      [Update RS (ms):  2.7]
         [Processed Buffers:  39]
      [Scan RS (ms):  4.8]
      [Code Root Scanning (ms):  0.0]
      [Object Copy (ms):  11.1]
      [Termination (ms):  0.0]
         [Termination Attempts:  1]
      [GC Worker Other (ms):  0.0]
      [GC Worker Total (ms):  20.3]
      [GC Worker End (ms):  22193626.2]
   [Code Root Fixup: 0.1 ms]
   [Code Root Purge: 0.0 ms]
   [Clear CT: 0.0 ms]
   [Other: 0.6 ms]
      [Choose CSet: 0.0 ms]
      [Ref Proc: 0.0 ms]
      [Ref Enq: 0.0 ms]
      [Redirty Cards: 0.0 ms]
      [Humongous Register: 0.2 ms]
      [Humongous Reclaim: 0.0 ms]
      [Free CSet: 0.1 ms]
   [Eden: 47.0M(47.0M)->0.0B(46.0M) Survivors: 4096.0K->5120.0K Heap: 393.2M(1024.0M)->347.7M(1024.0M)]
 [Times: user=0.02 sys=0.00, real=0.02 secs] 
2016-12-19T23:59:12.882+0100: 22218.141: [GC pause (G1 Evacuation Pause) (young), 0.0208849 secs]
   [Parallel Time: 20.4 ms, GC Workers: 1]
      [GC Worker Start (ms):  22218141.3]
      [Ext Root Scanning (ms):  0.9]
      [Update RS (ms):  2.6]
         [Processed Buffers:  40]
      [Scan RS (ms):  5.2]
      [Code Root Scanning (ms):  0.0]
      [Object Copy (ms):  11.6]
      [Termination (ms):  0.0]
         [Termination Attempts:  1]
      [GC Worker Other (ms):  0.0]
      [GC Worker Total (ms):  20.3]
      [GC Worker End (ms):  22218161.7]
   [Code Root Fixup: 0.0 ms]
   [Code Root Purge: 0.0 ms]
   [Clear CT: 0.0 ms]
   [Other: 0.4 ms]
      [Choose CSet: 0.0 ms]
      [Ref Proc: 0.0 ms]
      [Ref Enq: 0.0 ms]
      [Redirty Cards: 0.0 ms]
      [Humongous Register: 0.0 ms]
      [Humongous Reclaim: 0.0 ms]
      [Free CSet: 0.1 ms]
   [Eden: 46.0M(46.0M)->0.0B(47.0M) Survivors: 5120.0K->4096.0K Heap: 393.7M(1024.0M)->348.7M(1024.0M)]
 [Times: user=0.02 sys=0.00, real=0.03 secs] 
2016-12-19T23:59:38.014+0100: 22243.274: [GC pause (G1 Evacuation Pause) (young), 0.0176777 secs]
   [Parallel Time: 17.2 ms, GC Workers: 1]
      [GC Worker Start (ms):  22243274.7]
      [Ext Root Scanning (ms):  1.1]
      [Update RS (ms):  2.4]
         [Processed Buffers:  38]
      [Scan RS (ms):  4.9]
      [Code Root Scanning (ms):  0.0]
      [Object Copy (ms):  8.3]
      [Termination (ms):  0.0]
         [Termination Attempts:  1]
      [GC Worker Other (ms):  0.0]
      [GC Worker Total (ms):  16.6]
      [GC Worker End (ms):  22243291.3]
   [Code Root Fixup: 0.1 ms]
   [Code Root Purge: 0.0 ms]
   [Clear CT: 0.0 ms]
   [Other: 0.4 ms]
      [Choose CSet: 0.0 ms]
      [Ref Proc: 0.0 ms]
      [Ref Enq: 0.0 ms]
      [Redirty Cards: 0.0 ms]
      [Humongous Register: 0.0 ms]
      [Humongous Reclaim: 0.0 ms]
      [Free CSet: 0.1 ms]
   [Eden: 47.0M(47.0M)->0.0B(47.0M) Survivors: 4096.0K->4096.0K Heap: 395.7M(1024.0M)->348.7M(1024.0M)]
 [Times: user=0.02 sys=0.00, real=0.02 secs] 
2016-12-20T00:00:03.156+0100: 22268.415: [GC pause (G1 Evacuation Pause) (young), 0.0805392 secs]
   [Parallel Time: 79.8 ms, GC Workers: 1]
      [GC Worker Start (ms):  22268415.6]
      [Ext Root Scanning (ms):  6.0]
      [Update RS (ms):  18.4]
         [Processed Buffers:  39]
      [Scan RS (ms):  20.1]
      [Code Root Scanning (ms):  0.0]
      [Object Copy (ms):  35.2]
      [Termination (ms):  0.0]
         [Termination Attempts:  1]
      [GC Worker Other (ms):  0.0]
      [GC Worker Total (ms):  79.7]
      [GC Worker End (ms):  22268495.3]
   [Code Root Fixup: 0.1 ms]
   [Code Root Purge: 0.0 ms]
   [Clear CT: 0.1 ms]
   [Other: 0.6 ms]
      [Choose CSet: 0.0 ms]
      [Ref Proc: 0.1 ms]
      [Ref Enq: 0.0 ms]
      [Redirty Cards: 0.0 ms]
      [Humongous Register: 0.1 ms]
      [Humongous Reclaim: 0.0 ms]
      [Free CSet: 0.1 ms]
   [Eden: 47.0M(47.0M)->0.0B(46.0M) Survivors: 4096.0K->5120.0K Heap: 395.7M(1024.0M)->349.7M(1024.0M)]
 [Times: user=0.08 sys=0.00, real=0.08 secs] 
2016-12-20T00:00:28.798+0100: 22294.057: [GC pause (G1 Evacuation Pause) (young), 0.0259590 secs]
   [Parallel Time: 25.3 ms, GC Workers: 1]
      [GC Worker Start (ms):  22294057.5]
      [Ext Root Scanning (ms):  1.7]
      [Update RS (ms):  3.3]
         [Processed Buffers:  39]
      [Scan RS (ms):  5.6]
      [Code Root Scanning (ms):  0.0]
      [Object Copy (ms):  14.6]
      [Termination (ms):  0.0]
         [Termination Attempts:  1]
      [GC Worker Other (ms):  0.0]
      [GC Worker Total (ms):  25.2]
      [GC Worker End (ms):  22294082.7]
   [Code Root Fixup: 0.1 ms]
   [Code Root Purge: 0.0 ms]
   [Clear CT: 0.1 ms]
   [Other: 0.5 ms]
      [Choose CSet: 0.0 ms]
      [Ref Proc: 0.0 ms]
      [Ref Enq: 0.0 ms]
      [Redirty Cards: 0.1 ms]
      [Humongous Register: 0.1 ms]
      [Humongous Reclaim: 0.0 ms]
      [Free CSet: 0.1 ms]
   [Eden: 46.0M(46.0M)->0.0B(47.0M) Survivors: 5120.0K->4096.0K Heap: 395.7M(1024.0M)->349.9M(1024.0M)]
 [Times: user=0.03 sys=0.00, real=0.03 secs] 
2016-12-20T00:00:55.618+0100: 22320.877: [GC pause (G1 Evacuation Pause) (young), 0.0200713 secs]
   [Parallel Time: 19.6 ms, GC Workers: 1]
      [GC Worker Start (ms):  22320877.6]
      [Ext Root Scanning (ms):  1.0]
      [Update RS (ms):  2.7]
         [Processed Buffers:  37]
      [Scan RS (ms):  4.3]
      [Code Root Scanning (ms):  0.0]
      [Object Copy (ms):  11.5]
      [Termination (ms):  0.0]
         [Termination Attempts:  1]
      [GC Worker Other (ms):  0.0]
      [GC Worker Total (ms):  19.6]
      [GC Worker End (ms):  22320897.2]
   [Code Root Fixup: 0.1 ms]
   [Code Root Purge: 0.0 ms]
   [Clear CT: 0.1 ms]
   [Other: 0.3 ms]
      [Choose CSet: 0.0 ms]
      [Ref Proc: 0.0 ms]
      [Ref Enq: 0.0 ms]
      [Redirty Cards: 0.0 ms]
      [Humongous Register: 0.0 ms]
      [Humongous Reclaim: 0.0 ms]
      [Free CSet: 0.1 ms]
   [Eden: 47.0M(47.0M)->0.0B(46.0M) Survivors: 4096.0K->5120.0K Heap: 396.9M(1024.0M)->350.9M(1024.0M)]
 [Times: user=0.02 sys=0.00, real=0.02 secs] 
2016-12-20T00:01:19.992+0100: 22345.251: [GC pause (G1 Evacuation Pause) (young), 0.0251039 secs]
   [Parallel Time: 24.5 ms, GC Workers: 1]
      [GC Worker Start (ms):  22345251.4]
      [Ext Root Scanning (ms):  2.8]
      [Update RS (ms):  3.6]
         [Processed Buffers:  39]
      [Scan RS (ms):  5.7]
      [Code Root Scanning (ms):  0.0]
      [Object Copy (ms):  12.3]
      [Termination (ms):  0.0]
         [Termination Attempts:  1]
      [GC Worker Other (ms):  0.0]
      [GC Worker Total (ms):  24.5]
      [GC Worker End (ms):  22345275.8]
   [Code Root Fixup: 0.1 ms]
   [Code Root Purge: 0.0 ms]
   [Clear CT: 0.1 ms]
   [Other: 0.5 ms]
      [Choose CSet: 0.0 ms]
      [Ref Proc: 0.0 ms]
      [Ref Enq: 0.0 ms]
      [Redirty Cards: 0.0 ms]
      [Humongous Register: 0.1 ms]
      [Humongous Reclaim: 0.0 ms]
      [Free CSet: 0.1 ms]
   [Eden: 46.0M(46.0M)->0.0B(47.0M) Survivors: 5120.0K->4096.0K Heap: 396.9M(1024.0M)->351.4M(1024.0M)]
 [Times: user=0.02 sys=0.00, real=0.02 secs] 
2016-12-20T00:01:44.910+0100: 22370.170: [GC pause (G1 Evacuation Pause) (young), 0.0201824 secs]
   [Parallel Time: 19.6 ms, GC Workers: 1]
      [GC Worker Start (ms):  22370170.2]
      [Ext Root Scanning (ms):  1.0]
      [Update RS (ms):  2.6]
         [Processed Buffers:  39]
      [Scan RS (ms):  4.7]
      [Code Root Scanning (ms):  0.0]
      [Object Copy (ms):  11.3]
      [Termination (ms):  0.0]
         [Termination Attempts:  1]
      [GC Worker Other (ms):  0.0]
      [GC Worker Total (ms):  19.6]
      [GC Worker End (ms):  22370189.8]
   [Code Root Fixup: 0.0 ms]
   [Code Root Purge: 0.0 ms]
   [Clear CT: 0.1 ms]
   [Other: 0.5 ms]
      [Choose CSet: 0.0 ms]
      [Ref Proc: 0.0 ms]
      [Ref Enq: 0.0 ms]
      [Redirty Cards: 0.0 ms]
      [Humongous Register: 0.1 ms]
      [Humongous Reclaim: 0.0 ms]
      [Free CSet: 0.1 ms]
   [Eden: 47.0M(47.0M)->0.0B(45.0M) Survivors: 4096.0K->6144.0K Heap: 398.4M(1024.0M)->352.9M(1024.0M)]
 [Times: user=0.02 sys=0.00, real=0.02 secs] 
2016-12-20T00:02:08.972+0100: 22394.232: [GC pause (G1 Evacuation Pause) (young), 0.0218362 secs]
   [Parallel Time: 20.5 ms, GC Workers: 1]
      [GC Worker Start (ms):  22394232.6]
      [Ext Root Scanning (ms):  1.3]
      [Update RS (ms):  2.4]
         [Processed Buffers:  39]
      [Scan RS (ms):  4.3]
      [Code Root Scanning (ms):  0.0]
      [Object Copy (ms):  12.4]
      [Termination (ms):  0.0]
         [Termination Attempts:  1]
      [GC Worker Other (ms):  0.0]
      [GC Worker Total (ms):  20.5]
      [GC Worker End (ms):  22394253.1]
   [Code Root Fixup: 0.0 ms]
   [Code Root Purge: 0.0 ms]
   [Clear CT: 0.0 ms]
   [Other: 1.2 ms]
      [Choose CSet: 0.0 ms]
      [Ref Proc: 0.0 ms]
      [Ref Enq: 0.0 ms]
      [Redirty Cards: 0.0 ms]
      [Humongous Register: 0.1 ms]
      [Humongous Reclaim: 0.0 ms]
      [Free CSet: 0.1 ms]
   [Eden: 45.0M(45.0M)->0.0B(47.0M) Survivors: 6144.0K->4096.0K Heap: 397.9M(1024.0M)->352.7M(1024.0M)]
 [Times: user=0.02 sys=0.00, real=0.02 secs] 
2016-12-20T00:02:33.491+0100: 22418.751: [GC pause (G1 Evacuation Pause) (young), 0.0240575 secs]
   [Parallel Time: 23.4 ms, GC Workers: 1]
      [GC Worker Start (ms):  22418751.0]
      [Ext Root Scanning (ms):  1.7]
      [Update RS (ms):  3.3]
         [Processed Buffers:  37]
      [Scan RS (ms):  5.0]
      [Code Root Scanning (ms):  0.0]
      [Object Copy (ms):  13.3]
      [Termination (ms):  0.0]
         [Termination Attempts:  1]
      [GC Worker Other (ms):  0.0]
      [GC Worker Total (ms):  23.4]
      [GC Worker End (ms):  22418774.4]
   [Code Root Fixup: 0.1 ms]
   [Code Root Purge: 0.0 ms]
   [Clear CT: 0.1 ms]
   [Other: 0.5 ms]
      [Choose CSet: 0.0 ms]
      [Ref Proc: 0.0 ms]
      [Ref Enq: 0.0 ms]
      [Redirty Cards: 0.0 ms]
      [Humongous Register: 0.1 ms]
      [Humongous Reclaim: 0.0 ms]
      [Free CSet: 0.1 ms]
   [Eden: 47.0M(47.0M)->0.0B(45.0M) Survivors: 4096.0K->6144.0K Heap: 399.7M(1024.0M)->354.2M(1024.0M)]
 [Times: user=0.02 sys=0.00, real=0.02 secs] 
2016-12-20T00:02:58.053+0100: 22443.313: [GC pause (G1 Evacuation Pause) (young), 0.0317400 secs]
   [Parallel Time: 31.2 ms, GC Workers: 1]
      [GC Worker Start (ms):  22443312.9]
      [Ext Root Scanning (ms):  1.7]
      [Update RS (ms):  5.2]
         [Processed Buffers:  38]
      [Scan RS (ms):  7.0]
      [Code Root Scanning (ms):  0.0]
      [Object Copy (ms):  17.2]
      [Termination (ms):  0.0]
         [Termination Attempts:  1]
      [GC Worker Other (ms):  0.0]
      [GC Worker Total (ms):  31.2]
      [GC Worker End (ms):  22443344.1]
   [Code Root Fixup: 0.0 ms]
   [Code Root Purge: 0.0 ms]
   [Clear CT: 0.1 ms]
   [Other: 0.4 ms]
      [Choose CSet: 0.0 ms]
      [Ref Proc: 0.0 ms]
      [Ref Enq: 0.0 ms]
      [Redirty Cards: 0.0 ms]
      [Humongous Register: 0.1 ms]
      [Humongous Reclaim: 0.0 ms]
      [Free CSet: 0.1 ms]
   [Eden: 45.0M(45.0M)->0.0B(47.0M) Survivors: 6144.0K->4096.0K Heap: 399.2M(1024.0M)->354.2M(1024.0M)]
 [Times: user=0.04 sys=0.00, real=0.03 secs] 
2016-12-20T00:03:21.663+0100: 22466.923: [GC pause (G1 Evacuation Pause) (young), 0.0205654 secs]
   [Parallel Time: 19.9 ms, GC Workers: 1]
      [GC Worker Start (ms):  22466923.1]
      [Ext Root Scanning (ms):  1.1]
      [Update RS (ms):  2.4]
         [Processed Buffers:  37]
      [Scan RS (ms):  4.8]
      [Code Root Scanning (ms):  0.0]
      [Object Copy (ms):  11.6]
      [Termination (ms):  0.0]
         [Termination Attempts:  1]
      [GC Worker Other (ms):  0.0]
      [GC Worker Total (ms):  19.9]
      [GC Worker End (ms):  22466943.0]
   [Code Root Fixup: 0.1 ms]
   [Code Root Purge: 0.0 ms]
   [Clear CT: 0.1 ms]
   [Other: 0.5 ms]
      [Choose CSet: 0.0 ms]
      [Ref Proc: 0.0 ms]
      [Ref Enq: 0.0 ms]
      [Redirty Cards: 0.0 ms]
      [Humongous Register: 0.1 ms]
      [Humongous Reclaim: 0.0 ms]
      [Free CSet: 0.1 ms]
   [Eden: 47.0M(47.0M)->0.0B(45.0M) Survivors: 4096.0K->6144.0K Heap: 401.2M(1024.0M)->355.7M(1024.0M)]
 [Times: user=0.02 sys=0.00, real=0.02 secs] 
2016-12-20T00:03:44.555+0100: 22489.815: [GC pause (G1 Evacuation Pause) (young), 0.0240660 secs]
   [Parallel Time: 23.5 ms, GC Workers: 1]
      [GC Worker Start (ms):  22489815.1]
      [Ext Root Scanning (ms):  1.0]
      [Update RS (ms):  2.9]
         [Processed Buffers:  41]
      [Scan RS (ms):  6.0]
      [Code Root Scanning (ms):  0.0]
      [Object Copy (ms):  13.6]
      [Termination (ms):  0.0]
         [Termination Attempts:  1]
      [GC Worker Other (ms):  0.0]
      [GC Worker Total (ms):  23.5]
      [GC Worker End (ms):  22489838.6]
   [Code Root Fixup: 0.0 ms]
   [Code Root Purge: 0.0 ms]
   [Clear CT: 0.0 ms]
   [Other: 0.5 ms]
      [Choose CSet: 0.0 ms]
      [Ref Proc: 0.0 ms]
      [Ref Enq: 0.0 ms]
      [Redirty Cards: 0.1 ms]
      [Humongous Register: 0.0 ms]
      [Humongous Reclaim: 0.0 ms]
      [Free CSet: 0.1 ms]
   [Eden: 45.0M(45.0M)->0.0B(47.0M) Survivors: 6144.0K->4096.0K Heap: 400.7M(1024.0M)->355.7M(1024.0M)]
 [Times: user=0.02 sys=0.00, real=0.02 secs] 
2016-12-20T00:04:12.020+0100: 22517.280: [GC pause (G1 Evacuation Pause) (young), 0.0255478 secs]
   [Parallel Time: 24.8 ms, GC Workers: 1]
      [GC Worker Start (ms):  22517280.2]
      [Ext Root Scanning (ms):  1.6]
      [Update RS (ms):  6.2]
         [Processed Buffers:  40]
      [Scan RS (ms):  4.7]
      [Code Root Scanning (ms):  0.0]
      [Object Copy (ms):  12.4]
      [Termination (ms):  0.0]
         [Termination Attempts:  1]
      [GC Worker Other (ms):  0.0]
      [GC Worker Total (ms):  24.8]
      [GC Worker End (ms):  22517305.0]
   [Code Root Fixup: 0.1 ms]
   [Code Root Purge: 0.0 ms]
   [Clear CT: 0.0 ms]
   [Other: 0.6 ms]
      [Choose CSet: 0.0 ms]
      [Ref Proc: 0.0 ms]
      [Ref Enq: 0.0 ms]
      [Redirty Cards: 0.0 ms]
      [Humongous Register: 0.1 ms]
      [Humongous Reclaim: 0.0 ms]
      [Free CSet: 0.1 ms]
   [Eden: 47.0M(47.0M)->0.0B(46.0M) Survivors: 4096.0K->5120.0K Heap: 402.7M(1024.0M)->357.2M(1024.0M)]
 [Times: user=0.02 sys=0.00, real=0.03 secs] 
2016-12-20T00:04:38.273+0100: 22543.532: [GC pause (G1 Evacuation Pause) (young), 0.0260277 secs]
   [Parallel Time: 25.5 ms, GC Workers: 1]
      [GC Worker Start (ms):  22543532.4]
      [Ext Root Scanning (ms):  1.9]
      [Update RS (ms):  5.1]
         [Processed Buffers:  41]
      [Scan RS (ms):  4.8]
      [Code Root Scanning (ms):  0.0]
      [Object Copy (ms):  13.7]
      [Termination (ms):  0.0]
         [Termination Attempts:  1]
      [GC Worker Other (ms):  0.0]
      [GC Worker Total (ms):  25.5]
      [GC Worker End (ms):  22543558.0]
   [Code Root Fixup: 0.1 ms]
   [Code Root Purge: 0.0 ms]
   [Clear CT: 0.0 ms]
   [Other: 0.4 ms]
      [Choose CSet: 0.0 ms]
      [Ref Proc: 0.0 ms]
      [Ref Enq: 0.0 ms]
      [Redirty Cards: 0.0 ms]
      [Humongous Register: 0.1 ms]
      [Humongous Reclaim: 0.0 ms]
      [Free CSet: 0.1 ms]
   [Eden: 46.0M(46.0M)->0.0B(47.0M) Survivors: 5120.0K->4096.0K Heap: 403.2M(1024.0M)->357.7M(1024.0M)]
 [Times: user=0.03 sys=0.00, real=0.02 secs] 
2016-12-20T00:05:01.831+0100: 22567.091: [GC pause (G1 Evacuation Pause) (young), 0.0263661 secs]
   [Parallel Time: 25.9 ms, GC Workers: 1]
      [GC Worker Start (ms):  22567090.7]
      [Ext Root Scanning (ms):  1.1]
      [Update RS (ms):  8.1]
         [Processed Buffers:  38]
      [Scan RS (ms):  5.6]
      [Code Root Scanning (ms):  0.0]
      [Object Copy (ms):  11.0]
      [Termination (ms):  0.0]
         [Termination Attempts:  1]
      [GC Worker Other (ms):  0.0]
      [GC Worker Total (ms):  25.8]
      [GC Worker End (ms):  22567116.6]
   [Code Root Fixup: 0.0 ms]
   [Code Root Purge: 0.0 ms]
   [Clear CT: 0.0 ms]
   [Other: 0.4 ms]
      [Choose CSet: 0.0 ms]
      [Ref Proc: 0.0 ms]
      [Ref Enq: 0.0 ms]
      [Redirty Cards: 0.0 ms]
      [Humongous Register: 0.0 ms]
      [Humongous Reclaim: 0.0 ms]
      [Free CSet: 0.1 ms]
   [Eden: 47.0M(47.0M)->0.0B(47.0M) Survivors: 4096.0K->4096.0K Heap: 404.7M(1024.0M)->357.7M(1024.0M)]
 [Times: user=0.03 sys=0.00, real=0.02 secs] 
2016-12-20T00:05:26.863+0100: 22592.122: [GC pause (G1 Evacuation Pause) (young), 0.0318903 secs]
   [Parallel Time: 30.9 ms, GC Workers: 1]
      [GC Worker Start (ms):  22592122.6]
      [Ext Root Scanning (ms):  2.6]
      [Update RS (ms):  6.1]
         [Processed Buffers:  40]
      [Scan RS (ms):  5.2]
      [Code Root Scanning (ms):  0.0]
      [Object Copy (ms):  16.8]
      [Termination (ms):  0.0]
         [Termination Attempts:  1]
      [GC Worker Other (ms):  0.0]
      [GC Worker Total (ms):  30.8]
      [GC Worker End (ms):  22592153.4]
   [Code Root Fixup: 0.1 ms]
   [Code Root Purge: 0.0 ms]
   [Clear CT: 0.1 ms]
   [Other: 0.9 ms]
      [Choose CSet: 0.0 ms]
      [Ref Proc: 0.1 ms]
      [Ref Enq: 0.0 ms]
      [Redirty Cards: 0.1 ms]
      [Humongous Register: 0.1 ms]
      [Humongous Reclaim: 0.0 ms]
      [Free CSet: 0.1 ms]
   [Eden: 47.0M(47.0M)->0.0B(46.0M) Survivors: 4096.0K->5120.0K Heap: 404.7M(1024.0M)->358.7M(1024.0M)]
 [Times: user=0.03 sys=0.00, real=0.03 secs] 
2016-12-20T00:05:50.653+0100: 22615.913: [GC pause (G1 Evacuation Pause) (young), 0.0225626 secs]
   [Parallel Time: 22.1 ms, GC Workers: 1]
      [GC Worker Start (ms):  22615913.2]
      [Ext Root Scanning (ms):  1.4]
      [Update RS (ms):  3.0]
         [Processed Buffers:  38]
      [Scan RS (ms):  4.6]
      [Code Root Scanning (ms):  0.0]
      [Object Copy (ms):  13.1]
      [Termination (ms):  0.0]
         [Termination Attempts:  1]
      [GC Worker Other (ms):  0.0]
      [GC Worker Total (ms):  22.1]
      [GC Worker End (ms):  22615935.3]
   [Code Root Fixup: 0.1 ms]
   [Code Root Purge: 0.0 ms]
   [Clear CT: 0.0 ms]
   [Other: 0.4 ms]
      [Choose CSet: 0.0 ms]
      [Ref Proc: 0.0 ms]
      [Ref Enq: 0.0 ms]
      [Redirty Cards: 0.0 ms]
      [Humongous Register: 0.0 ms]
      [Humongous Reclaim: 0.0 ms]
      [Free CSet: 0.1 ms]
   [Eden: 46.0M(46.0M)->0.0B(47.0M) Survivors: 5120.0K->4096.0K Heap: 404.7M(1024.0M)->358.9M(1024.0M)]
 [Times: user=0.02 sys=0.00, real=0.02 secs] 
2016-12-20T00:06:15.292+0100: 22640.552: [GC pause (G1 Evacuation Pause) (young), 0.0559080 secs]
   [Parallel Time: 55.1 ms, GC Workers: 1]
      [GC Worker Start (ms):  22640552.4]
      [Ext Root Scanning (ms):  3.6]
      [Update RS (ms):  9.5]
         [Processed Buffers:  40]
      [Scan RS (ms):  14.3]
      [Code Root Scanning (ms):  0.0]
      [Object Copy (ms):  27.6]
      [Termination (ms):  0.0]
         [Termination Attempts:  1]
      [GC Worker Other (ms):  0.0]
      [GC Worker Total (ms):  55.0]
      [GC Worker End (ms):  22640607.4]
   [Code Root Fixup: 0.1 ms]
   [Code Root Purge: 0.0 ms]
   [Clear CT: 0.1 ms]
   [Other: 0.7 ms]
      [Choose CSet: 0.0 ms]
      [Ref Proc: 0.0 ms]
      [Ref Enq: 0.0 ms]
      [Redirty Cards: 0.0 ms]
      [Humongous Register: 0.1 ms]
      [Humongous Reclaim: 0.0 ms]
      [Free CSet: 0.1 ms]
   [Eden: 47.0M(47.0M)->0.0B(46.0M) Survivors: 4096.0K->5120.0K Heap: 405.9M(1024.0M)->359.9M(1024.0M)]
 [Times: user=0.06 sys=0.00, real=0.05 secs] 
2016-12-20T00:06:39.590+0100: 22664.849: [GC pause (G1 Evacuation Pause) (young), 0.0806297 secs]
   [Parallel Time: 79.9 ms, GC Workers: 1]
      [GC Worker Start (ms):  22664849.4]
      [Ext Root Scanning (ms):  1.5]
      [Update RS (ms):  25.7]
         [Processed Buffers:  40]
      [Scan RS (ms):  23.4]
      [Code Root Scanning (ms):  0.0]
      [Object Copy (ms):  29.3]
      [Termination (ms):  0.0]
         [Termination Attempts:  1]
      [GC Worker Other (ms):  0.0]
      [GC Worker Total (ms):  79.8]
      [GC Worker End (ms):  22664929.2]
   [Code Root Fixup: 0.1 ms]
   [Code Root Purge: 0.0 ms]
   [Clear CT: 0.1 ms]
   [Other: 0.5 ms]
      [Choose CSet: 0.0 ms]
      [Ref Proc: 0.0 ms]
      [Ref Enq: 0.0 ms]
      [Redirty Cards: 0.0 ms]
      [Humongous Register: 0.0 ms]
      [Humongous Reclaim: 0.0 ms]
      [Free CSet: 0.1 ms]
   [Eden: 46.0M(46.0M)->0.0B(47.0M) Survivors: 5120.0K->4096.0K Heap: 405.9M(1024.0M)->360.4M(1024.0M)]
 [Times: user=0.07 sys=0.00, real=0.09 secs] 
2016-12-20T00:07:04.412+0100: 22689.671: [GC pause (G1 Evacuation Pause) (young), 0.0220679 secs]
   [Parallel Time: 21.5 ms, GC Workers: 1]
      [GC Worker Start (ms):  22689671.6]
      [Ext Root Scanning (ms):  1.4]
      [Update RS (ms):  3.0]
         [Processed Buffers:  40]
      [Scan RS (ms):  4.8]
      [Code Root Scanning (ms):  0.0]
      [Object Copy (ms):  12.2]
      [Termination (ms):  0.0]
         [Termination Attempts:  1]
      [GC Worker Other (ms):  0.0]
      [GC Worker Total (ms):  21.4]
      [GC Worker End (ms):  22689693.0]
   [Code Root Fixup: 0.1 ms]
   [Code Root Purge: 0.0 ms]
   [Clear CT: 0.1 ms]
   [Other: 0.5 ms]
      [Choose CSet: 0.0 ms]
      [Ref Proc: 0.0 ms]
      [Ref Enq: 0.0 ms]
      [Redirty Cards: 0.0 ms]
      [Humongous Register: 0.0 ms]
      [Humongous Reclaim: 0.0 ms]
      [Free CSet: 0.1 ms]
   [Eden: 47.0M(47.0M)->0.0B(45.0M) Survivors: 4096.0K->6144.0K Heap: 407.4M(1024.0M)->361.9M(1024.0M)]
 [Times: user=0.02 sys=0.00, real=0.02 secs] 
2016-12-20T00:07:27.166+0100: 22712.426: [GC pause (G1 Evacuation Pause) (young), 0.0370476 secs]
   [Parallel Time: 36.2 ms, GC Workers: 1]
      [GC Worker Start (ms):  22712426.1]
      [Ext Root Scanning (ms):  1.6]
      [Update RS (ms):  3.1]
         [Processed Buffers:  40]
      [Scan RS (ms):  9.3]
      [Code Root Scanning (ms):  0.0]
      [Object Copy (ms):  22.1]
      [Termination (ms):  0.0]
         [Termination Attempts:  1]
      [GC Worker Other (ms):  0.0]
      [GC Worker Total (ms):  36.2]
      [GC Worker End (ms):  22712462.3]
   [Code Root Fixup: 0.1 ms]
   [Code Root Purge: 0.0 ms]
   [Clear CT: 0.0 ms]
   [Other: 0.7 ms]
      [Choose CSet: 0.0 ms]
      [Ref Proc: 0.0 ms]
      [Ref Enq: 0.0 ms]
      [Redirty Cards: 0.1 ms]
      [Humongous Register: 0.3 ms]
      [Humongous Reclaim: 0.0 ms]
      [Free CSet: 0.1 ms]
   [Eden: 45.0M(45.0M)->0.0B(47.0M) Survivors: 6144.0K->4096.0K Heap: 406.9M(1024.0M)->361.9M(1024.0M)]
 [Times: user=0.03 sys=0.00, real=0.04 secs] 
2016-12-20T00:07:53.364+0100: 22738.623: [GC pause (G1 Evacuation Pause) (young) (initial-mark), 0.0287346 secs]
   [Parallel Time: 28.1 ms, GC Workers: 1]
      [GC Worker Start (ms):  22738623.6]
      [Ext Root Scanning (ms):  1.8]
      [Update RS (ms):  4.6]
         [Processed Buffers:  38]
      [Scan RS (ms):  6.6]
      [Code Root Scanning (ms):  0.0]
      [Object Copy (ms):  15.0]
      [Termination (ms):  0.0]
         [Termination Attempts:  1]
      [GC Worker Other (ms):  0.0]
      [GC Worker Total (ms):  28.1]
      [GC Worker End (ms):  22738651.7]
   [Code Root Fixup: 0.1 ms]
   [Code Root Purge: 0.0 ms]
   [Clear CT: 0.0 ms]
   [Other: 0.5 ms]
      [Choose CSet: 0.0 ms]
      [Ref Proc: 0.0 ms]
      [Ref Enq: 0.0 ms]
      [Redirty Cards: 0.0 ms]
      [Humongous Register: 0.0 ms]
      [Humongous Reclaim: 0.0 ms]
      [Free CSet: 0.1 ms]
   [Eden: 47.0M(47.0M)->0.0B(45.0M) Survivors: 4096.0K->6144.0K Heap: 408.9M(1024.0M)->363.4M(1024.0M)]
 [Times: user=0.02 sys=0.00, real=0.03 secs] 
2016-12-20T00:07:53.393+0100: 22738.652: [GC concurrent-root-region-scan-start]
2016-12-20T00:07:53.414+0100: 22738.674: [GC concurrent-root-region-scan-end, 0.0218599 secs]
2016-12-20T00:07:53.414+0100: 22738.674: [GC concurrent-mark-start]
2016-12-20T00:07:53.434+0100: 22738.694: [GC concurrent-mark-end, 0.0198804 secs]
2016-12-20T00:07:53.435+0100: 22738.694: [GC remark 2016-12-20T00:07:53.435+0100: 22738.694: [Finalize Marking, 0.0010784 secs] 2016-12-20T00:07:53.436+0100: 22738.695: [GC ref-proc, 0.0001651 secs] 2016-12-20T00:07:53.436+0100: 22738.695: [Unloading, 0.0160613 secs], 0.0188019 secs]
 [Times: user=0.01 sys=0.01, real=0.02 secs] 
2016-12-20T00:07:53.454+0100: 22738.714: [GC cleanup 364M->304M(1024M), 0.0051655 secs]
 [Times: user=0.01 sys=0.00, real=0.00 secs] 
2016-12-20T00:07:53.460+0100: 22738.720: [GC concurrent-cleanup-start]
2016-12-20T00:07:53.460+0100: 22738.720: [GC concurrent-cleanup-end, 0.0001269 secs]
2016-12-20T00:08:16.899+0100: 22762.159: [GC pause (G1 Evacuation Pause) (young), 0.0238005 secs]
   [Parallel Time: 23.2 ms, GC Workers: 1]
      [GC Worker Start (ms):  22762158.9]
      [Ext Root Scanning (ms):  1.6]
      [Update RS (ms):  2.9]
         [Processed Buffers:  39]
      [Scan RS (ms):  5.0]
      [Code Root Scanning (ms):  0.0]
      [Object Copy (ms):  13.6]
      [Termination (ms):  0.0]
         [Termination Attempts:  1]
      [GC Worker Other (ms):  0.0]
      [GC Worker Total (ms):  23.2]
      [GC Worker End (ms):  22762182.1]
   [Code Root Fixup: 0.1 ms]
   [Code Root Purge: 0.0 ms]
   [Clear CT: 0.0 ms]
   [Other: 0.5 ms]
      [Choose CSet: 0.0 ms]
      [Ref Proc: 0.0 ms]
      [Ref Enq: 0.0 ms]
      [Redirty Cards: 0.0 ms]
      [Humongous Register: 0.1 ms]
      [Humongous Reclaim: 0.0 ms]
      [Free CSet: 0.1 ms]
   [Eden: 45.0M(45.0M)->0.0B(47.0M) Survivors: 6144.0K->4096.0K Heap: 348.4M(1024.0M)->303.2M(1024.0M)]
 [Times: user=0.02 sys=0.00, real=0.03 secs] 
2016-12-20T00:08:41.874+0100: 22787.134: [GC pause (G1 Evacuation Pause) (mixed), 0.0254267 secs]
   [Parallel Time: 24.6 ms, GC Workers: 1]
      [GC Worker Start (ms):  22787134.1]
      [Ext Root Scanning (ms):  1.3]
      [Update RS (ms):  4.9]
         [Processed Buffers:  40]
      [Scan RS (ms):  5.8]
      [Code Root Scanning (ms):  0.0]
      [Object Copy (ms):  12.6]
      [Termination (ms):  0.0]
         [Termination Attempts:  1]
      [GC Worker Other (ms):  0.0]
      [GC Worker Total (ms):  24.5]
      [GC Worker End (ms):  22787158.6]
   [Code Root Fixup: 0.1 ms]
   [Code Root Purge: 0.0 ms]
   [Clear CT: 0.1 ms]
   [Other: 0.7 ms]
      [Choose CSet: 0.1 ms]
      [Ref Proc: 0.0 ms]
      [Ref Enq: 0.0 ms]
      [Redirty Cards: 0.0 ms]
      [Humongous Register: 0.1 ms]
      [Humongous Reclaim: 0.0 ms]
      [Free CSet: 0.3 ms]
   [Eden: 47.0M(47.0M)->0.0B(45.0M) Survivors: 4096.0K->6144.0K Heap: 350.2M(1024.0M)->284.2M(1024.0M)]
 [Times: user=0.02 sys=0.00, real=0.02 secs] 
2016-12-20T00:09:05.486+0100: 22810.746: [GC pause (G1 Evacuation Pause) (mixed), 0.0259858 secs]
   [Parallel Time: 24.0 ms, GC Workers: 1]
      [GC Worker Start (ms):  22810747.2]
      [Ext Root Scanning (ms):  1.1]
      [Update RS (ms):  3.0]
         [Processed Buffers:  41]
      [Scan RS (ms):  6.3]
      [Code Root Scanning (ms):  0.0]
      [Object Copy (ms):  13.7]
      [Termination (ms):  0.0]
         [Termination Attempts:  1]
      [GC Worker Other (ms):  0.0]
      [GC Worker Total (ms):  24.0]
      [GC Worker End (ms):  22810771.2]
   [Code Root Fixup: 0.0 ms]
   [Code Root Purge: 0.0 ms]
   [Clear CT: 0.1 ms]
   [Other: 1.8 ms]
      [Choose CSet: 0.0 ms]
      [Ref Proc: 0.0 ms]
      [Ref Enq: 0.0 ms]
      [Redirty Cards: 0.0 ms]
      [Humongous Register: 0.0 ms]
      [Humongous Reclaim: 0.0 ms]
      [Free CSet: 0.1 ms]
   [Eden: 45.0M(45.0M)->0.0B(47.0M) Survivors: 6144.0K->4096.0K Heap: 329.2M(1024.0M)->263.2M(1024.0M)]
 [Times: user=0.02 sys=0.00, real=0.03 secs] 
2016-12-20T00:09:31.597+0100: 22836.857: [GC pause (G1 Evacuation Pause) (mixed), 0.0231897 secs]
   [Parallel Time: 22.4 ms, GC Workers: 1]
      [GC Worker Start (ms):  22836857.0]
      [Ext Root Scanning (ms):  1.8]
      [Update RS (ms):  2.4]
         [Processed Buffers:  40]
      [Scan RS (ms):  5.3]
      [Code Root Scanning (ms):  0.0]
      [Object Copy (ms):  12.8]
      [Termination (ms):  0.0]
         [Termination Attempts:  1]
      [GC Worker Other (ms):  0.0]
      [GC Worker Total (ms):  22.3]
      [GC Worker End (ms):  22836879.3]
   [Code Root Fixup: 0.0 ms]
   [Code Root Purge: 0.0 ms]
   [Clear CT: 0.2 ms]
   [Other: 0.6 ms]
      [Choose CSet: 0.0 ms]
      [Ref Proc: 0.0 ms]
      [Ref Enq: 0.0 ms]
      [Redirty Cards: 0.0 ms]
      [Humongous Register: 0.0 ms]
      [Humongous Reclaim: 0.0 ms]
      [Free CSet: 0.2 ms]
   [Eden: 47.0M(47.0M)->0.0B(45.0M) Survivors: 4096.0K->6144.0K Heap: 310.2M(1024.0M)->244.2M(1024.0M)]
 [Times: user=0.02 sys=0.00, real=0.02 secs] 
2016-12-20T00:09:56.524+0100: 22861.784: [GC pause (G1 Evacuation Pause) (mixed), 0.0262631 secs]
   [Parallel Time: 25.2 ms, GC Workers: 1]
      [GC Worker Start (ms):  22861783.8]
      [Ext Root Scanning (ms):  1.7]
      [Update RS (ms):  4.9]
         [Processed Buffers:  40]
      [Scan RS (ms):  5.9]
      [Code Root Scanning (ms):  0.0]
      [Object Copy (ms):  12.7]
      [Termination (ms):  0.0]
         [Termination Attempts:  1]
      [GC Worker Other (ms):  0.0]
      [GC Worker Total (ms):  25.2]
      [GC Worker End (ms):  22861809.0]
   [Code Root Fixup: 0.1 ms]
   [Code Root Purge: 0.0 ms]
   [Clear CT: 0.1 ms]
   [Other: 0.9 ms]
      [Choose CSet: 0.1 ms]
      [Ref Proc: 0.0 ms]
      [Ref Enq: 0.0 ms]
      [Redirty Cards: 0.2 ms]
      [Humongous Register: 0.1 ms]
      [Humongous Reclaim: 0.0 ms]
      [Free CSet: 0.2 ms]
   [Eden: 45.0M(45.0M)->0.0B(47.0M) Survivors: 6144.0K->4096.0K Heap: 289.2M(1024.0M)->223.2M(1024.0M)]
 [Times: user=0.03 sys=0.00, real=0.02 secs] 
2016-12-20T00:10:21.876+0100: 22887.136: [GC pause (G1 Evacuation Pause) (mixed), 0.0245241 secs]
   [Parallel Time: 23.4 ms, GC Workers: 1]
      [GC Worker Start (ms):  22887135.8]
      [Ext Root Scanning (ms):  1.9]
      [Update RS (ms):  3.8]
         [Processed Buffers:  39]
      [Scan RS (ms):  7.2]
      [Code Root Scanning (ms):  0.3]
      [Object Copy (ms):  10.1]
      [Termination (ms):  0.0]
         [Termination Attempts:  1]
      [GC Worker Other (ms):  0.0]
      [GC Worker Total (ms):  23.4]
      [GC Worker End (ms):  22887159.2]
   [Code Root Fixup: 0.1 ms]
   [Code Root Purge: 0.0 ms]
   [Clear CT: 0.1 ms]
   [Other: 0.9 ms]
      [Choose CSet: 0.1 ms]
      [Ref Proc: 0.0 ms]
      [Ref Enq: 0.0 ms]
      [Redirty Cards: 0.0 ms]
      [Humongous Register: 0.1 ms]
      [Humongous Reclaim: 0.0 ms]
      [Free CSet: 0.3 ms]
   [Eden: 47.0M(47.0M)->0.0B(47.0M) Survivors: 4096.0K->4096.0K Heap: 270.2M(1024.0M)->203.5M(1024.0M)]
 [Times: user=0.02 sys=0.00, real=0.02 secs] 
2016-12-20T00:10:46.178+0100: 22911.438: [GC pause (G1 Evacuation Pause) (mixed), 0.0246025 secs]
   [Parallel Time: 24.0 ms, GC Workers: 1]
      [GC Worker Start (ms):  22911438.3]
      [Ext Root Scanning (ms):  1.3]
      [Update RS (ms):  5.0]
         [Processed Buffers:  39]
      [Scan RS (ms):  5.8]
      [Code Root Scanning (ms):  0.1]
      [Object Copy (ms):  11.8]
      [Termination (ms):  0.0]
         [Termination Attempts:  1]
      [GC Worker Other (ms):  0.0]
      [GC Worker Total (ms):  24.0]
      [GC Worker End (ms):  22911462.3]
   [Code Root Fixup: 0.0 ms]
   [Code Root Purge: 0.0 ms]
   [Clear CT: 0.1 ms]
   [Other: 0.5 ms]
      [Choose CSet: 0.0 ms]
      [Ref Proc: 0.0 ms]
      [Ref Enq: 0.0 ms]
      [Redirty Cards: 0.0 ms]
      [Humongous Register: 0.0 ms]
      [Humongous Reclaim: 0.0 ms]
      [Free CSet: 0.1 ms]
   [Eden: 47.0M(47.0M)->0.0B(46.0M) Survivors: 4096.0K->5120.0K Heap: 250.5M(1024.0M)->198.9M(1024.0M)]
 [Times: user=0.02 sys=0.00, real=0.03 secs] 
2016-12-20T00:11:11.323+0100: 22936.583: [GC pause (G1 Evacuation Pause) (young), 0.0222852 secs]
   [Parallel Time: 21.8 ms, GC Workers: 1]
      [GC Worker Start (ms):  22936582.9]
      [Ext Root Scanning (ms):  1.0]
      [Update RS (ms):  3.5]
         [Processed Buffers:  39]
      [Scan RS (ms):  5.0]
      [Code Root Scanning (ms):  0.0]
      [Object Copy (ms):  12.2]
      [Termination (ms):  0.0]
         [Termination Attempts:  1]
      [GC Worker Other (ms):  0.0]
      [GC Worker Total (ms):  21.7]
      [GC Worker End (ms):  22936604.6]
   [Code Root Fixup: 0.1 ms]
   [Code Root Purge: 0.0 ms]
   [Clear CT: 0.0 ms]
   [Other: 0.4 ms]
      [Choose CSet: 0.0 ms]
      [Ref Proc: 0.1 ms]
      [Ref Enq: 0.0 ms]
      [Redirty Cards: 0.0 ms]
      [Humongous Register: 0.0 ms]
      [Humongous Reclaim: 0.0 ms]
      [Free CSet: 0.1 ms]
   [Eden: 46.0M(46.0M)->0.0B(47.0M) Survivors: 5120.0K->4096.0K Heap: 244.9M(1024.0M)->199.2M(1024.0M)]
 [Times: user=0.02 sys=0.00, real=0.02 secs] 
